sim_id	seed	popsize	selcoef	mutrate	velocity	profile
17	3559987281	5000.0	0.001	7.15285e-05	-0.051402	0.9691674065186963,0.030499260147970407,0.0003333333333333333
7	455915562	5000.0	0.001	7.15285e-05	0.989434	0.5954472705458909,0.39880767846430715,0.005744331133773245,7.198560287942411e-07
16	663844938	5000.0	0.001	7.15285e-05	0.442332	0.8986394721055789,0.0992745050989802,0.002083423315336933,2.599480103979204e-06
4	2561726497	5000.0	0.001	7.15285e-05	-0.097095	0.877054349130174,0.11974817036592682,0.00307622475504899,0.00012125574885022996
14	2303932488	5000.0	0.001	7.15285e-05	0.191724	0.9662412717456509,0.03364467106578684,0.0001131373725254949,9.198160367926415e-07
12	1859123268	5000.0	0.001	7.15285e-05	-0.180260	0.9720619076184763,0.027657348530293942,0.0002800239952009598,7.198560287942411e-07
11	1068890169	5000.0	0.001	7.15285e-05	0.437629	0.9607246150769846,0.03344715056988602,0.005314177164567086,0.0005140571885622876
13	3021209671	5000.0	0.001	7.15285e-05	0.234075	0.9654738652269547,0.034103339332133574,0.00042279544091181764
1	3522473987	5000.0	0.001	7.15285e-05	-0.253288	0.9271651669666067,0.06758344331133773,0.005246710657868426,4.679064187162567e-06
5	418402340	5000.0	0.001	7.15285e-05	0.331690	0.9521991201759648,0.04774273145370926,5.8148370325934814e-05
2	3315238917	5000.0	0.001	7.15285e-05	0.854812	0.8702430713857229,0.11268402319536093,0.016632793441311737,0.0004340331933613277,6.07878424315137e-06
19	2824624226	5000.0	0.001	7.15285e-05	0.207275	0.9531095780843831,0.045707218556288745,0.0011830433913217356,1.5996800639872026e-07
8	572579884	5000.0	0.001	7.15285e-05	-0.168675	0.9640578684263147,0.035550449910017996,0.00039168166366726655
18	3422297	5000.0	0.001	7.15285e-05	-0.041912	0.9445583683263348,0.05286378724255149,0.002396880623875225,0.00018096380723855228
3	743489545	5000.0	0.001	7.15285e-05	-0.079402	0.9799749250149971,0.01988486302739452,0.0001402119576084783
0	2749161473	5000.0	0.001	7.15285e-05	-0.409180	0.92205574885023,0.07674393121375725,0.0011974405118976206,2.8794241151769645e-06
10	186994738	5000.0	0.001	7.15285e-05	-0.118836	0.9661605678864227,0.03230865826834633,0.0014959008198360327,3.487302539492102e-05
9	1220806702	5000.0	0.001	7.15285e-05	-0.387964	0.9056862627474505,0.08995956808638272,0.0043357728454309135,1.839632073585283e-05
6	2108905513	5000.0	0.001	7.15285e-05	0.014998	0.9182395120975805,0.0812132773445311,0.0005472105578884223
15	3209869384	5000.0	0.001	7.15285e-05	0.302145	0.9064809838032394,0.08087390521895621,0.012622875424915017,2.2235552889422114e-05
20	4025610338	5000.0	0.001	7.15285e-05	-0.105550	0.9606049990001999,0.038406798640271946,0.000986482703459308,1.7196560687862428e-06
21	55152744	5000.0	0.001	7.15285e-05	-0.148888	0.9656853029394121,0.03212089582083583,0.002193401319736053,3.9992001599680065e-07
23	1626849388	5000.0	0.001	7.15285e-05	0.358780	0.9550221155768847,0.04486814637072586,0.0001097380523895221
22	2048882793	5000.0	0.001	7.15285e-05	0.107911	0.9785684863027394,0.015346610677864428,0.006083223355328934,1.6796640671865626e-06
25	674158714	5000.0	0.001	7.15285e-05	-0.222279	0.6724309138172365,0.3228223555288942,0.0047458908218356325,8.398320335932813e-07
24	61184114	5000.0	0.001	7.15285e-05	0.094233	0.9756303139372126,0.024307418516296742,6.226754649070186e-05
32	3129794709	5000.0	0.001	7.15285e-05	0.256117	0.9518983003399321,0.04754529094181164,0.0005564087182563487
37	4266823854	5000.0	0.001	7.15285e-05	-0.007329	0.9865807638472306,0.012742931413717257,0.0006762647470505899,3.9992001599680065e-08
26	1862172794	5000.0	0.001	7.15285e-05	-0.302697	0.9327449310137973,0.06702299540091981,0.0002320735852829434
29	3506374783	5000.0	0.001	7.15285e-05	0.461549	0.8762867026594681,0.1184132773445311,0.005298340331933613,1.6796640671865626e-06
38	536033459	5000.0	0.001	7.15285e-05	-0.236476	0.8921915216956608,0.10049370125974805,0.007310497900419916,4.2791441711657665e-06
30	646615172	5000.0	0.001	7.15285e-05	-0.241940	0.9571009398120376,0.04247206558688262,0.0004269546090781844,3.9992001599680065e-08
33	2575263896	5000.0	0.001	7.15285e-05	0.453865	0.9105154169166166,0.0674496700659868,0.021716376724655068,0.0003185362927414517
28	635811962	5000.0	0.001	7.15285e-05	-0.465949	0.9146131573685263,0.08408422315536893,0.0012795840831833633,2.2995400919816036e-05,3.9992001599680065e-08
27	1505974394	5000.0	0.001	7.15285e-05	0.109187	0.60665774845031,0.3747389322135573,0.018580523895220954,2.2795440911817637e-05
31	3808200836	5000.0	0.001	7.15285e-05	0.695458	0.9162854229154169,0.0827740451909618,0.0009329734053189362,7.558488302339532e-06
36	2323357860	5000.0	0.001	7.15285e-05	-0.767189	0.7798722655468906,0.21892749450109977,0.0011989602079584083,1.279744051189762e-06
34	2492039324	5000.0	0.001	7.15285e-05	0.170070	0.9483325334933014,0.051336532693461306,0.0003309338132373525
41	1295204543	5000.0	0.001	7.15285e-05	0.270335	0.9150412717456509,0.08340959808038392,0.0015490501899620077,7.998400319936013e-08
39	1523871923	5000.0	0.001	7.15285e-05	0.919138	0.7815795240951809,0.20719292141571685,0.01120359928014397,2.395520895820836e-05
35	1104076960	5000.0	0.001	7.15285e-05	0.630443	0.8894079984003199,0.10820819836032794,0.002336132773445311,4.7670465906818635e-05
40	743211193	5000.0	0.001	7.15285e-05	-0.490819	0.8926366326734653,0.10648502299540091,0.0008783443311337733
42	3817560259	5000.0	0.001	7.15285e-05	0.049555	0.9507726854629074,0.0488498700259948,0.0003624875024995001,1.4957008598280344e-05
43	2303301832	5000.0	0.001	7.15285e-05	0.350689	0.9165489302139572,0.08271941611677665,0.0007316536692661468
44	836481229	5000.0	0.001	7.15285e-05	-0.443173	0.893400399920016,0.10479028194361127,0.0018090381923615278,2.7994401119776043e-07
45	3466856657	5000.0	0.001	7.15285e-05	0.257315	0.8712551089782044,0.12654473105378924,0.0021996800639872026,4.799040191961608e-07
48	3678458074	5000.0	0.001	7.15285e-05	0.033039	0.8533997600479905,0.14323055388922215,0.00336620675864827,3.4793041391721655e-06
53	859683065	5000.0	0.001	7.15285e-05	0.300511	0.8869438912217557,0.10844607078584283,0.004605438912217557,4.599080183963207e-06
54	4263682300	5000.0	0.001	7.15285e-05	0.167517	0.9460559488102379,0.05203907218556289,0.0019046990601879624,2.7994401119776043e-07
47	1634195672	5000.0	0.001	7.15285e-05	-0.216284	0.9590032393521296,0.04005546890621876,0.00094125174965007,3.9992001599680065e-08
56	1186894086	5000.0	0.001	7.15285e-05	-0.127420	0.924453349330134,0.07249838032393521,0.0030463507298540294,1.919616076784643e-06
51	2322694393	5000.0	0.001	7.15285e-05	0.438064	0.8909792841431714,0.10247014597080584,0.006548250349930014,2.319536092781444e-06
49	2079494369	5000.0	0.001	7.15285e-05	0.049164	0.9598116776644671,0.0400753449310138,0.00011297740451909618
50	345059559	5000.0	0.001	7.15285e-05	0.043582	0.9039463707258548,0.06989614077184562,0.024820315936812637,0.001202639472105579,0.00013453309338132375
57	1234663687	5000.0	0.001	7.15285e-05	-0.251619	0.9321131773645271,0.06771693661267747,0.0001696860627874425,1.9996000799840033e-07
61	427659535	5000.0	0.001	7.15285e-05	-0.425080	0.9309322935412917,0.06891653669266147,0.00015116976604679063
55	3602182402	5000.0	0.001	7.15285e-05	-1.184063	0.7128920215956809,0.2805027394521096,0.006603159368126375,2.0795840831833635e-06
52	1865988346	5000.0	0.001	7.15285e-05	-0.122397	0.8300653869226154,0.16900555888822236,0.0009268146370725855,2.2395520895820834e-06
58	510374151	5000.0	0.001	7.15285e-05	0.031803	0.947791401719656,0.051087742451509696,0.001117256548690262,3.599280143971206e-06
60	1196882189	5000.0	0.001	7.15285e-05	0.776564	0.8231965606878624,0.17574321135772844,0.0010601079784043192,1.199760047990402e-07
59	3781413128	5000.0	0.001	7.15285e-05	0.405637	0.9312602679464107,0.06863551289742052,0.00010421915616876625
46	3523633366	5000.0	0.001	7.15285e-05	-0.323341	0.9516263147370526,0.04831049790041991,6.31873625274945e-05
62	3158163732	5000.0	0.001	7.15285e-05	-0.219472	0.9505284143171365,0.04896868626274745,0.0004999000199960008,2.999400119976005e-06
64	1846599964	5000.0	0.001	7.15285e-05	0.284734	0.8897042191561688,0.0979240151969606,0.012365166966606679,6.598680263947211e-06
63	2455902487	5000.0	0.001	7.15285e-05	0.497594	0.9034444711057789,0.09567414517096581,0.0008806638672265547,7.198560287942411e-07
65	2223792416	5000.0	0.001	7.15285e-05	0.004086	0.9676885822835433,0.03224247150569886,6.894621075784843e-05
66	4164553002	5000.0	0.001	7.15285e-05	0.243894	0.9544715056988602,0.045240471905618876,0.00028794241151769645,7.998400319936013e-08
67	2807189803	5000.0	0.001	7.15285e-05	-0.140980	0.9411423315336933,0.05798648270345931,0.0008711057788442311,7.998400319936013e-08
70	1947646260	5000.0	0.001	7.15285e-05	0.032339	0.969512297540492,0.029978084383123375,0.0005096180763847231
74	2786081099	5000.0	0.001	7.15285e-05	-0.126942	0.9721696060787842,0.027789082183563286,4.131173765246951e-05
73	3166910788	5000.0	0.001	7.15285e-05	0.107058	0.9691079384123176,0.030743131373725256,0.00014849030193961208,4.399120175964807e-07
68	1249069356	5000.0	0.001	7.15285e-05	-0.402113	0.8566123575284943,0.1388738652269546,0.0044753849230153965,3.823235352929414e-05,1.5996800639872026e-07
80	777599315	5000.0	0.001	7.15285e-05	0.008005	0.9911339332133573,0.0088625474905019,3.5192961407718455e-06
69	4124608818	5000.0	0.001	7.15285e-05	0.089061	0.9596813837232554,0.03998048390321936,0.0003364127174565087,1.7196560687862428e-06
78	271200592	5000.0	0.001	7.15285e-05	0.325942	0.9269973205358928,0.07220551889622076,0.0007967606478704259,3.9992001599680065e-07
79	1190943057	5000.0	0.001	7.15285e-05	-0.005036	0.8688622675464907,0.13009534093181363,0.0010414317136572685,9.598080383923216e-07
72	742971711	5000.0	0.001	7.15285e-05	-0.376568	0.879823475304939,0.1175013397320536,0.0026749850029994,1.9996000799840033e-07
75	3931976012	5000.0	0.001	7.15285e-05	-0.122777	0.9382262747450509,0.06148038392321536,0.00029334133173365327
76	1671276879	5000.0	0.001	7.15285e-05	0.061794	0.981793601279744,0.01816132773445311,4.507098580283943e-05
77	1658976592	5000.0	0.001	7.15285e-05	0.129393	0.9001484103179365,0.06886066786642671,0.03022131573685263,0.0007693261347730453,2.7994401119776043e-07
82	2143252824	5000.0	0.001	7.15285e-05	0.510737	0.749973725254949,0.20863331333733254,0.041200319936012794,0.00019264147170565887
71	257501503	5000.0	0.001	7.15285e-05	0.057113	0.8448309538092381,0.14500343931213758,0.010147210557888421,1.839632073585283e-05
81	3438117204	5000.0	0.001	7.15285e-05	0.514201	0.9032343931213758,0.09259568086382723,0.004160447910417917,9.478104379124176e-06
83	2246646110	5000.0	0.001	7.15285e-05	0.385407	0.8903718456308738,0.10871717656468706,0.0009108178364327134,1.5996800639872026e-07
84	3866892654	5000.0	0.001	7.15285e-05	-0.116026	0.8684880623875225,0.12914221155768846,0.002368966206758648,7.598480303939212e-07
85	3691749744	5000.0	0.001	7.15285e-05	0.058592	0.9712953009398121,0.02868374325134973,2.0955808838232355e-05
89	473086334	5000.0	0.001	7.15285e-05	-0.007511	0.9883645670865827,0.01033257348530294,0.0012980203959208159,4.839032193561288e-06
87	2110792050	5000.0	0.001	7.15285e-05	0.058460	0.9455493701259748,0.05426510697860428,0.00018552289542091583
86	2504294769	5000.0	0.001	7.15285e-05	-0.329259	0.924571525694861,0.07252781443711258,0.002764527094581084,0.00011169766046790642,2.443511297740452e-05
100	3486458269	5000.0	0.001	7.15285e-05	0.178006	0.9161211357728455,0.08319164167166566,0.0006871825634873025,3.9992001599680065e-08
93	2026887556	5000.0	0.001	7.15285e-05	-0.075806	0.9448838632273545,0.05502883423315337,8.730253949210158e-05
88	1584152957	5000.0	0.001	7.15285e-05	0.072921	0.8454023195360928,0.15406746650669867,0.0005302139572085583
99	4045466007	5000.0	0.001	7.15285e-05	0.278812	0.9398825434913017,0.0599746850629874,0.00014277144571085782
90	1340825985	5000.0	0.001	7.15285e-05	0.133688	0.9215126974605079,0.07718056388722255,0.0013066986602679465,3.9992001599680065e-08
91	2173092225	5000.0	0.001	7.15285e-05	1.214278	0.883898900219956,0.09166882623475305,0.02440343931213757,2.8834233153369324e-05
94	2400307588	5000.0	0.001	7.15285e-05	-0.370345	0.8636553889222156,0.13300911817636474,0.0033344131173765248,1.0797840431913617e-06
95	4220477826	5000.0	0.001	7.15285e-05	0.292412	0.9486777444511098,0.05114633073385323,0.0001759248150369926
96	1359864207	5000.0	0.001	7.15285e-05	-0.258514	0.9291565286942611,0.07047802439512098,0.0003654469106178764
102	3975383471	5000.0	0.001	7.15285e-05	0.081870	0.9364079184163168,0.06306562687462508,0.0005245350929814037,1.919616076784643e-06
97	1119351184	5000.0	0.001	7.15285e-05	0.310458	0.9457947610477905,0.05320823835232953,0.000997000599880024
101	3511171067	5000.0	0.001	7.15285e-05	0.315967	0.9513880823835233,0.04847766446710658,0.0001342131573685263,3.9992001599680065e-08
92	2330509699	5000.0	0.001	7.15285e-05	-0.295260	0.9248044791041792,0.07424319136172765,0.000952249550089982,7.998400319936013e-08
98	1135258007	5000.0	0.001	7.15285e-05	-0.022219	0.8988697060587882,0.09513397320535893,0.005994121175764847,2.1995600879824035e-06
103	2647974320	5000.0	0.001	7.15285e-05	-0.120787	0.9341013797240552,0.06559704059188162,0.00030157968406318734
104	3347747251	5000.0	0.001	7.15285e-05	-0.005870	0.9565459708058388,0.04320403919216157,0.0002499900019996001
105	235657657	5000.0	0.001	7.15285e-05	0.032481	0.9835186962607478,0.016473505298940212,7.798440311937612e-06
106	4212345274	5000.0	0.001	7.15285e-05	0.436329	0.9360645470905818,0.06353985202959408,0.0003884823035392921,7.118576284743051e-06
109	989549011	5000.0	0.001	7.15285e-05	-0.168236	0.9414647870425915,0.058348450309938016,0.0001867226554689062,3.9992001599680065e-08
125	2459812383	5000.0	0.001	7.15285e-05	-0.098979	0.9671588082383523,0.03234901019796041,0.0004920215956808638,1.5996800639872026e-07
117	1054624256	5000.0	0.001	7.15285e-05	-0.170171	0.9394233953209358,0.05407598480303939,0.006252069586082784,0.0002482703459308138,2.7994401119776043e-07
126	102414881	5000.0	0.001	7.15285e-05	0.035579	0.9681006598680264,0.03177644471105779,0.00012289542091581683
110	3813456347	5000.0	0.001	7.15285e-05	0.040244	0.980195800839832,0.019778484303139374,2.571485702859428e-05
120	1743157771	5000.0	0.001	7.15285e-05	0.033896	0.9211818036392722,0.07772997400519896,0.0010881823635272945,3.9992001599680065e-08
114	2145159660	5000.0	0.001	7.15285e-05	0.028363	0.9734946610677865,0.02634105178964207,0.0001642871425714857
121	3521882642	5000.0	0.001	7.15285e-05	-0.927575	0.8801250549890022,0.11634217156568687,0.003531773645270946,9.998000399920016e-07
113	1831170537	5000.0	0.001	7.15285e-05	-1.111302	0.8998723455308938,0.09625242951409718,0.0038745850829834034,6.39872025594881e-07
108	1479334348	5000.0	0.001	7.15285e-05	0.599567	0.8784425114977005,0.1183132173565287,0.003224515096980604,1.9756048790241953e-05
123	3319966231	5000.0	0.001	7.15285e-05	-0.842326	0.8606682263547291,0.12865198960207958,0.010670865826834634,8.918216356728655e-06
119	1710072327	5000.0	0.001	7.15285e-05	0.919114	0.8408929414117177,0.146578324335133,0.012525574885022995,3.1593681263747252e-06
124	4276888095	5000.0	0.001	7.15285e-05	0.420769	0.9430507898420316,0.056449350129974006,0.0004996200759848031,2.399520095980804e-07
115	3854055927	5000.0	0.001	7.15285e-05	-0.399453	0.9580777044591082,0.026644871025794842,0.015152329534093182,0.00012225554889022194,2.8394321135772845e-06
127	754596388	5000.0	0.001	7.15285e-05	0.035275	0.9711063387322536,0.023820955808838234,0.005047630473905219,2.50749850029994e-05
122	111843861	5000.0	0.001	7.15285e-05	0.918643	0.8861260947810438,0.11287706458708259,0.0009958008398320336,1.0397920415916818e-06
118	3235779074	5000.0	0.001	7.15285e-05	0.143311	0.9514259548090382,0.04852261547690462,5.138972205558888e-05,3.9992001599680065e-08
111	1407439323	5000.0	0.001	7.15285e-05	-0.580013	0.9212247550489902,0.07774529094181164,0.0010297140571885622,2.399520095980804e-07
107	4104053194	5000.0	0.001	7.15285e-05	0.507907	0.8104169566086783,0.18453053389322135,0.005044551089782043,7.958408318336332e-06
112	2271517158	5000.0	0.001	7.15285e-05	0.568210	0.925498300339932,0.0741616076784643,0.00034009198160367925
116	1891004925	5000.0	0.001	7.15285e-05	-0.317957	0.9227846830633873,0.07454205158968207,0.0025313337332533493,0.00014193161367726456
130	2357246531	5000.0	0.001	7.15285e-05	-0.418810	0.8735749650069986,0.12503231353729255,0.001392641471705659,7.998400319936013e-08
141	2032077416	5000.0	0.001	7.15285e-05	0.146804	0.9157411717656468,0.08085898820235952,0.003398160367926415,1.6796640671865626e-06
134	261612115	5000.0	0.001	7.15285e-05	0.207747	0.8845150169966007,0.10430789842031593,0.011159568086382724,1.7516496700659867e-05
133	1945903695	5000.0	0.001	7.15285e-05	-0.081842	0.9766889022195561,0.023243191361727655,6.790641871625675e-05
132	712766024	5000.0	0.001	7.15285e-05	-0.078342	0.9729960807838433,0.02694145170965807,6.246750649870026e-05
128	1416655401	5000.0	0.001	7.15285e-05	0.123956	0.905127374525095,0.09419700059988002,0.0006624675064987002,1.3157368526294741e-05
138	936065632	5000.0	0.001	7.15285e-05	0.332920	0.9494399120175965,0.05028910217956409,0.0002709858028394321
131	2130709061	5000.0	0.001	7.15285e-05	0.100373	0.9654838632273546,0.03394077184563087,0.0005753649270145971
136	1040775771	5000.0	0.001	7.15285e-05	0.251746	0.9439943611277745,0.05543467306538692,0.0005706858628274345,2.7994401119776043e-07
129	555592234	5000.0	0.001	7.15285e-05	0.900529	0.8701443711257748,0.1178495900819836,0.011797280543891222,0.00020875824835032993
142	1329289832	5000.0	0.001	7.15285e-05	-0.263779	0.917542051589682,0.08114049190161968,0.0013166966606678663,7.598480303939212e-07
139	2714983008	5000.0	0.001	7.15285e-05	0.021046	0.9659027794441112,0.03381431713657269,0.00028290341931613676
140	3825205863	5000.0	0.001	7.15285e-05	-0.254017	0.9032468306338732,0.09604067186562687,0.0007124975004999
137	680948320	5000.0	0.001	7.15285e-05	-0.013446	0.8349813637272545,0.1626619476104779,0.0023462107578484303,1.0477904419116177e-05
143	2645312108	5000.0	0.001	7.15285e-05	-0.137794	0.9676311937612477,0.031295780843831236,0.0010730253949210158
145	4018887294	5000.0	0.001	7.15285e-05	-0.015470	0.9537606078784243,0.03851413717256549,0.007721575684863027,3.679264147170566e-06
135	3337325147	5000.0	0.001	7.15285e-05	1.253336	0.8112777444511098,0.1716888222355529,0.017017596480703858,1.5836832633473307e-05
147	3814464138	5000.0	0.001	7.15285e-05	-0.200467	0.9655282543491301,0.034436672665466905,3.507298540291942e-05
146	1284704903	5000.0	0.001	7.15285e-05	0.441458	0.8877298140371925,0.11211921615676865,0.00015096980603879225
144	3288392303	5000.0	0.001	7.15285e-05	-0.041354	0.8553374925014997,0.14254021195760846,0.0021222155568886222,7.998400319936013e-08
148	1911499405	5000.0	0.001	7.15285e-05	-0.018311	0.983819476104779,0.016154289142171565,2.623475304939012e-05
149	904094352	5000.0	0.001	7.15285e-05	-0.448851	0.9514750649870026,0.047723015396920615,0.0008018396320735852,7.998400319936013e-08
150	343444116	5000.0	0.001	7.15285e-05	0.188541	0.9683539292141572,0.031241551689662066,0.00040447910417916417,3.9992001599680065e-08
152	963959446	5000.0	0.001	7.15285e-05	0.388751	0.9383856028794241,0.06091065786842632,0.0007037392521495701
153	2162582167	5000.0	0.001	7.15285e-05	-0.798050	0.8955828034393122,0.08649398120375924,0.016201919616076785,0.0017190561887622476,2.2395520895820834e-06
155	1895291544	5000.0	0.001	7.15285e-05	-0.221460	0.9704697060587882,0.02946726654669066,6.302739452109578e-05
151	783997589	5000.0	0.001	7.15285e-05	0.168554	0.9080993801239752,0.09163367326534692,0.00026690661867626476,3.9992001599680065e-08
154	1126802072	5000.0	0.001	7.15285e-05	0.125985	0.9433991601679664,0.056283503299340135,0.0003172565486902619,7.998400319936013e-08
162	278952630	5000.0	0.001	7.15285e-05	0.076038	0.9592248350329934,0.04038948210357928,0.00038260347930413915,3.079384123175365e-06
158	2448542360	5000.0	0.001	7.15285e-05	0.171833	0.9485622875424915,0.05098016396720656,0.0004574285142971406,1.199760047990402e-07
163	2861843127	5000.0	0.001	7.15285e-05	0.034882	0.9543005398920216,0.04561339732053589,8.60627874425115e-05
165	392362692	5000.0	0.001	7.15285e-05	-0.007605	0.9864469106178764,0.013538452309538093,1.4637072585482903e-05
161	3768279726	5000.0	0.001	7.15285e-05	0.137902	0.9488730653869226,0.05098580283943211,0.00014113177364527093
156	3797719705	5000.0	0.001	7.15285e-05	0.059312	0.9371063787242552,0.061659548090381926,0.0012301539692061588,3.919216156768646e-06
164	3343694530	5000.0	0.001	7.15285e-05	-0.212707	0.9584727854429114,0.041050789842031594,0.0004764247150569886
157	844960411	5000.0	0.001	7.15285e-05	1.332798	0.8539739652069586,0.08528374325134973,0.05956032793441312,0.001181763647270546,1.9996000799840033e-07
160	3126813351	5000.0	0.001	7.15285e-05	0.451110	0.8410697860427915,0.14301975604879025,0.015784523095380924,0.00012593481303739253
159	1704895142	5000.0	0.001	7.15285e-05	0.069465	0.9574849030193961,0.038802199560087985,0.003700659868026395,1.22375524895021e-05
166	82569938	5000.0	0.001	7.15285e-05	-0.123478	0.9621032193561287,0.03762091581683663,0.00027586482703459306
167	3732564691	5000.0	0.001	7.15285e-05	0.360698	0.9320759048190362,0.06341623675264947,0.00450617876424715,1.6796640671865626e-06
168	1703471828	5000.0	0.001	7.15285e-05	0.016554	0.9687666866626675,0.03088854229154169,0.00034477104579084183
169	1884943060	5000.0	0.001	7.15285e-05	0.229856	0.969765326934613,0.030076824635072986,0.00015784843031393722
170	4032004819	5000.0	0.001	7.15285e-05	0.162942	0.9417244551089782,0.05801571685662867,0.00025982803439312136
174	2182259434	5000.0	0.001	7.15285e-05	-0.024177	0.9854417116576685,0.014498340331933613,5.9948010397920415e-05
178	1896250097	5000.0	0.001	7.15285e-05	0.052534	0.9797770845830834,0.02013117376524695,9.174165166966607e-05
175	3891497707	5000.0	0.001	7.15285e-05	-0.185843	0.9452069586082783,0.04815160967806439,0.006379164167166567,0.00026226754649070187
171	398494427	5000.0	0.001	7.15285e-05	-0.176094	0.9159404919016196,0.07824627074585083,0.005803519296140772,9.718056388722255e-06
185	1816048401	5000.0	0.001	7.15285e-05	0.123988	0.9509974805038992,0.04878620275944811,0.00021539692061587682,9.198160367926415e-07
186	3521856274	5000.0	0.001	7.15285e-05	0.031957	0.9495834833033393,0.04975388922215557,0.0006625874825034992,3.9992001599680065e-08
177	3721044721	5000.0	0.001	7.15285e-05	0.029540	0.9276677064587082,0.0718506298740252,0.0004816636672665467
179	1955353328	5000.0	0.001	7.15285e-05	0.195978	0.9566660667866427,0.03984019196160768,0.0034929414117176563,7.998400319936013e-07
172	3463125726	5000.0	0.001	7.15285e-05	-0.025463	0.8033167366526694,0.18747890421915617,0.009173925214957008,3.0433913217356527e-05
188	1291641622	5000.0	0.001	7.15285e-05	-0.007482	0.948868626274745,0.050055588882223556,0.0010745850829834032,1.199760047990402e-06
181	1330383612	5000.0	0.001	7.15285e-05	-0.045402	0.9598420315936813,0.04011761647670466,4.0351929614077184e-05
183	3692438277	5000.0	0.001	7.15285e-05	-0.030244	0.958181323735253,0.041716776644671064,0.0001018996200759848
173	468509418	5000.0	0.001	7.15285e-05	0.179911	0.943320575884823,0.05660907818436313,7.034593081383723e-05
180	3122678524	5000.0	0.001	7.15285e-05	0.484995	0.9192388722255549,0.08049842031593682,0.0002627074585082983
182	1452851968	5000.0	0.001	7.15285e-05	-1.071312	0.8527103779244151,0.14603463307338532,0.0012545890821835633,3.9992001599680065e-07
187	3594361621	5000.0	0.001	7.15285e-05	0.199341	0.9077567286542692,0.09170773845230953,0.0005355328934213157
176	4250168048	5000.0	0.001	7.15285e-05	0.225261	0.933263427314537,0.06528202359528094,0.0012879424115176965,0.00016660667866426714
184	2951621391	5000.0	0.001	7.15285e-05	-0.085897	0.9334809038192362,0.05238132373525295,0.01403499300139972,0.00010277944411117776
190	3404587801	5000.0	0.001	7.15285e-05	0.057066	0.9173780843831234,0.08244231153769246,0.00017960407918416317
189	2072681241	5000.0	0.001	7.15285e-05	0.211745	0.9578252349530094,0.04203123375324935,0.00014353129374125175
197	283241266	5000.0	0.001	7.15285e-05	1.055749	0.8921501299740052,0.1015253349330134,0.006312697460507898,1.18376324735053e-05
194	661734183	5000.0	0.001	7.15285e-05	0.072195	0.946682223555289,0.053218916216756645,9.886022795440912e-05
195	2584851240	5000.0	0.001	7.15285e-05	0.411878	0.8893763647270546,0.1103372525494901,0.00028638272345530896
199	877556540	5000.0	0.001	7.15285e-05	0.046355	0.9738843031393721,0.02520603879224155,0.0009096580683863227
191	792537884	5000.0	0.001	7.15285e-05	0.133518	0.9325202959408119,0.06591353729254149,0.0015566486702659468,9.518096380723854e-06
204	473258830	5000.0	0.001	7.15285e-05	-0.154186	0.9443666466706658,0.05472369526094781,0.0009096580683863227
198	2059036671	5000.0	0.001	7.15285e-05	-0.022423	0.9367468906218757,0.06282807438512297,0.0004250349930013997
200	626033469	5000.0	0.001	7.15285e-05	0.123344	0.9112731853629275,0.08682947410517897,0.0018969806038792241,3.5992801439712056e-07
201	1688863550	5000.0	0.001	7.15285e-05	-0.136192	0.9408333133373326,0.05829038192361528,0.0008737452509498101,2.559488102379524e-06
202	3961451326	5000.0	0.001	7.15285e-05	0.222907	0.9666809838032393,0.032683383323335334,0.0006355928814237153,3.9992001599680065e-08
203	1404621642	5000.0	0.001	7.15285e-05	0.046862	0.967318776244751,0.032407798440311934,0.00027222555488902217,1.199760047990402e-06
193	2012521249	5000.0	0.001	7.15285e-05	0.352462	0.6869415316936612,0.3061159768046391,0.006940971805638872,1.5196960607878424e-06
196	2014456619	5000.0	0.001	7.15285e-05	-0.143124	0.9086587082583484,0.09074221155768847,0.0005990801839632074
205	3831493468	5000.0	0.001	7.15285e-05	1.106515	0.6727024195160968,0.3173122175564887,0.009880343931213757,0.00010501899620075985
207	3460164451	5000.0	0.001	7.15285e-05	0.022815	0.8964146770645871,0.10176816636672666,0.0018168366326734653,3.199360127974405e-07
192	2819324704	5000.0	0.001	7.15285e-05	0.670588	0.8793399720055989,0.12026530693861227,0.00039464107178564285,7.998400319936013e-08
209	1681171309	5000.0	0.001	7.15285e-05	0.200578	0.907272825434913,0.09200283943211358,0.0007041391721655669,2.0195960807838434e-05
206	1599122270	5000.0	0.001	7.15285e-05	0.297547	0.920446550689862,0.07764531093781243,0.0019080583883223355,7.998400319936013e-08
208	3208272747	5000.0	0.001	7.15285e-05	0.069145	0.9530407118576285,0.04682295540891822,0.00013629274145170967,3.9992001599680065e-08
210	4056134511	5000.0	0.001	7.15285e-05	0.712562	0.853151649670066,0.14511473705258948,0.001733253349330134,3.5992801439712056e-07
212	1204822898	5000.0	0.001	7.15285e-05	0.015232	0.9712227154569086,0.028627994401119777,0.00014929014197160567
215	995974008	5000.0	0.001	7.15285e-05	-0.396977	0.8974763447310538,0.09895964807038592,0.0035624875024995,1.5196960607878424e-06
218	2485191546	5000.0	0.001	7.15285e-05	1.553342	0.7541498900219956,0.2390883823235353,0.006692381523695261,6.934613077384523e-05
227	361249690	5000.0	0.001	7.15285e-05	0.079036	0.9595310537892422,0.04039060187962407,7.834433113377324e-05
211	3747187568	5000.0	0.001	7.15285e-05	0.074047	0.9083327334533093,0.0912506698660268,0.0004165966806638672
216	685912953	5000.0	0.001	7.15285e-05	-0.745686	0.9088053589282143,0.09010889822035593,0.001085742851429714
219	1839735678	5000.0	0.001	7.15285e-05	-0.280505	0.9460458708258348,0.05371957608478305,0.00023455308938212359
213	2315996021	5000.0	0.001	7.15285e-05	0.110577	0.9664522295540892,0.03274205158968206,0.0008049190161967607,7.998400319936013e-07
229	3821218727	5000.0	0.001	7.15285e-05	0.237640	0.9500497100579884,0.036185882823435316,0.013720615876824636,4.379124175164967e-05
217	702995321	5000.0	0.001	7.15285e-05	0.150480	0.9337327734453109,0.06575488902219556,0.0005123375324935013
223	2608419728	5000.0	0.001	7.15285e-05	0.506961	0.9145728054389122,0.08517452509498101,0.0002526694661067786
226	898225045	5000.0	0.001	7.15285e-05	-0.141658	0.97000399920016,0.029811757648470306,0.00018424315136972606
221	1055984517	5000.0	0.001	7.15285e-05	0.379890	0.9468655868826235,0.052847070585882824,0.00028734253149370126
224	1862171540	5000.0	0.001	7.15285e-05	-1.870298	0.7779653669266147,0.21850933813237353,0.0035242151569686063,1.0797840431913617e-06
225	2005371796	5000.0	0.001	7.15285e-05	0.395893	0.8862039592081584,0.09248230353929214,0.02130633873225355,7.398520295940812e-06
228	1493879709	5000.0	0.001	7.15285e-05	-0.224378	0.904507098580284,0.09526050789842032,0.00023203359328134374,3.5992801439712056e-07
220	2542939008	5000.0	0.001	7.15285e-05	0.268670	0.9441657668466307,0.05434817036592682,0.000804879024195161,0.0006805438912217556,6.39872025594881e-07
230	1015931817	5000.0	0.001	7.15285e-05	-0.943731	0.9096540291941612,0.04360895820835833,0.045436432713457306,0.0013002999400119977,2.7994401119776043e-07
222	1975376780	5000.0	0.001	7.15285e-05	1.871178	0.8025543691261747,0.18729610077984404,0.010134133173365327,1.5396920615876825e-05
231	3258678190	5000.0	0.001	7.15285e-05	-0.028453	0.94116124775045,0.05794117176564687,0.00089750049990002,7.998400319936013e-08
214	1618537333	5000.0	0.001	7.15285e-05	-0.093645	0.9492575884823036,0.04796800639872026,0.002771965606878624,2.439512097580484e-06
234	2579506100	5000.0	0.001	7.15285e-05	0.056046	0.9732677864427115,0.026625754849030195,0.00010641871625674865,3.9992001599680065e-08
241	3869293514	5000.0	0.001	7.15285e-05	-0.065109	0.9550929814037192,0.04483239352129574,7.4625074985003e-05
244	2451172309	5000.0	0.001	7.15285e-05	-0.050960	0.9658405118976204,0.034056908618276344,0.00010257948410317936
232	1497697199	5000.0	0.001	7.15285e-05	-0.361111	0.9142010797840432,0.08552561487702459,0.00027330533893221357
233	3182283697	5000.0	0.001	7.15285e-05	-0.048324	0.819681823635273,0.17599144171165768,0.004324895020995801,1.839632073585283e-06
236	1642523581	5000.0	0.001	7.15285e-05	-0.014858	0.9648109578084383,0.034930693861227755,0.0002583483303339332
240	2443365320	5000.0	0.001	7.15285e-05	-0.064315	0.9484888222355529,0.05113837232553489,0.00037280543891221753
243	4243133396	5000.0	0.001	7.15285e-05	-0.111037	0.9730249550089982,0.02692761447710458,4.743051389722056e-05
237	3640605630	5000.0	0.001	7.15285e-05	-0.102451	0.9454831833633274,0.05442879424115177,8.798240351929614e-05,3.9992001599680065e-08
238	564935618	5000.0	0.001	7.15285e-05	0.070089	0.9638181163767247,0.03606922615476905,0.00011257748450309939,7.998400319936013e-08
246	1330791389	5000.0	0.001	7.15285e-05	0.161527	0.8606646270745851,0.1353104979004199,0.004021515696860628,3.359328134373125e-06
245	586898395	5000.0	0.001	7.15285e-05	-0.034492	0.9218348730253949,0.0749390921815637,0.0032255548890221955,4.799040191961608e-07
247	3083760609	5000.0	0.001	7.15285e-05	0.847862	0.8851886822635473,0.10769014197160567,0.007105538892221556,1.5636872625474905e-05
239	2608055236	5000.0	0.001	7.15285e-05	-0.125818	0.9517156168766246,0.04495052989402119,0.0032771045790841833,5.674865026994601e-05
235	1666657207	5000.0	0.001	7.15285e-05	-0.560594	0.9278292341531693,0.055079144171165766,0.01698496300739852,0.00010665866826634673
242	665326546	5000.0	0.001	7.15285e-05	0.142176	0.9500066786642671,0.04894197160567886,0.0010512297540491902,1.199760047990402e-07
248	1410923493	5000.0	0.001	7.15285e-05	0.425507	0.9299145770845831,0.06954689062187562,0.0005385322935412917
249	2435877862	5000.0	0.001	7.15285e-05	-0.042408	0.9617204159168167,0.03821627674465107,6.330733853229354e-05
251	233032683	5000.0	0.001	7.15285e-05	0.260200	0.963218476304739,0.036659548090381924,9.318136372725455e-05,2.8794241151769647e-05
250	2849625064	5000.0	0.001	7.15285e-05	-0.468703	0.9234430313937213,0.06586670665866827,0.010680823835232953,9.438112377524495e-06
253	2062343151	5000.0	0.001	7.15285e-05	-0.424442	0.9414259548090382,0.05787990401919616,0.0006941411717656469
252	1481104366	5000.0	0.001	7.15285e-05	-0.015813	0.874545850829834,0.11828950209958008,0.0068718256348730255,0.0002927414517096581,7.998400319936013e-08
256	1309928445	5000.0	0.001	7.15285e-05	0.572923	0.9243147770445911,0.07517188562287543,0.0005132973405318936,3.9992001599680065e-08
261	716516375	5000.0	0.001	7.15285e-05	-0.422510	0.8265368926214757,0.16859308138372325,0.0048645470905818835,5.478904219156169e-06
259	3235079188	5000.0	0.001	7.15285e-05	-0.120990	0.9609776044791042,0.038568246350729855,0.0004541491701659668
257	2812392455	5000.0	0.001	7.15285e-05	-0.243013	0.9563715256948611,0.04326582683463307,0.0003626474705058988
264	2818544690	5000.0	0.001	7.15285e-05	0.726623	0.8613057788442312,0.13434605078984202,0.004343171365726855,4.999000199960008e-06
254	2397230067	5000.0	0.001	7.15285e-05	0.672079	0.9376836632673465,0.047474145170965806,0.014779164167166566,6.302739452109578e-05
260	165645332	5000.0	0.001	7.15285e-05	0.023211	0.9380544691061787,0.06108238352329534,0.0008629474105178965,1.9996000799840033e-07
258	2395481098	5000.0	0.001	7.15285e-05	0.314577	0.7977887222555489,0.20001383723255348,0.0021963207358528295,1.1197760447910417e-06
263	1219585066	5000.0	0.001	7.15285e-05	0.304235	0.9451438912217557,0.053449670065986804,0.0014056388722255549,7.998400319936013e-07
255	3729648637	5000.0	0.001	7.15285e-05	0.034456	0.9777902019596081,0.021963967206558688,0.000245750849830034,7.998400319936013e-08
262	4187350053	5000.0	0.001	7.15285e-05	0.438127	0.9334487102579484,0.059658228354329136,0.006882343531293742,1.0717856428714257e-05
269	3009375312	5000.0	0.001	7.15285e-05	-0.152470	0.9461151369726055,0.05353617276544691,0.0003486902619476105
268	78832718	5000.0	0.001	7.15285e-05	0.231709	0.9202142371525694,0.07688842231553689,0.0028720255948810236,2.531493701259748e-05
265	2826878006	5000.0	0.001	7.15285e-05	-0.419207	0.9073726454709058,0.08804507098580285,0.004561847630473905,2.0435912817436513e-05
267	3443946568	5000.0	0.001	7.15285e-05	0.380189	0.9439640471905619,0.05532645470905819,0.0007094581083783244,3.9992001599680065e-08
266	1915081791	5000.0	0.001	7.15285e-05	0.227464	0.8505543691261748,0.14835612877424514,0.0010894621075784843,3.9992001599680065e-08
270	1607705680	5000.0	0.001	7.15285e-05	0.139025	0.8817657268546291,0.11795108978204359,0.00028318336332733453
271	2811294804	5000.0	0.001	7.15285e-05	0.033198	0.9760867826434713,0.02344275144971006,0.00047030593881223755,1.5996800639872026e-07
274	3203906650	5000.0	0.001	7.15285e-05	-0.130172	0.9427850829834034,0.057030433913217354,0.00018448310337932413
272	1742117975	5000.0	0.001	7.15285e-05	0.218425	0.8455308538292342,0.1521348530293941,0.002328014397120576,6.27874425114977e-06
277	1175614562	5000.0	0.001	7.15285e-05	0.020956	0.9879890421915617,0.011979044191161768,3.191361727654469e-05
273	2460943450	5000.0	0.001	7.15285e-05	0.000110	0.9849432113577284,0.015026394721055788,3.039392121575685e-05
275	2986019934	5000.0	0.001	7.15285e-05	0.062135	0.9818006398720256,0.018123295340931815,7.606478704259148e-05
276	4072264802	5000.0	0.001	7.15285e-05	0.065497	0.9559928814237153,0.04239872025594881,0.0016060387922415516,2.359528094381124e-06
289	3715718278	5000.0	0.001	7.15285e-05	-0.446162	0.9371643671265747,0.06263027394521095,0.00020523895220955809,1.199760047990402e-07
288	2725252221	5000.0	0.001	7.15285e-05	-0.223230	0.8969882423515297,0.10180795840831834,0.0012034393121375725,3.5992801439712056e-07
281	3743528041	5000.0	0.001	7.15285e-05	-0.029614	0.9445389322135573,0.054541051789642074,0.0009199760047990402,3.9992001599680065e-08
290	3875521679	5000.0	0.001	7.15285e-05	0.148106	0.9618663467306539,0.0379873625274945,0.00014629074185162967
287	2605708411	5000.0	0.001	7.15285e-05	-0.022753	0.9456257548490302,0.052664667066586686,0.0017090981803639272,4.799040191961608e-07
286	2646914170	5000.0	0.001	7.15285e-05	0.974911	0.8174956208758248,0.17584619076184763,0.00663379324135173,2.439512097580484e-05
280	4015129704	5000.0	0.001	7.15285e-05	0.450923	0.9060801439712057,0.0851245350929814,0.008690341931613678,0.00010497900419916017
284	4289569909	5000.0	0.001	7.15285e-05	0.183583	0.9533428114377125,0.04661375724855029,4.343131373725255e-05
279	1572629603	5000.0	0.001	7.15285e-05	-0.249506	0.9403788442311538,0.05939276144771046,0.00022839432113577285
285	1103164534	5000.0	0.001	7.15285e-05	-0.001623	0.9770745450909818,0.021501619676064787,0.0014227954409118176,1.0397920415916818e-06
291	2242901137	5000.0	0.001	7.15285e-05	0.025065	0.9721280143971206,0.027825514897020596,4.6470705858828236e-05
282	2718002283	5000.0	0.001	7.15285e-05	-0.068696	0.9677035392921416,0.03057648470305939,0.0016641071785642872,5.586882623475305e-05
278	729183332	5000.0	0.001	7.15285e-05	-0.377265	0.9539927214557089,0.04443131373725255,0.0015609678064387122,1.4997000599880025e-05
292	2680212632	5000.0	0.001	7.15285e-05	-0.074268	0.9683968406318736,0.03152121575684863,8.194361127774446e-05
283	319120497	5000.0	0.001	7.15285e-05	-0.082702	0.951974125174965,0.04796084783043391,6.502699460107978e-05
293	3437657244	5000.0	0.001	7.15285e-05	-0.238792	0.8963622075584883,0.10096652669466107,0.0026163167366526695,5.494901019796041e-05
294	3385877661	5000.0	0.001	7.15285e-05	0.051182	0.9448736652669466,0.05201119776044791,0.003110977804439112,4.159168166366727e-06
301	3281362120	5000.0	0.001	7.15285e-05	-0.040252	0.9760930213957209,0.02385138972205559,5.558888222355529e-05
298	2019218623	5000.0	0.001	7.15285e-05	-1.092472	0.8800065186962608,0.11642879424115177,0.003558608278344331,6.07878424315137e-06
299	4221254848	5000.0	0.001	7.15285e-05	0.659962	0.9113362527494501,0.08638084383123375,0.0022819036192761447,9.998000399920016e-07
296	3761509543	5000.0	0.001	7.15285e-05	-0.436883	0.9079706458708259,0.09179624075184963,0.0002330733853229354,3.9992001599680065e-08
295	3061331104	5000.0	0.001	7.15285e-05	0.008671	0.9601696060787842,0.03971597680463907,0.00011441711657668467
297	1669076147	5000.0	0.001	7.15285e-05	0.107472	0.9441815636872626,0.05567242551489702,0.00014593081383723256,7.998400319936013e-08
302	1627655368	5000.0	0.001	7.15285e-05	0.156425	0.9526204359128174,0.03815996800639872,0.008651709658068387,0.0005675664867026594,3.199360127974405e-07
300	2035412159	5000.0	0.001	7.15285e-05	-0.466792	0.9366143571285743,0.06092013597280544,0.0024594281143771246,6.07878424315137e-06
306	196971743	5000.0	0.001	7.15285e-05	0.148426	0.9703295340931813,0.029567126574685063,0.00010333933213357328
307	1962573027	5000.0	0.001	7.15285e-05	-0.099814	0.9801424915016996,0.0197874425114977,7.006598680263947e-05
303	2351955146	5000.0	0.001	7.15285e-05	-0.138892	0.9727117376524695,0.026477384523095383,0.000810877824435113
305	55530715	5000.0	0.001	7.15285e-05	0.284462	0.9020035192961408,0.0866491901619676,0.011165966806638672,0.0001813237352529494
308	2593592548	5000.0	0.001	7.15285e-05	0.429458	0.9084345130973805,0.09061403719256149,0.0009504499100179964,9.998000399920016e-07
310	1911788778	5000.0	0.001	7.15285e-05	-0.088980	0.9518304339132173,0.04601831633673265,0.002135852829434113,1.4477104579084183e-05,9.198160367926415e-07
311	3246699757	5000.0	0.001	7.15285e-05	-0.775309	0.8644653469306138,0.1308741451709658,0.00465878824235153,1.7196560687862428e-06
312	2300927229	5000.0	0.001	7.15285e-05	0.050191	0.9674293141371726,0.03243559288142372,0.00013505298940211957,3.9992001599680065e-08
304	2002332874	5000.0	0.001	7.15285e-05	0.257981	0.9331442111577685,0.0663381723655269,0.0005175764847030594,3.9992001599680065e-08
309	4069432552	5000.0	0.001	7.15285e-05	-0.232944	0.911227674465107,0.0879620075984803,0.0008099180163967206,3.9992001599680065e-07
315	1340820736	5000.0	0.001	7.15285e-05	-0.326262	0.905460347930414,0.0692257148570286,0.02508142371525695,0.0002325134973005399
314	1908409599	5000.0	0.001	7.15285e-05	-0.565549	0.9288434313137373,0.06679052189562087,0.004359288142371525,6.758648270345931e-06
313	3994561790	5000.0	0.001	7.15285e-05	-0.127933	0.9449393721255749,0.05458536292741452,0.0004752649470105979
316	1838419207	5000.0	0.001	7.15285e-05	0.182117	0.9784617876424715,0.02149878024395121,3.9432113577284545e-05
319	1644307727	5000.0	0.001	7.15285e-05	-0.005151	0.8804611477704459,0.11802299540091982,0.0015154569086182764,3.9992001599680065e-07
317	586401031	5000.0	0.001	7.15285e-05	-0.509030	0.8524603079384123,0.14498516296740652,0.002451869626074785,0.00010265946810637873
322	399688989	5000.0	0.001	7.15285e-05	0.546948	0.8663387722455509,0.13079508098380324,0.002861787642471506,4.359128174365127e-06
320	824786193	5000.0	0.001	7.15285e-05	-0.252551	0.9396708258348331,0.058605358928214356,0.00172373525294941,7.998400319936013e-08
318	518102280	5000.0	0.001	7.15285e-05	-0.321791	0.9339188962207559,0.06071897620475905,0.005332133573285343,2.999400119976005e-05
323	1561771295	5000.0	0.001	7.15285e-05	0.069567	0.9467706058788242,0.05280271945610878,0.0004266746650669866
321	1927877911	5000.0	0.001	7.15285e-05	-0.131322	0.942697700459908,0.054740571885622875,0.0025526894621075787,9.038192361527695e-06
324	3301578017	5000.0	0.001	7.15285e-05	-0.423713	0.9253318936212758,0.07077048590281944,0.0038963007398520296,1.319736052789442e-06
326	1612336426	5000.0	0.001	7.15285e-05	-0.193895	0.9676794641071785,0.03225398920215957,6.654669066186763e-05
325	1854606633	5000.0	0.001	7.15285e-05	-0.038285	0.9764432713457308,0.023536132773445313,2.059588082383523e-05
334	2583532864	5000.0	0.001	7.15285e-05	-0.024638	0.9240213957208558,0.07448994201159768,0.0014824635072985403,6.19876024795041e-06
341	465311062	5000.0	0.001	7.15285e-05	-0.202525	0.914124575084983,0.08381935612877424,0.0020546690661867625,1.3997200559888023e-06
343	2339229018	5000.0	0.001	7.15285e-05	0.290377	0.8948278344331134,0.10169602079584084,0.003469266146770646,6.878624275144971e-06
342	193824090	5000.0	0.001	7.15285e-05	0.074614	0.9693422915416917,0.029728254349130175,0.0009293341331733653,1.199760047990402e-07
333	3818976574	5000.0	0.001	7.15285e-05	-0.729816	0.8537594081183764,0.13515208958208358,0.011023035392921416,6.546690661867626e-05
340	3095313747	5000.0	0.001	7.15285e-05	0.108694	0.9587358928214357,0.041243151369726054,2.0955808838232355e-05
332	2012648757	5000.0	0.001	7.15285e-05	-0.170992	0.9208142371525695,0.07770465906818637,0.0014809438112377525,1.5996800639872026e-07
345	1919667560	5000.0	0.001	7.15285e-05	-0.523781	0.9162773045390922,0.08324631073785244,0.00047198560287942413,4.399120175964807e-06
328	2835399980	5000.0	0.001	7.15285e-05	-0.080464	0.936482023595281,0.06330581883623275,0.00021215756848630275
336	2897741126	5000.0	0.001	7.15285e-05	-0.072442	0.940223275344931,0.059549290141971606,0.00022723455308938211,1.9996000799840033e-07
331	3407711538	5000.0	0.001	7.15285e-05	0.339077	0.9061892021595681,0.08953285342931414,0.00427374525094981,4.1991601679664066e-06
339	3930195279	5000.0	0.001	7.15285e-05	-0.289233	0.9528912217556489,0.04704479104179164,6.39872025594881e-05
337	947565894	5000.0	0.001	7.15285e-05	0.907458	0.8961172165566886,0.08596324735052989,0.017810557888422316,0.00010897820435912817
335	2094667072	5000.0	0.001	7.15285e-05	0.114383	0.9714063987202559,0.028548210357928414,4.5390921815636875e-05
330	3962213680	5000.0	0.001	7.15285e-05	-0.219942	0.9534761847630474,0.04607010597880424,0.00045358928214357127,1.199760047990402e-07
338	2486977868	5000.0	0.001	7.15285e-05	-0.177729	0.9598303939212157,0.03930773845230954,0.000861867626474705
344	4028925278	5000.0	0.001	7.15285e-05	0.696501	0.898357448510298,0.10011389722055589,0.0015286142771445712,3.9992001599680065e-08
329	567246127	5000.0	0.001	7.15285e-05	-0.532198	0.8517555288942211,0.13254625074985002,0.01568014397120576,1.807638472305539e-05
327	4072580394	5000.0	0.001	7.15285e-05	-0.437683	0.9171581683663267,0.08146890621875624,0.0013675264947010598,5.398920215956809e-06
346	2649339241	5000.0	0.001	7.15285e-05	1.266159	0.5819022195560888,0.4125189362127574,0.005573045390921815,5.798840231953609e-06
347	228001133	5000.0	0.001	7.15285e-05	0.121046	0.9415227354529094,0.05335540891821636,0.005115736852629474,6.11877624475105e-06
349	1812553072	5000.0	0.001	7.15285e-05	0.021223	0.9439553689262148,0.053835832833433316,0.002192841431713657,1.5956808638272344e-05
348	761116013	5000.0	0.001	7.15285e-05	-0.137014	0.9417107378524295,0.05075792841431714,0.007528254349130174,3.079384123175365e-06
350	547110261	5000.0	0.001	7.15285e-05	-0.085314	0.9686877424515097,0.03078500299940012,0.0005272145570885823,3.9992001599680065e-08
353	2005058951	5000.0	0.001	7.15285e-05	0.215707	0.9506171565686863,0.04925866826634673,0.0001241751649670066
363	1500145083	5000.0	0.001	7.15285e-05	-0.419863	0.8846279544091181,0.11445670865826835,0.0009153369326134773
354	995165578	5000.0	0.001	7.15285e-05	-0.636093	0.9086849030193961,0.08966954609078184,0.0016450309938012397,5.198960207958409e-07
365	3181379007	5000.0	0.001	7.15285e-05	0.097962	0.9537776444711058,0.04595644871025795,0.00026590681863627276
359	119309728	5000.0	0.001	7.15285e-05	0.011573	0.9679730453909218,0.0318374725054989,0.00018924215156968606,2.399520095980804e-07
360	1891155360	5000.0	0.001	7.15285e-05	-0.219742	0.9550936612677464,0.04484631073785243,6.0027994401119776e-05
366	2172626373	5000.0	0.001	7.15285e-05	-0.054560	0.975861547690462,0.02394621075784843,0.00019224155168966206
352	654355847	5000.0	0.001	7.15285e-05	0.074193	0.9441918016396721,0.05563307338532294,0.000175124975004999
367	1163881930	5000.0	0.001	7.15285e-05	-0.116214	0.962004799040192,0.03773197360527895,0.00026318736252749453,3.9992001599680065e-08
351	3813897602	5000.0	0.001	7.15285e-05	0.099657	0.9629601679664067,0.03700635872825435,3.3473305338932215e-05
362	3975687596	5000.0	0.001	7.15285e-05	0.249297	0.9136588282343532,0.07985546890621875,0.006481943611277744,3.759248150369926e-06
358	1566410141	5000.0	0.001	7.15285e-05	0.064580	0.943045550889822,0.05576932613477305,0.001184483103379324,6.39872025594881e-07
355	1672285578	5000.0	0.001	7.15285e-05	-0.118993	0.9638722655468906,0.03592137572485503,0.00020635872825434912
356	3744578968	5000.0	0.001	7.15285e-05	0.156102	0.9674494301139772,0.029800359928014396,0.0027478104379124175,2.399520095980804e-06
357	4208076185	5000.0	0.001	7.15285e-05	-0.171046	0.9499374525094981,0.04946606678664267,0.0005964807038592282
361	3839679908	5000.0	0.001	7.15285e-05	-0.007846	0.9713776044791042,0.025978284343131375,0.002636632673465307,7.478504299140172e-06
364	3055209916	5000.0	0.001	7.15285e-05	-0.280836	0.9447961607678464,0.0546370725854829,0.0005667666466706658
368	1649184203	5000.0	0.001	7.15285e-05	0.031959	0.9107563287342532,0.08843339332133573,0.0008102779444111178
370	3967102420	5000.0	0.001	7.15285e-05	-0.088920	0.9555600879824035,0.04401831633673265,0.00042151569686062787,7.998400319936013e-08
369	3823658449	5000.0	0.001	7.15285e-05	0.006372	0.9332299940011998,0.06563063387322536,0.0011390921815636872,2.7994401119776043e-07
375	630652387	5000.0	0.001	7.15285e-05	0.138894	0.9422034793041392,0.05756556688662268,0.00023095380923815237
378	2327107055	5000.0	0.001	7.15285e-05	1.123393	0.8536592281543691,0.1393380123975205,0.006526814637072585,0.0004758648270345931,7.998400319936013e-08
377	1640060395	5000.0	0.001	7.15285e-05	-0.121010	0.9203899220155969,0.07931065786842631,0.00029934013197360527,7.998400319936013e-08
380	2507922938	5000.0	0.001	7.15285e-05	-0.153057	0.9509108578284343,0.047580443911217754,0.0015086182763447312,7.998400319936013e-08
374	3298870754	5000.0	0.001	7.15285e-05	0.137023	0.9669998400319936,0.03283915216956609,0.00016100779844031193
373	1524211167	5000.0	0.001	7.15285e-05	0.356326	0.9286023995200959,0.06728454309138172,0.0041074585082983405,5.598880223955209e-06
379	2286618106	5000.0	0.001	7.15285e-05	0.428707	0.8802853029394121,0.10497148570285943,0.014653229354129174,8.998200359928014e-05
387	655263246	5000.0	0.001	7.15285e-05	-0.310604	0.9475070185962807,0.047969366126774646,0.004519096180763847,4.519096180763847e-06
383	1873667587	5000.0	0.001	7.15285e-05	-0.172090	0.9212403119376125,0.07833921215756849,0.0004198360327934413,6.39872025594881e-07
376	1680129511	5000.0	0.001	7.15285e-05	0.137263	0.9604478704259148,0.0375744051189762,0.0019776844631073784,3.9992001599680065e-08
372	1608652256	5000.0	0.001	7.15285e-05	0.122398	0.951565726854629,0.04795512897420516,0.0004652269546090782,1.3917216556688662e-05
381	1280556538	5000.0	0.001	7.15285e-05	-0.166536	0.9556979404119176,0.04410985802839432,0.0001922015596880624
384	1630948871	5000.0	0.001	7.15285e-05	-0.067709	0.9190405118976205,0.07971805638872226,0.0012414317136572686
385	3835147784	5000.0	0.001	7.15285e-05	-0.181465	0.9224858628274345,0.07428462307538493,0.003222755448910218,6.758648270345931e-06
382	935413246	5000.0	0.001	7.15285e-05	0.304181	0.9261449310137972,0.05914713057388522,0.014704099180163967,3.839232153569286e-06
388	3782743568	5000.0	0.001	7.15285e-05	-0.095904	0.9292016796640672,0.07007726454709058,0.0007210157968406319,3.9992001599680065e-08
386	724641290	5000.0	0.001	7.15285e-05	0.171063	0.9424621875624875,0.057243511297740454,0.00029430113977204557
371	1002087903	5000.0	0.001	7.15285e-05	0.719944	0.8932492701459708,0.10413041391721656,0.0026201959608078383,1.199760047990402e-07
389	676683293	5000.0	0.001	7.15285e-05	-0.168801	0.9551995600879825,0.04406022795440912,0.0007397720455908819,4.399120175964807e-07
395	891756074	5000.0	0.001	7.15285e-05	0.118311	0.9488410317936413,0.05053229354129174,0.0006266746650669866
391	4006065695	5000.0	0.001	7.15285e-05	0.045667	0.9379587682463507,0.06083375324935013,0.0012050789842031593,2.399520095980804e-06
399	3449941568	5000.0	0.001	7.15285e-05	0.471459	0.875924575084983,0.12216420715856828,0.0019108178364327134,3.9992001599680065e-07
390	3547817501	5000.0	0.001	7.15285e-05	-0.181708	0.9486004399120176,0.05091141771645671,0.00048814237152569487
394	2051157545	5000.0	0.001	7.15285e-05	-0.983809	0.8298079984003199,0.14539500099980004,0.024668226354729053,0.0001287742451509698
398	471096885	5000.0	0.001	7.15285e-05	0.004423	0.9553540891821636,0.04045650869826035,0.004182883423315337,6.518696260747851e-06
403	3215046232	5000.0	0.001	7.15285e-05	0.138809	0.9726301939612078,0.02729266146770646,7.714457108578285e-05
397	865371693	5000.0	0.001	7.15285e-05	-0.078533	0.972575924815037,0.027366966606678665,5.706858628274345e-05,3.9992001599680065e-08
393	88593957	5000.0	0.001	7.15285e-05	-0.132701	0.958156648670266,0.041583243351329735,0.0002599880023995201,1.199760047990402e-07
396	1670503980	5000.0	0.001	7.15285e-05	-0.532941	0.9321524095180964,0.06240903819236153,0.005404279144171166,3.4273145370925816e-05
406	3773445728	5000.0	0.001	7.15285e-05	-0.244735	0.9602671465706859,0.03941919616076785,0.00031361727654469104,3.9992001599680065e-08
402	868462167	5000.0	0.001	7.15285e-05	-0.007236	0.9619583683263347,0.037996600679864025,4.5030993801239755e-05
392	3177553444	5000.0	0.001	7.15285e-05	0.092796	0.9530407518496301,0.04625678864227155,0.0007024595080983803
405	536333915	5000.0	0.001	7.15285e-05	0.012178	0.9779154169166167,0.021927934413117377,0.0001566486702659468
400	2565951044	5000.0	0.001	7.15285e-05	0.343554	0.8553720055988803,0.13896960607878425,0.005657388522295541,9.998000399920016e-07
401	786327114	5000.0	0.001	7.15285e-05	0.593194	0.9135682463507299,0.0860884623075385,0.00034293141371725657,3.5992801439712056e-07
408	2862378596	5000.0	0.001	7.15285e-05	1.868585	0.7750355928814238,0.22122527494501099,0.003738132373525295,9.998000399920016e-07
404	2930411097	5000.0	0.001	7.15285e-05	-0.014763	0.9880541091781644,0.011938892221555688,6.9986002799440115e-06
407	2886692452	5000.0	0.001	7.15285e-05	0.633365	0.8303013797240552,0.16539508098380323,0.0043000599880024,3.4793041391721655e-06
409	1938794090	5000.0	0.001	7.15285e-05	0.096095	0.974942651469706,0.025045830833833233,1.1517696460707858e-05
417	2315486861	5000.0	0.001	7.15285e-05	-0.049199	0.9790923015396921,0.020705418916216755,0.00020227954409118176
424	1875039899	5000.0	0.001	7.15285e-05	-0.405515	0.9499151369726054,0.04963475304939012,0.0004501099780043991
418	2511384206	5000.0	0.001	7.15285e-05	-0.038135	0.9070653469306139,0.09198112377524495,0.0009533293341331733,1.9996000799840033e-07
413	2226351736	5000.0	0.001	7.15285e-05	0.112633	0.928927574485103,0.07066518696260748,0.0004072385522895421
427	2856875698	5000.0	0.001	7.15285e-05	-0.160228	0.8506325534893021,0.14755356928614277,0.0018110777844431113,2.7994401119776045e-06
414	334626426	5000.0	0.001	7.15285e-05	-0.196472	0.9358607078584283,0.06348442311537693,0.0006544291141771646,4.399120175964807e-07
419	1256912534	5000.0	0.001	7.15285e-05	-0.048173	0.9754504699060188,0.024490461907618475,5.906818636272745e-05
422	131714713	5000.0	0.001	7.15285e-05	-0.070308	0.9590104779044191,0.040894461107778446,9.506098780243951e-05
411	978480759	5000.0	0.001	7.15285e-05	0.222466	0.8933179364127175,0.10113025394921016,0.00550121975604879,5.058988202359528e-05
421	3952172697	5000.0	0.001	7.15285e-05	-0.754801	0.8207639672065586,0.17789198160367928,0.0013103779244151169,3.367326534693061e-05
428	3859123891	5000.0	0.001	7.15285e-05	-0.126199	0.9102416316736652,0.07587230553889222,0.013638992201559688,0.0002469106178764247,1.5996800639872026e-07
415	1057164922	5000.0	0.001	7.15285e-05	-0.018779	0.9839595680863827,0.01603251349730054,7.918416316736653e-06
423	3527841435	5000.0	0.001	7.15285e-05	0.245927	0.9642988202359528,0.035678704259148174,2.2475504899020197e-05
412	1794692727	5000.0	0.001	7.15285e-05	-1.110887	0.7882165966806639,0.21080755848830235,0.000972365526894621,3.4793041391721655e-06
416	1146347132	5000.0	0.001	7.15285e-05	-0.331853	0.8701434113177364,0.11167114577084583,0.018082903419316138,0.00010253949210157969
420	1204602518	5000.0	0.001	7.15285e-05	0.131768	0.8844425114977005,0.11293453309338132,0.002622675464907019,2.7994401119776043e-07
425	1452947101	5000.0	0.001	7.15285e-05	0.670245	0.6661950409918016,0.3279049790041992,0.005896500699860028,3.4793041391721655e-06
410	588256875	5000.0	0.001	7.15285e-05	-0.159620	0.9522551889622075,0.044149850029994,0.0035857228554289143,9.238152369526095e-06
426	1131263656	5000.0	0.001	7.15285e-05	0.247199	0.8867058188362328,0.11284107178564287,0.00045306938612277547,3.9992001599680065e-08
429	2856949433	5000.0	0.001	7.15285e-05	0.155979	0.946954049190162,0.05238060387922416,0.0006653469306138772
430	3047958211	5000.0	0.001	7.15285e-05	0.133140	0.8624907418516297,0.12319684063187362,0.014301659668066386,1.0757848430313937e-05
431	1274621656	5000.0	0.001	7.15285e-05	-0.485873	0.9206130373925215,0.07882583483303339,0.0005611277744451109
435	2039318243	5000.0	0.001	7.15285e-05	0.089186	0.9740217556488703,0.025895260947810438,8.298340331933613e-05
438	3458678509	5000.0	0.001	7.15285e-05	0.508431	0.8229328934213157,0.17263131373725255,0.004430473905218956,5.318936212757449e-06
433	3857612511	5000.0	0.001	7.15285e-05	0.641374	0.8426759448110378,0.15127222555488903,0.005948370325934813,0.00010345930813837232
432	1231664863	5000.0	0.001	7.15285e-05	-1.089742	0.7061486902619476,0.2884015196960608,0.005424355128974205,2.543491301739652e-05
434	1446723298	5000.0	0.001	7.15285e-05	0.584034	0.8391540891821636,0.158375524895021,0.002470265946810638,1.199760047990402e-07
436	964624103	5000.0	0.001	7.15285e-05	-0.656842	0.9014268346330734,0.07958876224755049,0.018921975604879022,6.242751449710058e-05
437	1427664620	5000.0	0.001	7.15285e-05	-0.025777	0.9117467306538692,0.08735024995000999,0.0009020995800839832,9.198160367926415e-07
440	1517807343	5000.0	0.001	7.15285e-05	0.225007	0.9589409718056389,0.04047194561087782,0.0005870825834833033
442	3951849206	5000.0	0.001	7.15285e-05	-0.146982	0.967684423115377,0.0312753849230154,0.001038872225554889,1.319736052789442e-06
451	2696208171	5000.0	0.001	7.15285e-05	0.345780	0.9147521295740851,0.07447302539492101,0.01075508898220356,1.9756048790241953e-05
441	2368859894	5000.0	0.001	7.15285e-05	-0.044723	0.968265226954609,0.03169486102779444,3.99120175964807e-05
439	2351986415	5000.0	0.001	7.15285e-05	-0.273666	0.88685574885023,0.11042943411317736,0.0027120575884823036,2.7594481103779245e-06
446	1172866819	5000.0	0.001	7.15285e-05	0.072794	0.9749994401119776,0.024851949610077983,0.00014861027794441111
444	828626681	5000.0	0.001	7.15285e-05	0.190235	0.717114777044591,0.2662889422115577,0.01648234353129374,0.0001139372125574885
445	303576826	5000.0	0.001	7.15285e-05	-0.258514	0.9489422915416916,0.04892793441311738,0.002128654269146171,1.1197760447910417e-06
447	3628517126	5000.0	0.001	7.15285e-05	-0.023701	0.9777033393321336,0.02213233353329334,0.0001643271345730854
443	2601053945	5000.0	0.001	7.15285e-05	-0.661423	0.9048528294341132,0.0945866026794641,0.0005605278944211157,3.9992001599680065e-08
449	526917403	5000.0	0.001	7.15285e-05	-0.210576	0.9182395120975805,0.07758528294341131,0.004173005398920216,2.1995600879824035e-06
450	2412754727	5000.0	0.001	7.15285e-05	-0.297607	0.9133009798040392,0.08659164167166566,0.00010737852429514097
448	3489705753	5000.0	0.001	7.15285e-05	0.426848	0.8047338932213557,0.19294509098180365,0.0022874625074985003,3.351329734053189e-05,3.9992001599680065e-08
453	2268172080	5000.0	0.001	7.15285e-05	-0.105502	0.9604457108578285,0.0390243951209758,0.000529254149170166,6.39872025594881e-07
452	4212406062	5000.0	0.001	7.15285e-05	0.453233	0.9449085782843432,0.055002639472105576,8.878224355128974e-05
454	589584184	5000.0	0.001	7.15285e-05	0.086614	0.9513448910217956,0.0454880223955209,0.003156608678264347,1.0477904419116177e-05
455	510551869	5000.0	0.001	7.15285e-05	-0.532209	0.9123348930213957,0.08397100579884023,0.003599600079984003,9.450109978004399e-05
456	338964288	5000.0	0.001	7.15285e-05	0.099789	0.929489902019596,0.07029674065186962,0.00021335732853429315
457	1260023618	5000.0	0.001	7.15285e-05	-0.273333	0.9597202559488103,0.04006146770645871,0.00021823635272945411,3.9992001599680065e-08
458	2158835528	5000.0	0.001	7.15285e-05	0.007658	0.983512777444511,0.016340091981603678,0.00014713057388522296
467	4140074879	5000.0	0.001	7.15285e-05	-0.644291	0.8860322735452909,0.11278464307138572,0.001129254149170166,5.3829234153169363e-05
460	457860946	5000.0	0.001	7.15285e-05	-0.343211	0.9307276144771046,0.05649298140371926,0.012580123975204959,0.00019928014397120576
466	1332891516	5000.0	0.001	7.15285e-05	-0.664344	0.8722148370325935,0.12523507298540293,0.0025322135572885423,1.783643271345731e-05,3.9992001599680065e-08
470	51122065	5000.0	0.001	7.15285e-05	0.203052	0.9660799440111978,0.033505498900219956,0.00041451709658068387,3.9992001599680065e-08
459	3511254866	5000.0	0.001	7.15285e-05	-0.834281	0.8798564687062588,0.1197258948210358,0.0004176364727054589
461	1420803935	5000.0	0.001	7.15285e-05	0.293030	0.9131100179964007,0.08601131773645271,0.000878624275144971,3.9992001599680065e-08
468	1665107845	5000.0	0.001	7.15285e-05	-0.375218	0.9197096580683863,0.07894313137372526,0.0009060187962407518,0.0004403919216156769,7.998400319936013e-07
462	2836756322	5000.0	0.001	7.15285e-05	-0.087699	0.9439314937012597,0.051833033393321334,0.004235272945410918,1.9996000799840033e-07
465	2066450296	5000.0	0.001	7.15285e-05	0.352729	0.8534819436112777,0.12546454709058188,0.02064891021795641,0.00040451909618076387,7.998400319936013e-08
464	241958775	5000.0	0.001	7.15285e-05	-0.284119	0.964049950009998,0.035594521095780846,0.0003553689262147571,1.5996800639872026e-07
463	1507747684	5000.0	0.001	7.15285e-05	-0.102580	0.9238828634273145,0.07245486902619476,0.0036606678664267145,1.5996800639872026e-06
469	3289675659	5000.0	0.001	7.15285e-05	0.121146	0.9343054589082184,0.05367850429914017,0.011901859628074385,0.00011417716456708658
472	2846660501	5000.0	0.001	7.15285e-05	0.591347	0.9342505098980204,0.06485762847430514,0.0008903419316136773,1.5196960607878424e-06
471	413861781	5000.0	0.001	7.15285e-05	1.839603	0.6741898420315937,0.3207752449510098,0.004850269946010797,0.00018464307138572287
477	1272614823	5000.0	0.001	7.15285e-05	0.594098	0.8885776044791042,0.11091565686862627,0.0005062187562487503,5.198960207958409e-07
476	226455461	5000.0	0.001	7.15285e-05	-0.349123	0.8957667666466707,0.09840915816836633,0.005803639272145571,2.0435912817436513e-05
475	3693225890	5000.0	0.001	7.15285e-05	-0.243388	0.9070168766246751,0.09264383123375325,0.0003392921415716857
473	3861004186	5000.0	0.001	7.15285e-05	-0.205928	0.8493584883023395,0.1437490101979604,0.00682747450509898,6.502699460107978e-05
474	3925614490	5000.0	0.001	7.15285e-05	0.573527	0.8856479904019197,0.1128123975204959,0.0015393321335732853,2.7994401119776043e-07
478	975892394	5000.0	0.001	7.15285e-05	-0.354194	0.8902424315136973,0.10884475104979004,0.0009127374525094981,7.998400319936013e-08
479	38637486	5000.0	0.001	7.15285e-05	0.106331	0.8856127174565087,0.1091256148770246,0.005237112577484503,2.4555088982203558e-05
481	2539485110	5000.0	0.001	7.15285e-05	0.042601	0.9809223355328934,0.019060827834433112,1.6836632673465307e-05
480	1459808176	5000.0	0.001	7.15285e-05	0.385879	0.9380597880423915,0.06173041391721656,0.0002025994801039792,7.198560287942412e-06
483	439224260	5000.0	0.001	7.15285e-05	-0.099623	0.9625498900219956,0.03698856228754249,0.00046094781043791243,5.99880023995201e-07
482	1772013504	5000.0	0.001	7.15285e-05	0.047111	0.9064015196960608,0.09231949610077984,0.001278864227154569,1.199760047990402e-07
486	386383824	5000.0	0.001	7.15285e-05	0.620238	0.9182811837632473,0.08091545690861827,0.0008030793841231754,2.7994401119776043e-07
485	675362766	5000.0	0.001	7.15285e-05	0.325935	0.954565726854629,0.04525614877024595,0.00017800439912017595,1.199760047990402e-07
484	1427468234	5000.0	0.001	7.15285e-05	-0.119950	0.9423010197960408,0.054646030793841234,0.0030515496900619878,1.3997200559888023e-06
488	3008536542	5000.0	0.001	7.15285e-05	-0.186695	0.9119404119176164,0.06985622875424916,0.01811969606078784,8.36632673465307e-05
487	1773367250	5000.0	0.001	7.15285e-05	-0.326492	0.948424275144971,0.05098088382323535,0.0005946810637872425,1.5996800639872026e-07
489	2582804448	5000.0	0.001	7.15285e-05	-0.453986	0.9079422915416917,0.08172833433313337,0.010325614877024596,3.759248150369926e-06
491	2980038635	5000.0	0.001	7.15285e-05	-0.323152	0.9057350129974006,0.09339400119976005,0.0008709458108378325,3.9992001599680065e-08
497	1675227133	5000.0	0.001	7.15285e-05	0.114029	0.9378475904819036,0.061998200359928014,0.00015420915816836633
494	4279681010	5000.0	0.001	7.15285e-05	1.121903	0.6821910017996401,0.3036330333933213,0.013843551289742052,0.0003324135172965407
492	2421925870	5000.0	0.001	7.15285e-05	-0.334945	0.9427872825434913,0.05694713057388522,0.00026518696260747853,3.9992001599680065e-07
493	2328598513	5000.0	0.001	7.15285e-05	0.042613	0.964451149770046,0.03472749450109978,0.0008212357528494301,1.199760047990402e-07
490	2301868004	5000.0	0.001	7.15285e-05	0.011687	0.9648631073785243,0.035080943811237754,5.594881023795241e-05
496	1671587835	5000.0	0.001	7.15285e-05	-0.149878	0.9416970605878824,0.05664307138572285,0.0016595480903819236,3.199360127974405e-07
498	3639742462	5000.0	0.001	7.15285e-05	-0.177341	0.9019578484303139,0.09690481903619276,0.0011362927414517096,1.0397920415916818e-06
495	3262349303	5000.0	0.001	7.15285e-05	-0.634955	0.9358221155768847,0.06406490701859628,0.00011297740451909618
499	2292854783	5000.0	0.001	7.15285e-05	0.302847	0.9033306938612278,0.09616060787842431,0.0005086982603479304
