sim_id	seed	popsize	selcoef	mutrate	velocity	profile
2	1840447513	5000.0	0.001	9.25e-05	-0.312919	0.9365310137972406,0.06116696660667866,0.0023010597880423916,9.598080383923216e-07
18	1557919821	5000.0	0.001	9.25e-05	0.061771	0.9463353329334133,0.05277364527094581,0.000889622075584883,1.3997200559888023e-06
1	983728136	5000.0	0.001	9.25e-05	0.117361	0.8899719656068786,0.10438152369526095,0.005577964407118576,6.854629074185163e-05
0	3211919361	5000.0	0.001	9.25e-05	-0.256854	0.9535978804239152,0.035962007598480304,0.010423875224955009,1.6236752649470107e-05
19	3840768079	5000.0	0.001	9.25e-05	-0.007500	0.9346009198160368,0.06429402119576084,0.001104899020195961,1.5996800639872026e-07
13	2105067589	5000.0	0.001	9.25e-05	0.378085	0.941169926014797,0.05206526694661068,0.006744571085782843,2.023595280943811e-05
3	761751579	5000.0	0.001	9.25e-05	-0.013747	0.8967313737252549,0.10063483303339332,0.0026333133373325334,4.799040191961608e-07
12	2656350266	5000.0	0.001	9.25e-05	0.254094	0.845833073385323,0.14885582883423315,0.005307778444311138,3.319336132773445e-06
8	978333744	5000.0	0.001	9.25e-05	-0.420560	0.7880289542091582,0.17198352329534095,0.03957984403119376,0.00040751849630073987,1.5996800639872026e-07
11	2856439866	5000.0	0.001	9.25e-05	0.111629	0.9276102379524095,0.06779580083983204,0.004003359328134373,0.0005901619676064787,4.399120175964807e-07
14	3390439494	5000.0	0.001	9.25e-05	-0.048810	0.9665905218956209,0.03063903219356129,0.002763487302539492,6.958608278344331e-06
16	555257929	5000.0	0.001	9.25e-05	0.200272	0.8495748850229954,0.1462153569286143,0.004198440311937612,1.1317736452709458e-05
5	1851768862	5000.0	0.001	9.25e-05	0.147214	0.9045294941011798,0.08954269146170765,0.005838032393521295,8.978204359128175e-05
4	3266803742	5000.0	0.001	9.25e-05	0.506641	0.7750306338732253,0.2171640471905619,0.007701619676064787,0.00010369926014797041
17	358834251	5000.0	0.001	9.25e-05	-0.003457	0.9725454909018196,0.027366566686662666,8.794241151769646e-05
7	1148287019	5000.0	0.001	9.25e-05	-0.245121	0.8766552289542091,0.12104591081783643,0.0022510697860427913,4.779044191161768e-05
10	2528342073	5000.0	0.001	9.25e-05	-0.062270	0.9016106778644272,0.09689394121175765,0.0014951009798040392,2.7994401119776043e-07
9	281477169	5000.0	0.001	9.25e-05	0.535732	0.8493797640471905,0.1452274345130974,0.005384883023395321,7.918416316736653e-06
15	4050028613	5000.0	0.001	9.25e-05	-0.450059	0.7523236552689462,0.16530645870825836,0.07151377724455109,0.010845790841831633,1.0317936412717456e-05
6	1123377190	5000.0	0.001	9.25e-05	-0.699520	0.7882556688662268,0.20338024395120977,0.008353209358128375,1.0837832433513298e-05,3.9992001599680065e-08
21	1127587931	5000.0	0.001	9.25e-05	-0.049959	0.9729898820235953,0.026966486702659467,4.363127374525095e-05
20	4099360848	5000.0	0.001	9.25e-05	0.066816	0.9086939412117576,0.08684035192961408,0.00445750849830034,8.198360327934413e-06
29	3718359165	5000.0	0.001	9.25e-05	-0.101959	0.8762973805238953,0.11985554889022196,0.0034611077784443113,0.00038468306338732255,1.279744051189762e-06
26	163561583	5000.0	0.001	9.25e-05	-0.153075	0.9069346130773845,0.08971861627674466,0.003345130973805239,1.6396720655868826e-06
22	265986151	5000.0	0.001	9.25e-05	-0.065359	0.8999383723255349,0.09711529694061188,0.0029306538692261547,1.5676864627074585e-05
28	3567526006	5000.0	0.001	9.25e-05	0.383559	0.9323240151969606,0.05343011397720456,0.01421879624075185,2.7074585082983403e-05
25	1235357807	5000.0	0.001	9.25e-05	-0.152762	0.9272363527294541,0.0723992801439712,0.0003642871425714857,7.998400319936013e-08
35	1550317709	5000.0	0.001	9.25e-05	0.043068	0.8076360327934413,0.18446486702659468,0.007755688862227554,0.0001434113177364527
24	1235075178	5000.0	0.001	9.25e-05	-0.058874	0.7815822435512897,0.21426594681063788,0.004149610077984403,2.1995600879824035e-06
33	422795403	5000.0	0.001	9.25e-05	-0.222039	0.8493260547890422,0.14360815836832633,0.005266706658668266,0.0017962007598480304,2.8794241151769645e-06
32	3716849797	5000.0	0.001	9.25e-05	-0.004519	0.9511924815036993,0.04821131773645271,0.000596120775844831,7.998400319936013e-08
30	719851645	5000.0	0.001	9.25e-05	0.010132	0.9585910417916417,0.04130425914817037,0.00010469906018796241
36	4161867917	5000.0	0.001	9.25e-05	-0.201523	0.9270749050189963,0.06914133173365326,0.0037772445510897822,6.518696260747851e-06
34	3991873677	5000.0	0.001	9.25e-05	0.324300	0.7949390521895621,0.196126974605079,0.008927254549090182,6.71865626874625e-06
23	3161555048	5000.0	0.001	9.25e-05	0.538871	0.8538775444911018,0.14138064387122576,0.004736132773445311,5.678864227154569e-06
27	3372548207	5000.0	0.001	9.25e-05	-1.012612	0.6325931613677265,0.26521887622475504,0.09031957608478304,0.009134133173365326,0.0027336932613477305,5.598880223955209e-07
39	705706138	5000.0	0.001	9.25e-05	0.084640	0.9460519096180764,0.0522006398720256,0.0017448110377924415,2.639472105578884e-06
31	973602949	5000.0	0.001	9.25e-05	0.015455	0.9169886422715456,0.08165670865826835,0.0013506498700259948,3.999200159968006e-06
37	3796639886	5000.0	0.001	9.25e-05	-0.150068	0.8983629674065187,0.10031917616476704,0.0013126974605078983,5.158968206358728e-06
38	1173164174	5000.0	0.001	9.25e-05	-0.398194	0.8014785442911417,0.19591609678064387,0.002601479704059188,3.879224155168966e-06
43	1172803743	5000.0	0.001	9.25e-05	-0.074393	0.9646176764647071,0.034982323535292945,0.0003998000399920016,1.9996000799840033e-07
42	2779510942	5000.0	0.001	9.25e-05	-0.161105	0.9472023595280944,0.051039312137572485,0.0017569286142771446,1.3997200559888023e-06
46	3481430187	5000.0	0.001	9.25e-05	1.063541	0.7818925414917016,0.2081252149570086,0.009898140371925615,8.354329134173166e-05,5.598880223955209e-07
45	3643887785	5000.0	0.001	9.25e-05	-0.048239	0.9653623275344931,0.03353973205358928,0.0010979404119176165
44	371703968	5000.0	0.001	9.25e-05	0.045032	0.9488992201559688,0.04432361527694461,0.006539692061587683,0.00023739252149570085,7.998400319936013e-08
40	2756331675	5000.0	0.001	9.25e-05	-0.074250	0.8742444311137773,0.1250135572885423,0.0007416116776644671,3.9992001599680065e-07
48	2481230005	5000.0	0.001	9.25e-05	0.318590	0.9396076784643072,0.055572805438912215,0.00481751649670066,1.999600079984003e-06
41	1271806107	5000.0	0.001	9.25e-05	-1.017659	0.8670612277544492,0.09060479904019196,0.041975844831033796,0.0003580083983203359,1.199760047990402e-07
47	42725548	5000.0	0.001	9.25e-05	-0.064510	0.9444683063387322,0.04760635872825435,0.007902259548090382,2.3075384923015396e-05
54	2309083349	5000.0	0.001	9.25e-05	0.030037	0.9734145570885823,0.026386042791441713,0.00019904019196160768,3.5992801439712056e-07
50	1247332539	5000.0	0.001	9.25e-05	0.496335	0.8687726054789042,0.1298907018596281,0.0013315336932613478,5.158968206358728e-06
56	4149637346	5000.0	0.001	9.25e-05	0.451320	0.9391670465906818,0.054664147170565884,0.0061627274545090985,6.07878424315137e-06
49	3522504887	5000.0	0.001	9.25e-05	0.071045	0.8755746450709858,0.12284303139372126,0.0015821635672865428,1.5996800639872026e-07
51	1847935163	5000.0	0.001	9.25e-05	-0.035432	0.9742225154969006,0.025539812037592483,0.00023767246550689862
52	3153813691	5000.0	0.001	9.25e-05	-0.050203	0.9115820035992801,0.08505694861027795,0.003359088182363527,1.959608078384323e-06
55	3494455521	5000.0	0.001	9.25e-05	-0.074391	0.9760231553689263,0.02389610077984403,8.074385122975405e-05
53	3025856716	5000.0	0.001	9.25e-05	1.309682	0.7764423115376925,0.2090149570085983,0.012825314937012597,0.0017172965406918616,1.199760047990402e-07
57	2909812962	5000.0	0.001	9.25e-05	-0.390596	0.7282101979604079,0.2526109178164367,0.019114097180563887,6.478704259148171e-05
58	2824933603	5000.0	0.001	9.25e-05	0.376975	0.8074930213957209,0.18382135572885422,0.004860587882423515,0.003820235952809438,4.799040191961608e-06
59	2542309611	5000.0	0.001	9.25e-05	-1.168104	0.8009926814637073,0.19285958808238352,0.0061400119976004796,7.718456308738253e-06
61	2094850292	5000.0	0.001	9.25e-05	0.113395	0.970252549490102,0.02956380723855229,0.0001763647270545891,7.278544291141772e-06
65	1885217034	5000.0	0.001	9.25e-05	-0.143675	0.943393401319736,0.05576480703859228,0.000841751649670066,3.9992001599680065e-08
60	1815245042	5000.0	0.001	9.25e-05	-0.259725	0.9015736852629475,0.07526634673065387,0.022994081183763247,0.00016588682263547292
62	4135639286	5000.0	0.001	9.25e-05	0.077291	0.961399200159968,0.034909418116376725,0.0034960607878424315,0.00019532093581283743
63	781285630	5000.0	0.001	9.25e-05	-0.011193	0.9605209358128375,0.03876972605478904,0.0007091381723655269,1.9996000799840033e-07
67	2203539723	5000.0	0.001	9.25e-05	0.108123	0.9275974805038992,0.07162811437712457,0.0007744051189762048
70	1379952917	5000.0	0.001	9.25e-05	0.859440	0.8764458308338332,0.11791953609278144,0.005628434313137373,6.19876024795041e-06
64	3479306499	5000.0	0.001	9.25e-05	0.478164	0.8397010597880424,0.15432033593281344,0.005977644471105779,9.598080383923216e-07
69	1010180372	5000.0	0.001	9.25e-05	-0.159940	0.9463970405918817,0.04964771045790842,0.0039048990201959607,5.03499300139972e-05
72	1726214427	5000.0	0.001	9.25e-05	0.351784	0.8745520095980804,0.12351409718056389,0.0019309338132373526,2.959408118376325e-06
66	412862730	5000.0	0.001	9.25e-05	0.783375	0.7096295940811838,0.27060255948810236,0.01969122175564887,7.6624675064987e-05
68	332597516	5000.0	0.001	9.25e-05	0.118438	0.9374378324335133,0.054358008398320334,0.008184003199360128,2.0155968806238754e-05
71	835289367	5000.0	0.001	9.25e-05	-0.078839	0.9180492701459708,0.08164143171365727,0.0003092981403719256
73	984324382	5000.0	0.001	9.25e-05	0.283013	0.8933352129574085,0.1018009598080384,0.004856508698260348,7.318536292741451e-06
74	2637740330	5000.0	0.001	9.25e-05	0.087399	0.9244667466506699,0.07450101979604079,0.0010305538892221556,1.6796640671865626e-06
76	1825259822	5000.0	0.001	9.25e-05	-0.041861	0.9547527694461108,0.04516128774245151,8.594281143771246e-05
75	3836358955	5000.0	0.001	9.25e-05	0.046854	0.8451636472705459,0.1241246950609878,0.030646670665866828,6.49870025994801e-05
79	2276907345	5000.0	0.001	9.25e-05	-0.025103	0.9434929414117177,0.05440863827234553,0.002096740651869626,1.6796640671865626e-06
78	2468491591	5000.0	0.001	9.25e-05	0.118927	0.9436356728654269,0.0558500299940012,0.0005142571485702859,3.9992001599680065e-08
77	1327581506	5000.0	0.001	9.25e-05	-0.121125	0.9469862827434513,0.05229378124375125,0.0007199360127974405
80	586656082	5000.0	0.001	9.25e-05	0.055719	0.9454814237152569,0.05228350329934013,0.0022324335132973406,2.639472105578884e-06
81	2600354137	5000.0	0.001	9.25e-05	-0.123264	0.9597923215356928,0.040104779044191165,0.0001028994201159768
82	3913007452	5000.0	0.001	9.25e-05	-0.002330	0.9427660067986403,0.056641791641671664,0.0005268946210757849,6.530693861227754e-05
83	1215125861	5000.0	0.001	9.25e-05	0.518282	0.9290466306738653,0.03605786842631474,0.03457788442311538,0.0003175364927014597,7.998400319936013e-08
84	1833562470	5000.0	0.001	9.25e-05	-0.016325	0.9846389522095581,0.015326974605078984,3.407318536292742e-05
89	3109761393	5000.0	0.001	9.25e-05	-0.350192	0.9116384323135373,0.08628230353929214,0.002051749650069986,2.7514497100579884e-05
91	2455957880	5000.0	0.001	9.25e-05	0.564972	0.7890576684663068,0.20774557088582282,0.003196120775844831,6.39872025594881e-07
85	914086247	5000.0	0.001	9.25e-05	-0.016100	0.902171325734853,0.09377184563087383,0.003910297940411918,0.00014653069386122775
92	987763068	5000.0	0.001	9.25e-05	0.065569	0.9430276344731053,0.05459220155968806,0.0023540891821635674,2.6074785042991403e-05
95	999455106	5000.0	0.001	9.25e-05	0.534382	0.8841583283343332,0.09658356328734254,0.019176604679064187,8.150369926014798e-05
93	4052707712	5000.0	0.001	9.25e-05	0.062727	0.9506589882023595,0.04821043791241752,0.0011269346130773844,3.639272145570886e-06
87	4143567215	5000.0	0.001	9.25e-05	0.030346	0.9234518296340732,0.07630889822035593,0.0002392721455708858
86	1767063913	5000.0	0.001	9.25e-05	-0.373178	0.885374325134973,0.1123381723655269,0.0022865826834633073,9.198160367926415e-07
94	3024085377	5000.0	0.001	9.25e-05	0.031721	0.9632497100579884,0.036708018396320735,4.227154569086183e-05
88	2974001520	5000.0	0.001	9.25e-05	0.554227	0.8666879024195161,0.12780055988802239,0.005325934813037393,0.00018560287942411517
90	649019766	5000.0	0.001	9.25e-05	0.026367	0.9426742651469706,0.05401039792041592,0.0033136972605478906,1.6396720655868826e-06
96	919607683	5000.0	0.001	9.25e-05	-0.271419	0.9222778644271146,0.05813609278144371,0.019559208158368327,2.6834633073385324e-05
97	3061498241	5000.0	0.001	9.25e-05	0.066385	0.9719384923015397,0.027833873225354928,0.00022759448110377925,3.9992001599680065e-08
99	2901647761	5000.0	0.001	9.25e-05	-0.020051	0.9541262547490502,0.045184003199360126,0.0006891821635672865,5.598880223955209e-07
98	4061503878	5000.0	0.001	9.25e-05	0.252696	0.8920597080583883,0.09383431313737252,0.013952049590081984,0.00015392921415716856
102	3225745836	5000.0	0.001	9.25e-05	-0.241492	0.9388570685862827,0.05999916016796641,0.0011437712457508498
100	2717252002	5000.0	0.001	9.25e-05	-0.566842	0.8344475104979004,0.16129302139572085,0.004217636472705459,4.183163367326535e-05
101	1354340775	5000.0	0.001	9.25e-05	0.909809	0.8616492701459708,0.12387206558688263,0.011009718056388722,0.0034519496100779844,1.6996600679864028e-05
105	3109382581	5000.0	0.001	9.25e-05	0.033241	0.975851149770046,0.02408626274745051,6.25874825034993e-05
110	1073875394	5000.0	0.001	9.25e-05	-0.174093	0.916952649470106,0.082099300139972,0.0009478504299140172,1.9996000799840033e-07
107	500185532	5000.0	0.001	9.25e-05	-0.129071	0.9460809438112378,0.049875784843031394,0.00400875824835033,3.45130973805239e-05
104	1233758645	5000.0	0.001	9.25e-05	-0.675116	0.8794975004999,0.11830325934813038,0.0021982803439312137,9.598080383923216e-07
108	1139501501	5000.0	0.001	9.25e-05	0.533184	0.9282957808438312,0.06088990201959608,0.01069250149970006,0.00012181563687262548
106	1314462136	5000.0	0.001	9.25e-05	0.624195	0.8952520695860828,0.09345326934613077,0.011266866626674666,2.7794441111777644e-05
115	4029250009	5000.0	0.001	9.25e-05	-0.051369	0.9443446110777844,0.054563927214557086,0.0010895420915816836,1.919616076784643e-06
112	2568659398	5000.0	0.001	9.25e-05	0.204028	0.9420520295940812,0.05782403519296141,0.00012393521295740853
111	3472177604	5000.0	0.001	9.25e-05	-0.039647	0.9740828634273145,0.020990801839632072,0.004909258148370326,1.7076584683063386e-05
113	1776355784	5000.0	0.001	9.25e-05	0.449439	0.9184657468506299,0.07598964207158568,0.005483023395320936,6.15876824635073e-05
114	2557888972	5000.0	0.001	9.25e-05	-0.011872	0.9416438712257549,0.050774725054989,0.007316696660667866,0.0002647070585882823
109	293091776	5000.0	0.001	9.25e-05	-0.534362	0.7979869626074785,0.1971497300539892,0.004577364527094581,0.0002851029794041192,8.398320335932813e-07
103	363547058	5000.0	0.001	9.25e-05	0.756798	0.8652044791041792,0.13204131173765246,0.002749450109978004,4.759048190361927e-06
118	3137145307	5000.0	0.001	9.25e-05	-0.224056	0.930208398320336,0.06959596080783843,0.00019564087182563487
116	1038817754	5000.0	0.001	9.25e-05	-0.086128	0.7902525894821035,0.20378200359928014,0.005959008198360328,6.3987202559488104e-06
117	2636151259	5000.0	0.001	9.25e-05	0.549010	0.8506892621475705,0.13822975404919016,0.011070905818836232,1.0077984403119377e-05
119	3163247070	5000.0	0.001	9.25e-05	0.597527	0.9058391121775645,0.08200475904819036,0.0009442111577684463,0.011081943611277744,0.0001299740051989602
120	1032950240	5000.0	0.001	9.25e-05	0.046280	0.9745046190761848,0.02513253349330134,0.0003626874625074985,1.5996800639872026e-07
121	2341962210	5000.0	0.001	9.25e-05	-0.027877	0.9532503899220156,0.04588498300339932,0.0006653069386122776,0.00019932013597280543
125	3425690101	5000.0	0.001	9.25e-05	-0.597348	0.8987682863427314,0.09997040591881624,0.001260747850429914,5.598880223955209e-07
122	3033299435	5000.0	0.001	9.25e-05	0.347887	0.8994445110977805,0.06762335532893421,0.03237232553489302,0.0005596480703859228,1.5996800639872026e-07
123	3359181294	5000.0	0.001	9.25e-05	0.157463	0.8612414717056589,0.13050305938812237,0.008242751449710059,1.271745650869826e-05
124	3440194035	5000.0	0.001	9.25e-05	-0.041583	0.9540531093781244,0.045299420115976805,0.0006472305538892222,2.399520095980804e-07
126	1486846453	5000.0	0.001	9.25e-05	0.025567	0.9522792641471706,0.04737232553489302,0.0003484103179364127
127	2132689415	5000.0	0.001	9.25e-05	1.444352	0.7920121575684863,0.20465826834633075,0.00329250149970006,3.707258548290342e-05
129	3831470602	5000.0	0.001	9.25e-05	0.156818	0.9689830833833233,0.03086114777044591,0.00013493301339732053,2.0835832833433314e-05
131	3629869579	5000.0	0.001	9.25e-05	-0.602564	0.8861522095580884,0.10420795840831834,0.009605718856228754,3.4113177364527094e-05
128	500648457	5000.0	0.001	9.25e-05	-0.162741	0.9319075384923016,0.06776512697460507,0.0003249350129974005,2.399520095980804e-06
130	3727479307	5000.0	0.001	9.25e-05	-0.002288	0.9400127974405119,0.058698300339932015,0.0012885822835432914,3.199360127974405e-07
134	2563090961	5000.0	0.001	9.25e-05	0.195794	0.9443346530693861,0.05541479704059188,0.0002503899220155969,1.5996800639872026e-07
135	68655633	5000.0	0.001	9.25e-05	-0.015682	0.9636583483303339,0.03570505898820236,0.0006365126974605079,7.998400319936013e-08
133	3589720590	5000.0	0.001	9.25e-05	-0.046261	0.9503863627274545,0.04756612677464507,0.002046790641871626,7.198560287942411e-07
132	753916427	5000.0	0.001	9.25e-05	0.026849	0.961374125174965,0.03657640471905619,0.002049110177964407,3.5992801439712056e-07
136	860488213	5000.0	0.001	9.25e-05	0.458135	0.943619076184763,0.04592349530093981,0.010442391521695661,1.5036992601479703e-05
137	1083535894	5000.0	0.001	9.25e-05	0.600833	0.8364001599680064,0.16016864627074584,0.0034269546090781844,4.239152169566087e-06
138	2291130912	5000.0	0.001	9.25e-05	-0.049705	0.9578910617876425,0.035479624075184964,0.005924695060987802,0.0007045390921815637,7.998400319936013e-08
139	3412085283	5000.0	0.001	9.25e-05	0.028774	0.9288143971205759,0.07073377324535093,0.00045166966606678666,1.5996800639872026e-07
141	3127319093	5000.0	0.001	9.25e-05	0.187147	0.8975928014397121,0.10144603079384124,0.0009608478304339132,3.199360127974405e-07
140	2621303344	5000.0	0.001	9.25e-05	0.879993	0.7911630073985203,0.20606034793041392,0.002776124775044991,5.198960207958409e-07
144	2401520192	5000.0	0.001	9.25e-05	-0.034107	0.931895300939812,0.056731933613277344,0.011330533893221357,4.2231553689262146e-05
142	389593660	5000.0	0.001	9.25e-05	0.176940	0.9299070185962808,0.06838384323135373,0.0017087782443511298,3.5992801439712056e-07
143	1096026686	5000.0	0.001	9.25e-05	0.161470	0.9073269346130773,0.09084599080183964,0.0018269546090781844,1.199760047990402e-07
146	874703429	5000.0	0.001	9.25e-05	-0.246467	0.8710388322335533,0.12543023395320935,0.003219396120775845,0.0003092981403719256,2.2395520895820834e-06
145	2632419906	5000.0	0.001	9.25e-05	0.240671	0.9234950209958008,0.0750623875224955,0.0014381923615276945,4.399120175964807e-06
147	4110744139	5000.0	0.001	9.25e-05	0.791832	0.8175026194761048,0.18085786842631474,0.001637752449510098,1.7596480703859228e-06
148	2987858514	5000.0	0.001	9.25e-05	0.240300	0.869630273945211,0.12196672665466907,0.00839124175164967,1.1757648470305939e-05
149	2615308888	5000.0	0.001	9.25e-05	-0.166768	0.9305827234553089,0.06830117976404719,0.0011077784443111378,8.318336332733454e-06
150	132401753	5000.0	0.001	9.25e-05	0.045807	0.9615517696460708,0.03797836432713457,0.00046974605078984206,1.199760047990402e-07
151	2910024294	5000.0	0.001	9.25e-05	-0.089680	0.9587812037592481,0.04100439912017596,0.00021439712057588482
154	45693551	5000.0	0.001	9.25e-05	0.007984	0.9178940211957608,0.08130821835632873,0.000770125974805039,2.7634473105378926e-05
152	1019040360	5000.0	0.001	9.25e-05	0.039850	0.8422102779444112,0.15374317136572685,0.0038444311137772447,0.00020207958408318335,3.9992001599680065e-08
155	2633116272	5000.0	0.001	9.25e-05	-0.362609	0.9449704459108178,0.04258244351129774,0.012053269346130773,0.0003938412317536493
153	997454444	5000.0	0.001	9.25e-05	-0.274743	0.8626531493701259,0.13634529094181164,0.0010013597280543892,1.9996000799840033e-07
156	686006901	5000.0	0.001	9.25e-05	0.223077	0.875322775444911,0.12402683463307339,0.0006502699460107979,1.199760047990402e-07
157	3385664118	5000.0	0.001	9.25e-05	-0.227255	0.8614379124175165,0.1369120975804839,0.001648110377924415,1.879624075184963e-06
158	2904144503	5000.0	0.001	9.25e-05	-0.387283	0.8987438112377525,0.0935864827034593,0.0074773845230953805,0.00019232153569286143
159	3018211959	5000.0	0.001	9.25e-05	0.292121	0.9304970605878824,0.06864895020995801,0.0008538292341531694,1.5996800639872026e-07
161	154610306	5000.0	0.001	9.25e-05	0.256686	0.9149666866626674,0.08473197360527894,0.00030133973205358927
164	1770431123	5000.0	0.001	9.25e-05	-0.166292	0.8846137972405519,0.1136381523695261,0.0017478104379124175,2.399520095980804e-07
167	2841201305	5000.0	0.001	9.25e-05	0.095834	0.9726083183363328,0.027341691661667666,4.999000199960008e-05
160	2699768444	5000.0	0.001	9.25e-05	0.868396	0.7912056788642271,0.20145198960207958,0.007182683463307338,0.0001596480703859228
170	867422875	5000.0	0.001	9.25e-05	-0.225575	0.9361411717656468,0.05594757048590282,0.00662623475304939,0.0012815436912617477,3.4793041391721655e-06
165	2930041491	5000.0	0.001	9.25e-05	0.374541	0.8090705858828234,0.18698516296740653,0.003938532293541292,5.718856228754249e-06
171	4014641824	5000.0	0.001	9.25e-05	0.251212	0.925470425914817,0.07399872025594881,0.0005308538292341532
169	1737433754	5000.0	0.001	9.25e-05	0.124233	0.9138877824435113,0.08419760047990402,0.0019135372925414918,1.0797840431913617e-06
163	403710608	5000.0	0.001	9.25e-05	0.307839	0.9440893421315737,0.0548496300739852,0.0010610277944411118
162	2963591816	5000.0	0.001	9.25e-05	-0.012876	0.9539314537092581,0.045524255148970204,0.0005423315336932613,1.959608078384323e-06
172	87689892	5000.0	0.001	9.25e-05	0.131498	0.9264611077784443,0.07327126574685063,0.0002675864827034593,3.9992001599680065e-08
166	1011933848	5000.0	0.001	9.25e-05	0.531444	0.8994066786642672,0.09809514097180563,0.002497780443911218,3.9992001599680065e-07
173	2886388389	5000.0	0.001	9.25e-05	-0.272910	0.7397626074785043,0.2409981203759248,0.019178364327134573,6.0867826434713055e-05,3.9992001599680065e-08
168	527284890	5000.0	0.001	9.25e-05	0.256937	0.9351787242551489,0.06384815036992601,0.0009728854229154169,2.399520095980804e-07
174	2566531752	5000.0	0.001	9.25e-05	-0.083228	0.943231273745251,0.05625970805838832,0.0005089382123575285,7.998400319936013e-08
175	3784311466	5000.0	0.001	9.25e-05	0.170534	0.840325374925015,0.15139056188762248,0.008196520695860828,8.754249150169966e-05
177	2442949293	5000.0	0.001	9.25e-05	-0.280949	0.9468529894021196,0.05239244151169766,0.0007544891021795641,7.998400319936013e-08
176	1959223979	5000.0	0.001	9.25e-05	-0.149176	0.9116114377124576,0.08740491901619676,0.0009817236552689462,1.919616076784643e-06
178	3238646447	5000.0	0.001	9.25e-05	0.089650	0.911687022595481,0.08776092781443712,0.0005518896220755849,1.5996800639872026e-07
179	3276675760	5000.0	0.001	9.25e-05	1.300010	0.6538088382323536,0.3429914817036593,0.0031948010397920418,4.879024195160968e-06
180	1547238070	5000.0	0.001	9.25e-05	0.128894	0.9000596280743851,0.09676088782243551,0.0031734453109378124,6.038792241551689e-06
182	2547305148	5000.0	0.001	9.25e-05	0.430861	0.8942151969606079,0.10407634473105379,0.001708018396320736,4.399120175964807e-07
181	1516513976	5000.0	0.001	9.25e-05	-0.493674	0.9131129774045191,0.07840799840031994,0.008232793441311738,0.00024623075384923017
183	3853546174	5000.0	0.001	9.25e-05	0.541646	0.8971317336532694,0.0991493301339732,0.0036965406918616278,2.2395520895820836e-05
185	2653745872	5000.0	0.001	9.25e-05	0.382026	0.8452551489702059,0.14197984403119376,0.01274001199760048,2.499500099980004e-05
190	2554741481	5000.0	0.001	9.25e-05	-0.339444	0.9066855828834233,0.09295512897420516,0.00035920815836832634,7.998400319936013e-08
186	1961921238	5000.0	0.001	9.25e-05	0.092425	0.9505025794841032,0.04937116576684663,0.00012625474905018997
187	2125415130	5000.0	0.001	9.25e-05	-0.061428	0.9046817036592681,0.08619940011997601,0.009068106378724254,5.0749850029994e-05,3.9992001599680065e-08
189	2161992419	5000.0	0.001	9.25e-05	-0.302647	0.935845550889822,0.06297784443111377,0.0011765646870625875,3.9992001599680065e-08
184	4109263559	5000.0	0.001	9.25e-05	-0.016420	0.902344851029794,0.08601711657668466,0.011629594081183763,8.438312337532494e-06
191	1130834667	5000.0	0.001	9.25e-05	-0.131663	0.9031382123575284,0.09274205158968206,0.003345370925814837,0.0007715256948610278,2.8394321135772845e-06
192	824261364	5000.0	0.001	9.25e-05	0.092039	0.9314667466506699,0.06556020795840832,0.0029306938612277543,3.599280143971206e-06,3.875224955008998e-05
193	421749492	5000.0	0.001	9.25e-05	0.283141	0.9231786442711458,0.07562159568086382,0.001199240151969606,5.198960207958409e-07
188	1174788827	5000.0	0.001	9.25e-05	0.357767	0.8555578884223155,0.14021927614477103,0.004221035792841432,1.799640071985603e-06
194	3604110072	5000.0	0.001	9.25e-05	0.249920	0.8979936412717456,0.09885502899420116,0.0031494501099780044,1.879624075184963e-06
195	2905244416	5000.0	0.001	9.25e-05	0.628419	0.9108222355528894,0.08889606078784243,0.0002817036592681464
196	2961048323	5000.0	0.001	9.25e-05	0.185504	0.9635712457508498,0.035828474305138976,0.0006001999600079984,7.998400319936013e-08
198	4189106961	5000.0	0.001	9.25e-05	0.012038	0.9337321335732853,0.06579144171165767,0.00047634473105378925,7.998400319936013e-08
197	2156964617	5000.0	0.001	9.25e-05	0.501964	0.8241916016796641,0.1597375724855029,0.01580631873625275,0.00026450709858028394
200	3623185179	5000.0	0.001	9.25e-05	-0.087444	0.961162127574485,0.03859448110377924,0.00023919216156768647,4.1991601679664066e-06
201	1866920734	5000.0	0.001	9.25e-05	-0.075661	0.9530937412517496,0.046698420315936816,0.00020315936812637472,4.679064187162567e-06
202	1378548518	5000.0	0.001	9.25e-05	0.103050	0.9481199360127974,0.05110881823635273,0.0007710457908418316,1.9996000799840033e-07
205	463196980	5000.0	0.001	9.25e-05	0.056223	0.8918617076584683,0.09774765046990602,0.010318976204759049,7.166566686662667e-05
199	978930452	5000.0	0.001	9.25e-05	0.652528	0.8017782443511298,0.18793973205358927,0.010194641071785642,8.734253149370126e-05,3.9992001599680065e-08
203	1471427372	5000.0	0.001	9.25e-05	-0.217249	0.8610034393121375,0.13027726454709057,0.008632753449310138,8.654269146170766e-05
204	1970486060	5000.0	0.001	9.25e-05	-0.083214	0.9399131373725255,0.05896028794241152,0.0011249350129974005,1.6396720655868826e-06
206	651813692	5000.0	0.001	9.25e-05	-0.148966	0.9621780043991202,0.03736524695060988,0.0004551489702059588,1.5996800639872026e-06
207	340243262	5000.0	0.001	9.25e-05	-0.006460	0.844798600279944,0.14819328134373125,0.0069099380123975205,9.818036392721456e-05
208	462236479	5000.0	0.001	9.25e-05	-0.347445	0.9517031793641272,0.03426854629074185,0.013945610877824435,8.26634673065387e-05
210	2169285442	5000.0	0.001	9.25e-05	0.082639	0.9565969206158769,0.043324455108978206,7.8624275144971e-05
213	3528239948	5000.0	0.001	9.25e-05	0.428488	0.9038019196160768,0.08958900219956009,0.005544651069786043,0.001063387322535493,1.0397920415916818e-06
209	3137684289	5000.0	0.001	9.25e-05	-0.022676	0.8860920615876825,0.11095124975005,0.00295624875024995,4.399120175964807e-07
214	1903418205	5000.0	0.001	9.25e-05	-0.548228	0.7425444511097781,0.2499745650869826,0.007358088382323535,0.00012289542091581683
211	2645551941	5000.0	0.001	9.25e-05	0.221984	0.9327618076384723,0.06547826434713057,0.001754369126174765,5.558888222355529e-06
212	1167338315	5000.0	0.001	9.25e-05	-0.138055	0.8936807438512298,0.10309586082783444,0.003222355528894221,1.0397920415916818e-06
215	3125455718	5000.0	0.001	9.25e-05	-0.726515	0.7506760647870426,0.2392512697460508,0.009291541691661668,0.0007810837832433514,3.9992001599680065e-08
216	2251256679	5000.0	0.001	9.25e-05	-0.144806	0.8426383523295341,0.15160379924015197,0.0008931413717256549,0.004836432713457309,2.8274345130973805e-05
217	1935807345	5000.0	0.001	9.25e-05	0.215697	0.9442867826434713,0.05496140771845631,0.0007517696460707859,3.9992001599680065e-08
218	336112505	5000.0	0.001	9.25e-05	-0.380960	0.887024275144971,0.1104504699060188,0.0025222955408918217,2.959408118376325e-06
219	1883777917	5000.0	0.001	9.25e-05	-0.063674	0.8896821035792841,0.09143099380123976,0.018783043391321735,0.00010385922815436913
220	1752435582	5000.0	0.001	9.25e-05	-0.179699	0.8976874225154969,0.09760943811237753,0.004701859628074385,1.279744051189762e-06
223	1505522563	5000.0	0.001	9.25e-05	-0.031910	0.9764345130973805,0.022867866426714657,0.0006963007398520296,1.319736052789442e-06
221	1482926974	5000.0	0.001	9.25e-05	0.532224	0.9174743851229754,0.0788502699460108,0.0036576684663067387,1.767646470705859e-05
222	150989696	5000.0	0.001	9.25e-05	0.291035	0.9318914217156569,0.0645250949810038,0.0035817636472705457,1.7196560687862428e-06
224	3600382862	5000.0	0.001	9.25e-05	-0.061779	0.8773954409118176,0.11356888622275545,0.008974245150969807,6.142771445710858e-05
225	1348739983	5000.0	0.001	9.25e-05	0.087162	0.8948036392721456,0.09968574285142971,0.005478224355128974,3.2393521295740854e-05
227	465509269	5000.0	0.001	9.25e-05	-0.517320	0.8922354329134173,0.10499072185562887,0.002723175364927015,5.066986602679464e-05
230	4061707162	5000.0	0.001	9.25e-05	0.174327	0.882320775844831,0.11722163567286542,0.00045758848230353927
228	3637347222	5000.0	0.001	9.25e-05	-0.568593	0.8529224555088982,0.1353358928214357,0.011482783443311337,0.00025646870625874825,2.399520095980804e-06
231	3658085275	5000.0	0.001	9.25e-05	0.167779	0.9385208958208359,0.06095276944611078,0.0005262547490501899,7.998400319936013e-08
226	1745861523	5000.0	0.001	9.25e-05	-0.261210	0.8743950009998,0.12248082383523295,0.003123255348930214,9.198160367926415e-07
232	3697140651	5000.0	0.001	9.25e-05	0.205651	0.9221199360127974,0.07743223355328935,0.000447750449910018,7.998400319936013e-08
229	1673229206	5000.0	0.001	9.25e-05	0.805925	0.9058105578884224,0.07054293141371726,0.023414757048590282,0.00023159368126374726,1.5996800639872026e-07
234	2641374134	5000.0	0.001	9.25e-05	1.648243	0.7275384923015397,0.26172881423715255,0.010445670865826834,0.0002870225954809038
233	607269807	5000.0	0.001	9.25e-05	-0.674087	0.8631196160767847,0.13427118576284744,0.002607118576284743,2.0795840831833635e-06
236	313592761	5000.0	0.001	9.25e-05	0.207172	0.9417959208158369,0.05384523095380924,0.004347810437912418,1.1037792441511698e-05
235	650791865	5000.0	0.001	9.25e-05	0.099759	0.9567347730453909,0.04257600479904019,0.0006855428914217157,3.679264147170566e-06
237	1630315453	5000.0	0.001	9.25e-05	-0.030114	0.933298300339932,0.06567294541091781,0.0010165166966606678,1.22375524895021e-05
238	118672318	5000.0	0.001	9.25e-05	0.250840	0.8773398920215957,0.1085754049190162,0.014061667666466706,2.3035392921415716e-05
239	2894298048	5000.0	0.001	9.25e-05	0.011919	0.936672225554889,0.06302351529694061,0.00030397920415916815,2.7994401119776043e-07
241	3970102214	5000.0	0.001	9.25e-05	-0.200727	0.9265499700059988,0.07216096780643871,0.0012839832033593281,5.078984203159368e-06
240	2840677313	5000.0	0.001	9.25e-05	0.255633	0.8345707658468307,0.15629858028394322,0.00906006798640272,3.4273145370925816e-05,3.63127374525095e-05
242	3305216968	5000.0	0.001	9.25e-05	-0.580540	0.7850107578484303,0.20367102579484103,0.011294901019796041,2.331533693261348e-05
243	1372378060	5000.0	0.001	9.25e-05	-0.365218	0.8050363527294541,0.18029486102779443,0.014604279144171166,6.450709858028395e-05
244	1635646428	5000.0	0.001	9.25e-05	0.137120	0.9367612477504499,0.06199832033593281,0.0012383923215356929,2.039592081583683e-06
245	3713833950	5000.0	0.001	9.25e-05	-0.160346	0.9667900419916017,0.03316116776644671,4.879024195160968e-05
247	3196855264	5000.0	0.001	9.25e-05	-0.076309	0.915596800639872,0.071725574885023,0.012371045790841832,0.0003062587482503499,3.199360127974405e-07
248	1731048417	5000.0	0.001	9.25e-05	-0.062289	0.9516472705458908,0.04700279944011198,0.0013495700859828034,3.5992801439712056e-07
249	4244937702	5000.0	0.001	9.25e-05	0.162398	0.9412563087382524,0.0569504899020196,0.0017929214157168566,2.7994401119776043e-07
252	427178991	5000.0	0.001	9.25e-05	0.496328	0.9138257948410318,0.07376924615076985,0.012327414517096581,7.754449110177965e-05
253	1326801905	5000.0	0.001	9.25e-05	0.957116	0.6128390321935613,0.35380539892021595,0.03321831633673265,0.00013725254949010197
246	284707806	5000.0	0.001	9.25e-05	0.110707	0.899049550089982,0.09031689662067587,0.01059240151969606,4.1151769646070786e-05
250	31888363	5000.0	0.001	9.25e-05	-0.700436	0.8508759848030394,0.11014017196560688,0.0383878824235153,0.0005956408718256348,3.199360127974405e-07
251	3868935148	5000.0	0.001	9.25e-05	-0.098609	0.8682271945610878,0.12305726854629075,0.008707018596280744,8.518296340731854e-06
254	906056698	5000.0	0.001	9.25e-05	-0.477341	0.8512960607878425,0.14285334933013397,0.00583995200959808,1.0637872425514897e-05
255	411790330	5000.0	0.001	9.25e-05	0.062245	0.9171312537492502,0.07800435912817437,0.004861707658468307,2.679464107178564e-06
256	969899009	5000.0	0.001	9.25e-05	0.489807	0.8591457708458309,0.1374008398320336,0.0034514297140571886,1.959608078384323e-06
258	147883020	5000.0	0.001	9.25e-05	0.670270	0.8624816236752649,0.12451601679664068,0.012988962207558487,1.3397320535892822e-05
257	4067654665	5000.0	0.001	9.25e-05	0.405559	0.9231664067186562,0.06511345730853829,0.011707258548290342,1.287742451509698e-05
259	845827086	5000.0	0.001	9.25e-05	-1.090061	0.8502240351929614,0.1481754049190162,0.001599520095980804,1.0397920415916818e-06
260	75031567	5000.0	0.001	9.25e-05	-0.332805	0.9049038192361528,0.09455632873425315,0.0005395320935812838,3.199360127974405e-07
261	2672733200	5000.0	0.001	9.25e-05	-0.017159	0.9666540691861628,0.03326458708258348,8.134373125374925e-05
262	3322602513	5000.0	0.001	9.25e-05	0.036334	0.9212062787442511,0.07726654669066187,0.0015262947410517897,8.798240351929614e-07
263	2428087313	5000.0	0.001	9.25e-05	-0.050077	0.9644069986002799,0.03533461307738452,0.0002583883223355329
264	1094405141	5000.0	0.001	9.25e-05	-0.555297	0.7059811237752449,0.2889506098780244,0.0050574285142971406,1.0837832433513298e-05
265	2012427289	5000.0	0.001	9.25e-05	0.071349	0.9665781643671266,0.03072117576484703,0.002699860027994401,7.998400319936013e-07
267	2872699934	5000.0	0.001	9.25e-05	-0.048968	0.9703313737252549,0.028808438312337533,0.0008599080183963208,2.7994401119776043e-07
266	1724947483	5000.0	0.001	9.25e-05	-0.099172	0.9207295340931814,0.07341391721655668,0.005848390321935613,8.158368326334732e-06
268	2683769894	5000.0	0.001	9.25e-05	-2.462913	0.5369034593081383,0.3076163567286543,0.1546985402919416,0.0007814837032593481,1.5996800639872026e-07
269	2330690609	5000.0	0.001	9.25e-05	0.211848	0.9380223155368926,0.06143851229754049,0.0005391721655668866
270	1453392947	5000.0	0.001	9.25e-05	-0.038944	0.873702899420116,0.11995856828634273,0.005160127974405119,0.0011782843431313737,1.199760047990402e-07
276	2611416136	5000.0	0.001	9.25e-05	-0.032778	0.965431073785243,0.03431945610877824,0.00023639272145570885,1.307738452309538e-05
272	2723183669	5000.0	0.001	9.25e-05	0.232641	0.9008242351529694,0.08789522095580884,0.011094181163767246,0.0001863627274545091
271	3668556852	5000.0	0.001	9.25e-05	0.027361	0.9752132373525295,0.02466138772245551,0.000125374925014997
274	2575690816	5000.0	0.001	9.25e-05	-0.311997	0.8644673065386923,0.13442631473705258,0.0011063387322535494,3.9992001599680065e-08
273	3778118716	5000.0	0.001	9.25e-05	0.252824	0.8987058188362328,0.09991917616476705,0.0013642871425714857,1.0717856428714257e-05
275	4225217604	5000.0	0.001	9.25e-05	-0.024357	0.9055507698460308,0.09376068786242751,0.0006885422915416916
277	938314826	5000.0	0.001	9.25e-05	0.261524	0.8825820035992802,0.1139376124775045,0.003477864427114577,2.519496100779844e-06
278	495815756	5000.0	0.001	9.25e-05	-0.111760	0.931255348930214,0.06640935812837433,0.002317336532693461,1.7956408718256348e-05
281	2435462237	5000.0	0.001	9.25e-05	-0.039756	0.8874757848430314,0.11121295740851829,0.0013085382923415318,2.7194561087782445e-06
280	3677817945	5000.0	0.001	9.25e-05	-0.416784	0.9292751449710058,0.06745334933013397,0.0032704259148170368,1.0797840431913617e-06
279	272387154	5000.0	0.001	9.25e-05	-0.215481	0.9486045990801839,0.0510371125774845,0.0003582883423315337
282	2954384478	5000.0	0.001	9.25e-05	0.416216	0.9021422115576885,0.09575140971805639,0.0021058988202359527,4.799040191961608e-07
283	827550817	5000.0	0.001	9.25e-05	0.000904	0.9279425714857028,0.06812145570885823,0.003935612877424515,3.5992801439712056e-07
285	375708773	5000.0	0.001	9.25e-05	-0.190500	0.9233802839432114,0.07468514297140572,0.0019345730853829234
284	1278332003	5000.0	0.001	9.25e-05	0.282594	0.9033121375724855,0.09591993601279744,0.0007678464307138572,7.998400319936013e-08
287	639566962	5000.0	0.001	9.25e-05	0.168973	0.8882051189762048,0.11040223955208958,0.0013914417116576685,1.199760047990402e-06
286	1612520550	5000.0	0.001	9.25e-05	-0.363006	0.823776524695061,0.1736761047790442,0.00248250349930014,6.486702659468106e-05
289	2551051387	5000.0	0.001	9.25e-05	0.001669	0.9426700659868026,0.05683491301739652,0.0004949810037992401,3.9992001599680065e-08
288	682906744	5000.0	0.001	9.25e-05	0.198065	0.9540987402519496,0.04209422115576884,0.00379496100779844,1.2077584483103379e-05
290	2316643453	5000.0	0.001	9.25e-05	-0.160792	0.9074612277544492,0.0904243151369726,0.001407398520295941,0.0007068186362727454,2.399520095980804e-07
291	1968757888	5000.0	0.001	9.25e-05	-0.481651	0.8226525094981004,0.16985582883423314,0.007489502099580084,2.1595680863827235e-06
292	2740614274	5000.0	0.001	9.25e-05	-0.053789	0.9644477904419116,0.035013237352529494,0.0005150169966006799,2.395520895820836e-05
293	3760428174	5000.0	0.001	9.25e-05	0.044662	0.8004404319136172,0.195651149770046,0.0035394521095780842,0.00036860627874425115,3.5992801439712056e-07
294	3106968718	5000.0	0.001	9.25e-05	-0.019868	0.9018733853229354,0.09734737052589482,0.0007792441511697661
296	2080119960	5000.0	0.001	9.25e-05	-0.019750	0.9596619076184763,0.03098240351929614,0.008534693061387722,0.0001392121575684863,0.0006772645470905818,4.519096180763847e-06
295	2390258836	5000.0	0.001	9.25e-05	0.016420	0.918920375924815,0.07960955808838233,0.0014686662667466506,1.3997200559888023e-06
297	215817372	5000.0	0.001	9.25e-05	-0.019216	0.9436615076984604,0.05600803839232153,0.00023623275344931014,9.422115576884623e-05
298	96226465	5000.0	0.001	9.25e-05	-0.808918	0.7822116776644671,0.20929122175564888,0.00816388722255549,0.00033313337332533494,7.998400319936013e-08
300	4042550443	5000.0	0.001	9.25e-05	-0.037587	0.9329842831433713,0.06644071185762847,0.0005750049990002
299	2158140586	5000.0	0.001	9.25e-05	-0.049026	0.9474329934013197,0.04957608478304339,0.0029886022795440914,2.319536092781444e-06
301	2859934902	5000.0	0.001	9.25e-05	-0.033935	0.840125974805039,0.15030621875624875,0.009563007398520297,4.799040191961608e-06
302	2923273409	5000.0	0.001	9.25e-05	-0.067841	0.9770071585682863,0.022949490101979605,4.315136972605479e-05,1.9996000799840033e-07
303	1108122819	5000.0	0.001	9.25e-05	-0.235815	0.841123375324935,0.15217020595880823,0.006692621475704859,1.3797240551889623e-05
305	3918879966	5000.0	0.001	9.25e-05	0.165123	0.9614562287542492,0.03826922615476905,0.00027454509098180364
304	2793927885	5000.0	0.001	9.25e-05	-0.544647	0.8589016196760648,0.13897844431113776,0.0021198960207958408,3.9992001599680065e-08
306	398791904	5000.0	0.001	9.25e-05	-0.308141	0.836429874025195,0.1461502099580084,0.017260947810437913,0.00015896820635872826
307	1047989475	5000.0	0.001	9.25e-05	0.398386	0.9205019396120776,0.07923327334533094,0.0002646670665866827,1.199760047990402e-07
308	4143660264	5000.0	0.001	9.25e-05	0.683791	0.8563262547490502,0.13081595680863828,0.012774005198960207,8.378324335132974e-05
309	884780275	5000.0	0.001	9.25e-05	0.079562	0.9259786042791441,0.07055324935012998,0.0034669466106778644,1.199760047990402e-06
311	3622145284	5000.0	0.001	9.25e-05	0.146068	0.9339616476704659,0.060434353129374126,0.005599400119976005,4.599080183963207e-06
310	1574276344	5000.0	0.001	9.25e-05	0.377129	0.8601889622075585,0.13836128774245152,0.0014490301939612078,7.198560287942411e-07
312	2702275847	5000.0	0.001	9.25e-05	0.000896	0.9784793841231754,0.021203239352129574,0.0003172965406918616,7.998400319936013e-08
314	3232054552	5000.0	0.001	9.25e-05	-0.024889	0.8627431713657269,0.13198952209558087,0.004769806038792242,0.00049750049990002
313	2468420882	5000.0	0.001	9.25e-05	-0.295410	0.6641115376924616,0.331477024595081,0.004391641671665667,1.9796040791841633e-05
315	538801434	5000.0	0.001	9.25e-05	-0.935539	0.7911219356128775,0.20103899220155969,0.007830953809238152,8.118376324735054e-06
316	2819298589	5000.0	0.001	9.25e-05	0.187773	0.9193193361327734,0.07807262547490502,0.002601479704059188,6.55868826234753e-06
317	370165022	5000.0	0.001	9.25e-05	-0.125807	0.9509281343731254,0.048383283343331335,0.0006885822835432914
318	3469901087	5000.0	0.001	9.25e-05	-0.031351	0.8680343931213758,0.131302099580084,0.0006634673065386923,3.9992001599680065e-08
320	2619243816	5000.0	0.001	9.25e-05	-0.038940	0.9179156568686263,0.07929174165166966,0.0027918416316736654,7.598480303939212e-07
321	1921633577	5000.0	0.001	9.25e-05	-0.301404	0.8875153769246151,0.10817800439912018,0.004304499100179964,2.1195760847830435e-06
319	1549088034	5000.0	0.001	9.25e-05	0.022306	0.9685583683263347,0.030422995400919816,0.0010172765446910617,1.3597280543891223e-06
322	843562281	5000.0	0.001	9.25e-05	-1.611797	0.7005246150769846,0.25495636872625477,0.04166598680263947,0.0028450309938012398,7.998400319936012e-06
323	889494827	5000.0	0.001	9.25e-05	0.153720	0.9227266146770646,0.07421811637672465,0.003054389122175565,8.798240351929614e-07
324	586779945	5000.0	0.001	9.25e-05	0.146373	0.9352987402519496,0.06267018596280743,0.002029634073185363,1.4397120575884822e-06
325	4206329134	5000.0	0.001	9.25e-05	-0.190869	0.7680051189762047,0.23060851829634074,0.0013834433113377325,2.9194161167766445e-06
326	2934320430	5000.0	0.001	9.25e-05	0.090294	0.9232325534893021,0.075250149970006,0.0015171765646870626,1.199760047990402e-07
327	3652070704	5000.0	0.001	9.25e-05	-0.106305	0.956519776044791,0.03941583683263347,0.003983203359328134,8.118376324735053e-05
330	3970741563	5000.0	0.001	9.25e-05	-0.070875	0.9654342731453709,0.034094541091781644,0.0004711857628474305
328	1265370419	5000.0	0.001	9.25e-05	0.462029	0.6947470105978805,0.3000438312337532,0.005046590681863627,0.00016256748650269947
329	3764479290	5000.0	0.001	9.25e-05	-0.476037	0.8732026794641071,0.12162911417716457,0.005072105578884223,9.606078784243151e-05,3.9992001599680065e-08
334	54996289	5000.0	0.001	9.25e-05	0.322867	0.9126085182963407,0.08598988202359528,0.0013979204159168166,3.679264147170566e-06
331	3619073340	5000.0	0.001	9.25e-05	0.145660	0.90070049990002,0.09792249550089982,0.001317616476704659,5.934813037392521e-05,3.9992001599680065e-08
333	2640344383	5000.0	0.001	9.25e-05	-0.393127	0.857449950009998,0.1338854629074185,0.008641031793641271,2.3555288942211558e-05
332	1816536382	5000.0	0.001	9.25e-05	-0.069965	0.9387559688062388,0.05849418116376725,0.0027468106378724256,3.039392121575685e-06
336	1356516676	5000.0	0.001	9.25e-05	0.016435	0.9031478904219156,0.09042803439312137,0.006423795240951809,2.7994401119776043e-07
335	2507345217	5000.0	0.001	9.25e-05	0.141025	0.8119268146370726,0.18420427914417117,0.003253269346130774,0.0006155968806238752,3.9992001599680065e-08
338	1715191129	5000.0	0.001	9.25e-05	0.044324	0.9736265146970606,0.025971565686862628,0.0004019196160767846
337	2139917644	5000.0	0.001	9.25e-05	0.081724	0.9116657868426314,0.08346606678664267,0.0048124775044991,5.566886622675465e-05
339	620217690	5000.0	0.001	9.25e-05	-0.148342	0.8583210157968406,0.13805974805038992,0.0034891821635672864,0.00013005398920215957
343	2065720688	5000.0	0.001	9.25e-05	-0.244569	0.9259308138372325,0.071899300139972,0.002164207158568286,5.678864227154569e-06
340	3164663139	5000.0	0.001	9.25e-05	0.004379	0.9015057388522295,0.09590885822835434,0.0025850829834033195,3.199360127974405e-07
344	3978255731	5000.0	0.001	9.25e-05	-0.052477	0.9356643071385723,0.056117696460707855,0.00819620075984803,2.1795640871825633e-05
341	4062518633	5000.0	0.001	9.25e-05	-0.370302	0.9099688462307538,0.08619724055188963,0.0038236752649470104,1.0237952409518097e-05
346	2045566337	5000.0	0.001	9.25e-05	0.318924	0.9318263147370526,0.06662695460907818,0.0015466506698660267,7.998400319936013e-08
345	2304126326	5000.0	0.001	9.25e-05	0.082926	0.9179532093581284,0.06915932813437313,0.012883023395320936,4.439112177564487e-06
342	3520685423	5000.0	0.001	9.25e-05	-0.091010	0.8684403519296141,0.13064435112977404,0.0009040191961607678,1.1277744451109779e-05
347	3894336898	5000.0	0.001	9.25e-05	0.369605	0.8832624675064987,0.11361747650469906,0.0019032993401319736,0.0012105978804239153,6.15876824635073e-06
349	3882933636	5000.0	0.001	9.25e-05	-0.066540	0.940750649870026,0.05815800839832034,0.0010908618276344732,4.799040191961608e-07
350	4257525127	5000.0	0.001	9.25e-05	-0.067758	0.9459644071185763,0.05096096780643871,0.0030734253149370125,1.199760047990402e-06
348	1977857411	5000.0	0.001	9.25e-05	0.874688	0.7850362327534494,0.20654601079784043,0.008378684263147371,3.9072185562887425e-05
352	1554486665	5000.0	0.001	9.25e-05	-0.076612	0.9490547490501899,0.05067082583483303,0.0002744251149770046
355	3248971151	5000.0	0.001	9.25e-05	-0.136392	0.9459578084383123,0.05076364727054589,0.003243871225754849,3.4673065386922613e-05
353	4218787212	5000.0	0.001	9.25e-05	0.367393	0.7851525294941012,0.20558588282343532,0.008785282943411318,0.0004762247550489902,7.998400319936013e-08
351	4270347656	5000.0	0.001	9.25e-05	0.283055	0.9033995600879824,0.09551049790041992,0.0010800239952009599,9.918016396720655e-06
354	1381551502	5000.0	0.001	9.25e-05	-0.058320	0.9622909018196361,0.03753637272545491,0.0001727254549090182
356	1943735697	5000.0	0.001	9.25e-05	-0.056909	0.9371554089182164,0.062358368326334734,0.00048610277944411117,1.199760047990402e-07
357	3286623634	5000.0	0.001	9.25e-05	0.140089	0.9568455108978204,0.04261559688062388,0.0005371325734853029,1.7596480703859228e-06
358	2766986644	5000.0	0.001	9.25e-05	0.224237	0.9295632073585283,0.06926578684263147,0.0011707258548290342,2.7994401119776043e-07
359	606711194	5000.0	0.001	9.25e-05	0.039635	0.9500844631073785,0.04953937212557488,0.0003761647670465907
361	3278245282	5000.0	0.001	9.25e-05	-0.194017	0.7533044191161767,0.2185510897820436,0.027849270145970807,0.00029522095580883823
363	2019259814	5000.0	0.001	9.25e-05	0.205129	0.937092101579684,0.062454149170165965,0.00045358928214357127,1.5996800639872026e-07
362	1476916645	5000.0	0.001	9.25e-05	-0.048677	0.9567091381723656,0.041269226154769044,0.0020213157368526294,3.199360127974405e-07
360	3571586464	5000.0	0.001	9.25e-05	-0.385580	0.9196232353529294,0.06688598280343931,0.013468946210757848,2.1835632873425314e-05
364	2422472101	5000.0	0.001	9.25e-05	0.345180	0.9492504299140172,0.04325626874625075,0.00748126374725055,1.20375924815037e-05
366	3768913320	5000.0	0.001	9.25e-05	0.076311	0.8966840631873625,0.07902175564887022,0.023910457908418316,0.00038368326334733055,3.9992001599680065e-08
367	623134126	5000.0	0.001	9.25e-05	0.056376	0.9432682663467307,0.054787002599480106,0.0019442111577684463,5.198960207958409e-07
365	812899752	5000.0	0.001	9.25e-05	-0.148763	0.9577472905418917,0.04197008598280344,0.00028262347530493904
370	1096236469	5000.0	0.001	9.25e-05	-0.086501	0.9435911617676465,0.05616564687062588,0.0002429514097180564,2.399520095980804e-07
369	3532410292	5000.0	0.001	9.25e-05	-0.010441	0.9572041591681664,0.04230245950809838,0.000493381323735253
368	1579429299	5000.0	0.001	9.25e-05	0.148336	0.9592777044591082,0.04060511897620476,0.00011717656468706259
372	3261353407	5000.0	0.001	9.25e-05	-0.123722	0.947074025194961,0.04855492901419716,0.004357248550289942,1.3797240551889623e-05
371	3754263994	5000.0	0.001	9.25e-05	-0.053944	0.9645151369726055,0.0351621275744851,0.00032269546090781843,3.9992001599680065e-08
374	1029647812	5000.0	0.001	9.25e-05	-0.235532	0.8821697660467906,0.11172113577284543,0.002427754449110178,0.003678984203159368,2.359528094381124e-06
375	3505954246	5000.0	0.001	9.25e-05	-0.022112	0.9565774445110978,0.043155488902219555,0.0002670665866826635
373	2212879809	5000.0	0.001	9.25e-05	0.146963	0.8968674665066987,0.09852229554089183,0.002227634473105379,0.002377244551089782,5.358928214357128e-06
376	824987083	5000.0	0.001	9.25e-05	-0.148563	0.9480433913217357,0.04979904019196161,0.0021504099180163967,7.1585682863427314e-06
377	1838269900	5000.0	0.001	9.25e-05	0.129591	0.9338467106578684,0.06528150369926015,0.0008703059388122375,1.4797040591881624e-06
378	3837863377	5000.0	0.001	9.25e-05	0.152693	0.9391312537492501,0.06012361527694461,0.0007420515896820636,3.079384123175365e-06
379	39708118	5000.0	0.001	9.25e-05	-0.117194	0.9048927414517096,0.09039592081583683,0.0044108378324335135,0.00030041991601679666,7.998400319936013e-08
381	1682996698	5000.0	0.001	9.25e-05	-0.564874	0.8021524895020996,0.19169118176364727,0.00611625674865027,4.0071985602879425e-05
383	2390023651	5000.0	0.001	9.25e-05	0.263942	0.9393041391721656,0.05367226554689062,0.007017316536692662,6.27874425114977e-06
380	2214858199	5000.0	0.001	9.25e-05	-0.023631	0.9536834633073386,0.04524127174565087,0.0010725854829034193,2.679464107178564e-06
385	991243766	5000.0	0.001	9.25e-05	-0.145292	0.885207198560288,0.11252857428514297,0.002262027594481104,2.1995600879824035e-06
384	413455852	5000.0	0.001	9.25e-05	0.177571	0.9562719856028794,0.04325702859428114,0.00047098580283943213
386	3417193976	5000.0	0.001	9.25e-05	-0.147175	0.8882052789442112,0.11003819236152769,0.0017529294141171766,3.599280143971206e-06
382	4061629920	5000.0	0.001	9.25e-05	-0.434675	0.8558875424915017,0.11545146970605878,0.022443551289742052,0.004275344931013798,0.0019414117176564686,6.798640271945611e-07
387	701210108	5000.0	0.001	9.25e-05	0.409040	0.8601265346930614,0.11247674465106978,0.02629126174765047,0.0010977804439112177,7.678464307138573e-06
389	3076023807	5000.0	0.001	9.25e-05	1.142922	0.8838853429314137,0.07789318136372725,0.038041791641671666,0.00017968406318736254
390	1653534208	5000.0	0.001	9.25e-05	-0.297259	0.9613246150769846,0.02931641671665667,0.00934757048590282,1.1397720455908818e-05
391	2606120450	5000.0	0.001	9.25e-05	0.337018	0.9327846430713858,0.06624559088182363,0.0009674465106978605,2.319536092781444e-06
388	3858664958	5000.0	0.001	9.25e-05	0.121392	0.9452488302339532,0.05302711457708458,0.0017162967406518697,7.758448310337932e-06
394	665241100	5000.0	0.001	9.25e-05	0.069121	0.8935621675664867,0.10450085982803439,0.0019355328934213157,1.4397120575884822e-06
395	833179162	5000.0	0.001	9.25e-05	0.513407	0.8526767046590682,0.1450876224755049,0.0021619676064787044,7.370525894821035e-05
392	459628035	5000.0	0.001	9.25e-05	-0.569746	0.9069786842631473,0.09195932813437313,0.001061867626474705,1.199760047990402e-07
393	2662123016	5000.0	0.001	9.25e-05	-0.486845	0.9081099380123975,0.08356524695060988,0.007763647270545891,0.0005611277744451109,3.9992001599680065e-08
397	3026998812	5000.0	0.001	9.25e-05	-0.803376	0.8699975204959008,0.12606070785842832,0.003940571885622876,1.199760047990402e-06
396	1846318618	5000.0	0.001	9.25e-05	-0.058360	0.9359254149170166,0.055987042591481705,0.008066786642671466,2.0755848830233953e-05
400	3733036582	5000.0	0.001	9.25e-05	0.018205	0.8750794641071785,0.12282127574485104,0.002099220155968806,3.9992001599680065e-08
398	1726203422	5000.0	0.001	9.25e-05	0.242556	0.9410855028994202,0.05875976804639072,0.00015472905418916218
402	1587766828	5000.0	0.001	9.25e-05	-0.098470	0.9046313537292542,0.09436572685462907,0.0010025994801039792,3.199360127974405e-07
399	2012161567	5000.0	0.001	9.25e-05	0.013629	0.9518801039792042,0.047214957008598284,0.0009048990201959608,3.9992001599680065e-08
403	3724924460	5000.0	0.001	9.25e-05	-0.084942	0.7736496300739852,0.21839192161567686,0.007942811437712458,1.5636872625474905e-05
401	2339503657	5000.0	0.001	9.25e-05	-0.158584	0.8875361327734453,0.10683171365726854,0.00498248350329934,0.0006495500899820036,1.199760047990402e-07
405	2441776695	5000.0	0.001	9.25e-05	0.326803	0.6912352329534093,0.29726498700259946,0.01138884223155369,0.0001109378124375125
404	4106180149	5000.0	0.001	9.25e-05	-0.037672	0.9528450309938012,0.04691781643671266,0.0002371125774845031,3.9992001599680065e-08
409	1438764613	5000.0	0.001	9.25e-05	0.511619	0.937860547890422,0.05067990401919616,0.011333573285342931,0.0001259748050389922
406	3164589625	5000.0	0.001	9.25e-05	-0.044544	0.9017619676064788,0.09761835632873425,0.0006196760647870426
411	521690716	5000.0	0.001	9.25e-05	0.232978	0.9433076984603079,0.053601079784043194,0.003075144971005799,1.6076784643071386e-05
407	1472572986	5000.0	0.001	9.25e-05	-0.028081	0.9591375324935013,0.039101979604079184,0.001759248150369926,1.2397520495900819e-06
408	342105668	5000.0	0.001	9.25e-05	0.322398	0.8585584083183363,0.1395003799240152,0.0019410517896420716,1.5996800639872026e-07
410	2705475147	5000.0	0.001	9.25e-05	-0.063760	0.9447438112377524,0.05477760447910418,0.0004785842831433713
412	90343006	5000.0	0.001	9.25e-05	-0.044031	0.964121375724855,0.03510321935612878,0.0007713657268546291,4.039192161567687e-06
413	2274799206	5000.0	0.001	9.25e-05	-0.004623	0.8879023795240952,0.09522943411317736,0.016850349930013997,1.783643271345731e-05
414	2501219942	5000.0	0.001	9.25e-05	-0.297143	0.9133686462707459,0.08125342931413718,0.0053735652869426115,4.359128174365127e-06
415	723424880	5000.0	0.001	9.25e-05	0.236793	0.7067714457108578,0.27459888022395523,0.01861747650469906,1.219756048790242e-05
417	1778966143	5000.0	0.001	9.25e-05	-0.333103	0.9122659468106379,0.08238684263147371,0.005320375924815037,2.6834633073385324e-05
416	1587197553	5000.0	0.001	9.25e-05	0.032734	0.9080030393921216,0.09151049790041992,0.0004858228354329134,6.39872025594881e-07
418	358645376	5000.0	0.001	9.25e-05	-0.328191	0.8773140571885623,0.12121615676864628,0.0014681863627274544,1.5996800639872026e-06
421	150988425	5000.0	0.001	9.25e-05	-0.343545	0.9167659668066387,0.08205854829034193,0.0011753249350129973,1.5996800639872026e-07
419	2136520323	5000.0	0.001	9.25e-05	-0.377621	0.9335873625274945,0.06535332933413317,0.0010575484903019396,1.7596480703859228e-06
420	567881348	5000.0	0.001	9.25e-05	-0.108857	0.9408528294341132,0.05591705658868226,0.0031974405118976204,3.267346530693861e-05
422	3884910222	5000.0	0.001	9.25e-05	-0.487686	0.8964285542891421,0.10214533093381324,0.0014099580083983202,1.6156768646270746e-05
423	1834321551	5000.0	0.001	9.25e-05	-0.010904	0.942571525694861,0.056224595080983805,0.0012024795040991802,1.3997200559888023e-06
427	2214930081	5000.0	0.001	9.25e-05	0.065820	0.9321479704059188,0.06690673865226955,0.0009451709658068386,1.199760047990402e-07
426	3136181913	5000.0	0.001	9.25e-05	0.098643	0.9439656868626275,0.0550625474905019,0.0009716856628674265,7.998400319936013e-08
425	1716735637	5000.0	0.001	9.25e-05	0.080557	0.925933573285343,0.07268262347530494,0.0013836832633473306,1.199760047990402e-07
424	955319956	5000.0	0.001	9.25e-05	0.758303	0.8899552089582083,0.09026770645870826,0.018791961607678466,0.0009847230553889222,3.9992001599680065e-07
429	2364446377	5000.0	0.001	9.25e-05	0.329491	0.9039672865426914,0.09160843831233753,0.004418356328734253,5.878824235152969e-06,3.9992001599680065e-08
428	493057702	5000.0	0.001	9.25e-05	-0.039733	0.9313044591081784,0.06839568086382723,0.0002988602279544091,9.998000399920016e-07
430	1426558639	5000.0	0.001	9.25e-05	0.006748	0.9395164967006598,0.060201999600079985,0.0002810637872425515,4.399120175964807e-07
431	3428005558	5000.0	0.001	9.25e-05	0.050917	0.9373757648470306,0.0590872625474905,0.0035360527894421115,9.198160367926415e-07
433	2282012349	5000.0	0.001	9.25e-05	-0.105969	0.9685154969006199,0.03136788642271546,0.00011661667666466707
434	2118753988	5000.0	0.001	9.25e-05	0.404815	0.9362174765046991,0.06350829834033193,0.00027310537892421513,1.1197760447910417e-06
435	4279549643	5000.0	0.001	9.25e-05	0.396276	0.8414354329134173,0.15180983803239353,0.006742051589682063,1.267746450709858e-05
432	2794526396	5000.0	0.001	9.25e-05	0.156801	0.9428247150569886,0.051956848630273944,0.005213117376524695,5.318936212757449e-06
436	1991608012	5000.0	0.001	9.25e-05	-0.134980	0.8458589082183563,0.15203975204959008,0.0020998200359928013,1.5196960607878424e-06
437	946783948	5000.0	0.001	9.25e-05	0.008957	0.9621856828634273,0.03745878824235153,0.00035552889422115576
438	1404937933	5000.0	0.001	9.25e-05	0.016531	0.9149960407918416,0.08433233353329334,0.0006715856828634273,3.9992001599680065e-08
440	3871342290	5000.0	0.001	9.25e-05	-0.468533	0.7804245150969806,0.20858300339932015,0.01058504299140172,0.00040739852029594083,3.9992001599680065e-08
441	1177056980	5000.0	0.001	9.25e-05	0.037842	0.9396090781843631,0.059117056588682264,0.0012735452909418117,3.199360127974405e-07
439	1679965905	5000.0	0.001	9.25e-05	0.242451	0.9332174765046991,0.0656376724655069,0.0011425314937012598,2.319536092781444e-06
442	885270234	5000.0	0.001	9.25e-05	-0.203106	0.8553214957008598,0.1371273345330934,0.00744499100179964,0.00010617876424715058
443	991782621	5000.0	0.001	9.25e-05	1.392552	0.7831664467106578,0.1905394121175765,0.026047230553889224,0.00024439112177564485,2.519496100779844e-06
445	3795656436	5000.0	0.001	9.25e-05	0.812468	0.8759858428314337,0.11326790641871626,0.010621075784843031,0.0001251749650069986
444	2824537830	5000.0	0.001	9.25e-05	0.121698	0.9634550689862028,0.03639524095180964,0.00014969006198760248
449	2122731269	5000.0	0.001	9.25e-05	0.435777	0.8513554089182164,0.14535452909418117,0.0032874225154969007,2.639472105578884e-06
447	3341944574	5000.0	0.001	9.25e-05	1.479555	0.7936858628274345,0.19615496900619875,0.008820195960807839,0.0013384523095380924,5.198960207958409e-07
446	1188613885	5000.0	0.001	9.25e-05	0.965165	0.7452757848430314,0.2509350929814037,0.003787642471505699,1.4797040591881624e-06
448	2213170942	5000.0	0.001	9.25e-05	0.999148	0.8647697660467907,0.10736460707858428,0.027466666666666667,0.0003959608078384323,2.999400119976005e-06
451	3468291856	5000.0	0.001	9.25e-05	-0.118959	0.9633850029994001,0.03655120975804839,6.378724255148971e-05
450	3156633358	5000.0	0.001	9.25e-05	-0.070955	0.9010763447310538,0.0983369726054789,0.0005865226954609078,1.5996800639872026e-07
453	1112758035	5000.0	0.001	9.25e-05	-0.093348	0.9642333933213357,0.03565258948210358,0.0001139372125574885,7.998400319936013e-08
452	27762450	5000.0	0.001	9.25e-05	0.109124	0.9505162567486503,0.04825902819436113,0.0012227554489102179,1.959608078384323e-06
454	3101865746	5000.0	0.001	9.25e-05	-0.285544	0.8393625674865027,0.1564862227554489,0.004083423315336933,6.762647470505899e-05,1.5996800639872026e-07
456	1148972834	5000.0	0.001	9.25e-05	0.275933	0.9531744051189762,0.04093965206958608,0.005838352329534093,4.7590481903619274e-05
457	2443257640	5000.0	0.001	9.25e-05	0.152058	0.9469038192361527,0.05244467106578684,0.0006491101779644072,2.399520095980804e-06
455	3834857242	5000.0	0.001	9.25e-05	-0.055563	0.9720272345530894,0.027506498700259948,0.0004631073785242951,3.1593681263747252e-06
460	2526132020	5000.0	0.001	9.25e-05	0.521077	0.885492301539692,0.11329626074785043,0.0012105178964207158,9.198160367926415e-07
463	1175025477	5000.0	0.001	9.25e-05	-0.496237	0.9234975404919016,0.07283463307338532,0.003629634073185363,3.819236152769446e-05
458	1664229160	5000.0	0.001	9.25e-05	-0.038170	0.8295910017996401,0.165748450309938,0.004598560287942412,6.19876024795041e-05
461	1999802169	5000.0	0.001	9.25e-05	0.373032	0.877597800439912,0.1196382723455309,0.002763647270545891,2.7994401119776043e-07
462	1661136705	5000.0	0.001	9.25e-05	-0.052647	0.9513525694861028,0.047356848630273944,0.00128874225154969,1.839632073585283e-06
459	2235361072	5000.0	0.001	9.25e-05	0.049178	0.885294101179764,0.11047966406718657,0.004222235552889422,3.999200159968006e-06
464	2729967432	5000.0	0.001	9.25e-05	0.331668	0.9387923615276944,0.060633993201359725,0.0005736452709458108
465	851781449	5000.0	0.001	9.25e-05	-0.061290	0.9718710657868427,0.027997880423915218,0.00013105378924215157
466	3123525454	5000.0	0.001	9.25e-05	0.383710	0.9323218156368727,0.06662831433713258,0.001035632873425315,1.4237152569486102e-05
469	2969812820	5000.0	0.001	9.25e-05	-0.027376	0.9758022395520896,0.023436392721455708,0.00046406718656268747,0.0002972605478904219,3.9992001599680065e-08
467	1270847311	5000.0	0.001	9.25e-05	-0.107533	0.9327740451909619,0.06577704459108179,0.0014483903219356129,5.198960207958409e-07
468	3648659280	5000.0	0.001	9.25e-05	-0.309666	0.8589366926614677,0.13769022195560887,0.0033678464307138572,5.238952209558089e-06
471	3010195312	5000.0	0.001	9.25e-05	-0.088122	0.9520215956808639,0.04723623275344931,0.0007421715656868626
470	7407448	5000.0	0.001	9.25e-05	0.421052	0.9151298540291941,0.08449610077984403,0.00037404519096180766
472	529362811	5000.0	0.001	9.25e-05	-0.154706	0.9280947010597881,0.0711750449910018,0.0007302139572085582,3.9992001599680065e-08
474	1408976768	5000.0	0.001	9.25e-05	-0.371570	0.9036611477704459,0.0951509698060388,0.0010881823635272945,9.97000599880024e-05
473	1446813567	5000.0	0.001	9.25e-05	-0.674871	0.6460245950809838,0.2912990201959608,0.06214269146170766,0.0005336932613477305
475	3983953793	5000.0	0.001	9.25e-05	-0.137253	0.8273240151969606,0.16113513297340532,0.01127370525894821,0.00026714657068586283
476	2390130564	5000.0	0.001	9.25e-05	-0.081906	0.9232993401319736,0.07436796640671865,0.0023322135572885422,4.799040191961608e-07
477	733661076	5000.0	0.001	9.25e-05	0.158646	0.9227456908618277,0.0767011397720456,0.0005531293741251749,3.9992001599680065e-08
480	3944613796	5000.0	0.001	9.25e-05	-0.249078	0.8743613677264547,0.12289018196360728,0.0027475704859028192,8.798240351929614e-07
478	1523793812	5000.0	0.001	9.25e-05	0.086663	0.9692075184963007,0.03069882023595281,9.366126774645071e-05
479	1269190553	5000.0	0.001	9.25e-05	0.215615	0.9277910817836432,0.0718747050589882,0.0003342131573685263
481	1840426919	5000.0	0.001	9.25e-05	-0.112578	0.910472425514897,0.08811853629274145,0.0013881623675264948,2.0875824835032994e-05
483	1485516725	5000.0	0.001	9.25e-05	0.125420	0.9646715056988602,0.03283219356128774,0.0024913417316536693,4.9590081983603276e-06
482	1948430252	5000.0	0.001	9.25e-05	-0.325300	0.8829567286542691,0.1159125374925015,0.0011304939012197561,2.399520095980804e-07
485	1246515134	5000.0	0.001	9.25e-05	0.232332	0.9502235552889422,0.04963551289742051,0.0001408518296340732,7.998400319936013e-08
484	680026039	5000.0	0.001	9.25e-05	0.328862	0.788650149970006,0.20911829634073184,0.002209238152369526,2.1795640871825633e-05,5.198960207958409e-07
487	2442688455	5000.0	0.001	9.25e-05	-0.000910	0.9664191161767647,0.03258944211157769,0.000990121975604879,1.319736052789442e-06
486	1583441858	5000.0	0.001	9.25e-05	-0.284138	0.9094034393121375,0.08930261947610478,0.0012935412917416517,3.9992001599680065e-07
489	354166729	5000.0	0.001	9.25e-05	-0.073376	0.9581324135172965,0.041258348330333934,0.0006044391121775645,4.799040191961608e-06
488	4094855112	5000.0	0.001	9.25e-05	0.157323	0.8693449710057989,0.11380411917616477,0.016796760647870425,5.414917016596681e-05
490	461737928	5000.0	0.001	9.25e-05	0.571256	0.8172283943211358,0.1739254549090182,0.008825274945010998,2.0875824835032994e-05
491	1696692171	5000.0	0.001	9.25e-05	1.535559	0.7122305938812238,0.2671991601679664,0.020549010197960408,2.1235752849430114e-05
495	2637311966	5000.0	0.001	9.25e-05	0.252753	0.9258938212357528,0.07289638072385522,0.0012092781443711258,5.198960207958409e-07
492	263032781	5000.0	0.001	9.25e-05	0.691239	0.9127687662467506,0.07810309938012397,0.008396640671865628,0.0007285742851429714,2.9194161167766445e-06
493	849061845	5000.0	0.001	9.25e-05	0.273213	0.860299900019996,0.13887158568286342,0.0007982003599280144,3.031393721255749e-05
494	2876571614	5000.0	0.001	9.25e-05	-0.809082	0.8019485302939412,0.19158312337532493,0.006467706458708258,6.39872025594881e-07
497	2637717488	5000.0	0.001	9.25e-05	-0.108741	0.8969773245350929,0.10043111377724455,0.0025862827434513097,5.278944211157768e-06
496	866136036	5000.0	0.001	9.25e-05	0.115500	0.7898832233553289,0.20474473105378924,0.00530877824435113,6.326734653069386e-05
498	2573842422	5000.0	0.001	9.25e-05	0.068797	0.9523983203359329,0.047418076384723055,0.00018324335132973406,3.5992801439712056e-07
499	1057818615	5000.0	0.001	9.25e-05	0.023149	0.8995323335332933,0.09713469306138772,0.0033121775644871024,2.0795840831833633e-05
