sim_id	seed	popsize	selcoef	mutrate	velocity	profile
15	1499631667	5000.0	0.001	7.7e-05	0.018049	0.9237169366126775,0.07438264347130574,0.0019002999400119975,1.199760047990402e-07
9	4275347473	5000.0	0.001	7.7e-05	0.211948	0.9448419116176765,0.05498596280743851,0.00017208558288342332,3.9992001599680065e-08
8	4210710544	5000.0	0.001	7.7e-05	0.006134	0.9570118776244751,0.04174781043791242,0.0012401519696060787,1.5996800639872026e-07
13	1305657388	5000.0	0.001	7.7e-05	0.049821	0.9682360727854429,0.030281863627274544,0.0014814637072585483,5.99880023995201e-07
4	792494089	5000.0	0.001	7.7e-05	-0.125089	0.9598982203559289,0.03998504299140172,0.00011665666866626674,7.998400319936013e-08
19	36636743	5000.0	0.001	7.7e-05	0.128984	0.9444852229554089,0.05418540291941612,0.0013289742051589683,3.9992001599680065e-07
7	115243023	5000.0	0.001	7.7e-05	-0.207538	0.8563578884223155,0.1412971405718856,0.002343851229754049,1.1197760447910417e-06
16	1725427771	5000.0	0.001	7.7e-05	-0.196019	0.9724135972805439,0.024941731653669266,0.002637272545490902,7.398520295940812e-06
5	3242442762	5000.0	0.001	7.7e-05	0.055372	0.937530373925215,0.061248990201959605,0.0012123975204959008,8.238352329534093e-06
1	1190559748	5000.0	0.001	7.7e-05	-0.056236	0.8589308538292342,0.13952121575684864,0.0015476504699060189,2.7994401119776043e-07
3	3242340357	5000.0	0.001	7.7e-05	-0.238553	0.8602486302739452,0.13942291541691662,0.00032845430913817236
11	16418853	5000.0	0.001	7.7e-05	0.329210	0.8715032993401319,0.12647690461907618,0.0019879224155168965,3.187362527494501e-05
18	3730962499	5000.0	0.001	7.7e-05	0.016583	0.9087042591481703,0.08515404919016197,0.006132573485302939,9.118176364727055e-06
12	667885605	5000.0	0.001	7.7e-05	-0.189589	0.8520323535292942,0.14590493901219756,0.00205498900219956,7.718456308738253e-06
6	334788618	5000.0	0.001	7.7e-05	-0.133698	0.9621675664867027,0.03778012397520496,5.230953809238152e-05
0	3855939586	5000.0	0.001	7.7e-05	0.401404	0.8883069786042791,0.10276704659068187,0.008909818036392722,1.6156768646270746e-05
17	2702067774	5000.0	0.001	7.7e-05	-0.009340	0.9679934013197361,0.031913297340531895,9.330133973205359e-05
10	1810546722	5000.0	0.001	7.7e-05	-0.107785	0.9403178164367126,0.05914657068586283,0.0005356128774245151
14	1562742832	5000.0	0.001	7.7e-05	-1.331101	0.6964852229554089,0.29639764047190564,0.00710249950009998,1.4597080583883224e-05,3.9992001599680065e-08
2	2068860932	5000.0	0.001	7.7e-05	0.023640	0.9733400119976005,0.026506738652269546,0.000153249350129974
20	1873950792	5000.0	0.001	7.7e-05	0.002025	0.9743876024795041,0.023749850029994,0.001860747850429914,1.799640071985603e-06
35	3068930169	5000.0	0.001	7.7e-05	-0.655514	0.8704005198960207,0.10874325134973005,0.020722935412917417,0.00013329334133173364
23	1761833035	5000.0	0.001	7.7e-05	-0.322826	0.9072165966806639,0.0879379324135173,0.004845230953809238,2.399520095980804e-07
21	1460303943	5000.0	0.001	7.7e-05	0.041634	0.9360257548490302,0.06356364727054589,0.0004104379124175165,1.5996800639872026e-07
26	228352087	5000.0	0.001	7.7e-05	0.195764	0.9446598280343931,0.04989742051589682,0.005422835432913417,1.991601679664067e-05
22	1136844875	5000.0	0.001	7.7e-05	-0.352509	0.9171852429514097,0.05190253949210158,0.029828314337132573,0.0010837832433513298,1.199760047990402e-07
25	3264290897	5000.0	0.001	7.7e-05	0.092954	0.933297900419916,0.0663366126774645,0.0003654469106178764,3.9992001599680065e-08
24	3688874061	5000.0	0.001	7.7e-05	-0.191109	0.9551765646870626,0.04449506098780244,0.0003282943411317736,7.998400319936013e-08
28	2230800483	5000.0	0.001	7.7e-05	0.154020	0.8855196560687862,0.11230205958808238,0.0021404119176164768,3.787242551489702e-05
31	1395261549	5000.0	0.001	7.7e-05	-0.244557	0.9526662267546491,0.04707206558688262,0.0002617076584683063
37	2372235388	5000.0	0.001	7.7e-05	-0.025564	0.9235754849030194,0.07631533693261348,0.00010917816436712658
30	1114794091	5000.0	0.001	7.7e-05	-0.140956	0.9679318136372725,0.029358208358328336,0.0027095380923815235,4.399120175964807e-07
39	1598574721	5000.0	0.001	7.7e-05	0.336766	0.9228267946410718,0.07391637672465506,0.003251869626074785,4.9590081983603276e-06
27	3949887577	5000.0	0.001	7.7e-05	-0.086068	0.9730817836432714,0.026018276344731053,0.0008999400119976005
34	3615287415	5000.0	0.001	7.7e-05	0.074981	0.9131571285742851,0.08374341131773645,0.0030931813637272544,6.27874425114977e-06
38	1153949821	5000.0	0.001	7.7e-05	0.565386	0.9214627474505099,0.07801563687262547,0.0005216156768646271
29	611197034	5000.0	0.001	7.7e-05	0.423707	0.8307724855028994,0.1679135772845431,0.0013103779244151169,3.5592881423715255e-06
32	1843243123	5000.0	0.001	7.7e-05	-0.304553	0.8372119976004799,0.1521244551089782,0.01061111777644471,5.2189562087582484e-05,2.399520095980804e-07
36	1866098811	5000.0	0.001	7.7e-05	0.119206	0.9643198160367926,0.03554077184563088,0.0001394121175764847
33	990447732	5000.0	0.001	7.7e-05	0.105174	0.9752963807238553,0.024381963607278543,0.00029798040391921615,2.36752649470106e-05
40	2237141126	5000.0	0.001	7.7e-05	-0.329999	0.8544235552889422,0.14289534093181364,0.0026787842431513697,2.319536092781444e-06
42	1679278228	5000.0	0.001	7.7e-05	-0.320950	0.8850726254749051,0.11400507898420316,0.0009221755648870226,1.199760047990402e-07
45	1531189401	5000.0	0.001	7.7e-05	0.113026	0.9508363527294541,0.04845150969806039,0.0007120175964807038,1.199760047990402e-07
41	1979048080	5000.0	0.001	7.7e-05	-0.151525	0.9629740451909619,0.03685290941811638,0.00017304539092181562
44	698953881	5000.0	0.001	7.7e-05	-0.099417	0.9308405918816237,0.06317516496700659,0.0059564887022595485,2.7754449110177964e-05
54	3749370032	5000.0	0.001	7.7e-05	-0.423140	0.8563784843031393,0.14251877624475104,0.0011019396120775845,7.998400319936013e-07
51	3768875177	5000.0	0.001	7.7e-05	0.622711	0.9112439512097581,0.06733569286142771,0.021081983603279345,0.000338372325534893
46	2133541025	5000.0	0.001	7.7e-05	0.309816	0.9065507698460308,0.09277172565486902,0.0006775044991001799
48	618152102	5000.0	0.001	7.7e-05	0.174610	0.8972178364327135,0.09804711057788443,0.004732973405318936,2.0795840831833635e-06
50	3643596967	5000.0	0.001	7.7e-05	-0.002792	0.969997400519896,0.029977844431113777,2.475504899020196e-05
53	2439116972	5000.0	0.001	7.7e-05	-0.324438	0.91849850029994,0.07987650469906019,0.0016249950009998
47	2240987301	5000.0	0.001	7.7e-05	-0.034754	0.9741624075184963,0.025816356728654268,2.1235752849430114e-05
52	1271435433	5000.0	0.001	7.7e-05	0.107677	0.9348539092181564,0.06072065586882623,0.004418596280743851,6.838632273545291e-06
55	1231208626	5000.0	0.001	7.7e-05	-0.114703	0.9344678664267146,0.06265034993001399,0.0028770645870825834,4.719056188762248e-06
56	3591325875	5000.0	0.001	7.7e-05	-0.322310	0.9343212157568487,0.05785066986602679,0.0075969606078784245,0.00023111377724455108,3.9992001599680065e-08
58	1878945984	5000.0	0.001	7.7e-05	-0.263812	0.8682435512897421,0.13100767846430714,0.0007486102779444111,1.5996800639872026e-07
57	3860492473	5000.0	0.001	7.7e-05	-0.171486	0.9473686062787442,0.05224667066586683,0.0003835232953409318,1.199760047990402e-06
43	2326489236	5000.0	0.001	7.7e-05	-0.135131	0.9606765846830634,0.03881007798440312,0.0005133373325334932
59	2195908803	5000.0	0.001	7.7e-05	-0.377077	0.9436876624675065,0.05599240151969606,0.00031041791641671666,9.518096380723854e-06
49	3538761895	5000.0	0.001	7.7e-05	0.031808	0.9704472305538893,0.029423875224955008,0.0001288142371525695,7.998400319936013e-08
60	843016392	5000.0	0.001	7.7e-05	-0.505599	0.9242920615876825,0.07421799640071985,0.0014880223955208959,1.919616076784643e-06
62	3355310284	5000.0	0.001	7.7e-05	-0.040269	0.9361881623675264,0.0633627274545091,0.0004490701859628074,3.9992001599680065e-08
61	2641150155	5000.0	0.001	7.7e-05	0.889172	0.7738520695860828,0.22005950809838032,0.006081943611277745,6.47870425914817e-06
63	3586144463	5000.0	0.001	7.7e-05	0.038995	0.9513495700859828,0.04854117176564687,0.00010925814837032593
65	2149310680	5000.0	0.001	7.7e-05	0.396884	0.9268760247950409,0.07163299340131973,0.0014882223555288943,2.7594481103779245e-06
70	1353791736	5000.0	0.001	7.7e-05	0.718062	0.9182088382323536,0.08050921815636873,0.0012819036192761447,3.9992001599680065e-08
64	620232914	5000.0	0.001	7.7e-05	0.471856	0.7925969206158768,0.20459108178364327,0.0028119176164767045,7.998400319936013e-08
74	3776307479	5000.0	0.001	7.7e-05	-0.139411	0.9216978604279145,0.07778060387922416,0.0005215356928614277
68	3605600493	5000.0	0.001	7.7e-05	-0.034650	0.9615462907418516,0.038032113577284546,0.0004215956808638272
67	549349606	5000.0	0.001	7.7e-05	-0.150799	0.9403218156368727,0.058767246550689864,0.0009105378924215157,3.9992001599680065e-07
72	3536460040	5000.0	0.001	7.7e-05	-0.072136	0.9168893821235753,0.08279460107978405,0.00031601679664067185
66	982489315	5000.0	0.001	7.7e-05	-0.602502	0.8982786642671465,0.0971869626074785,0.004529454109178164,4.919016196760648e-06
75	1152579868	5000.0	0.001	7.7e-05	-0.032161	0.9461181363727255,0.05333981203759248,0.0005420515896820636
73	222003470	5000.0	0.001	7.7e-05	0.001872	0.962217876424715,0.035841431713657265,0.0019406918616276744
71	1745182978	5000.0	0.001	7.7e-05	-1.639826	0.8351394521095781,0.15847962407518495,0.006370325934813037,1.0597880423915217e-05
76	80939295	5000.0	0.001	7.7e-05	-0.322554	0.9320150369926015,0.05875820835832833,0.009204519096180764,1.4597080583883224e-05,7.638472305538892e-06
69	3232282864	5000.0	0.001	7.7e-05	0.347183	0.8773077784443112,0.12197048590281943,0.0007216556688662267,7.998400319936013e-08
77	946780453	5000.0	0.001	7.7e-05	0.137023	0.9425843631273745,0.039201359728054386,0.01799088182363527,0.00022339532093581285
78	2400704816	5000.0	0.001	7.7e-05	-0.122902	0.9181108578284343,0.07632945410917816,0.005522135572885423,3.755248950209958e-05
79	1343273269	5000.0	0.001	7.7e-05	-0.474099	0.8977873625274945,0.10149898020395921,0.0007135772845430914,7.998400319936013e-08
80	1430581558	5000.0	0.001	7.7e-05	-0.451179	0.9354057588482304,0.06336484703059388,0.001229114177164567,2.7994401119776043e-07
82	1331663163	5000.0	0.001	7.7e-05	-0.394904	0.9382437112577484,0.06106610677864427,0.0006901019796040792,7.998400319936013e-08
83	3631046973	5000.0	0.001	7.7e-05	0.007512	0.974979724055189,0.024820595880823835,0.00019968006398720257
81	3053658422	5000.0	0.001	7.7e-05	0.606698	0.8698521895620875,0.12948546290741852,0.0006623075384923015,3.9992001599680065e-08
89	110567764	5000.0	0.001	7.7e-05	-0.020243	0.8995035792841432,0.09437264547090582,0.006096300739852029,2.7474505098980204e-05
84	2985845054	5000.0	0.001	7.7e-05	-0.511057	0.8977477304539092,0.09983615276944612,0.0024157168566286743,3.9992001599680065e-07
86	1779136833	5000.0	0.001	7.7e-05	0.103596	0.9389736852629474,0.060657068586282746,0.00036924615076984604
85	2619208000	5000.0	0.001	7.7e-05	0.143688	0.9516375124975005,0.0470129174165167,0.0013494501099780044,1.199760047990402e-07
90	235227482	5000.0	0.001	7.7e-05	-0.186660	0.9519151369726054,0.04656560687862427,0.0015187362527494502,5.198960207958409e-07
93	1393529185	5000.0	0.001	7.7e-05	0.266790	0.9486515496900619,0.05052273545290942,0.0008256748650269946,3.9992001599680065e-08
88	2275948879	5000.0	0.001	7.7e-05	0.511045	0.933332973405319,0.04778012397520496,0.018637912417516497,0.0002489502099580084,3.9992001599680065e-08
91	2453754205	5000.0	0.001	7.7e-05	-0.766123	0.856321175764847,0.14047862427514496,0.0031875224955009,1.267746450709858e-05
87	3492735296	5000.0	0.001	7.7e-05	-0.039724	0.965800599880024,0.03394317136572685,0.00025622875424915017
97	4120387947	5000.0	0.001	7.7e-05	-0.111409	0.9624676264747051,0.03624495100979804,0.001286742651469706,6.798640271945611e-07
95	2026856807	5000.0	0.001	7.7e-05	0.409125	0.8973302139572086,0.10102199560087982,0.0016476704659068187,1.199760047990402e-07
99	3763677551	5000.0	0.001	7.7e-05	0.459220	0.922830073985203,0.0765614877024595,0.0006081583683263347,2.7994401119776043e-07
96	3630315880	5000.0	0.001	7.7e-05	-0.069946	0.9757102179564087,0.024259508098380324,3.027394521095781e-05
98	3309085036	5000.0	0.001	7.7e-05	0.295401	0.6994041591681663,0.29625734853029395,0.004238952209558089,9.946010797840432e-05,7.998400319936013e-08
94	1976625506	5000.0	0.001	7.7e-05	0.289668	0.9534965806838632,0.046393601279744054,0.00010981803639272146
92	3351843166	5000.0	0.001	7.7e-05	-0.082180	0.9615540891821636,0.03729878024395121,0.0011470505898820236,7.998400319936013e-08
100	1280618869	5000.0	0.001	7.7e-05	0.543891	0.8956694661067787,0.10339580083983203,0.0009344931013797241,2.399520095980804e-07
101	100813174	5000.0	0.001	7.7e-05	-0.028034	0.9764133173365327,0.02340639872025595,0.00018028394321135773
102	3522388356	5000.0	0.001	7.7e-05	-0.234715	0.923069426114777,0.076298700259948,0.0006317136572685463,1.5996800639872026e-07
104	2508069263	5000.0	0.001	7.7e-05	0.005331	0.9761312537492501,0.023851949610077985,1.6796640671865626e-05
105	2174142866	5000.0	0.001	7.7e-05	0.150709	0.9682233153369326,0.030510297940411917,0.00126622675464907,1.5996800639872026e-07
103	2720405901	5000.0	0.001	7.7e-05	0.737884	0.9039276944611078,0.09478212357528494,0.0012897020595880823,4.799040191961608e-07
112	259486138	5000.0	0.001	7.7e-05	-0.174470	0.9476340331933614,0.04632661467706459,0.00603871225754849,6.39872025594881e-07
108	1078116775	5000.0	0.001	7.7e-05	-0.210384	0.9360414717056589,0.06364155168966207,0.0003169366126774645,3.9992001599680065e-08
106	239059346	5000.0	0.001	7.7e-05	0.467031	0.8262606278744251,0.17150817836432714,0.0022310737852429515,1.199760047990402e-07
107	1368494491	5000.0	0.001	7.7e-05	0.271696	0.9025467306538693,0.09656652669466106,0.0008865826834633073,1.5996800639872026e-07
111	1809865132	5000.0	0.001	7.7e-05	-0.592358	0.9082724655068987,0.09130277944411118,0.00042335532893421313,1.3997200559888023e-06
115	1448497615	5000.0	0.001	7.7e-05	0.416627	0.950379124175165,0.04644823035392921,0.003170725854829034,1.919616076784643e-06
110	3935689131	5000.0	0.001	7.7e-05	0.007552	0.9392785042991402,0.05997620475904819,0.0007450909818036393,1.9996000799840033e-07
109	3663128999	5000.0	0.001	7.7e-05	0.320814	0.9257229354129174,0.07375328934213157,0.0005237752449510098
114	2683697613	5000.0	0.001	7.7e-05	-0.381135	0.8773802439512097,0.11293309338132373,0.009612277544491102,7.438512297540492e-05
113	2692911554	5000.0	0.001	7.7e-05	-0.083212	0.9838911017796441,0.016102699460107978,6.19876024795041e-06
116	1123109328	5000.0	0.001	7.7e-05	-1.458425	0.7736242351529694,0.15429846030793842,0.0708885022995401,0.0011882023595280943,5.99880023995201e-07
119	2161830358	5000.0	0.001	7.7e-05	0.317295	0.9493208958208358,0.05026430713857229,0.0004146370725854829,1.5996800639872026e-07
118	4167991765	5000.0	0.001	7.7e-05	-0.316117	0.9484343531293741,0.043235232953409315,0.008317896420715856,1.251749650069986e-05
117	1914315219	5000.0	0.001	7.7e-05	-0.644095	0.9168990601879624,0.08210281943611278,0.000998120375924815
120	525228515	5000.0	0.001	7.7e-05	-0.074470	0.9559807238552289,0.042202279544091184,0.0018157568486302739,1.2397520495900819e-06
123	1368910324	5000.0	0.001	7.7e-05	0.008762	0.8635671665666866,0.13279060187962408,0.0036415916816636674,6.39872025594881e-07
122	3219849716	5000.0	0.001	7.7e-05	0.333404	0.9538032793441312,0.0405869626074785,0.00559008198360328,1.9676064787042592e-05
121	2821171692	5000.0	0.001	7.7e-05	-0.107399	0.9251132173565287,0.07444643071385723,0.0004403519296140772
127	100569600	5000.0	0.001	7.7e-05	-0.012065	0.8824619476104779,0.11711973605278944,0.0004182763447310538,3.9992001599680065e-08
125	3357086202	5000.0	0.001	7.7e-05	-0.108559	0.8578990201959608,0.1399996800639872,0.0021002999400119974,9.998000399920016e-07
126	3926886911	5000.0	0.001	7.7e-05	-0.253284	0.9543364927014597,0.04154365126974605,0.0015906018796240753,0.002518216356728654,1.1037792441511698e-05
124	2501052918	5000.0	0.001	7.7e-05	0.632170	0.8424929014197161,0.11980595880823836,0.03605254949010198,0.0016485102979404119,7.998400319936013e-08
131	1800960537	5000.0	0.001	7.7e-05	-0.387560	0.922424875024995,0.0773003799240152,0.0002746650669866027,7.998400319936013e-08
128	4261032455	5000.0	0.001	7.7e-05	-0.283631	0.9236767446510697,0.07468678264347131,0.0016314737052589483,4.999000199960008e-06
129	344435219	5000.0	0.001	7.7e-05	0.050526	0.9696055988802239,0.030109138172365525,0.00028526294741051787
132	3612422681	5000.0	0.001	7.7e-05	-0.138067	0.9440039192161568,0.0556497900419916,0.0003462907418516297
130	862153240	5000.0	0.001	7.7e-05	-1.284315	0.8022879824035193,0.19545662867426514,0.002251469706058788,3.919216156768646e-06
135	1162437164	5000.0	0.001	7.7e-05	0.134091	0.9379897220555888,0.061144371125774845,0.0008654669066186762,4.399120175964807e-07
133	4150067740	5000.0	0.001	7.7e-05	0.084585	0.9597653669266146,0.03898068386322735,0.0012535892821435714,3.5992801439712056e-07
134	2927446569	5000.0	0.001	7.7e-05	0.040696	0.9675927614477104,0.032227874425114975,0.00017924415116976606,1.199760047990402e-07
138	1636825649	5000.0	0.001	7.7e-05	-0.039117	0.9528640271945611,0.035001599680063986,0.012132293541291741,2.0795840831833635e-06
136	3978793517	5000.0	0.001	7.7e-05	0.064310	0.9555894821035793,0.04435752849430114,5.2989402119576085e-05
139	695843390	5000.0	0.001	7.7e-05	0.287112	0.9241834033193361,0.07470713857228554,0.001109258148370326,1.9996000799840033e-07
137	249162288	5000.0	0.001	7.7e-05	-0.026981	0.969396400719856,0.030555208958208357,4.827034593081384e-05,1.199760047990402e-07
140	2651957824	5000.0	0.001	7.7e-05	-0.047490	0.9205447710457908,0.0791372525494901,0.0003179764047190562
144	445717076	5000.0	0.001	7.7e-05	-0.133425	0.9432026394721056,0.05660107978404319,0.00019628074385122976
146	3876883044	5000.0	0.001	7.7e-05	-0.255852	0.9609567686462708,0.03847606478704259,0.000567006598680264,1.5996800639872026e-07
142	3641619023	5000.0	0.001	7.7e-05	-0.106977	0.9468471105778844,0.05301519696060788,0.00013769246150769845
141	1711012422	5000.0	0.001	7.7e-05	-0.002917	0.9460151569686063,0.0537751649670066,0.00020967806438712257
148	2737955431	5000.0	0.001	7.7e-05	-0.432529	0.8818864627074585,0.11752029594081184,0.000593121375724855,1.199760047990402e-07
143	3979942483	5000.0	0.001	7.7e-05	-0.358822	0.9116450709858028,0.08391257748450309,0.004440911817636473,1.4397120575884822e-06
147	3280507494	5000.0	0.001	7.7e-05	0.097324	0.9093353329334133,0.08766670665866827,0.0029964407118576284,1.5196960607878424e-06
149	1516595820	5000.0	0.001	7.7e-05	0.263797	0.831442951409718,0.16599348130373925,0.0018493101379724055,0.0007142171565686862,3.9992001599680065e-08
145	977961566	5000.0	0.001	7.7e-05	-0.020163	0.9795635672865427,0.02034757048590282,8.88622275544891e-05
150	3938361965	5000.0	0.001	7.7e-05	0.227248	0.9342472305538893,0.06542283543291341,0.00032809438112377525,1.839632073585283e-06
151	2473167474	5000.0	0.001	7.7e-05	0.168866	0.896448150369926,0.10233117376524695,0.0012199560087982403,7.198560287942411e-07
152	712157810	5000.0	0.001	7.7e-05	0.015492	0.9601329734053189,0.0396003199360128,0.0002667066586682663
154	3523807867	5000.0	0.001	7.7e-05	0.022943	0.9481696460707858,0.051129814037192564,0.0007003799240151969,1.5996800639872026e-07
153	2583929464	5000.0	0.001	7.7e-05	0.220755	0.9716995800839832,0.02785974805038992,0.0004406718656268746
155	2712449659	5000.0	0.001	7.7e-05	0.039906	0.962298100379924,0.03695660867826435,0.0007452109578084383,7.998400319936013e-08
156	1974719099	5000.0	0.001	7.7e-05	-0.371761	0.9410905018996201,0.05867742451509698,0.0002320735852829434
158	1643563648	5000.0	0.001	7.7e-05	-0.012751	0.9782602679464107,0.0217122175564887,2.7514497100579884e-05
159	4066357891	5000.0	0.001	7.7e-05	-0.237599	0.9341231753649271,0.0654749450109978,0.000401879624075185
157	4033081981	5000.0	0.001	7.7e-05	-0.047002	0.9750714657068587,0.024808038392321537,0.00012041591681663668,7.998400319936013e-08
160	2940457606	5000.0	0.001	7.7e-05	0.321764	0.9161325334933014,0.07983439312137572,0.004009758048390322,2.331533693261348e-05
161	1817846407	5000.0	0.001	7.7e-05	-0.140471	0.9692955008998201,0.030200639872025595,0.0005038592281543692
162	3383673491	5000.0	0.001	7.7e-05	-2.044577	0.7425963607278544,0.14281483703259348,0.11094789042191562,0.003635352929414117,5.558888222355529e-06
166	2862521002	5000.0	0.001	7.7e-05	-0.448324	0.9288011597680463,0.06431037792441512,0.0068773445310937814,1.1117776444711057e-05
164	3109413538	5000.0	0.001	7.7e-05	-0.176095	0.9655293341331733,0.0343497700459908,0.00012089582083583283
165	2015376039	5000.0	0.001	7.7e-05	-0.814994	0.9109891221755649,0.08486670665866827,0.004141091781643671,3.079384123175365e-06
168	3265723053	5000.0	0.001	7.7e-05	0.117122	0.9011204959008199,0.09784503099380124,0.0010344331133773246,3.9992001599680065e-08
169	3713737390	5000.0	0.001	7.7e-05	0.066400	0.9454293941211758,0.052589842031593684,0.0019775644871025794,3.1993601279744052e-06
163	4044528278	5000.0	0.001	7.7e-05	-0.386065	0.8768084783043392,0.11574697060587882,0.007367206558688263,7.730453909218156e-05,3.9992001599680065e-08
171	967580343	5000.0	0.001	7.7e-05	0.326080	0.8868027194561088,0.11038516296740652,0.002792361527694461,1.9756048790241953e-05
170	3980087985	5000.0	0.001	7.7e-05	-0.117343	0.9107434113177365,0.08754793041391722,0.0017082183563287342,4.399120175964807e-07
167	2900282026	5000.0	0.001	7.7e-05	0.197773	0.9177386922615477,0.08058524295140972,0.0016748250349930013,1.2397520495900819e-06
174	1963520705	5000.0	0.001	7.7e-05	-0.383468	0.9037668066386723,0.09555268946210758,0.0006758248350329934,4.679064187162567e-06
172	3907961532	5000.0	0.001	7.7e-05	0.123111	0.9518836232753449,0.0452499100179964,0.002864147170565887,2.319536092781444e-06
173	1187291840	5000.0	0.001	7.7e-05	0.292839	0.9431886822635472,0.05494201159768047,0.0018691861627674466,1.199760047990402e-07
175	3081669313	5000.0	0.001	7.7e-05	0.225049	0.9489714857028594,0.04607090581883623,0.004956128774245151,1.4797040591881624e-06
176	124256966	5000.0	0.001	7.7e-05	0.732248	0.917370125974805,0.031646870625874825,0.04982995400919816,0.0011526894621075785,3.5992801439712056e-07
177	1793211080	5000.0	0.001	7.7e-05	-0.000524	0.9678621475704859,0.0317748850229954,0.0003627274545090982,2.399520095980804e-07
179	2435085014	5000.0	0.001	7.7e-05	0.222159	0.9532450309938012,0.043447070585882826,0.0033055388922215555,2.359528094381124e-06
178	3607810764	5000.0	0.001	7.7e-05	0.181253	0.8907267346530694,0.10325470905818836,0.006015676864627075,2.8794241151769645e-06
180	3474608860	5000.0	0.001	7.7e-05	0.133335	0.9510412717456509,0.04727354529094181,0.0016841831633673265,9.998000399920016e-07
181	2686423776	5000.0	0.001	7.7e-05	0.341828	0.9041900019996001,0.09313385322935414,0.0026601479704059187,1.5996800639872025e-05
184	2463214318	5000.0	0.001	7.7e-05	-0.159560	0.9631414117176564,0.0352626274745051,0.0015958008398320336,1.5996800639872026e-07
183	2705584876	5000.0	0.001	7.7e-05	-0.007095	0.9617179364127174,0.037009318136372725,0.0012725454909018196,1.9996000799840033e-07
182	850899684	5000.0	0.001	7.7e-05	0.287958	0.9404427114577084,0.05812113577284543,0.0014351529694061188,9.998000399920016e-07
185	1929505518	5000.0	0.001	7.7e-05	-0.400058	0.9557351329734053,0.04159824035192961,0.0026664267146570687,1.9996000799840033e-07
186	1313669872	5000.0	0.001	7.7e-05	0.096176	0.9560257548490302,0.04207274545090982,0.0002481503699260148,0.001652749450109978,5.99880023995201e-07
190	1513698040	5000.0	0.001	7.7e-05	2.186140	0.542988802239552,0.4354747850429914,0.021090461907618475,0.0004456708658268346,2.7994401119776043e-07
187	746918641	5000.0	0.001	7.7e-05	-0.319959	0.9564389522095581,0.04339296140771846,0.00016808638272345532
189	3644506871	5000.0	0.001	7.7e-05	0.048514	0.9372741051789643,0.06175108978204359,0.0009748050389922015
191	2189216502	5000.0	0.001	7.7e-05	-0.037776	0.9471118176364727,0.05189902019596081,0.0009849630073985203,4.1991601679664066e-06
188	1921381110	5000.0	0.001	7.7e-05	0.057231	0.9764003599280144,0.022512697460507897,0.0010462707458508299,4.067186562687463e-05
192	2136967931	5000.0	0.001	7.7e-05	-0.010401	0.962381123775245,0.0374369926014797,0.00018184363127374525,3.9992001599680065e-08
194	685054728	5000.0	0.001	7.7e-05	0.169646	0.964676824635073,0.035180363927214554,0.00014277144571085782,3.9992001599680065e-08
195	213148434	5000.0	0.001	7.7e-05	-0.185663	0.9731808038392321,0.026210757848430313,0.0006064387122575485,1.999600079984003e-06
193	3913280260	5000.0	0.001	7.7e-05	0.849228	0.7334305938812238,0.2062100379924015,0.06023255348930214,0.00012657468506298741,2.399520095980804e-07
196	3515128596	5000.0	0.001	7.7e-05	0.074406	0.8810212357528494,0.1181871225754849,0.0007916416716656668
197	3069387551	5000.0	0.001	7.7e-05	-0.559765	0.7872607078584283,0.2047593681263747,0.007953249350129974,2.6674665066986603e-05
199	2273295139	5000.0	0.001	7.7e-05	-0.074156	0.9572697060587883,0.04264875024995001,8.154369126174765e-05
198	4131552032	5000.0	0.001	7.7e-05	-0.869028	0.8549058588282343,0.13587994401119777,0.009201919616076784,1.2277544491101779e-05
200	1032938275	5000.0	0.001	7.7e-05	-0.089096	0.930495700859828,0.06370461907618476,0.0057924415116976605,7.238552289542091e-06
201	2139757350	5000.0	0.001	7.7e-05	-0.053601	0.9164205158968206,0.08285102979404119,0.0007284543091381723
202	846564138	5000.0	0.001	7.7e-05	-0.678106	0.8249427714457108,0.16289698060387922,0.011340731853629275,0.0008174365126974605,2.0795840831833635e-06
203	692112172	5000.0	0.001	7.7e-05	0.028422	0.9534116776644671,0.04383523295340932,0.0027378524295140973,1.5236952609478104e-05
204	2308999984	5000.0	0.001	7.7e-05	0.935710	0.8536310337932413,0.14425458908218355,0.0021139372125574883,4.399120175964807e-07
206	1017799484	5000.0	0.001	7.7e-05	-0.032702	0.9431965206958608,0.056340811837632475,0.00046266746650669866
205	1830015794	5000.0	0.001	7.7e-05	-0.822850	0.8837517296540692,0.11519740051989602,0.0010505498900219956,3.199360127974405e-07
207	1387766591	5000.0	0.001	7.7e-05	-0.563978	0.8976284343131373,0.10156808638272345,0.0007738852229554089,2.959408118376325e-05
209	3239713602	5000.0	0.001	7.7e-05	0.058590	0.9568304739052189,0.042517136572685466,0.0006518296340731854,5.598880223955209e-07
211	1969445711	5000.0	0.001	7.7e-05	0.055314	0.9546333133373325,0.04502227554489102,0.0003197760447910418,2.463507298540292e-05
208	2104410945	5000.0	0.001	7.7e-05	0.037473	0.951944451109778,0.047877224555088985,0.0001783243351329734
210	3074988877	5000.0	0.001	7.7e-05	0.657542	0.9051436912617477,0.07089314137172566,0.023592441511697662,0.00037060587882423515,1.199760047990402e-07
212	4118096722	5000.0	0.001	7.7e-05	0.006040	0.9682187162567486,0.031592001599680064,0.00018928214357128575
214	1670415190	5000.0	0.001	7.7e-05	0.208330	0.9635991601679664,0.03631465706858628,8.618276344731053e-05
213	2715024212	5000.0	0.001	7.7e-05	-0.014162	0.9670819436112778,0.03279644071185763,0.00012161567686462707
215	630973275	5000.0	0.001	7.7e-05	0.111771	0.9698761047790442,0.029984603079384123,0.00013929214157168567
216	650376033	5000.0	0.001	7.7e-05	-0.042454	0.9323640071985603,0.06604807038592282,0.0015835632873425316,4.359128174365127e-06
217	2415475559	5000.0	0.001	7.7e-05	0.352762	0.8522333533293341,0.139898100379924,0.007866706658668267,1.839632073585283e-06
218	3778077544	5000.0	0.001	7.7e-05	0.282988	0.955925374925015,0.03576696660667866,0.008302939412117577,4.719056188762248e-06
219	4032945004	5000.0	0.001	7.7e-05	0.155274	0.9271709258148371,0.07227790441911618,0.0005511697660467907
220	3083885421	5000.0	0.001	7.7e-05	0.053540	0.9773152969406119,0.02262159568086383,6.310737852429514e-05
221	3644965746	5000.0	0.001	7.7e-05	0.320375	0.9490650669866026,0.05082723455308938,0.00010705858828234354,6.39872025594881e-07
222	4186205043	5000.0	0.001	7.7e-05	-0.337406	0.9558089182163567,0.04410241951609678,8.86622675464907e-05
225	2602828668	5000.0	0.001	7.7e-05	-0.071027	0.94089850029994,0.057128454309138176,0.0019704459108178364,2.599480103979204e-06
224	2318828405	5000.0	0.001	7.7e-05	-0.812590	0.8462138372325535,0.14795716856628674,0.005821675664867027,7.318536292741451e-06
227	1010948994	5000.0	0.001	7.7e-05	-0.023876	0.9797572885422915,0.020058988202359528,0.0001837232553489302
226	2395652990	5000.0	0.001	7.7e-05	-0.177660	0.958593201359728,0.04107106578684263,0.00033573285342931413
223	2472217461	5000.0	0.001	7.7e-05	0.180148	0.8442228354329134,0.15481647670465906,0.0009591681663667266,1.5196960607878424e-06
229	2065816458	5000.0	0.001	7.7e-05	0.561520	0.9226931813637272,0.07597300539892021,0.0013334133173365328,3.9992001599680065e-07
233	1187832723	5000.0	0.001	7.7e-05	-0.037759	0.8731782043591282,0.12027782443511298,0.0065408118376324735,3.1593681263747252e-06
232	2113823629	5000.0	0.001	7.7e-05	0.252697	0.926771125774845,0.07267986402719456,0.0005489702059588082,3.9992001599680065e-08
228	2148309893	5000.0	0.001	7.7e-05	-0.246653	0.9342189962007599,0.06391449710057988,0.0018661467706458709,3.5992801439712056e-07
230	3821605771	5000.0	0.001	7.7e-05	0.115225	0.9246478704259148,0.07510877824435112,0.0002433113377324535,3.9992001599680065e-08
231	704377739	5000.0	0.001	7.7e-05	-0.007366	0.9823852829434113,0.017354489102179564,0.00026010797840431913,1.199760047990402e-07
236	4119251860	5000.0	0.001	7.7e-05	0.012313	0.9833726054789043,0.016607798440311936,1.959608078384323e-05
235	1126693780	5000.0	0.001	7.7e-05	0.005707	0.9756579484103179,0.024269706058788244,7.234553089382124e-05
234	369888148	5000.0	0.001	7.7e-05	0.187928	0.9696361527694461,0.02985606878624275,0.0005075384923015397,2.399520095980804e-07
239	2035932059	5000.0	0.001	7.7e-05	-0.266990	0.9278837032593481,0.06528486302739452,0.006829594081183763,1.839632073585283e-06
238	178770841	5000.0	0.001	7.7e-05	-0.199259	0.9211032193561288,0.07837052589482103,0.0005260947810437912,1.5996800639872026e-07
240	3358532513	5000.0	0.001	7.7e-05	-0.464174	0.9139089782043591,0.07881819636072786,0.007269666066786642,3.1593681263747252e-06
237	1083835287	5000.0	0.001	7.7e-05	-0.021949	0.9433188962207558,0.053528974205158966,0.002862387522495501,0.0002897420515896821
241	2206993318	5000.0	0.001	7.7e-05	-0.047655	0.989575324935013,0.010321695660867826,0.00010297940411917617
242	1016601511	5000.0	0.001	7.7e-05	-0.171984	0.9196903419316137,0.07882699460107978,0.00148250349930014,1.5996800639872026e-07
244	2771911594	5000.0	0.001	7.7e-05	0.128681	0.9501448110377925,0.04665370925814837,0.003198480303939212,2.999400119976005e-06
245	2730617776	5000.0	0.001	7.7e-05	0.690063	0.8849901619676065,0.11322239552089582,0.0017844031193761248,3.039392121575685e-06
246	1140949936	5000.0	0.001	7.7e-05	1.050236	0.8232157968406318,0.17296072785442912,0.0038015196960607877,2.1955608878224355e-05
248	2811673528	5000.0	0.001	7.7e-05	-0.001126	0.9544969406118776,0.04461723655268946,0.0008854229154169166,3.9992001599680065e-07
243	2632190888	5000.0	0.001	7.7e-05	-0.341480	0.9063248150369926,0.09334873025394921,0.00032645470905818836
247	3839685555	5000.0	0.001	7.7e-05	-0.003748	0.9782117176564687,0.021600839832033595,0.00018744251149770046
250	3551886268	5000.0	0.001	7.7e-05	0.015882	0.8913936812637473,0.10379832033593281,0.004806478704259148,1.5196960607878424e-06
252	2469522372	5000.0	0.001	7.7e-05	-0.059610	0.9235033793241352,0.07535344931013797,0.001112377524495101,3.079384123175365e-05
251	2500324287	5000.0	0.001	7.7e-05	-0.415807	0.8867539692061588,0.11231981603679264,0.0009220955808838232,4.119176164767047e-06
253	2941332421	5000.0	0.001	7.7e-05	-0.468755	0.9263866026794642,0.07200167966406719,0.001610997800439912,7.198560287942411e-07
254	3169319877	5000.0	0.001	7.7e-05	-0.271974	0.9287092581483704,0.07108986202759449,0.00020083983203359327,3.9992001599680065e-08
255	1205801927	5000.0	0.001	7.7e-05	-0.432802	0.8467423715256949,0.15077852429514096,0.002475784843031394,3.319336132773445e-06
249	3706479548	5000.0	0.001	7.7e-05	-1.183359	0.5379447710457909,0.38475228954209156,0.07670469906018797,0.0005964007198560288,1.839632073585283e-06
256	325571525	5000.0	0.001	7.7e-05	-0.256711	0.8749521695660868,0.12260111977604479,0.0024212357528494302,2.54749050189962e-05
258	3923710923	5000.0	0.001	7.7e-05	-0.467687	0.7901269346130774,0.20529590081983604,0.004576004799040192,1.159768046390722e-06
260	1397900244	5000.0	0.001	7.7e-05	-0.154999	0.9612123175364927,0.036929494101179766,0.00185750849830034,6.798640271945611e-07
261	987827168	5000.0	0.001	7.7e-05	0.259791	0.9042948210357928,0.09491709658068387,0.0007880423915216957,3.9992001599680065e-08
257	2932673483	5000.0	0.001	7.7e-05	-0.290830	0.9395254549090182,0.060120335932813435,0.00035416916616676664,3.9992001599680065e-08
259	3848696786	5000.0	0.001	7.7e-05	0.804728	0.899982523495301,0.08086522695460908,0.019126774645070985,2.539492101579684e-05,7.998400319936013e-08
263	814279681	5000.0	0.001	7.7e-05	-0.076234	0.9639061387722455,0.035867786442711456,0.0002260747850429914
262	180796413	5000.0	0.001	7.7e-05	0.231468	0.9347468906218757,0.0651499300139972,0.00010313937212557489,3.9992001599680065e-08
264	3376012302	5000.0	0.001	7.7e-05	-0.122285	0.9262771445710858,0.07359576084783043,0.00012709458108378324
265	1995496464	5000.0	0.001	7.7e-05	-0.017544	0.9404197160567886,0.05694929014197161,0.0026280343931213757,2.959408118376325e-06
270	2554061874	5000.0	0.001	7.7e-05	-0.156355	0.9236299540091981,0.07592241551689662,0.0004469906018796241,6.39872025594881e-07
266	3690128405	5000.0	0.001	7.7e-05	-0.700897	0.9176577884423115,0.08177704459108179,0.0005650869826034793,7.998400319936013e-08
267	2162168860	5000.0	0.001	7.7e-05	-0.161531	0.9630177164567086,0.03656884623075385,0.00041335732853429313,7.998400319936013e-08
268	55686181	5000.0	0.001	7.7e-05	0.159877	0.8823392521495701,0.1153000599880024,0.002360247950409918,4.399120175964807e-07
269	2962900010	5000.0	0.001	7.7e-05	-0.566203	0.9074960607878424,0.09224687062587482,0.0002567086582683463,3.5992801439712056e-07
272	1164221495	5000.0	0.001	7.7e-05	0.413051	0.9181956408718256,0.07868330333933213,0.0030411917616476707,7.986402719456109e-05
271	591027252	5000.0	0.001	7.7e-05	0.256553	0.9405142971405719,0.05800083983203359,0.001484623075384923,2.399520095980804e-07
273	3074214973	5000.0	0.001	7.7e-05	0.500612	0.9328611477704459,0.05254121175764847,0.014562847430513897,3.479304139172166e-05
275	1765620807	5000.0	0.001	7.7e-05	0.004005	0.986576524695061,0.013416756648670265,6.71865626874625e-06
274	4118955077	5000.0	0.001	7.7e-05	0.267003	0.9357940811837633,0.057124535092981404,0.007069666066786643,1.1717656468706258e-05
276	3413103688	5000.0	0.001	7.7e-05	1.528555	0.8104583083383323,0.17818156368726254,0.01132257548490302,3.755248950209958e-05
278	640142420	5000.0	0.001	7.7e-05	0.155208	0.9782163167366527,0.021735812837432512,4.787042591481703e-05
280	1727798359	5000.0	0.001	7.7e-05	0.382312	0.9190539092181563,0.07968494301139772,0.0012588282343531294,2.319536092781444e-06
277	233174095	5000.0	0.001	7.7e-05	0.072402	0.9185581283743252,0.08099892021595681,0.0004429114177164567,3.9992001599680065e-08
279	2428437591	5000.0	0.001	7.7e-05	-1.299104	0.8915890821835633,0.08588126374725055,0.02225778844231154,0.00027186562687462506
281	452566105	5000.0	0.001	7.7e-05	-0.011342	0.9463258148370326,0.053294501099780046,0.00037968406318736255
282	551619685	5000.0	0.001	7.7e-05	-0.094019	0.9758957808438312,0.02368622275544891,0.0004178364327134573,1.5996800639872026e-07
284	1291889777	5000.0	0.001	7.7e-05	-0.152890	0.9474443111377725,0.043962887422515494,0.008584043191361728,8.758248350329933e-06
283	2942499945	5000.0	0.001	7.7e-05	0.323516	0.922172325534893,0.07714825034993002,0.0006794241151769646
293	1598649473	5000.0	0.001	7.7e-05	-0.017060	0.9595856828634273,0.04030689862027594,0.00010741851629674065
285	3149251699	5000.0	0.001	7.7e-05	-0.173843	0.9441182163567287,0.051233553289342135,0.00463627274545091,1.1957608478304339e-05
286	2891064436	5000.0	0.001	7.7e-05	-0.058949	0.9672207158568287,0.032749450109978005,2.9834033193361328e-05
287	642614389	5000.0	0.001	7.7e-05	0.352964	0.9241062587482504,0.06322763447310538,0.01217012597480504,0.0004957408518296341,2.399520095980804e-07
289	542794875	5000.0	0.001	7.7e-05	0.247129	0.9450771845630874,0.048085582883423315,0.0068264747050589885,1.0757848430313937e-05
290	1939309693	5000.0	0.001	7.7e-05	-0.149144	0.9303624475104979,0.06941827634473105,0.00021927614477104578
291	4245830783	5000.0	0.001	7.7e-05	-0.036528	0.7900496700659868,0.1987877224555089,0.01066118776244751,0.000501379724055189,3.9992001599680065e-08
288	511054971	5000.0	0.001	7.7e-05	0.059570	0.9633416116776645,0.03645742851429714,0.0002009598080383923
292	3283821695	5000.0	0.001	7.7e-05	-0.338100	0.9044968206358728,0.09108150369926014,0.004412717456508698,8.958208358328334e-06
294	3975537801	5000.0	0.001	7.7e-05	-0.690344	0.9455898420315937,0.039176564687062584,0.015063267346530693,0.0001703259348130374
295	3926803607	5000.0	0.001	7.7e-05	-0.031353	0.972566726654669,0.027115696860627876,0.0003173365326934613,2.399520095980804e-07
296	1797561495	5000.0	0.001	7.7e-05	-0.165609	0.947475424915017,0.05223515296940612,0.0002894221155768846
298	715605147	5000.0	0.001	7.7e-05	0.709727	0.882172125574885,0.11722367526494701,0.0006041191761647671,7.998400319936013e-08
300	1014043807	5000.0	0.001	7.7e-05	0.009567	0.9528519896020796,0.046216556688662265,0.0009314537092581484
299	647371934	5000.0	0.001	7.7e-05	0.132597	0.9429535292941412,0.05393869226154769,0.0031040191961607677,3.759248150369926e-06
297	1689451673	5000.0	0.001	7.7e-05	0.881516	0.9228657068586282,0.04400575884823035,0.03270997800439912,0.00041851629674065187,3.9992001599680065e-08
301	3962385579	5000.0	0.001	7.7e-05	0.095160	0.8949150969806039,0.10459356128774246,0.0004911417716456708,1.9996000799840033e-07
302	3637603503	5000.0	0.001	7.7e-05	0.031526	0.954320175964807,0.04522155568886223,0.00045826834633073385
304	2067758268	5000.0	0.001	7.7e-05	-0.213451	0.9619651669666067,0.03653889222155569,0.001495860827834433,7.998400319936013e-08
303	2688048309	5000.0	0.001	7.7e-05	-0.467308	0.9270279144171166,0.07266834633073385,0.0003037392521495701
306	3073021123	5000.0	0.001	7.7e-05	-0.553308	0.9055855628874225,0.08040435912817437,0.01397736452709458,3.271345730853829e-05
305	3487308995	5000.0	0.001	7.7e-05	0.066469	0.9652414717056589,0.0346747850429914,8.374325134973005e-05
310	1119712454	5000.0	0.001	7.7e-05	-0.241549	0.945273425314937,0.04503635272945411,0.00967126574685063,1.895620875824835e-05
311	202824904	5000.0	0.001	7.7e-05	-0.671873	0.8286233953209358,0.16952845430913818,0.001847870425914817,2.7994401119776043e-07
307	4135691461	5000.0	0.001	7.7e-05	0.354072	0.9367529294141171,0.06193593281343731,0.0013083383323335333,2.7994401119776045e-06
308	1283161286	5000.0	0.001	7.7e-05	0.104830	0.8435156568686263,0.15373993201359729,0.0027440911817636473,3.199360127974405e-07
313	802157788	5000.0	0.001	7.7e-05	0.298565	0.917378324335133,0.08243367326534692,0.00018800239952009598
314	4291192034	5000.0	0.001	7.7e-05	-0.587831	0.9073396520695861,0.09045238952209558,0.002206998600279944,9.598080383923216e-07
315	3697769702	5000.0	0.001	7.7e-05	-1.257483	0.8986507098580284,0.08347942411517696,0.014414197160567887,0.0032183163367326536,0.00023735252949410118
309	1271770310	5000.0	0.001	7.7e-05	0.083069	0.8869316536692662,0.10885758848230354,0.0042086382723455305,2.1195760847830435e-06
312	3177516233	5000.0	0.001	7.7e-05	-0.592658	0.8711055788842231,0.11631057788442312,0.012537092581483703,4.6750649870025995e-05
316	2001841384	5000.0	0.001	7.7e-05	0.173652	0.9711054989002199,0.028793201359728054,0.0001012997400519896
318	683662572	5000.0	0.001	7.7e-05	-0.149898	0.9656479104179164,0.03419332133573285,0.00015856828634273144,1.9996000799840033e-07
319	3576665334	5000.0	0.001	7.7e-05	-0.562732	0.7281967206558688,0.26801783643271343,0.003763007398520296,2.2435512897420517e-05
320	4262960376	5000.0	0.001	7.7e-05	0.252485	0.941079824035193,0.0563250549890022,0.0025896420715856828,5.478904219156169e-06
317	3187387627	5000.0	0.001	7.7e-05	0.095705	0.9544847030593882,0.04533041391721656,0.0001662867426514697,1.859628074385123e-05
321	637168889	5000.0	0.001	7.7e-05	-0.581617	0.8614239152169566,0.13009614077184564,0.008470785842831433,9.158168366326734e-06
326	3443133710	5000.0	0.001	7.7e-05	0.060504	0.9747128174365127,0.025226674665066985,6.0507898420315934e-05
325	2178571530	5000.0	0.001	7.7e-05	-0.040703	0.9419264947010598,0.0556373925214957,0.002433233353329334,2.8794241151769645e-06
322	2850491645	5000.0	0.001	7.7e-05	0.367263	0.8944742651469706,0.10161375724855029,0.0039114177164567086,5.598880223955209e-07
324	658597120	5000.0	0.001	7.7e-05	-0.252312	0.9433048190361928,0.054499060187962405,0.0021841631673665267,1.1957608478304339e-05
327	28712211	5000.0	0.001	7.7e-05	-0.102792	0.9461207358528294,0.05325990801839632,0.0006193561287742451
329	3610797332	5000.0	0.001	7.7e-05	-0.009669	0.9316149570085983,0.06500559888022396,0.0033784043191361726,1.0397920415916818e-06
323	113317118	5000.0	0.001	7.7e-05	-0.375843	0.9372486702659468,0.06045814837032593,0.0022930613877224556,1.199760047990402e-07
330	4077139224	5000.0	0.001	7.7e-05	0.144643	0.9603700059988003,0.039566326734653066,6.366726654669066e-05
331	4153001244	5000.0	0.001	7.7e-05	-0.025913	0.9524488702259548,0.04743379324135173,0.00011733653269346131
332	133369119	5000.0	0.001	7.7e-05	-0.015856	0.9169180163967207,0.08162671465706858,0.0014551089782043592,1.5996800639872026e-07
333	3865906466	5000.0	0.001	7.7e-05	0.470956	0.8857242951409718,0.1125866826634673,0.001686742651469706,2.279544091181764e-06
328	3188614420	5000.0	0.001	7.7e-05	-0.061166	0.9655174565086982,0.03444751049790042,3.5032993401319734e-05
335	3944387883	5000.0	0.001	7.7e-05	-0.409422	0.9413998800239952,0.05816736652669466,0.00039872025594881025,3.4033193361327734e-05
334	2364212521	5000.0	0.001	7.7e-05	0.066241	0.9783918416316737,0.0197498100379924,0.0018426714657068586,1.5676864627074585e-05
336	1147729197	5000.0	0.001	7.7e-05	-0.008207	0.9789935212957408,0.020509058188362326,0.0004970205958808239,3.9992001599680065e-07
337	894549297	5000.0	0.001	7.7e-05	0.095470	0.9722588682263548,0.02765266946610678,8.84623075384923e-05
338	1354456373	5000.0	0.001	7.7e-05	0.418593	0.9264644271145771,0.07320635872825434,0.0003291741651669666,3.9992001599680065e-08
339	3444380993	5000.0	0.001	7.7e-05	0.167163	0.9683999600079984,0.030888502299540092,0.0007114577084583084,7.998400319936013e-08
340	3861841217	5000.0	0.001	7.7e-05	-0.140346	0.9637306538692262,0.03458912217556489,0.0016737452509498101,6.47870425914817e-06
341	1283099974	5000.0	0.001	7.7e-05	0.549091	0.9028911417716456,0.09187866426714657,0.005223515296940612,6.678664267146571e-06
343	1625378133	5000.0	0.001	7.7e-05	-0.061406	0.9765084583083383,0.022902099580083983,0.0005892021595680864,2.399520095980804e-07
344	2578416987	5000.0	0.001	7.7e-05	-0.211213	0.9135778444311138,0.08480983803239352,0.0016115576884623076,7.598480303939212e-07
346	992820572	5000.0	0.001	7.7e-05	0.658607	0.9146932213557288,0.08389266146770646,0.0014126774645070986,1.4397120575884822e-06
342	2004940113	5000.0	0.001	7.7e-05	-0.084448	0.9089486102779444,0.08911893621275745,0.0018993401319736052,3.3113377324535094e-05
345	406246747	5000.0	0.001	7.7e-05	0.060958	0.9787424115176965,0.021159768046390724,9.782043591281743e-05
347	2667109732	5000.0	0.001	7.7e-05	0.164120	0.9462973805238952,0.05363911217756449,6.342731453709258e-05,7.998400319936013e-08
350	687842670	5000.0	0.001	7.7e-05	0.304634	0.9596435112977405,0.039773485302939414,0.0005829634073185362,3.9992001599680065e-08
348	957771108	5000.0	0.001	7.7e-05	-0.656355	0.8823469706058789,0.0786132373525295,0.03875912817436513,0.0002609878024395121,1.9676064787042592e-05
351	1541623159	5000.0	0.001	7.7e-05	0.244233	0.9576518296340731,0.04158660267946411,0.0007615276944611078,3.9992001599680065e-08
353	3360798072	5000.0	0.001	7.7e-05	-0.005497	0.9466214357128574,0.05291105778844231,0.00046730653869226155,1.9996000799840033e-07
352	2565596536	5000.0	0.001	7.7e-05	0.189247	0.812200599880024,0.1834396320735853,0.004358928214357128,8.398320335932813e-07
349	70907243	5000.0	0.001	7.7e-05	0.032182	0.9361392921415717,0.0635507298540292,0.0003060987802439512,3.879224155168966e-06
354	1056589176	5000.0	0.001	7.7e-05	-0.747941	0.8253557288542291,0.1670508298340332,0.007578204359128174,1.5236952609478104e-05
355	106816891	5000.0	0.001	7.7e-05	-0.002055	0.9705597280543892,0.02937392521495701,6.634673065386923e-05
356	2981309819	5000.0	0.001	7.7e-05	0.208217	0.941244551089782,0.05728382323535293,0.0014627074585082983,8.918216356728655e-06
357	1070267773	5000.0	0.001	7.7e-05	0.067645	0.9607726054789042,0.03800739852029594,0.0012191961607678464,7.998400319936013e-07
359	1830356362	5000.0	0.001	7.7e-05	-0.175550	0.9580065186962607,0.04139308138372325,0.0006003599280143972,3.9992001599680065e-08
358	627254653	5000.0	0.001	7.7e-05	-0.552068	0.9197263347330534,0.07875224955008998,0.0015210557888422317,3.5992801439712056e-07
361	1109843348	5000.0	0.001	7.7e-05	-0.010654	0.9403120175964808,0.05935352929414117,0.00033445310937812436
360	1960308110	5000.0	0.001	7.7e-05	0.207369	0.9624717856428714,0.0319003799240152,0.005611397720455909,1.6436712657468506e-05
362	265870748	5000.0	0.001	7.7e-05	0.060519	0.9609730853829234,0.036921575684863026,0.0021041791641671667,1.159768046390722e-06
363	1223386528	5000.0	0.001	7.7e-05	-0.130319	0.966393801239752,0.03325402919416117,0.00035216956608678264
370	3656906161	5000.0	0.001	7.7e-05	0.036866	0.9427254149170166,0.054806998600279946,0.002466106778644271,1.4797040591881624e-06
364	478238114	5000.0	0.001	7.7e-05	-0.817573	0.8879527694461108,0.1099134973005399,0.0021334133173365327,3.199360127974405e-07
367	3193251239	5000.0	0.001	7.7e-05	0.024519	0.9721409718056389,0.027030473905218955,0.0008194761047790442,9.078184363127375e-06
365	648334756	5000.0	0.001	7.7e-05	0.193599	0.9358926614677064,0.06384487102579484,0.00026246750649870025
366	173196710	5000.0	0.001	7.7e-05	0.185023	0.9045262547490502,0.08664439112177565,0.00881751649670066,1.18376324735053e-05
368	3100747180	5000.0	0.001	7.7e-05	0.029564	0.9268346330733853,0.07298956208758248,0.00017580483903219355
369	1603524015	5000.0	0.001	7.7e-05	0.135427	0.9507118576284743,0.04499620075984803,0.004290941811637672,9.998000399920016e-07
371	259347896	5000.0	0.001	7.7e-05	-0.203007	0.9584458708258349,0.04081051789642071,0.0007435712857428514,3.9992001599680065e-08
374	3311599044	5000.0	0.001	7.7e-05	0.002209	0.9738038792241551,0.02610517896420716,9.094181163767247e-05
372	1283165625	5000.0	0.001	7.7e-05	0.143702	0.9483742051589682,0.05149754049190162,0.00012825434913017397
373	2291703235	5000.0	0.001	7.7e-05	-0.016734	0.920727574485103,0.07692941411717656,0.0023421715656868625,8.398320335932813e-07
375	2842074570	5000.0	0.001	7.7e-05	0.011843	0.9646664667066587,0.03469842031593681,0.0006350729854029194,3.9992001599680065e-08
376	4216638931	5000.0	0.001	7.7e-05	-0.461226	0.9364165566886623,0.06319036192761447,0.00039304139172165566,3.9992001599680065e-08
377	2073355733	5000.0	0.001	7.7e-05	-0.272665	0.8968414717056589,0.10139816036792641,0.001740251949610078,2.0115976804639073e-05
378	341956056	5000.0	0.001	7.7e-05	0.031894	0.974705298940212,0.025052109578084382,0.00024259148170365926
379	2565891557	5000.0	0.001	7.7e-05	0.158566	0.9665165366926615,0.03309002199560088,0.00039336132773445313,7.998400319936013e-08
380	1059411432	5000.0	0.001	7.7e-05	0.185333	0.9573284543091382,0.04246098780243951,0.00021055788842231553
381	3868589549	5000.0	0.001	7.7e-05	0.659618	0.8904310337932414,0.10771825634873025,0.0018503099380123974,3.9992001599680065e-07
383	7446002	5000.0	0.001	7.7e-05	0.147779	0.9618689062187562,0.03792141571685663,0.00020967806438712257
382	242968050	5000.0	0.001	7.7e-05	0.258928	0.9467752049590082,0.05304887022595481,0.0001759248150369926
385	3909846520	5000.0	0.001	7.7e-05	-1.094090	0.9111046190761848,0.05372749450109978,0.033626514697060586,0.0014635872825434913,7.778444311137772e-05
386	3997574657	5000.0	0.001	7.7e-05	0.028475	0.8968415116976605,0.0729630873825235,0.028943931213757247,0.0012509498100379923,5.198960207958409e-07
384	3438157301	5000.0	0.001	7.7e-05	0.371853	0.8366664267146571,0.14737204559088182,0.015834313137372526,0.0001271745650869826,3.9992001599680065e-08
391	1451009574	5000.0	0.001	7.7e-05	-0.089682	0.9644863427314537,0.03479792041591682,0.0007144171165766847,1.319736052789442e-06
390	3148914213	5000.0	0.001	7.7e-05	0.158413	0.9625816836632674,0.03729262147570486,0.00012569486102779445
389	1885619734	5000.0	0.001	7.7e-05	-0.300362	0.8787979604079185,0.1204364727054589,0.0007654869026194761,7.998400319936013e-08
388	2674476556	5000.0	0.001	7.7e-05	0.333930	0.9485502099580084,0.051299340131973604,0.0001504499100179964
387	153511429	5000.0	0.001	7.7e-05	0.046632	0.9483363727254549,0.0496249550089982,0.002036832633473305,1.839632073585283e-06
392	4006811175	5000.0	0.001	7.7e-05	-0.452047	0.9313459708058388,0.06813485302939412,0.0005190561887622475,1.199760047990402e-07
393	2530731560	5000.0	0.001	7.7e-05	-0.125734	0.9758289542091582,0.02399020195960808,0.00018008398320335932,7.598480303939212e-07
394	2840473135	5000.0	0.001	7.7e-05	-0.214843	0.9275984403119376,0.070924775044991,0.0014757848430313938,9.998000399920016e-07
395	170581553	5000.0	0.001	7.7e-05	0.621186	0.9101783643271346,0.0890379924015197,0.0007836032793441312,3.9992001599680065e-08
396	473658930	5000.0	0.001	7.7e-05	-0.150221	0.9649418116376725,0.034862947410517896,0.0001952009598080384,3.9992001599680065e-08
397	3904390719	5000.0	0.001	7.7e-05	-0.129415	0.969169526094781,0.028361127774445112,0.0024692261547690462,1.199760047990402e-07
398	3296339519	5000.0	0.001	7.7e-05	-0.035583	0.9707442111577684,0.028233113377324533,0.0010223955208958208,2.7994401119776043e-07
399	2205744703	5000.0	0.001	7.7e-05	-0.443629	0.880467226554689,0.11315768846230753,0.0063444911017796445,3.059388122375525e-05
400	1099355717	5000.0	0.001	7.7e-05	-0.216454	0.8674461107778444,0.12307026594681064,0.009477104579084183,6.518696260747851e-06
401	2850958923	5000.0	0.001	7.7e-05	0.028106	0.9802787842431514,0.01968378324335133,3.743251349730054e-05
402	2213981774	5000.0	0.001	7.7e-05	-0.256829	0.944804399120176,0.055096860627874424,9.874025194961008e-05
403	2851042910	5000.0	0.001	7.7e-05	0.323249	0.8794609478104379,0.11559308138372326,0.0049285742851429715,1.739652069586083e-05
405	58725989	5000.0	0.001	7.7e-05	0.135254	0.9557548490301939,0.04360747850429914,0.0006376724655068986
404	2531221090	5000.0	0.001	7.7e-05	0.128429	0.955002799440112,0.04463859228154369,0.00035860827834433115
406	994330217	5000.0	0.001	7.7e-05	-1.025528	0.8349537292541491,0.1645496900619876,0.0004965806838632274
407	616220265	5000.0	0.001	7.7e-05	0.252135	0.9434221155768846,0.053326734653069384,0.0032501899620075983,9.598080383923216e-07
408	1461751403	5000.0	0.001	7.7e-05	-1.045934	0.8230942611477704,0.16884707058588283,0.00802999400119976,2.8674265146970606e-05
410	2379116146	5000.0	0.001	7.7e-05	-0.006671	0.979054549090182,0.020250389922015596,0.0006950609878024395
411	1058014836	5000.0	0.001	7.7e-05	-0.744609	0.8778916616676664,0.12089590081983603,0.0012040791841631674,8.358328334333133e-06
409	2123947628	5000.0	0.001	7.7e-05	0.823205	0.8683270145970806,0.12629626074785044,0.005321975604879024,5.474905018996201e-05
413	1710263929	5000.0	0.001	7.7e-05	0.007698	0.9694893421315737,0.028811717656468706,0.0016712657468506299,2.7674465106978603e-05
414	3562948221	5000.0	0.001	7.7e-05	-1.688064	0.8012852229554089,0.1927372125574885,0.005431393721255749,0.0005461707658468306
412	3288243833	5000.0	0.001	7.7e-05	-0.259643	0.9169402919416116,0.08200551889622075,0.0010516696660667867,2.519496100779844e-06
415	1199527559	5000.0	0.001	7.7e-05	0.047107	0.9325962407518497,0.06698444311137773,0.0004193161367726455
418	279525018	5000.0	0.001	7.7e-05	-0.088603	0.9761391321735653,0.02379128174365127,6.778644271145771e-05,1.799640071985603e-06
417	1240250003	5000.0	0.001	7.7e-05	0.411191	0.7070597880423916,0.2628599880023995,0.027864467106578684,0.002213957208558288,1.799640071985603e-06
416	581416592	5000.0	0.001	7.7e-05	0.040722	0.9783224155168966,0.021592041591681665,8.554289142171566e-05
419	2887196314	5000.0	0.001	7.7e-05	0.695499	0.9277115376924615,0.07143475304939012,0.0008129174165166967,4.0791841631673665e-05
421	4029189799	5000.0	0.001	7.7e-05	0.026628	0.9541763647270546,0.04557772445510898,0.0002457108578284343,1.9996000799840033e-07
420	314365597	5000.0	0.001	7.7e-05	-0.003682	0.9713184563087383,0.02856520695860828,0.00011573685262947411,5.99880023995201e-07
422	418199215	5000.0	0.001	7.7e-05	-0.895829	0.8721672465506899,0.12699020195960808,0.0008421915616876625,3.5992801439712056e-07
424	1802362548	5000.0	0.001	7.7e-05	-0.191396	0.9185834433113377,0.07632853429314138,0.004779124175164967,0.0003088982203559288
427	715452110	5000.0	0.001	7.7e-05	-0.063438	0.9730004799040192,0.026649110177964407,0.0003504099180163967
428	1356857044	5000.0	0.001	7.7e-05	0.368882	0.8974864227154569,0.10160955808838232,0.0009040191961607678
426	188798661	5000.0	0.001	7.7e-05	0.041320	0.8468035592881423,0.14739228154369127,0.00503255348930214,0.0007709658068386322,6.39872025594881e-07
423	1014607536	5000.0	0.001	7.7e-05	0.238222	0.897576724655069,0.10106834633073385,0.0013548090381923616,1.199760047990402e-07
430	1481850582	5000.0	0.001	7.7e-05	0.383498	0.9468564287142571,0.05245658868226355,0.0006861027794441112,8.798240351929614e-07
431	3484192474	5000.0	0.001	7.7e-05	0.230375	0.8894540691861628,0.10623111377724455,0.004307298540291942,7.518496300739852e-06
425	3452214975	5000.0	0.001	7.7e-05	-0.250559	0.9267471305738852,0.07217652469506099,0.00107622475504899,1.199760047990402e-07
429	1578383062	5000.0	0.001	7.7e-05	0.141628	0.8968809038192361,0.10086826634673066,0.0022483503299340134,2.4795040991801638e-06
432	60045018	5000.0	0.001	7.7e-05	-0.047384	0.9642413917216557,0.03565234953009398,0.00010625874825034993
433	1572839135	5000.0	0.001	7.7e-05	-0.092742	0.9442454309138172,0.05409762047590482,0.0016551489702059587,1.799640071985603e-06
434	3082395359	5000.0	0.001	7.7e-05	-0.057137	0.9446606678664267,0.05495924815036993,0.0003794841031793641,5.99880023995201e-07
435	1313079009	5000.0	0.001	7.7e-05	-0.448164	0.9263618876224755,0.06975728854229155,0.0038801839632073586,6.39872025594881e-07
437	2782158559	5000.0	0.001	7.7e-05	0.120725	0.9464161967606479,0.05251513697260548,0.001068226354729054,4.399120175964807e-07
436	2648057569	5000.0	0.001	7.7e-05	-0.343424	0.8808920615876825,0.11617112577484504,0.0029354929014197163,1.319736052789442e-06
439	2759128810	5000.0	0.001	7.7e-05	0.028032	0.9769777644471106,0.02276140771845631,0.00026082783443311336
440	1138525932	5000.0	0.001	7.7e-05	0.088468	0.9059624475104979,0.09325606878624275,0.0007814437112577485,3.9992001599680065e-08
438	1381349092	5000.0	0.001	7.7e-05	-0.025672	0.8702453109378124,0.12514545090981805,0.004594761047790442,1.4477104579084183e-05
446	3015108355	5000.0	0.001	7.7e-05	-0.553171	0.9043166566686662,0.09443487302539492,0.001247110577884423,1.3597280543891223e-06
443	2615899899	5000.0	0.001	7.7e-05	0.043136	0.9325792841431714,0.0662624675064987,0.0011556488702259549,2.599480103979204e-06
444	4010024701	5000.0	0.001	7.7e-05	0.020389	0.9460073185362927,0.05357008598280344,0.00042175564887022595,8.398320335932813e-07
445	4083816194	5000.0	0.001	7.7e-05	1.085109	0.8982594281143771,0.08870909818036393,0.012981723655268946,4.963007398520296e-05,1.199760047990402e-07
441	1756688115	5000.0	0.001	7.7e-05	-0.564278	0.9351347730453909,0.020744491101779644,0.043295380923815234,0.0008253549290141972
451	735579935	5000.0	0.001	7.7e-05	-0.144110	0.9589223355328934,0.04064115176964607,0.00043647270545890823,3.9992001599680065e-08
453	239607587	5000.0	0.001	7.7e-05	0.154980	0.9557598480303939,0.04391025794841032,0.00032989402119576087
450	1633484574	5000.0	0.001	7.7e-05	0.373946	0.9202332333533293,0.07935760847830434,0.0004089582083583283,1.9996000799840033e-07
442	608694004	5000.0	0.001	7.7e-05	-0.305141	0.8810819036192762,0.11708302339532094,0.001834633073385323,4.399120175964807e-07
452	3204620065	5000.0	0.001	7.7e-05	-0.255012	0.9420433113377324,0.05521043791241752,0.002735612877424515,1.0637872425514897e-05
447	60460815	5000.0	0.001	7.7e-05	-0.216957	0.9382707858428314,0.060377124575084984,0.0013490501899620076,3.039392121575685e-06
449	1433716509	5000.0	0.001	7.7e-05	0.535956	0.8811003399320136,0.11846902619476105,0.0004306338732253549
454	241995555	5000.0	0.001	7.7e-05	0.263606	0.8884697060587883,0.10979136172765447,0.0017388522295540892,7.998400319936013e-08
455	362567470	5000.0	0.001	7.7e-05	0.089096	0.9088416316736653,0.09002191561687663,0.0011364527094581084
448	3472385807	5000.0	0.001	7.7e-05	-0.137338	0.9704449110177964,0.02934125174965007,0.00021375724855028993,7.998400319936013e-08
457	1446276919	5000.0	0.001	7.7e-05	0.570494	0.8882131173765246,0.09328014397120576,0.018484583083383323,2.2155568886222757e-05
456	4239175475	5000.0	0.001	7.7e-05	-0.251840	0.9169997600479904,0.08260091981603679,0.00039728054389122174,2.039592081583683e-06
459	1254770496	5000.0	0.001	7.7e-05	-0.247736	0.9096326334733054,0.08921647670465907,0.0011505298940211958,3.5992801439712056e-07
458	3537690427	5000.0	0.001	7.7e-05	-0.354017	0.8592482303539292,0.13291769646070786,0.00783263347330534,1.4397120575884822e-06
466	3161505638	5000.0	0.001	7.7e-05	0.363964	0.9232057988402319,0.07658196360727855,0.00021219756048790242,3.9992001599680065e-08
460	1325829956	5000.0	0.001	7.7e-05	0.458238	0.9025738052389523,0.09360475904819036,0.003598000399920016,0.00022343531293741252
461	3177799494	5000.0	0.001	7.7e-05	0.288179	0.8106821035792842,0.18761559688062387,0.0017021795640871826,1.199760047990402e-07
463	856145744	5000.0	0.001	7.7e-05	0.486198	0.8506923815236953,0.14783775244951008,0.0014696660667866427,1.9996000799840033e-07
462	3740940110	5000.0	0.001	7.7e-05	0.510531	0.9016261547690462,0.09787094581083783,0.0005028194361127775,7.998400319936013e-08
469	1430558583	5000.0	0.001	7.7e-05	-0.006540	0.9511358528294341,0.0486123575284943,0.000251749650069986,3.9992001599680065e-08
465	1259046755	5000.0	0.001	7.7e-05	0.089351	0.963072625474905,0.036857868426314735,6.91861627674465e-05,3.199360127974405e-07
468	3520167797	5000.0	0.001	7.7e-05	0.789524	0.8645744451109778,0.13469026194761047,0.0007352129574085183,7.998400319936013e-08
467	400160618	5000.0	0.001	7.7e-05	-0.085396	0.9753398120375925,0.024643391321735653,1.6796640671865626e-05
464	40249187	5000.0	0.001	7.7e-05	-0.559573	0.8639403719256149,0.13017032593481304,0.005862747450509898,2.655468906218756e-05
470	2325782393	5000.0	0.001	7.7e-05	-0.029784	0.974502899420116,0.025400239952009598,9.686062787442512e-05
472	64753531	5000.0	0.001	7.7e-05	-0.253279	0.9200069586082783,0.07679304139172166,0.0031986802639472106,1.319736052789442e-06
471	1162080122	5000.0	0.001	7.7e-05	0.095124	0.9684627874425115,0.031424515096980604,0.00011269746050789842
473	3722751880	5000.0	0.001	7.7e-05	0.188992	0.8789911617676465,0.11048218356328735,0.010449870025994802,7.678464307138572e-05
475	645195659	5000.0	0.001	7.7e-05	0.160481	0.9408354729054189,0.05781831633673265,0.001345890821835633,3.199360127974405e-07
474	3411914633	5000.0	0.001	7.7e-05	-0.060086	0.8248751849630074,0.17292681463707257,0.0021602079584083183,3.779244151169766e-05
477	1795807137	5000.0	0.001	7.7e-05	-0.528234	0.9528211157768446,0.026209318136372724,0.020908378324335133,6.0947810437912415e-05,2.399520095980804e-07
476	2425710477	5000.0	0.001	7.7e-05	-0.037021	0.7585670465906819,0.23393013397320536,0.007483463307338532,1.9356128774245152e-05
478	1699921829	5000.0	0.001	7.7e-05	-0.124572	0.9527366126774645,0.04693309338132374,0.000330253949210158,3.9992001599680065e-08
480	901875642	5000.0	0.001	7.7e-05	0.183697	0.9413053389322136,0.04505074985002999,0.013623835232953409,2.0075984803039393e-05
481	2169700284	5000.0	0.001	7.7e-05	0.021970	0.9733341331733654,0.026344611077784442,0.0003212157568486303,3.9992001599680065e-08
479	2644930469	5000.0	0.001	7.7e-05	-0.169412	0.9517970805838832,0.04750361927614477,0.0006973005398920216,1.999600079984003e-06
483	461234117	5000.0	0.001	7.7e-05	-0.035412	0.9490037192561488,0.0461624875024995,0.004719816036792642,0.00011397720455908818
485	3621130185	5000.0	0.001	7.7e-05	0.003997	0.9568131173765247,0.04250765846830634,0.0006792241551689662
482	4115001284	5000.0	0.001	7.7e-05	-0.027017	0.9251303339332133,0.07265254949010198,0.002213357328534293,3.759248150369926e-06
484	1976756165	5000.0	0.001	7.7e-05	0.123371	0.9534624275144971,0.0462626674665067,0.00027490501899620076
486	1365964751	5000.0	0.001	7.7e-05	0.701065	0.8816479504099181,0.11012229554089183,0.007211077784443112,0.0010186362727454509,3.9992001599680065e-08
488	2007855069	5000.0	0.001	7.7e-05	-0.072258	0.9790477104579084,0.020526014797040592,0.0004260747850429914,1.9996000799840033e-07
487	3415007194	5000.0	0.001	7.7e-05	0.220827	0.8787582483503299,0.1208379124175165,0.0004038392321535693
491	302161896	5000.0	0.001	7.7e-05	0.175416	0.9516261147770446,0.04798392321535693,0.0003899620075984803
490	3552311265	5000.0	0.001	7.7e-05	-0.337192	0.7081242551489703,0.2794621075784843,0.012392601479704059,2.1035792841431712e-05
489	2993559520	5000.0	0.001	7.7e-05	-0.003386	0.9478147170565887,0.05112013597280544,0.0010623475304939011,2.7994401119776045e-06
493	732526577	5000.0	0.001	7.7e-05	-0.185387	0.9540205558888223,0.04588106378724255,9.838032393521295e-05
495	1992900598	5000.0	0.001	7.7e-05	-0.700817	0.6933378524295141,0.2744670665866827,0.03185150969806039,0.0003434513097380524,1.199760047990402e-07
496	1399007224	5000.0	0.001	7.7e-05	0.014909	0.980882223555289,0.01896636672665467,0.00015136972605478904,3.9992001599680065e-08
492	58494954	5000.0	0.001	7.7e-05	-0.380353	0.9114504299140171,0.0875262947410518,0.0010231553689262146,1.199760047990402e-07
494	2818265074	5000.0	0.001	7.7e-05	0.236934	0.9456117576484703,0.053005398920215954,0.0013780043991201759,4.839032193561288e-06
497	1370677241	5000.0	0.001	7.7e-05	0.086832	0.9410554689062187,0.056529174165166965,0.002410397920415917,4.9590081983603276e-06
498	4077674490	5000.0	0.001	7.7e-05	0.140097	0.9488924215156969,0.04633925214957008,0.004761967606478705,6.35872825434913e-06
499	625209343	5000.0	0.001	7.7e-05	-0.409280	0.9285503299340132,0.06898184363127374,0.0024674265146970606,3.9992001599680065e-07
