sim_id	seed	popsize	selcoef	mutrate	velocity	profile
13	567443495	5000.0	0.001	2.5075e-05	-0.096373	0.9960481903619276,0.003950729854029194,1.0797840431913617e-06
18	9320515	5000.0	0.001	2.5075e-05	-0.204760	0.9814794641071786,0.018444311137772444,7.62247550489902e-05
19	1227343950	5000.0	0.001	2.5075e-05	0.098947	0.983996600679864,0.015883343331333732,0.00012005598880223955
3	575619085	5000.0	0.001	2.5075e-05	-0.007954	0.9714980203959208,0.028491861627674465,1.0117976404719055e-05
5	649764879	5000.0	0.001	2.5075e-05	0.407971	0.9750122775444912,0.023101899620075986,0.001885382923415317,4.399120175964807e-07
4	553515023	5000.0	0.001	2.5075e-05	-0.280635	0.9824953009398121,0.017494581083783243,1.0117976404719055e-05
0	969433089	5000.0	0.001	2.5075e-05	-0.020907	0.9848369526094781,0.015046110777844431,0.0001169366126774645
6	4228794387	5000.0	0.001	2.5075e-05	0.201346	0.9832433513297341,0.016750609878024396,6.038792241551689e-06
11	83793958	5000.0	0.001	2.5075e-05	-0.063706	0.9913134173165367,0.008685902819436113,6.798640271945611e-07
12	1317451815	5000.0	0.001	2.5075e-05	0.014963	0.9774585882823436,0.022533053389322134,8.358328334333133e-06
17	1586466879	5000.0	0.001	2.5075e-05	-1.049046	0.9512967406518696,0.03795884823035393,0.010744091181763647,3.199360127974405e-07
10	3237828640	5000.0	0.001	2.5075e-05	-0.139422	0.9886476704659068,0.011351489702059589,8.398320335932813e-07
1	568821764	5000.0	0.001	2.5075e-05	-0.343656	0.9452063987202559,0.05476868626274745,2.4915016996600678e-05
2	1523499015	5000.0	0.001	2.5075e-05	-0.431318	0.9807190161967606,0.019269546090781842,1.1437712457508499e-05
7	3901239322	5000.0	0.001	2.5075e-05	3.961387	0.8618474705058988,0.1380113177364527,0.0001412117576484703
14	3170080810	5000.0	0.001	2.5075e-05	-0.280872	0.9853004599080184,0.014698020395920816,1.5196960607878424e-06
16	3473672248	5000.0	0.001	2.5075e-05	-0.570125	0.9565632873425315,0.043417996400719854,1.871625674865027e-05
9	1662613531	5000.0	0.001	2.5075e-05	-1.852744	0.9395896820635873,0.060303339332133575,0.00010697860427914417
8	624605210	5000.0	0.001	2.5075e-05	-0.005976	0.9967292141571685,0.0032705458908218357,2.399520095980804e-07
15	3883821102	5000.0	0.001	2.5075e-05	-0.070189	0.9645024595080984,0.035369446110777844,0.00012809438112377524
22	3745884251	5000.0	0.001	2.5075e-05	-0.033436	0.9926494301139772,0.007350049990002,5.198960207958409e-07
21	1452296281	5000.0	0.001	2.5075e-05	0.946717	0.9587457308538292,0.041222715456908615,3.155368926214757e-05
20	777484377	5000.0	0.001	2.5075e-05	-0.094964	0.9946377524495101,0.005334733053389322,2.7514497100579884e-05
23	3720237148	5000.0	0.001	2.5075e-05	0.001927	0.9897581283743251,0.010241551689662067,3.199360127974405e-07
26	2233268328	5000.0	0.001	2.5075e-05	0.021861	0.9967176164767046,0.003281663667266547,7.198560287942411e-07
34	1732853875	5000.0	0.001	2.5075e-05	-0.323718	0.9775792841431714,0.02184863027394521,0.0005720855828834233
27	2204469354	5000.0	0.001	2.5075e-05	-0.027319	0.9967005398920216,0.003298980203959208,4.799040191961608e-07
24	3502004320	5000.0	0.001	2.5075e-05	-0.029619	0.9856883023395321,0.01430981803639272,1.879624075184963e-06
25	1597343846	5000.0	0.001	2.5075e-05	-1.620070	0.8831811237752449,0.11604447110577884,0.0007744051189762048
31	1764126830	5000.0	0.001	2.5075e-05	-0.749173	0.9729498100379924,0.021559528094381122,0.005449310137972406,4.1351729654069184e-05
37	804571259	5000.0	0.001	2.5075e-05	-0.473342	0.9727234553089382,0.027240431913617278,3.6112777444511095e-05
28	392038508	5000.0	0.001	2.5075e-05	0.481899	0.9426378324335133,0.05623039392121576,0.0011317736452709458
30	2535526509	5000.0	0.001	2.5075e-05	-0.044375	0.993690301939612,0.006308578284343131,1.1197760447910417e-06
36	1070850165	5000.0	0.001	2.5075e-05	-1.001089	0.9480370325934813,0.05195664867026595,6.3187362527494505e-06
35	409505908	5000.0	0.001	2.5075e-05	0.010665	0.9895568486302739,0.010438552289542092,4.599080183963207e-06
33	611575922	5000.0	0.001	2.5075e-05	-0.100407	0.9932663067386522,0.00673001399720056,3.679264147170566e-06
32	1674197105	5000.0	0.001	2.5075e-05	0.432627	0.9775026194761047,0.022409398120375925,8.798240351929614e-05
38	2121982079	5000.0	0.001	2.5075e-05	-2.260434	0.8904982203559288,0.10775680863827235,0.0017449710057988402
29	1680744557	5000.0	0.001	2.5075e-05	-0.653411	0.9676133973205359,0.03227750449910018,0.00010909818036392721
39	2194798719	5000.0	0.001	2.5075e-05	0.031749	0.9935905218956209,0.006381843631273745,2.7634473105378926e-05
40	307230849	5000.0	0.001	2.5075e-05	-0.870186	0.9623454109178164,0.037600719856028794,5.386922615476905e-05
42	2115479694	5000.0	0.001	2.5075e-05	0.300275	0.9813498100379924,0.018645750849830035,4.439112177564487e-06
44	226635935	5000.0	0.001	2.5075e-05	-0.471248	0.8991269346130774,0.1007009398120376,0.000172125574885023
43	1304895639	5000.0	0.001	2.5075e-05	1.654587	0.9029693661267747,0.09508322335532893,0.0019473305338932215,7.998400319936013e-08
45	1512548512	5000.0	0.001	2.5075e-05	0.669666	0.9538906218756249,0.04602395520895821,8.542291541691662e-05
46	2662037665	5000.0	0.001	2.5075e-05	0.238108	0.9840628674265147,0.015933813237352528,3.319336132773445e-06
49	1347242153	5000.0	0.001	2.5075e-05	-1.606384	0.936216876624675,0.06346974605078984,0.00031337732453509296
41	2219118728	5000.0	0.001	2.5075e-05	-0.088967	0.9872460307938412,0.01275124975004999,2.7194561087782445e-06
50	1660993709	5000.0	0.001	2.5075e-05	3.360650	0.870799400119976,0.10978996200759848,0.019409238152369526,1.3997200559888023e-06
48	492521638	5000.0	0.001	2.5075e-05	0.014340	0.984848150369926,0.014987922415516896,0.00016392721455708859
47	3437072544	5000.0	0.001	2.5075e-05	0.599547	0.9674335932813437,0.032483023395320935,8.338332333533294e-05
52	1210233015	5000.0	0.001	2.5075e-05	-1.040531	0.9571972805438912,0.04279512097580484,7.5984803039392126e-06
58	71915723	5000.0	0.001	2.5075e-05	-0.229233	0.991231073785243,0.008768286342731454,6.39872025594881e-07
56	2316949701	5000.0	0.001	2.5075e-05	-0.008424	0.9965145770845831,0.00348498300339932,4.399120175964807e-07
54	3038116032	5000.0	0.001	2.5075e-05	0.426413	0.9657127774445111,0.03427654469106179,1.0677864427114578e-05
51	4049649838	5000.0	0.001	2.5075e-05	-0.084984	0.9878732653469307,0.01210373925214957,2.2995400919816036e-05
53	2054314176	5000.0	0.001	2.5075e-05	0.088284	0.9936897820435913,0.006308218356328734,1.999600079984003e-06
55	1959719107	5000.0	0.001	2.5075e-05	-0.023353	0.9943444511097781,0.005655268946210758,2.7994401119776043e-07
57	3102345418	5000.0	0.001	2.5075e-05	-0.096661	0.9865403719256148,0.01345874825034993,8.798240351929614e-07
59	3660679370	5000.0	0.001	2.5075e-05	0.120580	0.9889598480303939,0.010709938012397521,0.0003302139572085583
60	2226368724	5000.0	0.001	2.5075e-05	0.050137	0.9912685862827435,0.008730733853229354,6.798640271945611e-07
61	3525376215	5000.0	0.001	2.5075e-05	0.045700	0.9590303139372126,0.040843151369726056,0.00012653469306138772
62	3741757680	5000.0	0.001	2.5075e-05	0.213380	0.9338715056988602,0.06611069786042792,1.779644071185763e-05
63	2544541941	5000.0	0.001	2.5075e-05	-0.044209	0.9889118976204759,0.011050949810037992,3.715256948610278e-05
65	1201082616	5000.0	0.001	2.5075e-05	-0.195997	0.9794061587682463,0.020578084383123377,1.5756848630273946e-05
67	449587452	5000.0	0.001	2.5075e-05	0.649061	0.9503428114377125,0.04964359128174365,1.3597280543891222e-05
64	2993551606	5000.0	0.001	2.5075e-05	0.161854	0.9934336732653469,0.006560567886422715,5.758848230353929e-06
66	2594820346	5000.0	0.001	2.5075e-05	-0.239918	0.9722116376724655,0.027777564487102578,1.0797840431913617e-05
69	1210396932	5000.0	0.001	2.5075e-05	0.356767	0.9867100579884023,0.013280303939212158,9.638072385522896e-06
70	1976488197	5000.0	0.001	2.5075e-05	0.261789	0.985601399720056,0.01439744051189762,1.159768046390722e-06
72	4159658252	5000.0	0.001	2.5075e-05	0.830812	0.9651635672865427,0.03454301139772046,0.0002934213157368526
71	659357958	5000.0	0.001	2.5075e-05	0.010676	0.9978747850429914,0.0021248550289942013,3.5992801439712056e-07
75	2060931352	5000.0	0.001	2.5075e-05	0.881117	0.9672447110577884,0.03275300939812038,2.279544091181764e-06
68	314802432	5000.0	0.001	2.5075e-05	-0.362037	0.968351649670066,0.031602799440111976,4.555088982203559e-05
76	746862872	5000.0	0.001	2.5075e-05	0.186998	0.9907100579884023,0.009289022195560888,9.198160367926415e-07
74	1122826520	5000.0	0.001	2.5075e-05	-1.735040	0.8361319336132773,0.1638122375524895,5.582883423315337e-05
73	855443736	5000.0	0.001	2.5075e-05	-0.024108	0.9973256948610278,0.002673905218956209,3.9992001599680065e-07
79	282218790	5000.0	0.001	2.5075e-05	-0.014184	0.9918393921215757,0.008159768046390722,8.398320335932813e-07
77	3939250460	5000.0	0.001	2.5075e-05	-0.299799	0.987422075584883,0.012569086182763447,8.798240351929614e-06,3.9992001599680065e-08
78	468869405	5000.0	0.001	2.5075e-05	0.422470	0.9803374525094981,0.01966146770645871,1.0797840431913617e-06
80	4014178599	5000.0	0.001	2.5075e-05	-0.234583	0.9849986402719456,0.014981003799240151,2.0355928814237152e-05
81	1649381678	5000.0	0.001	2.5075e-05	0.441851	0.9711525294941011,0.02884251149770046,4.9590081983603276e-06
82	1452691765	5000.0	0.001	2.5075e-05	0.085285	0.9708602279544091,0.029132613477304538,7.1585682863427314e-06
83	1820639543	5000.0	0.001	2.5075e-05	-0.033357	0.9916882223555289,0.00831133773245351,4.399120175964807e-07
84	1462126910	5000.0	0.001	2.5075e-05	-0.180135	0.9490788642271546,0.05089898020395921,2.2155568886222757e-05
87	2620553546	5000.0	0.001	2.5075e-05	-0.247102	0.987553649270146,0.012434353129374125,1.199760047990402e-05
85	3110424902	5000.0	0.001	2.5075e-05	0.179490	0.9803434513097381,0.019651749650069987,4.799040191961608e-06
86	1459818825	5000.0	0.001	2.5075e-05	-1.617179	0.9140845030993802,0.08573053389322136,0.00018496300739852028
89	3528702303	5000.0	0.001	2.5075e-05	0.066221	0.990954049190162,0.009043111377724455,2.8394321135772845e-06
90	4180480359	5000.0	0.001	2.5075e-05	-0.147809	0.9904738652269546,0.009474705058988203,5.1349730053989205e-05,7.998400319936013e-08
91	1848578407	5000.0	0.001	2.5075e-05	-0.008750	0.9915693661267746,0.008429354129174164,1.279744051189762e-06
88	215128406	5000.0	0.001	2.5075e-05	0.483463	0.967896300739852,0.03208118376324735,2.2515496900619877e-05
92	2010102121	5000.0	0.001	2.5075e-05	0.983993	0.9366392721455709,0.06323859228154369,0.0001221355728854229
93	499149169	5000.0	0.001	2.5075e-05	-0.132089	0.9917652069586083,0.008234513097380524,2.7994401119776043e-07
96	2161764738	5000.0	0.001	2.5075e-05	-0.404691	0.9670842631473705,0.03291369726054789,2.039592081583683e-06
95	1512976768	5000.0	0.001	2.5075e-05	0.066672	0.9870980203959208,0.012899500099980005,2.4795040991801638e-06
98	2426757527	5000.0	0.001	2.5075e-05	0.000696	0.995604599080184,0.004395200959808039,1.9996000799840033e-07
97	2432264594	5000.0	0.001	2.5075e-05	-0.101025	0.9926219556088782,0.007364807038592281,1.3237352529494102e-05
94	2938966400	5000.0	0.001	2.5075e-05	0.366877	0.9852210757848431,0.01477740451909618,1.5196960607878424e-06
99	576106904	5000.0	0.001	2.5075e-05	0.063915	0.99520399920016,0.004794321135772845,1.6796640671865626e-06
100	3118397851	5000.0	0.001	2.5075e-05	0.279851	0.9705918016396721,0.029345610877824436,6.25874825034993e-05
102	2870346145	5000.0	0.001	2.5075e-05	-0.267136	0.9800241151769646,0.019760647870425915,0.0002152369526094781
107	3782689210	5000.0	0.001	2.5075e-05	-0.389889	0.9836734653069387,0.01598252349530094,0.0003440111977604479
110	2790363587	5000.0	0.001	2.5075e-05	0.089948	0.9935138172365527,0.00648502299540092,1.159768046390722e-06
104	2617788839	5000.0	0.001	2.5075e-05	-0.075203	0.9816735452909419,0.018291101779644072,3.535292941411718e-05
109	1481548224	5000.0	0.001	2.5075e-05	-0.145491	0.9862403519296141,0.013757928414317137,1.7196560687862428e-06
101	662170016	5000.0	0.001	2.5075e-05	0.091768	0.9896540691861627,0.010345250949810038,6.798640271945611e-07
103	1284827556	5000.0	0.001	2.5075e-05	0.063472	0.9894791841631674,0.010316536692661468,0.00019992001599680064,4.359128174365127e-06
105	2668986791	5000.0	0.001	2.5075e-05	0.025517	0.9756107178564287,0.024381723655268948,7.558488302339532e-06
111	4125118917	5000.0	0.001	2.5075e-05	-1.733931	0.9464089582083584,0.05345522895420916,0.0001358128374325135
108	613980607	5000.0	0.001	2.5075e-05	0.127310	0.9949115376924615,0.005088062387522496,3.9992001599680065e-07
112	1961677256	5000.0	0.001	2.5075e-05	0.365825	0.9874878624275145,0.012511017796440711,1.1197760447910417e-06
113	3726827979	5000.0	0.001	2.5075e-05	-1.449751	0.9522829034193161,0.04764103179364127,7.606478704259148e-05
115	1676507600	5000.0	0.001	2.5075e-05	-0.805374	0.9481750049990002,0.05092209558088382,0.0009028194361127774,7.998400319936013e-08
118	808067546	5000.0	0.001	2.5075e-05	0.378269	0.9700028794241152,0.029984203159368127,1.291741651669666e-05
114	2077950415	5000.0	0.001	2.5075e-05	-0.344263	0.9728052389522096,0.027191001799640072,3.759248150369926e-06
116	2428221909	5000.0	0.001	2.5075e-05	0.015415	0.9796386722655469,0.020350129974005197,1.1197760447910418e-05
106	3558095274	5000.0	0.001	2.5075e-05	-0.689978	0.9448199160167966,0.05515216956608678,2.7914417116576685e-05
119	2938460636	5000.0	0.001	2.5075e-05	-0.303213	0.9659838032393522,0.03400547890421916,1.0717856428714257e-05
117	453394902	5000.0	0.001	2.5075e-05	-0.148717	0.9882727454509098,0.011724215156968606,3.039392121575685e-06
120	1086882272	5000.0	0.001	2.5075e-05	-0.060985	0.989417876424715,0.010581843631273746,2.7994401119776043e-07
121	723608039	5000.0	0.001	2.5075e-05	-0.020032	0.9943458908218357,0.005412237552489502,0.00024187162567486503
126	854192633	5000.0	0.001	2.5075e-05	-0.355178	0.9763087382523495,0.023679784043191363,1.1477704459108178e-05
122	2568069612	5000.0	0.001	2.5075e-05	0.139709	0.9822014797040591,0.01718244351129774,0.0006160767846430713
135	2607467061	5000.0	0.001	2.5075e-05	0.737663	0.9774669066186763,0.022526694661067787,6.3987202559488104e-06
124	283382255	5000.0	0.001	2.5075e-05	0.148086	0.9913608878224355,0.008633953209358128,5.158968206358728e-06
133	1589805613	5000.0	0.001	2.5075e-05	0.178910	0.8720863027394521,0.12693609278144372,0.0009764847030593882,1.1197760447910417e-06
137	3947213373	5000.0	0.001	2.5075e-05	-0.069466	0.9910911417716457,0.00889618076384723,1.267746450709858e-05
138	3472216645	5000.0	0.001	2.5075e-05	0.257155	0.9856833833233354,0.01369262147570486,0.0006239952009598081
123	1813297645	5000.0	0.001	2.5075e-05	0.016355	0.9954910217956409,0.00450749850029994,1.4797040591881624e-06
131	3750169120	5000.0	0.001	2.5075e-05	-0.013898	0.9935722455508899,0.006427394521095781,3.5992801439712056e-07
128	623282695	5000.0	0.001	2.5075e-05	0.030788	0.9738295540891821,0.026150649870025994,1.9796040791841633e-05
132	1955109410	5000.0	0.001	2.5075e-05	0.496991	0.9818890221955608,0.018102339532093583,8.638272345530894e-06
130	3617419789	5000.0	0.001	2.5075e-05	0.394903	0.9344302739452109,0.06511677664467107,0.0004529494101179764
134	3593126453	5000.0	0.001	2.5075e-05	-0.002951	0.9962651469706059,0.0037336132773445312,1.2397520495900819e-06
136	381936184	5000.0	0.001	2.5075e-05	0.466720	0.952565726854629,0.04735864827034593,7.5624875024995e-05
127	116957698	5000.0	0.001	2.5075e-05	0.466007	0.9565328934213158,0.04339084183163367,7.626474705058989e-05
129	3084558856	5000.0	0.001	2.5075e-05	-0.129426	0.980096100779844,0.01989866026794641,5.238952209558089e-06
140	4145424971	5000.0	0.001	2.5075e-05	-0.266559	0.9703402119576084,0.027135292941411718,0.002524455108978204,3.9992001599680065e-08
125	4106877426	5000.0	0.001	2.5075e-05	0.178226	0.9840546690661868,0.015944331133773245,9.998000399920016e-07
139	170646086	5000.0	0.001	2.5075e-05	0.727509	0.9517425714857028,0.047962087582483506,0.00029534093181363727
141	3053003344	5000.0	0.001	2.5075e-05	0.111161	0.9687792041591682,0.030565886822635474,0.0006549090181963607
142	4077245009	5000.0	0.001	2.5075e-05	-0.080358	0.9471039392121575,0.05284779044191162,4.827034593081384e-05
143	4106836565	5000.0	0.001	2.5075e-05	-0.374107	0.9753030593881223,0.02468658268346331,1.0357928414317136e-05
144	1602568793	5000.0	0.001	2.5075e-05	0.075018	0.9426669066186762,0.057286822635472905,4.627074585082984e-05
146	3218772573	5000.0	0.001	2.5075e-05	-0.569550	0.9199613277344532,0.0724755048990202,0.0075603279344131176,2.8394321135772845e-06
148	3150254692	5000.0	0.001	2.5075e-05	-0.016894	0.9878878224355129,0.012101699660067987,1.0477904419116177e-05
145	1335009883	5000.0	0.001	2.5075e-05	-0.344916	0.9846592681463707,0.015339652069586082,1.0797840431913617e-06
149	3798241902	5000.0	0.001	2.5075e-05	-0.449020	0.9850007598480304,0.014998320335932814,9.198160367926415e-07
153	58167944	5000.0	0.001	2.5075e-05	-0.449603	0.9574942611477705,0.042465146970605876,4.0591881623675267e-05
150	2417451633	5000.0	0.001	2.5075e-05	0.208309	0.9550143971205759,0.044526934613077385,0.00045866826634673066
154	2393807497	5000.0	0.001	2.5075e-05	0.047618	0.9920053189362128,0.007011997600479904,0.0008893421315736852,9.334133173365327e-05
152	861082233	5000.0	0.001	2.5075e-05	0.223481	0.985100699860028,0.014803159368126375,9.614077184563088e-05
156	534194835	5000.0	0.001	2.5075e-05	-0.284226	0.9722311137772446,0.02761403719256149,0.00015484903019396122
157	4110856852	5000.0	0.001	2.5075e-05	-0.061709	0.996326174765047,0.0036671465706858627,6.678664267146571e-06
159	3122621081	5000.0	0.001	2.5075e-05	-0.006572	0.9981334933013397,0.0018658268346330735,6.798640271945611e-07
151	2236121719	5000.0	0.001	2.5075e-05	0.011332	0.9966629474105179,0.003335492901419716,1.5596880623875224e-06
147	1944746593	5000.0	0.001	2.5075e-05	0.712210	0.9611167766446711,0.038855948810237954,2.7274545090981802e-05
155	2984426121	5000.0	0.001	2.5075e-05	0.604352	0.9791812437512497,0.020804119176164766,1.4637072585482903e-05
158	244169368	5000.0	0.001	2.5075e-05	0.032036	0.9704496300739852,0.029081503699260148,0.0004688662267546491
160	2490176158	5000.0	0.001	2.5075e-05	-0.104022	0.9773430913817237,0.022650549890021996,6.35872825434913e-06
161	994421413	5000.0	0.001	2.5075e-05	0.010604	0.9916589882023595,0.008340891821635672,1.199760047990402e-07
162	2546277036	5000.0	0.001	2.5075e-05	0.045970	0.9950690661867626,0.004930813837232553,1.199760047990402e-07
163	2641212089	5000.0	0.001	2.5075e-05	0.003511	0.9974503099380124,0.0025496500699860028,3.9992001599680065e-08
164	871383738	5000.0	0.001	2.5075e-05	-0.904785	0.966717376524695,0.033277104579084185,5.518896220755849e-06
165	2592123583	5000.0	0.001	2.5075e-05	0.054808	0.9946121975604879,0.005385842831433714,1.959608078384323e-06
166	1734712007	5000.0	0.001	2.5075e-05	-0.202182	0.9887674065186962,0.011124815036992601,0.00010777844431113778
167	3632542411	5000.0	0.001	2.5075e-05	-0.231418	0.9827447710457908,0.015969326134773046,0.0012859028194361127
169	2738926289	5000.0	0.001	2.5075e-05	-0.175464	0.9934624675064987,0.006535092981403719,2.439512097580484e-06
170	2366839507	5000.0	0.001	2.5075e-05	1.394446	0.9434417116576684,0.05654513097380524,1.3157368526294741e-05
168	1449427665	5000.0	0.001	2.5075e-05	-0.127496	0.9883208158368326,0.01103635272945411,0.0006424315136972606,3.9992001599680065e-07
171	2021268182	5000.0	0.001	2.5075e-05	0.006158	0.9889094181163767,0.011079184163167367,1.1397720455908818e-05
174	3165977307	5000.0	0.001	2.5075e-05	-0.010646	0.9965108178364327,0.0034891421715656868,3.9992001599680065e-08
175	2662384352	5000.0	0.001	2.5075e-05	-0.355996	0.9731862827434513,0.02679892021595681,1.4797040591881624e-05
172	3797996247	5000.0	0.001	2.5075e-05	0.543785	0.9739061787642471,0.026090261947610476,3.5592881423715255e-06
173	2562847449	5000.0	0.001	2.5075e-05	-0.236808	0.9869505298940212,0.013017436512697461,3.2033593281343733e-05
177	3523121896	5000.0	0.001	2.5075e-05	0.214541	0.9580496300739852,0.041941491701659665,8.878224355128975e-06
179	822477559	5000.0	0.001	2.5075e-05	0.015862	0.9905934813037393,0.009401919616076785,4.599080183963207e-06
176	3540286184	5000.0	0.001	2.5075e-05	-0.057673	0.975273425314937,0.024683183363327334,4.339132173565287e-05
178	1552501486	5000.0	0.001	2.5075e-05	0.055568	0.9867616876624675,0.01321871625674865,1.959608078384323e-05
180	1820171004	5000.0	0.001	2.5075e-05	-0.795914	0.9715088982203559,0.028356088782243553,0.0001350129974005199
181	3875175169	5000.0	0.001	2.5075e-05	-0.727596	0.9655145370925815,0.034481863627274546,3.599280143971206e-06
184	604867338	5000.0	0.001	2.5075e-05	-0.490390	0.9695176164767046,0.030429754049190162,5.2629474105178965e-05
182	2882953989	5000.0	0.001	2.5075e-05	0.334512	0.9684419116176765,0.03155112977404519,6.958608278344331e-06
185	2823248652	5000.0	0.001	2.5075e-05	0.043543	0.9902135972805439,0.009778964207158567,7.438512297540492e-06
187	1555094293	5000.0	0.001	2.5075e-05	-0.122411	0.9935095780843831,0.006489742051589682,6.798640271945611e-07
183	684673799	5000.0	0.001	2.5075e-05	0.008283	0.9913360527894421,0.008661867626474706,2.0795840831833635e-06
188	151532312	5000.0	0.001	2.5075e-05	-0.192252	0.9400481503699261,0.059725374925015,0.00022559488102379523,8.798240351929614e-07
189	3848485660	5000.0	0.001	2.5075e-05	0.279072	0.9664811437712457,0.03348370325934813,3.515296940611878e-05
194	288682795	5000.0	0.001	2.5075e-05	-0.919929	0.9652549090181963,0.03472745450909818,1.7636472705458908e-05
195	3185732400	5000.0	0.001	2.5075e-05	0.695872	0.9762645070985803,0.023728414317136574,7.0785842831433715e-06
186	1281018640	5000.0	0.001	2.5075e-05	0.086982	0.993109098180364,0.006890181963607279,7.198560287942411e-07
191	1287871268	5000.0	0.001	2.5075e-05	0.396371	0.9858133173365327,0.01418624275144971,4.399120175964807e-07
196	981619507	5000.0	0.001	2.5075e-05	-0.008806	0.9956079984003199,0.004301619676064787,9.038192361527694e-05
197	1773433652	5000.0	0.001	2.5075e-05	0.056390	0.9885133773245351,0.011479104179164167,7.518496300739852e-06
192	1950593828	5000.0	0.001	2.5075e-05	-0.059598	0.9959306538692262,0.004067906418716257,1.4397120575884822e-06
198	1788494645	5000.0	0.001	2.5075e-05	0.052578	0.9959780843831234,0.004014877024595081,7.038592281543691e-06
193	677112613	5000.0	0.001	2.5075e-05	-0.490800	0.9653332133573286,0.034587242551489705,7.954409118176365e-05
200	1003258699	5000.0	0.001	2.5075e-05	-0.418350	0.9367773645270946,0.06292189562087583,0.0003007398520295941
199	2171814723	5000.0	0.001	2.5075e-05	0.562397	0.9806249550089982,0.01934393121375725,3.111377724455109e-05
190	2299403039	5000.0	0.001	2.5075e-05	0.200000	0.98584275144971,0.014154369126174765,2.8794241151769645e-06
201	497050449	5000.0	0.001	2.5075e-05	-0.131979	0.9853471305738852,0.014608438312337532,4.443111377724455e-05
203	1061059417	5000.0	0.001	2.5075e-05	0.018974	0.9940388722255549,0.005960087982403519,1.0397920415916818e-06
202	33119064	5000.0	0.001	2.5075e-05	0.168859	0.9742121575684863,0.025779324135172966,8.518296340731854e-06
204	265227102	5000.0	0.001	2.5075e-05	0.019015	0.9859292541491702,0.014062747450509897,7.998400319936012e-06
205	4044856163	5000.0	0.001	2.5075e-05	-0.033839	0.9878901419716056,0.01210865826834633,1.199760047990402e-06
206	2755128166	5000.0	0.001	2.5075e-05	0.084489	0.9907222955408919,0.009275504899020195,2.1995600879824035e-06
208	963906410	5000.0	0.001	2.5075e-05	-0.072144	0.9642790641871626,0.03571061787642472,1.0317936412717456e-05
209	831443824	5000.0	0.001	2.5075e-05	0.102227	0.9913282543491302,0.008670665866826634,1.0797840431913617e-06
207	1830251369	5000.0	0.001	2.5075e-05	0.062556	0.9106071185762847,0.08871557688462307,0.0006773045390921816
210	3367277427	5000.0	0.001	2.5075e-05	0.086406	0.9771313337332533,0.022837832433513297,3.083383323335333e-05
215	2035534717	5000.0	0.001	2.5075e-05	0.270046	0.9897679664067186,0.010230913817236552,1.1197760447910417e-06
213	1569643380	5000.0	0.001	2.5075e-05	-0.141022	0.9497053389322135,0.050201959608078384,9.270145970805838e-05
211	3291667315	5000.0	0.001	2.5075e-05	1.310065	0.9541918016396721,0.045712857428514296,9.534093181363727e-05
216	2307210113	5000.0	0.001	2.5075e-05	2.616297	0.9078376324735054,0.08052953409318137,0.011631713657268547,1.1197760447910417e-06
217	204804995	5000.0	0.001	2.5075e-05	0.004701	0.9977323335332934,0.0022671865626874626,4.799040191961608e-07
214	4043326330	5000.0	0.001	2.5075e-05	0.065964	0.9909963207358529,0.009003119376124776,5.598880223955209e-07
212	3174589299	5000.0	0.001	2.5075e-05	-0.260382	0.9759350529894021,0.02397764447110578,8.730253949210158e-05
219	3442254727	5000.0	0.001	2.5075e-05	1.453312	0.9534004799040192,0.04652917416516697,7.034593081383723e-05
220	901997451	5000.0	0.001	2.5075e-05	-0.291913	0.9798411117776444,0.020135732853429313,2.3155368926214757e-05
218	907443077	5000.0	0.001	2.5075e-05	0.382222	0.9740357528494301,0.025951129774045192,1.311737652469506e-05
221	3616273292	5000.0	0.001	2.5075e-05	0.007799	0.9956188362327535,0.004381003799240152,1.5996800639872026e-07
223	982623133	5000.0	0.001	2.5075e-05	0.078072	0.9830646270745851,0.016834193161367726,0.00010117976404719056
222	1376289692	5000.0	0.001	2.5075e-05	-0.984211	0.9598685062987402,0.040109578084383125,2.1915616876624675e-05
225	2164151204	5000.0	0.001	2.5075e-05	-1.141827	0.9553023795240951,0.04462815436912618,6.946610677864426e-05
224	1241252766	5000.0	0.001	2.5075e-05	0.006660	0.9922811037792442,0.007715736852629474,3.1593681263747252e-06
226	1316514727	5000.0	0.001	2.5075e-05	-0.455849	0.9829311337732454,0.017068066386722657,7.998400319936013e-07
227	543081383	5000.0	0.001	2.5075e-05	0.002362	0.9958999800039992,0.004099940011997601,7.998400319936013e-08
228	769289133	5000.0	0.001	2.5075e-05	-0.085178	0.9886958208358329,0.011291061787642472,1.311737652469506e-05
229	2606271411	5000.0	0.001	2.5075e-05	-1.162756	0.9516169966006799,0.04791669666066787,0.00046630673865226955
231	2298923971	5000.0	0.001	2.5075e-05	-0.016040	0.9960097980403919,0.003990121975604879,7.998400319936013e-08
235	1063474137	5000.0	0.001	2.5075e-05	-0.677191	0.9741466906618677,0.02576848630273945,8.482303539292142e-05
234	3109016534	5000.0	0.001	2.5075e-05	1.580929	0.9526721055788843,0.04703471305738852,0.00029318136372725453
232	3300678598	5000.0	0.001	2.5075e-05	-0.073927	0.9764862627474505,0.023450429914017197,6.330733853229354e-05
230	2530837430	5000.0	0.001	2.5075e-05	-0.101284	0.9840809838032394,0.01591409718056389,4.919016196760648e-06
233	3950820308	5000.0	0.001	2.5075e-05	0.214146	0.9889513297340532,0.011048110377924416,5.598880223955209e-07
236	3411528667	5000.0	0.001	2.5075e-05	-0.344590	0.9843245350929815,0.015644391121775646,3.107378524295141e-05
237	4219106272	5000.0	0.001	2.5075e-05	0.227545	0.9323858828234353,0.06752657468506298,8.754249150169966e-05
239	3540739045	5000.0	0.001	2.5075e-05	-0.069511	0.9939919216156768,0.006007998400319936,7.998400319936013e-08
238	456225763	5000.0	0.001	2.5075e-05	2.447481	0.8631154569086182,0.1363770445910818,0.0004971405718856229,1.0357928414317136e-05
240	3759123433	5000.0	0.001	2.5075e-05	0.354110	0.9820287542491501,0.017924175164967006,4.707058588282344e-05
241	4147506161	5000.0	0.001	2.5075e-05	0.198732	0.9842612677464507,0.01573161367726455,7.118576284743051e-06
242	4165141490	5000.0	0.001	2.5075e-05	0.090306	0.9852019196160768,0.014759648070385923,3.8432313537292545e-05
243	2982798330	5000.0	0.001	2.5075e-05	0.648850	0.9669118176364727,0.03308190361927615,6.27874425114977e-06
244	3575772154	5000.0	0.001	2.5075e-05	0.871155	0.9613644071185763,0.03858504299140172,5.0549890021995604e-05
245	4141075456	5000.0	0.001	2.5075e-05	0.506652	0.9757997200559888,0.024134133173365328,6.614677064587082e-05
247	207023106	5000.0	0.001	2.5075e-05	-0.029603	0.9922791041791642,0.0077208558288342334,3.9992001599680065e-08
246	1526596609	5000.0	0.001	2.5075e-05	-1.889164	0.92069850029994,0.07925358928214357,4.791041791641672e-05
248	4126360586	5000.0	0.001	2.5075e-05	0.276599	0.9416440711857629,0.058331733653269345,2.4195160967806438e-05
249	1888588816	5000.0	0.001	2.5075e-05	0.379085	0.9839420115976805,0.015994241151769645,6.374725054989002e-05
250	2095103018	5000.0	0.001	2.5075e-05	0.026650	0.9914937412517496,0.008504219156168766,2.039592081583683e-06
251	3737549879	5000.0	0.001	2.5075e-05	0.173431	0.9820327934413118,0.017904219156168768,6.29874025194961e-05
254	3569450065	5000.0	0.001	2.5075e-05	0.005198	0.9951857628474305,0.004813477304539092,7.598480303939212e-07
252	3185505345	5000.0	0.001	2.5075e-05	-0.092506	0.9769827234553089,0.022985402919416118,3.187362527494501e-05
257	1778011221	5000.0	0.001	2.5075e-05	0.615246	0.9780393121375724,0.021865706858628275,9.498100379924016e-05
256	2866054227	5000.0	0.001	2.5075e-05	0.038299	0.9873652469506099,0.01263115376924615,3.599280143971206e-06
255	612357202	5000.0	0.001	2.5075e-05	0.015579	0.9942971805638873,0.005685542891421716,1.7276544691061788e-05
253	1491835969	5000.0	0.001	2.5075e-05	-0.436013	0.8994893421315737,0.09534505098980205,0.0051656068786242754
258	3010823255	5000.0	0.001	2.5075e-05	-0.870410	0.9572625074985003,0.0427129774045191,2.451509698060388e-05
259	4282444892	5000.0	0.001	2.5075e-05	2.657553	0.8804622675464907,0.11944191161767646,9.582083583283343e-05
260	3033420895	5000.0	0.001	2.5075e-05	-0.277735	0.9720726654669066,0.027860827834433114,6.650669866026795e-05
261	3893695588	5000.0	0.001	2.5075e-05	-2.415823	0.9253032193561288,0.07438144371125775,0.0003151769646070786,1.5996800639872026e-07
262	2080373864	5000.0	0.001	2.5075e-05	0.177769	0.9938932213557289,0.006098180363927215,8.598280343931213e-06
263	2145172584	5000.0	0.001	2.5075e-05	0.428543	0.981842151569686,0.018154609078184364,3.239352129574085e-06
264	513346668	5000.0	0.001	2.5075e-05	-0.184449	0.9868393921215757,0.01315624875024995,4.359128174365127e-06
267	1435554951	5000.0	0.001	2.5075e-05	0.086558	0.9924412317536493,0.007558168366326734,5.99880023995201e-07
265	1358761071	5000.0	0.001	2.5075e-05	0.549415	0.9635464107178564,0.03633389322135573,0.00011969606078784243
269	3271109767	5000.0	0.001	2.5075e-05	0.005790	0.9930597480503899,0.00693629274145171,3.959208158368327e-06
270	2065185928	5000.0	0.001	2.5075e-05	-0.639906	0.9689476104779045,0.03053881223755249,0.0005135772845430914
266	1525789814	5000.0	0.001	2.5075e-05	-0.648103	0.9709898020395921,0.028897620475904818,0.00011257748450309939
274	118545565	5000.0	0.001	2.5075e-05	-1.035613	0.9626476304739052,0.03695220955808838,0.0004001599680063987
271	3483153543	5000.0	0.001	2.5075e-05	0.027148	0.9976267546490701,0.0023721655668866226,1.0797840431913617e-06
276	3521664170	5000.0	0.001	2.5075e-05	0.007372	0.9889228154369126,0.011015156968606278,6.190761847630475e-05,1.199760047990402e-07
268	2089127048	5000.0	0.001	2.5075e-05	-0.013002	0.9580948210357928,0.0418623475304939,4.283143371325735e-05
277	3571686573	5000.0	0.001	2.5075e-05	1.060021	0.962199200159968,0.03778120375924815,1.959608078384323e-05
280	381203648	5000.0	0.001	2.5075e-05	-0.684578	0.9760046390721856,0.02354377124575085,0.00045158968206358727
273	1852363931	5000.0	0.001	2.5075e-05	-0.543011	0.9785574885022995,0.02144015196960608,2.359528094381124e-06
272	3422411917	5000.0	0.001	2.5075e-05	0.030565	0.9908797040591881,0.009109498100379924,1.0797840431913617e-05
279	2580358329	5000.0	0.001	2.5075e-05	2.682722	0.896315176964607,0.09931917616476704,0.004365646870625875
275	3796847781	5000.0	0.001	2.5075e-05	0.015387	0.9959012597480504,0.00409626074785043,2.4795040991801638e-06
278	3271566517	5000.0	0.001	2.5075e-05	0.083314	0.9876395120975805,0.012360287942411518,1.9996000799840033e-07
281	2943753411	5000.0	0.001	2.5075e-05	-0.075097	0.9945122175564887,0.0054855828834233155,2.1995600879824035e-06
282	4137317572	5000.0	0.001	2.5075e-05	-0.008126	0.9975806438712258,0.0024193161367726456,3.9992001599680065e-08
284	1440376006	5000.0	0.001	2.5075e-05	-0.632595	0.9718251949610078,0.02816868626274745,6.11877624475105e-06
283	2161239235	5000.0	0.001	2.5075e-05	0.021720	0.9969137772445511,0.0030861827634473104,3.9992001599680065e-08
285	1627331788	5000.0	0.001	2.5075e-05	0.339730	0.9812659468106378,0.018335772845430913,0.00039828034393121374
286	345795796	5000.0	0.001	2.5075e-05	-0.067466	0.9932108378324335,0.006787082583483303,2.0795840831833635e-06
287	3954797781	5000.0	0.001	2.5075e-05	0.581579	0.9797077384523095,0.020243551289742052,4.871025794841032e-05
288	3899552983	5000.0	0.001	2.5075e-05	-0.088279	0.9857538892221556,0.014180203959208158,6.590681863627275e-05
289	1876186332	5000.0	0.001	2.5075e-05	0.026459	0.9971874425114977,0.0028124775044991003,7.998400319936013e-08
291	3676519649	5000.0	0.001	2.5075e-05	-0.853650	0.9263396520695861,0.0727748450309938,0.000885502899420116
293	2075866354	5000.0	0.001	2.5075e-05	0.077934	0.9924157968406319,0.00758376324735053,4.399120175964807e-07
294	4179135735	5000.0	0.001	2.5075e-05	0.321288	0.9881977604479104,0.011794281143771245,7.958408318336332e-06
292	3158299882	5000.0	0.001	2.5075e-05	0.882186	0.9453117376524695,0.054662827434513096,2.543491301739652e-05
295	112735481	5000.0	0.001	2.5075e-05	0.158798	0.9859042591481704,0.014093221355728854,2.519496100779844e-06
290	1788497118	5000.0	0.001	2.5075e-05	-0.252106	0.9832796640671866,0.016718096380723857,2.2395520895820834e-06
296	1210813690	5000.0	0.001	2.5075e-05	-0.078109	0.9877979604079185,0.012200919816036793,1.1197760447910417e-06
297	3876295932	5000.0	0.001	2.5075e-05	0.000749	0.9923722055588883,0.00762755448910218,2.399520095980804e-07
298	1740911877	5000.0	0.001	2.5075e-05	-0.257080	0.9777937612477504,0.01973593281343731,0.0024633873225354927,6.918616276744651e-06
300	2574130444	5000.0	0.001	2.5075e-05	-0.055550	0.9844586282743452,0.01553985202959408,1.5196960607878424e-06
299	2967219467	5000.0	0.001	2.5075e-05	0.115035	0.992224075184963,0.007773885222955409,2.039592081583683e-06
301	3399286034	5000.0	0.001	2.5075e-05	0.302084	0.9885073785242952,0.01147750449910018,1.5116976604679064e-05
302	1234609431	5000.0	0.001	2.5075e-05	1.987857	0.8164920215956809,0.18128478304339132,0.002223115376924615,7.998400319936013e-08
303	647556384	5000.0	0.001	2.5075e-05	-0.015766	0.9867900019996001,0.01320871825634873,1.279744051189762e-06
304	315288865	5000.0	0.001	2.5075e-05	-0.188973	0.9872910217956409,0.012703139372125576,5.838832233553289e-06
305	3318895904	5000.0	0.001	2.5075e-05	0.032653	0.9956912617476504,0.004308178364327135,5.598880223955209e-07
306	4055260462	5000.0	0.001	2.5075e-05	-0.088761	0.9829226554689062,0.01707354529094181,3.7992401519696063e-06
307	2103563566	5000.0	0.001	2.5075e-05	-3.396957	0.8496297140571886,0.150150649870026,0.00021963607278544292
308	57787698	5000.0	0.001	2.5075e-05	0.086652	0.9936235952809438,0.006376124775044991,2.7994401119776043e-07
309	3221167410	5000.0	0.001	2.5075e-05	0.344398	0.9640717856428714,0.03584407118576285,8.414317136572685e-05
313	529481025	5000.0	0.001	2.5075e-05	0.286341	0.9845690461907618,0.012867946410717857,0.002562127574485103,8.798240351929614e-07
312	1372902719	5000.0	0.001	2.5075e-05	-3.148421	0.8791302139572086,0.12062363527294541,0.0002461507698460308
310	3070299450	5000.0	0.001	2.5075e-05	0.030891	0.9956905818836232,0.004308498300339932,9.198160367926415e-07
311	3331247419	5000.0	0.001	2.5075e-05	0.384283	0.9334715056988603,0.06643907218556289,8.942211557688462e-05
314	2499403075	5000.0	0.001	2.5075e-05	0.727291	0.8651458908218357,0.13466642671465706,0.00018768246350729854
316	2486015304	5000.0	0.001	2.5075e-05	0.334957	0.9865708458308339,0.013427234553089381,1.919616076784643e-06
315	1009413446	5000.0	0.001	2.5075e-05	0.221774	0.9331052189562088,0.06688262347530494,1.215756848630274e-05
317	1412789578	5000.0	0.001	2.5075e-05	0.161420	0.9807687662467507,0.019087982403519298,0.000143251349730054
318	1740621135	5000.0	0.001	2.5075e-05	-0.145487	0.9788180363927215,0.02111601679664067,6.594681063787243e-05
320	3539424596	5000.0	0.001	2.5075e-05	-0.030574	0.9306125974805038,0.06934609078184363,4.131173765246951e-05
319	1343763792	5000.0	0.001	2.5075e-05	-0.192427	0.9902488302339532,0.0097498900219956,1.279744051189762e-06
321	1417303383	5000.0	0.001	2.5075e-05	0.009009	0.9973265346930614,0.0026734253149370128,3.9992001599680065e-08
322	956863831	5000.0	0.001	2.5075e-05	0.042739	0.9723327334533093,0.027664227154569086,3.039392121575685e-06
323	3567129947	5000.0	0.001	2.5075e-05	-0.117269	0.976760047990402,0.022516496700659867,0.0007234553089382124
324	3644837212	5000.0	0.001	2.5075e-05	2.497226	0.8922307138572285,0.10768150369926015,8.778244351129774e-05
328	635417952	5000.0	0.001	2.5075e-05	-0.486063	0.9725031793641272,0.02747738452309538,1.943611277744451e-05
325	956616028	5000.0	0.001	2.5075e-05	0.031594	0.9838209958008398,0.016175364927014598,3.639272145570886e-06
327	329528671	5000.0	0.001	2.5075e-05	0.025528	0.997033873225355,0.002965766846630674,3.5992801439712056e-07
326	2829354333	5000.0	0.001	2.5075e-05	0.423308	0.980946650669866,0.019049590081983602,3.759248150369926e-06
329	4211858786	5000.0	0.001	2.5075e-05	0.398708	0.981923575284943,0.018070585882823436,5.838832233553289e-06
330	2509704556	5000.0	0.001	2.5075e-05	0.310693	0.9828517896420715,0.01714009198160368,8.118376324735054e-06
333	525852024	5000.0	0.001	2.5075e-05	0.360882	0.9562221555688862,0.042784843031393724,0.0009929614077184563,3.9992001599680065e-08
332	1573805430	5000.0	0.001	2.5075e-05	0.978907	0.962081023795241,0.037576244751049794,0.00034273145370925813
331	4292627828	5000.0	0.001	2.5075e-05	-0.047974	0.9804697060587882,0.016868106378724254,0.002661467706458708,7.198560287942411e-07
334	2292252025	5000.0	0.001	2.5075e-05	0.070975	0.9865213357328534,0.013475304939012198,3.359328134373125e-06
339	4220099974	5000.0	0.001	2.5075e-05	0.002158	0.9974271545690861,0.002572725454909018,1.199760047990402e-07
338	3808607620	5000.0	0.001	2.5075e-05	-0.067187	0.9848471905618876,0.01515128974205159,1.5196960607878424e-06
337	155010432	5000.0	0.001	2.5075e-05	-0.116489	0.9894739852029594,0.010523015396920616,2.999400119976005e-06
335	2103209336	5000.0	0.001	2.5075e-05	-0.059114	0.9944479504099181,0.005551489702059588,5.598880223955209e-07
336	2874316155	5000.0	0.001	2.5075e-05	0.344627	0.9092933813237353,0.09051613677264547,0.00019048190361927613
340	735106439	5000.0	0.001	2.5075e-05	-0.957015	0.9399425314937012,0.06000423915216957,5.310937812437512e-05,1.199760047990402e-07
341	3143499144	5000.0	0.001	2.5075e-05	-0.102189	0.9920934213157369,0.00790613877224555,4.399120175964807e-07
342	3171575178	5000.0	0.001	2.5075e-05	0.856013	0.9568432313537293,0.04305882823435313,9.794041191761647e-05
343	2589971852	5000.0	0.001	2.5075e-05	-0.539388	0.9827500899820036,0.017245390921815637,4.519096180763847e-06
344	4208762255	5000.0	0.001	2.5075e-05	0.003109	0.9981327734453109,0.001832233553289342,3.499300139972006e-05
345	2500378001	5000.0	0.001	2.5075e-05	-2.884054	0.8731300939812038,0.10353565286942612,0.02333009398120376,4.159168166366727e-06
346	241663387	5000.0	0.001	2.5075e-05	-0.005320	0.9969296940611878,0.003070105978804239,1.9996000799840033e-07
347	1088390557	5000.0	0.001	2.5075e-05	0.518985	0.9792202759448111,0.020776884623075385,2.8394321135772845e-06
348	804861341	5000.0	0.001	2.5075e-05	-0.348434	0.9846972205558888,0.01527242551489702,3.035392921415717e-05
349	1000457634	5000.0	0.001	2.5075e-05	1.915236	0.9148893821235753,0.08471573685262948,0.0003948810237952409
353	196636086	5000.0	0.001	2.5075e-05	-0.178703	0.9433139772045591,0.056535172965406916,0.0001508498300339932
351	3463818664	5000.0	0.001	2.5075e-05	-0.003933	0.9940827834433114,0.0059160167966406715,1.199760047990402e-06
352	1175494059	5000.0	0.001	2.5075e-05	-1.626453	0.9549493301339732,0.044246870625874825,0.0008037992401519696
350	4250756520	5000.0	0.001	2.5075e-05	-0.057529	0.995663627274545,0.004335932813437312,4.399120175964807e-07
354	1914916282	5000.0	0.001	2.5075e-05	0.009534	0.9977957608478304,0.002204119176164767,1.199760047990402e-07
355	3396967867	5000.0	0.001	2.5075e-05	0.657365	0.9811948010397921,0.018804639072185565,5.598880223955209e-07
358	1548899790	5000.0	0.001	2.5075e-05	-0.327662	0.9509884023195361,0.048472625474905016,0.0005389722055588882
359	3762599376	5000.0	0.001	2.5075e-05	0.226834	0.9854024395120976,0.014592321535692862,5.238952209558089e-06
360	3066598874	5000.0	0.001	2.5075e-05	0.155872	0.9901332533493301,0.009865826834633074,9.198160367926415e-07
356	2292495806	5000.0	0.001	2.5075e-05	-0.102150	0.9878929814037193,0.012105658868226355,1.3597280543891223e-06
357	1171551682	5000.0	0.001	2.5075e-05	-0.083717	0.9946926614677064,0.0053072585482903415,7.998400319936013e-08
362	2010602999	5000.0	0.001	2.5075e-05	0.140646	0.9913505698860228,0.008648350329934013,1.0797840431913617e-06
361	1532597746	5000.0	0.001	2.5075e-05	-0.170673	0.9908652669466107,0.009130893821235752,3.839232153569286e-06
363	2472138234	5000.0	0.001	2.5075e-05	-0.011673	0.9914328334333133,0.008566566686662667,5.99880023995201e-07
364	1522003451	5000.0	0.001	2.5075e-05	-0.039083	0.9967852829434113,0.0032110777844431113,3.639272145570886e-06
365	356392444	5000.0	0.001	2.5075e-05	0.497463	0.9162179164167167,0.08334533093381324,0.000436752649470106
367	1961424388	5000.0	0.001	2.5075e-05	-0.271174	0.9795066186762648,0.020484103179364128,9.278144371125775e-06
366	352577025	5000.0	0.001	2.5075e-05	-0.175055	0.9820945410917816,0.01786726654669066,3.819236152769446e-05
368	4182322695	5000.0	0.001	2.5075e-05	-0.116392	0.9894028794241152,0.010580323935212958,1.6796640671865626e-05
369	2188721672	5000.0	0.001	2.5075e-05	0.184387	0.9868137172565487,0.013168366326734652,1.7916416716656668e-05
370	2833604106	5000.0	0.001	2.5075e-05	-0.060145	0.9729194561087783,0.026984283143371326,9.626074785042992e-05
372	1454509593	5000.0	0.001	2.5075e-05	-0.268890	0.9900896620675865,0.0098999400119976,1.0397920415916817e-05
371	1829326354	5000.0	0.001	2.5075e-05	-0.164063	0.9937768446310737,0.006208598280343931,1.4557088582283544e-05
373	526919195	5000.0	0.001	2.5075e-05	-0.532456	0.9784342331533693,0.021551809638072385,1.3957208558288343e-05
375	213562912	5000.0	0.001	2.5075e-05	-0.106668	0.9926123975204959,0.007379524095180964,8.078384323135373e-06
374	3435128351	5000.0	0.001	2.5075e-05	0.097479	0.9832965806838633,0.016696500699860027,6.918616276744651e-06
377	3166391848	5000.0	0.001	2.5075e-05	-0.041510	0.9952775444911017,0.00472245550889822
378	2801014313	5000.0	0.001	2.5075e-05	0.040312	0.9945392121575685,0.00546006798640272,7.198560287942411e-07
376	2194837025	5000.0	0.001	2.5075e-05	4.890230	0.7870233153369326,0.2119008598280344,0.001075744851029794,7.998400319936013e-08
379	234427959	5000.0	0.001	2.5075e-05	-0.140388	0.9918611077784443,0.008137052589482104,1.839632073585283e-06
380	3073750584	5000.0	0.001	2.5075e-05	-0.326178	0.9881098580283943,0.011876264747050589,1.3877224555088982e-05
381	976387643	5000.0	0.001	2.5075e-05	-0.110639	0.9901911217756448,0.009808438312337532,4.399120175964807e-07
382	353310267	5000.0	0.001	2.5075e-05	0.001526	0.9950418316336732,0.004957728454309138,4.399120175964807e-07
383	2365490749	5000.0	0.001	2.5075e-05	0.180160	0.9789488102379524,0.02104659068186363,4.599080183963207e-06
384	1236133441	5000.0	0.001	2.5075e-05	-0.072972	0.9934962207558489,0.006502659468106378,1.1197760447910417e-06
385	3983507009	5000.0	0.001	2.5075e-05	0.055674	0.9923692061587682,0.007630513897220556,2.7994401119776043e-07
387	1137497675	5000.0	0.001	2.5075e-05	-0.081144	0.9852947810437912,0.014704779044191162,4.399120175964807e-07
386	3747333702	5000.0	0.001	2.5075e-05	-0.030677	0.9978818636272745,0.0021181363727254547
388	3562985036	5000.0	0.001	2.5075e-05	-0.622263	0.9604336332733453,0.039458508298340335,0.00010785842831433713
389	3922671186	5000.0	0.001	2.5075e-05	-1.835036	0.8129854429114177,0.18662163567286544,0.0003929214157168566
393	2375288421	5000.0	0.001	2.5075e-05	0.257434	0.9352940211957609,0.06470149970005999,4.479104179164167e-06
391	1609705049	5000.0	0.001	2.5075e-05	-1.135507	0.8541700859828034,0.14562839432113578,0.00020151969606078783
390	2414231124	5000.0	0.001	2.5075e-05	-0.551192	0.9754757448510298,0.024498500299940013,2.575484903019396e-05
392	2696752739	5000.0	0.001	2.5075e-05	0.685429	0.9746324735052989,0.02536104779044191,6.47870425914817e-06
394	3421027943	5000.0	0.001	2.5075e-05	-0.552502	0.9663993201359729,0.03337664467106579,0.00022399520095980804,3.9992001599680065e-08
396	1628247663	5000.0	0.001	2.5075e-05	-0.125564	0.9943302139572086,0.0056693861227754445,3.9992001599680065e-07
399	3321333386	5000.0	0.001	2.5075e-05	-0.554184	0.9636106378724255,0.03610889822035593,0.0002804639072185563
397	2064121459	5000.0	0.001	2.5075e-05	-0.169264	0.9879516896620676,0.012048070385922816,2.399520095980804e-07
395	1226354284	5000.0	0.001	2.5075e-05	-0.213475	0.9871262947410517,0.01021759648070386,0.0026560687862427516,3.9992001599680065e-08
400	130932364	5000.0	0.001	2.5075e-05	0.097787	0.9860493901219756,0.013894501099780044,5.610877824435113e-05
398	1510518391	5000.0	0.001	2.5075e-05	-0.504874	0.9916387522495501,0.0030427914417116577,0.005318176364727055,2.7994401119776043e-07
402	3564664464	5000.0	0.001	2.5075e-05	0.083745	0.9904363127374525,0.009561447710457908,2.2395520895820834e-06
401	2512615055	5000.0	0.001	2.5075e-05	0.096573	0.9912710657868427,0.008727934413117377,9.998000399920016e-07
403	33490583	5000.0	0.001	2.5075e-05	0.076499	0.99285474905019,0.0071324535092981405,1.2797440511897621e-05
404	1254962842	5000.0	0.001	2.5075e-05	0.029757	0.9965323735252949,0.0033089382123575287,0.00015868826234753048
405	1835007647	5000.0	0.001	2.5075e-05	0.085178	0.9762564687062587,0.023740371925614876,3.1593681263747252e-06
406	616431263	5000.0	0.001	2.5075e-05	-0.004276	0.9906811037792441,0.009313297340531894,5.598880223955209e-06
407	2120818342	5000.0	0.001	2.5075e-05	0.009578	0.9973145370925814,0.002685142971405719,3.199360127974405e-07
408	574488231	5000.0	0.001	2.5075e-05	0.670189	0.9779422515496901,0.02197240551889622,8.534293141371726e-05
409	360298155	5000.0	0.001	2.5075e-05	0.241031	0.9695746450709858,0.030416596680663866,8.758248350329933e-06
412	2988975791	5000.0	0.001	2.5075e-05	0.008379	0.9965183363327335,0.0034814637072585483,1.9996000799840033e-07
413	3397832382	5000.0	0.001	2.5075e-05	0.112432	0.9935989602079585,0.006320735852829434,8.030393921215757e-05
410	2033254059	5000.0	0.001	2.5075e-05	0.796869	0.9578407118576284,0.04214157168566287,1.771645670865827e-05
411	1572640431	5000.0	0.001	2.5075e-05	0.028685	0.9954455108978204,0.004553209358128374,1.279744051189762e-06
415	3120479940	5000.0	0.001	2.5075e-05	-0.242127	0.9685220955808839,0.030907338532293542,0.0005705258948210357,3.9992001599680065e-08
419	281626326	5000.0	0.001	2.5075e-05	-0.409965	0.9877045390921816,0.012294341131773646,1.1197760447910417e-06
417	1269208780	5000.0	0.001	2.5075e-05	0.271573	0.9794717456508698,0.020386802639472106,0.00014145170965806838
416	3525189319	5000.0	0.001	2.5075e-05	-0.026407	0.9935264147170566,0.006472345530893821,1.2397520495900819e-06
414	4037820097	5000.0	0.001	2.5075e-05	-0.097946	0.9889272145570885,0.011053909218156369,1.887622475504899e-05
418	1797729998	5000.0	0.001	2.5075e-05	-0.931007	0.9574644271145771,0.0423624475104979,0.000173125374925015
420	529839833	5000.0	0.001	2.5075e-05	1.171058	0.9051689662067587,0.09474813037392521,8.290341931613677e-05
422	1573811935	5000.0	0.001	2.5075e-05	-0.562252	0.9719134573085383,0.028047390521895622,3.9152169566086785e-05
421	1637181149	5000.0	0.001	2.5075e-05	0.836142	0.9703663267346531,0.02963015396920616,3.5192961407718455e-06
423	3554975472	5000.0	0.001	2.5075e-05	-0.750630	0.952050949810038,0.04743071385722855,0.0005183363327334533
425	4123391732	5000.0	0.001	2.5075e-05	0.016332	0.9800306338732253,0.019959568086382724,9.798040391921616e-06
426	3635439349	5000.0	0.001	2.5075e-05	-0.009516	0.99421199760048,0.0057875624875025,4.399120175964807e-07
424	3669888754	5000.0	0.001	2.5075e-05	-0.148095	0.9867618076384723,0.01322991401719656,8.278344331133774e-06
427	3887240950	5000.0	0.001	2.5075e-05	-0.009294	0.9890231953609279,0.010976404719056188,3.9992001599680065e-07
428	419477237	5000.0	0.001	2.5075e-05	-0.162492	0.967971125774845,0.032025434913017396,3.4393121375724856e-06
429	1986406136	5000.0	0.001	2.5075e-05	-0.046890	0.9847731653669266,0.015216716656668666,1.0117976404719055e-05
430	2046054137	5000.0	0.001	2.5075e-05	-1.988964	0.9101497700459908,0.08871761647670466,0.0011326134773045392
432	361729790	5000.0	0.001	2.5075e-05	-0.009590	0.9939616076784643,0.006038152369526094,2.399520095980804e-07
433	885890815	5000.0	0.001	2.5075e-05	-0.063679	0.9849438912217556,0.015045710857828434,1.0397920415916817e-05
431	1051049722	5000.0	0.001	2.5075e-05	0.012423	0.9953089382123576,0.004688822235552889,2.2395520895820834e-06
434	3511799556	5000.0	0.001	2.5075e-05	-0.402827	0.9784825434913017,0.021449510097980403,6.794641071785643e-05
436	3538913032	5000.0	0.001	2.5075e-05	0.106643	0.9963453709258149,0.0036541891621675667,4.399120175964807e-07
435	435109638	5000.0	0.001	2.5075e-05	0.190837	0.9787805638872226,0.021209158168366327,1.0277944411117777e-05
437	4012343051	5000.0	0.001	2.5075e-05	-1.950070	0.9254666266746651,0.07433245350929814,0.00020091981603679264
440	1166667547	5000.0	0.001	2.5075e-05	-0.512240	0.9860213157368526,0.013961527694461108,1.7156568686262747e-05
439	3657154326	5000.0	0.001	2.5075e-05	-0.992239	0.7922449910017997,0.2067904019196161,0.0009642071585682863,3.9992001599680065e-07
438	1863638797	5000.0	0.001	2.5075e-05	-0.114910	0.9932667866426714,0.006727414517096581,5.798840231953609e-06
441	339748636	5000.0	0.001	2.5075e-05	1.053714	0.8898143971205759,0.1098751849630074,0.00031041791641671666
442	1306689312	5000.0	0.001	2.5075e-05	-0.037193	0.990679024195161,0.009320495900819835,4.799040191961608e-07
443	2269671201	5000.0	0.001	2.5075e-05	0.060177	0.9779720855828834,0.021911977604479105,0.0001159368126374725
444	4021585698	5000.0	0.001	2.5075e-05	-0.051537	0.9858164367126575,0.01418132373525295,2.2395520895820834e-06
446	3870297900	5000.0	0.001	2.5075e-05	-0.070711	0.9911745650869827,0.008824315136972606,1.1197760447910417e-06
445	2574427940	5000.0	0.001	2.5075e-05	0.090628	0.9969852429514097,0.0030145970805838833,1.5996800639872026e-07
447	1032279854	5000.0	0.001	2.5075e-05	0.006060	0.9943937612477505,0.005605838832233553,3.9992001599680065e-07
448	446011184	5000.0	0.001	2.5075e-05	-0.761737	0.9678335932813438,0.0321125774845031,5.3829234153169363e-05
449	3780359996	5000.0	0.001	2.5075e-05	-0.021691	0.9912345530893821,0.008763567286542692,1.879624075184963e-06
451	3843716941	5000.0	0.001	2.5075e-05	0.034948	0.9871542491501699,0.012835592881423715,1.0157968406318736e-05
453	2071261008	5000.0	0.001	2.5075e-05	0.003095	0.9919897620475905,0.00800883823235353,1.3997200559888023e-06
456	1148473172	5000.0	0.001	2.5075e-05	-0.273788	0.9847560087982403,0.015234913017396521,9.078184363127375e-06
455	1523265363	5000.0	0.001	2.5075e-05	0.018273	0.9923496100779844,0.0076499900019996,3.9992001599680065e-07
457	1177669467	5000.0	0.001	2.5075e-05	-0.221424	0.9450485102979405,0.0548005598880224,0.00015092981403719256
450	2549397317	5000.0	0.001	2.5075e-05	0.229200	0.9751995600879824,0.024794081183763247,6.35872825434913e-06
452	814505807	5000.0	0.001	2.5075e-05	-0.065355	0.979298900219956,0.020699140171965606,1.959608078384323e-06
454	772314959	5000.0	0.001	2.5075e-05	-0.748501	0.9642339532093581,0.03575380923815237,1.22375524895021e-05
458	106041181	5000.0	0.001	2.5075e-05	-0.303796	0.9866595080983803,0.013331733653269347,8.758248350329933e-06
459	1451431775	5000.0	0.001	2.5075e-05	-2.374909	0.9020679064187163,0.09787310537892421,5.898820235952809e-05
460	3436326752	5000.0	0.001	2.5075e-05	0.486823	0.9513172565486903,0.048468186362727456,0.00021455708858228356
463	3396374377	5000.0	0.001	2.5075e-05	-0.092891	0.9915682063587282,0.008431473705258949,3.199360127974405e-07
461	3049783140	5000.0	0.001	2.5075e-05	-0.295406	0.46610921815636874,0.5304210357928414,0.003469746050789842
462	749287271	5000.0	0.001	2.5075e-05	0.182610	0.9845225354929015,0.015419556088782243,5.790841831633673e-05
467	104783740	5000.0	0.001	2.5075e-05	-0.154934	0.9691770445910818,0.030805878824235154,1.7076584683063386e-05
465	1258012529	5000.0	0.001	2.5075e-05	-0.182468	0.9651583283343331,0.03283587282543491,0.002005758848230354,3.9992001599680065e-08
466	2451601272	5000.0	0.001	2.5075e-05	0.370822	0.9635847630473905,0.03342883423315337,0.0029861627674465105,2.399520095980804e-07
464	2830471017	5000.0	0.001	2.5075e-05	-0.370127	0.9880509098180363,0.011826154769046191,0.00012293541291741653
468	863246204	5000.0	0.001	2.5075e-05	-0.737200	0.9732418716256749,0.0264375924815037,0.0003205358928214357
469	2659057538	5000.0	0.001	2.5075e-05	0.018555	0.9684057588482303,0.0315872825434913,6.958608278344331e-06
470	1973071747	5000.0	0.001	2.5075e-05	0.078630	0.9815075784843031,0.018489382123575284,3.039392121575685e-06
474	2481446814	5000.0	0.001	2.5075e-05	0.143761	0.9877764847030593,0.012215876824635073,7.638472305538892e-06
473	2445123476	5000.0	0.001	2.5075e-05	-0.219215	0.9707318936212758,0.02584263147370526,0.003424115176964607,1.3597280543891223e-06
475	2360172447	5000.0	0.001	2.5075e-05	0.225179	0.9834181563687262,0.01657880423915217,3.039392121575685e-06
471	2346991496	5000.0	0.001	2.5075e-05	-0.078542	0.993731973605279,0.0062659468106378725,2.0795840831833635e-06
472	2165964683	5000.0	0.001	2.5075e-05	0.656990	0.9780734653069386,0.021246590681863627,0.0006799440111977604
476	4115398559	5000.0	0.001	2.5075e-05	-0.630806	0.9820634273145371,0.01598280343931214,0.0019535292941411718,2.399520095980804e-07
477	395878305	5000.0	0.001	2.5075e-05	-0.089706	0.9881195760847831,0.011872665466906619,7.758448310337932e-06
478	3902345124	5000.0	0.001	2.5075e-05	-0.812205	0.9567421315736853,0.04324271145770846,1.5156968606278745e-05
480	3061684134	5000.0	0.001	2.5075e-05	-0.408643	0.9843239352129574,0.015675264947010596,7.998400319936013e-07
479	2068537254	5000.0	0.001	2.5075e-05	-0.055572	0.9657214957008599,0.031742171565686865,0.0025295340931813636,6.798640271945611e-06
482	2504804276	5000.0	0.001	2.5075e-05	0.303272	0.9848362327534493,0.015163287342531494,4.799040191961608e-07
481	2932959155	5000.0	0.001	2.5075e-05	0.222910	0.9894902219556089,0.010504179164167167,5.598880223955209e-06
483	3337418680	5000.0	0.001	2.5075e-05	0.379823	0.9877411317736453,0.012257868426314737,9.998000399920016e-07
485	2594983867	5000.0	0.001	2.5075e-05	-0.021617	0.960803799240152,0.03896468706258748,0.00022683463307338533,4.679064187162567e-06
486	3421413307	5000.0	0.001	2.5075e-05	-0.413626	0.9789764047190562,0.021002999400119977,2.059588082383523e-05
484	2498691002	5000.0	0.001	2.5075e-05	-0.011051	0.9949845230953809,0.00501383723255349,1.6396720655868826e-06
487	3534114749	5000.0	0.001	2.5075e-05	0.054644	0.9950813437312538,0.004908458308338332,1.0197960407918416e-05
488	3596810174	5000.0	0.001	2.5075e-05	0.009920	0.9909380923815237,0.009060347930413918,1.5596880623875224e-06
489	1545541586	5000.0	0.001	2.5075e-05	0.019428	0.9953344931013797,0.004664867026594681,6.39872025594881e-07
490	2191947732	5000.0	0.001	2.5075e-05	0.357730	0.9819395720855829,0.01796500699860028,9.542091581683664e-05
492	1447673817	5000.0	0.001	2.5075e-05	0.249822	0.9771196560687863,0.02284615076984603,3.4193161367726455e-05
491	526487512	5000.0	0.001	2.5075e-05	-0.003311	0.9966391521695661,0.0033608078384323135,3.9992001599680065e-08
493	1393852377	5000.0	0.001	2.5075e-05	0.261997	0.9726910617876424,0.027250469906018798,5.846830633873225e-05
495	2574591970	5000.0	0.001	2.5075e-05	-0.033996	0.9978172365526895,0.0021818036392721456,9.598080383923216e-07
494	131305441	5000.0	0.001	2.5075e-05	-0.187744	0.988572125574885,0.011387282543491301,4.0591881623675267e-05
496	765585386	5000.0	0.001	2.5075e-05	0.321699	0.9797146970605879,0.02015272945410918,0.00013257348530293942
498	1282482163	5000.0	0.001	2.5075e-05	0.047142	0.9875924015196961,0.012405038992201559,2.559488102379524e-06
499	2930876413	5000.0	0.001	2.5075e-05	0.071685	0.9887336532693461,0.011265986802639473,3.5992801439712056e-07
497	2512193519	5000.0	0.001	2.5075e-05	-0.013975	0.9911327734453109,0.008866626674665068,5.99880023995201e-07
