sim_id	seed	popsize	selcoef	mutrate	velocity	profile
3	3316205599	5000.0	0.001	6.75325e-05	-0.474663	0.951997800439912,0.04062979404119176,0.007370285942811437,2.1195760847830435e-06
0	4120969226	5000.0	0.001	6.75325e-05	0.106295	0.9782260347930414,0.02174345130973805,3.0513897220555888e-05
14	1812375634	5000.0	0.001	6.75325e-05	-0.145988	0.9545088582283543,0.04541451709658068,7.6624675064987e-05
18	2318643301	5000.0	0.001	6.75325e-05	0.055200	0.9824884623075385,0.017465306938612278,4.6230753849230153e-05
17	497928289	5000.0	0.001	6.75325e-05	-0.738650	0.9136158368326335,0.08577700459908018,0.0006062787442511498,8.798240351929614e-07
19	1976420457	5000.0	0.001	6.75325e-05	-0.276175	0.9525186562687462,0.047042671465706856,0.0004385122975404919,1.5996800639872026e-07
8	3134081094	5000.0	0.001	6.75325e-05	-0.046571	0.9635324135172966,0.035525174965007,0.0009404119176164767,1.999600079984003e-06
10	3677872200	5000.0	0.001	6.75325e-05	0.341165	0.9486112777444511,0.05080191961607679,0.0005868026394721056
9	823486534	5000.0	0.001	6.75325e-05	-0.011050	0.9608278344331134,0.03886846630673865,0.0003036992601479704
15	100563027	5000.0	0.001	6.75325e-05	-1.035250	0.8956957808438313,0.10395204959008199,0.00035216956608678264
11	765141066	5000.0	0.001	6.75325e-05	-0.388195	0.9478896620675865,0.05141379724055189,0.0006963807238552289,1.5996800639872026e-07
1	424572940	5000.0	0.001	6.75325e-05	-0.021748	0.9888147170565886,0.011050389922015597,0.0001348130373925215,7.998400319936013e-08
2	3334350864	5000.0	0.001	6.75325e-05	0.210394	0.9661447310537893,0.03212789442111578,0.0017267746450709857,5.99880023995201e-07
16	442644565	5000.0	0.001	6.75325e-05	1.200152	0.8283278544291142,0.17083411317736452,0.0008377924415116976,2.399520095980804e-07
13	670328914	5000.0	0.001	6.75325e-05	0.038545	0.9476339132173566,0.051490021995600876,0.000874745050989802,1.319736052789442e-06
4	806354989	5000.0	0.001	6.75325e-05	0.197427	0.9586795840831833,0.04115108978204359,0.000169126174765047,1.9996000799840033e-07
12	274896974	5000.0	0.001	6.75325e-05	-0.024015	0.9911390121975605,0.008827154569086183,3.3833233353329335e-05
5	1232961596	5000.0	0.001	6.75325e-05	-0.405264	0.9176220755848831,0.08173241351729654,0.0006452709458108378,2.399520095980804e-07
6	3405752382	5000.0	0.001	6.75325e-05	0.025686	0.8591118976204759,0.11930593881223756,0.010921535692861428,0.010409038192361528,0.0002515496900619876,3.9992001599680065e-08
7	2475540548	5000.0	0.001	6.75325e-05	-0.002674	0.937700099980004,0.06199628074385123,0.00030361927614477104
20	201302122	5000.0	0.001	6.75325e-05	-0.512462	0.8483470905818836,0.14695960807838432,0.004692821435712857,4.799040191961608e-07
22	4198951032	5000.0	0.001	6.75325e-05	-0.479894	0.9215824835032993,0.07792177564487103,0.0004955408918216357,1.9996000799840033e-07
21	1214304375	5000.0	0.001	6.75325e-05	-0.169772	0.9165582883423316,0.08309742051589682,0.0003442911417716457
23	2244235384	5000.0	0.001	6.75325e-05	-0.817631	0.8700675864827034,0.12537072585482903,0.0045614877024595085,1.9996000799840033e-07
26	2982508672	5000.0	0.001	6.75325e-05	0.578814	0.9351550889822036,0.0641372125574885,0.0007075784843031394,1.199760047990402e-07
33	134178974	5000.0	0.001	6.75325e-05	-0.275716	0.8889216556688663,0.10161843631273745,0.009451589682063588,8.318336332733454e-06
27	1469139074	5000.0	0.001	6.75325e-05	-0.412853	0.8873534093181363,0.10496428714257149,0.007657348530293941,2.495500899820036e-05
25	2469060736	5000.0	0.001	6.75325e-05	0.187827	0.8716521095780844,0.12732641471705658,0.0010211557688462308,3.199360127974405e-07
24	1987618938	5000.0	0.001	6.75325e-05	1.123664	0.8010854629074186,0.19660823835232955,0.00230625874825035,3.9992001599680065e-08
37	3042197680	5000.0	0.001	6.75325e-05	-0.143479	0.9406750649870026,0.05885158968206359,0.00047334533093381325
30	3578712203	5000.0	0.001	6.75325e-05	-0.283450	0.9632736652669466,0.02756472705458908,0.009154689062187563,6.918616276744651e-06
40	3694133429	5000.0	0.001	6.75325e-05	-0.039066	0.9867729654069186,0.013210997800439913,1.6036792641471705e-05
36	1211459757	5000.0	0.001	6.75325e-05	0.155134	0.9738161167766447,0.025949770045990802,0.0002341131773645271
42	1864523961	5000.0	0.001	6.75325e-05	1.306863	0.6302377124575085,0.3557144971005799,0.014039912017596481,7.878424315136973e-06
29	1664278660	5000.0	0.001	6.75325e-05	0.005066	0.9833396920615877,0.01664863027394521,1.1677664467106578e-05
31	2358378637	5000.0	0.001	6.75325e-05	0.636173	0.9185222155568886,0.0805736852629474,0.0009039392121575685,1.5996800639872026e-07
35	2289627305	5000.0	0.001	6.75325e-05	0.451194	0.9534315936812637,0.046391961607678465,0.00017644471105778843
34	3728801953	5000.0	0.001	6.75325e-05	-0.305121	0.922476224755049,0.07658004399120176,0.0009437312537492502
39	1297205429	5000.0	0.001	6.75325e-05	-1.439664	0.6344902219556089,0.3587181363727255,0.006790401919616077,1.2397520495900819e-06
32	1310945436	5000.0	0.001	6.75325e-05	0.132275	0.9491094181163767,0.05057908418316337,0.000311497700459908
38	3923015859	5000.0	0.001	6.75325e-05	-1.337946	0.7568598680263947,0.21813333333333335,0.024967086582683463,3.9712057588482304e-05
28	2353248386	5000.0	0.001	6.75325e-05	-0.018341	0.7851549290141971,0.21060099980004,0.004243871225754849,1.9996000799840033e-07
41	2450856120	5000.0	0.001	6.75325e-05	-0.586290	0.871041151769646,0.12677192561487702,0.0021868026394721058,1.199760047990402e-07
44	2498181312	5000.0	0.001	6.75325e-05	0.105456	0.9802741451709658,0.019445630873825236,0.0002802239552089582
43	659275960	5000.0	0.001	6.75325e-05	-0.170226	0.9238882223555289,0.07405706858628275,0.0016939812037592482,0.0003082583483303339,5.246950609878024e-05
46	2925824194	5000.0	0.001	6.75325e-05	0.166469	0.9466984203159368,0.04356100779844031,0.0096873825234953,5.3189362127574484e-05
47	3813349572	5000.0	0.001	6.75325e-05	-0.287997	0.9102856628674265,0.08685582883423315,0.002857628474305139,8.798240351929614e-07
45	3131171009	5000.0	0.001	6.75325e-05	-0.217069	0.9461405718856228,0.04762771445710858,0.005761167766446711,0.0004704259148170366,1.199760047990402e-07
55	1359014114	5000.0	0.001	6.75325e-05	0.127920	0.9642598680263947,0.03564871025794841,9.142171565686862e-05
62	1509058818	5000.0	0.001	6.75325e-05	0.725889	0.9064729054189162,0.0910752649470106,0.0024514297140571886,3.9992001599680065e-07
60	3724609785	5000.0	0.001	6.75325e-05	-0.584300	0.9038287142571486,0.09528454309138172,0.0008862627474505099,4.799040191961608e-07
61	1236914429	5000.0	0.001	6.75325e-05	-0.063564	0.9428831833633273,0.056868466306738655,0.0002483503299340132
57	2747388149	5000.0	0.001	6.75325e-05	-0.080755	0.952274025194961,0.047592761447710456,0.0001332133573285343
52	703434961	5000.0	0.001	6.75325e-05	0.343266	0.9421234953009399,0.057507938412317536,0.00036856628674265145
58	2650495223	5000.0	0.001	6.75325e-05	0.058755	0.9207749650069986,0.06900819836032794,0.010171805638872225,4.5030993801239755e-05
48	1749573832	5000.0	0.001	6.75325e-05	-0.306175	0.9523595280943811,0.04302751449710058,0.00460875824835033,4.1991601679664066e-06
53	2294515929	5000.0	0.001	6.75325e-05	0.060393	0.9777684863027395,0.02212245550889822,0.00010905818836232754
54	3827812575	5000.0	0.001	6.75325e-05	-0.140929	0.9582773045390922,0.04041363727254549,0.0013090581883623276
64	4002187533	5000.0	0.001	6.75325e-05	-0.206264	0.9557200159968007,0.04410349930013997,0.00017644471105778843,3.9992001599680065e-08
49	757407945	5000.0	0.001	6.75325e-05	0.023058	0.9427348130373925,0.05669122175564887,0.0005738852229554089,7.998400319936013e-08
50	3871166666	5000.0	0.001	6.75325e-05	0.325704	0.5561228954209159,0.3981646870625875,0.04559444111177764,0.00011797640471905618
65	2489585942	5000.0	0.001	6.75325e-05	-0.050271	0.9578786642671465,0.04164275144971006,0.0004785842831433713
67	748783913	5000.0	0.001	6.75325e-05	-0.254607	0.9303023795240952,0.06853365326934613,0.0011633673265346932,5.99880023995201e-07
56	232775915	5000.0	0.001	6.75325e-05	-0.040607	0.9526058788242352,0.04726718656268746,0.00012693461307738453
59	2896363769	5000.0	0.001	6.75325e-05	0.192852	0.9663154569086183,0.03355604879024195,0.00012849430113977205
51	1193709774	5000.0	0.001	6.75325e-05	0.557416	0.9448809038192362,0.05474841031793641,0.0003706858628274345
63	3771859204	5000.0	0.001	6.75325e-05	-0.316298	0.9234371525694861,0.07634461107778444,0.00021823635272945411
66	4006238493	5000.0	0.001	6.75325e-05	0.116311	0.7521719656068786,0.24058244351129773,0.007172765446910618,7.282543491301739e-05
69	1231100207	5000.0	0.001	6.75325e-05	1.565159	0.7127724455108978,0.2806879424115177,0.006533893221355729,5.718856228754249e-06
68	2568870190	5000.0	0.001	6.75325e-05	0.205210	0.9657344531093781,0.03416084783043391,0.00010469906018796241
74	2487263540	5000.0	0.001	6.75325e-05	0.215362	0.9283503699260148,0.07124435112977405,0.0004052789442111578
70	1119676719	5000.0	0.001	6.75325e-05	-0.748843	0.7331649270145971,0.2630105178964207,0.0038238352329534094,7.198560287942411e-07
72	3499450675	5000.0	0.001	6.75325e-05	-0.057482	0.9397912817436512,0.0598499900019996,0.0003587282543491302
80	2531328340	5000.0	0.001	6.75325e-05	0.487139	0.8669178164367126,0.1328262347530494,0.00025590881823635275,3.9992001599680065e-08
83	3830126940	5000.0	0.001	6.75325e-05	0.207903	0.9555652869426114,0.04439848030393921,3.623275344931014e-05
71	3950750001	5000.0	0.001	6.75325e-05	-0.039725	0.975757648470306,0.02346394721055789,0.0007782043591281744,1.9996000799840033e-07
73	3368669492	5000.0	0.001	6.75325e-05	0.422476	0.8022441111777644,0.1930516696660668,0.004703019396120776,1.199760047990402e-06
78	3460493637	5000.0	0.001	6.75325e-05	-0.165880	0.9426358328334333,0.05573381323735253,0.0016284743051389722,1.879624075184963e-06
76	879655223	5000.0	0.001	6.75325e-05	0.031774	0.9269494901019796,0.06985446910617876,0.0031244551089782044,7.158568286342732e-05
82	1428648284	5000.0	0.001	6.75325e-05	0.130825	0.9324577884423115,0.06675948810237953,0.0007827234553089383
79	1830490442	5000.0	0.001	6.75325e-05	0.056986	0.9274891821635672,0.07181711657668466,0.0006937012597480503
84	2462013799	5000.0	0.001	6.75325e-05	-0.216902	0.9430950209958009,0.04262167566486703,0.014171565686862628,0.0001117376524695061
85	1035297130	5000.0	0.001	6.75325e-05	-0.152231	0.9340011597680464,0.06425554889022196,0.0017422115576884623,1.0797840431913617e-06
87	2051002737	5000.0	0.001	6.75325e-05	-0.019968	0.9644098780243952,0.03466642671465707,0.000923495300939812,1.9996000799840033e-07
77	470993219	5000.0	0.001	6.75325e-05	-0.385841	0.8942599880023995,0.104924375124975,0.0008156368726254749
75	3149472054	5000.0	0.001	6.75325e-05	-0.029760	0.948598200359928,0.05040651869626075,0.0009908418316336733,4.439112177564487e-06
81	3252504917	5000.0	0.001	6.75325e-05	-1.605849	0.7799223755248951,0.21624667066586684,0.003830633873225355,3.199360127974405e-07
86	3455514991	5000.0	0.001	6.75325e-05	-0.452680	0.8000601479704059,0.19847274545090982,0.0014670265946810637,7.998400319936013e-08
88	2116854131	5000.0	0.001	6.75325e-05	-0.042916	0.9291482103579284,0.06910313937212557,0.0017472105578884222,1.4397120575884822e-06
89	3666952576	5000.0	0.001	6.75325e-05	-0.694877	0.8622725054989002,0.13480435912817437,0.002862267546490702,6.0867826434713055e-05
90	3895335305	5000.0	0.001	6.75325e-05	-0.087398	0.958038552289542,0.040946690661867624,0.0010146770645870825,7.998400319936013e-08
91	295489930	5000.0	0.001	6.75325e-05	0.150884	0.8822921815636873,0.11634329134173166,0.0013645270945810838
98	826466714	5000.0	0.001	6.75325e-05	0.055199	0.9739066186762647,0.026074305138972204,1.907618476304739e-05
94	209602959	5000.0	0.001	6.75325e-05	0.042635	0.9802251149770046,0.01953989202159568,0.00023499300139972007
97	1300754840	5000.0	0.001	6.75325e-05	-0.514340	0.9119798040391922,0.084924375124975,0.0030941411717656468,1.6796640671865626e-06
100	3283052961	5000.0	0.001	6.75325e-05	0.035554	0.9660063187362528,0.033893341331733655,0.00010033993201359728
99	4194892188	5000.0	0.001	6.75325e-05	1.897917	0.5205318136372725,0.47290569886022793,0.00636756648670266,0.00019492101579684064
96	1580368280	5000.0	0.001	6.75325e-05	-0.061364	0.9719534493101379,0.027839832033593283,0.00020671865626874626
101	2748166563	5000.0	0.001	6.75325e-05	0.320384	0.8842712657468507,0.09919756048790242,0.016492541491701658,3.8632273545290943e-05
92	3100864910	5000.0	0.001	6.75325e-05	-0.175962	0.9613248950209958,0.03853933213357329,0.00013577284543091382
95	929186197	5000.0	0.001	6.75325e-05	-0.323503	0.9638375524895021,0.028717336532693462,0.007431673665266946,1.34373125374925e-05
93	3850033551	5000.0	0.001	6.75325e-05	-0.014012	0.9486943811237752,0.04991757648470306,0.0013871625674865026,8.798240351929614e-07
102	3278829992	5000.0	0.001	6.75325e-05	-0.095468	0.9114467906418716,0.08815796840631873,0.0003952409518096381
105	3079221677	5000.0	0.001	6.75325e-05	-0.069346	0.9764805838832233,0.023353009398120374,0.00016640671865626874
103	3998343594	5000.0	0.001	6.75325e-05	0.317902	0.8634833833233353,0.11349334133173365,0.022890901819636073,0.000132373525294941
108	3715555759	5000.0	0.001	6.75325e-05	0.776139	0.9201268546290742,0.07899888022395521,0.0008741851629674065,7.998400319936013e-08
104	4053744043	5000.0	0.001	6.75325e-05	-0.043679	0.9624109178164367,0.03590541891621676,0.0016835832833433314,7.998400319936013e-08
110	2579990969	5000.0	0.001	6.75325e-05	0.566113	0.9190541891621675,0.07909342131573685,0.001843631273745251,8.758248350329933e-06
106	1568666030	5000.0	0.001	6.75325e-05	0.141093	0.9387939212157569,0.06084779044191162,0.0003582883423315337
107	2856620463	5000.0	0.001	6.75325e-05	-0.029330	0.9418029594081184,0.05808910217956409,0.00010793841231753649
114	1487899082	5000.0	0.001	6.75325e-05	0.159667	0.9678279544091182,0.03209370125974805,7.834433113377324e-05
109	1408696756	5000.0	0.001	6.75325e-05	-0.217045	0.9281096180763847,0.07083583283343331,0.0010536692661467706,8.798240351929614e-07
117	644837840	5000.0	0.001	6.75325e-05	-0.097215	0.8224932613477305,0.17635456908618277,0.0010394721055788842,0.00011269746050789842
113	878322119	5000.0	0.001	6.75325e-05	0.089626	0.9349926014797041,0.06378140371925616,0.001225874825034993,1.199760047990402e-07
118	3423521232	5000.0	0.001	6.75325e-05	-0.016922	0.9528803839232154,0.04671105778844231,0.0004085582883423315
116	711557581	5000.0	0.001	6.75325e-05	-0.047398	0.8989348930213957,0.10040531893621275,0.0006597080583883223,7.998400319936013e-08
115	4008233420	5000.0	0.001	6.75325e-05	-0.030908	0.9554865826834633,0.04405250949810038,0.0004607878424315137,1.199760047990402e-07
111	513761721	5000.0	0.001	6.75325e-05	0.130320	0.9357993201359728,0.06398124375124975,0.00021943611277744452
119	2976297451	5000.0	0.001	6.75325e-05	0.085945	0.9583312537492501,0.04128366326734653,0.00038504299140171966,3.9992001599680065e-08
112	615510460	5000.0	0.001	6.75325e-05	-0.015202	0.9366695860827834,0.062496620675864825,0.00083375324935013,3.9992001599680065e-08
122	1683423730	5000.0	0.001	6.75325e-05	0.598214	0.9302438712257548,0.06919112177564488,0.0005645670865826835,4.399120175964807e-07
129	3887839769	5000.0	0.001	6.75325e-05	0.045854	0.9864989802039592,0.013157968406318736,0.0003429714057188562,7.998400319936013e-08
120	490967534	5000.0	0.001	6.75325e-05	1.079942	0.8952360327934413,0.09698452309538093,0.007757128574285143,2.2315536892621475e-05
121	28475889	5000.0	0.001	6.75325e-05	-0.217044	0.8953500899820036,0.06395096980603879,0.04057576484703059,0.0001231753649270146
125	877502984	5000.0	0.001	6.75325e-05	-0.059527	0.9736935012997401,0.026139372125574885,0.000167126574685063
126	1676935695	5000.0	0.001	6.75325e-05	1.230190	0.8894871825634874,0.10920655868826235,0.0013062187562487503,3.9992001599680065e-08
123	1454148092	5000.0	0.001	6.75325e-05	-0.239887	0.9652636272745451,0.03426694661067786,0.0004693861227754449,3.9992001599680065e-08
131	2342242851	5000.0	0.001	6.75325e-05	-0.011181	0.9148816236752649,0.08482123575284943,0.0002971005798840232,3.9992001599680065e-08
127	3288486417	5000.0	0.001	6.75325e-05	0.012251	0.9644348330333933,0.03539208158368326,0.00017308538292341532
124	723948036	5000.0	0.001	6.75325e-05	0.238932	0.9711873225354929,0.02859400119976005,0.0002186362727454509,3.9992001599680065e-08
132	1739401763	5000.0	0.001	6.75325e-05	-1.652205	0.8307101379724056,0.1685364127174565,0.0007533293341331733,1.199760047990402e-07
130	2976322074	5000.0	0.001	6.75325e-05	0.253119	0.9234870625874825,0.07612141571685663,0.00039144171165766847,7.998400319936013e-08
133	1253403174	5000.0	0.001	6.75325e-05	-0.078770	0.9583295340931813,0.04140079984003199,0.0002696660667866427
134	820714023	5000.0	0.001	6.75325e-05	-0.084174	0.9709228554289142,0.02896480703859228,0.0001123375324935013
135	2157392431	5000.0	0.001	6.75325e-05	-0.331037	0.8955906818636272,0.10241351729654069,0.0019925614877024595,3.239352129574085e-06
136	623192626	5000.0	0.001	6.75325e-05	-0.441013	0.9514799440111977,0.04751361727654469,0.0010063587282543491,7.998400319936013e-08
128	125663763	5000.0	0.001	6.75325e-05	-0.039680	0.9502817836432713,0.04782695460907818,0.00188998200359928,1.279744051189762e-06
137	4169292339	5000.0	0.001	6.75325e-05	-0.030275	0.9676056388722255,0.03231121775644871,8.314337132573485e-05
139	1316930108	5000.0	0.001	6.75325e-05	-0.392525	0.9311668066386722,0.06773549290141971,0.0010974605078984203,2.399520095980804e-07
151	1338407533	5000.0	0.001	6.75325e-05	-0.211820	0.9469459308138373,0.05255132973405319,0.0005024595080983803,2.7994401119776043e-07
146	96068177	5000.0	0.001	6.75325e-05	-0.169728	0.8490473105378924,0.14479004199160167,0.006143451309738052,1.875624875024995e-05,4.399120175964807e-07
149	596761193	5000.0	0.001	6.75325e-05	-0.027174	0.9478835032993401,0.05188238352329534,0.0002341131773645271
143	2958203465	5000.0	0.001	6.75325e-05	0.408493	0.9297120175964807,0.06987006598680263,0.00041743651269746053,4.799040191961608e-07
147	3214907999	5000.0	0.001	6.75325e-05	-0.148431	0.9666568686262748,0.03326842631473705,7.470505898820235e-05
145	967307852	5000.0	0.001	6.75325e-05	-0.004002	0.9684389522095581,0.03154453109378124,1.6516696660667867e-05
142	1667979841	5000.0	0.001	6.75325e-05	0.038101	0.9844653469306138,0.015237912417516496,0.00029666066786642674,7.998400319936013e-08
153	1277598329	5000.0	0.001	6.75325e-05	0.351660	0.9175143771245751,0.08194245150969806,0.0004792641471705659,6.390721855628875e-05
140	3255448126	5000.0	0.001	6.75325e-05	-0.078938	0.9563891621675665,0.038595520895820835,0.005000639872025595,1.4677064587082583e-05
155	3103550078	5000.0	0.001	6.75325e-05	-1.235521	0.8524197560487903,0.12948110377924416,0.018064627074585084,3.45130973805239e-05
148	2948379240	5000.0	0.001	6.75325e-05	-0.088738	0.9650339932013597,0.03485798840231954,0.00010801839632073585
144	1118847561	5000.0	0.001	6.75325e-05	0.095693	0.9485569686062787,0.04875728854229154,0.0026844231153769246,1.319736052789442e-06
152	2618634863	5000.0	0.001	6.75325e-05	0.054985	0.9678026394721055,0.031165766846630673,0.001006118776244751,2.54749050189962e-05
138	1795017268	5000.0	0.001	6.75325e-05	0.347088	0.9470679464107179,0.05259684063187363,0.00033513297340531894,7.998400319936013e-08
160	3020309139	5000.0	0.001	6.75325e-05	0.193744	0.9468149170165967,0.05292293541291742,0.0002603879224155169,1.7596480703859228e-06
161	894499481	5000.0	0.001	6.75325e-05	-0.554651	0.857923975204959,0.1413898820235953,0.0006861427714457109
158	3219585670	5000.0	0.001	6.75325e-05	-0.064986	0.9798805838832234,0.020103019396120775,1.6396720655868826e-05
141	2565487167	5000.0	0.001	6.75325e-05	0.737611	0.916633473305339,0.08083039392121576,0.002535492901419716,6.39872025594881e-07
157	2629732992	5000.0	0.001	6.75325e-05	0.402256	0.945983523295341,0.053940091981603676,7.638472305538892e-05
156	1370483328	5000.0	0.001	6.75325e-05	-0.135971	0.8050823435312937,0.1936768646270746,0.0012405918816236752,1.9996000799840033e-07
154	377758329	5000.0	0.001	6.75325e-05	-0.154588	0.9807021395720856,0.01927766446710658,2.0195960807838434e-05
150	274344557	5000.0	0.001	6.75325e-05	0.051996	0.9732099580083983,0.026586722655468905,0.00020235952809438112,9.598080383923216e-07
159	4081210002	5000.0	0.001	6.75325e-05	-0.332920	0.9603720855828835,0.03950897820435913,0.00011717656468706259,1.7596480703859228e-06
162	4137851546	5000.0	0.001	6.75325e-05	0.029423	0.9685846430713857,0.030774925014997002,0.0006404319136172766
163	3135818395	5000.0	0.001	6.75325e-05	0.697021	0.8953700859828034,0.10234293141371725,0.002275384923015397,1.1597680463907219e-05
167	625472170	5000.0	0.001	6.75325e-05	0.293109	0.9568939412117576,0.04304575084983003,6.0307938412317536e-05
164	2763221665	5000.0	0.001	6.75325e-05	-0.073096	0.969876824635073,0.0300373925214957,8.562287542491501e-05,1.5996800639872026e-07
169	376586942	5000.0	0.001	6.75325e-05	-0.342364	0.8974109978004399,0.10215820835832834,0.00043079384123175364
171	1843659464	5000.0	0.001	6.75325e-05	0.525678	0.922331773645271,0.07559076184763047,0.0020764247150569888,1.0397920415916818e-06
165	2551722657	5000.0	0.001	6.75325e-05	0.044144	0.9453444111177765,0.05398468306338732,0.0006708258348330334,7.998400319936013e-08
168	460581557	5000.0	0.001	6.75325e-05	0.093616	0.9674380723855229,0.03220379924015197,0.000358128374325135
175	11004635	5000.0	0.001	6.75325e-05	0.534643	0.9443664867026594,0.055190481903619276,0.00044287142571485704,1.5996800639872026e-07
166	2792276649	5000.0	0.001	6.75325e-05	-0.320268	0.9468026794641072,0.053154769046190764,4.255148970205959e-05
176	3295648484	5000.0	0.001	6.75325e-05	0.482434	0.8586503899220156,0.13841399720055989,0.00293249350129974,3.119376124775045e-06
173	3204723414	5000.0	0.001	6.75325e-05	-0.015412	0.982993201359728,0.01693893221355729,6.786642671465706e-05
174	2500879062	5000.0	0.001	6.75325e-05	0.968567	0.7984275944811038,0.17435664867026596,0.027115376924615076,0.00010037992401519697
172	2640519889	5000.0	0.001	6.75325e-05	-0.160226	0.9659930813837233,0.033895740851829635,0.00011117776444711058
170	3355220679	5000.0	0.001	6.75325e-05	-0.910512	0.8917000199960008,0.10797312537492501,0.00032685462907418517
177	3119330049	5000.0	0.001	6.75325e-05	-0.053677	0.9395482903419317,0.05799028194361128,0.0016159568086382724,0.0008453509298140372,1.199760047990402e-07
178	2433387266	5000.0	0.001	6.75325e-05	-0.037731	0.9840320335932814,0.015952169566086784,1.5796840631873626e-05
180	1788629771	5000.0	0.001	6.75325e-05	0.178093	0.9644448310337932,0.03504859028194361,0.0005065386922615477,3.9992001599680065e-08
179	747782919	5000.0	0.001	6.75325e-05	-0.604798	0.8707384523095381,0.12607318536292741,0.0031742851429714058,1.4077184563087382e-05
181	2729859853	5000.0	0.001	6.75325e-05	0.084038	0.8293103779244151,0.16353405318936212,0.007099420115976805,5.602879424115177e-05,1.199760047990402e-07
182	3590621972	5000.0	0.001	6.75325e-05	0.720622	0.8991058188362328,0.10033257348530294,0.0005405318936212757,2.1075784843031393e-05
184	712334115	5000.0	0.001	6.75325e-05	-0.065263	0.7956071585682863,0.17972765446910619,0.02458024395120976,8.490301939612077e-05,3.9992001599680065e-08
185	1178645285	5000.0	0.001	6.75325e-05	0.072116	0.941400599880024,0.05847978404319136,0.00011961607678464307
186	2399472422	5000.0	0.001	6.75325e-05	-0.831365	0.847560047990402,0.15130741851629675,0.0011320135972805439,5.198960207958409e-07
183	3285418772	5000.0	0.001	6.75325e-05	-0.199291	0.9244897020595881,0.07416540691861628,0.001270745850829834,7.414517096580684e-05
189	1020175155	5000.0	0.001	6.75325e-05	-0.275876	0.9339575284943011,0.06572805438912217,0.00031437712457508496,3.9992001599680065e-08
187	1466053421	5000.0	0.001	6.75325e-05	0.187508	0.9283439312137572,0.04476880623875225,0.026798280343931214,8.898220355928814e-05
190	3462138677	5000.0	0.001	6.75325e-05	0.557024	0.9296795440911818,0.06976288742251549,0.0005525694861027795,4.999000199960008e-06
191	2469149504	5000.0	0.001	6.75325e-05	0.162998	0.9247138972205559,0.07437020595880824,0.0009157368526294741,1.5996800639872026e-07
188	1866900269	5000.0	0.001	6.75325e-05	0.096719	0.9697368126374725,0.03020111977604479,6.206758648270345e-05
192	1917061956	5000.0	0.001	6.75325e-05	-0.098224	0.956554049190162,0.04337352529494101,7.24255148970206e-05
193	26995526	5000.0	0.001	6.75325e-05	0.169615	0.9589302939412118,0.03631585682863427,0.004753049390121976,7.998400319936013e-07
196	2624400224	5000.0	0.001	6.75325e-05	-0.084242	0.9689680863827235,0.02666994601079784,0.004360287942411518,1.6796640671865626e-06
195	3051539288	5000.0	0.001	6.75325e-05	0.009833	0.9645549690061987,0.03535472905418916,9.030193961207759e-05
194	1968405322	5000.0	0.001	6.75325e-05	0.058818	0.9754273145370925,0.02426530693861228,0.00030737852429514096
197	2645189477	5000.0	0.001	6.75325e-05	-0.487799	0.8761550889822035,0.12056096780643871,0.00315620875824835,0.00012769446110777845,3.9992001599680065e-08
198	1686387564	5000.0	0.001	6.75325e-05	0.336757	0.9430409918016397,0.04656984603079384,0.010195240951809638,0.0001935612877424515,3.5992801439712056e-07
199	3712914287	5000.0	0.001	6.75325e-05	-0.503502	0.9351380923815237,0.06362227554489103,0.001038872225554889,0.00020075984803039393
202	2734840699	5000.0	0.001	6.75325e-05	0.362821	0.9089174565086983,0.09021755648870226,0.0008649470105978805,3.9992001599680065e-08
201	850293621	5000.0	0.001	6.75325e-05	0.041473	0.9823273345330934,0.017654669066186762,1.799640071985603e-05
203	67332988	5000.0	0.001	6.75325e-05	-0.036797	0.9838248350329934,0.01616772645470906,7.438512297540492e-06
200	52224884	5000.0	0.001	6.75325e-05	0.048574	0.969167726454709,0.030797960407918417,3.431313737252549e-05
206	1216334733	5000.0	0.001	6.75325e-05	0.013725	0.8979652469506099,0.10169202159568086,0.00034273145370925813
204	1956275080	5000.0	0.001	6.75325e-05	-0.321628	0.8907038992201559,0.09011153769246151,0.01892873425314937,0.0002533493301339732,2.4795040991801638e-06
211	163122084	5000.0	0.001	6.75325e-05	1.062579	0.8863935212957409,0.11318832233553289,0.000417996400719856,1.5996800639872026e-07
205	2858783627	5000.0	0.001	6.75325e-05	-0.180206	0.9394315136972605,0.0600122375524895,0.00055624875024995
213	964062124	5000.0	0.001	6.75325e-05	-0.161784	0.9667494901019796,0.03283875224955009,0.00041079784043191364,9.598080383923216e-07
212	536736681	5000.0	0.001	6.75325e-05	0.233717	0.9580633473305339,0.041092941411717654,0.0008432713457308538,4.399120175964807e-07
216	1684634550	5000.0	0.001	6.75325e-05	0.174347	0.9310284343131374,0.06751189762047591,0.0014595880823835233,7.998400319936013e-08
208	1675389845	5000.0	0.001	6.75325e-05	0.210823	0.9303234953009398,0.0695877224555089,8.878224355128974e-05
214	1632164788	5000.0	0.001	6.75325e-05	0.164432	0.9476860627874425,0.05224631073785243,6.738652269546091e-05,2.399520095980804e-07
209	1148576666	5000.0	0.001	6.75325e-05	-1.485640	0.7391366126774646,0.24497684463107378,0.015661747650469907,0.00022479504099180163
207	1768563600	5000.0	0.001	6.75325e-05	-0.677118	0.895745650869826,0.09657728454309138,0.0073156568686262744,0.0003613677264547091,3.9992001599680065e-08
215	2555749302	5000.0	0.001	6.75325e-05	-0.204340	0.9638117576484703,0.0351872425514897,0.001000999800039992
222	4168924098	5000.0	0.001	6.75325e-05	-0.138971	0.9565875224955009,0.04215120975804839,0.0012608278344331133,4.399120175964807e-07
210	2974710686	5000.0	0.001	6.75325e-05	-0.356714	0.932696900619876,0.06604795040991801,0.0012543891221755649,7.598480303939212e-07
221	2203913153	5000.0	0.001	6.75325e-05	0.359399	0.8898053189362127,0.10615172965406919,0.004041551689662068,1.3997200559888023e-06
220	3421025217	5000.0	0.001	6.75325e-05	1.002510	0.8035252949410118,0.19516440711857627,0.0013101779644071187,1.199760047990402e-07
217	888173497	5000.0	0.001	6.75325e-05	-0.034742	0.9882321935612878,0.011757208558288343,1.0597880423915217e-05
219	662905792	5000.0	0.001	6.75325e-05	2.322429	0.6382249550089982,0.35234217156568687,0.00941867626474705,1.4197160567886423e-05
218	452619196	5000.0	0.001	6.75325e-05	0.057626	0.966976724655069,0.032953009398120375,7.026594681063787e-05
223	2969551817	5000.0	0.001	6.75325e-05	-0.266535	0.871974325134973,0.12404859028194361,0.003974005198960208,3.079384123175365e-06
238	3376053231	5000.0	0.001	6.75325e-05	-0.058775	0.9370590281943612,0.055650829834033196,0.007149050189962008,0.00014053189362127575,5.598880223955209e-07
224	3710055369	5000.0	0.001	6.75325e-05	-0.034000	0.9765904419116177,0.023258508298340332,0.0001510497900419916
227	868350928	5000.0	0.001	6.75325e-05	0.034789	0.9616611477704459,0.03633105378924215,0.002007638472305539,1.5996800639872026e-07
225	1452827596	5000.0	0.001	6.75325e-05	-0.253289	0.9433706458708259,0.05629850029994001,0.00033085382923415317
233	3206712293	5000.0	0.001	6.75325e-05	-0.047406	0.9671810037992401,0.032480623875224955,0.000338372325534893
239	599452658	5000.0	0.001	6.75325e-05	0.075913	0.9412633473305339,0.058613357328534295,0.00012329534093181364
232	4197037027	5000.0	0.001	6.75325e-05	-0.318770	0.9590861827634473,0.040680863827234556,0.00023295340931813637
228	367539154	5000.0	0.001	6.75325e-05	0.218379	0.9775750049990002,0.021953489302139573,0.0004714257148570286,7.998400319936013e-08
230	1669288919	5000.0	0.001	6.75325e-05	-0.693843	0.8120259548090382,0.18327162567486502,0.004593641271745651,0.00010877824435112978
226	3395224525	5000.0	0.001	6.75325e-05	0.360797	0.9371454909018196,0.06074461107778444,0.002109138172365527,7.598480303939212e-07
229	2081033175	5000.0	0.001	6.75325e-05	-0.045223	0.9617928414317136,0.03728038392321536,0.0009267746450709858
231	1888256989	5000.0	0.001	6.75325e-05	-0.474503	0.9009814437112578,0.09747298540291942,0.0015446910617876424,8.798240351929614e-07
235	2143939563	5000.0	0.001	6.75325e-05	0.068776	0.9849540891821635,0.01483883223355329,0.00020707858428314338
240	2745103346	5000.0	0.001	6.75325e-05	-0.097862	0.953771525694861,0.04307706458708258,0.0031439312137572484,7.478504299140172e-06
236	2015200236	5000.0	0.001	6.75325e-05	-0.400756	0.9323836432713457,0.06716056788642272,0.0004557888422315537
237	4138771438	5000.0	0.001	6.75325e-05	-0.409706	0.8814666666666666,0.1149746450709858,0.003558248350329934,4.399120175964807e-07
234	2079196138	5000.0	0.001	6.75325e-05	-0.927482	0.8365338932213557,0.14152417516496701,0.021628114377124575,0.00031381723655268947
243	3920315378	5000.0	0.001	6.75325e-05	-0.364155	0.9161192161567686,0.08332237552489502,0.0005584083183363327
241	3057677300	5000.0	0.001	6.75325e-05	0.056222	0.9684265146970605,0.031530293941211755,4.319136172765447e-05
242	2337784820	5000.0	0.001	6.75325e-05	-0.088053	0.9690558688262347,0.030701939612077584,0.00024219156168766247
249	1978711062	5000.0	0.001	6.75325e-05	0.346863	0.8714989402119576,0.126672825434913,0.0018271145770845832,1.1197760447910417e-06
246	3534603267	5000.0	0.001	6.75325e-05	-0.044252	0.9479532893421315,0.05080611877624475,0.0012405918816236752
244	3338855419	5000.0	0.001	6.75325e-05	-0.072674	0.9492729454109178,0.050542451509698064,0.0001845630873825235,3.9992001599680065e-08
245	2557361148	5000.0	0.001	6.75325e-05	0.335536	0.9273522895420916,0.044791401719656065,0.027528174365126976,0.00032813437312537494
247	3636001798	5000.0	0.001	6.75325e-05	0.153618	0.9472299540091982,0.05261691661667667,0.00015312937412517496
248	4010490901	5000.0	0.001	6.75325e-05	0.022936	0.9808445510897821,0.019149250149970005,6.19876024795041e-06
253	3835560993	5000.0	0.001	6.75325e-05	-0.090497	0.851876224755049,0.14371425714857028,0.004387162567486503,2.2355528894221156e-05
250	4080581654	5000.0	0.001	6.75325e-05	0.434872	0.9440535892821436,0.05584631073785243,9.982003599280143e-05,2.7994401119776043e-07
251	1007174678	5000.0	0.001	6.75325e-05	-0.065741	0.9268346330733853,0.062036952609478106,0.011016716656668667,0.00011145770845830834,2.399520095980804e-07
252	2437932060	5000.0	0.001	6.75325e-05	0.307825	0.9288841431713657,0.07054045190961808,0.0005752049590081983,1.9996000799840033e-07
254	3027010597	5000.0	0.001	6.75325e-05	0.421020	0.9289912817436513,0.06994117176564688,0.0010675464907018597
255	1209224230	5000.0	0.001	6.75325e-05	-0.406930	0.9448792641471706,0.05378528294341132,0.0013354529094181163
258	1774316599	5000.0	0.001	6.75325e-05	0.043815	0.9625337332533493,0.0374122375524895,5.402919416116777e-05
259	424490042	5000.0	0.001	6.75325e-05	-0.119167	0.9121850829834033,0.08614345130973805,0.0016704259148170367,1.0397920415916818e-06
272	4055032945	5000.0	0.001	6.75325e-05	0.292804	0.9291080983803239,0.07044331133773245,0.00044859028194361127
264	1496667226	5000.0	0.001	6.75325e-05	0.235933	0.914074825034993,0.08499332133573285,0.0009310137972405519,8.398320335932813e-07
265	1421466715	5000.0	0.001	6.75325e-05	-0.467658	0.9061995600879824,0.0929123375324935,0.0008880223955208958,7.998400319936013e-08
260	993231932	5000.0	0.001	6.75325e-05	-0.214859	0.9353272545490902,0.06427946410717857,0.00039300139972005596,2.7994401119776043e-07
257	2550287409	5000.0	0.001	6.75325e-05	0.043103	0.9268129174165167,0.06212141571685663,0.010426994601079783,0.0006386722655468906
256	2328083499	5000.0	0.001	6.75325e-05	-0.004766	0.954875024995001,0.04501595680863827,0.00010901819636072785
261	3337552972	5000.0	0.001	6.75325e-05	0.429716	0.9173067386522695,0.08173981203759248,0.000953249350129974,1.9996000799840033e-07
266	417352795	5000.0	0.001	6.75325e-05	-0.255574	0.9554310337932413,0.04451993601279744,4.903019396120776e-05
271	1654103143	5000.0	0.001	6.75325e-05	0.023026	0.978539652069586,0.02141659668066387,4.375124975004999e-05
262	3227628625	5000.0	0.001	6.75325e-05	-0.218918	0.9140775044991002,0.08537140571885622,0.0005510097980403919,7.998400319936013e-08
273	3854009461	5000.0	0.001	6.75325e-05	-0.199419	0.9667471305738852,0.03321087782443511,4.1991601679664064e-05
263	1726678103	5000.0	0.001	6.75325e-05	-0.187294	0.9565676064787043,0.04279344131173765,0.0006389522095580884
270	1187277924	5000.0	0.001	6.75325e-05	0.518766	0.9070987402519496,0.0928124775044991,8.878224355128974e-05
268	1959595106	5000.0	0.001	6.75325e-05	-0.684304	0.92430349930014,0.07049762047590481,0.00519000199960008,8.878224355128975e-06
267	4079871071	5000.0	0.001	6.75325e-05	-0.238568	0.9325544091181763,0.06094001199760048,0.006455268946210757,5.030993801239752e-05
269	272727139	5000.0	0.001	6.75325e-05	0.583374	0.8893188962207559,0.10734757048590282,0.0031030593881223754,0.00023039392121575685,7.998400319936013e-08
274	2075888764	5000.0	0.001	6.75325e-05	0.149988	0.8100251149770046,0.16640435912817436,0.02353141371725655,3.91121775644871e-05
275	1929501821	5000.0	0.001	6.75325e-05	0.145813	0.9594060787842431,0.04033173365326934,0.0002621875624875025
278	4124658821	5000.0	0.001	6.75325e-05	-0.130737	0.9493039392121576,0.049880943811237755,0.000815116976604679
283	3500207247	5000.0	0.001	6.75325e-05	-0.034351	0.9278749850029994,0.07077480503899221,0.001123615276944611,0.00022659468106378725
284	4268524689	5000.0	0.001	6.75325e-05	-0.155655	0.9733514897020595,0.023594801039792043,0.003053509298140372,1.9996000799840033e-07
280	412048522	5000.0	0.001	6.75325e-05	0.168118	0.9673156168766247,0.030405558888222356,0.0022787042591481703,1.199760047990402e-07
277	3002281086	5000.0	0.001	6.75325e-05	-0.304191	0.9299794841031793,0.06965610877824435,0.0003644071185762847
287	2966514853	5000.0	0.001	6.75325e-05	1.559258	0.6781243351329734,0.29326046790641874,0.028564287142571487,5.0909818036392724e-05
276	1139909758	5000.0	0.001	6.75325e-05	0.317814	0.9519953609278144,0.046195640871825636,0.0018083983203359328,5.99880023995201e-07
281	414444683	5000.0	0.001	6.75325e-05	0.768690	0.778520375924815,0.2184001599680064,0.003071785642871426,7.678464307138573e-06
279	3690128520	5000.0	0.001	6.75325e-05	0.187112	0.9422379924015197,0.0491867626474705,0.008570205958808239,5.038992201559688e-06
290	932277417	5000.0	0.001	6.75325e-05	-0.861071	0.7745547290541892,0.2221885622875425,0.003256508698260348,1.9996000799840033e-07
286	37483678	5000.0	0.001	6.75325e-05	-0.048259	0.9489574885022996,0.05095364927014597,8.88622275544891e-05
285	2583082137	5000.0	0.001	6.75325e-05	1.220271	0.657536172765447,0.33888274345130975,0.003580123975204959,9.598080383923216e-07
293	676236462	5000.0	0.001	6.75325e-05	-0.099870	0.9793190561887622,0.020568286342731452,0.00011265746850629874
292	3975791788	5000.0	0.001	6.75325e-05	0.305658	0.9435907218556289,0.04936980603879224,0.007038032393521296,1.4397120575884822e-06
282	2329461901	5000.0	0.001	6.75325e-05	0.017205	0.9518083583283343,0.04748958208358328,0.0007020595880823836
289	2148738213	5000.0	0.001	6.75325e-05	-1.230426	0.8741674865026995,0.1246877824435113,0.0011447310537892421
291	1803631785	5000.0	0.001	6.75325e-05	-0.458609	0.9380479104179165,0.06177400519896021,0.00017808438312337532
288	3569890470	5000.0	0.001	6.75325e-05	0.113176	0.9562154369126175,0.04340967806438712,0.0003748850229954009
294	3831889072	5000.0	0.001	6.75325e-05	-0.067096	0.9665232953409318,0.03209850029994001,0.0013780843831233754,1.199760047990402e-07
300	331900098	5000.0	0.001	6.75325e-05	1.108894	0.8650049590081984,0.1298257148570286,0.005163327334533094,5.99880023995201e-06
299	397401282	5000.0	0.001	6.75325e-05	0.255311	0.9553258148370326,0.04462163567286543,5.2549490101979604e-05
301	2674656461	5000.0	0.001	6.75325e-05	-0.451030	0.9467682863427315,0.05302371525694861,0.000207998400319936
298	1451961538	5000.0	0.001	6.75325e-05	-0.083428	0.9254460307938412,0.061479704059188164,0.01305758848230354,1.6556688662267547e-05,1.199760047990402e-07
297	748963002	5000.0	0.001	6.75325e-05	-0.403780	0.877803199360128,0.12192285542891422,0.00027394521095780845
296	1305244855	5000.0	0.001	6.75325e-05	-0.668661	0.9354786242751449,0.0637859628074385,0.0007351729654069187,2.399520095980804e-07
302	3699475662	5000.0	0.001	6.75325e-05	-0.327246	0.9305751649670067,0.06459492101579684,0.004763127374525095,6.678664267146571e-05
295	1672219825	5000.0	0.001	6.75325e-05	0.067129	0.963778524295141,0.036194321135772846,2.7154569086182764e-05
304	249629913	5000.0	0.001	6.75325e-05	0.051648	0.9758733453309338,0.0241002199560088,2.6434713057388524e-05
305	1738134746	5000.0	0.001	6.75325e-05	-0.065870	0.9283153769246151,0.07158276344731054,0.00010185962807438512
303	2294578390	5000.0	0.001	6.75325e-05	-0.308772	0.9426885422915416,0.05637916416716657,0.0009315736852629474,7.198560287942411e-07
306	3091178722	5000.0	0.001	6.75325e-05	-0.388402	0.9193884023195361,0.080249550089982,0.0003459708058388322,1.6076784643071386e-05
307	881231075	5000.0	0.001	6.75325e-05	-1.603876	0.7369049390121976,0.251955848830234,0.011010837832433513,0.000128374325134973
308	3303275754	5000.0	0.001	6.75325e-05	0.636069	0.847060947810438,0.14648522295540892,0.0063764847030593885,7.734453109378124e-05
314	3743644941	5000.0	0.001	6.75325e-05	0.139232	0.9592318336332734,0.04050877824435113,0.0002593881223755249
309	696618224	5000.0	0.001	6.75325e-05	0.170465	0.8599563687262547,0.1390897420515897,0.0009538492301539692,3.9992001599680065e-08
310	945579256	5000.0	0.001	6.75325e-05	-0.228074	0.9511235352929414,0.045570685862827434,0.0033030593881223755,2.7194561087782445e-06
318	1480123673	5000.0	0.001	6.75325e-05	0.320686	0.9389036592681463,0.060411157768446314,0.0006851829634073185
311	783572216	5000.0	0.001	6.75325e-05	-0.226685	0.9535551689662067,0.04592141571685663,0.0005234153169366126
312	684696832	5000.0	0.001	6.75325e-05	-0.422555	0.9062518296340731,0.09357012597480503,0.00017796440711857628,7.998400319936013e-08
320	736423204	5000.0	0.001	6.75325e-05	0.225983	0.9649329334133173,0.03500135972805439,6.570685862827434e-05
315	1251349773	5000.0	0.001	6.75325e-05	0.354267	0.943894701059788,0.05552125574885023,0.0005840431913617277
317	905442581	5000.0	0.001	6.75325e-05	1.473063	0.7938523895220956,0.19813005398920217,0.008005918816236753,1.16376724655069e-05
321	3407629604	5000.0	0.001	6.75325e-05	-0.101807	0.9796816636672665,0.020279024195160967,3.93121375724855e-05
322	1067703590	5000.0	0.001	6.75325e-05	0.010050	0.9661294141171766,0.03364099180163967,0.00022959408118376326
316	3440479508	5000.0	0.001	6.75325e-05	-0.470920	0.8992650269946011,0.09065950809838032,0.010040751849630073,3.47130573885223e-05
325	2963442986	5000.0	0.001	6.75325e-05	0.710245	0.9193306538692262,0.07755464907018596,0.0031124575084983002,2.2395520895820834e-06
319	1485528345	5000.0	0.001	6.75325e-05	-0.622601	0.9087893221355728,0.09051789642071585,0.000692621475704859,1.5996800639872026e-07
324	3574500647	5000.0	0.001	6.75325e-05	-0.187447	0.9562599480103979,0.043568526294741054,0.0001715256948610278
323	3287209254	5000.0	0.001	6.75325e-05	0.763786	0.586653949210158,0.40869542091581684,0.004472705458908218,0.0001779244151169766
326	3080578350	5000.0	0.001	6.75325e-05	0.041599	0.9430145570885823,0.055758648270345934,0.0012267946410717857
313	2325992706	5000.0	0.001	6.75325e-05	-0.274200	0.9179764447110578,0.0805372125574885,0.0014862227554489102,1.199760047990402e-07
327	2510062898	5000.0	0.001	6.75325e-05	-0.009404	0.9685501299740052,0.03141623675264947,3.3633273345330936e-05
328	2479639860	5000.0	0.001	6.75325e-05	-0.008895	0.955752649470106,0.04378952209558088,0.0004578284343131374
329	3475830075	5000.0	0.001	6.75325e-05	-0.094616	0.9716160367926415,0.028289182163567288,9.478104379124175e-05
339	2370536812	5000.0	0.001	6.75325e-05	0.071561	0.9800715456908619,0.019888342331533693,4.01119776044791e-05
338	23125346	5000.0	0.001	6.75325e-05	-0.384082	0.9301009798040392,0.06935960807838433,0.000539252149570086,1.5996800639872026e-07
330	1790678340	5000.0	0.001	6.75325e-05	-0.074523	0.9831306938612278,0.016739572085582882,0.00012229554089182164,7.438512297540492e-06
337	1243958626	5000.0	0.001	6.75325e-05	-0.352847	0.8333995200959808,0.16491829634073185,0.0016818236352729454,3.5992801439712056e-07
336	475913559	5000.0	0.001	6.75325e-05	0.043372	0.9721244151169766,0.027307058588282345,0.0005685262947410517
340	1449919860	5000.0	0.001	6.75325e-05	0.443610	0.930770725854829,0.06874081183763248,0.0004884223155368926,3.9992001599680065e-08
335	233289047	5000.0	0.001	6.75325e-05	-0.131316	0.9787132573485303,0.02063251349730054,0.0006540691861627675,1.5996800639872026e-07
331	2725655877	5000.0	0.001	6.75325e-05	-0.168683	0.9626604679064187,0.03709490101979604,0.0002445910817836433,3.9992001599680065e-08
341	2872720757	5000.0	0.001	6.75325e-05	-0.103847	0.94304375124975,0.05589854029194161,0.0010563087382523496,1.3997200559888023e-06
332	3168298313	5000.0	0.001	6.75325e-05	0.032610	0.9473108978204359,0.052618316336732654,7.078584283143371e-05
333	2816372043	5000.0	0.001	6.75325e-05	-0.060470	0.897776524695061,0.10034221155768847,0.0018811837632473506,7.998400319936013e-08
334	3376239953	5000.0	0.001	6.75325e-05	-0.223890	0.936188202359528,0.06248562287542492,0.0013259748050389922,1.9996000799840033e-07
342	2323555705	5000.0	0.001	6.75325e-05	0.512187	0.9313857228554289,0.06831993601279744,0.00029434113177364527
343	1349938554	5000.0	0.001	6.75325e-05	-0.019651	0.9613302139572085,0.038167246550689864,0.00050249950009998,3.9992001599680065e-08
345	3691679104	5000.0	0.001	6.75325e-05	-0.021357	0.9726509098180364,0.02716496700659868,0.00018412317536492702
344	1629685116	5000.0	0.001	6.75325e-05	0.116374	0.942853149370126,0.03874157168566287,0.018099700059988004,0.0003055788842231554
346	758306179	5000.0	0.001	6.75325e-05	-0.138716	0.9058477904419117,0.09038228354329134,0.003768486302739452,1.4397120575884822e-06
349	2519600526	5000.0	0.001	6.75325e-05	0.512208	0.8738606278744251,0.12160391921615676,0.00453505298940212,3.9992001599680065e-07
347	728155529	5000.0	0.001	6.75325e-05	0.239262	0.9100137972405519,0.08921803639272145,0.0007674465106978604,7.198560287942411e-07
348	3148520845	5000.0	0.001	6.75325e-05	0.900538	0.7890977404519096,0.20712225554889022,0.0037794441111777643,5.598880223955209e-07
356	695178668	5000.0	0.001	6.75325e-05	0.065699	0.9660882223555289,0.033611757648470304,0.00030001999600079985
357	4277628341	5000.0	0.001	6.75325e-05	0.122405	0.9603591281743651,0.03961095780843831,2.991401719656069e-05
353	1547154842	5000.0	0.001	6.75325e-05	0.075107	0.9368425514897021,0.062195680863827235,0.000961007798440312,7.598480303939212e-07
355	1808147877	5000.0	0.001	6.75325e-05	-0.456116	0.9596913817236553,0.025885502899420116,0.014362207558488303,6.090781843631274e-05
362	672282089	5000.0	0.001	6.75325e-05	-0.230131	0.8585704059188163,0.13780335932813437,0.0036106778644271146,1.5556888622275544e-05
351	2915487125	5000.0	0.001	6.75325e-05	1.150739	0.825894901019796,0.1724393121375725,0.0016657868426314738
359	2138985948	5000.0	0.001	6.75325e-05	-0.093406	0.9789660867826435,0.02094041191761648,9.350129974005199e-05
352	1982086553	5000.0	0.001	6.75325e-05	0.064002	0.9563862827434513,0.04348370325934813,0.0001300139972005599
361	2694381029	5000.0	0.001	6.75325e-05	0.323265	0.9487601279744051,0.050687062587482505,0.0005526894621075785,1.199760047990402e-07
358	3954257354	5000.0	0.001	6.75325e-05	-0.016733	0.9558361127774445,0.043778044391121776,0.00038564287142571485,1.9996000799840033e-07
350	168304017	5000.0	0.001	6.75325e-05	-0.019775	0.9725453309338132,0.027438992201559688,1.5676864627074585e-05
363	4064531948	5000.0	0.001	6.75325e-05	-0.054210	0.9662543491301739,0.033614117176564685,0.00013045390921815638,1.0797840431913617e-06
365	3021991412	5000.0	0.001	6.75325e-05	-0.031488	0.9832433113377325,0.016666986602679464,8.970205958808238e-05
354	1178545563	5000.0	0.001	6.75325e-05	-1.836454	0.6687128574285143,0.32093301339732055,0.010313257348530294,4.0871825634873026e-05
364	3841672692	5000.0	0.001	6.75325e-05	0.476406	0.9332298340331934,0.0663496900619876,0.00042047590481903617
360	1177689569	5000.0	0.001	6.75325e-05	0.016150	0.8593525294941011,0.13848062387522495,0.002164607078584283,2.2395520895820834e-06
366	2717384184	5000.0	0.001	6.75325e-05	0.510370	0.9420148370325935,0.05780943811237752,0.0001757248550289942
370	3001019906	5000.0	0.001	6.75325e-05	0.011451	0.961167726454709,0.03872961407718456,0.00010265946810637873
367	2152838657	5000.0	0.001	6.75325e-05	1.055392	0.8193514097180564,0.14695756848630273,0.033203839232153566,0.0004870625874825035,1.199760047990402e-07
369	1425104387	5000.0	0.001	6.75325e-05	-0.133007	0.9606869426114777,0.03401127774445111,0.005294861027794441,6.918616276744651e-06
376	2123677207	5000.0	0.001	6.75325e-05	-0.503588	0.8419480103979204,0.1516259148170366,0.005439832033593281,0.0009834833033393322,2.7594481103779245e-06
368	1100135938	5000.0	0.001	6.75325e-05	0.740418	0.8315129774045191,0.16690229954009198,0.001381883623275345,0.00020283943211357727
372	2549556744	5000.0	0.001	6.75325e-05	-0.204501	0.9426759048190362,0.05496404719056189,0.0023595680863827233,4.799040191961608e-07
371	4268205570	5000.0	0.001	6.75325e-05	-0.392648	0.9130710657868426,0.08180787842431514,0.005038312337532494,8.274345130973805e-05
375	3520071184	5000.0	0.001	6.75325e-05	-0.233147	0.9391658468306339,0.06053565286942612,0.0002984603079384123,3.9992001599680065e-08
373	2491135502	5000.0	0.001	6.75325e-05	-0.059230	0.9643762047590482,0.035598960207958406,2.483503299340132e-05
381	1320101405	5000.0	0.001	6.75325e-05	0.353172	0.9269999600079984,0.07111657668466306,0.001882623475304939,8.398320335932813e-07
374	1844059664	5000.0	0.001	6.75325e-05	0.088860	0.8260042791441712,0.17162983403319337,0.002365606878624275,2.7994401119776043e-07
378	2735808027	5000.0	0.001	6.75325e-05	1.283596	0.8701624875024995,0.11140967806438712,0.00266126774645071,0.015709058188362327,5.7508498300339934e-05
380	1085019678	5000.0	0.001	6.75325e-05	0.009497	0.9775836432713457,0.02238392321535693,3.243351329734053e-05
383	4087694878	5000.0	0.001	6.75325e-05	0.352234	0.8991996800639872,0.08938052389522096,0.011341931613677265,7.786442711457709e-05
382	1222772253	5000.0	0.001	6.75325e-05	0.006087	0.990944051189762,0.009039552089582084,1.6396720655868826e-05
377	3201463834	5000.0	0.001	6.75325e-05	0.106029	0.9580287142571485,0.041731053789242155,0.00024023195360927814
384	2974109223	5000.0	0.001	6.75325e-05	-0.133711	0.9466918616276745,0.05044451109778044,0.002847590481903619,1.6036792641471705e-05
386	300099136	5000.0	0.001	6.75325e-05	0.485547	0.9157188962207559,0.08386618676264747,0.0004146770645870826,2.399520095980804e-07
379	2421151261	5000.0	0.001	6.75325e-05	-0.099392	0.9701863627274545,0.02966634673065387,0.00014729054189162167
385	716183100	5000.0	0.001	6.75325e-05	0.594295	0.912075824835033,0.08383955208958209,0.004081903619276145,2.7194561087782445e-06
387	2276040263	5000.0	0.001	6.75325e-05	-0.007301	0.9894963007398521,0.010479064187162568,2.463507298540292e-05
388	1848383056	5000.0	0.001	6.75325e-05	0.304330	0.9195622875424915,0.07808962207558488,0.0023424515096980604,5.6388722255548894e-06
391	2291824216	5000.0	0.001	6.75325e-05	-0.033247	0.9120428314337132,0.08131773645270945,0.0066249950009998,1.4437112577484502e-05
392	2063584861	5000.0	0.001	6.75325e-05	-0.013075	0.9763692861427714,0.02339224155168966,0.00023847230553889222
389	1840082514	5000.0	0.001	6.75325e-05	0.186689	0.9408741851629674,0.058868146370725856,0.0002575884823035393,7.998400319936013e-08
393	1748018783	5000.0	0.001	6.75325e-05	0.014006	0.9833374525094981,0.016504299140171964,0.00015772845430913818,5.198960207958409e-07
390	3695433299	5000.0	0.001	6.75325e-05	-0.384858	0.9235017796440712,0.06064019196160768,0.015793081383723255,6.494701059788043e-05
404	388023939	5000.0	0.001	6.75325e-05	-0.014461	0.9861125774845031,0.012914217156568686,0.0009732053589282144
401	2511570553	5000.0	0.001	6.75325e-05	0.064083	0.9376108778244351,0.06225242951409718,0.00013669266146770645
403	291792508	5000.0	0.001	6.75325e-05	0.087346	0.9638575884823035,0.035814477104579086,0.0003279344131173765
396	1767792237	5000.0	0.001	6.75325e-05	-0.067083	0.9550285942811437,0.04445910817836433,0.0005122575484903019,3.9992001599680065e-08
406	2947393155	5000.0	0.001	6.75325e-05	0.400282	0.9105506098780244,0.08892701459708058,0.0005223355328934213,3.9992001599680065e-08
397	3462043246	5000.0	0.001	6.75325e-05	-0.041962	0.9493402119576084,0.048745490901819635,0.001912257548490302,2.039592081583683e-06
400	2665883257	5000.0	0.001	6.75325e-05	-0.068848	0.9594386322735453,0.04051325734853029,4.8110377924415116e-05
402	3212381820	5000.0	0.001	6.75325e-05	-0.116485	0.9684371125774845,0.029439072185562888,0.0021234553089382125,3.5992801439712056e-07
398	3133216372	5000.0	0.001	6.75325e-05	-0.335853	0.9242475104979004,0.07563019396120776,0.00012229554089182164
394	3206710889	5000.0	0.001	6.75325e-05	0.711749	0.8892886222755448,0.1101132573485303,0.0005980403919216157,7.998400319936013e-08
395	1950500457	5000.0	0.001	6.75325e-05	0.374375	0.9542604679064187,0.04557040591881624,0.000169126174765047
405	1425694339	5000.0	0.001	6.75325e-05	-1.001229	0.9138529894021196,0.04460439912017596,0.040991481703659266,0.0005506098780243951,5.198960207958409e-07
399	26545784	5000.0	0.001	6.75325e-05	-0.147798	0.9604081183763248,0.039297100579884024,0.0002947810437912418
408	105586314	5000.0	0.001	6.75325e-05	-0.219131	0.956125574885023,0.04339088182363527,0.0004834633073385323,7.998400319936013e-08
407	1067353734	5000.0	0.001	6.75325e-05	-0.044142	0.9795298140371925,0.020441071785642872,2.9114177164567087e-05
409	3606812305	5000.0	0.001	6.75325e-05	-0.183015	0.8671661267746451,0.13196900619876026,0.0008647870425914817,7.998400319936013e-08
410	637400721	5000.0	0.001	6.75325e-05	-0.047833	0.9341680863827234,0.0635125374925015,0.0023191761647670464,1.9996000799840033e-07
411	342632083	5000.0	0.001	6.75325e-05	0.994329	0.8950183163367327,0.10424815036992602,0.0007334533093381324,7.998400319936013e-08
418	3596134046	5000.0	0.001	6.75325e-05	-0.367213	0.9159530893821236,0.08177060587882423,0.002273665266946611,2.639472105578884e-06
423	2974236341	5000.0	0.001	6.75325e-05	-0.047036	0.9744475104979005,0.02548370325934813,6.878624275144971e-05
419	380585637	5000.0	0.001	6.75325e-05	0.034390	0.964983523295341,0.03495164967006599,6.482703459308138e-05
416	1725005469	5000.0	0.001	6.75325e-05	-0.154733	0.8676668266346731,0.12981271745650869,0.0025198560287942413,5.99880023995201e-07
413	2786426520	5000.0	0.001	6.75325e-05	0.051764	0.9772059588082384,0.022560767846430713,0.0002332733453309338
412	916033170	5000.0	0.001	6.75325e-05	-0.677063	0.5519854829034193,0.44016980603879224,0.007843271345730854,1.4397120575884822e-06
425	961992378	5000.0	0.001	6.75325e-05	0.989883	0.8697474905018996,0.12370801839632073,0.006540571885622876,3.919216156768646e-06
422	1475397298	5000.0	0.001	6.75325e-05	0.054416	0.9836548690261948,0.016073065386922616,0.0002720655868826235
421	3994248881	5000.0	0.001	6.75325e-05	0.817633	0.8794054389122176,0.11594145170965807,0.004647430513897221,5.678864227154569e-06
417	489066142	5000.0	0.001	6.75325e-05	-0.226252	0.9608784643071385,0.038977764447110576,0.00014377124575084982
414	739411609	5000.0	0.001	6.75325e-05	0.050577	0.9578439912017597,0.041235432913417316,0.0009198960207958409,6.798640271945611e-07
424	235640501	5000.0	0.001	6.75325e-05	0.015988	0.9501204959008198,0.0491622875424915,0.0007171765646870626,3.9992001599680065e-08
426	2444037823	5000.0	0.001	6.75325e-05	0.558848	0.8849724455108978,0.11258464307138573,0.0024363527294541092,6.55868826234753e-06
420	3143845546	5000.0	0.001	6.75325e-05	0.076036	0.964697900419916,0.03516400719856029,0.00013809238152369526
427	142859977	5000.0	0.001	6.75325e-05	-0.119223	0.9664739452109579,0.03344039192161568,8.56628674265147e-05
415	1715377818	5000.0	0.001	6.75325e-05	0.015007	0.8510347930413917,0.14657764447110577,0.0023875224955009,3.9992001599680065e-08
428	2944773835	5000.0	0.001	6.75325e-05	0.041886	0.9376984203159369,0.05532341531693661,0.00646502699460108,0.0005131373725254949
436	1444605687	5000.0	0.001	6.75325e-05	0.011952	0.9299836832633473,0.06955632873425314,0.0004599880023995201
440	2887804682	5000.0	0.001	6.75325e-05	0.030618	0.9665136972605479,0.028362807438512296,0.005122415516896621,1.0797840431913617e-06
432	2022624982	5000.0	0.001	6.75325e-05	-0.008126	0.9573165766846631,0.042475504899020196,0.00020791841631673664
429	2438819537	5000.0	0.001	6.75325e-05	-0.148778	0.9750996200759848,0.024781923615276945,0.00011845630873825235
433	700710616	5000.0	0.001	6.75325e-05	-1.421945	0.6056883823235353,0.3633109778044391,0.030971805638872224,2.8834233153369324e-05
441	2833731346	5000.0	0.001	6.75325e-05	0.381642	0.9076829034193161,0.0854001199760048,0.006661747650469906,0.00025522895420915817
434	1949742828	5000.0	0.001	6.75325e-05	0.150106	0.8611441311737652,0.13840487902419515,0.00045062987402519496,3.5992801439712056e-07
435	273465071	5000.0	0.001	6.75325e-05	2.910964	0.5783469306138772,0.4119634073185363,0.00960251949610078,8.714257148570286e-05
443	2848669467	5000.0	0.001	6.75325e-05	0.057001	0.9744057588482303,0.025501979604079184,9.22615476904619e-05
437	2075004668	5000.0	0.001	6.75325e-05	-0.143404	0.9116774645070986,0.08804415116976605,0.0002783843231353729
439	2401947388	5000.0	0.001	6.75325e-05	0.384181	0.9023402519496101,0.09452141571685663,0.0031375724855028995,7.598480303939212e-07
430	2352512722	5000.0	0.001	6.75325e-05	-0.179120	0.936551649670066,0.0548747050589882,0.00856132773445311,1.231753649270146e-05
442	2964948760	5000.0	0.001	6.75325e-05	0.428037	0.8709990801839632,0.12821895620875826,0.0007818436312737452,1.199760047990402e-07
438	2376980221	5000.0	0.001	6.75325e-05	-0.235965	0.9602790641871626,0.039344331133773246,0.0003666866626674665,9.918016396720655e-06
431	2405420757	5000.0	0.001	6.75325e-05	0.570233	0.9267056188762247,0.07296096780643871,0.0003334133173365327
446	3426969388	5000.0	0.001	6.75325e-05	0.137254	0.9486777044591082,0.02986894621075785,0.017906498700259947,0.0035456908618276346,1.159768046390722e-06
444	1424187167	5000.0	0.001	6.75325e-05	-0.231061	0.9381448110377925,0.06168258348330334,0.00017260547890421917
445	1878327072	5000.0	0.001	6.75325e-05	-0.454884	0.8819318136372726,0.1178379124175165,0.0002302739452109578
448	4053796654	5000.0	0.001	6.75325e-05	0.106379	0.882871825634873,0.11562999400119976,0.001497740451909618,4.399120175964807e-07
447	2869770028	5000.0	0.001	6.75325e-05	0.036280	0.9761892821435713,0.023672905418916215,0.0001378124375124975
449	1139674930	5000.0	0.001	6.75325e-05	0.127098	0.9819675664867027,0.013645590881823636,0.0043837632473505295,3.079384123175365e-06
450	2763296567	5000.0	0.001	6.75325e-05	-0.016124	0.9373208158368327,0.062378364327134575,0.0003008198360327934
451	1794963257	5000.0	0.001	6.75325e-05	-0.081286	0.9643453709258148,0.03544643071385723,0.00020819836032793442
453	3287363392	5000.0	0.001	6.75325e-05	-1.111222	0.7769798440311938,0.21565914817036594,0.007347570485902819,1.34373125374925e-05
452	3045222206	5000.0	0.001	6.75325e-05	0.147621	0.9357873625274945,0.06365978804239152,0.0005526894621075785,1.5996800639872026e-07
456	960673626	5000.0	0.001	6.75325e-05	-0.036969	0.9827429314137173,0.017223955208958208,3.3113377324535094e-05
454	4100650822	5000.0	0.001	6.75325e-05	0.143155	0.8149119776044791,0.18307154569086181,0.002016116776644671,3.5992801439712056e-07
455	771516249	5000.0	0.001	6.75325e-05	0.260910	0.8383248150369926,0.16050669866026795,0.001136132773445311,3.235352929414117e-05
462	222089070	5000.0	0.001	6.75325e-05	0.136174	0.9719451309738052,0.02486642671465707,0.003187242551489702,1.199760047990402e-06
459	2885586784	5000.0	0.001	6.75325e-05	-0.229413	0.9414459508098381,0.05835316936612678,0.00020087982403519297
458	609257309	5000.0	0.001	6.75325e-05	-0.043363	0.959952049590082,0.03926402719456109,0.0007532493501299741,3.0673865226954606e-05
457	2577528665	5000.0	0.001	6.75325e-05	0.205716	0.7820640671865627,0.2098990601879624,0.008033713257348531,3.1593681263747252e-06
461	2258136941	5000.0	0.001	6.75325e-05	0.179706	0.9418108778244351,0.05783883223355329,0.0003502899420115977
460	3801861992	5000.0	0.001	6.75325e-05	-0.187192	0.7168247550489902,0.26304659068186365,0.020109378124375125,1.927614477104579e-05
464	1494722420	5000.0	0.001	6.75325e-05	-0.258924	0.9280188762247551,0.07156896620675865,0.00041115776844631076,9.998000399920016e-07
466	438179706	5000.0	0.001	6.75325e-05	-0.107581	0.9360339132173565,0.06375708858228354,0.000208998200359928
465	1056817012	5000.0	0.001	6.75325e-05	-0.017685	0.9828675064987002,0.017026434713057387,0.00010605878824235152
463	3807633267	5000.0	0.001	6.75325e-05	0.405968	0.8883799240151969,0.1086137572485503,0.0027910417916416717,0.00021527694461107778
469	1405181826	5000.0	0.001	6.75325e-05	0.103257	0.9480626274745051,0.05170929814037192,0.0002280743851229754
468	495005567	5000.0	0.001	6.75325e-05	0.089431	0.8607165766846631,0.1365145370925815,0.0027608478304339133,8.038392321535693e-06
470	4286846850	5000.0	0.001	6.75325e-05	-0.750911	0.9024034393121376,0.0760881823635273,0.021474265146970605,3.4113177364527094e-05
467	3228653439	5000.0	0.001	6.75325e-05	0.226077	0.9570393121375725,0.04264119176164767,0.00031949610077984406
471	2285883279	5000.0	0.001	6.75325e-05	-1.011589	0.8809463307338532,0.11778060387922415,0.0011557688462307538,0.00011729654069186163
472	2040870800	5000.0	0.001	6.75325e-05	-0.014972	0.9667062187562487,0.03207342531493701,0.0012197160567886422,6.39872025594881e-07
473	3586953106	5000.0	0.001	6.75325e-05	-0.077203	0.9574645870825835,0.04212321535692862,0.0004121975604879024
474	2777493410	5000.0	0.001	6.75325e-05	0.529774	0.9355340931813637,0.0639762447510498,0.0004896620675864827
475	4069257123	5000.0	0.001	6.75325e-05	-0.458047	0.9073838832233553,0.09031073785242952,0.0023025794841031793,2.7994401119776045e-06
477	707391405	5000.0	0.001	6.75325e-05	-0.057325	0.9605131773645271,0.03823103379324135,0.0012540691861627675,1.7196560687862428e-06
476	293609385	5000.0	0.001	6.75325e-05	-0.086294	0.9754721055788842,0.024390561887622477,0.00013733253349330134
478	3358629813	5000.0	0.001	6.75325e-05	0.240343	0.9302484703059388,0.0657371325734853,0.004006918616276745,7.478504299140172e-06
479	1018636213	5000.0	0.001	6.75325e-05	0.192982	0.9172000799840032,0.08259236152769446,0.00020755848830233953
486	1435135953	5000.0	0.001	6.75325e-05	0.329547	0.917487902419516,0.08142863427314537,0.0010834633073385322
483	1015535561	5000.0	0.001	6.75325e-05	-0.122199	0.9238668666266746,0.07461895620875825,0.001514137172565487,3.9992001599680065e-08
487	3978239953	5000.0	0.001	6.75325e-05	-0.170871	0.857801799640072,0.08968214357128575,0.04912145570885823,0.0033944811037792443,1.199760047990402e-07
482	3615676353	5000.0	0.001	6.75325e-05	-0.226126	0.9664645070985803,0.032613197360527896,0.0009178564287142571,4.439112177564487e-06
480	2233778106	5000.0	0.001	6.75325e-05	-0.912792	0.8366852629474105,0.1621246150769846,0.0011900819836032793,3.9992001599680065e-08
488	1783664598	5000.0	0.001	6.75325e-05	-0.073712	0.9486661867626475,0.04803527294541092,0.0032946610677864426,3.879224155168966e-06
481	3063033789	5000.0	0.001	6.75325e-05	-0.757605	0.8415224555088983,0.15469802039592082,0.0037794441111777643,7.998400319936013e-08
491	3462498270	5000.0	0.001	6.75325e-05	0.023625	0.8811036592681464,0.11683155368926215,0.002064587082583483,1.9996000799840033e-07
484	942589903	5000.0	0.001	6.75325e-05	-0.405853	0.8956388322335533,0.0950617076584683,0.009192841431713658,0.00010661867626474706
485	3650965456	5000.0	0.001	6.75325e-05	-0.067829	0.9547120975804839,0.04396632673465307,0.0013212957408518296,2.7994401119776043e-07
490	4031557597	5000.0	0.001	6.75325e-05	-0.253211	0.9251714057188563,0.07367014597080584,0.001158368326334733,7.998400319936013e-08
493	3212625898	5000.0	0.001	6.75325e-05	-0.164059	0.8844227554489102,0.1136747050589882,0.0019022195560887821,3.199360127974405e-07
495	1492074480	5000.0	0.001	6.75325e-05	0.196501	0.9686617876424715,0.030609118176364726,0.0007285742851429714,5.198960207958409e-07
494	3915984878	5000.0	0.001	6.75325e-05	0.203871	0.9715291741651669,0.028009638072385525,0.0004567886422715457,4.399120175964807e-06
492	2232309735	5000.0	0.001	6.75325e-05	0.857269	0.7361310537892422,0.2625342531493701,0.0013342131573685263,4.799040191961608e-07
489	1094338520	5000.0	0.001	6.75325e-05	2.046204	0.5533953609278144,0.44143251349730056,0.005163207358528294,8.918216356728655e-06
498	4193153019	5000.0	0.001	6.75325e-05	-0.021150	0.9850331933613278,0.01492125574885023,4.555088982203559e-05
496	871055348	5000.0	0.001	6.75325e-05	-0.225123	0.9426372725454909,0.056613277344531095,0.000749370125974805,7.998400319936013e-08
499	2723846140	5000.0	0.001	6.75325e-05	-0.064319	0.9513025794841031,0.047260307938412315,0.00143623275344931,8.798240351929614e-07
497	3668791288	5000.0	0.001	6.75325e-05	0.032136	0.953737052589482,0.045958048390321936,0.0003048990201959608
