sim_id	seed	popsize	selcoef	mutrate	velocity	profile
17	1423274040	5000.0	0.001	0.000147	0.034756	0.9566742651469706,0.042397880423915214,0.0009072585482903419,2.059588082383523e-05
12	1671510060	5000.0	0.001	0.000147	-0.077200	0.8396874225154969,0.14532237552489502,0.01489390121975605,9.63007398520296e-05
2	2650814467	5000.0	0.001	0.000147	-0.070379	0.8500594681063788,0.13983535292941413,0.009953009398120376,0.00015192961407718456,2.399520095980804e-07
5	2164156430	5000.0	0.001	0.000147	-0.471709	0.642411797640472,0.32844319136172767,0.027557408518296342,0.001356368726254749,0.00023111377724455108,1.199760047990402e-07
10	2085713950	5000.0	0.001	0.000147	0.224055	0.8650884223155368,0.12436796640671866,0.01048878224355129,5.482903419316137e-05
6	3744725007	5000.0	0.001	0.000147	0.303848	0.8580104379124175,0.13661607678464308,0.005324455108978205,4.903019396120776e-05
0	2520412160	5000.0	0.001	0.000147	-0.288787	0.8656639072185562,0.10003399320135972,0.033031113777244554,0.0012692261547690461,1.7596480703859228e-06
8	4152160285	5000.0	0.001	0.000147	-0.060651	0.9386642271545691,0.060005398920215954,0.0013279744051189761,2.399520095980804e-06
13	438976557	5000.0	0.001	0.000147	0.037173	0.9141952809438112,0.07985806838632274,0.005597280543891222,0.000349370125974805
3	2042454025	5000.0	0.001	0.000147	0.319302	0.8457778444311138,0.1442151569686063,0.009973285342931414,3.3633273345330936e-05,7.998400319936013e-08
1	2252034050	5000.0	0.001	0.000147	0.620559	0.7972093581283743,0.1894483903219356,0.01321379724055189,0.00012845430913817238
9	620765214	5000.0	0.001	0.000147	-0.144582	0.8943164567086582,0.10187106578684263,0.0037330133973205357,7.894421115776844e-05,5.198960207958409e-07
7	3063402517	5000.0	0.001	0.000147	-0.064558	0.85844875024995,0.1312006398720256,0.009315456908618276,0.0010312737452509498,3.879224155168966e-06
14	2809794606	5000.0	0.001	0.000147	-0.248675	0.855850349930014,0.13839400119976006,0.0055722455508898225,0.00018340331933613277
11	938135595	5000.0	0.001	0.000147	0.096497	0.8294496700659868,0.16623995200959807,0.0042953409318136375,1.5036992601479703e-05
16	3343835191	5000.0	0.001	0.000147	0.455388	0.5095321335732853,0.44966718656268745,0.039775444911017796,0.001021635672865427,3.599280143971206e-06
18	3521835065	5000.0	0.001	0.000147	-0.631681	0.7723977204559088,0.19935984803039392,0.027374445110977804,0.0008671465706858628,8.398320335932813e-07
4	962672651	5000.0	0.001	0.000147	0.185845	0.7789293741251749,0.2158376724655069,0.005219196160767847,1.3757248550289942e-05
15	2876284976	5000.0	0.001	0.000147	0.273934	0.7344549890021995,0.24943327334533094,0.01470369926014797,0.0014069586082783444,1.0797840431913617e-06
19	856430647	5000.0	0.001	0.000147	-0.345658	0.871477224555089,0.1250127174565087,0.003506778644271146,3.279344131173765e-06
20	533399611	5000.0	0.001	0.000147	-0.040771	0.874150049990002,0.1226506298740252,0.0031261347730453908,7.30253949210158e-05,1.5996800639872026e-07
22	2126491712	5000.0	0.001	0.000147	0.054655	0.9539288942211558,0.04337800439912018,0.0026828234353129376,1.0277944411117777e-05
33	3660955768	5000.0	0.001	0.000147	-0.096366	0.8812626274745051,0.10997276544691062,0.008729534093181364,3.507298540291942e-05
27	100347990	5000.0	0.001	0.000147	-0.045834	0.8356600279944011,0.15564691061787642,0.008680463907218557,1.259748050389922e-05
23	1393004608	5000.0	0.001	0.000147	0.020081	0.895056348730254,0.09402819436112778,0.010445630873825235,0.0004682263547290542,1.5996800639872026e-06
32	2363684978	5000.0	0.001	0.000147	-0.138645	0.8515134573085383,0.11486746650669866,0.02702987402519496,0.006460787842431513,0.00012785442911417716,5.598880223955209e-07
25	1991143500	5000.0	0.001	0.000147	-0.241479	0.816577524495101,0.17735784843031394,0.006033433313337332,3.119376124775045e-05
24	1511137351	5000.0	0.001	0.000147	-0.053145	0.9169660867826435,0.07955124975004998,0.003362127574485103,0.00012053589282143572
28	2630408280	5000.0	0.001	0.000147	-0.218584	0.8933932813437313,0.10284507098580284,0.0036842231553689264,7.742451509698061e-05
21	1896013884	5000.0	0.001	0.000147	1.026696	0.6144100779844032,0.3348746650669866,0.04976336732653469,0.0009496500699860028,2.2395520895820834e-06
31	1270413415	5000.0	0.001	0.000147	-0.082777	0.8820616676664667,0.11086670665866827,0.007025594881023795,4.6030793841231755e-05
26	951750738	5000.0	0.001	0.000147	-0.242020	0.7685616076784643,0.22455108978204358,0.0067400919816036796,0.0001472105578884223
38	3643914369	5000.0	0.001	0.000147	0.169803	0.8014094781043791,0.1890869026194761,0.0067900819836032794,0.0019288942211557688,0.000784243151369726,3.9992001599680065e-07
35	187267196	5000.0	0.001	0.000147	0.104797	0.8714218356328735,0.12386798640271945,0.004555768846230754,0.00015440911817636474
30	3887921253	5000.0	0.001	0.000147	-0.200340	0.8163984403119376,0.16325562887422515,0.016216476704659068,0.004110577884423115,1.887622475504899e-05
36	2405197951	5000.0	0.001	0.000147	0.158926	0.8808077184563088,0.0970127574485103,0.02149366126774645,0.0006856628674265147,1.9996000799840033e-07
29	1338998878	5000.0	0.001	0.000147	0.406931	0.7926715056988602,0.19857916416716656,0.008720495900819835,2.8834233153369324e-05
34	848824444	5000.0	0.001	0.000147	0.239826	0.8916895820835833,0.08426926614677065,0.023750809838032395,0.0002887022595480904,1.6396720655868826e-06
37	457562241	5000.0	0.001	0.000147	0.163684	0.8441626074785042,0.14264327134573085,0.013159608078384323,3.45130973805239e-05
39	472699011	5000.0	0.001	0.000147	0.083862	0.8587209758048391,0.13681595680863828,0.004461067786442711,1.999600079984003e-06
40	1536430214	5000.0	0.001	0.000147	0.354019	0.8813100979804039,0.1177369726054789,0.0009474505098980204,5.478904219156169e-06
41	1903716490	5000.0	0.001	0.000147	0.242197	0.7687968806238752,0.21594029194161168,0.01355760847830434,0.0017020995800839831,3.119376124775045e-06
44	3564695707	5000.0	0.001	0.000147	0.574340	0.9073762847430514,0.04932937412517496,0.04312769446110778,0.0001660867826434713,5.598880223955209e-07
43	4262899856	5000.0	0.001	0.000147	0.118385	0.8629748850229954,0.13457192561487702,0.0023336532693461307,0.00011953609278144372
42	1110728844	5000.0	0.001	0.000147	0.122520	0.8625592481503699,0.1261115376924615,0.011284543091381724,4.4671065786842634e-05
53	1201668270	5000.0	0.001	0.000147	0.165500	0.8837322935412918,0.11338444311137773,0.0028550689862027593,2.8194361127774445e-05
48	400812196	5000.0	0.001	0.000147	0.082075	0.922042951409718,0.07579116176764647,0.002165606878624275,2.7994401119776043e-07
50	3908262059	5000.0	0.001	0.000147	-0.402908	0.7968438312337532,0.1757012197560488,0.0197752849430114,0.007529694061187762,5.550889822035593e-05,9.402119576084783e-05,4.399120175964807e-07
49	3525214374	5000.0	0.001	0.000147	0.906882	0.7819272545490902,0.19739668066386723,0.020453349330133975,0.0002138372325534893,8.878224355128975e-06
51	1466892460	5000.0	0.001	0.000147	0.026318	0.8560567086582683,0.1391359328134373,0.00466994601079784,0.0001374125174965007
45	2502443167	5000.0	0.001	0.000147	-0.032471	0.9387332133573285,0.060414397120575884,0.0008476704659068187,4.719056188762248e-06
57	1054699696	5000.0	0.001	0.000147	-0.109994	0.9135352929414117,0.07688010397920415,0.009350529894021195,0.00023399320135972807,7.998400319936013e-08
55	479578288	5000.0	0.001	0.000147	0.108297	0.9373360527894421,0.06128474305138972,0.0013738052389522097,5.398920215956809e-06
54	1296015535	5000.0	0.001	0.000147	-0.043274	0.8474232353529294,0.14069814037192563,0.011215556888622276,0.0006626674665066986,3.9992001599680065e-07
46	3048847520	5000.0	0.001	0.000147	-0.240912	0.700284823035393,0.286101699660068,0.012996600679864027,0.000616876624675065
47	3474417827	5000.0	0.001	0.000147	0.076560	0.3342872625474905,0.5925147370525895,0.07020171965606879,0.002984003199360128,1.2277544491101779e-05
52	2683310253	5000.0	0.001	0.000147	0.111024	0.8405269346130774,0.1489999200159968,0.010368926214757048,0.00010421915616876625
58	757633209	5000.0	0.001	0.000147	0.031237	0.9156177164567086,0.08004259148170366,0.004285862827434513,5.3829234153169363e-05
56	3432466609	5000.0	0.001	0.000147	-0.184111	0.7970035592881424,0.16660223955208958,0.03492837432513497,0.0014641071785642871,1.7196560687862428e-06
59	1412247740	5000.0	0.001	0.000147	0.161967	0.791651349730054,0.18827334533093382,0.019803559288142373,0.00027158568286342734,1.5996800639872026e-07
60	2615609538	5000.0	0.001	0.000147	-0.001517	0.846135972805439,0.1325600879824035,0.01993881223755249,0.0005259348130373925,0.0008135572885422915,2.5634873025394922e-05
61	305602755	5000.0	0.001	0.000147	0.113801	0.9362019196160768,0.0615620075984803,0.002218276344731054,1.779644071185763e-05
64	1199093959	5000.0	0.001	0.000147	0.084210	0.7869026194761047,0.1803525294941012,0.03256968606278744,0.0001751649670065987
62	3558707398	5000.0	0.001	0.000147	-0.248581	0.8938693461307738,0.10272209558088383,0.0034076784643071387,8.798240351929614e-07
63	3713665223	5000.0	0.001	0.000147	0.072303	0.9607849630073986,0.03901167766446711,0.00020335932813437312
66	1520369866	5000.0	0.001	0.000147	-0.532853	0.6326345930813837,0.3315525694861028,0.03548102379524095,0.00033177364527094583,3.9992001599680065e-08
67	3449342155	5000.0	0.001	0.000147	0.204862	0.8947110977804439,0.09494281143771245,0.010112137572485504,0.00023263347330533893,1.319736052789442e-06
65	4036350150	5000.0	0.001	0.000147	-0.250074	0.9084201959608078,0.08694693061387722,0.00462995400919816,2.9194161167766445e-06
69	948469970	5000.0	0.001	0.000147	-0.233604	0.688697700459908,0.297027474505099,0.014242911417716457,3.191361727654469e-05
71	2951745753	5000.0	0.001	0.000147	-0.116984	0.9158094781043791,0.06499444111177764,0.019107858428314337,8.822235552889422e-05
73	764027106	5000.0	0.001	0.000147	-0.024832	0.8340512297540492,0.13354529094181164,0.027881503699260148,0.00451621675664867,5.758848230353929e-06
77	1398739184	5000.0	0.001	0.000147	0.087489	0.8971669266146771,0.09799772045590882,0.004792081583683263,4.327134573085383e-05
74	2432186594	5000.0	0.001	0.000147	0.662779	0.742671825634873,0.24142667466506698,0.01307250549890022,0.0024583483303339333,0.00037064587082583485
72	2373984478	5000.0	0.001	0.000147	-0.355820	0.8479527294541092,0.1307258948210358,0.021135852829434112,0.00018544291141771646,7.998400319936013e-08
70	2318760146	5000.0	0.001	0.000147	0.482709	0.7437406118776245,0.24104611077784444,0.014806918616276745,0.00040607878424315136,2.7994401119776043e-07
68	42383569	5000.0	0.001	0.000147	-0.092645	0.7903218956208758,0.14094573085382922,0.01703131373725255,0.05121747650469906,0.00048338332333533294,1.9996000799840033e-07
75	1702303980	5000.0	0.001	0.000147	-0.200234	0.8827093781243751,0.11084479104179164,0.006042071585682864,0.0004015596880623875,2.1995600879824035e-06
76	1297572078	5000.0	0.001	0.000147	-0.194646	0.7580604679064187,0.1926904219156169,0.04869714057188562,0.0005518896220755849,7.998400319936013e-08
78	3096783089	5000.0	0.001	0.000147	0.162432	0.8484757448510298,0.14765546890621875,0.0037358128374325133,0.00013293341331733653,3.9992001599680065e-08
79	245000432	5000.0	0.001	0.000147	0.073090	0.8735036992601479,0.11767326534693061,0.008553049390121976,0.0002698260347930414,1.5996800639872026e-07
83	4100786431	5000.0	0.001	0.000147	-0.532392	0.8421851229754049,0.12490093981203759,0.03269278144371126,0.00022115576884623075
81	3862466806	5000.0	0.001	0.000147	0.073024	0.7843919216156768,0.18455404919016197,0.019616676664667067,0.011412237552489502,2.511497700459908e-05
80	995477749	5000.0	0.001	0.000147	-0.006975	0.912784123175365,0.07987722455508899,0.007196080783843231,0.00014257148570285942
82	356174069	5000.0	0.001	0.000147	0.372103	0.8147958408318337,0.17981583683263347,0.0052194361127774445,0.00016888622275544892
84	3153135873	5000.0	0.001	0.000147	-0.299412	0.8809583683263348,0.11662315536892622,0.002417036592681464,1.4397120575884822e-06
85	212060427	5000.0	0.001	0.000147	-0.191313	0.7759553689262148,0.21506022795440913,0.008899940011997601,8.442311537692461e-05,3.9992001599680065e-08
89	752464164	5000.0	0.001	0.000147	0.447743	0.8940071585682864,0.09075144971005798,0.013114537092581483,0.0021121775644871027,1.4677064587082583e-05
86	2051897623	5000.0	0.001	0.000147	-0.283097	0.8554786642671466,0.1398130773845231,0.004699300139972005,8.958208358328334e-06
87	4170299679	5000.0	0.001	0.000147	-0.399390	0.7062243951209758,0.274645350929814,0.010188402319536093,0.008795360927814437,0.00014513097380523896,1.3597280543891223e-06
91	2320609592	5000.0	0.001	0.000147	0.062190	0.9084817036592682,0.08616740651869625,0.0052525894821035795,9.83003399320136e-05
88	2350479650	5000.0	0.001	0.000147	0.123643	0.9296337932413518,0.065024075184963,0.005328174365126974,1.3917216556688662e-05,3.9992001599680065e-08
90	1945942322	5000.0	0.001	0.000147	0.145317	0.8527288942211557,0.14011781643671264,0.007078184363127375,7.510497900419917e-05
93	2676617537	5000.0	0.001	0.000147	-0.237354	0.8271878024395121,0.1663758048390322,0.006412077584483104,2.431513697260548e-05
92	3503632698	5000.0	0.001	0.000147	0.158597	0.8070215156968606,0.1474855828834233,0.041733493301339734,0.003753609278144371,5.798840231953609e-06
94	3737915718	5000.0	0.001	0.000147	0.156408	0.861177124575085,0.13395772845430914,0.004748490301939612,0.00011665666866626674
97	674152786	5000.0	0.001	0.000147	0.182383	0.860125174965007,0.12309130173965208,0.01645262947410518,0.0003288142371525695,2.0795840831833635e-06
98	421388634	5000.0	0.001	0.000147	0.076414	0.8246736652669466,0.16915604879024196,0.006153609278144371,1.6676664667066585e-05
95	3540586823	5000.0	0.001	0.000147	-0.052182	0.9101881623675265,0.07069726054789043,0.01906646670665867,4.8110377924415116e-05
96	1089982800	5000.0	0.001	0.000147	-0.081797	0.9262571885622876,0.06681419716056788,0.006893861227754449,3.4753049390121974e-05
99	2743558496	5000.0	0.001	0.000147	-0.239794	0.8538403919216156,0.13734033193361328,0.007457868426314737,0.0013612877424515096,1.199760047990402e-07
100	1655112033	5000.0	0.001	0.000147	0.287700	0.7076753049390122,0.25812157568486305,0.020529454109178166,0.01365746850629874,1.6196760647870427e-05
101	2810530148	5000.0	0.001	0.000147	0.448491	0.8137514897020596,0.17635856828634272,0.009857868426314738,3.207358528294341e-05
103	3434547570	5000.0	0.001	0.000147	0.133330	0.9085830833833234,0.08753237352529494,0.003846590681863627,3.795240951809638e-05
104	3279530355	5000.0	0.001	0.000147	0.058302	0.8973680863827235,0.08834169166166767,0.013680663867226555,0.0006093181363727255,2.399520095980804e-07
102	2620074341	5000.0	0.001	0.000147	0.111743	0.9255880023995201,0.06767098580283944,0.005566846630673865,0.0011689662067586482,5.198960207958408e-06
105	3885271417	5000.0	0.001	0.000147	0.235434	0.9168945410917816,0.08255940811837632,0.0005455708858228354,4.799040191961608e-07
108	3142242688	5000.0	0.001	0.000147	0.234727	0.8093681663667267,0.18229282143571285,0.008133933213357328,0.00020507898420315938
112	2713029002	5000.0	0.001	0.000147	-0.165440	0.8935655268946211,0.10395360927814437,0.0024356728654269144,4.519096180763847e-05
110	486304133	5000.0	0.001	0.000147	-0.071830	0.8637495300939813,0.12976536692661467,0.006465266946610678,1.983603279344131e-05
109	1883140483	5000.0	0.001	0.000147	0.121535	0.815080223955209,0.1737731653669266,0.011096180763847231,5.042991401719656e-05
115	3514659212	5000.0	0.001	0.000147	-0.145642	0.9063533293341332,0.09163467306538692,0.0019956008798240354,1.6396720655868826e-05
106	1321857402	5000.0	0.001	0.000147	-0.085080	0.9003009798040392,0.09816672665466906,0.0015305338932213558,1.7596480703859228e-06
116	3418997132	5000.0	0.001	0.000147	0.010502	0.8707294541091781,0.11789386122775444,0.011210757848430314,0.00016592681463707259
113	325056906	5000.0	0.001	0.000147	-0.230097	0.8817126174765046,0.11294337132573486,0.005176604679064187,0.00016740651869626074
114	3362883980	5000.0	0.001	0.000147	-0.231672	0.8860323935212957,0.10172429514097181,0.012201039792041592,4.227154569086183e-05
111	2505795975	5000.0	0.001	0.000147	0.137496	0.8806103579284144,0.1173239352129574,0.0020573085382923416,8.398320335932813e-06
107	858427775	5000.0	0.001	0.000147	-0.025222	0.8526342731453709,0.14123959208158368,0.006121455708858229,4.679064187162567e-06
117	3608181136	5000.0	0.001	0.000147	0.066599	0.7999747650469906,0.19096624675064988,0.008670425914817037,0.0003884823035392921,7.998400319936013e-08
118	656013713	5000.0	0.001	0.000147	0.008280	0.8082098780243951,0.18182819436112777,0.00969738052389522,0.00026090781843631275,3.639272145570886e-06
119	1814192529	5000.0	0.001	0.000147	-0.118150	0.9232423115376924,0.06613993201359727,0.010591881623675265,2.5874825034993e-05
120	2605810064	5000.0	0.001	0.000147	0.233841	0.8389511697660468,0.14835528894221156,0.012671905618876225,2.1635672865426915e-05
121	3076151704	5000.0	0.001	0.000147	0.010007	0.8537009398120375,0.1421133773245351,0.004185202959408119,4.799040191961608e-07
122	459465113	5000.0	0.001	0.000147	-0.035489	0.7732041191761647,0.18589494101179765,0.03698908218356329,0.003906698660267946,5.158968206358728e-06
124	1365440925	5000.0	0.001	0.000147	-0.073793	0.8897491301739652,0.10899792041591681,0.001251869626074785,1.0797840431913617e-06
123	715874714	5000.0	0.001	0.000147	0.156352	0.789220075984803,0.199822675464907,0.010925494901019796,3.1753649270145974e-05
125	3677278622	5000.0	0.001	0.000147	0.572941	0.732323975204959,0.22238400319936014,0.044943571285742855,0.0003360527894421116,1.239752049590082e-05
126	1660352944	5000.0	0.001	0.000147	-0.057602	0.8857109378124375,0.11245806838632273,0.0017782443511297741,5.2749450109978e-05
131	967909823	5000.0	0.001	0.000147	-0.106118	0.9118608678264347,0.08727686462707458,0.0008619476104779044,3.199360127974405e-07
132	3483865541	5000.0	0.001	0.000147	0.146575	0.9286685862827434,0.06998624275144971,0.0013208558288342331,2.431513697260548e-05
128	2998561209	5000.0	0.001	0.000147	-0.170689	0.8837503299340131,0.10538888222355529,0.010800399920015996,6.0387922415516896e-05
130	3992342974	5000.0	0.001	0.000147	-0.026044	0.9043757648470306,0.09270153969206159,0.002909098180363927,1.3597280543891222e-05
129	812552638	5000.0	0.001	0.000147	-0.162250	0.9332898620275945,0.06601911617676465,0.0006907818436312738,2.399520095980804e-07
136	3300878796	5000.0	0.001	0.000147	-0.196242	0.8945438912217556,0.09179904019196161,0.013540251949610078,0.00011681663667266546
139	2398724563	5000.0	0.001	0.000147	-0.219804	0.837746650669866,0.1584261947610478,0.003480903819236153,0.00034613077384523094,1.199760047990402e-07
127	1625618869	5000.0	0.001	0.000147	0.040420	0.8589400519896021,0.13910481903619276,0.0019538092381523697,1.319736052789442e-06
138	3899011538	5000.0	0.001	0.000147	0.147146	0.8679695660867827,0.12292785442911418,0.008996800639872026,0.00010377924415116976,1.999600079984003e-06
135	2156302795	5000.0	0.001	0.000147	0.107633	0.8176163967206559,0.15796832633473307,0.023691741651669665,0.0007219356128774245,1.5996800639872026e-06
134	2912707016	5000.0	0.001	0.000147	0.006617	0.835044151169766,0.13404051189762048,0.030731013797240553,0.00018380323935212958,5.198960207958409e-07
137	4206797262	5000.0	0.001	0.000147	-0.010403	0.8377568886222756,0.1557362927414517,0.0064742251549690065,3.259348130373925e-05
133	2133158342	5000.0	0.001	0.000147	-0.301755	0.8244359528094382,0.16858004399120177,0.006891701659668067,9.230153969206159e-05
140	950600149	5000.0	0.001	0.000147	-0.052749	0.9197795240951809,0.07005538892221555,0.010133253349330134,3.183363327334533e-05
142	2309413336	5000.0	0.001	0.000147	0.006169	0.934571725654869,0.06247382523495301,0.0022391921615676864,0.0007145770845830834,6.798640271945611e-07
141	3890661845	5000.0	0.001	0.000147	0.137797	0.8937328134373126,0.0951372925414917,0.011062067586482703,6.782643471305739e-05
143	3419439577	5000.0	0.001	0.000147	0.014945	0.9491190161967606,0.04959556088782244,0.0012848230353929215,5.99880023995201e-07
144	1606894043	5000.0	0.001	0.000147	-0.226133	0.8898381523695261,0.10856572685462908,0.001595880823835233,2.399520095980804e-07
145	3102222812	5000.0	0.001	0.000147	-0.002538	0.7408796640671865,0.22441771645670866,0.0340248350329934,0.0006775044991001799,2.7994401119776043e-07
147	3699622365	5000.0	0.001	0.000147	-0.042510	0.9286396320735852,0.068599400119976,0.002711857628474305,4.907018596280744e-05,3.9992001599680065e-08
148	3157170655	5000.0	0.001	0.000147	-0.136481	0.8650179564087183,0.13113517296540692,0.0038417116576684664,5.158968206358728e-06
146	1867735516	5000.0	0.001	0.000147	0.547508	0.7658454309138172,0.2118251549690062,0.02097768446310738,0.0013509298140371925,7.998400319936013e-07
150	2335957487	5000.0	0.001	0.000147	0.141242	0.9143121775644871,0.08376856628674265,0.0019148970205958807,4.359128174365127e-06
149	1977967071	5000.0	0.001	0.000147	0.428663	0.8642307138572286,0.12559424115176965,0.010032113577284544,0.00014293141371725656
151	4233427440	5000.0	0.001	0.000147	-0.030858	0.9077688062387522,0.08154933013397321,0.010332093581283744,0.00034817036592681464,1.5996800639872026e-06
158	97874438	5000.0	0.001	0.000147	-0.019352	0.8519854429114178,0.13430841831633672,0.013634633073385322,7.150569886022795e-05
152	3271221749	5000.0	0.001	0.000147	-0.214902	0.8965855628874225,0.09519412117576485,0.008014357128574285,0.00020595880823835234
155	3327162882	5000.0	0.001	0.000147	-0.172964	0.9007666066786643,0.09410269946010798,0.00508994201159768,4.075184963007399e-05
154	2055963134	5000.0	0.001	0.000147	-0.766424	0.6923656468706259,0.27809358128374323,0.029009238152369526,0.0005288142371525695,2.7194561087782445e-06
153	2968410616	5000.0	0.001	0.000147	0.358772	0.7357697660467907,0.24621087782443513,0.01744627074585083,0.000572885422915417,1.9996000799840033e-07
156	3101735427	5000.0	0.001	0.000147	-0.187801	0.885752049590082,0.10554145170965806,0.008692141571685663,1.3837232553489301e-05,5.198960207958409e-07
159	35742221	5000.0	0.001	0.000147	-0.000474	0.9068824235152969,0.08615712857428515,0.006870345930813837,9.010197960407918e-05
157	1525295618	5000.0	0.001	0.000147	0.001840	0.8634980203959208,0.13295320935812838,0.003535372925414917,1.3397320535892822e-05
160	119067151	5000.0	0.001	0.000147	0.055475	0.9428491901619676,0.05227262547490502,0.004690381923615277,0.00018764247150569887,1.5996800639872026e-07
162	2782157337	5000.0	0.001	0.000147	0.154871	0.9228024395120976,0.0755254949010198,0.0016633473305338931,8.718256348730255e-06
161	3185345040	5000.0	0.001	0.000147	0.569976	0.8044115176964607,0.18984427114577085,0.005713417316536693,3.079384123175365e-05
163	4245279258	5000.0	0.001	0.000147	-0.213747	0.7550309538092381,0.23401871625674864,0.010852789442111578,9.690061987602479e-05,6.39872025594881e-07
164	3054397978	5000.0	0.001	0.000147	0.125994	0.7720735452909419,0.22324235152969407,0.004647790441911617,3.63127374525095e-05
165	2821161500	5000.0	0.001	0.000147	-0.158568	0.9124712657468507,0.08684019196160768,0.0006884223155368926,1.199760047990402e-07
166	291404323	5000.0	0.001	0.000147	0.167413	0.9344867026594681,0.06462075584883023,0.0008903019396120776,2.2395520895820834e-06
170	2225390142	5000.0	0.001	0.000147	-0.175068	0.8890551889622076,0.10879228154369126,0.0021442111577684463,8.318336332733454e-06
167	1757323811	5000.0	0.001	0.000147	-0.107903	0.9305620475904819,0.06586434713057389,0.0034777844431113777,9.582083583283343e-05
171	1766701634	5000.0	0.001	0.000147	0.178806	0.8511047790441911,0.10320487902419516,0.043721975604879025,0.001961127774445111,7.238552289542091e-06
169	2499570225	5000.0	0.001	0.000147	-0.018510	0.9117376524695061,0.08660999800039992,0.0016514697060587883,8.798240351929614e-07
172	2907779651	5000.0	0.001	0.000147	-0.005489	0.8782227154569087,0.11385914817036592,0.007900339932013598,1.779644071185763e-05
173	3049816646	5000.0	0.001	0.000147	0.146563	0.8204398320335933,0.15875456908618277,0.020578004399120175,0.00022759448110377925
168	2692704815	5000.0	0.001	0.000147	-0.068488	0.7758747450509899,0.17848102379524095,0.044191881623675267,0.00143375324935013,1.859628074385123e-05
174	2398550613	5000.0	0.001	0.000147	0.300673	0.810449350129974,0.18058784243151368,0.00856744651069786,0.00039528094381123774,7.998400319936013e-08
177	1214198374	5000.0	0.001	0.000147	-0.707869	0.7418209158168366,0.22524455108978203,0.03236892621475705,0.0005654869026194762,1.199760047990402e-07
178	1588357759	5000.0	0.001	0.000147	0.300417	0.9204790641871625,0.07095272945410917,0.00851133773245351,5.6868626274745054e-05
175	2228677209	5000.0	0.001	0.000147	0.102378	0.9042269146170766,0.09069002199560088,0.005072945410917817,1.0117976404719055e-05
179	4004457088	5000.0	0.001	0.000147	-0.007842	0.8221735652869426,0.16939744051189762,0.008399520095980804,2.9474105178964208e-05
176	3094887001	5000.0	0.001	0.000147	0.090555	0.9474148370325934,0.047995800839832035,0.004582643471305739,6.71865626874625e-06
180	1001243270	5000.0	0.001	0.000147	-0.010254	0.8772249150169966,0.11556960607878425,0.007184843031393722,2.063587282543491e-05
184	2493837981	5000.0	0.001	0.000147	-0.061059	0.925515576884623,0.0734013197360528,0.001082743451309738,3.5992801439712056e-07
182	3983739547	5000.0	0.001	0.000147	-0.081429	0.8637611677664467,0.13155980803839232,0.004615556888622275,6.342731453709258e-05,3.9992001599680065e-08
181	86493838	5000.0	0.001	0.000147	-0.108037	0.9274843031393721,0.06747830433913217,0.005025194961007799,1.219756048790242e-05
183	1349405340	5000.0	0.001	0.000147	0.111168	0.860404799040192,0.13453269346130775,0.004996160767846431,6.634673065386923e-05
186	3621415605	5000.0	0.001	0.000147	0.085228	0.9052566686662668,0.09122391521695661,0.003494381123775245,2.503499300139972e-05
187	1095805625	5000.0	0.001	0.000147	-0.401180	0.8964021595680863,0.0790749850029994,0.024151689662067585,0.0003700459908018396,1.1197760447910417e-06
189	2236574395	5000.0	0.001	0.000147	0.205150	0.885733173365327,0.10821899620075985,0.006010957808438313,3.687262547490502e-05
185	429271710	5000.0	0.001	0.000147	0.071318	0.8916432313537292,0.10466542691461708,0.003678464307138572,1.287742451509698e-05
192	137663173	5000.0	0.001	0.000147	0.319362	0.900022875424915,0.07900883823235352,0.02070625874825035,0.00026182763447310536,1.9996000799840033e-07
191	2590075581	5000.0	0.001	0.000147	0.018448	0.8806353929214157,0.11562199560087982,0.0037397320535892823,2.8794241151769645e-06
190	2691789499	5000.0	0.001	0.000147	-0.142414	0.8527156568686263,0.13997116576684662,0.00730125974805039,1.1917616476704659e-05
195	1087660760	5000.0	0.001	0.000147	-0.100201	0.8152805838832233,0.15528846230753848,0.0287997600479904,0.0006247950409918017,6.3987202559488104e-06
188	3803060922	5000.0	0.001	0.000147	0.338424	0.7110826234753049,0.26086942611477704,0.025848190361927613,0.001666866626674665,0.0005326934613077384,1.9996000799840033e-07
193	3188048589	5000.0	0.001	0.000147	-0.726962	0.6851974405118976,0.3071610077984403,0.007635392921415717,6.15876824635073e-06
194	2531451605	5000.0	0.001	0.000147	-0.182076	0.8808779844031194,0.11708246350729853,0.0020385522895420916,9.998000399920016e-07
197	4067181274	5000.0	0.001	0.000147	0.122645	0.908214477104579,0.08882555488902219,0.002952729454109178,7.238552289542091e-06
196	3869049561	5000.0	0.001	0.000147	-0.089065	0.8678646270745851,0.10934157168566287,0.02254145170965807,0.00025218956208758247,1.5996800639872026e-07
198	3649315546	5000.0	0.001	0.000147	0.054476	0.809168126374725,0.18395232953409318,0.0068302339532093585,4.931013797240552e-05
199	3638680284	5000.0	0.001	0.000147	-0.215740	0.8900882623475305,0.10623487302539492,0.0027309338132373525,0.0009449310137972406,9.998000399920016e-07
200	3912377053	5000.0	0.001	0.000147	0.471806	0.8673868826234753,0.12468270345930814,0.00788362327534493,4.6750649870025995e-05,3.9992001599680065e-08
201	1707582183	5000.0	0.001	0.000147	-0.304794	0.8264545890821836,0.16613073385322935,0.007383323335332933,3.135372925414917e-05
202	2941018866	5000.0	0.001	0.000147	-0.191303	0.7165643271345731,0.24793105378924216,0.03489834033193361,0.000602879424115177,3.3993201359728056e-06
203	4006255347	5000.0	0.001	0.000147	-0.002576	0.9352825434913017,0.0641746450709858,0.0005254549090181964,1.735652869426115e-05
204	2109600501	5000.0	0.001	0.000147	-0.026210	0.8944332333533294,0.08287182563487303,0.02228370325934813,0.0004112377524495101
205	4181095157	5000.0	0.001	0.000147	-0.702370	0.6833216556688663,0.30436780643871225,0.012245670865826834,6.486702659468106e-05
206	3486151415	5000.0	0.001	0.000147	0.048540	0.6964915016996601,0.28078012397520496,0.02241371725654869,0.00031465706858628274
208	3285992190	5000.0	0.001	0.000147	0.050083	0.9513169366126775,0.04605894821035793,0.0026124375124975006,1.1677664467106578e-05
209	1092328202	5000.0	0.001	0.000147	-0.230750	0.8696553889222156,0.12865442911417715,0.0016882623475304938,1.919616076784643e-06
207	2681617145	5000.0	0.001	0.000147	-0.469665	0.8286445110977805,0.15393497300539893,0.017382083583283345,3.8432313537292545e-05
210	933614346	5000.0	0.001	0.000147	0.376748	0.8927596880623875,0.10383099380123975,0.003369366126774645,3.995200959808039e-05
211	320219914	5000.0	0.001	0.000147	-0.304253	0.8581079384123176,0.13500635872825434,0.004724615076984603,0.002153649270145971,7.438512297540492e-06
212	2037838608	5000.0	0.001	0.000147	-0.136404	0.8625752449510098,0.1280391921615677,0.009010677864427115,0.0003748850229954009
214	183898900	5000.0	0.001	0.000147	-0.755307	0.7988114777044591,0.19115544891021796,0.009733933213357329,0.0002991001799640072,3.9992001599680065e-08
215	342635287	5000.0	0.001	0.000147	0.185551	0.8442038392321536,0.14850405918816237,0.00704755048990202,0.0002445510897820436
217	3380507419	5000.0	0.001	0.000147	0.165935	0.9284166366726655,0.062419276144771045,0.00899252149570086,0.00017156568686262747
216	1476492056	5000.0	0.001	0.000147	0.204070	0.9142382723455309,0.07914121175764847,0.0065559688062387525,6.454709058188362e-05
218	4062833438	5000.0	0.001	0.000147	-0.457765	0.7202263547290542,0.2521409718056389,0.026733613277344533,0.0008946610677864427,4.159168166366727e-06,2.399520095980804e-07
213	3855340307	5000.0	0.001	0.000147	-1.052697	0.5531403719256148,0.42486858628274343,0.021809918016396722,0.00018108378324335132,3.9992001599680065e-08
219	2972605217	5000.0	0.001	0.000147	0.314508	0.7137923615276944,0.27814261147770447,0.008018036392721455,4.699060187962408e-05
220	4195380002	5000.0	0.001	0.000147	0.127991	0.8010754649070186,0.19124799040191962,0.007665466906618676,1.1077784443111379e-05
221	4029721380	5000.0	0.001	0.000147	-0.083041	0.8935869226154769,0.1001742851429714,0.006163127374525095,7.54249150169966e-05,2.399520095980804e-07
222	4289418022	5000.0	0.001	0.000147	-0.052195	0.8167873625274945,0.18128042391521695,0.0019229754049190162,9.238152369526095e-06
223	1693907751	5000.0	0.001	0.000147	0.075396	0.9282791041791641,0.06974185162967407,0.001976724655068986,2.319536092781444e-06
224	2354137897	5000.0	0.001	0.000147	-0.018371	0.942757848430314,0.0557749650069986,0.0014657068586282744,1.4797040591881624e-06
227	4011914036	5000.0	0.001	0.000147	0.039274	0.9397258148370325,0.058582163567286544,0.0016810237952409519,1.0997800439912018e-05
228	824593212	5000.0	0.001	0.000147	-0.088838	0.930564927014597,0.06653665266946611,0.0026883023395320935,0.00021011797640471905
225	925451052	5000.0	0.001	0.000147	0.443561	0.7585050989802039,0.22080635872825435,0.02062767446510698,6.0867826434713055e-05
226	4172841775	5000.0	0.001	0.000147	0.141225	0.8900708658268346,0.10460191961607679,0.005324295140971806,2.9194161167766445e-06
229	1042998093	5000.0	0.001	0.000147	-0.012741	0.8478623475304939,0.11458568286342731,0.035917936412717455,0.0016335932813437313,4.399120175964807e-07
231	1723609948	5000.0	0.001	0.000147	0.241475	0.914525374925015,0.07940775844831034,0.006054869026194761,1.199760047990402e-05
230	1839979342	5000.0	0.001	0.000147	-0.239123	0.9039316936612678,0.08782355528894221,0.008235832833433314,8.918216356728655e-06
232	1538124640	5000.0	0.001	0.000147	-0.055459	0.9327590881823635,0.06516148770245951,0.002071745650869826,7.678464307138573e-06
233	1558123366	5000.0	0.001	0.000147	-0.168307	0.8598245550889823,0.1258249950009998,0.014338452309538093,1.199760047990402e-05
237	3100064627	5000.0	0.001	0.000147	-0.283271	0.876278624275145,0.11963887222555489,0.004079664067186563,2.8394321135772845e-06
236	1609339760	5000.0	0.001	0.000147	-0.167873	0.8665165766846631,0.12926714657068586,0.0038029194161167765,0.00041311737652469506,2.399520095980804e-07
234	2229756775	5000.0	0.001	0.000147	0.045012	0.8752574685062987,0.1192359128174365,0.005498220355928814,8.398320335932813e-06
235	2094822247	5000.0	0.001	0.000147	-0.089425	0.7914235952809439,0.17703367326534694,0.03128142371525695,0.0002613077384523095
238	2417894265	5000.0	0.001	0.000147	0.584501	0.736877224555089,0.24205710857828433,0.02077032593481304,0.00029534093181363727
239	119913341	5000.0	0.001	0.000147	-0.109030	0.9142889822035593,0.08479140171965607,0.000919496100779844,1.199760047990402e-07
240	727051133	5000.0	0.001	0.000147	0.241836	0.863403399320136,0.13525354929014197,0.0013247350529894022,1.8316336732653468e-05
241	1255076746	5000.0	0.001	0.000147	0.011913	0.784472425514897,0.1881864827034593,0.015254069186162768,0.01197888422315537,0.00010813837232553489
242	3280456586	5000.0	0.001	0.000147	-0.436581	0.7647027394521095,0.2167772845430914,0.018487022595480903,3.295340931813637e-05
243	3732417423	5000.0	0.001	0.000147	0.209461	0.8927248950209958,0.0974359528094381,0.009518296340731853,0.00031737652469506096,3.4793041391721655e-06
244	3458040721	5000.0	0.001	0.000147	0.477159	0.8342787842431514,0.14873233353329335,0.016710697860427913,0.0002780643871225755,1.199760047990402e-07
245	2903913372	5000.0	0.001	0.000147	-0.009995	0.8921199360127975,0.10244655068986203,0.005424915016996601,8.598280343931213e-06
246	367870877	5000.0	0.001	0.000147	0.115523	0.9307327334533093,0.06623243351329734,0.002628594281143771,0.0004061987602479504,3.9992001599680065e-08
247	1550990256	5000.0	0.001	0.000147	-0.219987	0.9175567686462708,0.06120695860827834,0.0210872225554889,0.00014901019796040792,3.9992001599680065e-08
248	3533708214	5000.0	0.001	0.000147	-0.018144	0.9139177364527095,0.08290801839632074,0.0031732053589282145,1.0397920415916818e-06
250	1067897798	5000.0	0.001	0.000147	-0.347455	0.748185722855429,0.24657632473505298,0.004918056388722255,0.00031869626074785043,1.199760047990402e-06
249	2493311940	5000.0	0.001	0.000147	0.303494	0.7763107378524295,0.19681459708058388,0.026706658668266346,0.00016776644671065788,2.399520095980804e-07
251	721669074	5000.0	0.001	0.000147	-0.225237	0.8530854629074185,0.13563991201759648,0.01120107978404319,7.354529094181163e-05
253	2857280470	5000.0	0.001	0.000147	-0.110839	0.8802083183363327,0.1112116776644671,0.008569886022795441,1.0117976404719055e-05
255	3327759328	5000.0	0.001	0.000147	-0.213878	0.9231248550289942,0.07602855428914217,0.0008431113777244551,3.4793041391721655e-06
254	1286351839	5000.0	0.001	0.000147	0.580152	0.8219912817436512,0.13653093381323736,0.041235552889422114,0.00024223155368926214
252	4074601427	5000.0	0.001	0.000147	0.047728	0.9349930813837233,0.06415240951809638,0.0008544691061787642,3.9992001599680065e-08
256	457921504	5000.0	0.001	0.000147	0.227039	0.7728619876024795,0.21557180563887224,0.011272945410917817,0.0002932613477304539
258	2231213031	5000.0	0.001	0.000147	-0.229765	0.8804185962807438,0.11823619276144771,0.001344611077784443,5.99880023995201e-07
259	2764770282	5000.0	0.001	0.000147	0.086914	0.9433068186362727,0.05298428314337133,0.0036465506898620275,6.234753049390123e-05
257	3094791141	5000.0	0.001	0.000147	0.184812	0.8902664667066587,0.10621955608878224,0.0035059388122375525,8.038392321535693e-06
260	3367025643	5000.0	0.001	0.000147	0.420558	0.7637842831433713,0.22872393521295742,0.007472785442911418,1.8996200759848032e-05
261	2560541675	5000.0	0.001	0.000147	-0.151525	0.8619034593081384,0.13688226354729055,0.0012127174565086983,1.5596880623875224e-06
263	2401283058	5000.0	0.001	0.000147	0.293224	0.8754531093781244,0.1229254949010198,0.0015885222955408919,3.287342531493701e-05
264	1356667896	5000.0	0.001	0.000147	-0.005058	0.8938168366326734,0.10339732053589282,0.0027732853429314136,1.255748850229954e-05
262	2591325166	5000.0	0.001	0.000147	-0.250738	0.8929172965406919,0.09857156568686262,0.008490501899620076,2.063587282543491e-05
265	1560493050	5000.0	0.001	0.000147	-0.177012	0.849125174965007,0.12345442911417716,0.010870385922815437,0.016023115376924614,0.0005268946210757849
266	2690274304	5000.0	0.001	0.000147	0.225042	0.6326878624275145,0.3291688862227555,0.036527734453109376,0.0016095580883823235,5.958808238352329e-06
268	300786697	5000.0	0.001	0.000147	-0.182969	0.924179524095181,0.0692253949210158,0.006535732853429314,5.934813037392521e-05
269	1324422157	5000.0	0.001	0.000147	-0.018398	0.9202930613877225,0.06984471105778844,0.009853389322135572,8.838232353529294e-06
267	1135260677	5000.0	0.001	0.000147	0.071811	0.7926652269546091,0.19284003199360128,0.012073665266946611,0.002390481903619276,3.059388122375525e-05
274	337660967	5000.0	0.001	0.000147	0.087804	0.9411703659268147,0.057491581683663265,0.0013379724055188962,7.998400319936013e-08
270	2463955983	5000.0	0.001	0.000147	-0.428386	0.8724327534493101,0.12500279944011197,0.002531973605278944,3.2473505298940215e-05
273	1009722399	5000.0	0.001	0.000147	0.101680	0.8204540291941612,0.17422839432113577,0.005220555888822235,9.702059588082384e-05
271	3757233174	5000.0	0.001	0.000147	0.644250	0.8244747450509898,0.1721758048390322,0.003344891021795641,4.559088182363528e-06
275	2441090087	5000.0	0.001	0.000147	-0.059478	0.7646220355928814,0.21727822435512897,0.017598480303939214,0.0004993001399720056,1.959608078384323e-06
276	253500455	5000.0	0.001	0.000147	0.025663	0.9276000799840032,0.07169642071585683,0.000703379324135173,1.199760047990402e-07
272	37409814	5000.0	0.001	0.000147	0.758820	0.3579443311337732,0.6090184363127374,0.03263239352129574,0.0004048390321935613
277	1873441837	5000.0	0.001	0.000147	-0.325551	0.7374882623475305,0.24079240151969605,0.021575284943011398,0.0001440511897620476
278	2166842414	5000.0	0.001	0.000147	0.625434	0.7478814637072585,0.22488990201959608,0.027081663667266546,0.00014697060587882423
279	3530378287	5000.0	0.001	0.000147	-1.284411	0.7511464907018597,0.205127574485103,0.03686846630673865,0.006803079384123175,5.4349130173965205e-05,3.9992001599680065e-08
280	4037504055	5000.0	0.001	0.000147	-0.232092	0.869100899820036,0.12689490101979603,0.004002279544091182,1.919616076784643e-06
282	2797790270	5000.0	0.001	0.000147	0.072884	0.9179925214957009,0.07158500299940013,0.006786962607478505,0.003623355328934213,1.215756848630274e-05
281	1828559927	5000.0	0.001	0.000147	-0.683551	0.7561486902619476,0.21249714057188562,0.030578564287142573,0.0007702859428114378,5.318936212757449e-06
283	2999571523	5000.0	0.001	0.000147	0.905085	0.7890337532493501,0.18558968206358728,0.02438252349530094,0.0009940411917616478
284	195099720	5000.0	0.001	0.000147	0.160698	0.775350049990002,0.20045318936212758,0.024082183563287344,0.00011457708458308339
285	1930927182	5000.0	0.001	0.000147	-0.477576	0.8338137572485503,0.16123927214557088,0.004797360527894421,0.00014961007798440311
289	2877488226	5000.0	0.001	0.000147	-0.039403	0.87469950009998,0.1210366726654669,0.003974165166966606,0.0002896620675864827
288	3119309920	5000.0	0.001	0.000147	0.176264	0.8739049790041992,0.12484171165766847,0.001252149570085983,1.159768046390722e-06
286	467010642	5000.0	0.001	0.000147	-0.209500	0.9084355528894221,0.08119772045590881,0.010339772045590882,2.6954609078184362e-05
287	3172629588	5000.0	0.001	0.000147	-0.250940	0.85595124975005,0.136924175164967,0.006572045590881824,0.0005416116776644671,1.0917816436712657e-05
291	791131238	5000.0	0.001	0.000147	-0.032781	0.719019076184763,0.2756107978404319,0.00519124175164967,0.00017880423915216958,7.998400319936013e-08
290	2296140900	5000.0	0.001	0.000147	-0.082241	0.8344633073385322,0.1474879424115177,0.017751209758048392,0.0002975404919016197
296	1810689163	5000.0	0.001	0.000147	-0.059628	0.7502669466106778,0.24414677064587081,0.005565366926614677,2.0915816836632675e-05
293	2079716465	5000.0	0.001	0.000147	-0.203988	0.7683361727654469,0.21469410117976404,0.0168748650269946,9.474105178964207e-05,1.199760047990402e-07
292	1275626603	5000.0	0.001	0.000147	0.082429	0.9178910217956409,0.0763364127174565,0.005766446710657868,6.11877624475105e-06
294	613475455	5000.0	0.001	0.000147	-0.198529	0.8911392921415717,0.08987234553089382,0.018912257548490304,7.610477904419117e-05
299	3135403168	5000.0	0.001	0.000147	-0.073058	0.9381466906618676,0.059119096180763844,0.0027277744451109777,6.43871225754849e-06
295	113544320	5000.0	0.001	0.000147	-0.201762	0.7838936612677464,0.20899012197560488,0.007066826634673065,4.939012197560488e-05
298	1429482649	5000.0	0.001	0.000147	0.338777	0.7741367326534693,0.20611801639672064,0.014999480103979205,0.0047284543091381725,1.7316536692661468e-05
297	1607744664	5000.0	0.001	0.000147	-0.538435	0.6682597080583883,0.28245582883423315,0.04569478104379124,0.0035807638472305538,8.918216356728655e-06
301	1650433186	5000.0	0.001	0.000147	0.418508	0.8310986202759448,0.1485370925814837,0.02031629674065187,4.799040191961608e-05
300	2644665505	5000.0	0.001	0.000147	-0.413085	0.756252949410118,0.23298188362327535,0.010328334333133373,0.0004363527294541092,4.799040191961608e-07
302	2699308195	5000.0	0.001	0.000147	0.059522	0.9557925214957008,0.04335832833433313,0.0008490301939612077,1.199760047990402e-07
303	1855728804	5000.0	0.001	0.000147	0.114259	0.9206007598480304,0.07385434913017397,0.005382203559288142,0.0001626874625074985
304	434164902	5000.0	0.001	0.000147	0.621068	0.838175724855029,0.14344699060187963,0.01835504899020196,2.2235552889422114e-05
306	4085120179	5000.0	0.001	0.000147	0.175472	0.8572289542091581,0.12446602679464107,0.015970805838832234,0.0023328534293141374,1.3597280543891223e-06
308	3118040250	5000.0	0.001	0.000147	-0.264921	0.8500522295540892,0.14473057388522295,0.005202159568086383,1.5036992601479703e-05
307	1792230580	5000.0	0.001	0.000147	0.210239	0.8078086382723455,0.17977136572685462,0.011823675264947011,0.0005949610077984404,1.3597280543891223e-06
305	1861512370	5000.0	0.001	0.000147	0.003181	0.8848299540091982,0.1131740451909618,0.0019795640871825633,1.6436712657468506e-05
311	3953829070	5000.0	0.001	0.000147	-0.030499	0.7391630073985203,0.24890473905218957,0.007846790641871626,0.004082823435312938,2.639472105578884e-06
314	1480809689	5000.0	0.001	0.000147	-0.025585	0.7468651069786043,0.2356874225154969,0.01743263347330534,1.4837032593481303e-05
313	3704155352	5000.0	0.001	0.000147	-0.222937	0.9061634873025395,0.08285766846630674,0.01089382123575285,8.502299540091981e-05
310	1800013002	5000.0	0.001	0.000147	-0.431210	0.7195724055188962,0.2580257148570286,0.02225122975404919,0.0001506498700259948
309	1290572986	5000.0	0.001	0.000147	-0.081624	0.9325664067186563,0.060126654669066186,0.007225354929014197,8.158368326334733e-05
316	2080240862	5000.0	0.001	0.000147	0.604552	0.6410095580883823,0.33858480303939215,0.020294101179764046,0.0001115376924615077
315	3437423836	5000.0	0.001	0.000147	0.043078	0.8857132573485303,0.11162359528094382,0.0026594281143771247,3.719256148770246e-06
312	2423209175	5000.0	0.001	0.000147	-0.159597	0.8720179564087183,0.10497340531893622,0.0225372125574885,0.0004713857228554289,3.9992001599680065e-08
319	818482413	5000.0	0.001	0.000147	-0.272517	0.8640444711057789,0.1307634073185363,0.005128334333133373,6.378724255148971e-05
317	136752357	5000.0	0.001	0.000147	0.037970	0.8792863827234553,0.1156004799040192,0.005110697860427915,2.439512097580484e-06
318	1606786281	5000.0	0.001	0.000147	0.443196	0.878541451709658,0.11458144371125775,0.006870705858828235,6.3987202559488104e-06
321	99986681	5000.0	0.001	0.000147	-0.139212	0.920741051789642,0.0772247550489902,0.002033873225354929,3.199360127974405e-07
320	1516692722	5000.0	0.001	0.000147	0.063212	0.731012477504499,0.22519560087982404,0.04312881423715257,0.0006630673865226955,3.9992001599680065e-08
322	2573847802	5000.0	0.001	0.000147	-0.104192	0.7856691061787643,0.20968194361127773,0.004643591281743651,5.358928214357128e-06
323	803161344	5000.0	0.001	0.000147	0.062718	0.8767936412717456,0.11642327534493101,0.006670345930813837,0.0001127374525094981
324	2733962499	5000.0	0.001	0.000147	0.179491	0.8170614277144571,0.1763628874225155,0.006549610077984403,2.6034793041391723e-05,3.9992001599680065e-08
327	3817882895	5000.0	0.001	0.000147	0.262184	0.8384405918816237,0.15673433313337332,0.004755808838232354,6.926614677064587e-05
325	2432718093	5000.0	0.001	0.000147	-0.165846	0.8931018596280744,0.10343015396920616,0.0026540291941611676,0.0008114777044591081,2.4795040991801638e-06
326	407596301	5000.0	0.001	0.000147	0.109688	0.802346850629874,0.1865118576284743,0.00969142171565687,0.0014487902419516097,1.0797840431913617e-06
328	1914000658	5000.0	0.001	0.000147	0.186728	0.8895079784043192,0.10892681463707259,0.0015606878624275144,4.519096180763847e-06
330	1888130333	5000.0	0.001	0.000147	1.287877	0.519303299340132,0.3926446310737852,0.0859885622875425,0.001981483703259348,8.198360327934413e-05,3.9992001599680065e-08
332	698295586	5000.0	0.001	0.000147	0.330412	0.8311832433513298,0.16585090981803638,0.0029607678464307137,5.078984203159368e-06
333	2967158052	5000.0	0.001	0.000147	0.136480	0.797933973205359,0.19780967806438712,0.0042514297140571885,4.919016196760648e-06
329	1399051547	5000.0	0.001	0.000147	0.079956	0.9074267546490702,0.07794481103779244,0.01448630273945211,0.0001420515896820636,7.998400319936013e-08
334	3357859109	5000.0	0.001	0.000147	-0.018674	0.8422849430113977,0.15146722655468906,0.006188162367526495,5.9668066386722656e-05
337	1711258941	5000.0	0.001	0.000147	-0.195914	0.8247246150769846,0.17150889822035592,0.0037570085982803437,9.478104379124176e-06
335	3643505961	5000.0	0.001	0.000147	-0.061541	0.819580123975205,0.1686615476904619,0.011714457108578285,4.387122575484903e-05
331	795319584	5000.0	0.001	0.000147	0.042808	0.8438321535692861,0.15351589682063588,0.0026511497700459907,7.998400319936013e-07
336	3989947696	5000.0	0.001	0.000147	-0.454577	0.8402409118176365,0.15558296340731853,0.004167326534693061,8.798240351929614e-06
340	3387391301	5000.0	0.001	0.000147	0.173676	0.8600807838432314,0.13140499900019997,0.008462627474505099,5.158968206358728e-05
341	2943135046	5000.0	0.001	0.000147	0.045758	0.8745796040791841,0.12133253349330134,0.003989402119576085,9.846030793841232e-05
339	540523845	5000.0	0.001	0.000147	-0.010461	0.8924847830433913,0.09579196160767846,0.011678944211157768,4.4311137772445514e-05
338	4067001663	5000.0	0.001	0.000147	-0.046050	0.8938221955608878,0.0852001599680064,0.020540971805638873,0.00043563287342531496,1.0397920415916818e-06
343	283090257	5000.0	0.001	0.000147	-0.080594	0.9247352129574086,0.06805506898620275,0.007137892421515697,7.182563487302539e-05
342	3129836869	5000.0	0.001	0.000147	0.111642	0.8655513297340532,0.13211889622075584,0.002280103979204159,4.967006598680264e-05
344	890408278	5000.0	0.001	0.000147	0.730274	0.7714473105378924,0.2114494701059788,0.013466826634673065,0.003631593681263747,4.799040191961608e-06
345	1837886817	5000.0	0.001	0.000147	-0.359344	0.8879901619676065,0.08704263147370526,0.024692701459708057,0.00027450509898020394
346	1503759714	5000.0	0.001	0.000147	0.443005	0.8255693261347731,0.16282843431313737,0.01048110377924415,0.0011189362127574484,2.1995600879824035e-06
349	237591917	5000.0	0.001	0.000147	-0.211844	0.8260387122575484,0.16569194161167766,0.008036672665466907,0.00023259348130373926,7.998400319936013e-08
348	3274939755	5000.0	0.001	0.000147	-0.314842	0.8069881623675265,0.16085398920215957,0.03178372325534893,0.000374125174965007
351	3408725358	5000.0	0.001	0.000147	0.048923	0.878034873025395,0.11796436712657468,0.0039986802639472106,2.0795840831833635e-06
353	1773094263	5000.0	0.001	0.000147	-0.102214	0.822097100579884,0.16904575084983003,0.008366486702659468,0.00048570285942811436,4.9590081983603276e-06
350	1558078829	5000.0	0.001	0.000147	-0.256300	0.769053549290142,0.22677372525494902,0.004162927414517096,9.798040391921616e-06
352	2272107888	5000.0	0.001	0.000147	-0.546092	0.8701423715256948,0.11435848830233954,0.015287342531493702,0.00021171765646870626,7.998400319936013e-08
356	1286002049	5000.0	0.001	0.000147	0.023250	0.9353230153969206,0.06366522695460908,0.0010105978804239152,1.159768046390722e-06
354	1360121208	5000.0	0.001	0.000147	0.272688	0.8672024795040992,0.12886458708258347,0.003930653869226155,2.279544091181764e-06
347	1716581737	5000.0	0.001	0.000147	-0.125004	0.8527598880223956,0.14287806438712258,0.004331173765246951,3.087382523495301e-05
355	780678528	5000.0	0.001	0.000147	0.122970	0.8002319136172765,0.19204659068186364,0.007379244151169766,0.000342251549690062
360	4094094752	5000.0	0.001	0.000147	-0.015581	0.8573762847430514,0.13441083783243352,0.008104219156168766,0.00010845830833833234,1.9996000799840033e-07
358	3001220504	5000.0	0.001	0.000147	0.446039	0.7730741851629674,0.20923455308938213,0.017335532893421317,0.0003557288542291542
359	914644382	5000.0	0.001	0.000147	0.618748	0.7135620875824835,0.2749403719256149,0.011339052189562087,0.0001584883023395321
357	2542316947	5000.0	0.001	0.000147	0.300004	0.8120699460107978,0.13214873025394921,0.05517436512697461,0.0006010797840431914,5.878824235152969e-06
361	2894945709	5000.0	0.001	0.000147	-0.230197	0.8567767646470705,0.12629022195560888,0.014900539892021596,0.0020301939612077584,2.279544091181764e-06
363	3335914945	5000.0	0.001	0.000147	-0.202935	0.8471226554689062,0.14153125374925016,0.011295540891821635,5.0549890021995604e-05
364	825107910	5000.0	0.001	0.000147	0.097761	0.8684808638272346,0.11936724655068987,0.012077904419116176,7.398520295940811e-05
366	1164795335	5000.0	0.001	0.000147	-0.181331	0.9003200959808039,0.09807410517896421,0.0016033593281343731,2.439512097580484e-06
362	2848753080	5000.0	0.001	0.000147	-0.105000	0.9074769046190762,0.09122747450509898,0.0012950209958008398,5.99880023995201e-07
365	1935302087	5000.0	0.001	0.000147	-0.081854	0.862369526094781,0.13384599080183962,0.0037801639672065588,4.319136172765447e-06
367	3456105930	5000.0	0.001	0.000147	0.222210	0.8774905018996201,0.1009609678064387,0.021503259348130375,4.527094581083783e-05
370	432440789	5000.0	0.001	0.000147	-0.066274	0.9258221555688863,0.0684239552089582,0.005742171565686863,1.1717656468706258e-05
375	2869464565	5000.0	0.001	0.000147	0.335251	0.8525242951409718,0.14253325334933015,0.004912217556488702,3.023395320935813e-05
369	3887906256	5000.0	0.001	0.000147	-0.048604	0.7645983203359328,0.2145621675664867,0.02017116576684663,0.0006679064187162568,4.399120175964807e-07
374	1205569011	5000.0	0.001	0.000147	-0.077373	0.9176804639072186,0.06899776044791042,0.011995200959808038,0.0013116976604679064,1.4877024595080984e-05
368	3666822602	5000.0	0.001	0.000147	-0.755205	0.7448852629474105,0.23094249150169965,0.023969486102779443,0.0002025994801039792,1.5996800639872026e-07
371	2471517662	5000.0	0.001	0.000147	0.052133	0.9363823235352929,0.061721735652869425,0.0018938612277544491,2.0795840831833635e-06
373	3025223141	5000.0	0.001	0.000147	-0.217253	0.8385502899420116,0.15204827034593082,0.00936500699860028,3.639272145570886e-05,3.9992001599680065e-08
372	1065680356	5000.0	0.001	0.000147	-0.778492	0.7404101579684064,0.23730693861227756,0.020312137572485504,0.0019695260947810438,1.2397520495900819e-06
376	2905531895	5000.0	0.001	0.000147	0.471383	0.7755861227754449,0.21167914417116576,0.012694901019796041,3.983203359328134e-05
377	74057208	5000.0	0.001	0.000147	0.322043	0.18935888822235553,0.734930973805239,0.06375756848630273,0.011896980603879224,5.558888222355529e-05
381	1810576900	5000.0	0.001	0.000147	0.292108	0.9174739852029594,0.0798989802039592,0.0026201959608078383,6.838632273545291e-06
378	2912032248	5000.0	0.001	0.000147	-0.387854	0.9134981803639272,0.0718371925614877,0.014211877624475105,0.0002525494901019796,0.00020007998400319935,1.199760047990402e-07
379	2472062458	5000.0	0.001	0.000147	-0.053648	0.7795659668066387,0.2013890421915617,0.01893025394921016,0.00011473705258948211
380	2924951038	5000.0	0.001	0.000147	-0.286456	0.9119156968606279,0.07588402319536093,0.01159632073585283,0.0006039192161567687,3.9992001599680065e-08
382	1094041092	5000.0	0.001	0.000147	-0.082127	0.9523136972605479,0.045436792641471706,0.002245630873825235,3.879224155168966e-06
383	2107979276	5000.0	0.001	0.000147	-0.260113	0.8856962207558489,0.11137360527894422,0.0029281743651269746,1.999600079984003e-06
385	3836847630	5000.0	0.001	0.000147	-0.119403	0.7527455708858228,0.23135580883823234,0.015606318736252749,0.00029230153969206157
384	928134670	5000.0	0.001	0.000147	0.051479	0.9066487902419517,0.09008242351529694,0.003262107578484303,6.678664267146571e-06
386	1768418835	5000.0	0.001	0.000147	0.036171	0.8298038792241552,0.16561867626474705,0.004573285342931414,4.159168166366727e-06
387	1555338771	5000.0	0.001	0.000147	-0.355626	0.8036858628274345,0.177277024595081,0.01685098980203959,0.0021131773645270946,7.24255148970206e-05,5.198960207958409e-07
388	3684539931	5000.0	0.001	0.000147	0.975443	0.716922775444911,0.2554237552489502,0.027540571885622877,0.00011289742051589682
390	189363741	5000.0	0.001	0.000147	0.104931	0.766671425714857,0.22009494101179763,0.012569126174765048,0.0006643071385722855,1.9996000799840033e-07
389	3759580700	5000.0	0.001	0.000147	-0.047126	0.9454157168566287,0.05298104379124175,0.0016024795040991801,7.598480303939212e-07
391	515843619	5000.0	0.001	0.000147	0.263097	0.6548083583283343,0.3216887022595481,0.023185522895420915,0.00031741651669666066
392	3684963876	5000.0	0.001	0.000147	-0.077361	0.920074025194961,0.06330945810837832,0.01655868826234753,5.782843431313737e-05
393	3881610789	5000.0	0.001	0.000147	0.206049	0.8898685062987403,0.10553909218156368,0.0045832833433313335,9.118176364727055e-06
394	2733674022	5000.0	0.001	0.000147	0.094619	0.9043224555088982,0.09022107578484304,0.005416156768646271,4.031193761247751e-05
395	2292317739	5000.0	0.001	0.000147	0.130615	0.7824706658668267,0.1879374925014997,0.02927738452309538,0.0003142571485702859,1.9996000799840033e-07
396	3047407149	5000.0	0.001	0.000147	-0.041375	0.9043224155168966,0.09447210557888422,0.0012044391121775644,1.0397920415916818e-06
397	95465012	5000.0	0.001	0.000147	-0.167145	0.8800907018596281,0.10273977204559089,0.016791841631673667,0.0003773645270945811,3.199360127974405e-07
399	1695141431	5000.0	0.001	0.000147	-0.185231	0.8637128174365127,0.13271741651669666,0.003466626674665067,0.00010305938812237552,7.998400319936013e-08
400	3346224698	5000.0	0.001	0.000147	0.082435	0.9275135772845431,0.07091961607678464,0.0015664467106578685,3.5992801439712056e-07
398	3057184310	5000.0	0.001	0.000147	0.122164	0.8291902819436113,0.14269582083583282,0.027294701059788044,0.0008191961607678464
401	1905884734	5000.0	0.001	0.000147	0.416989	0.7312719056188762,0.2594627074585083,0.009182763447310538,8.258348330333933e-05,3.9992001599680065e-08
402	2929356353	5000.0	0.001	0.000147	0.990833	0.727054349130174,0.25445454909018195,0.018407278544291143,8.382323535292942e-05
404	194541125	5000.0	0.001	0.000147	0.001169	0.9109964407118576,0.0848991401719656,0.0005550089982003599,0.0032736652669466105,0.000252749450109978,2.2995400919816036e-05
406	248614477	5000.0	0.001	0.000147	0.635508	0.814645550889822,0.17926650669866026,0.00608506298740252,2.8794241151769645e-06
405	4183836236	5000.0	0.001	0.000147	0.161837	0.8616801039792041,0.12454565086982604,0.013561807638472305,0.0002124375124975005
403	1716047426	5000.0	0.001	0.000147	0.163294	0.89230149970006,0.1021366926614677,0.005552649470105979,9.158168366326734e-06
411	515190372	5000.0	0.001	0.000147	-0.088981	0.8735192561487702,0.12185286942611477,0.004004799040191962,0.0006229154169166167,1.5996800639872026e-07
407	1783101006	5000.0	0.001	0.000147	0.271911	0.8507721655668866,0.14393545290941812,0.0052903819236152765,1.999600079984003e-06
410	4159864419	5000.0	0.001	0.000147	-0.026874	0.9048997400519896,0.08367234553089382,0.01095616876624675,0.0004665066986602679,5.238952209558089e-06
409	2983833175	5000.0	0.001	0.000147	0.024891	0.937954449110178,0.06087902419516097,0.0011625674865026994,3.959208158368327e-06
412	2310354541	5000.0	0.001	0.000147	0.050962	0.9047547290541892,0.09377012597480504,0.0014654669066186763,9.678064387122576e-06
408	123301459	5000.0	0.001	0.000147	-0.137120	0.9344404719056189,0.06346382723455309,0.00209498100379924,7.198560287942411e-07
413	3018724977	5000.0	0.001	0.000147	0.037259	0.951628874225155,0.04731805638872225,0.0010462707458508299,6.798640271945611e-06
414	1815561854	5000.0	0.001	0.000147	-0.082720	0.8397974405118976,0.14734553089382124,0.012719136172765447,0.0001378124375124975,7.998400319936013e-08
415	237721222	5000.0	0.001	0.000147	0.176964	0.8617849230153969,0.124173725254949,0.014006798640271946,3.4553089382123576e-05
416	2893584023	5000.0	0.001	0.000147	0.092757	0.8559987602479504,0.14172625474905018,0.0022721455708858227,2.8394321135772845e-06
417	754300568	5000.0	0.001	0.000147	0.141839	0.8727649270145971,0.10240459908018397,0.019515296940611878,0.005310937812437512,4.239152169566087e-06
419	2294441635	5000.0	0.001	0.000147	0.087368	0.8995110577884423,0.09505554889022196,0.00542255548890222,1.0837832433513298e-05
418	3579559579	5000.0	0.001	0.000147	-0.019209	0.9070365926814637,0.08668334333133373,0.006262907418516297,1.7156568686262747e-05
421	3817868970	5000.0	0.001	0.000147	0.044785	0.8825378924215157,0.1071376124775045,0.010272865426914617,5.1629674065186965e-05
420	1743195815	5000.0	0.001	0.000147	0.216885	0.8546393521295741,0.13547710457908418,0.009829434113177365,5.366926614677065e-05,4.399120175964807e-07
422	1140170411	5000.0	0.001	0.000147	0.346966	0.7584773045390922,0.22055852829434114,0.020706498700259948,0.0002576684663067387
425	2887777973	5000.0	0.001	0.000147	-0.034055	0.7907242951409718,0.20312265546890623,0.006137012597480504,1.6036792641471705e-05
423	1877227182	5000.0	0.001	0.000147	-0.099287	0.8585334533093382,0.13762135572885423,0.0038249150169966007,2.027594481103779e-05
424	4007939761	5000.0	0.001	0.000147	-0.384667	0.8300881023795241,0.16709498100379924,0.002713137372525495,0.00010377924415116976
426	3625129659	5000.0	0.001	0.000147	0.043543	0.9070921415716857,0.09104847030593881,0.0018495500899820036,9.838032393521296e-06
427	3024336576	5000.0	0.001	0.000147	1.043898	0.5034054389122176,0.47458208358328335,0.021668666266746652,0.00034381123775244953
429	2131283658	5000.0	0.001	0.000147	-0.038027	0.9456673865226954,0.053439312137572484,0.0007116576684663067,0.00018164367126574684
430	3939024587	5000.0	0.001	0.000147	-0.272471	0.8107586882623475,0.1852498700259948,0.0039835232953409315,7.918416316736653e-06
432	1354864342	5000.0	0.001	0.000147	-0.005740	0.9398971805638873,0.05640479904019196,0.0035796840631873625,0.00011833633273345331
428	165838535	5000.0	0.001	0.000147	0.563225	0.8271046590681863,0.1592387522495501,0.013355128974205158,0.00030037992401519696,1.0797840431913617e-06
434	2932356834	5000.0	0.001	0.000147	0.103580	0.786379924015197,0.17563579284143171,0.03650381923615277,0.0014800639872025595,3.9992001599680065e-07
431	717045452	5000.0	0.001	0.000147	0.095498	0.8001437712457509,0.1863373325334933,0.012378884223155369,0.0011397720455908818,2.399520095980804e-07
435	1070364389	5000.0	0.001	0.000147	0.189883	0.8884042391521696,0.10885902819436112,0.0027134573085382924,2.32753449310138e-05
433	1264398046	5000.0	0.001	0.000147	0.028628	0.8585422515496901,0.13810673865226955,0.003340131973605279,1.0877824435112978e-05
436	2679813868	5000.0	0.001	0.000147	-0.086790	0.7221858028394321,0.25062927414517094,0.02658992201559688,0.0005948410317936413,1.5996800639872026e-07
437	1250195183	5000.0	0.001	0.000147	0.074773	0.9045873625274945,0.0910253549290142,0.0040035992801439714,0.00038060387922415515,3.079384123175365e-06
438	3242667769	5000.0	0.001	0.000147	-0.227401	0.8637371725654869,0.12207626474705059,0.014125654869026194,5.9028194361127776e-05,1.879624075184963e-06
440	4072142590	5000.0	0.001	0.000147	-0.040630	0.9067694461107778,0.08839624075184963,0.0048249950009998,9.318136372725454e-06
439	1471495933	5000.0	0.001	0.000147	-0.176057	0.8404545090981803,0.15424019196160768,0.0052790641871625675,2.623475304939012e-05
441	94795518	5000.0	0.001	0.000147	0.392966	0.765896300739852,0.22598292341531695,0.008109858028394321,1.0917816436712657e-05
445	2022965009	5000.0	0.001	0.000147	0.208379	0.8854608678264347,0.11331601679664068,0.0012228354329134174,2.7994401119776043e-07
443	3575983882	5000.0	0.001	0.000147	-0.209478	0.9030502699460108,0.0885004599080184,0.008261587682463507,0.00018768246350729854
444	2619533070	5000.0	0.001	0.000147	0.126209	0.9455144571085783,0.05148226354729054,0.0029884023195360927,1.4877024595080984e-05
446	2600705826	5000.0	0.001	0.000147	0.156347	0.7992906618676264,0.15411365726854628,0.041670985802839434,0.004549050189962008,0.0003755248950209958,1.199760047990402e-07
442	2340552454	5000.0	0.001	0.000147	-0.109879	0.8387468106378724,0.1571009398120376,0.004148010397920416,4.239152169566087e-06
447	3116287781	5000.0	0.001	0.000147	0.264816	0.8200836632673465,0.17344603079384124,0.00584495100979804,0.0006250349930013998,3.199360127974405e-07
449	46798639	5000.0	0.001	0.000147	-0.159338	0.7971148570285943,0.18071733653269345,0.02178860227954409,0.00037884423115376923,3.5992801439712056e-07
448	1260687141	5000.0	0.001	0.000147	0.064028	0.8937079384123175,0.08869390121975605,0.017546090781843632,5.2069586082783446e-05
452	989177666	5000.0	0.001	0.000147	-0.362870	0.8959740851829634,0.09872893421315737,0.005015676864627075,0.00028130373925214957
450	179050292	5000.0	0.001	0.000147	0.212591	0.9226375924815037,0.06939428114377125,0.007923455308938213,4.4671065786842634e-05
453	4200763204	5000.0	0.001	0.000147	0.059782	0.9323809638072386,0.06699132173565286,0.000626874625074985,8.398320335932813e-07
451	83449655	5000.0	0.001	0.000147	-0.470197	0.7489507698460308,0.22906746650669865,0.02011377724455109,0.0018663067386522696,1.6796640671865626e-06
454	2975567686	5000.0	0.001	0.000147	-0.343449	0.893451349730054,0.1003498900219956,0.00612873425314937,7.00259948010398e-05
455	4043450189	5000.0	0.001	0.000147	-0.180477	0.8603420115976804,0.13148142371525695,0.007078224355128974,0.0010961007798440312,2.2395520895820834e-06
456	2145654606	5000.0	0.001	0.000147	0.099012	0.9457677664467107,0.05328030393921216,0.000951129774045191,7.998400319936013e-07
457	1677702989	5000.0	0.001	0.000147	0.526315	0.7699904019196161,0.22008058388322335,0.009895940811837632,3.307338532293541e-05
458	2408527698	5000.0	0.001	0.000147	-0.029157	0.7396844631073786,0.23663087382523496,0.022526934613077386,0.001123015396920616,3.47130573885223e-05
460	677586789	5000.0	0.001	0.000147	0.108109	0.8818275944811038,0.11403063387322536,0.004126614677064587,1.5156968606278745e-05
459	2949316436	5000.0	0.001	0.000147	-0.106766	0.8993427714457108,0.0981116176764647,0.0025435312937412517,2.0795840831833635e-06
461	1133514604	5000.0	0.001	0.000147	-0.023276	0.9279365326934613,0.06789594081183763,0.004162367526494701,5.158968206358728e-06
462	3306082159	5000.0	0.001	0.000147	-0.048345	0.9332446310737852,0.06553893221355729,0.001215516896620676,9.198160367926415e-07
464	91094904	5000.0	0.001	0.000147	0.171713	0.8279290941811638,0.16949810037992402,0.0025674465106978604,5.358928214357128e-06
463	4080234354	5000.0	0.001	0.000147	1.578464	0.4577361727654469,0.4945167766446711,0.04599908018396321,0.001741891621675665,6.07878424315137e-06
465	4224716665	5000.0	0.001	0.000147	-0.007117	0.8902330333933214,0.10370573885222956,0.005992601479704059,6.862627474505099e-05
467	2812909445	5000.0	0.001	0.000147	0.139032	0.8199716456708658,0.17218076384723055,0.007836872625474904,1.0717856428714257e-05
466	989988728	5000.0	0.001	0.000147	0.253420	0.8603385322935413,0.13361443711257748,0.00603875224955009,8.278344331133774e-06
471	836142986	5000.0	0.001	0.000147	0.042421	0.9002664667066587,0.09143367326534693,0.008278304339132174,2.1555688862227554e-05
468	1305913222	5000.0	0.001	0.000147	-0.084714	0.8149530093981203,0.17892149570085983,0.006079864027194561,4.563087382523495e-05
473	1952239501	5000.0	0.001	0.000147	0.021288	0.9227624475104979,0.07503011397720456,0.0021786442711457707,2.8794241151769647e-05
472	2523727757	5000.0	0.001	0.000147	0.098506	0.9265306138772246,0.07083083383323335,0.002637872425514897,6.798640271945611e-07
470	628725637	5000.0	0.001	0.000147	-0.185763	0.8242229554089182,0.17140263947210557,0.004368566286742651,5.838832233553289e-06
475	2270322582	5000.0	0.001	0.000147	-0.080641	0.9092517896420715,0.08065902819436113,0.010066466706658669,2.2715456908618276e-05
469	2599497607	5000.0	0.001	0.000147	0.109074	0.5659872825434913,0.3959379324135173,0.03719236152769446,0.0008448710257948411,3.755248950209958e-05
474	1385176982	5000.0	0.001	0.000147	-0.075060	0.8900498300339932,0.10815944811037792,0.0017904419116176766,2.7994401119776043e-07
477	1040955291	5000.0	0.001	0.000147	-0.063036	0.8813246950609878,0.10610493901219756,0.012502819436112778,6.750649870025995e-05,3.9992001599680065e-08
478	84969381	5000.0	0.001	0.000147	0.308202	0.8608048790241951,0.13753361327734454,0.0016596680663867227,1.839632073585283e-06
479	2867582894	5000.0	0.001	0.000147	-0.538802	0.7208988602279545,0.2553913217356529,0.020908458308338332,0.002799520095980804,1.839632073585283e-06
476	240492442	5000.0	0.001	0.000147	0.194649	0.8304369926014797,0.15725714857028594,0.012282823435312937,2.3035392921415716e-05
480	1240436659	5000.0	0.001	0.000147	0.763643	0.7621558088382323,0.21842559488102378,0.019255588882223555,0.00016300739852029595
481	3912613811	5000.0	0.001	0.000147	0.183458	0.8205202159568087,0.1517738452309538,0.026916576684663067,0.0007871625674865027,2.1995600879824035e-06
482	2570205123	5000.0	0.001	0.000147	0.176058	0.7704005198960208,0.22597240551889622,0.003611117776444711,1.5956808638272344e-05
487	890593235	5000.0	0.001	0.000147	0.151473	0.9044789442111578,0.09368462307538493,0.0018350329934013197,1.3997200559888023e-06
484	2229991373	5000.0	0.001	0.000147	-0.311263	0.883472025594881,0.11516008798240351,0.0013668866226754649,9.998000399920016e-07
486	925906899	5000.0	0.001	0.000147	-0.362496	0.8314457108578285,0.1343978404319136,0.034013157368526295,0.00014313137372525496,1.5996800639872026e-07
488	357634006	5000.0	0.001	0.000147	-0.149434	0.8314389922015597,0.1626015596880624,0.005894541091781644,6.490701859628075e-05
483	817098693	5000.0	0.001	0.000147	-0.064080	0.8093824035192961,0.17247010597880424,0.017771965606878624,0.0003755248950209958
485	1780709329	5000.0	0.001	0.000147	-0.154217	0.8248233553289342,0.10801323735252949,0.06191629674065187,0.005220395920815837,2.6714657068586283e-05
490	391131097	5000.0	0.001	0.000147	0.050901	0.8699738052389522,0.12748902219556088,0.0025348130373925213,2.359528094381124e-06
489	2430574551	5000.0	0.001	0.000147	-0.359600	0.8437354529094181,0.14986750649870026,0.0063290541891621675,6.798640271945611e-05
491	1541758938	5000.0	0.001	0.000147	0.058777	0.6320980603879224,0.31567982403519296,0.05105110977804439,0.0011704059188162366,5.99880023995201e-07
493	2460968928	5000.0	0.001	0.000147	0.143451	0.9108583083383324,0.08402367526494701,0.005078864227154569,3.9152169566086785e-05
492	1190158301	5000.0	0.001	0.000147	0.234192	0.8548755048990202,0.13650329934013197,0.00859632073585283,2.4875024995001e-05
494	221689825	5000.0	0.001	0.000147	-0.011037	0.8810274345130974,0.11134125174965007,0.007461467706458709,0.00016984603079384125
495	3631470563	5000.0	0.001	0.000147	-0.258359	0.8333024995000999,0.15330801839632074,0.013137732453509299,0.0002516696660667866,7.998400319936013e-08
496	2807115757	5000.0	0.001	0.000147	0.052546	0.9294427114577084,0.06921383723255349,0.001335492901419716,7.958408318336332e-06
497	3106852849	5000.0	0.001	0.000147	0.053581	0.8367926414717056,0.15264407118576284,0.005498260347930414,0.005056068786242752,8.958208358328334e-06
499	2119014397	5000.0	0.001	0.000147	-0.055661	0.9229352129574085,0.07562599480103979,0.0014249950009998,1.3757248550289942e-05,3.9992001599680065e-08
498	807380987	5000.0	0.001	0.000147	0.254815	0.860007598480304,0.1047375724855029,0.029081823635272945,0.0061661667666466705,6.838632273545291e-06
