sim_id	seed	popsize	selcoef	mutrate	velocity	profile
0	936022020	5000.0	0.001	6.6034e-05	0.054129	0.9672560287942411,0.03168286342731454,0.001060867826434713,2.399520095980804e-07
5	4125474849	5000.0	0.001	6.6034e-05	-0.267504	0.8512316336732654,0.14732741451709658,0.0014391921615676865,1.7596480703859228e-06
11	1121675321	5000.0	0.001	6.6034e-05	0.237946	0.9665656068786243,0.0323623675264947,0.001068506298740252,3.5192961407718455e-06
9	2262587439	5000.0	0.001	6.6034e-05	-1.387600	0.8220691861627675,0.17566078784243153,0.0022695460907818437,4.799040191961608e-07
6	286834722	5000.0	0.001	6.6034e-05	0.498992	0.8786022795440912,0.11957956408718257,0.0018180363927214557,1.199760047990402e-07
19	124434512	5000.0	0.001	6.6034e-05	-0.018989	0.989582323535293,0.010333813237352529,8.350329934013198e-05,3.5992801439712056e-07
12	1466210363	5000.0	0.001	6.6034e-05	0.029996	0.9805153369326135,0.019458108378324335,2.655468906218756e-05
1	2888886285	5000.0	0.001	6.6034e-05	0.259069	0.9436711457708459,0.055583123375324936,0.0007457308538292342
15	727410760	5000.0	0.001	6.6034e-05	-0.058089	0.9401380523895221,0.05852117576484703,0.0013318536292741452,8.918216356728655e-06
7	79235113	5000.0	0.001	6.6034e-05	-0.141585	0.9523352529494101,0.047541971605678864,0.0001227754449110178
3	3677036571	5000.0	0.001	6.6034e-05	-0.358312	0.9267853229354129,0.07025506898620276,0.0029584083183363326,1.199760047990402e-06
14	4123965506	5000.0	0.001	6.6034e-05	-0.200535	0.9349951609678064,0.06476104779044191,0.00024379124175164966
18	650309707	5000.0	0.001	6.6034e-05	-0.023829	0.9427718456308738,0.05709002199560088,0.0001378124375124975,3.199360127974405e-07
4	3388217374	5000.0	0.001	6.6034e-05	-0.305121	0.9523073785242951,0.04754609078184363,0.00014653069386122775
10	1250263095	5000.0	0.001	6.6034e-05	0.236691	0.9557374525094982,0.043046830633873226,0.0012154369126174765,2.7994401119776043e-07
13	3740313663	5000.0	0.001	6.6034e-05	-0.647135	0.8685311737652469,0.12310581883623276,0.008353449310137973,9.558088382323535e-06
2	3250909201	5000.0	0.001	6.6034e-05	-0.445617	0.8723102579484103,0.1270719856028794,0.000617756448710258
16	72749129	5000.0	0.001	6.6034e-05	0.701594	0.8968034793041392,0.09812389522095581,0.00507246550689862,1.5996800639872026e-07
20	682383440	5000.0	0.001	6.6034e-05	0.242796	0.9650625074985003,0.03491597680463907,2.1515696860627874e-05
8	704765994	5000.0	0.001	6.6034e-05	-0.177507	0.9588283543291342,0.0410870225954809,8.462307538492301e-05
21	2606704727	5000.0	0.001	6.6034e-05	1.157911	0.8406687862427514,0.15187886422715458,0.007417276544691062,3.507298540291942e-05
17	725477448	5000.0	0.001	6.6034e-05	-0.148900	0.931298900219956,0.06622827434513097,0.0021050989802039594,0.0003664067186562687,1.319736052789442e-06
26	4063723643	5000.0	0.001	6.6034e-05	0.378370	0.9332681463707259,0.06633297340531893,0.000398880223955209
25	2837733492	5000.0	0.001	6.6034e-05	0.800951	0.855825874825035,0.14129630073985203,0.002863147370525895,1.4677064587082583e-05
24	2405970028	5000.0	0.001	6.6034e-05	-0.154397	0.970575124975005,0.025275584883023394,0.004134613077384523,1.4677064587082583e-05
22	3373582428	5000.0	0.001	6.6034e-05	-0.001397	0.9865501699660068,0.01207014597080584,0.0013796440711857628,3.9992001599680065e-08
23	1469421667	5000.0	0.001	6.6034e-05	-0.579094	0.9395662867426515,0.06038100379924015,5.2709458108378326e-05
27	2606450811	5000.0	0.001	6.6034e-05	-0.089982	0.9619356528694261,0.03800711857628474,5.7228554289142175e-05
31	4276033680	5000.0	0.001	6.6034e-05	-0.142875	0.9349103779244151,0.06490833833233353,0.00018128374325134973
28	2864142465	5000.0	0.001	6.6034e-05	-0.318894	0.9587327334533093,0.04122043591281744,4.6830633873225356e-05
29	168183946	5000.0	0.001	6.6034e-05	-0.098728	0.9741921615676865,0.02532601479704059,0.0004818236352729454
40	2746273975	5000.0	0.001	6.6034e-05	-0.043424	0.9747499700059988,0.02516780643871226,8.222355528894222e-05
30	2963751054	5000.0	0.001	6.6034e-05	-0.125576	0.9739344131173765,0.02557756448710258,0.00048802239552089583
32	1080561810	5000.0	0.001	6.6034e-05	0.144190	0.8516983403319336,0.1417123375324935,0.006585362927414517,3.959208158368327e-06
33	1526337683	5000.0	0.001	6.6034e-05	-0.159124	0.9685354129174165,0.0313376124775045,0.0001269746050789842
36	3658959006	5000.0	0.001	6.6034e-05	0.176113	0.9292947010597881,0.07021491701659668,0.0004903019396120776,7.998400319936013e-08
34	4151242901	5000.0	0.001	6.6034e-05	-0.601997	0.8680163167366527,0.12822879424115177,0.003752249550089982,2.639472105578884e-06
37	540336287	5000.0	0.001	6.6034e-05	-0.403463	0.9560040791841632,0.043575404919016195,0.00042051589682063587
35	2785067161	5000.0	0.001	6.6034e-05	0.055478	0.9605897220555889,0.03885578884223155,0.0005543691261747651,1.199760047990402e-07
38	268081311	5000.0	0.001	6.6034e-05	-0.194731	0.9310242351529694,0.06757760447910417,0.0013967206558688262,1.4397120575884822e-06
39	1769775275	5000.0	0.001	6.6034e-05	-0.000032	0.9622387122575485,0.03720243951209758,0.0005580483903219356,7.998400319936013e-07
41	2672560312	5000.0	0.001	6.6034e-05	-0.103899	0.9646343931213758,0.03518888222355529,0.0001767246550689862
42	3555068091	5000.0	0.001	6.6034e-05	-0.069919	0.980108298340332,0.019741611677664465,0.0001500899820035993
44	886986945	5000.0	0.001	6.6034e-05	0.320362	0.9525665666866626,0.047075544891021795,0.00035788842231553687
45	3108751553	5000.0	0.001	6.6034e-05	-1.370131	0.7917390521895621,0.20527958408318336,0.0029652869426114777,1.6076784643071386e-05
43	2063780027	5000.0	0.001	6.6034e-05	-0.232430	0.9288808638272346,0.06965770845830833,0.0014609478104379125,4.799040191961608e-07
47	3379269840	5000.0	0.001	6.6034e-05	-0.191905	0.9559920015996801,0.043790921815636874,0.00021707658468306338
46	3846981828	5000.0	0.001	6.6034e-05	0.398232	0.9052735452909418,0.09024303139372125,0.004124975004999,0.0003584483103379324
48	1419018450	5000.0	0.001	6.6034e-05	0.188561	0.9707377724455108,0.026438112377524494,0.002820915816836633,3.1993601279744052e-06
50	96440538	5000.0	0.001	6.6034e-05	-0.865303	0.8811718456308738,0.11832457508498301,0.000503499300139972,7.998400319936013e-08
49	1834090710	5000.0	0.001	6.6034e-05	0.006566	0.9424527094581083,0.0567004599080184,0.000846750649870026,7.998400319936013e-08
51	2696407262	5000.0	0.001	6.6034e-05	0.041422	0.9805977204559089,0.019386482703459308,1.5796840631873626e-05
59	343312628	5000.0	0.001	6.6034e-05	-0.147089	0.9170994601079784,0.037859908018396324,0.04434629074185163,0.0006943011397720456,3.9992001599680065e-08
52	197609694	5000.0	0.001	6.6034e-05	0.319348	0.877829674065187,0.051195560887822435,0.06334825034993001,0.0075992801439712055,2.7234553089382125e-05
58	1039290610	5000.0	0.001	6.6034e-05	0.500731	0.9293353729254149,0.0592382723455309,0.011412237552489502,1.4117176564687063e-05
55	1082097894	5000.0	0.001	6.6034e-05	0.080430	0.9242113577284543,0.07421491701659667,0.0015735652869426115,1.5996800639872026e-07
57	390914283	5000.0	0.001	6.6034e-05	-0.264629	0.8790484303139372,0.09950073985202959,0.021360487902419515,9.034193161367727e-05
56	1207597291	5000.0	0.001	6.6034e-05	-0.029656	0.9114853829234153,0.08770441911617677,0.0008101579684063187,3.9992001599680065e-08
53	476405984	5000.0	0.001	6.6034e-05	-0.083328	0.9797090581883623,0.020146730653869228,0.0001442111577684463
54	453349600	5000.0	0.001	6.6034e-05	0.014530	0.9735361327734453,0.020365686862627474,0.006080463907218557,1.771645670865827e-05
60	2109923580	5000.0	0.001	6.6034e-05	0.166046	0.8909872825434914,0.1086125974805039,0.00040011997600479906
62	941216010	5000.0	0.001	6.6034e-05	0.274594	0.909105698860228,0.08830189962007598,0.0025845630873825233,7.838432313537292e-06
61	1483165957	5000.0	0.001	6.6034e-05	0.030013	0.9770984603079385,0.022829274145170966,7.226554689062187e-05
64	1557922065	5000.0	0.001	6.6034e-05	-0.251489	0.8669818036392721,0.13244371125774845,0.0005740451909618076,4.399120175964807e-07
63	607781136	5000.0	0.001	6.6034e-05	-0.588637	0.8454452709458108,0.15047114577084583,0.0040751449710057985,8.438312337532494e-06
66	3494549794	5000.0	0.001	6.6034e-05	0.583083	0.9176085982803439,0.08158244351129774,0.0008088382323535293,1.199760047990402e-07
65	1904505120	5000.0	0.001	6.6034e-05	-0.484373	0.8828507098580284,0.08072225554889022,0.03569322135572885,0.0007066586682663468,2.7154569086182764e-05
67	1462720803	5000.0	0.001	6.6034e-05	0.402033	0.9416984603079385,0.05776864627074585,0.0005328934213157369
70	3030319408	5000.0	0.001	6.6034e-05	-0.390603	0.9515126574685063,0.04806866626674665,0.0004186762647470506
68	3289037097	5000.0	0.001	6.6034e-05	-0.093667	0.9688732653469306,0.03053237352529494,0.0005938412317536493,5.198960207958409e-07
69	2507280686	5000.0	0.001	6.6034e-05	0.314483	0.9560313137372526,0.04344223155368926,0.0005264547090581883
72	1580673328	5000.0	0.001	6.6034e-05	0.147101	0.9743904019196161,0.024615956808638272,0.0009934413117376525,1.9996000799840033e-07
78	2206552405	5000.0	0.001	6.6034e-05	0.037773	0.9663972405518896,0.033505578884223154,9.718056388722256e-05
71	3650752817	5000.0	0.001	6.6034e-05	0.338875	0.9431899220155969,0.05285438912217556,0.003954329134173165,1.3597280543891223e-06
80	1104126317	5000.0	0.001	6.6034e-05	-0.002102	0.9857272545490902,0.014197680463907219,7.506498700259948e-05
77	3046967634	5000.0	0.001	6.6034e-05	0.043842	0.9661944411117777,0.03377364527094581,3.191361727654469e-05
73	3213535545	5000.0	0.001	6.6034e-05	0.012351	0.961425474905019,0.037473665266946614,0.0010834633073385322,1.739652069586083e-05
74	1536952639	5000.0	0.001	6.6034e-05	-0.041789	0.9536535092981404,0.046176444711057786,0.00017004599080183962
76	3824841033	5000.0	0.001	6.6034e-05	0.504312	0.915659148170366,0.08322063587282544,0.001118976204759048,1.2397520495900819e-06
84	335507841	5000.0	0.001	6.6034e-05	0.157981	0.9592691861627675,0.0405496900619876,0.00018112377524495102
87	2913159559	5000.0	0.001	6.6034e-05	-0.093608	0.9625220155968807,0.03737696460707859,4.239152169566087e-05,5.862827434513097e-05
79	1634156892	5000.0	0.001	6.6034e-05	0.267519	0.9383635272945411,0.06140427914417117,0.00023219356128774244
85	3269130626	5000.0	0.001	6.6034e-05	0.030221	0.958990601879624,0.040855988802239555,0.00015336932613477304,3.9992001599680065e-08
82	2043867510	5000.0	0.001	6.6034e-05	-0.248998	0.8885310137972405,0.11117316536692662,0.0002958208358328334
86	797702533	5000.0	0.001	6.6034e-05	-0.375824	0.9440779444111178,0.03286466706658668,0.023041831633673265,1.5556888622275544e-05
81	1351723378	5000.0	0.001	6.6034e-05	-0.026503	0.8680666666666667,0.12921691661667667,0.0027162967406518697,1.199760047990402e-07
75	3325315395	5000.0	0.001	6.6034e-05	0.001687	0.8665582083583283,0.13237628474305138,0.0010654269146170765,7.998400319936013e-08
88	2023334279	5000.0	0.001	6.6034e-05	0.261324	0.8233965606878624,0.16927894421115777,0.007315456908618277,9.038192361527695e-06
90	2619236746	5000.0	0.001	6.6034e-05	-0.228021	0.9591869226154769,0.04056908618276345,0.00024399120175964807
89	3863609737	5000.0	0.001	6.6034e-05	0.088955	0.9687622475504899,0.031167006598680266,7.074585082983404e-05
91	1737959818	5000.0	0.001	6.6034e-05	-0.634388	0.8760159568086383,0.1201244951009798,0.003834633073385323,2.4915016996600678e-05
92	2764738956	5000.0	0.001	6.6034e-05	0.052535	0.9536562287542492,0.046031433713257346,0.00015352929414117177,0.00015880823835232955
93	1097314703	5000.0	0.001	6.6034e-05	0.537159	0.8947166966606679,0.10404791041791642,0.0012353529294141172,3.9992001599680065e-08
94	2829980051	5000.0	0.001	6.6034e-05	0.060520	0.953350449910018,0.044986042791441715,0.001663147370525895,3.5992801439712056e-07
95	1009883542	5000.0	0.001	6.6034e-05	-0.329261	0.9501322935412917,0.04696384723055389,0.0029035392921415715,3.199360127974405e-07
103	548086192	5000.0	0.001	6.6034e-05	0.099466	0.964484423115377,0.03439800039992002,0.001112897420515897,4.679064187162567e-06
99	1146329510	5000.0	0.001	6.6034e-05	-0.102488	0.9809447310537892,0.019041511697660468,1.3757248550289942e-05
96	2778804634	5000.0	0.001	6.6034e-05	-0.193329	0.9316416716656669,0.06821671665666866,0.0001416116776644671
101	269023661	5000.0	0.001	6.6034e-05	0.069731	0.9692980603879224,0.02981787642471506,0.0008839432113577284,1.199760047990402e-07
97	4096313756	5000.0	0.001	6.6034e-05	-0.119876	0.9394717056588682,0.060083023395320935,0.0004451509698060388,1.199760047990402e-07
98	2283065760	5000.0	0.001	6.6034e-05	-0.557590	0.925571925614877,0.0731252949410118,0.0012940211957608479,8.758248350329933e-06
100	2196029862	5000.0	0.001	6.6034e-05	0.281410	0.9662771845630874,0.03352841431713657,0.0001944011197760448
105	3633858994	5000.0	0.001	6.6034e-05	-0.015795	0.9687853629274145,0.031142091581683663,7.254549090181963e-05
83	2892310909	5000.0	0.001	6.6034e-05	-0.002982	0.9656466306738652,0.03423883223355329,0.0001145370925814837
102	1646559663	5000.0	0.001	6.6034e-05	-0.004798	0.9771440111977604,0.022838312337532495,1.767646470705859e-05
106	3208843705	5000.0	0.001	6.6034e-05	0.004759	0.9867196560687862,0.013252789442111577,2.7554489102179565e-05
104	3844225457	5000.0	0.001	6.6034e-05	0.024155	0.9789408518296341,0.019137852429514098,0.0018817836432713456,3.9512097580483906e-05
107	109183420	5000.0	0.001	6.6034e-05	0.039509	0.9580265946810638,0.0418375924815037,0.0001358128374325135
108	1604895168	5000.0	0.001	6.6034e-05	0.092639	0.9405613277344531,0.05663267346530694,0.00280247950409918,3.5192961407718455e-06
111	3390749150	5000.0	0.001	6.6034e-05	0.015230	0.9065048590281943,0.086675224955009,0.0068014397120575885,1.847630473905219e-05
112	1868534243	5000.0	0.001	6.6034e-05	-0.116260	0.9469568886222756,0.05285730853829234,0.0001857628474305139,3.9992001599680065e-08
113	836309478	5000.0	0.001	6.6034e-05	0.040377	0.9858907018596281,0.013658548290341932,0.0004489502099580084,1.799640071985603e-06
115	723739118	5000.0	0.001	6.6034e-05	0.249485	0.9532775844831034,0.046410437912417515,0.0003119376124775045,3.9992001599680065e-08
117	2467457528	5000.0	0.001	6.6034e-05	-0.134473	0.9375603679264147,0.05765762847430514,0.0046836632673465306,9.834033193361328e-05
116	1565846001	5000.0	0.001	6.6034e-05	-0.120493	0.9710673065386922,0.028801519696060787,0.0001311737652469506
118	1852305916	5000.0	0.001	6.6034e-05	-0.070167	0.9797623675264947,0.019451589682063588,0.0007852829434113177,7.598480303939212e-07
122	1327325702	5000.0	0.001	6.6034e-05	-0.233167	0.945538372325535,0.05429378124375125,0.00016784643071385722
123	231569929	5000.0	0.001	6.6034e-05	0.294446	0.9437360127974405,0.055956688662267544,0.00030633873225354927,9.598080383923216e-07
119	2166888959	5000.0	0.001	6.6034e-05	-0.473288	0.9141025794841032,0.08576732653469306,0.00013009398120375924
126	2356707855	5000.0	0.001	6.6034e-05	0.107474	0.9528099180163967,0.04675600879824035,0.0004300339932013597,4.039192161567687e-06
121	2681752067	5000.0	0.001	6.6034e-05	0.697783	0.910891701659668,0.08899872025594881,0.00010957808438312337
120	3282719234	5000.0	0.001	6.6034e-05	-0.238375	0.7076177564487103,0.28405862827434514,0.00800871825634873,0.0003148970205958808
124	1310159370	5000.0	0.001	6.6034e-05	0.039314	0.9828779844031194,0.01704711057788442,7.490501899620076e-05
128	3691375118	5000.0	0.001	6.6034e-05	0.104224	0.9215411317736453,0.07038408318336332,0.008072945410917817,1.839632073585283e-06
125	1586260494	5000.0	0.001	6.6034e-05	-0.129964	0.9667083783243351,0.03310429914017197,0.00018728254349130173,3.9992001599680065e-08
129	1005890069	5000.0	0.001	6.6034e-05	-0.599398	0.8786462307538492,0.12053693261347731,0.0008165966806638672,2.399520095980804e-07
127	2950355471	5000.0	0.001	6.6034e-05	0.141941	0.9602567086582684,0.03850229954009198,0.0012408318336332733,1.5996800639872026e-07
131	143000112	5000.0	0.001	6.6034e-05	-0.383151	0.9298630673865227,0.06623003399320136,0.003906498700259948,3.9992001599680065e-07
109	1468668357	5000.0	0.001	6.6034e-05	-0.058938	0.9831236152769446,0.016821875624875023,5.450909818036393e-05
110	2596372937	5000.0	0.001	6.6034e-05	-1.434408	0.6853106578684263,0.28398208358328336,0.028441031793641273,0.0022649470105978804,1.279744051189762e-06
132	989186615	5000.0	0.001	6.6034e-05	-0.140321	0.9142412717456508,0.07822083583283343,0.0075320935812837435,5.798840231953609e-06
135	3368471107	5000.0	0.001	6.6034e-05	0.001924	0.9854101579684064,0.014541051789642071,4.879024195160968e-05
130	3207051808	5000.0	0.001	6.6034e-05	-0.055957	0.9838215156968606,0.016113057388522294,6.542691461707658e-05
134	3885222463	5000.0	0.001	6.6034e-05	0.088668	0.9405073785242951,0.05661011797640472,0.002882343531293741,1.5996800639872026e-07
136	4048095813	5000.0	0.001	6.6034e-05	0.046336	0.9431708058388323,0.056786362727454506,4.283143371325735e-05
133	3966886462	5000.0	0.001	6.6034e-05	0.058383	0.974335172965407,0.02565494901019796,9.878024395120976e-06
137	4262462042	5000.0	0.001	6.6034e-05	-1.188843	0.8420678664267146,0.15605530893821234,0.0018737052589482103,3.119376124775045e-06
138	145214044	5000.0	0.001	6.6034e-05	-0.663017	0.7766617076584683,0.21042699460107978,0.01287746450709858,3.3833233353329335e-05
139	1357150818	5000.0	0.001	6.6034e-05	0.381254	0.8953187362527495,0.10370657868426315,0.0009745650869826035,1.199760047990402e-07
140	1872278116	5000.0	0.001	6.6034e-05	-0.582407	0.9251433313337333,0.07320115976804639,0.001655508898220356
141	2782130790	5000.0	0.001	6.6034e-05	0.192978	0.9474291941611678,0.05217344531093781,0.00039736052789442113
114	4092858858	5000.0	0.001	6.6034e-05	0.057935	0.9010982603479304,0.09845830833833233,0.00044343131373725253
153	4174062230	5000.0	0.001	6.6034e-05	0.905709	0.9176306338732254,0.0820883823235353,0.0002786642671465707,2.319536092781444e-06
146	142733938	5000.0	0.001	6.6034e-05	-0.092522	0.9786267946410718,0.021363167366526693,1.0037992401519696e-05
145	1535287921	5000.0	0.001	6.6034e-05	0.372672	0.9475786442711458,0.04623163367326535,0.004020395920815837,0.0021689662067586484,3.5992801439712056e-07
147	3807949440	5000.0	0.001	6.6034e-05	-0.141903	0.9140395520895821,0.08078172365526895,0.005084383123375325,9.434113177364527e-05
149	645638787	5000.0	0.001	6.6034e-05	-0.117435	0.9561159368126375,0.0435750449910018,0.0003089382123575285,7.998400319936013e-08
142	2586157673	5000.0	0.001	6.6034e-05	0.233659	0.9704896620675865,0.029453149370125976,5.718856228754249e-05
155	3484799641	5000.0	0.001	6.6034e-05	-0.310188	0.9476871825634873,0.05224619076184763,6.662667466506699e-05
150	1081586312	5000.0	0.001	6.6034e-05	0.223715	0.9615771645670865,0.038360367926414715,6.246750649870026e-05
154	1202639510	5000.0	0.001	6.6034e-05	-0.038269	0.9652221955608878,0.03472213557288542,5.566886622675465e-05
143	2543348330	5000.0	0.001	6.6034e-05	0.564924	0.9183254949010198,0.08040147970405918,0.001272745450909818,2.7994401119776043e-07
148	2437593729	5000.0	0.001	6.6034e-05	1.369773	0.8321055388922216,0.16550993801239752,0.0023844431113777243,7.998400319936013e-08
152	254685842	5000.0	0.001	6.6034e-05	0.428082	0.8858211557688462,0.10543319336132774,0.008380723855228955,0.00036492701459708057
144	2072871533	5000.0	0.001	6.6034e-05	0.233787	0.9030018396320736,0.09410853829234153,0.0028894621075784845,1.5996800639872026e-07
151	2008263304	5000.0	0.001	6.6034e-05	0.558444	0.9242467106578685,0.07485530893821236,0.0008978604279144171,1.199760047990402e-07
157	2518971039	5000.0	0.001	6.6034e-05	-0.077018	0.8785646870625875,0.12049470105978805,0.0009405318936212757,7.998400319936013e-08
156	736060061	5000.0	0.001	6.6034e-05	-0.668792	0.9037161367726455,0.09497212557488502,0.0013081783643271346,3.5592881423715255e-06
158	1931852447	5000.0	0.001	6.6034e-05	-0.091469	0.9466791041791641,0.05326798640271946,5.2909418116376724e-05
159	4072594090	5000.0	0.001	6.6034e-05	0.099319	0.9064091581683663,0.0929999600079984,0.000590881823635273
160	3424965291	5000.0	0.001	6.6034e-05	-0.582283	0.9183776844631074,0.08121591681663667,0.00040639872025594883
161	3646196396	5000.0	0.001	6.6034e-05	-0.199101	0.9375030193961208,0.062210837832433516,0.00028614277144571083
170	3230679773	5000.0	0.001	6.6034e-05	0.143992	0.9011349330133973,0.09034749050189962,0.008508498300339931,9.078184363127375e-06
164	3706149558	5000.0	0.001	6.6034e-05	0.044111	0.9758515496900619,0.020779204159168167,0.0033635672865426915,5.678864227154569e-06
173	46961382	5000.0	0.001	6.6034e-05	0.060078	0.9726258348330334,0.02732353529294141,5.062987402519496e-05
165	2023299771	5000.0	0.001	6.6034e-05	0.172374	0.923337652469506,0.07501635672865427,0.0016455108978204358,4.799040191961608e-07
175	2271451891	5000.0	0.001	6.6034e-05	0.196594	0.9148365526894621,0.08452105578884223,0.0006423915216956608
174	1929628395	5000.0	0.001	6.6034e-05	0.122205	0.9636888622275545,0.034997080583883226,0.001312617476504699,1.4397120575884822e-06
162	3711625909	5000.0	0.001	6.6034e-05	-0.068006	0.9668209558088382,0.03314593081383723,3.3113377324535094e-05
179	768054015	5000.0	0.001	6.6034e-05	0.089707	0.9623063387322536,0.036018396320735856,0.0016752649470105979
177	1280240378	5000.0	0.001	6.6034e-05	0.166795	0.9138543091381723,0.08589950009998,0.00024619076184763047
180	2430776063	5000.0	0.001	6.6034e-05	-0.066521	0.988398400319936,0.011537212557488503,6.43871225754849e-05
172	57260771	5000.0	0.001	6.6034e-05	-0.596886	0.7766175164967006,0.20498480303939212,0.01832029594081184,7.738452309538092e-05
166	585769662	5000.0	0.001	6.6034e-05	0.304314	0.9552127974405119,0.044696420715856826,9.078184363127375e-05
167	2331871935	5000.0	0.001	6.6034e-05	0.202868	0.9763858028394321,0.019220835832833433,0.004392721455708858,6.39872025594881e-07
168	1456108244	5000.0	0.001	6.6034e-05	0.103673	0.9732974605078984,0.026118576284743053,0.0005834833033393322,4.799040191961608e-07
163	2481767094	5000.0	0.001	6.6034e-05	0.049439	0.9291575684863027,0.06634917016596681,0.004481823635272946,1.1437712457508499e-05
171	2611313375	5000.0	0.001	6.6034e-05	0.451786	0.8993300139972006,0.09583155368926215,0.004837912417516497,5.198960207958409e-07
178	2996065022	5000.0	0.001	6.6034e-05	0.028326	0.9751485702859428,0.019679744051189763,0.005166046790641872,5.6388722255548894e-06
176	312189689	5000.0	0.001	6.6034e-05	0.058781	0.9760783043391321,0.023560967806438713,0.00035416916616676664,6.55868826234753e-06
181	1372441345	5000.0	0.001	6.6034e-05	-1.378889	0.8596584283143371,0.1394491901619676,0.0008922215556888622,1.5996800639872026e-07
182	2748490498	5000.0	0.001	6.6034e-05	-0.106180	0.97439800039992,0.025431873625274944,0.000170125974805039
188	415445785	5000.0	0.001	6.6034e-05	-0.006501	0.9513994801039792,0.0448501099780044,0.00374873025394921,1.6796640671865626e-06
185	2366546701	5000.0	0.001	6.6034e-05	0.036529	0.9438403119376125,0.055396840631873626,0.0007627674465106979,7.998400319936013e-08
183	1365539587	5000.0	0.001	6.6034e-05	1.069208	0.8365810837832434,0.1563505298940212,0.006883343331333733,0.00018504299140171965
184	405424906	5000.0	0.001	6.6034e-05	-0.385950	0.8747057788442312,0.12425554889022196,0.0010383123375324935,3.5992801439712056e-07
186	1224520466	5000.0	0.001	6.6034e-05	0.129990	0.925332973405319,0.07438392321535693,0.0002817436512697461,1.3597280543891223e-06
189	2534325018	5000.0	0.001	6.6034e-05	-0.107756	0.9712488302339533,0.028730413917216556,2.0755848830233953e-05
200	2581349189	5000.0	0.001	6.6034e-05	-0.036761	0.983464827034593,0.01631013797240552,0.00022495500899820037,7.998400319936013e-08
191	698538785	5000.0	0.001	6.6034e-05	0.019018	0.948470025994801,0.05143223355328934,9.774045190961808e-05
194	1075544874	5000.0	0.001	6.6034e-05	-0.015501	0.9659362527494502,0.033860507898420315,0.00020323935212957409
193	2337868582	5000.0	0.001	6.6034e-05	0.183631	0.902879624075185,0.09486546690661868,0.0020342331533693262,0.00022063587282543492,3.9992001599680065e-08
192	608178979	5000.0	0.001	6.6034e-05	-0.422478	0.9234337932413518,0.07276104779044192,0.0028629074185162967,0.000942251549690062
187	3801316118	5000.0	0.001	6.6034e-05	0.086721	0.919726174765047,0.07770093981203759,0.0025383323335332933,3.443311337732454e-05,1.199760047990402e-07
190	3413134105	5000.0	0.001	6.6034e-05	-0.361159	0.9229162567486503,0.07548970205958808,0.0015939612077584483,7.998400319936013e-08
199	3439924031	5000.0	0.001	6.6034e-05	-0.101352	0.8243748050389922,0.1692632673465307,0.006359728054389122,2.1995600879824035e-06
196	704766764	5000.0	0.001	6.6034e-05	-0.312943	0.9512445110977804,0.032544331133773245,0.015877704459108178,0.00033345330933813236
198	3975156543	5000.0	0.001	6.6034e-05	-0.118318	0.9640505898820236,0.03556344731053789,0.00038564287142571485,3.199360127974405e-07
197	486757166	5000.0	0.001	6.6034e-05	0.019537	0.9879358528294341,0.009895980803839232,0.002167966406718656,1.9996000799840033e-07
195	99318571	5000.0	0.001	6.6034e-05	-0.147379	0.9607388122375525,0.03867278544291142,0.0005883623275344931,3.9992001599680065e-08
169	4065671897	5000.0	0.001	6.6034e-05	0.024066	0.9653613677264548,0.03356632673465307,0.0010718256348730255,4.799040191961608e-07
202	1832852298	5000.0	0.001	6.6034e-05	0.280475	0.9559674465106979,0.04201063787242552,0.002016116776644671,5.798840231953609e-06
206	4255640410	5000.0	0.001	6.6034e-05	-0.376196	0.9364444711057789,0.06343643271345731,0.00011881623675264948,2.7994401119776043e-07
201	2345227078	5000.0	0.001	6.6034e-05	-0.228907	0.8937043391321736,0.10535876824635072,0.0009346130773845231,2.279544091181764e-06
210	1342628706	5000.0	0.001	6.6034e-05	1.185000	0.7610630273945211,0.23027998400319935,0.008091701659668066,0.000565126974605079,1.5996800639872026e-07
212	3797592936	5000.0	0.001	6.6034e-05	0.528712	0.9401469306138772,0.05961379724055189,0.0002391121775644871,1.5996800639872026e-07
209	3615593313	5000.0	0.001	6.6034e-05	0.050889	0.9767181363727254,0.023117016596680664,0.00016484703059388122
220	3069758325	5000.0	0.001	6.6034e-05	0.853789	0.9356659468106379,0.05785126974605079,0.00643875224955009,4.403119376124775e-05
203	1877775185	5000.0	0.001	6.6034e-05	-0.316885	0.9093318136372726,0.0798742651469706,0.010000399920015998,0.000793001399720056,5.198960207958409e-07
215	1412260719	5000.0	0.001	6.6034e-05	0.125481	0.9278421115776845,0.07185274945010998,0.0003051389722055589
216	2744415088	5000.0	0.001	6.6034e-05	-1.355662	0.8670985802839433,0.13136412717456508,0.0015348930213957208,2.399520095980804e-06
205	3195165529	5000.0	0.001	6.6034e-05	-0.033234	0.9845001399720056,0.0154124375124975,8.742251549690062e-05
204	3701248854	5000.0	0.001	6.6034e-05	0.005467	0.9426321935612877,0.049839232153569286,0.007522095580883823,6.47870425914817e-06
214	3611769707	5000.0	0.001	6.6034e-05	0.394298	0.8137948410317937,0.16688166366726653,0.01924763047390522,7.586482703459308e-05
213	1602614122	5000.0	0.001	6.6034e-05	0.312376	0.9710508298340332,0.02885878824235153,9.038192361527694e-05
218	112606064	5000.0	0.001	6.6034e-05	0.477597	0.741501699660068,0.2542735052989402,0.004223475304939012,1.319736052789442e-06
211	1352530791	5000.0	0.001	6.6034e-05	0.317995	0.914328774245151,0.08401271745650869,0.0016421915616876624,1.6316736652669465e-05
217	1480625008	5000.0	0.001	6.6034e-05	0.146264	0.9505368526294741,0.04892077584483103,0.0005422915416916617,7.998400319936013e-08
207	684745561	5000.0	0.001	6.6034e-05	0.349496	0.9431146570685863,0.05608266346730654,0.0006981003799240152,0.00010457908418316337
208	2251361116	5000.0	0.001	6.6034e-05	-0.622257	0.9301919216156769,0.053086662667466505,0.014419676064787043,0.0022620675864827035,3.967206558688262e-05
219	3946134387	5000.0	0.001	6.6034e-05	0.204951	0.9709487702459508,0.028482903419316138,0.0005683263347330534
223	692964220	5000.0	0.001	6.6034e-05	-0.037943	0.9477741651669666,0.05213897220555889,8.68626274745051e-05
221	4125025142	5000.0	0.001	6.6034e-05	0.326421	0.9219326534693061,0.07415952809438113,0.0039021395720855827,5.678864227154569e-06
230	1648077705	5000.0	0.001	6.6034e-05	-0.252868	0.9221442511497701,0.0770265146970606,0.0008196760647870426,9.558088382323535e-06
224	278047614	5000.0	0.001	6.6034e-05	0.230073	0.9682707058588282,0.028442671465706858,0.003285622875424915,9.998000399920016e-07
231	1476701068	5000.0	0.001	6.6034e-05	-0.134969	0.9009045390921816,0.0896761447710458,0.009300699860027994,0.00011861627674465107
235	2807403421	5000.0	0.001	6.6034e-05	-0.384881	0.958122575484903,0.040654149170165965,0.0012232753449310139
228	3429211013	5000.0	0.001	6.6034e-05	-0.186135	0.9659715656868626,0.03380491901619676,0.0002235152969406119
233	2793651090	5000.0	0.001	6.6034e-05	-0.058011	0.9491027794441111,0.050586122775444914,0.00031105778844231155,3.9992001599680065e-08
234	3353246615	5000.0	0.001	6.6034e-05	-0.050281	0.9813514897020595,0.018477024595080983,0.0001714857028594281
229	4014924680	5000.0	0.001	6.6034e-05	0.166754	0.8983225354929014,0.09931853629274146,0.002358368326334733,5.598880223955209e-07
225	2592000896	5000.0	0.001	6.6034e-05	0.292647	0.9544419116176764,0.04416364727054589,0.0013944011197760447,3.9992001599680065e-08
240	1131576244	5000.0	0.001	6.6034e-05	0.294512	0.9319116576684663,0.06772901419716057,0.0003593281343731254
222	2384929658	5000.0	0.001	6.6034e-05	-0.714422	0.830674625074985,0.151749650069986,0.017488782243551288,8.694261147770446e-05
232	1531102095	5000.0	0.001	6.6034e-05	0.513693	0.907583123375325,0.08590521895620876,0.00650129974005199,1.0357928414317136e-05
226	964205441	5000.0	0.001	6.6034e-05	0.358844	0.9508731453709258,0.04852989402119576,0.0005969606078784244
239	253975475	5000.0	0.001	6.6034e-05	0.255616	0.9420896220755849,0.05692385522895421,0.0009864427114577084,7.998400319936013e-08
227	3632874371	5000.0	0.001	6.6034e-05	-0.126835	0.9352193161367727,0.06416744651069786,0.0006131973605278944,3.9992001599680065e-08
237	2287094694	5000.0	0.001	6.6034e-05	-0.800545	0.7727748050389922,0.21803143371325734,0.009184603079384124,9.158168366326734e-06
238	2994793386	5000.0	0.001	6.6034e-05	0.050938	0.967883223355329,0.031949650069986006,0.000167126574685063
236	2329070496	5000.0	0.001	6.6034e-05	0.333016	0.9363240151969606,0.06332833433313337,0.0003476104779044191,3.9992001599680065e-08
241	1678580664	5000.0	0.001	6.6034e-05	-0.235085	0.9086207558488303,0.08882943411317737,0.00254373125374925,6.07878424315137e-06
243	4233962431	5000.0	0.001	6.6034e-05	0.061051	0.9485430513897221,0.051320895820835835,0.00013605278944211157
244	1275595718	5000.0	0.001	6.6034e-05	-0.208258	0.9413397320535892,0.05801755648870226,0.0006408318336332733,1.879624075184963e-06
242	4293764028	5000.0	0.001	6.6034e-05	0.632622	0.9172591481703659,0.08252177564487102,0.00021907618476304738
248	660446164	5000.0	0.001	6.6034e-05	-0.538871	0.8815420115976804,0.11614773045390922,0.0022644271145770846,4.5830833833233356e-05
250	393343959	5000.0	0.001	6.6034e-05	-0.059352	0.8938629074185163,0.10515204959008198,0.0009811637672465508,3.879224155168966e-06
251	3271691226	5000.0	0.001	6.6034e-05	0.216678	0.9640549890021995,0.03585394921015797,9.058188362327534e-05,4.799040191961608e-07
260	1939860532	5000.0	0.001	6.6034e-05	-0.142773	0.9758115576884623,0.024144331133773244,4.411117776444711e-05
254	766288879	5000.0	0.001	6.6034e-05	0.310052	0.9228296340731854,0.07659452109578084,0.0005758448310337933
245	1037978570	5000.0	0.001	6.6034e-05	-0.195274	0.9653244951009798,0.03376640671865627,0.0009090981803639272
253	102448094	5000.0	0.001	6.6034e-05	0.105652	0.9757342131573685,0.024088102379524096,0.00017768446310737854
257	304645156	5000.0	0.001	6.6034e-05	-0.108711	0.9435458108378324,0.054931653669266146,0.0015036992601479705,1.879624075184963e-05,3.9992001599680065e-08
247	1327250387	5000.0	0.001	6.6034e-05	-0.412204	0.959472825434913,0.0401125774845031,0.0004145970805838832
256	2422105113	5000.0	0.001	6.6034e-05	-0.342615	0.9058877024595081,0.09389542091581683,0.000216876624675065
249	451924947	5000.0	0.001	6.6034e-05	0.959658	0.9109053389322136,0.08734241151769646,0.0017522095580883824,3.9992001599680065e-08
246	3382389707	5000.0	0.001	6.6034e-05	-0.276614	0.9320108778244351,0.06291393721255749,0.0048491501699660065,0.000225874825034993,1.5996800639872026e-07
258	1993628718	5000.0	0.001	6.6034e-05	-0.463067	0.9330207558488303,0.06693313337332533,4.6110777844431116e-05
259	2088830004	5000.0	0.001	6.6034e-05	-0.162448	0.9243936412717456,0.0745496100779844,0.0010567086582683463,3.9992001599680065e-08
252	137905117	5000.0	0.001	6.6034e-05	-0.104061	0.9196897820435913,0.07927094581083784,0.001038872225554889,3.9992001599680065e-07
255	2015187978	5000.0	0.001	6.6034e-05	-0.479235	0.9329830833833234,0.06665410917816436,0.00036252749450109976,2.7994401119776043e-07
261	3794082875	5000.0	0.001	6.6034e-05	1.404137	0.7207707658468306,0.2625794441111778,0.016466706658668267,0.00018308338332333532
265	3565683786	5000.0	0.001	6.6034e-05	-0.017692	0.9632056788642271,0.03660115976804639,0.00019316136772645472
266	869157969	5000.0	0.001	6.6034e-05	0.012678	0.9649928014397121,0.03494421115776845,6.242751449710058e-05,5.598880223955209e-07
273	2214798445	5000.0	0.001	6.6034e-05	0.082361	0.9722871825634873,0.02564239152169566,0.0020665066986602677,3.919216156768646e-06
263	2877187141	5000.0	0.001	6.6034e-05	0.117121	0.8954466306738652,0.10258988202359529,0.00196120775844831,2.2395520895820834e-06,3.9992001599680065e-08
264	3388798023	5000.0	0.001	6.6034e-05	-0.103639	0.9749522895420916,0.02491469706058788,0.00013173365326934612,1.279744051189762e-06
272	3532881000	5000.0	0.001	6.6034e-05	-1.474408	0.7104873825234953,0.2844159568086383,0.005095740851829634,9.198160367926415e-07
271	1107819624	5000.0	0.001	6.6034e-05	-1.121900	0.8611158968206358,0.13684375124975004,0.002040271945610878,7.998400319936013e-08
276	1729531039	5000.0	0.001	6.6034e-05	-0.057568	0.9542481103779245,0.04551637672465507,0.0002355128974205159
281	2174860460	5000.0	0.001	6.6034e-05	0.505911	0.8722115576884623,0.12687742451509698,0.0009109378124375125,7.998400319936013e-08
267	3348997211	5000.0	0.001	6.6034e-05	-0.028812	0.9653132973405318,0.034470745850829834,0.00021595680863827234
277	1701395616	5000.0	0.001	6.6034e-05	-0.081973	0.9710247950409918,0.028941851629674064,3.335332933413317e-05
275	243248266	5000.0	0.001	6.6034e-05	-0.036058	0.9653001399720056,0.03461995600879824,7.990401919616077e-05
280	1753986215	5000.0	0.001	6.6034e-05	-0.344050	0.9616759848030394,0.03522011597680464,0.003099900019996001,3.999200159968006e-06
268	349563996	5000.0	0.001	6.6034e-05	-0.306639	0.9636743451309738,0.036276064787042595,4.959008198360328e-05
278	1003695263	5000.0	0.001	6.6034e-05	-1.159702	0.8863098180363927,0.09975480903819237,0.013894381123775244,4.0991801639672064e-05
270	1845642343	5000.0	0.001	6.6034e-05	-0.153891	0.9655140571885623,0.03430509898020396,0.00017996400719856028,8.798240351929614e-07
274	3238792309	5000.0	0.001	6.6034e-05	-0.354220	0.9584569886022796,0.040858348330333936,0.0006845830833833234,7.998400319936013e-08
262	2235845692	5000.0	0.001	6.6034e-05	0.386798	0.8814261147770446,0.11357852429514097,0.004995200959808039,1.5996800639872026e-07
269	4105495645	5000.0	0.001	6.6034e-05	2.052830	0.7552317536492702,0.24225722855428913,0.0025109378124375126,7.998400319936013e-08
279	2441835683	5000.0	0.001	6.6034e-05	-0.794955	0.8923600879824035,0.10715216956608678,0.00048774245150969806
282	1048761519	5000.0	0.001	6.6034e-05	0.090749	0.9745734453109378,0.0246126374725055,0.000813877224555089,3.9992001599680065e-08
283	3484236976	5000.0	0.001	6.6034e-05	-0.038496	0.9250810237952409,0.07158044391121776,0.003304899020195961,3.3633273345330936e-05
285	736658620	5000.0	0.001	6.6034e-05	0.203020	0.8936784643071386,0.10018012397520495,0.006140211957608478,1.199760047990402e-06
286	803239100	5000.0	0.001	6.6034e-05	-0.147292	0.9488139172165567,0.05003155368926215,0.0011540891821635673,4.399120175964807e-07
290	2968536271	5000.0	0.001	6.6034e-05	-2.857575	0.694351449710058,0.2968527094581084,0.008784203159368127,1.16376724655069e-05
288	2960620749	5000.0	0.001	6.6034e-05	0.258779	0.9320869826034793,0.06674125174965007,0.0011714457108578285,3.199360127974405e-07
297	800148723	5000.0	0.001	6.6034e-05	0.166931	0.8339623675264947,0.16280835832833435,0.0032172765446910616,1.199760047990402e-05
296	2781551852	5000.0	0.001	6.6034e-05	-0.024869	0.9412453909218156,0.05849626074785043,0.0002583483303339332
292	692047063	5000.0	0.001	6.6034e-05	0.142890	0.9745712857428515,0.02536872625474905,5.99880023995201e-05
284	3918531769	5000.0	0.001	6.6034e-05	-0.176772	0.9679786442711458,0.03194709058188362,7.426514697060587e-05
289	2117426383	5000.0	0.001	6.6034e-05	-0.041182	0.9443722855428914,0.055025074985002996,0.0006024795040991802,1.5996800639872026e-07
295	2309350631	5000.0	0.001	6.6034e-05	0.027915	0.9646383123375325,0.035304539092181564,5.698860227954409e-05,1.5996800639872026e-07
287	508058823	5000.0	0.001	6.6034e-05	0.028631	0.9666219956008798,0.03221967606478704,0.0011579684063187364,3.5992801439712056e-07
293	518175965	5000.0	0.001	6.6034e-05	-0.036945	0.9562511097780444,0.043237632473505296,0.00051125774845031
300	23319795	5000.0	0.001	6.6034e-05	-0.334678	0.9448475104979004,0.054890501899620074,0.0002619476104779044,3.9992001599680065e-08
303	42099970	5000.0	0.001	6.6034e-05	0.212525	0.9610098380323935,0.038658108378324334,0.00033189362127574487,1.5996800639872026e-07
294	1626119393	5000.0	0.001	6.6034e-05	-0.025548	0.968671625674865,0.030528534293141372,0.0007996000799840032,2.399520095980804e-07
299	2757565683	5000.0	0.001	6.6034e-05	0.522125	0.9240451909618076,0.07533537292541492,0.0006183563287342532,1.0797840431913617e-06
302	1239860477	5000.0	0.001	6.6034e-05	1.745927	0.7551154169166167,0.24348038392321536,0.001401879624075185,2.319536092781444e-06
291	3340838100	5000.0	0.001	6.6034e-05	-0.134233	0.9809103379324136,0.01904367126574685,4.599080183963207e-05
298	3212311796	5000.0	0.001	6.6034e-05	0.001399	0.9658173965206959,0.03325282943411318,0.0009285342931413717,1.2397520495900819e-06
301	641193207	5000.0	0.001	6.6034e-05	-0.163857	0.943833673265347,0.05566978604279144,0.0004965406918616276
305	473054477	5000.0	0.001	6.6034e-05	0.113966	0.9332579084183164,0.06570433913217356,0.001037752449510098
306	2322224410	5000.0	0.001	6.6034e-05	-0.106646	0.9643434113177365,0.033486782643471304,0.0021695660867826435,2.399520095980804e-07
309	2120004897	5000.0	0.001	6.6034e-05	0.200375	0.920056948610278,0.07520407918416316,0.004737812437512498,1.159768046390722e-06
310	3180320035	5000.0	0.001	6.6034e-05	0.018049	0.9868686662667466,0.012976524695060988,0.00015480903819236152
307	315376923	5000.0	0.001	6.6034e-05	-0.139445	0.901174325134973,0.09743639272145571,0.0013890421915616876,2.399520095980804e-07
308	2625787167	5000.0	0.001	6.6034e-05	-0.107047	0.9472176364727054,0.050283223355328935,0.0024980203959208158,1.1197760447910417e-06
304	3398278413	5000.0	0.001	6.6034e-05	0.061097	0.9675436512697461,0.032391761647670464,6.45870825834833e-05
312	3215555879	5000.0	0.001	6.6034e-05	-0.078632	0.9642813037392521,0.035041671665666865,0.0006732653469306138,3.759248150369926e-06
315	1171414319	5000.0	0.001	6.6034e-05	0.129905	0.975492901419716,0.02446382723455309,4.327134573085383e-05
311	3900230949	5000.0	0.001	6.6034e-05	0.284726	0.946498100379924,0.05340135972805439,0.00010053989202159568
316	926414138	5000.0	0.001	6.6034e-05	-0.673327	0.9161158168366327,0.08382767446510699,5.650869826034793e-05
313	827606315	5000.0	0.001	6.6034e-05	0.073267	0.9777777644471106,0.022183363327334532,3.887222555488902e-05
314	2655391021	5000.0	0.001	6.6034e-05	-0.223555	0.934697100579884,0.06471193761247751,0.0005909618076384724
317	87495994	5000.0	0.001	6.6034e-05	0.455310	0.886959048190362,0.10135416916616677,0.011664747050589883,2.2035592881423716e-05
323	2725147983	5000.0	0.001	6.6034e-05	-0.154120	0.9730996600679864,0.026785682863427314,0.00011465706858628274
320	3649254728	5000.0	0.001	6.6034e-05	-0.117239	0.9685432113577285,0.030705778844231153,0.0007510097980403919
321	2743166281	5000.0	0.001	6.6034e-05	0.504134	0.8623668466306739,0.13113489302139572,0.006497860427914417,3.9992001599680065e-07
325	4208293206	5000.0	0.001	6.6034e-05	0.686003	0.9291114177164567,0.06854605078984204,0.00234249150169966,3.9992001599680065e-08
319	2965314880	5000.0	0.001	6.6034e-05	1.409770	0.784679224155169,0.21346134773045392,0.001859228154369126,1.9996000799840033e-07
322	1281686858	5000.0	0.001	6.6034e-05	-0.037264	0.9824327934413117,0.017526054789042192,4.1151769646070786e-05
326	1205603680	5000.0	0.001	6.6034e-05	-0.652917	0.8968251149770046,0.10276956608678264,0.00040531893621275744
324	2668223830	5000.0	0.001	6.6034e-05	0.690394	0.8920535892821436,0.10712221555688863,0.0008241951609678065
318	357889339	5000.0	0.001	6.6034e-05	-0.538538	0.8265960407918417,0.1455732453509298,0.027742771445710857,8.794241151769646e-05
329	2103039332	5000.0	0.001	6.6034e-05	-0.401462	0.9347924815036993,0.06370377924415117,0.0015013397320535894,2.399520095980804e-06
330	744590696	5000.0	0.001	6.6034e-05	0.189453	0.9782167166566687,0.02160531893621276,0.00017796440711857628
327	2233388385	5000.0	0.001	6.6034e-05	-0.084872	0.9793892821435712,0.020594401119776045,1.6316736652669465e-05
328	71009633	5000.0	0.001	6.6034e-05	-0.182698	0.9704605878824235,0.028880943811237753,0.0006584683063387322
332	1972839793	5000.0	0.001	6.6034e-05	-0.148269	0.9765175364927015,0.022808398320335932,0.0006736652669466107,3.9992001599680065e-07
334	987194740	5000.0	0.001	6.6034e-05	-0.189862	0.9689653669266147,0.030978484303139372,5.614877024595081e-05
331	3361584490	5000.0	0.001	6.6034e-05	-0.025959	0.9778843031393721,0.0220750649870026,3.93121375724855e-05,1.319736052789442e-06
333	397839731	5000.0	0.001	6.6034e-05	-0.811109	0.9352543491301739,0.05661491701659668,0.008128094381123776,2.639472105578884e-06
336	2385603962	5000.0	0.001	6.6034e-05	-0.348069	0.7557881223755248,0.24185194961007797,0.0023569686062787443,2.959408118376325e-06
337	2645443978	5000.0	0.001	6.6034e-05	-0.133064	0.937030673865227,0.06229806038792242,0.0006573485302939412,1.3917216556688662e-05
338	2052736396	5000.0	0.001	6.6034e-05	-0.043889	0.9783444111177765,0.021604359128174364,5.122975404919016e-05
335	3938786676	5000.0	0.001	6.6034e-05	-0.016101	0.9840916216756649,0.015816916616676665,9.146170765846831e-05
339	226487696	5000.0	0.001	6.6034e-05	-0.751818	0.9038249950009998,0.09501851629674066,0.001156488702259548
340	2380051859	5000.0	0.001	6.6034e-05	2.931202	0.5951597280543891,0.3872886622675465,0.017409838032393522,0.00014177164567086582
341	2539013527	5000.0	0.001	6.6034e-05	-0.035172	0.9708767846430714,0.028959408118376325,0.00016356728654269147,2.399520095980804e-07
347	1934114228	5000.0	0.001	6.6034e-05	-0.038482	0.9409529294141171,0.05893137372525495,0.00011569686062787442
351	412259770	5000.0	0.001	6.6034e-05	0.273734	0.9588056788642272,0.04042239552089582,0.0007718456308738252,7.998400319936013e-08
354	2011932094	5000.0	0.001	6.6034e-05	0.250377	0.904815876824635,0.08944811037792441,0.0054499900019996,0.0002860227954409118
342	1723970978	5000.0	0.001	6.6034e-05	0.159932	0.9415156168766247,0.047985522895420914,0.010127814437112578,0.00037104579084183166
353	644890045	5000.0	0.001	6.6034e-05	-0.240774	0.9345650469906018,0.06520911817636472,0.00022575484903019396,7.998400319936013e-08
346	3478695347	5000.0	0.001	6.6034e-05	-0.569585	0.9362740651869627,0.05839276144771046,0.005186162767446511,0.00014697060587882423,3.9992001599680065e-08
352	876070332	5000.0	0.001	6.6034e-05	0.052626	0.9654230353929214,0.030163047390521894,0.004116496700659868,0.00029742051589682066
350	2567906744	5000.0	0.001	6.6034e-05	0.485159	0.8042530293941211,0.1904381923615277,0.005303099380123975,5.678864227154569e-06
349	389574072	5000.0	0.001	6.6034e-05	0.071429	0.9577360127974405,0.04194677064587082,0.0003172165566886623
348	1314299319	5000.0	0.001	6.6034e-05	0.057649	0.958147650469906,0.04122455508898221,0.0006277944411117776
356	1948870078	5000.0	0.001	6.6034e-05	0.255135	0.9428491101779644,0.05700847830433913,0.000142251549690062,1.5996800639872026e-07
357	4159172035	5000.0	0.001	6.6034e-05	-0.108603	0.9775159768046391,0.02211129774045191,0.0003727254549090182
359	3842962897	5000.0	0.001	6.6034e-05	-0.384051	0.9480648670265946,0.051529694061187764,0.00040539892021595683,3.9992001599680065e-08
360	81096146	5000.0	0.001	6.6034e-05	-0.204083	0.9594674665066987,0.04025498900219956,0.00027754449110177964
358	2703631816	5000.0	0.001	6.6034e-05	-0.626934	0.8512505898820236,0.14848042391521696,0.0002689862027594481
343	831387047	5000.0	0.001	6.6034e-05	0.089384	0.9572514697060588,0.04261623675264947,0.0001318136372725455,4.799040191961608e-07
355	2077722047	5000.0	0.001	6.6034e-05	-0.078923	0.9680927814437112,0.03181691661667666,8.450309938012398e-05,5.798840231953609e-06
344	2897399214	5000.0	0.001	6.6034e-05	0.879719	0.8925119776044791,0.10642207558488302,0.001065746850629874,1.9996000799840033e-07
345	1149154738	5000.0	0.001	6.6034e-05	-0.558320	0.9278001599680064,0.06675656868626274,0.005437312537492502,5.958808238352329e-06
361	534582750	5000.0	0.001	6.6034e-05	-0.534049	0.9370208358328335,0.062497780443911216,0.00048138372325534894
364	2776968675	5000.0	0.001	6.6034e-05	-0.134853	0.949169926014797,0.05060667866426714,0.00022339532093581285
377	2570284554	5000.0	0.001	6.6034e-05	-0.352742	0.9485290941811637,0.050578524295140974,0.0008923815236952609
362	2340937182	5000.0	0.001	6.6034e-05	-0.054195	0.9641730453909219,0.03566378724255149,0.00016276744651069785,3.9992001599680065e-07
363	289412579	5000.0	0.001	6.6034e-05	0.527922	0.9075252949410118,0.09183215356928615,0.00064251149770046,3.9992001599680065e-08
370	783230455	5000.0	0.001	6.6034e-05	0.159755	0.9692096380723855,0.030775404919016196,1.4957008598280344e-05
369	3174968823	5000.0	0.001	6.6034e-05	-0.352478	0.951422675464907,0.04512385522895421,0.0034500299940011998,3.4393121375724856e-06
367	99319285	5000.0	0.001	6.6034e-05	0.235698	0.8598949810037992,0.13421699660067987,0.00582131573685263,6.666666666666667e-05,3.9992001599680065e-08
365	228761060	5000.0	0.001	6.6034e-05	-0.384828	0.8462902619476105,0.1351884023195361,0.01847386522695461,4.7470505898820236e-05
366	2680761835	5000.0	0.001	6.6034e-05	0.505271	0.9349594881023795,0.06422055588882224,0.0008101579684063187,9.798040391921616e-06
374	3858382337	5000.0	0.001	6.6034e-05	-0.040530	0.9419071385722856,0.046596720655868826,0.011463267346530694,3.287342531493701e-05
378	2311368205	5000.0	0.001	6.6034e-05	-0.314253	0.8960501099780044,0.09087246550689862,0.009936012797440512,0.003140771845630874,6.39872025594881e-07
372	4124288507	5000.0	0.001	6.6034e-05	0.328134	0.9621389722055589,0.03768610277944411,0.0001749250149970006
368	2081179125	5000.0	0.001	6.6034e-05	-0.179097	0.9062277144571086,0.09322079584083183,0.0005512897420515897,1.9996000799840033e-07
376	3965255178	5000.0	0.001	6.6034e-05	0.396576	0.9167716856628674,0.0829120575884823,0.0003109378124375125,5.318936212757449e-06
375	3995641346	5000.0	0.001	6.6034e-05	0.419594	0.9156179164167166,0.06527166566686662,0.01909378124375125,1.6636672665466908e-05
371	1123608058	5000.0	0.001	6.6034e-05	-0.122074	0.9578890221955609,0.04050693861227755,0.001368886222755449,0.00023515296940611877
373	404860416	5000.0	0.001	6.6034e-05	0.030489	0.9259058588282344,0.06723963207358528,0.005322335532893421,0.001531853629274145,3.199360127974405e-07
381	911935014	5000.0	0.001	6.6034e-05	0.002035	0.9876994201159768,0.010767046590681863,0.0015334133173365327,1.199760047990402e-07
379	620424734	5000.0	0.001	6.6034e-05	-0.318240	0.8652709458108379,0.13348426314737052,0.0012447110577884423,7.998400319936013e-08
380	4231949859	5000.0	0.001	6.6034e-05	-0.075278	0.9469398120375925,0.052640351929614075,0.0004198360327934413
382	231730729	5000.0	0.001	6.6034e-05	0.131729	0.970551049790042,0.02910485902819436,0.00034409118176364725
383	2595935796	5000.0	0.001	6.6034e-05	-0.702129	0.8220997800439912,0.173275024995001,0.004618636272745451,6.55868826234753e-06
384	1336704572	5000.0	0.001	6.6034e-05	-0.072721	0.9670288342331533,0.03260235952809438,0.00036880623875224953
393	2511224410	5000.0	0.001	6.6034e-05	-0.017691	0.9734620275944811,0.026358368326334734,0.0001795640871825635,3.9992001599680065e-08
386	3610160704	5000.0	0.001	6.6034e-05	0.532476	0.8788619476104779,0.11973981203759249,0.001397760447910418,4.799040191961608e-07
394	854367836	5000.0	0.001	6.6034e-05	0.199905	0.9608506698660267,0.03770297940411917,0.0014454309138172367,9.198160367926415e-07
401	3561264762	5000.0	0.001	6.6034e-05	-0.149735	0.976189602079584,0.023794081183763246,1.6316736652669465e-05
390	3070826068	5000.0	0.001	6.6034e-05	-0.845980	0.8753022195560888,0.12326718656268747,0.00141875624875025,1.18376324735053e-05
387	948676172	5000.0	0.001	6.6034e-05	-0.064899	0.9716073185362928,0.02820743851229754,0.00018524295140971806
397	1084300898	5000.0	0.001	6.6034e-05	0.044528	0.9695059388122376,0.030364567086582684,0.00012941411717656468,7.998400319936013e-08
395	1456537181	5000.0	0.001	6.6034e-05	-0.054310	0.9777395320935813,0.02205506898620276,0.00020539892021595682
389	3735397972	5000.0	0.001	6.6034e-05	-0.171419	0.959827874425115,0.04007762447510498,9.450109978004399e-05
399	3352522359	5000.0	0.001	6.6034e-05	-1.402455	0.7868979404119176,0.2110113177364527,0.002089742051589682,9.998000399920016e-07
388	1387150925	5000.0	0.001	6.6034e-05	0.292166	0.9270351529694061,0.07204599080183963,0.0009187762447510498,7.998400319936013e-08
391	1295828567	5000.0	0.001	6.6034e-05	-0.147417	0.9075465706858629,0.08993485302939412,0.0025178964207158566,6.798640271945611e-07
392	4068824666	5000.0	0.001	6.6034e-05	0.085549	0.8118437112577485,0.18603867226554688,0.0021174565086982604,1.5996800639872026e-07
396	1100719711	5000.0	0.001	6.6034e-05	0.194692	0.939908698260348,0.059074145170965806,0.0010169166166766647,2.399520095980804e-07
400	1996101241	5000.0	0.001	6.6034e-05	0.496778	0.8735610077984403,0.11779788042391522,0.008527414517096581,0.00011369726054789042
402	1514960509	5000.0	0.001	6.6034e-05	-0.157016	0.9218711857628474,0.06788098380323936,0.010185242951409717,6.25874825034993e-05
403	3355354750	5000.0	0.001	6.6034e-05	0.103946	0.94851149770046,0.051210397920415915,0.0002781043791241752
398	513207909	5000.0	0.001	6.6034e-05	0.150885	0.9429356928614278,0.05589618076384723,0.001166606678664267,1.5196960607878424e-06
385	2618424893	5000.0	0.001	6.6034e-05	0.069038	0.9641945210957809,0.03575536892621476,5.010997800439912e-05
404	2018627199	5000.0	0.001	6.6034e-05	-0.270047	0.8800322735452909,0.11591589682063587,0.004034233153369326,1.7596480703859228e-05
405	2435255934	5000.0	0.001	6.6034e-05	0.032648	0.9610337132573485,0.038829474105178965,0.0001368126374725055
406	4151441025	5000.0	0.001	6.6034e-05	0.007400	0.9728142771445711,0.02401367726454709,0.0031714457108578285,5.99880023995201e-07
407	2310487681	5000.0	0.001	6.6034e-05	-0.550806	0.9130038392321536,0.07869474105178964,0.008192801439712058,0.00010861827634473106
411	3355618955	5000.0	0.001	6.6034e-05	0.061607	0.9617312137572486,0.0382131173765247,5.566886622675465e-05
408	216860291	5000.0	0.001	6.6034e-05	-0.192464	0.9540893821235753,0.0458253149370126,8.530293941211757e-05
414	1832744598	5000.0	0.001	6.6034e-05	-1.181465	0.8874678664267146,0.10346606678664268,0.009060827834433113,5.238952209558089e-06
412	3399704206	5000.0	0.001	6.6034e-05	-0.247296	0.9268713857228554,0.06941983603279345,0.0036979804039192162,1.0797840431913617e-05
413	416702098	5000.0	0.001	6.6034e-05	0.643955	0.9244786642671465,0.06721071785642871,0.00830141971605679,9.198160367926415e-06
415	330208921	5000.0	0.001	6.6034e-05	-0.114028	0.9235599680063987,0.07514037192561487,0.0012995800839832033,7.998400319936013e-08
420	4079369898	5000.0	0.001	6.6034e-05	0.036672	0.955231073785243,0.043844151169766046,0.0009246950609878025,7.998400319936013e-08
419	2922974886	5000.0	0.001	6.6034e-05	0.375595	0.9426320735852829,0.05704655068986203,0.0003212957408518296,7.998400319936013e-08
416	1859223202	5000.0	0.001	6.6034e-05	-0.716816	0.933400599880024,0.06629606078784243,0.00030333933213357327
410	1964387974	5000.0	0.001	6.6034e-05	-0.298519	0.9407278944211158,0.05905314937012598,0.00021895620875824834
409	593929860	5000.0	0.001	6.6034e-05	-0.252255	0.9572678664267147,0.04220887822435513,0.000523255348930214
417	865545891	5000.0	0.001	6.6034e-05	0.049043	0.9353964807038593,0.06135244951009798,0.0032309538092381526,2.0115976804639073e-05
421	2249150123	5000.0	0.001	6.6034e-05	-0.083879	0.9322923015396921,0.06696604679064187,0.0007416516696660668
418	872359590	5000.0	0.001	6.6034e-05	-1.041653	0.9178794641071786,0.04017996400719856,0.040189002199560085,0.0017508498300339932,7.198560287942411e-07
423	3545826993	5000.0	0.001	6.6034e-05	0.062521	0.9833452109578085,0.01664763047390522,7.1585682863427314e-06
422	594917038	5000.0	0.001	6.6034e-05	-0.274792	0.9357355328934213,0.06415716856628674,0.00010729854029194161
424	1515359934	5000.0	0.001	6.6034e-05	0.272372	0.9739835632873425,0.02587090581883623,0.00014553089382123575
425	4064364223	5000.0	0.001	6.6034e-05	0.079601	0.9601357328534293,0.03969282143571286,0.00017144571085782843
430	4138659541	5000.0	0.001	6.6034e-05	0.024812	0.9781538892221555,0.019033953209358127,0.002811877624475105,2.7994401119776043e-07
426	3561078463	5000.0	0.001	6.6034e-05	1.579631	0.7695192961407719,0.22798240351929613,0.0024974205158968207,8.798240351929614e-07
431	289302239	5000.0	0.001	6.6034e-05	0.200219	0.955772725454909,0.04214429114177164,0.002082743451309738,2.399520095980804e-07
429	361973449	5000.0	0.001	6.6034e-05	0.058571	0.954368126374725,0.04177932413517296,0.003851749650069986,7.998400319936013e-07
427	2750099141	5000.0	0.001	6.6034e-05	-0.000286	0.928822475504899,0.07107658468306338,0.00010093981203759249
434	589866731	5000.0	0.001	6.6034e-05	0.359238	0.8927981603679264,0.10479252149570085,0.0024078384323135372,1.4797040591881624e-06
441	1613158151	5000.0	0.001	6.6034e-05	-0.361443	0.9512369926014798,0.047707818436312735,0.0010551489702059589,3.9992001599680065e-08
437	2236944118	5000.0	0.001	6.6034e-05	0.717569	0.9036222355528895,0.09586670665866827,0.0005109778044391121,7.998400319936013e-08
442	1945048841	5000.0	0.001	6.6034e-05	-0.346834	0.9252500699860028,0.07406410717856429,0.0006858228354329134
436	3863076591	5000.0	0.001	6.6034e-05	-0.948036	0.8395986402719456,0.12593593281343732,0.02956404719056189,0.004899060187962407,2.319536092781444e-06
438	4121861881	5000.0	0.001	6.6034e-05	0.595075	0.8972317136572685,0.10244563087382523,0.00032265546890621874
432	2288486113	5000.0	0.001	6.6034e-05	0.173187	0.914527174565087,0.0848367526494701,0.0006360727854429115
444	3946817296	5000.0	0.001	6.6034e-05	-0.199928	0.9609337732453509,0.03870717856428714,0.0003587282543491302,3.199360127974405e-07
428	3072425670	5000.0	0.001	6.6034e-05	0.640604	0.8589887222555489,0.14042319536092782,0.0005880823835232953
439	1957650175	5000.0	0.001	6.6034e-05	0.235321	0.9239621275744851,0.06940251949610078,0.006631033793241352,4.319136172765447e-06
440	2993598213	5000.0	0.001	6.6034e-05	-0.018581	0.9432311137772446,0.055362407518496304,0.0014056388722255549,8.398320335932813e-07
443	364216076	5000.0	0.001	6.6034e-05	-0.460620	0.94344275144971,0.05559568086382723,0.0009615676864627075
435	1733949164	5000.0	0.001	6.6034e-05	0.016496	0.9233357328534293,0.07598976204759048,0.0006742251549690062,2.7994401119776043e-07
433	3411754722	5000.0	0.001	6.6034e-05	0.663310	0.8970387122575485,0.10237816436712657,0.000583123375324935
447	2122798877	5000.0	0.001	6.6034e-05	-0.980963	0.8325414917016597,0.1382628674265147,0.02911129774045191,8.434313137372525e-05
446	1159089946	5000.0	0.001	6.6034e-05	0.371525	0.8290205558888223,0.16879364127174565,0.002184763047390522,1.0397920415916818e-06
445	1746163482	5000.0	0.001	6.6034e-05	0.576216	0.9372627474505099,0.06238064387122576,0.00035660867826434715
448	3818276643	5000.0	0.001	6.6034e-05	0.352162	0.9218533093381324,0.07781907618476305,0.0003276144771045791
449	3872438056	5000.0	0.001	6.6034e-05	-0.649028	0.9419271345730854,0.044173965206958606,0.013809518096380724,8.934213157368527e-05,3.9992001599680065e-08
450	18683689	5000.0	0.001	6.6034e-05	0.034409	0.9807008198360327,0.018694541091781643,0.0006046390721855629
452	23082803	5000.0	0.001	6.6034e-05	-0.297486	0.9347829634073186,0.051654709058188364,0.013552329534093181,9.998000399920016e-06
451	472581938	5000.0	0.001	6.6034e-05	0.105816	0.97794625074985,0.02115124975004999,0.0009024195160967807,7.998400319936013e-08
454	1094014774	5000.0	0.001	6.6034e-05	0.101223	0.9617856028794242,0.03559476104779044,0.0026195960807838432,3.9992001599680065e-08
453	3463681843	5000.0	0.001	6.6034e-05	0.561517	0.9177970805838832,0.07996536692661468,0.002237352529494101,1.9996000799840033e-07
455	1403268920	5000.0	0.001	6.6034e-05	0.855036	0.8587917216556689,0.1377383723255349,0.0034695460907818434,3.5992801439712056e-07
458	3091791691	5000.0	0.001	6.6034e-05	-0.195293	0.9331294141171765,0.06654297140571885,0.00021879624075184963,0.00010881823635272945
457	2896541511	5000.0	0.001	6.6034e-05	0.448748	0.9193762447510498,0.08025358928214357,0.0003701659668066387
456	2410503997	5000.0	0.001	6.6034e-05	-0.718985	0.9005110177964407,0.09593097380523895,0.0035539292141571685,4.079184163167366e-06
459	1445396299	5000.0	0.001	6.6034e-05	0.123572	0.9707999200159968,0.02915088982203559,4.919016196760648e-05
462	833183573	5000.0	0.001	6.6034e-05	0.061359	0.9741364527094581,0.025045510897820436,0.0008179564087182564,7.998400319936013e-08
460	3605741389	5000.0	0.001	6.6034e-05	0.072316	0.985671225754849,0.014250149970006,7.8624275144971e-05
461	3636787023	5000.0	0.001	6.6034e-05	0.052578	0.9611856428714257,0.03827882423515297,0.000535372925414917,1.5996800639872026e-07
463	173668181	5000.0	0.001	6.6034e-05	0.021897	0.9638796640671866,0.03580155968806239,0.0003187762447510498
466	2375896947	5000.0	0.001	6.6034e-05	0.145181	0.9475966406718657,0.05199456108778244,0.0004087982403519296
465	217876333	5000.0	0.001	6.6034e-05	1.618326	0.7698199960007999,0.22610809838032395,0.004071505698860228,3.9992001599680065e-07
464	3663535965	5000.0	0.001	6.6034e-05	-0.287474	0.9586815036992602,0.041291541691661666,2.6954609078184362e-05
467	1076340596	5000.0	0.001	6.6034e-05	0.018773	0.9117875624875025,0.08784771045790842,0.0003647270545890822
470	4273827719	5000.0	0.001	6.6034e-05	0.038722	0.9845604879024196,0.015363367326534693,7.614477104579084e-05
469	3781656451	5000.0	0.001	6.6034e-05	-0.162342	0.970134573085383,0.029010917816436714,0.0008544291141771646,7.998400319936013e-08
468	469467008	5000.0	0.001	6.6034e-05	0.588134	0.8377951609678065,0.1563891621675665,0.005787402519496101,2.8274345130973805e-05
471	450762635	5000.0	0.001	6.6034e-05	0.070066	0.9520417116576685,0.04766386722655469,0.0002944211157768446
472	1981831055	5000.0	0.001	6.6034e-05	0.076949	0.8706657068586283,0.11680975804839032,0.01236360727854429,0.00016092781443711259
473	654208913	5000.0	0.001	6.6034e-05	-0.181495	0.9365951209758049,0.06223067386522695,0.0011732853429314138,9.198160367926415e-07
474	1416707993	5000.0	0.001	6.6034e-05	-0.559792	0.9096972205558889,0.08969110177964407,0.0006113577284543091,3.199360127974405e-07
475	1573109662	5000.0	0.001	6.6034e-05	-0.319320	0.9346177164567087,0.06372721455708859,0.0016515496900619876,3.5192961407718455e-06
478	2891845542	5000.0	0.001	6.6034e-05	0.087458	0.7921236152769446,0.1815734453109378,0.026049510097980403,0.0002533493301339732,7.998400319936013e-08
479	1482280871	5000.0	0.001	6.6034e-05	0.265593	0.9410896220755849,0.058164567086582686,0.0007455708858228354,2.399520095980804e-07
476	2575841187	5000.0	0.001	6.6034e-05	0.684019	0.9208517096580684,0.05788386322735453,0.02108502299540092,0.00017940411917616476
477	1234182051	5000.0	0.001	6.6034e-05	-0.099929	0.9693429714057189,0.030477064587082582,0.00017996400719856028
482	2911254448	5000.0	0.001	6.6034e-05	0.115430	0.9731790841831633,0.02679864027194561,2.2275544891021795e-05
480	397320104	5000.0	0.001	6.6034e-05	-0.258103	0.9506759848030394,0.049149410117976404,0.00017456508698260347,3.9992001599680065e-08
483	3787845565	5000.0	0.001	6.6034e-05	0.138942	0.9717395320935813,0.028177884423115376,8.258348330333933e-05
488	887226360	5000.0	0.001	6.6034e-05	0.574248	0.9361534893021396,0.060465346930613874,0.003379404119176165,1.7596480703859228e-06
481	841801641	5000.0	0.001	6.6034e-05	-0.007527	0.9757338932213557,0.02403503299340132,0.0002310737852429514
487	4197011408	5000.0	0.001	6.6034e-05	-0.727192	0.9076825834833033,0.09061587682463507,0.0016860627874425115,1.5476904619076186e-05
484	28590017	5000.0	0.001	6.6034e-05	-0.240111	0.9375553289342131,0.05924463107378524,0.0029389722055588883,0.00026106778644271144
485	2470735812	5000.0	0.001	6.6034e-05	-0.451331	0.9371529694061188,0.0627999200159968,4.7110577884423116e-05
489	3259529184	5000.0	0.001	6.6034e-05	0.087406	0.9661307338532293,0.03298376324735053,0.0008853029394121176,1.9996000799840033e-07
486	2877784008	5000.0	0.001	6.6034e-05	-0.004576	0.9191082983403319,0.07881423715256948,0.0020706658668266345,6.798640271945611e-06
491	2261747685	5000.0	0.001	6.6034e-05	-0.221581	0.9409228954209158,0.05896464707058588,0.00011245750849830034
492	849127402	5000.0	0.001	6.6034e-05	0.074109	0.9229872425514897,0.0768134773045391,0.00019836032793441312,9.198160367926415e-07
490	746156003	5000.0	0.001	6.6034e-05	0.074904	0.948495100979804,0.0514498300339932,5.5068986202759446e-05
493	1334722541	5000.0	0.001	6.6034e-05	0.079139	0.9600191561687662,0.039924455108978206,5.638872225554889e-05
495	3976790005	5000.0	0.001	6.6034e-05	-0.253117	0.8788755448910218,0.11330945810837832,0.007767726454709059,4.727054589082184e-05
496	3966337013	5000.0	0.001	6.6034e-05	0.163292	0.9635345730853829,0.03642255548890222,4.2871425714857026e-05
494	4191746029	5000.0	0.001	6.6034e-05	-0.551080	0.9492969806038792,0.050068466306738654,0.0006344731053789242,7.998400319936013e-08
497	2744745976	5000.0	0.001	6.6034e-05	-0.104505	0.9668934213157369,0.03279376124775045,0.0002926614677064587,2.0155968806238754e-05
499	3813060606	5000.0	0.001	6.6034e-05	-0.073368	0.96910849830034,0.02914509098180364,0.0017460507898420317,3.5992801439712056e-07
498	4071911418	5000.0	0.001	6.6034e-05	0.229472	0.9558849030193961,0.043645870825834834,0.0004692261547690462
