sim_id	seed	popsize	selcoef	mutrate	velocity	profile
7	3598105123	5000.0	0.00314086	0.006	0.089499	0.09177408518296341,0.2478271145770846,0.28749706058788244,0.20143383323335332,0.10629922015596881,0.042685822835432916,0.014991041791641672,0.005679224155168966,0.0016341531693661268,0.00016336732653469307,1.4517096580683863e-05,5.598880223955209e-07
9	824233004	5000.0	0.00314086	0.006	0.056922	0.11587842431513697,0.2932494701059788,0.28616748650269946,0.1797886422715457,0.08013025394921015,0.03120375924815037,0.009821075784843031,0.0030494301139772045,0.0006452309538092382,6.0307938412317536e-05,5.318936212757449e-06,5.99880023995201e-07
14	2724572729	5000.0	0.00314086	0.006	0.030142	0.1274127974405119,0.2683509698060388,0.28100763847230553,0.18471461707658468,0.08576808638272346,0.03713697260547891,0.011152369526094781,0.0035228154369126175,0.0005755248950209958,0.0001867226554689062,0.00014177164567086582,2.0035992801439712e-05,9.638072385522896e-06,3.9992001599680065e-08
19	4177884770	5000.0	0.00314086	0.006	-0.016140	0.12499484103179365,0.28173317336532694,0.2787651269746051,0.17542891421715656,0.08706334733053389,0.035160607878424316,0.013412037592481503,0.0028107978404319136,0.0004922215556888623,0.00011821635672865427,2.0035992801439712e-05,6.798640271945611e-07
3	816158231	5000.0	0.00314086	0.006	0.004192	0.08136508698260347,0.24770977804439112,0.2923203359328134,0.2031874425114977,0.10516300739852029,0.04697724455108978,0.017755248950209957,0.004643151369726055,0.0008000799840031993,7.642471505698861e-05,2.1995600879824035e-06
8	3086596647	5000.0	0.00314086	0.006	0.002777	0.17581955608878225,0.2754771445710858,0.26138200359928015,0.15874365126974604,0.08383939212157568,0.030584403119376123,0.010496060787842432,0.002990721855628874,0.0006206758648270346,4.535092981403719e-05,1.0397920415916818e-06
16	3653292636	5000.0	0.00314086	0.006	-0.013442	0.1809618476304739,0.2545497300539892,0.2624481903619276,0.17355820835832833,0.08391521695660868,0.030154529094181162,0.00981383723255349,0.0025571685662867426,0.0013887222555488902,0.0006225954809038192,2.9114177164567087e-05,6.798640271945611e-07,1.5996800639872026e-07
0	3937605633	5000.0	0.00314086	0.006	0.107435	0.07019236152769447,0.23250149970005998,0.29657296540691863,0.21137932413517296,0.1192633873225355,0.048448150369926016,0.015039072185562887,0.005003799240151969,0.0009761647670465907,0.00023419316136772644,0.0003182563487302539,6.782643471305739e-05,2.7594481103779245e-06,2.399520095980804e-07
11	2121505324	5000.0	0.00314086	0.006	-0.005268	0.1015623275344931,0.2606954209158168,0.2821363327334533,0.197675024995001,0.10088138372325535,0.041349650069986005,0.01189378124375125,0.0030513097380523895,0.0005732453509298141,0.00014465106978604278,3.2473505298940215e-05,4.399120175964807e-06
5	342327836	5000.0	0.00314086	0.006	0.074211	0.06722127574485103,0.21056616676664666,0.27684527094581085,0.23274069186162769,0.12873125374925015,0.05995636872625475,0.01760883823235353,0.004763447310537893,0.0012784643071385724,0.0002043991201759648,7.850429914017196e-05,1.4797040591881624e-06,3.839232153569286e-06
6	147088927	5000.0	0.00314086	0.006	0.041194	0.15390693861227756,0.27646958608278344,0.265999800039992,0.17298808238352328,0.08337772445510898,0.032773525294941014,0.010792001599680063,0.0024851829634073186,0.0010173965206958608,0.00012465506898620276,4.0351929614077184e-05,2.0035992801439712e-05,4.599080183963207e-06,1.199760047990402e-07
1	2089927688	5000.0	0.00314086	0.006	0.032161	0.13678372325534893,0.26361859628074386,0.2706141971605679,0.173499300139972,0.09247990401919616,0.04123899220155969,0.015297740451909618,0.004987762447510498,0.0012252349530093981,0.00023599280143971207,1.743651269746051e-05,1.0797840431913617e-06,3.9992001599680065e-08
17	2989419102	5000.0	0.00314086	0.006	0.049572	0.12463411317736453,0.2872456708658268,0.27481495700859826,0.1844641071785643,0.08163107378524295,0.03325282943411318,0.010463027394521096,0.002948490301939612,0.000447750449910018,9.590081983603279e-05,2.039592081583683e-06,3.9992001599680065e-08
10	1929400364	5000.0	0.00314086	0.006	0.000593	0.1659113377324535,0.2793263347330534,0.2609118576284743,0.1701875224955009,0.08013845230953809,0.030351449710057987,0.009454229154169167,0.0028989402119576086,0.0006017596480703859,0.00018912217556488702,2.8914217156568685e-05,7.998400319936013e-08
2	2641725969	5000.0	0.00314086	0.006	0.072381	0.06684499100179964,0.2096635072985403,0.26476580683863227,0.21788362327534494,0.13671845630873825,0.06480127974405119,0.026264667066586683,0.008991721655668866,0.0029372125574885022,0.0009525694861027795,0.00014045190961807638,3.223355328934213e-05,3.4793041391721655e-06
4	2216938524	5000.0	0.00314086	0.006	0.037062	0.06185546890621876,0.257551449710058,0.29768590281943613,0.21537720455908818,0.10068594281143771,0.04409166166766647,0.01577868426314737,0.005326014797040592,0.0013644871025794841,0.00024255148970205959,3.9152169566086785e-05,1.4797040591881624e-06
13	1219010101	5000.0	0.00314086	0.006	0.066235	0.10787302539492101,0.24507818436312737,0.2828684263147371,0.20903287342531493,0.09994837032593482,0.03935456908618276,0.011673385322935412,0.0031689262147570484,0.0008995800839832034,8.078384323135374e-05,2.1475704859028193e-05,3.9992001599680065e-07
18	862222430	5000.0	0.00314086	0.006	0.044313	0.09697308538292342,0.26872965406918614,0.27754345130973807,0.19009458108378324,0.10284279144171166,0.04638668266346731,0.012755928814237153,0.0035863227354529094,0.0007878424315136972,0.0002811037792441512,1.8316336732653468e-05,2.399520095980804e-07
12	3945938994	5000.0	0.00314086	0.006	0.009648	0.2072626674665067,0.27622931413717255,0.2626169566086783,0.15251893621275744,0.06587990401919616,0.024904419116176763,0.0076030793841231755,0.002003159368126375,0.0006838632273545291,0.00027410517896420713,1.6316736652669465e-05,7.1585682863427314e-06,1.199760047990402e-07
15	1375186520	5000.0	0.00314086	0.006	0.017580	0.11120603879224156,0.29996780643871224,0.26710893821235754,0.1761377324535093,0.08858196360727855,0.03687362527494501,0.013832833433313338,0.004937092581483703,0.0010422315536892622,0.0002144771045790842,8.238352329534093e-05,1.4797040591881624e-05,7.998400319936013e-08
21	2684383342	5000.0	0.00314086	0.006	0.005988	0.11981859628074386,0.24874221155768847,0.26227898420315937,0.2035882423515297,0.10308974205158969,0.04295928814237152,0.01464371125774845,0.00409130173965207,0.0006873425314937012,9.198160367926414e-05,8.598280343931213e-06
22	3446007410	5000.0	0.00314086	0.006	0.049222	0.06774265146970605,0.2625963607278544,0.2880571085782843,0.2217636472705459,0.10306986602679465,0.041300499900019993,0.01140863827234553,0.003040631873625275,0.0008025994801039792,0.00019764047190561887,1.6756648670265946e-05,3.599280143971206e-06
24	1245416567	5000.0	0.00314086	0.006	0.073559	0.0723131373725255,0.2597295340931814,0.29560303939212157,0.20785830833833233,0.10467230553889222,0.04218416316736653,0.013556448710257948,0.003541491701659668,0.0004190761847630474,0.00010425914817036593,1.7316536692661468e-05,9.198160367926415e-07
23	3500455542	5000.0	0.00314086	0.006	0.093804	0.04524855028994201,0.22107774445110978,0.2847343331333733,0.23198588282343532,0.1328127974405119,0.05369698060387922,0.020802279544091182,0.006413197360527895,0.002273265346930614,0.0007798040391921616,0.00017228554289142173,2.8794241151769645e-06
27	1150104716	5000.0	0.00314086	0.006	0.000223	0.19304119176164766,0.2879300939812038,0.24540935812837433,0.163050149970006,0.06948038392321536,0.029383443311337732,0.009343451309738052,0.0016617876424715058,0.0005546090781843631,3.599280143971206e-05,9.138172365526895e-05,1.7876424715056987e-05,2.7994401119776043e-07
26	4157269124	5000.0	0.00314086	0.006	0.031520	0.13061747650469907,0.28102015596880625,0.285474025194961,0.1734391121775645,0.07855536892621476,0.0341628874225155,0.01163259348130374,0.004010637872425515,0.0009578884223155369,0.0001223355328934213,7.518496300739852e-06
20	729565290	5000.0	0.00314086	0.006	-0.017381	0.14552109578084382,0.2791138172365527,0.26736832633473306,0.17811529694061187,0.07976932613477304,0.03470089982003599,0.011805198960207958,0.0024546690661867627,0.0008541891621675665,0.00020727854429114178,3.5112977404519095e-05,2.439512097580484e-06,4.6310737852429514e-05,6.038792241551689e-06
25	211146360	5000.0	0.00314086	0.006	0.068687	0.08840363927214558,0.26494445110977805,0.3087396920615877,0.19225574885022995,0.0911488102379524,0.03749394121175765,0.013083663267346531,0.003164367126574685,0.0005158168366326735,0.00023139372125574885,1.847630473905219e-05
28	375543948	5000.0	0.00314086	0.006	-0.012626	0.1349626074785043,0.239375724855029,0.2614369926014797,0.2008264347130574,0.10621579684063187,0.04118968206358728,0.010846670665866826,0.0034316736652669467,0.001316136772645471,0.00029430113977204557,6.334733053389323e-05,4.0511897620475906e-05,1.199760047990402e-07
32	1160814755	5000.0	0.00314086	0.006	-0.012094	0.15943911217756448,0.28833549290141974,0.2567945210957808,0.1720746650669866,0.0813493301339732,0.02738368326334733,0.010292901419716057,0.0034691061787642473,0.0007622875424915016,8.70625874825035e-05,1.1517696460707858e-05,3.199360127974405e-07
31	3526027417	5000.0	0.00314086	0.006	0.115213	0.08322359528094381,0.23522631473705258,0.28626938612277547,0.20837828434313138,0.118650549890022,0.04915884823035393,0.014969086182763448,0.003582003599280144,0.0003462907418516297,0.00017156568686262747,2.331533693261348e-05,7.598480303939212e-07
33	1376475818	5000.0	0.00314086	0.006	0.018215	0.10676836632673466,0.25493321335732855,0.2670133973205359,0.19873073385322934,0.11023999200159967,0.043899500099980004,0.013988442311537692,0.0034367126574685065,0.0007915216956608678,0.00019024195160967806,7.838432313537292e-06,3.9992001599680065e-08
38	1680457924	5000.0	0.00314086	0.006	-0.008162	0.1533236952609478,0.27859524095180965,0.2594250349930014,0.1735094981003799,0.08561451709658069,0.0343748850229954,0.011894861027794442,0.002686862627474505,0.0005233353329334134,5.0749850029994e-05,1.319736052789442e-06
36	1520868028	5000.0	0.00314086	0.006	0.034738	0.13470529894021196,0.2848100779844031,0.28092053589282145,0.1771895220955809,0.07743639272145571,0.03073513297340532,0.010889902019596082,0.0021828034393121375,0.0007437312537492501,0.00020667866426714657,0.0001726854629074185,6.958608278344331e-06,2.7994401119776043e-07
34	3911817904	5000.0	0.00314086	0.006	0.007209	0.15275852829434114,0.2863884423115377,0.2774603479304139,0.16604095180963807,0.0745615676864627,0.02972245550889822,0.008722135572885424,0.003376764647070586,0.0008205958808238352,0.00014309138172365526,5.118976204759048e-06
30	2918602392	5000.0	0.00314086	0.006	0.045337	0.15364599080183963,0.2684015596880624,0.2692891421715657,0.16974213157368526,0.08703231353729254,0.0351751649670066,0.013316336732653469,0.0029218156368726253,0.00040435912817436513,6.0947810437912415e-05,1.0077984403119377e-05,1.5996800639872026e-07
39	1936453323	5000.0	0.00314086	0.006	0.050490	0.15637132573485302,0.2874119576084783,0.2548467906418716,0.16791245750849831,0.08410577884423115,0.03506162767446511,0.010843431313737252,0.002714897020595881,0.0006199960007998401,0.00010325934813037393,8.398320335932813e-06,7.998400319936013e-08
29	4236508819	5000.0	0.00314086	0.006	0.001333	0.08850953809238152,0.24695828834233152,0.29765458908218356,0.20465426914617077,0.10486874625074985,0.038218516296740654,0.013758288342331533,0.0036743451309738055,0.0012463507298540292,0.0003540091981603679,9.41011797640472e-05,7.718456308738253e-06,1.2397520495900819e-06
35	2677289654	5000.0	0.00314086	0.006	0.027785	0.12075304939012198,0.26484259148170364,0.2826855028994201,0.19226610677864428,0.08896884623075385,0.0371378524295141,0.010142211557688463,0.0025507698460307936,0.0005570885822835433,8.862227554489103e-05,6.878624275144971e-06,4.799040191961608e-07
37	2101769404	5000.0	0.00314086	0.006	0.050561	0.1032245550889822,0.22103447310537894,0.30999532093581283,0.20816612677464508,0.1041622475504899,0.03652061587682463,0.012497180563887222,0.0035271745650869825,0.0006455908818236353,0.00019852029594081183,2.7834433113377324e-05,3.5992801439712056e-07
43	2200943836	5000.0	0.00314086	0.006	-0.008124	0.14506626674665066,0.27485550889822036,0.25678332333533294,0.18599480103979205,0.09068054389122175,0.03443291341731654,0.009975724855028994,0.002022995400919816,0.00018592281543691261,1.999600079984003e-06
41	3337525968	5000.0	0.00314086	0.006	-0.009034	0.10043511297740453,0.2690215556888622,0.2715796440711858,0.1939642471505699,0.10688198360327934,0.041243431313737255,0.01200739852029594,0.003690741851629674,0.0009479304139172165,0.00019704059188162368,3.079384123175365e-05,1.199760047990402e-07
40	2446597838	5000.0	0.00314086	0.006	-0.010163	0.12526758648270345,0.2505309338132374,0.2735485702859428,0.17465230953809238,0.11060215956808639,0.04609010197960408,0.013534853029394122,0.004448550289942011,0.0010007598480303939,0.00021707658468306338,9.786042791441712e-05,9.238152369526095e-06
42	480625369	5000.0	0.00314086	0.006	0.069880	0.09476052789442112,0.23619276144771045,0.25179588082383525,0.21094069186162767,0.1243874425114977,0.054324255148970206,0.019915936812637473,0.005655748850229954,0.0017338532293541293,0.00021831633673265348,7.282543491301739e-05,1.7596480703859228e-06
52	2347801367	5000.0	0.00314086	0.006	0.029507	0.12976692661467706,0.27591829634073184,0.26195792841431714,0.180322975404919,0.09618604279144172,0.04071469706058788,0.010668906218756248,0.0033304139172165566,0.00098376324735053,0.00010937812437512498,3.199360127974405e-05,8.598280343931213e-06,7.998400319936013e-08
46	955529457	5000.0	0.00314086	0.006	-0.011963	0.14868510297940413,0.2451639272145571,0.2672408718256349,0.18577872425514896,0.09519288142371525,0.03859940011997601,0.013968326334733053,0.004177724455108978,0.0009320535892821436,0.00016916616676664666,6.362727454509099e-05,2.7554489102179565e-05,6.39872025594881e-07
49	3365040389	5000.0	0.00314086	0.006	0.014439	0.1236746650669866,0.2800622675464907,0.2793656068786243,0.18062723455308938,0.08391457708458308,0.03623015396920616,0.012315256948610277,0.0030333133373325336,0.0006079184163167367,0.0001614477104579084,7.558488302339532e-06
48	2433783036	5000.0	0.00314086	0.006	-0.021508	0.1385261347730454,0.2679432113577285,0.2598866626674665,0.18507838432313536,0.0970373125374925,0.037171965606878625,0.010017916416716656,0.0034156768646270747,0.0008082383523295341,0.00010769846030793841,6.798640271945611e-06
45	3172732133	5000.0	0.00314086	0.006	0.076155	0.08173881223755249,0.2485748050389922,0.2720502699460108,0.2153240151969606,0.11229810037992402,0.04911669666066787,0.016369566086782642,0.003825274945010998,0.0006439112177564487,3.8992201559688064e-05,1.947610477904419e-05,7.998400319936013e-08
56	20146465	5000.0	0.00314086	0.006	0.023205	0.13289658068386323,0.27715720855828835,0.27044115176964606,0.17534709058188364,0.09139712057588482,0.03569130173965207,0.013057868426314737,0.0034017996400719855,0.0005128574285142971,7.314537092581484e-05,2.3795240951809637e-05,7.998400319936013e-08
53	3355510040	5000.0	0.00314086	0.006	-0.001421	0.158303299340132,0.29885674865026995,0.2575592081583683,0.1564112777444511,0.08189950009998001,0.03335612877424515,0.009993881223755248,0.002532853429314137,0.0008806638672265547,0.00020367926414717057,2.7594481103779245e-06
57	2508910883	5000.0	0.00314086	0.006	0.047354	0.124975924815037,0.26859860027994403,0.27280667866426717,0.1843500899820036,0.09519784043191362,0.034616956608678265,0.014880943811237753,0.0039192561487702456,0.0005722055588882224,6.890621875624875e-05,1.2277544491101779e-05,3.199360127974405e-07
51	1913294099	5000.0	0.00314086	0.006	0.020798	0.16175992801439712,0.2673911217756449,0.2728161967606479,0.16941483703259347,0.08055756848630274,0.034127734453109376,0.011226994601079784,0.0019979604079184165,0.00042283543291341734,0.0001857628474305139,8.574285142971405e-05,1.3037392521495702e-05,2.7994401119776043e-07
55	158450464	5000.0	0.00314086	0.006	0.058910	0.07490753849230154,0.2299232153569286,0.2764869826034793,0.22715408918216357,0.11984815036992602,0.05036992601479704,0.01494485102979404,0.00477372525494901,0.0013162567486502698,0.000223875224955009,5.042991401719656e-05,9.598080383923216e-07
54	3784118040	5000.0	0.00314086	0.006	0.019182	0.1752865426914617,0.2964854229154169,0.2570871025794841,0.15321687662467506,0.07697888422315537,0.02872961407718456,0.009116656668666267,0.002438992201559688,0.0005929614077184564,6.522695460907819e-05,1.7196560687862428e-06
47	99881720	5000.0	0.00314086	0.006	0.073555	0.07624975004999,0.2405732453509298,0.29092073585282946,0.21190253949210158,0.11177976404719056,0.046726134773045394,0.014698940211957608,0.005332253549290142,0.0013873225354929014,0.0003812037592481504,4.7470505898820236e-05,6.39872025594881e-07
59	3495839531	5000.0	0.00314086	0.006	0.025032	0.16725558888222355,0.27778324335132976,0.26036176764647073,0.16353885222955408,0.08296464707058589,0.032908498300339935,0.011069786042791442,0.002925094981003799,0.0009803239352129574,0.00020331933613277345,8.558288342331533e-06,3.199360127974405e-07
44	294371037	5000.0	0.00314086	0.006	0.019264	0.14116888622275545,0.2791692061587682,0.26733213357328534,0.1810097180563887,0.0851256148770246,0.03359920015996801,0.009735572885422915,0.002268346330733853,0.0005175764847030594,6.202759448110378e-05,1.1557688462307538e-05,1.5996800639872026e-07
58	3892924201	5000.0	0.00314086	0.006	0.095830	0.027022075584883024,0.1788111177764447,0.2707226554689062,0.25446474705058986,0.15768438312337532,0.07169522095580884,0.027977084583083383,0.00907250549890022,0.0020430713857228556,0.0004379124175164967,4.763047390521896e-05,1.903619276144771e-05,2.559488102379524e-06
50	1680399110	5000.0	0.00314086	0.006	0.011157	0.14052761447710457,0.2748267146570686,0.2692820635872825,0.1736633473305339,0.08918104379124175,0.038865986802639474,0.010563567286542692,0.0026417116576684663,0.0003283343331333733,0.00011641671665666867,3.1593681263747252e-06,3.9992001599680065e-08
62	792100655	5000.0	0.00314086	0.006	0.001488	0.10412785442911418,0.2686793841231754,0.27381859628074384,0.18382427514497102,0.10296540691861628,0.0434622675464907,0.017205518896220757,0.004774765046990602,0.0009331333733253349,0.0002014397120575885,7.358528294341132e-06
63	1563489589	5000.0	0.00314086	0.006	0.036088	0.1349849630073985,0.2506988202359528,0.2677118976204759,0.19255632873425316,0.09936404719056188,0.03643271345730854,0.013542691461707659,0.003989602079584083,0.0006397120575884823,7.198560287942411e-05,6.9986002799440115e-06,2.399520095980804e-07
60	3852462382	5000.0	0.00314086	0.006	0.115771	0.07955348930213957,0.2623230153969206,0.29986826634673064,0.2085511297740452,0.09793369326134774,0.03598812237552489,0.012164327134573086,0.0024674265146970606,0.0006779844031193762,0.0002774645070985803,0.00018104379124175165,1.3797240551889623e-05,2.399520095980804e-07
61	682745134	5000.0	0.00314086	0.006	0.064513	0.03999612077584483,0.20939220155968807,0.28892981403719253,0.23485270945810838,0.13702971405718856,0.0563122975404919,0.022685782843431312,0.007742851429714057,0.0022963407318536294,0.0006776244751049791,8.290341931613677e-05,1.6396720655868826e-06
69	1778129766	5000.0	0.00314086	0.006	0.006260	0.13630437912417517,0.2599008598280344,0.26224463107378526,0.18740727854429115,0.09270633873225355,0.041497900419916016,0.015213637272545492,0.0035729254149170168,0.0009838032393521296,0.00016196760647870426,6.23875224955009e-06,3.9992001599680065e-08
65	3832058175	5000.0	0.00314086	0.006	-0.012016	0.12177004599080184,0.27116832633473303,0.26533493301339733,0.19199564087182563,0.09157388522295541,0.040464587082583485,0.013215596880623875,0.0033098180363927213,0.0009049790041991602,0.00023315336932613477,2.8794241151769647e-05,2.399520095980804e-07
76	1996892552	5000.0	0.00314086	0.006	0.059151	0.08531009798040393,0.27148250349930014,0.297225674865027,0.1946240351929614,0.09621883623275344,0.03669254149170166,0.012766126774645071,0.003751529694061188,0.0010023595280943811,0.0005997200559888022,0.0002896620675864827,3.567286542691462e-05,1.2397520495900819e-06
77	4111140239	5000.0	0.00314086	0.006	0.050591	0.11363091381723656,0.2722851029794041,0.28215536892621473,0.1902023195360928,0.093675624875025,0.03428662267546491,0.010245310937812438,0.002788042391521696,0.0006373525294941012,8.98620275944811e-05,3.4793041391721655e-06
67	1071904582	5000.0	0.00314086	0.006	0.051538	0.08375092981403719,0.25436904619076184,0.2964147170565887,0.20966094781043793,0.09665358928214357,0.0420378324335133,0.012421555688862227,0.004017996400719856,0.0005643271345730854,0.00010757848430313937,1.4797040591881624e-06
68	2597905750	5000.0	0.00314086	0.006	0.121309	0.0383000199960008,0.23916764647070585,0.3066240351929614,0.21674889022195562,0.12055884823035393,0.054626834633073384,0.018309618076384725,0.004302659468106379,0.0012027994401119775,0.00013917216556688663,1.6796640671865626e-05,2.0795840831833635e-06,5.99880023995201e-07
79	1132533658	5000.0	0.00314086	0.006	0.030632	0.12927018596280743,0.2611740051989602,0.2805621675664867,0.17562331533693262,0.09639780043991202,0.039322775444911015,0.01287374525094981,0.003849270145970806,0.0008143171365726855,0.00010853829234153169,3.879224155168966e-06
75	3866518399	5000.0	0.00314086	0.006	0.000326	0.11516588682263547,0.2515519696060788,0.26955732853429315,0.1966633073385323,0.10546150769846031,0.04194537092581484,0.01445878824235153,0.004082023595280944,0.001018516296740652,8.974205158968207e-05,4.879024195160968e-06,6.798640271945611e-07
64	1727089982	5000.0	0.00314086	0.006	0.070276	0.057743171365726854,0.23875736852629473,0.28681583683263345,0.2205378924215157,0.117475824835033,0.05176392721455709,0.01920155968806239,0.006294661067786443,0.0010637872425514898,0.00029618076384723053,4.643071385722855e-05,3.279344131173765e-06,7.998400319936013e-08
74	4161990527	5000.0	0.00314086	0.006	0.002075	0.18240939812037593,0.2924987802439512,0.2511370925814837,0.1569860827834433,0.07663135372925414,0.02897376524695061,0.008653989202159568,0.002185642871425715,0.0004828634273145371,4.0151969606078785e-05,8.798240351929614e-07
70	2013527401	5000.0	0.00314086	0.006	0.077594	0.04413525294941012,0.1936101179764047,0.2870148370325935,0.23220503899220157,0.1443982403519296,0.06729122175564888,0.021908458308338333,0.0069374525094981,0.0016723055388922217,0.0006183563287342532,0.00018508298340331935,2.363527294541092e-05
71	2044081006	5000.0	0.00314086	0.006	0.053297	0.11707330533893222,0.23707710457908418,0.2863822835432913,0.1980868626274745,0.10330793841231754,0.039501019796040794,0.012905498900219955,0.00454377124575085,0.0009379724055188963,0.0001756848630273945,8.438312337532494e-06,1.199760047990402e-07
72	1233714034	5000.0	0.00314086	0.006	0.054096	0.15715424915016996,0.28455132973405317,0.26834401119776047,0.16310813837232555,0.08138480303939212,0.031224355128974205,0.011090461907618476,0.0024820235952809438,0.0005940811837632473,6.49870025994801e-05,1.5596880623875224e-06
66	4254311744	5000.0	0.00314086	0.006	0.108096	0.05336000799840032,0.2415120575884823,0.3041155768846231,0.21659508098380323,0.11169098180363927,0.05001655668866227,0.016403039392121576,0.0050088382323535295,0.0010871025794841032,0.00020687862427514497,2.7994401119776045e-06,1.0797840431913617e-06
78	760632209	5000.0	0.00314086	0.006	0.037713	0.10930413917216557,0.23943307338532294,0.284125974805039,0.1945979204159168,0.10761627674465107,0.04398976204759048,0.014838152369526094,0.004894901019796041,0.0009994801039792042,0.00017008598280343932,2.9274145170965806e-05,9.598080383923216e-07
73	935863155	5000.0	0.00314086	0.006	0.007666	0.0977496900619876,0.23113513297340532,0.28095788842231556,0.21073081383723255,0.1101994801039792,0.047969406118776245,0.014690381923615277,0.004812717456508698,0.0014025594881023795,0.00034109178164367125,1.0837832433513298e-05
82	2092007851	5000.0	0.00314086	0.006	0.025511	0.14333957208558287,0.2911091381723655,0.26672921415716855,0.17502175564887024,0.08135372925414917,0.030394641071785643,0.009416796640671866,0.0021695660867826435,0.0003795240951809638,8.390321935612877e-05,2.1595680863827235e-06
80	91311005	5000.0	0.00314086	0.006	-0.007889	0.12998052389522097,0.24539960007998401,0.28011777644471103,0.1928391521695661,0.0942989402119576,0.03931177764447111,0.01367254549090182,0.003354649070185963,0.0008779444111177764,0.00013465306938612278,9.878024395120976e-06,2.439512097580484e-06,1.199760047990402e-07
81	2099997611	5000.0	0.00314086	0.006	0.048853	0.13451757648470306,0.2788752649470106,0.25906366726654667,0.1853903619276145,0.09159192161567686,0.035275624875024995,0.011148050389922016,0.002687382523495301,0.000971125774845031,0.000390121975604879,4.823035392921416e-05,3.675264947010598e-05,3.919216156768646e-06
83	1708632495	5000.0	0.00314086	0.006	0.009569	0.11198336332733454,0.25066626674665066,0.26615372925414915,0.19137884423115378,0.11315664867026595,0.04543427314537093,0.014771965606878623,0.004594561087782443,0.00141751649670066,0.00026326734653069387,0.00015400919816036793,2.519496100779844e-05,3.5992801439712056e-07
84	2192318383	5000.0	0.00314086	0.006	0.035983	0.11041879624075185,0.2778023195360928,0.27711677664467105,0.18714681063787242,0.0926625474905019,0.037775804839032194,0.01295748850229954,0.0031515696860627876,0.0008678264347130574,9.738052389522095e-05,2.679464107178564e-06
85	3801524149	5000.0	0.00314086	0.006	0.081719	0.09612069586082783,0.24790145970805838,0.2834405518896221,0.21019056188762247,0.10303547290541891,0.04100771845630874,0.013874745050989802,0.0036949010197960407,0.0006287942411517697,0.00010453909218156369,5.598880223955209e-07
97	296551405	5000.0	0.00314086	0.006	0.010623	0.1496388322335533,0.28439016196760647,0.2726652669466107,0.17490661867626475,0.08092717456508698,0.027433433313337332,0.008022075584883024,0.001661867626474705,0.0003169366126774645,3.71125774845031e-05,5.198960207958409e-07
87	2700688323	5000.0	0.00314086	0.006	0.054592	0.08721067786442711,0.26857164567086583,0.27848350329934013,0.21309762047590483,0.09778112377524495,0.039813957208558286,0.011540251949610078,0.002706978604279144,0.0006947810437912418,9.506098780243951e-05,4.399120175964807e-06
88	4141758410	5000.0	0.00314086	0.006	0.100606	0.051214357128574285,0.2385383723255349,0.2957104979004199,0.22225694861027795,0.12431705658868226,0.04615300939812038,0.01603119376124775,0.0040329934013197365,0.0013491701659668067,0.00030305938812237555,8.818236352729455e-05,5.158968206358728e-06
93	1273718232	5000.0	0.00314086	0.006	-0.007852	0.1667883623275345,0.2788773845230954,0.2667718056388722,0.16585894821035793,0.08094613077384523,0.02946478704259148,0.008310177964407119,0.0022306738652269546,0.0006741851629674065,7.674465106978604e-05,7.998400319936013e-07
86	1131440571	5000.0	0.00314086	0.006	0.001528	0.00031101779644071185,0.19025694861027795,0.2840331133773245,0.26768146370725854,0.1523849230153969,0.07234861027794441,0.023365326934613077,0.006901059788042392,0.0020737852429514097,0.0005798840231953609,6.07878424315137e-05,3.079384123175365e-06
96	3493755884	5000.0	0.00314086	0.006	0.049457	0.15859696060787842,0.2934340731853629,0.2604048790241952,0.17173625274945012,0.07779700059988003,0.026171525694861027,0.008655948810237953,0.0025074585082983402,0.0004324735052989402,0.0002186362727454509,3.759248150369926e-05,7.198560287942412e-06
89	3952781775	5000.0	0.00314086	0.006	0.044517	0.1778740651869626,0.3117852029594081,0.2636377924415117,0.15055500899820037,0.05978604279144171,0.023646710657868428,0.009066586682663467,0.0024032793441311736,0.0009544891021795641,0.0001331733653269346,0.0001516496700659868,5.718856228754249e-06,2.7994401119776043e-07
91	2005655507	5000.0	0.00314086	0.006	0.089212	0.08824447110577885,0.2808125974805039,0.2898875824835033,0.19566930613877226,0.09461475704859028,0.03359912017596481,0.011158888222355529,0.004257708458308338,0.0014044391121775645,0.0003071385722855429,4.259148170365927e-05,1.3997200559888023e-06
90	3227064786	5000.0	0.00314086	0.006	-0.000886	0.16322123575284944,0.25894757048590283,0.2540494701059788,0.17568894221155767,0.0891880423915217,0.03643511297740452,0.015755928814237152,0.005575204959008199,0.000866506698660268,0.00023883223355328933,2.2915416916616678e-05,1.0117976404719055e-05,1.199760047990402e-07
95	1872424929	5000.0	0.00314086	0.006	0.005703	0.10551697660467907,0.21536800639872025,0.26501639672065586,0.2097356128774245,0.11879720055988802,0.05289734053189362,0.021923135372925416,0.008513977204559087,0.0018243951209758048,0.00035976804639072183,4.65506898620276e-05,6.39872025594881e-07
94	588719576	5000.0	0.00314086	0.006	0.034709	0.12736576684663067,0.2669050189962008,0.27325542891421717,0.18698424315136972,0.09369902019596081,0.03596344731053789,0.01175496900619876,0.0033708058388322334,0.0006065986802639472,8.078384323135374e-05,1.3717256548690262e-05,1.9996000799840033e-07
92	1112941525	5000.0	0.00314086	0.006	0.077189	0.056591641671665666,0.22236432713457308,0.28587378524295143,0.21490437912417518,0.12818612277544492,0.06176956608678264,0.02156596680663867,0.006863627274545091,0.0013724055188962208,0.00031265746850629874,0.00013249350129974005,6.142771445710858e-05,1.5996800639872026e-06
99	1817069567	5000.0	0.00314086	0.006	0.022149	0.11445090981803639,0.2505584483103379,0.2804371125774845,0.192000399920016,0.10358180363927215,0.039423235352929416,0.013896460707858427,0.004268346330733854,0.0010993401319736053,0.0002617076584683063,2.2195560887822434e-05,3.9992001599680065e-08
98	488847865	5000.0	0.00314086	0.006	0.079675	0.08183315336932613,0.2608782643471306,0.28298352329534093,0.2164008398320336,0.10243531293741252,0.03950897820435913,0.012490941811637672,0.0026279544091181765,0.0007006598680263948,0.00011933613277344531,1.6756648670265946e-05,4.159168166366727e-06,1.199760047990402e-07
