sim_id	seed	popsize	selcoef	mutrate	velocity	profile
2	1605492742	5000.0	0.001	1.099e-06	-0.000710	0.9999802439512098,1.9756048790241953e-05
4	636418060	5000.0	0.001	1.099e-06	6.430324	0.9890404719056188,0.010888342331533693,7.118576284743052e-05
6	908689424	5000.0	0.001	1.099e-06	-0.002280	0.9999710457908418,2.8954209158168366e-05
19	3226316867	5000.0	0.001	1.099e-06	0.239096	0.999776324735053,0.0002236752649470106
12	3003463726	5000.0	0.001	1.099e-06	-0.001477	0.9999917216556689,8.278344331133774e-06
13	1607536688	5000.0	0.001	1.099e-06	-0.027534	0.9999370525894821,6.294741051789642e-05
17	2920448060	5000.0	0.001	1.099e-06	-0.016735	0.9999660067986402,3.3993201359728057e-05
14	2242248752	5000.0	0.001	1.099e-06	0.446660	0.998573725254949,0.0014262747450509898
15	920629303	5000.0	0.001	1.099e-06	0.003613	0.9999926414717056,7.358528294341132e-06
9	3001948202	5000.0	0.001	1.099e-06	-0.697096	0.9991423715256949,0.0008576284743051389
3	73504777	5000.0	0.001	1.099e-06	0.002387	0.9999877624475105,1.22375524895021e-05
18	3101495357	5000.0	0.001	1.099e-06	-0.002681	0.9999768446310738,2.3155368926214757e-05
0	833251328	5000.0	0.001	1.099e-06	-0.013267	0.999976924615077,2.3075384923015396e-05
8	333965347	5000.0	0.001	1.099e-06	-0.106478	0.9998869426114777,0.00011305738852229554
10	3511470122	5000.0	0.001	1.099e-06	0.006747	0.9999792441511698,2.0755848830233953e-05
5	3476035597	5000.0	0.001	1.099e-06	1.262784	0.9967225354929015,0.0032774645070985805
7	3263660053	5000.0	0.001	1.099e-06	-0.008162	0.9999835632873425,1.6436712657468506e-05
1	296359940	5000.0	0.001	1.099e-06	0.127174	0.9997392121575684,0.0002607878424315137
11	2360819758	5000.0	0.001	1.099e-06	-0.004516	0.9999277344531093,7.226554689062187e-05
16	1532483639	5000.0	0.001	1.099e-06	-2.193002	0.9958295140971806,0.004170485902819436
21	4271374421	5000.0	0.001	1.099e-06	0.016044	0.9999091381723655,9.08618276344731e-05
20	4212734025	5000.0	0.001	1.099e-06	-0.002091	0.9999250149970006,7.498500299940011e-05
22	3284840535	5000.0	0.001	1.099e-06	-0.896007	0.9969662067586482,0.0030337932413517297
23	916031581	5000.0	0.001	1.099e-06	-0.137068	0.9997213357328534,0.0002786642671465707
24	2075093093	5000.0	0.001	1.099e-06	0.004878	0.9999911617676465,8.838232353529294e-06
28	3828621426	5000.0	0.001	1.099e-06	-0.090553	0.9997663667266546,0.00023363327334533093
36	686897306	5000.0	0.001	1.099e-06	-0.007170	0.9998948610277945,0.00010513897220555889
27	128614512	5000.0	0.001	1.099e-06	-0.045485	0.9997764047190562,0.00022359528094381123
26	1824071788	5000.0	0.001	1.099e-06	-0.002396	0.999978524295141,2.1475704859028193e-05
37	3825320106	5000.0	0.001	1.099e-06	-0.010924	0.9999587682463508,4.1231753649270146e-05
32	2124806281	5000.0	0.001	1.099e-06	-0.010324	0.9999386122775444,6.13877224555089e-05
31	1785630851	5000.0	0.001	1.099e-06	0.451557	0.9990643471305739,0.000935612877424515,3.9992001599680065e-08
25	2592897131	5000.0	0.001	1.099e-06	0.007219	0.9999393721255749,6.062787442511498e-05
38	1781717170	5000.0	0.001	1.099e-06	0.004538	0.9999833233353329,1.6676664667066585e-05
29	1195112572	5000.0	0.001	1.099e-06	-0.002567	0.9999902419516097,9.758048390321935e-06
30	3406532736	5000.0	0.001	1.099e-06	0.038707	0.9991098180363928,0.0008901819636072786
35	3139375255	5000.0	0.001	1.099e-06	-0.223676	0.9976923815236952,0.002307618476304739
40	3743627466	5000.0	0.001	1.099e-06	-4.897696	0.9942062387522496,0.005772285542891421,2.1475704859028193e-05
34	3365431440	5000.0	0.001	1.099e-06	0.017434	0.9998761847630474,0.0001238152369526095
33	1676384398	5000.0	0.001	1.099e-06	-0.100768	0.9998269946010798,0.00017300539892021595
39	4058509510	5000.0	0.001	1.099e-06	-0.000086	0.9999838832233553,1.6116776644671066e-05
41	3863369931	5000.0	0.001	1.099e-06	-0.043593	0.9998841431713658,0.00011585682863427315
43	4070529228	5000.0	0.001	1.099e-06	-0.180834	0.9998010397920416,0.0001989602079584083
42	1760315596	5000.0	0.001	1.099e-06	4.975756	0.9943520495900819,0.005647950409918017
45	2081312975	5000.0	0.001	1.099e-06	-0.286972	0.9989601679664067,0.0010398320335932815
51	2442117359	5000.0	0.001	1.099e-06	0.015817	0.9999374525094981,6.254749050189962e-05
48	3423146204	5000.0	0.001	1.099e-06	-0.073238	0.9988330333933213,0.0011669666066786643
47	3652907226	5000.0	0.001	1.099e-06	-0.011616	0.9999433313337333,5.666866626674665e-05
44	83097802	5000.0	0.001	1.099e-06	-0.010705	0.9999617276544691,3.827234553089382e-05
46	1884729559	5000.0	0.001	1.099e-06	-0.000593	0.999997400519896,2.599480103979204e-06
52	2664175861	5000.0	0.001	1.099e-06	-0.004776	0.9999794041191762,2.059588082383523e-05
49	2604400871	5000.0	0.001	1.099e-06	-0.649274	0.9991154569086182,0.0008845430913817237
55	3095650557	5000.0	0.001	1.099e-06	0.000338	0.9999831633673265,1.6836632673465307e-05
56	3852382463	5000.0	0.001	1.099e-06	-0.022759	0.9998910617876424,0.0001089382123575285
50	1044340969	5000.0	0.001	1.099e-06	0.005174	0.9999670065986803,3.299340131973605e-05
53	683997433	5000.0	0.001	1.099e-06	0.001126	0.9999804039192162,1.959608078384323e-05
54	1140857082	5000.0	0.001	1.099e-06	0.093769	0.9998345130973805,0.0001654869026194761
58	3307899140	5000.0	0.001	1.099e-06	4.676356	0.9828159168166367,0.017184043191361728,3.9992001599680065e-08
61	2806614285	5000.0	0.001	1.099e-06	0.010049	0.9999392521495701,6.074785042991402e-05
63	1241293080	5000.0	0.001	1.099e-06	-0.098387	0.9998565086982604,0.00014349130173965208
59	1885587717	5000.0	0.001	1.099e-06	-0.031968	0.9999349330133973,6.506698660267947e-05
60	3455908103	5000.0	0.001	1.099e-06	-0.023210	0.9998439912017596,0.00015600879824035193
57	2388861184	5000.0	0.001	1.099e-06	1.466312	0.9985480903819236,0.0014519096180763847
62	480340247	5000.0	0.001	1.099e-06	0.120752	0.9998025194961008,0.00019748050389922016
64	4263063837	5000.0	0.001	1.099e-06	-0.218796	0.9997691261747651,0.000230873825234953
66	3021652266	5000.0	0.001	1.099e-06	-0.121072	0.9997836032793441,0.00021639672065586882
68	3221289258	5000.0	0.001	1.099e-06	-0.007939	0.9996824235152969,0.0003175764847030594
70	3159400757	5000.0	0.001	1.099e-06	-0.372480	0.9963684463107378,0.0036315536892621474
65	3112378659	5000.0	0.001	1.099e-06	-0.076602	0.9998938212357529,0.00010617876424715058
67	74856747	5000.0	0.001	1.099e-06	0.015479	0.9999463307338532,5.366926614677065e-05
74	4143710538	5000.0	0.001	1.099e-06	0.091789	0.9998442311537692,0.00015576884623075385
75	2431234380	5000.0	0.001	1.099e-06	-0.000407	0.9999749650069986,2.503499300139972e-05
78	237584732	5000.0	0.001	1.099e-06	-0.053049	0.9998797040591881,0.00012029594081183763
69	2463052082	5000.0	0.001	1.099e-06	0.002187	0.9999694061187763,3.059388122375525e-05
76	932407628	5000.0	0.001	1.099e-06	-0.012303	0.9999516096780644,4.8390321935612875e-05
71	1663142204	5000.0	0.001	1.099e-06	-0.022183	0.9999480903819236,5.1909618076384724e-05
72	952002883	5000.0	0.001	1.099e-06	0.017015	0.9999542891421715,4.571085782843431e-05
82	62445925	5000.0	0.001	1.099e-06	0.158691	0.9997390121975605,0.0002609878024395121
77	942631259	5000.0	0.001	1.099e-06	0.001433	0.9999911217756449,8.878224355128975e-06
83	1124729202	5000.0	0.001	1.099e-06	0.009926	0.9999625274945011,3.747250549890022e-05
73	4015556931	5000.0	0.001	1.099e-06	-0.011590	0.9999640871825635,3.5912817436512696e-05
80	111028575	5000.0	0.001	1.099e-06	0.000667	0.9999875624875025,1.24375124975005e-05
81	2487130469	5000.0	0.001	1.099e-06	-0.021054	0.999945050989802,5.494901019796041e-05
79	1464523101	5000.0	0.001	1.099e-06	0.054149	0.9998489102179564,0.0001510897820435913
84	3032920436	5000.0	0.001	1.099e-06	-0.509102	0.9988323535292941,0.0011676464707058589
86	667654526	5000.0	0.001	1.099e-06	-0.016579	0.9999590081983604,4.0991801639672064e-05
85	3495108980	5000.0	0.001	1.099e-06	-0.135307	0.9998597080583883,0.00014029194161167767
91	1995561357	5000.0	0.001	1.099e-06	-0.003163	0.9999875224955009,1.247750449910018e-05
92	1008798098	5000.0	0.001	1.099e-06	0.034222	0.9999157368526295,8.42631473705259e-05
97	805237176	5000.0	0.001	1.099e-06	0.003625	0.9999935212957408,6.47870425914817e-06
89	2873086344	5000.0	0.001	1.099e-06	-0.081365	0.9998821435712858,0.00011785642871425715
87	4273209727	5000.0	0.001	1.099e-06	0.001940	0.9999904019196161,9.598080383923215e-06
94	1487063442	5000.0	0.001	1.099e-06	0.011061	0.9999650869826034,3.4913017396520696e-05
99	1144990140	5000.0	0.001	1.099e-06	-0.014351	0.9999754449110178,2.4555088982203558e-05
98	1627572667	5000.0	0.001	1.099e-06	1.917939	0.9981309338132374,0.0018690661867626474
88	2159923590	5000.0	0.001	1.099e-06	-0.008234	0.9999642071585683,3.579284143171366e-05
90	2005156235	5000.0	0.001	1.099e-06	-0.064388	0.9998186762647471,0.0001813237352529494
93	3545751955	5000.0	0.001	1.099e-06	0.002701	0.9999888422315537,1.1157768446310738e-05
96	1695431078	5000.0	0.001	1.099e-06	-0.002868	0.9999818036392721,1.819636072785443e-05
95	3861219739	5000.0	0.001	1.099e-06	-0.002814	0.9999172965406918,8.270345930813837e-05
100	3820405188	5000.0	0.001	1.099e-06	6.461723	0.9929477704459109,0.007052229554089182
101	2138288586	5000.0	0.001	1.099e-06	0.662137	0.9981039392121576,0.0018960607878424315
103	2749264337	5000.0	0.001	1.099e-06	-0.001986	0.9999836432713457,1.6356728654269145e-05
102	2271642059	5000.0	0.001	1.099e-06	0.574266	0.9994321535692862,0.0005678464307138573
104	441098713	5000.0	0.001	1.099e-06	0.062835	0.9998309138172365,0.00016908618276344732
113	3065106929	5000.0	0.001	1.099e-06	-0.834734	0.9987586482703459,0.0012413517296540693
116	648667642	5000.0	0.001	1.099e-06	0.000172	0.9999964807038593,3.5192961407718455e-06
109	2043859433	5000.0	0.001	1.099e-06	-0.409486	0.9995512897420515,0.0004487102579484103
114	2840908279	5000.0	0.001	1.099e-06	0.318393	0.99944575084983,0.000554249150169966
108	3631661540	5000.0	0.001	1.099e-06	0.048199	0.9998717456508698,0.00012825434913017397
118	315306497	5000.0	0.001	1.099e-06	-0.085809	0.9994214357128575,0.0005785642871425715
107	2114583011	5000.0	0.001	1.099e-06	0.003224	0.9999859628074386,1.4037192561487702e-05
115	2744990200	5000.0	0.001	1.099e-06	-0.028826	0.9999406918616277,5.9308138372325536e-05
119	199330311	5000.0	0.001	1.099e-06	-0.003120	0.9999792841431714,2.0715856828634272e-05
112	966138350	5000.0	0.001	1.099e-06	0.002734	0.9999910017996401,8.998200359928014e-06
117	600125950	5000.0	0.001	1.099e-06	-7.511603	0.983630273945211,0.016369726054789042
121	82387463	5000.0	0.001	1.099e-06	0.009409	0.9999695660867827,3.0433913217356527e-05
111	2344116718	5000.0	0.001	1.099e-06	0.817410	0.9984933813237352,0.001506618676264747
110	571226605	5000.0	0.001	1.099e-06	0.011812	0.9999761247750449,2.3875224955008998e-05
122	76845579	5000.0	0.001	1.099e-06	0.000609	0.9999824835032993,1.7516496700659867e-05
123	1547387417	5000.0	0.001	1.099e-06	-0.006954	0.9999275344931013,7.246550689862028e-05
120	4078639624	5000.0	0.001	1.099e-06	-0.486948	0.9991098180363928,0.0008901819636072786
124	2639655458	5000.0	0.001	1.099e-06	-0.186970	0.9997804039192162,0.00021959608078384323
105	2922383840	5000.0	0.001	1.099e-06	0.000794	0.9999345730853829,6.542691461707658e-05
106	1557916128	5000.0	0.001	1.099e-06	0.002025	0.9999864427114578,1.3557288542291542e-05
125	734558755	5000.0	0.001	1.099e-06	-0.001030	0.9999886822635473,1.1317736452709458e-05
127	1631138343	5000.0	0.001	1.099e-06	0.092766	0.9999006198760247,9.938012397520495e-05
130	3282899503	5000.0	0.001	1.099e-06	-0.001440	0.9999625674865027,3.743251349730054e-05
126	3215045157	5000.0	0.001	1.099e-06	-0.001867	0.9999922815436912,7.718456308738253e-06
131	3467446840	5000.0	0.001	1.099e-06	2.597980	0.9974020795840832,0.0025979204159168167
129	3086348844	5000.0	0.001	1.099e-06	0.004460	0.9999796440711858,2.0355928814237152e-05
128	2376000042	5000.0	0.001	1.099e-06	0.510682	0.9990845430913817,0.0009154569086182764
134	488528457	5000.0	0.001	1.099e-06	0.039763	0.99995024995001,4.9750049990002e-05
136	3174011468	5000.0	0.001	1.099e-06	0.001557	0.9999340131973605,6.59868026394721e-05
132	1030351419	5000.0	0.001	1.099e-06	0.003873	0.9999836032793441,1.6396720655868826e-05
133	3951848003	5000.0	0.001	1.099e-06	0.002405	0.9999825634873025,1.743651269746051e-05
138	1725790803	5000.0	0.001	1.099e-06	0.016234	0.9999320935812838,6.790641871625675e-05
135	57860683	5000.0	0.001	1.099e-06	-0.039799	0.9998714657068586,0.00012853429314137172
137	331682385	5000.0	0.001	1.099e-06	0.330134	0.9994166366726654,0.0005833633273345331
141	2419380825	5000.0	0.001	1.099e-06	0.283419	0.9996737452509498,0.00032625474905019
140	3463385689	5000.0	0.001	1.099e-06	2.182122	0.997657148570286,0.0023428514297140573
143	50608735	5000.0	0.001	1.099e-06	0.007269	0.9999829634073185,1.703659268146371e-05
139	2880223831	5000.0	0.001	1.099e-06	-0.007339	0.9999760047990401,2.399520095980804e-05
142	2387026525	5000.0	0.001	1.099e-06	0.671766	0.9993398520295941,0.0006601479704059188
146	2614145640	5000.0	0.001	1.099e-06	0.004709	0.9999684863027395,3.151369726054789e-05
145	168942183	5000.0	0.001	1.099e-06	1.517310	0.9944049990002,0.00559500099980004
149	2325348972	5000.0	0.001	1.099e-06	-0.596382	0.9977437312537493,0.0022562687462507496
150	266398321	5000.0	0.001	1.099e-06	0.029796	0.9999006198760247,9.938012397520495e-05
144	485857891	5000.0	0.001	1.099e-06	-0.002916	0.9999933213357328,6.678664267146571e-06
155	3333575306	5000.0	0.001	1.099e-06	0.115129	0.9988385522895421,0.0011614477104579083
154	4139080325	5000.0	0.001	1.099e-06	-0.009475	0.9999644071185763,3.559288142371526e-05
151	402733691	5000.0	0.001	1.099e-06	-0.001314	0.9999943611277744,5.6388722255548894e-06
160	147194536	5000.0	0.001	1.099e-06	0.001393	0.9999605678864227,3.9432113577284545e-05
158	2080027298	5000.0	0.001	1.099e-06	0.083301	0.9998615076984603,0.00013849230153969205
147	1011731048	5000.0	0.001	1.099e-06	-3.802028	0.9960294341131773,0.003970565886822636
161	2008879785	5000.0	0.001	1.099e-06	0.002761	0.9999822435512897,1.775644871025795e-05
162	448283313	5000.0	0.001	1.099e-06	0.002167	0.9999805638872226,1.943611277744451e-05
153	3590777469	5000.0	0.001	1.099e-06	0.000909	0.9999813637272545,1.8636272745450908e-05
157	2471232158	5000.0	0.001	1.099e-06	-0.028270	0.9999473705258948,5.2629474105178965e-05
159	1604647589	5000.0	0.001	1.099e-06	0.026382	0.9999338932213557,6.610677864427115e-05
156	3248124560	5000.0	0.001	1.099e-06	-0.001831	0.9999895220955809,1.0477904419116177e-05
163	2985050802	5000.0	0.001	1.099e-06	0.038658	0.9981429714057188,0.0018570285942811438
148	533162600	5000.0	0.001	1.099e-06	5.006059	0.9918806638672265,0.008119256148770246,7.998400319936013e-08
165	921975473	5000.0	0.001	1.099e-06	-0.007104	0.999979324135173,2.0675864827034592e-05
152	3106253437	5000.0	0.001	1.099e-06	0.101237	0.9998429114177164,0.0001570885822835433
164	1555360434	5000.0	0.001	1.099e-06	-0.030509	0.9997959208158368,0.00020407918416316738
167	3025875656	5000.0	0.001	1.099e-06	-0.029588	0.9999426514697061,5.734853029394121e-05
166	4174207687	5000.0	0.001	1.099e-06	3.885331	0.9452955808838233,0.05470313937212558,1.279744051189762e-06
168	255916746	5000.0	0.001	1.099e-06	0.007413	0.9999900419916017,9.958008398320336e-06
169	2108766925	5000.0	0.001	1.099e-06	-0.013317	0.9999600879824035,3.99120175964807e-05
170	223544017	5000.0	0.001	1.099e-06	-0.025507	0.9999566086782643,4.339132173565287e-05
171	3528702674	5000.0	0.001	1.099e-06	0.223756	0.9989566486702659,0.001043351329734053
174	761053914	5000.0	0.001	1.099e-06	0.037862	0.9999216556688663,7.834433113377324e-05
172	2310267606	5000.0	0.001	1.099e-06	0.081540	0.999815876824635,0.00018412317536492702
173	800088792	5000.0	0.001	1.099e-06	-0.007323	0.9999552089582083,4.479104179164167e-05
181	3056505579	5000.0	0.001	1.099e-06	0.002717	0.9999836032793441,1.6396720655868826e-05
180	2205233897	5000.0	0.001	1.099e-06	0.047934	0.9997650469906019,0.00023495300939812037
186	3017693947	5000.0	0.001	1.099e-06	-0.026524	0.9998664667066587,0.00013353329334133175
176	309623520	5000.0	0.001	1.099e-06	-0.004933	0.9999798440311938,2.0155968806238754e-05
187	1907680006	5000.0	0.001	1.099e-06	0.013221	0.9999520095980804,4.799040191961608e-05
175	2393576158	5000.0	0.001	1.099e-06	-0.026466	0.9999346130773845,6.538692261547691e-05
183	4206193395	5000.0	0.001	1.099e-06	0.090316	0.9998509898020396,0.00014901019796040792
177	2681234144	5000.0	0.001	1.099e-06	0.018793	0.9999483703259349,5.1629674065186965e-05
182	1300105961	5000.0	0.001	1.099e-06	-0.633739	0.999396400719856,0.0006035992801439712
179	2785241833	5000.0	0.001	1.099e-06	0.069869	0.9999070185962807,9.298140371925614e-05
178	4127298280	5000.0	0.001	1.099e-06	4.711923	0.9909980403919216,0.009001719656068786,2.399520095980804e-07
184	137202419	5000.0	0.001	1.099e-06	0.004432	0.9999845230953809,1.5476904619076186e-05
185	1261816567	5000.0	0.001	1.099e-06	0.086911	0.9988265546890622,0.0011734453109378123
188	4278668040	5000.0	0.001	1.099e-06	-0.247226	0.9996963807238552,0.00030361927614477104
190	2324980496	5000.0	0.001	1.099e-06	0.033009	0.9999131773645271,8.682263547290542e-05
189	1842113295	5000.0	0.001	1.099e-06	2.101097	0.9918857828434313,0.008114217156568687
191	3449041687	5000.0	0.001	1.099e-06	0.005677	0.9999850829834033,1.4917016596680664e-05
192	4152578844	5000.0	0.001	1.099e-06	-0.000988	0.9999876424715057,1.235752849430114e-05
193	2659834655	5000.0	0.001	1.099e-06	0.003086	0.9999858428314337,1.4157168566286743e-05
194	2312942369	5000.0	0.001	1.099e-06	0.006294	0.9999761647670465,2.3835232953409317e-05
207	264162123	5000.0	0.001	1.099e-06	0.034899	0.999929574085183,7.04259148170366e-05
197	2674883373	5000.0	0.001	1.099e-06	0.002395	0.9999774445110978,2.2555488902219558e-05
195	1067971361	5000.0	0.001	1.099e-06	-1.830073	0.9973830833833234,0.0026169166166766645
200	3045028661	5000.0	0.001	1.099e-06	-0.006758	0.9999708058388322,2.9194161167766448e-05
199	2139323187	5000.0	0.001	1.099e-06	0.006742	0.9999827634473105,1.7236552689462107e-05
208	2144789333	5000.0	0.001	1.099e-06	-0.270894	0.999266826634673,0.0007331733653269347
196	2776922921	5000.0	0.001	1.099e-06	0.002330	0.9999920415916816,7.958408318336332e-06
204	1660279616	5000.0	0.001	1.099e-06	0.109233	0.9998740651869626,0.00012593481303739253
205	1090501441	5000.0	0.001	1.099e-06	-0.012823	0.999950049990002,4.99500099980004e-05
202	1535146812	5000.0	0.001	1.099e-06	-0.018226	0.9999122175564887,8.778244351129774e-05
203	274000702	5000.0	0.001	1.099e-06	-0.005295	0.9999850829834033,1.4917016596680664e-05
198	2644923185	5000.0	0.001	1.099e-06	0.013220	0.999947450509898,5.2549490101979604e-05
206	3821802305	5000.0	0.001	1.099e-06	0.110204	0.9997812437512498,0.00021875624875024996
201	422710074	5000.0	0.001	1.099e-06	0.006724	0.9999893221355729,1.0677864427114578e-05
209	4282915674	5000.0	0.001	1.099e-06	-0.004866	0.9999806438712258,1.9356128774245152e-05
212	374819688	5000.0	0.001	1.099e-06	0.065870	0.9999206958608279,7.930413917216557e-05
210	1757694814	5000.0	0.001	1.099e-06	0.001111	0.9999852429514097,1.4757048590281944e-05
211	2284911455	5000.0	0.001	1.099e-06	0.005902	0.9999889222155569,1.1077784443111379e-05
213	2401307502	5000.0	0.001	1.099e-06	0.036916	0.9998115576884623,0.00018844231153769246
214	3989082991	5000.0	0.001	1.099e-06	0.012009	0.9999678464307139,3.215356928614277e-05
219	2760313738	5000.0	0.001	1.099e-06	1.575561	0.9983753649270146,0.001624635072985403
218	266288005	5000.0	0.001	1.099e-06	-0.033038	0.9998930613877225,0.00010693861227754449
221	318256015	5000.0	0.001	1.099e-06	-0.004670	0.9999837632473505,1.6236752649470107e-05
215	3913669495	5000.0	0.001	1.099e-06	0.000397	0.9999750849830034,2.4915016996600678e-05
230	4146158510	5000.0	0.001	1.099e-06	-0.124866	0.9998311937612477,0.00016880623875224955
231	2051322804	5000.0	0.001	1.099e-06	-0.041677	0.999931973605279,6.802639472105578e-05
223	681014176	5000.0	0.001	1.099e-06	0.177334	0.9994770645870826,0.0005229354129174165
225	729914273	5000.0	0.001	1.099e-06	0.006665	0.9999637672465507,3.623275344931014e-05
217	265413504	5000.0	0.001	1.099e-06	0.012365	0.9999346530693861,6.534693061387723e-05
224	4039768993	5000.0	0.001	1.099e-06	0.001198	0.9999908818236353,9.118176364727055e-06
228	2077698987	5000.0	0.001	1.099e-06	0.001955	0.9999825634873025,1.743651269746051e-05
227	2811513765	5000.0	0.001	1.099e-06	0.004022	0.9999848830233953,1.5116976604679064e-05
222	100197272	5000.0	0.001	1.099e-06	-0.021363	0.9999034193161368,9.658068386322736e-05
220	3684762508	5000.0	0.001	1.099e-06	-0.589174	0.9985256548690262,0.0014743451309738053
226	4258567076	5000.0	0.001	1.099e-06	0.178277	0.9996990201959608,0.00030097980403919215
232	1838216130	5000.0	0.001	1.099e-06	-7.254811	0.9847088982203559,0.015287182563487302,3.919216156768646e-06
229	4220013483	5000.0	0.001	1.099e-06	-0.348178	0.9996149170165967,0.00038508298340331936
233	2751321031	5000.0	0.001	1.099e-06	-0.054615	0.9993185762847431,0.0006814237152569486
234	283597768	5000.0	0.001	1.099e-06	0.053911	0.99988950209958,0.00011049790041991602
235	1324463057	5000.0	0.001	1.099e-06	-0.031117	0.9999429314137173,5.706858628274345e-05
236	1310047186	5000.0	0.001	1.099e-06	-0.009010	0.9999722455508898,2.7754449110177964e-05
237	1168200662	5000.0	0.001	1.099e-06	-0.019902	0.9999332133573285,6.678664267146571e-05
238	2376014818	5000.0	0.001	1.099e-06	0.001497	0.9999575284943011,4.247150569886023e-05
216	109218686	5000.0	0.001	1.099e-06	-0.002674	0.9999881623675265,1.18376324735053e-05
239	2065140709	5000.0	0.001	1.099e-06	-0.000116	0.9999868826234753,1.311737652469506e-05
240	1173775339	5000.0	0.001	1.099e-06	0.078796	0.9999169366126774,8.30633873225355e-05
250	1910062098	5000.0	0.001	1.099e-06	13.804929	0.9766520695860827,0.023347930413917216
244	532671476	5000.0	0.001	1.099e-06	-0.002207	0.9999908018396321,9.198160367926415e-06
241	1592886254	5000.0	0.001	1.099e-06	0.029842	0.9999542091581684,4.579084183163367e-05
242	687625201	5000.0	0.001	1.099e-06	0.016596	0.9999556888622275,4.4311137772445514e-05
243	2586979314	5000.0	0.001	1.099e-06	0.109947	0.9996885022995401,0.000311497700459908
246	3305587721	5000.0	0.001	1.099e-06	2.294301	0.9973736852629475,0.0026263147370525894
245	2304908279	5000.0	0.001	1.099e-06	0.012960	0.999938452309538,6.154769046190762e-05
247	1050668043	5000.0	0.001	1.099e-06	0.000333	0.9999976804639072,2.319536092781444e-06
254	770456603	5000.0	0.001	1.099e-06	-0.000060	0.999793801239752,0.00020619876024795042
258	3714409511	5000.0	0.001	1.099e-06	0.009411	0.9998968206358728,0.00010317936412717456
253	252122136	5000.0	0.001	1.099e-06	0.001611	0.9999953609278145,4.639072185562888e-06
257	3336285222	5000.0	0.001	1.099e-06	0.081233	0.9998447910417917,0.00015520895820835833
252	3793306648	5000.0	0.001	1.099e-06	-0.002564	0.9999870825834833,1.291741651669666e-05
256	1779717155	5000.0	0.001	1.099e-06	0.095542	0.998116776644671,0.0018832233553289343
248	306703374	5000.0	0.001	1.099e-06	-0.425439	0.9993679264147171,0.0006320735852829435
249	2911239185	5000.0	0.001	1.099e-06	-0.001838	0.9999855628874225,1.4437112577484502e-05
255	2670253091	5000.0	0.001	1.099e-06	-0.003285	0.9998596680663867,0.00014033193361327734
251	3914867735	5000.0	0.001	1.099e-06	0.190909	0.9979738852229554,0.0020261147770445913
259	3935925287	5000.0	0.001	1.099e-06	-0.001074	0.9999922415516896,7.758448310337932e-06
264	411259971	5000.0	0.001	1.099e-06	0.002612	0.99999200159968,7.998400319936012e-06
260	2588165165	5000.0	0.001	1.099e-06	0.005309	0.9999876024795041,1.239752049590082e-05
263	4007498812	5000.0	0.001	1.099e-06	0.011852	0.9999695660867827,3.0433913217356527e-05
262	864408630	5000.0	0.001	1.099e-06	0.336573	0.999492701459708,0.0005072985402919416
267	3508194389	5000.0	0.001	1.099e-06	0.000020	0.9999889622075585,1.1037792441511698e-05
261	1201591345	5000.0	0.001	1.099e-06	0.359672	0.9993073385322936,0.0006926614677064588
268	3077071962	5000.0	0.001	1.099e-06	-0.238592	0.9995213357328534,0.00047866426714657066
266	2759185491	5000.0	0.001	1.099e-06	0.000792	0.9999959208158369,4.079184163167366e-06
270	3572161639	5000.0	0.001	1.099e-06	-0.008485	0.9999744051189762,2.5594881023795242e-05
265	2058933320	5000.0	0.001	1.099e-06	0.001775	0.9999590881823636,4.09118176364727e-05
269	4075674716	5000.0	0.001	1.099e-06	-0.002283	0.9999736452709458,2.6354729054189163e-05
271	2565598313	5000.0	0.001	1.099e-06	0.009936	0.9999727654469106,2.7234553089382125e-05
277	4228392066	5000.0	0.001	1.099e-06	-0.834323	0.9989011797640472,0.0010988202359528095
274	1347060854	5000.0	0.001	1.099e-06	-0.014695	0.9999758448310337,2.4155168966206757e-05
275	3778851965	5000.0	0.001	1.099e-06	1.570689	0.9981203759248151,0.001879624075184963
272	2087840876	5000.0	0.001	1.099e-06	0.096957	0.9997595680863828,0.00024043191361727655
273	2447457397	5000.0	0.001	1.099e-06	-1.002662	0.9987418916216757,0.0012581083783243352
276	2252563583	5000.0	0.001	1.099e-06	1.731750	0.9971600479904019,0.0028399520095980803
278	1361718404	5000.0	0.001	1.099e-06	2.606765	0.9972316336732654,0.002768366326734653
279	2726245510	5000.0	0.001	1.099e-06	0.269528	0.9992172365526895,0.0007827634473105379
280	2204529803	5000.0	0.001	1.099e-06	0.014292	0.9999684463107379,3.155368926214757e-05
284	3628453032	5000.0	0.001	1.099e-06	0.083672	0.9997982003599281,0.0002017996400719856
285	1674505389	5000.0	0.001	1.099e-06	-0.001711	0.9999778844231154,2.2115576884623077e-05
281	3787654287	5000.0	0.001	1.099e-06	-0.000882	0.999995200959808,4.799040191961608e-06
283	2765712537	5000.0	0.001	1.099e-06	-0.003301	0.9999840031993601,1.5996800639872025e-05
287	547052732	5000.0	0.001	1.099e-06	1.012569	0.9989967206558689,0.0010032793441311738
282	2538839193	5000.0	0.001	1.099e-06	0.015464	0.9999713657268546,2.8634273145370926e-05
289	2158755016	5000.0	0.001	1.099e-06	-0.084328	0.9998950609878025,0.00010493901219756049
286	2227905718	5000.0	0.001	1.099e-06	-0.018321	0.9999552489502099,4.475104979004199e-05
295	2941484262	5000.0	0.001	1.099e-06	0.209058	0.9992102779444111,0.0007897220555888822
296	1789994215	5000.0	0.001	1.099e-06	0.000401	0.9999893621275745,1.0637872425514897e-05
297	465945832	5000.0	0.001	1.099e-06	-0.202178	0.9994365126974605,0.0005634873025394922
293	3534363856	5000.0	0.001	1.099e-06	0.350387	0.9978315136972605,0.0021684863027394523
294	3021049040	5000.0	0.001	1.099e-06	2.382823	0.9899164167166566,0.010083583283343332
290	3824389321	5000.0	0.001	1.099e-06	0.028194	0.9999140971805639,8.590281943611277e-05
299	3408471292	5000.0	0.001	1.099e-06	-0.258714	0.9993343731253749,0.000665626874625075
288	1568398526	5000.0	0.001	1.099e-06	-0.002275	0.9998900219956008,0.00010997800439912017
292	134280399	5000.0	0.001	1.099e-06	-0.105811	0.9997196960607878,0.00028030393921215757
291	1832785098	5000.0	0.001	1.099e-06	0.014651	0.9999676064787043,3.2393521295740854e-05
298	736251122	5000.0	0.001	1.099e-06	0.001381	0.9999876424715057,1.235752849430114e-05
300	2490309884	5000.0	0.001	1.099e-06	0.028287	0.9999521695660868,4.7830433913217356e-05
301	2743774464	5000.0	0.001	1.099e-06	-0.001249	0.9999291741651669,7.082583483303339e-05
302	819721472	5000.0	0.001	1.099e-06	-0.015650	0.9999537692461508,4.6230753849230153e-05
303	3437001985	5000.0	0.001	1.099e-06	-0.073706	0.9998957408518296,0.00010425914817036593
304	382827792	5000.0	0.001	1.099e-06	-18.044881	0.9461808838232354,0.05381867626474705,4.399120175964807e-07
305	1356694804	5000.0	0.001	1.099e-06	-0.011227	0.999978524295141,2.1475704859028193e-05
307	1491543318	5000.0	0.001	1.099e-06	0.330253	0.9993161767646471,0.0006838232353529294
308	3293330715	5000.0	0.001	1.099e-06	-0.001113	0.9999958008398321,4.1991601679664066e-06
322	3443991911	5000.0	0.001	1.099e-06	0.004682	0.9999840831833633,1.5916816636672664e-05
316	3251021123	5000.0	0.001	1.099e-06	-0.001920	0.99999300139972,6.9986002799440115e-06
315	3861777731	5000.0	0.001	1.099e-06	4.597174	0.9912417116576685,0.008758288342331534
314	643700032	5000.0	0.001	1.099e-06	0.024179	0.9999610077984403,3.8992201559688064e-05
319	3856524632	5000.0	0.001	1.099e-06	-0.171994	0.9989192161567686,0.0010807838432313538
312	806149424	5000.0	0.001	1.099e-06	0.008970	0.9999767646470706,2.3235352929414118e-05
321	898327911	5000.0	0.001	1.099e-06	-2.755678	0.9944912617476505,0.00550873825234953
310	1173726504	5000.0	0.001	1.099e-06	-0.058866	0.9998168366326735,0.0001831633673265347
309	2200569126	5000.0	0.001	1.099e-06	1.730239	0.9975153369326135,0.002484663067386523
317	1564542290	5000.0	0.001	1.099e-06	-0.047642	0.9999280143971205,7.198560287942411e-05
320	2707631457	5000.0	0.001	1.099e-06	-0.066604	0.9999024995001,9.750049990001999e-05
318	1090221399	5000.0	0.001	1.099e-06	0.719059	0.9988613477304539,0.0011386522695460907
311	979932460	5000.0	0.001	1.099e-06	0.035326	0.9998885422915417,0.00011145770845830834
313	1816601908	5000.0	0.001	1.099e-06	-0.002540	0.9999828434313137,1.7156568686262747e-05
306	408020245	5000.0	0.001	1.099e-06	-0.163368	0.9992607078584284,0.0007392921415716857
324	523851122	5000.0	0.001	1.099e-06	-0.018142	0.9999119776044791,8.802239552089583e-05
329	2906529152	5000.0	0.001	1.099e-06	0.009351	0.9999610077984403,3.8992201559688064e-05
325	939142516	5000.0	0.001	1.099e-06	-0.077711	0.9998990201959608,0.00010097980403919216
326	3328759162	5000.0	0.001	1.099e-06	-0.050948	0.9998871025794841,0.00011289742051589682
331	2602282379	5000.0	0.001	1.099e-06	-0.648334	0.9987092981403719,0.0012905818836232753,1.199760047990402e-07
340	3483639224	5000.0	0.001	1.099e-06	0.003014	0.999978324335133,2.1675664867026596e-05
336	3942964657	5000.0	0.001	1.099e-06	-0.066768	0.9998951409718057,0.00010485902819436113
332	2792752531	5000.0	0.001	1.099e-06	10.766800	0.9703966406718656,0.029603359328134373
337	163988917	5000.0	0.001	1.099e-06	-0.062460	0.9998652269546091,0.00013477304539092182
328	3637044607	5000.0	0.001	1.099e-06	0.002818	0.9999712857428514,2.8714257148570287e-05
338	3914978742	5000.0	0.001	1.099e-06	-0.013090	0.999980923815237,1.907618476304739e-05
330	3196169603	5000.0	0.001	1.099e-06	-0.002961	0.9999531293741252,4.687062587482503e-05
333	3403615647	5000.0	0.001	1.099e-06	0.668023	0.9984889422115577,0.0015110577884423116
334	2562418080	5000.0	0.001	1.099e-06	0.008252	0.9999867626474706,1.3237352529494102e-05
335	2045519267	5000.0	0.001	1.099e-06	0.009632	0.999973525294941,2.6474705058988204e-05
341	2320246203	5000.0	0.001	1.099e-06	0.973120	0.9990061587682464,0.0009938412317536493
327	2330170749	5000.0	0.001	1.099e-06	-0.006988	0.9999769646070786,2.3035392921415716e-05
323	2342022505	5000.0	0.001	1.099e-06	-0.002492	0.9999879624075185,1.20375924815037e-05
339	3549558199	5000.0	0.001	1.099e-06	-0.020244	0.9999095380923815,9.04619076184763e-05
342	65273276	5000.0	0.001	1.099e-06	0.015465	0.9999073785242951,9.262147570485903e-05
344	1153609166	5000.0	0.001	1.099e-06	-0.013470	0.9999300539892022,6.994601079784043e-05
346	3645222355	5000.0	0.001	1.099e-06	-0.353432	0.999479424115177,0.0005205758848230354
345	3334503890	5000.0	0.001	1.099e-06	1.430098	0.9976779844031194,0.0023220155968806237
343	3964257736	5000.0	0.001	1.099e-06	0.068710	0.9997892021595681,0.0002107978404319136
347	2131355097	5000.0	0.001	1.099e-06	0.059335	0.9999324935012998,6.750649870025995e-05
356	3424900588	5000.0	0.001	1.099e-06	-0.287538	0.999649950009998,0.0003500499900019996
359	1275299315	5000.0	0.001	1.099e-06	0.002571	0.9999912417516497,8.758248350329933e-06
348	3539430874	5000.0	0.001	1.099e-06	0.025691	0.9999428514297141,5.7148570285942814e-05
350	3408719330	5000.0	0.001	1.099e-06	-0.088102	0.9998305138972206,0.0001694861027794441
351	4134614498	5000.0	0.001	1.099e-06	-0.027883	0.9999428914217157,5.710857828434313e-05
352	150193636	5000.0	0.001	1.099e-06	-0.015123	0.999974325134973,2.5674865026994603e-05
357	3129966062	5000.0	0.001	1.099e-06	-0.000628	0.9999921615676864,7.838432313537292e-06
354	1898212842	5000.0	0.001	1.099e-06	-0.456726	0.998814477104579,0.0011855228954209159
349	3824944607	5000.0	0.001	1.099e-06	-0.006758	0.9999873625274945,1.2637472505498901e-05
355	2442696171	5000.0	0.001	1.099e-06	-0.001152	0.9999950009998,4.999000199960008e-06
353	3711616485	5000.0	0.001	1.099e-06	-0.018243	0.9999491301739653,5.086982603479304e-05
360	1069356534	5000.0	0.001	1.099e-06	-0.127884	0.9998641871625675,0.0001358128374325135
361	2207118844	5000.0	0.001	1.099e-06	1.278517	0.9946105578884223,0.005389442111577684
358	1711814127	5000.0	0.001	1.099e-06	-0.089904	0.9998841431713658,0.00011585682863427315
365	3174843913	5000.0	0.001	1.099e-06	-0.013584	0.999949850029994,5.01499700059988e-05
362	3002828289	5000.0	0.001	1.099e-06	-0.001214	0.9999652469506098,3.4753049390121974e-05
364	3527745032	5000.0	0.001	1.099e-06	-0.005880	0.9999831233753249,1.6876624675064987e-05
367	239046157	5000.0	0.001	1.099e-06	-0.011699	0.999952849430114,4.715056988602279e-05
363	3946155526	5000.0	0.001	1.099e-06	-0.000515	0.9999964407118577,3.5592881423715255e-06
366	1048397322	5000.0	0.001	1.099e-06	0.187346	0.9809148170365927,0.01908514297140572,3.9992001599680065e-08
370	1725109784	5000.0	0.001	1.099e-06	-1.586279	0.9984544291141771,0.0015455708858228355
377	1897494066	5000.0	0.001	1.099e-06	0.123226	0.9998553889222156,0.0001446110777844431
368	1715312147	5000.0	0.001	1.099e-06	0.008642	0.9999212957408519,7.870425914817037e-05
379	2198093364	5000.0	0.001	1.099e-06	-0.324330	0.9996444311137772,0.00035556888622275545
373	3616183838	5000.0	0.001	1.099e-06	-0.000383	0.9999964007198561,3.599280143971206e-06
374	3355223585	5000.0	0.001	1.099e-06	0.000720	0.9999963207358529,3.679264147170566e-06
375	3434862115	5000.0	0.001	1.099e-06	0.018927	0.9999719656068786,2.8034393121375726e-05
380	3186925109	5000.0	0.001	1.099e-06	0.000809	0.9999915216956609,8.478304339132174e-06
372	2607486493	5000.0	0.001	1.099e-06	0.001251	0.9999948810237952,5.118976204759048e-06
378	301061682	5000.0	0.001	1.099e-06	-0.000326	0.9999707658468306,2.9234153169366125e-05
371	1671841308	5000.0	0.001	1.099e-06	-0.597264	0.9992189162167566,0.0007810837832433514
381	604532282	5000.0	0.001	1.099e-06	-0.000882	0.999979524095181,2.0475904819036193e-05
369	3302958614	5000.0	0.001	1.099e-06	0.001263	0.9999758848230353,2.411517696460708e-05
384	1355863611	5000.0	0.001	1.099e-06	1.083366	0.9981196560687863,0.0018803439312137572
386	3918392896	5000.0	0.001	1.099e-06	0.004505	0.9999896820635873,1.0317936412717456e-05
382	403711547	5000.0	0.001	1.099e-06	-0.058836	0.9999042591481704,9.574085182963407e-05
383	2689095228	5000.0	0.001	1.099e-06	5.604050	0.9928406718656269,0.007159328134373125
385	1115674176	5000.0	0.001	1.099e-06	0.000218	0.999997600479904,2.399520095980804e-06
387	324838986	5000.0	0.001	1.099e-06	1.066506	0.9927387722455508,0.00726122775444911
376	2043022891	5000.0	0.001	1.099e-06	0.009780	0.9999852029594081,1.4797040591881624e-05
393	1397374560	5000.0	0.001	1.099e-06	-0.000723	0.9999964007198561,3.599280143971206e-06
396	1125891698	5000.0	0.001	1.099e-06	-0.008893	0.9999810837832434,1.891621675664867e-05
392	3961210456	5000.0	0.001	1.099e-06	0.009310	0.9998415116976604,0.0001584883023395321
395	282541679	5000.0	0.001	1.099e-06	0.092994	0.9997575284943011,0.00024247150569886022
394	1468067436	5000.0	0.001	1.099e-06	-0.084604	0.9997861227754449,0.00021387722455508897
400	4021907066	5000.0	0.001	1.099e-06	-21.247932	0.9756890621875625,0.024303579284143173,7.358528294341132e-06
388	143947339	5000.0	0.001	1.099e-06	-0.000422	0.9999386122775444,6.13877224555089e-05
391	3210585684	5000.0	0.001	1.099e-06	0.020614	0.9999479704059188,5.202959408118376e-05
389	534120018	5000.0	0.001	1.099e-06	0.006205	0.9999894021195761,1.0597880423915217e-05
401	3255092858	5000.0	0.001	1.099e-06	0.003820	0.999975124975005,2.4875024995001e-05
397	2247943796	5000.0	0.001	1.099e-06	0.000812	0.9997519696060788,0.00024803039392121574
403	3595452026	5000.0	0.001	1.099e-06	0.000455	0.9999890821835633,1.0917816436712657e-05
398	2045410932	5000.0	0.001	1.099e-06	-0.007183	0.9999752049590082,2.479504099180164e-05
399	3033398902	5000.0	0.001	1.099e-06	0.297612	0.9996892221555689,0.0003107778444311138
405	2644117124	5000.0	0.001	1.099e-06	0.058964	0.9998833433313338,0.00011665666866626674
404	2696066688	5000.0	0.001	1.099e-06	-0.182872	0.9997680863827234,0.0002319136172765447
390	265049682	5000.0	0.001	1.099e-06	0.001722	0.9999812837432513,1.871625674865027e-05
406	2728918661	5000.0	0.001	1.099e-06	-0.001419	0.9999904419116177,9.558088382323535e-06
402	596530812	5000.0	0.001	1.099e-06	-19.613139	0.9693083783243351,0.030689262147570485,2.359528094381124e-06
407	1046781580	5000.0	0.001	1.099e-06	-19.530117	0.978601199760048,0.02139880023995201
408	2993366668	5000.0	0.001	1.099e-06	-0.005544	0.9999437312537492,5.626874625074985e-05
412	2616174232	5000.0	0.001	1.099e-06	0.703357	0.9989210157968407,0.001078984203159368
410	1155022479	5000.0	0.001	1.099e-06	1.820475	0.9961672465506899,0.0038326334733053387,1.199760047990402e-07
411	351995543	5000.0	0.001	1.099e-06	-0.000315	0.9999806838632274,1.9316136772645472e-05
409	3545751183	5000.0	0.001	1.099e-06	0.005417	0.9999884023195361,1.1597680463907219e-05
413	1208577691	5000.0	0.001	1.099e-06	0.044137	0.9998923015396921,0.00010769846030793841
415	2611582629	5000.0	0.001	1.099e-06	-0.008549	0.9999618876224755,3.81123775244951e-05
414	3932858012	5000.0	0.001	1.099e-06	-0.707506	0.9899670065986803,0.010032633473305339,3.5992801439712056e-07
416	3759216296	5000.0	0.001	1.099e-06	-0.042551	0.999932973405319,6.702659468106378e-05
417	565241520	5000.0	0.001	1.099e-06	0.007044	0.9999695660867827,3.0433913217356527e-05
420	562921151	5000.0	0.001	1.099e-06	-0.009702	0.9999484903019397,5.150969806038792e-05
423	4251145935	5000.0	0.001	1.099e-06	0.242809	0.9997519296140772,0.00024807038592281543
424	10370767	5000.0	0.001	1.099e-06	-0.016893	0.9997200559888022,0.00027994401119776045
418	4173711025	5000.0	0.001	1.099e-06	-4.729978	0.9938611077784443,0.006138892221555689
419	1171619513	5000.0	0.001	1.099e-06	0.444386	0.9993561687662468,0.0006438312337532494
421	827477696	5000.0	0.001	1.099e-06	-1.235863	0.9975370125974805,0.0024629874025194963
422	2657230529	5000.0	0.001	1.099e-06	-0.009879	0.999971525694861,2.8474305138972204e-05
425	3018340057	5000.0	0.001	1.099e-06	0.133160	0.9996373525294941,0.0003626474705058988
426	85984986	5000.0	0.001	1.099e-06	-0.008057	0.9999856428714257,1.4357128574285143e-05
427	2560779997	5000.0	0.001	1.099e-06	-0.003610	0.9999564087182563,4.359128174365127e-05
430	2724425448	5000.0	0.001	1.099e-06	0.020622	0.9999111777644472,8.882223555288942e-05
428	1626289888	5000.0	0.001	1.099e-06	0.014709	0.9999780043991202,2.1995600879824035e-05
429	3244887783	5000.0	0.001	1.099e-06	-0.005678	0.9999886422715457,1.1357728454309138e-05
431	3008691951	5000.0	0.001	1.099e-06	0.005021	0.9999856028794241,1.4397120575884824e-05
432	1251503863	5000.0	0.001	1.099e-06	-0.000305	0.9999910417916417,8.958208358328334e-06
433	2568298243	5000.0	0.001	1.099e-06	0.024683	0.9998989802039592,0.00010101979604079184
435	2155212550	5000.0	0.001	1.099e-06	0.007318	0.9999628074385123,3.719256148770246e-05
434	2398197509	5000.0	0.001	1.099e-06	-0.021723	0.9999524895020996,4.751049790041991e-05
436	2339229446	5000.0	0.001	1.099e-06	0.033387	0.999904099180164,9.590081983603279e-05
437	3304625933	5000.0	0.001	1.099e-06	0.000217	0.9999762447510497,2.3755248950209957e-05
438	927995667	5000.0	0.001	1.099e-06	0.003740	0.9999388522295541,6.114777044591082e-05
439	1979129621	5000.0	0.001	1.099e-06	-0.014501	0.9999566086782643,4.339132173565287e-05
445	3622012725	5000.0	0.001	1.099e-06	0.010293	0.9999802439512098,1.9756048790241953e-05
444	62928691	5000.0	0.001	1.099e-06	0.006430	0.9999505698860228,4.943011397720456e-05
442	1418602283	5000.0	0.001	1.099e-06	-0.004323	0.9999846030793841,1.5396920615876825e-05
446	1103157049	5000.0	0.001	1.099e-06	-1.270771	0.9981846830633874,0.0018153169366126774
441	2484045611	5000.0	0.001	1.099e-06	-0.004640	0.9999910817836433,8.918216356728655e-06
443	778077999	5000.0	0.001	1.099e-06	-0.004853	0.9999564887022595,4.351129774045191e-05
440	2620475168	5000.0	0.001	1.099e-06	-0.025016	0.9998294341131774,0.00017056588682263547
449	1769140041	5000.0	0.001	1.099e-06	-0.009050	0.9999839632073585,1.6036792641471705e-05
447	1897662268	5000.0	0.001	1.099e-06	-5.099374	0.9949515696860628,0.005048430313937213
448	1662062399	5000.0	0.001	1.099e-06	-0.258553	0.9996865426914617,0.00031345730853829236
450	2911571787	5000.0	0.001	1.099e-06	-0.314158	0.9994930213957208,0.0005069786042791441
451	351067980	5000.0	0.001	1.099e-06	0.000247	0.9999965206958609,3.4793041391721655e-06
452	2575079248	5000.0	0.001	1.099e-06	0.029910	0.9999034593081384,9.654069186162767e-05
453	859029330	5000.0	0.001	1.099e-06	-5.914462	0.9493200559888022,0.05067990401919616,3.9992001599680065e-08
456	1765816153	5000.0	0.001	1.099e-06	0.176078	0.9996397120575885,0.0003602879424115177
454	1517958996	5000.0	0.001	1.099e-06	-0.000748	0.9999632873425315,3.67126574685063e-05
455	341817172	5000.0	0.001	1.099e-06	-0.035310	0.9999636472705459,3.635272945410918e-05
457	2172165981	5000.0	0.001	1.099e-06	0.038169	0.9999239352129574,7.606478704259148e-05
459	327343974	5000.0	0.001	1.099e-06	-0.006428	0.9999669666066786,3.3033393321335734e-05
467	3002214269	5000.0	0.001	1.099e-06	-0.720685	0.9990563887222556,0.0009436112777444512
458	3839063907	5000.0	0.001	1.099e-06	0.005418	0.9999794841031794,2.0515896820635874e-05
466	499851133	5000.0	0.001	1.099e-06	-0.010728	0.9999643271345731,3.567286542691462e-05
462	1968621429	5000.0	0.001	1.099e-06	-0.000334	0.9999339732053589,6.602679464107178e-05
464	1149839226	5000.0	0.001	1.099e-06	-9.253510	0.9708915016996601,0.029108498300339933
461	1911707498	5000.0	0.001	1.099e-06	-0.057053	0.9993947610477905,0.0006052389522095581
465	468533117	5000.0	0.001	1.099e-06	0.029590	0.9999280543891221,7.194561087782443e-05
463	3250081655	5000.0	0.001	1.099e-06	-0.008662	0.9999826434713057,1.735652869426115e-05
460	1113257833	5000.0	0.001	1.099e-06	-0.005278	0.9999637272545491,3.6272745450909816e-05
468	4269901694	5000.0	0.001	1.099e-06	-0.009437	0.9999465306938612,5.346930613877224e-05
470	1767989117	5000.0	0.001	1.099e-06	0.021001	0.9999420115976805,5.798840231953609e-05
469	140603265	5000.0	0.001	1.099e-06	-0.086999	0.9996225554889022,0.0003774445110977804
472	2717796242	5000.0	0.001	1.099e-06	0.026722	0.9999517696460708,4.823035392921416e-05
474	2865022872	5000.0	0.001	1.099e-06	-0.709727	0.9984960607878425,0.0015039392121575686
471	1383296905	5000.0	0.001	1.099e-06	-0.000135	0.9999310937812438,6.890621875624875e-05
473	1611552664	5000.0	0.001	1.099e-06	-0.654015	0.998217476504699,0.0017825234953009399
475	339476378	5000.0	0.001	1.099e-06	-0.215626	0.999621075784843,0.0003789242151569686
476	2041315232	5000.0	0.001	1.099e-06	-0.005613	0.9996644671065786,0.00033553289342131575
477	2783586221	5000.0	0.001	1.099e-06	-0.002660	0.9999849630073985,1.5036992601479703e-05
478	411158447	5000.0	0.001	1.099e-06	-0.003213	0.9999883223355329,1.1677664467106578e-05
484	4060649410	5000.0	0.001	1.099e-06	-0.267266	0.9991190961807639,0.0008809038192361528
485	767539138	5000.0	0.001	1.099e-06	-0.143337	0.9998399120175965,0.0001600879824035193
479	3014283183	5000.0	0.001	1.099e-06	0.026574	0.9999250549890022,7.494501099780044e-05
481	1644496819	5000.0	0.001	1.099e-06	1.075346	0.9981634873025395,0.001836512697460508
480	2304710575	5000.0	0.001	1.099e-06	-0.036719	0.9999378124375125,6.21875624875025e-05
483	4006520768	5000.0	0.001	1.099e-06	-0.250672	0.9995186962607479,0.00048130373925214955
487	3414058952	5000.0	0.001	1.099e-06	3.603847	0.995429274145171,0.004570725854829034
486	1342906309	5000.0	0.001	1.099e-06	-0.010092	0.9999716056788642,2.8394321135772847e-05
482	2687643584	5000.0	0.001	1.099e-06	-0.010115	0.9999459308138372,5.4069186162767446e-05
488	4145872840	5000.0	0.001	1.099e-06	-0.012921	0.9999223355328934,7.766446710657868e-05
489	1149634506	5000.0	0.001	1.099e-06	1.892209	0.9957885622875425,0.004211437712457508
496	2338922473	5000.0	0.001	1.099e-06	0.105700	0.9996148370325935,0.0003851629674065187
491	3531175894	5000.0	0.001	1.099e-06	-0.108938	0.999795600879824,0.0002043991201759648
492	2508644316	5000.0	0.001	1.099e-06	0.001616	0.9999700059988003,2.999400119976005e-05
490	1466779604	5000.0	0.001	1.099e-06	-0.592909	0.9990378324335133,0.0009621675664867027
494	3313704932	5000.0	0.001	1.099e-06	-2.136548	0.9971337732453509,0.00286622675464907
493	1342162908	5000.0	0.001	1.099e-06	-0.043522	0.9999205758848231,7.942411517696461e-05
495	2860658663	5000.0	0.001	1.099e-06	0.597048	0.9990202359528094,0.0009797240551889623,3.9992001599680065e-08
497	4232493033	5000.0	0.001	1.099e-06	0.057765	0.9999101379724055,8.98620275944811e-05
499	1897211900	5000.0	0.001	1.099e-06	-0.018396	0.9999671665666867,3.2833433313337335e-05
498	4163799027	5000.0	0.001	1.099e-06	-0.013600	0.999944651069786,5.5348930213957205e-05
