sim_id	seed	popsize	selcoef	mutrate	velocity	profile
17	1562507347	5000.0	0.001	4.45555e-05	-0.020657	0.9842605878824235,0.015283583283343331,0.0004558288342331534
1	190711819	5000.0	0.001	4.45555e-05	-0.757829	0.9164310737852429,0.0803743651269746,0.003193641271745651,9.198160367926415e-07
8	3796502564	5000.0	0.001	4.45555e-05	-0.029689	0.9893062587482504,0.010689742051589683,3.999200159968006e-06
14	2292107338	5000.0	0.001	4.45555e-05	0.078061	0.9820965806838632,0.017889302139572086,1.4117176564687063e-05
16	3192039506	5000.0	0.001	4.45555e-05	0.125249	0.9381782043591281,0.061720495900819836,0.0001012997400519896
19	4185550942	5000.0	0.001	4.45555e-05	0.231754	0.9642331933613277,0.035720375924815036,4.643071385722855e-05
7	799107105	5000.0	0.001	4.45555e-05	0.168450	0.9512505898820236,0.04867102579484103,7.838432313537292e-05
10	601053232	5000.0	0.001	4.45555e-05	-0.459064	0.9427738052389522,0.05704007198560288,0.0001843631273745251,1.7596480703859228e-06
15	2304755793	5000.0	0.001	4.45555e-05	0.144170	0.9877870025994802,0.011874025194961007,0.0003389722055588882
9	2820573227	5000.0	0.001	4.45555e-05	-0.207710	0.9680155568886223,0.03196344731053789,2.0995800839832032e-05
12	3052578886	5000.0	0.001	4.45555e-05	-0.256792	0.9781600879824035,0.021821075784843033,1.883623275344931e-05
6	3081963547	5000.0	0.001	4.45555e-05	0.100265	0.975191201759648,0.024769246150769846,3.955208958208358e-05
11	1999837241	5000.0	0.001	4.45555e-05	0.344434	0.9625756848630274,0.03741647670465907,7.838432313537292e-06
4	170809362	5000.0	0.001	4.45555e-05	0.326630	0.9573373725254949,0.042569606078784246,9.294141171765647e-05,7.998400319936013e-08
2	542457868	5000.0	0.001	4.45555e-05	0.058752	0.9681061787642472,0.03124335132973405,0.0006504699060187962
3	4126623755	5000.0	0.001	4.45555e-05	0.095416	0.9674108378324335,0.024084823035392923,0.00848998200359928,1.4357128574285143e-05
13	239583303	5000.0	0.001	4.45555e-05	0.655107	0.9496162367526495,0.05033261347730454,5.11497700459908e-05
0	445204488	5000.0	0.001	4.45555e-05	-0.393235	0.9455326534693062,0.05443587282543491,3.147370525894821e-05
5	3411431446	5000.0	0.001	4.45555e-05	-0.211178	0.9799539292141571,0.02003487302539492,1.1197760447910418e-05
18	2676793428	5000.0	0.001	4.45555e-05	-0.895804	0.9379011797640472,0.06118504299140172,0.0009137772445510898
20	2660925565	5000.0	0.001	4.45555e-05	-0.159987	0.9409772845430914,0.05857604479104179,0.0004460707858428314,5.99880023995201e-07
21	1341833348	5000.0	0.001	4.45555e-05	-0.651187	0.9596418316336732,0.0400877824435113,0.0002703859228154369
25	2957951125	5000.0	0.001	4.45555e-05	0.643717	0.9449976804639072,0.054668426314737055,0.00033385322935412917,3.9992001599680065e-08
29	1310951589	5000.0	0.001	4.45555e-05	0.033807	0.9895587682463507,0.010430593881223756,1.0637872425514897e-05
28	3059333280	5000.0	0.001	4.45555e-05	-0.609083	0.9231987202559488,0.07249346130773845,0.004306778644271146,1.0397920415916818e-06
40	2850978002	5000.0	0.001	4.45555e-05	0.197738	0.9774826234753049,0.022484023195360928,3.335332933413317e-05
34	2803407036	5000.0	0.001	4.45555e-05	-0.083493	0.9864411117776445,0.013532773445310937,2.611477704459108e-05
35	2028499135	5000.0	0.001	4.45555e-05	0.398521	0.9561630473905219,0.04382279544091182,1.4157168566286743e-05
36	1573742793	5000.0	0.001	4.45555e-05	1.048765	0.9185304939012198,0.08081515696860628,0.0006543491301739652
26	310069402	5000.0	0.001	4.45555e-05	-0.424915	0.9624355528894221,0.03738104379124175,0.00018340331933613277
30	1376192691	5000.0	0.001	4.45555e-05	0.119748	0.9879281743651269,0.012060387922415516,1.1437712457508499e-05
27	1212422299	5000.0	0.001	4.45555e-05	-0.031587	0.9938374325134973,0.006148970205958808,1.3597280543891222e-05
33	2981638328	5000.0	0.001	4.45555e-05	0.881668	0.9474763447310538,0.04984067186562687,0.0026825834833033393,3.9992001599680065e-07
23	1443344524	5000.0	0.001	4.45555e-05	-0.008587	0.9851626474705059,0.014792881423715256,4.447110577884423e-05
22	3959687304	5000.0	0.001	4.45555e-05	-0.074303	0.9827499700059988,0.017242031593681265,7.998400319936012e-06
24	2500053137	5000.0	0.001	4.45555e-05	-0.005446	0.992199800039992,0.007659548090381924,0.00014065186962607478
41	306626773	5000.0	0.001	4.45555e-05	-0.025390	0.9907190161967606,0.009272305538892222,8.678264347130574e-06
32	2761713848	5000.0	0.001	4.45555e-05	-0.299684	0.9661161367726455,0.03385374925014997,3.0113977204559087e-05
31	1534240950	5000.0	0.001	4.45555e-05	0.168999	0.9879308538292342,0.01205858828234353,1.0557888422315537e-05
39	2645483729	5000.0	0.001	4.45555e-05	-0.046313	0.9935602879424115,0.005830593881223756,1.1197760447910417e-06,0.000554129174165167,5.3789242151569686e-05,7.998400319936013e-08
38	4289450192	5000.0	0.001	4.45555e-05	-0.010085	0.9388379524095181,0.06104711057788442,0.0001149370125974805
37	3373064394	5000.0	0.001	4.45555e-05	-0.290109	0.9504561887622476,0.04745162967406519,0.002092021595680864,1.5996800639872026e-07
44	965779674	5000.0	0.001	4.45555e-05	-1.249409	0.85489450109978,0.14451041791641672,0.0005950809838032394
42	3707982042	5000.0	0.001	4.45555e-05	-0.099714	0.9778513897220555,0.02199752049590082,0.0001510897820435913
45	2539808991	5000.0	0.001	4.45555e-05	0.593583	0.9351768446310738,0.06181603679264147,0.003007118576284743
43	1709775067	5000.0	0.001	4.45555e-05	0.302333	0.9619264147170566,0.03758628274345131,0.0004873025394921016
46	3814994146	5000.0	0.001	4.45555e-05	-0.273703	0.9421988402319537,0.05769622075584883,0.00010493901219756049
47	3052509411	5000.0	0.001	4.45555e-05	0.179851	0.9674196360727855,0.03240863827234553,0.0001717256548690262
48	2620950757	5000.0	0.001	4.45555e-05	0.180420	0.9574672265546891,0.04134253149370126,0.001190241951609678
49	2139750637	5000.0	0.001	4.45555e-05	0.276448	0.9657170165966806,0.03410229954009198,0.00018068386322735454
51	606636280	5000.0	0.001	4.45555e-05	-0.307188	0.9667694461107779,0.033181403719256146,4.91501699660068e-05
50	882690289	5000.0	0.001	4.45555e-05	-1.426406	0.9151601679664068,0.08399428114377125,0.0008451909618076384,3.5992801439712056e-07
56	3743860997	5000.0	0.001	4.45555e-05	1.470085	0.8844536292741452,0.11254037192561488,0.0030044391121775644,1.5596880623875224e-06
52	1232324857	5000.0	0.001	4.45555e-05	0.184006	0.9847090981803639,0.015284783043391321,6.11877624475105e-06
53	583346425	5000.0	0.001	4.45555e-05	0.066623	0.9838166366726655,0.016169766046790643,1.3597280543891222e-05
58	1532639506	5000.0	0.001	4.45555e-05	-0.161297	0.9767343731253749,0.022851989602079584,0.0004135972805438912,3.9992001599680065e-08
55	2477684990	5000.0	0.001	4.45555e-05	0.756380	0.9109169766046791,0.08859064187162567,0.0004923815236952609
57	42131718	5000.0	0.001	4.45555e-05	1.143061	0.8571788042391522,0.138600599880024,0.004219356128774245,1.2397520495900819e-06
60	1759629595	5000.0	0.001	4.45555e-05	0.030337	0.9783902819436113,0.02148530293941212,0.00012441511697660468
54	401107195	5000.0	0.001	4.45555e-05	-0.009400	0.9945578484303139,0.005440071985602879,2.0795840831833635e-06
59	1084385558	5000.0	0.001	4.45555e-05	-0.382859	0.9685679664067186,0.03140091981603679,3.111377724455109e-05
61	154501404	5000.0	0.001	4.45555e-05	0.135633	0.9608373525294941,0.0390496300739852,0.00011301739652069585
69	1126732091	5000.0	0.001	4.45555e-05	0.126178	0.9850807438512298,0.014882743451309738,3.65126974605079e-05
65	1415901478	5000.0	0.001	4.45555e-05	0.104122	0.9766944211157769,0.023069746050789843,0.00023583283343331333
68	3197718843	5000.0	0.001	4.45555e-05	0.069014	0.9443500099980005,0.0553878424315137,0.00026214757048590283
64	3417692452	5000.0	0.001	4.45555e-05	0.181633	0.9666527494501099,0.033324055188962205,2.3195360927814438e-05
63	232139043	5000.0	0.001	4.45555e-05	-0.253135	0.9796399920015997,0.01507998400319936,0.005268946210757849,1.1077784443111379e-05
66	3903000880	5000.0	0.001	4.45555e-05	0.458342	0.8959565686862627,0.10324035192961407,0.0008030393921215757,3.9992001599680065e-08
62	4264038684	5000.0	0.001	4.45555e-05	-0.696674	0.9516751049790042,0.047672105578884225,0.000652629474105179,1.5996800639872026e-07
67	742324533	5000.0	0.001	4.45555e-05	-0.309695	0.9423918416316737,0.056305178964207156,0.0013024195160967807,5.598880223955209e-07
70	1791236416	5000.0	0.001	4.45555e-05	0.051773	0.9657970405918817,0.03419088182363527,1.2077584483103379e-05
71	3505871169	5000.0	0.001	4.45555e-05	0.878988	0.9568478304339132,0.04311521695660868,3.695260947810438e-05
72	967301441	5000.0	0.001	4.45555e-05	0.617498	0.9292242351529694,0.07015088982203559,0.0006243151369726055,5.598880223955209e-07
75	270408028	5000.0	0.001	4.45555e-05	0.234597	0.9704555088982204,0.02952777444511098,1.6716656668666265e-05
74	3170208074	5000.0	0.001	4.45555e-05	-0.267259	0.9829258148370326,0.01704127174565087,3.2913417316536696e-05
73	858091844	5000.0	0.001	4.45555e-05	-0.186867	0.9623100579884023,0.03718120375924815,0.0005087382523495301
76	2328742238	5000.0	0.001	4.45555e-05	0.479521	0.9698458708258348,0.030142731453709257,1.1397720455908818e-05
77	4040055147	5000.0	0.001	4.45555e-05	-0.149400	0.9852571085782843,0.013708138372325535,0.0010346330733853229,1.199760047990402e-07
80	4121735540	5000.0	0.001	4.45555e-05	0.102811	0.9770123575284942,0.022941411717656467,4.6230753849230153e-05
78	1166334316	5000.0	0.001	4.45555e-05	-0.099259	0.9838594681063787,0.015850429914017198,0.0002901019796040792
79	3249465715	5000.0	0.001	4.45555e-05	-0.039791	0.9840371925614877,0.015953449310137972,9.358128374325134e-06
81	3751203190	5000.0	0.001	4.45555e-05	0.125358	0.8036833433313337,0.1953366526694661,0.0009796840631873624,3.199360127974405e-07
83	1557006712	5000.0	0.001	4.45555e-05	-0.211768	0.9550621875624875,0.044915176964607076,2.2635472905418915e-05
87	921137546	5000.0	0.001	4.45555e-05	1.020393	0.8796745050989802,0.11993853229354129,0.0003842031593681264,2.7594481103779245e-06
82	1485805942	5000.0	0.001	4.45555e-05	-0.013490	0.9824420315936813,0.01754277144571086,1.5196960607878425e-05
88	1969482126	5000.0	0.001	4.45555e-05	-0.045703	0.9813037392521495,0.018689422115576886,6.838632273545291e-06
86	1850933641	5000.0	0.001	4.45555e-05	0.870742	0.9267188962207559,0.07322123575284943,5.9868026394721054e-05
85	202660229	5000.0	0.001	4.45555e-05	0.314020	0.9431053789242152,0.05685154969006199,4.307138572285543e-05
84	3859652984	5000.0	0.001	4.45555e-05	-0.428029	0.9563753649270146,0.0353756448710258,0.008238552289542091,1.0437912417516497e-05
89	3664179599	5000.0	0.001	4.45555e-05	2.120752	0.8404042391521696,0.1586016396720656,0.0009933613277344532,7.598480303939212e-07
91	2227333526	5000.0	0.001	4.45555e-05	0.044808	0.9706128774245151,0.02917764447110578,0.0002094781043791242
92	3238039962	5000.0	0.001	4.45555e-05	0.470624	0.8707831633673265,0.12784323135372924,0.0013732053589282144,3.9992001599680065e-07
90	1896083858	5000.0	0.001	4.45555e-05	0.248972	0.9713883223355329,0.02841367726454709,0.000198000399920016
93	4074295709	5000.0	0.001	4.45555e-05	-0.359598	0.9712195160967806,0.02872869426114777,5.178964207158568e-05
94	1843661216	5000.0	0.001	4.45555e-05	0.309892	0.9552024795040992,0.044782123575284945,1.5396920615876825e-05
95	59515306	5000.0	0.001	4.45555e-05	-0.050808	0.9886946210757849,0.01126738652269546,3.7992401519696064e-05
98	2558501301	5000.0	0.001	4.45555e-05	-0.391778	0.9736643071385723,0.026029074185162968,0.00030661867626474704
96	3665140139	5000.0	0.001	4.45555e-05	0.102345	0.9768207958408318,0.023166886622675464,1.231753649270146e-05
99	4084994486	5000.0	0.001	4.45555e-05	0.076895	0.9769989202159568,0.022968166366726654,3.2913417316536696e-05
97	1460122027	5000.0	0.001	4.45555e-05	-0.915492	0.898987722455509,0.10011621675664867,0.0008959808038392322,7.998400319936013e-08
100	2766217655	5000.0	0.001	4.45555e-05	0.935073	0.9312744651069786,0.06852109578084384,0.0002044391121775645
101	2946765239	5000.0	0.001	4.45555e-05	1.249902	0.9259799240151969,0.07381571685662867,0.0002033993201359728,9.598080383923216e-07
102	685799866	5000.0	0.001	4.45555e-05	-0.303409	0.9546379924015197,0.042299220155968806,0.003062747450509898,3.9992001599680065e-08
103	2020612542	5000.0	0.001	4.45555e-05	-0.882428	0.905699900019996,0.0897866826634673,0.0045120575884823036,1.3597280543891223e-06
104	115030463	5000.0	0.001	4.45555e-05	-0.203282	0.9539333333333333,0.0459875624875025,7.910417916416717e-05
106	3436911043	5000.0	0.001	4.45555e-05	0.051441	0.9809384523095381,0.01904727054589082,1.4277144571085782e-05
105	2518280640	5000.0	0.001	4.45555e-05	0.065761	0.97450649870026,0.025483543291341733,9.958008398320336e-06
107	670716355	5000.0	0.001	4.45555e-05	0.089067	0.9794731453709258,0.020522095580883824,4.759048190361927e-06
112	3802347987	5000.0	0.001	4.45555e-05	0.071945	0.8807017396520695,0.11853981203759248,0.0007584083183363327,3.9992001599680065e-08
109	1056184778	5000.0	0.001	4.45555e-05	0.469797	0.7843838832233553,0.2125125374925015,0.0030997800439912016,3.7992401519696063e-06
108	572725704	5000.0	0.001	4.45555e-05	-0.930040	0.9257284143171366,0.0737745650869826,0.0004970205958808239
110	1534392779	5000.0	0.001	4.45555e-05	1.402897	0.8740886622675464,0.11853157368526294,0.007365566886622675,1.4197160567886423e-05
113	1085276632	5000.0	0.001	4.45555e-05	0.282433	0.9703161767646471,0.02933361327734453,0.00035016996600679864,3.9992001599680065e-08
111	1881641423	5000.0	0.001	4.45555e-05	0.373449	0.9235902819436113,0.07621111777644471,0.0001986002799440112
115	2759084518	5000.0	0.001	4.45555e-05	-0.042650	0.9885399720055988,0.011458268346330734,1.7596480703859228e-06
119	2007523845	5000.0	0.001	4.45555e-05	-0.045999	0.9877650069986003,0.012233513297340532,1.4797040591881624e-06
117	373875192	5000.0	0.001	4.45555e-05	-1.129871	0.8968682663467307,0.10267898420315937,0.000452749450109978
114	3423721953	5000.0	0.001	4.45555e-05	-0.099561	0.9759029394121176,0.024049830033993202,4.643071385722855e-05,7.998400319936013e-07
116	3507173867	5000.0	0.001	4.45555e-05	-0.414467	0.9757117776444711,0.024273545290941813,1.4677064587082583e-05
120	1303140870	5000.0	0.001	4.45555e-05	0.026856	0.9749572885422916,0.025015356928614278,2.7354529094181163e-05
118	448641534	5000.0	0.001	4.45555e-05	0.344788	0.9639590881823635,0.03522051589682063,0.0008199160167966406,4.799040191961608e-07
121	2001779209	5000.0	0.001	4.45555e-05	-0.847311	0.9465946410717856,0.0523252949410118,0.0010800639872025595
123	2182298123	5000.0	0.001	4.45555e-05	-0.099551	0.9815969206158768,0.018398480303939212,4.599080183963207e-06
122	129643018	5000.0	0.001	4.45555e-05	0.043701	0.9660203559288142,0.03383659268146371,0.00014253149370125975,5.198960207958409e-07
124	124877322	5000.0	0.001	4.45555e-05	-0.108899	0.9759722455508898,0.0240123975204959,1.5356928614277145e-05
126	3739722254	5000.0	0.001	4.45555e-05	0.640456	0.9326199160167966,0.06636032793441311,0.001019356128774245,3.9992001599680065e-07
130	2994688551	5000.0	0.001	4.45555e-05	-0.084827	0.9691406918616277,0.028217916416716657,0.002641111777644471,2.7994401119776043e-07
125	822866445	5000.0	0.001	4.45555e-05	0.003041	0.9829576884623076,0.01702347530493901,1.883623275344931e-05
127	2595899926	5000.0	0.001	4.45555e-05	-0.573507	0.8810287142571486,0.11450805838832234,0.004462787442511498,4.399120175964807e-07
128	836514333	5000.0	0.001	4.45555e-05	-0.156037	0.9788013597280544,0.0211874025194961,1.1237752449510098e-05
129	3423064612	5000.0	0.001	4.45555e-05	-0.193801	0.9679481703659268,0.03193629274145171,0.0001155368926214757
131	3678687789	5000.0	0.001	4.45555e-05	-0.087918	0.9847064587082583,0.015283063387322535,1.0477904419116177e-05
132	669026873	5000.0	0.001	4.45555e-05	0.014292	0.9738011597680464,0.026129574085182964,6.926614677064587e-05
134	4062421570	5000.0	0.001	4.45555e-05	-0.120053	0.989977924415117,0.009972285542891422,4.979004199160168e-05
136	3846074953	5000.0	0.001	4.45555e-05	-0.170987	0.9731816836632673,0.02676644671065787,5.186962607478504e-05
135	980996675	5000.0	0.001	4.45555e-05	-0.017305	0.9854727454509098,0.014505898820235954,2.1355728854229156e-05
141	3456610896	5000.0	0.001	4.45555e-05	0.872942	0.9472990201959608,0.05265726854629074,4.371125774845031e-05
138	1850554958	5000.0	0.001	4.45555e-05	-0.013517	0.9689982403519296,0.03086498700259948,0.00013677264547090582
137	490383947	5000.0	0.001	4.45555e-05	-0.257715	0.9676027594481104,0.032376444711057786,2.0755848830233953e-05,3.9992001599680065e-08
133	1521779259	5000.0	0.001	4.45555e-05	-0.131855	0.9808579884023195,0.011705738852229555,0.007386162767446511,5.010997800439912e-05
140	513512017	5000.0	0.001	4.45555e-05	-0.075554	0.9908974205158968,0.009084383123375325,1.819636072785443e-05
139	1954454096	5000.0	0.001	4.45555e-05	0.897555	0.910667426514697,0.08696796640671865,0.0023640471905618876,5.598880223955209e-07
142	28066386	5000.0	0.001	4.45555e-05	-0.561629	0.9392552289542092,0.060583323335332936,0.0001614477104579084
143	1340766803	5000.0	0.001	4.45555e-05	0.274853	0.9478734653069386,0.05207346530693861,5.3069386122775446e-05
144	763736665	5000.0	0.001	4.45555e-05	-0.518825	0.9321038592281544,0.06150561887622476,0.006387362527494501,3.1593681263747252e-06
145	1364394585	5000.0	0.001	4.45555e-05	0.168420	0.9104165966806639,0.08922327534493102,0.000360127974405119
146	1239689817	5000.0	0.001	4.45555e-05	-0.228409	0.9740221955608879,0.025929734053189362,4.807038592281544e-05
147	2358522460	5000.0	0.001	4.45555e-05	-0.158832	0.9764352329534093,0.023552889422115576,1.1877624475104978e-05
148	1911954014	5000.0	0.001	4.45555e-05	0.815714	0.8743042191561687,0.12354437112577485,0.0021514097180563886
150	1812650596	5000.0	0.001	4.45555e-05	0.181974	0.9688972205558888,0.030453589282143572,0.0006491901619676064
149	3033154148	5000.0	0.001	4.45555e-05	0.113417	0.9676672665466907,0.032309578084383124,2.3155368926214757e-05
151	1943138919	5000.0	0.001	4.45555e-05	0.975435	0.9350984203159368,0.06371045790841831,0.001191121775644871
158	2339424891	5000.0	0.001	4.45555e-05	-0.257819	0.9327576084783044,0.06684559088182364,0.0003968006398720256
153	400403052	5000.0	0.001	4.45555e-05	-0.022585	0.9898689062187562,0.010097660467906418,3.343331333733253e-05
152	1171110505	5000.0	0.001	4.45555e-05	-1.468048	0.8521247350529894,0.14613273345330935,0.0017399720055988803,2.559488102379524e-06
155	183042670	5000.0	0.001	4.45555e-05	-2.109231	0.6899214957008598,0.3032899020195961,0.006787322535492901,1.279744051189762e-06
159	886809216	5000.0	0.001	4.45555e-05	-0.009895	0.9932643471305739,0.006600879824035193,0.00013477304539092182
157	4188254843	5000.0	0.001	4.45555e-05	0.129651	0.986148850229954,0.013811157768446311,3.9992001599680064e-05
154	915833454	5000.0	0.001	4.45555e-05	-0.065077	0.9905502099580084,0.009417956408718257,3.183363327334533e-05
160	271413889	5000.0	0.001	4.45555e-05	-0.032893	0.9848119976004799,0.01518124375124975,6.758648270345931e-06
161	773876354	5000.0	0.001	4.45555e-05	-0.575284	0.9044051589682064,0.09519668066386723,0.0003981603679264147
156	1135147635	5000.0	0.001	4.45555e-05	-0.184248	0.94639600079984,0.05309394121175765,0.0005100579884023196
162	323236486	5000.0	0.001	4.45555e-05	1.129268	0.9031029794041192,0.09521727654469106,0.0016779044191161767,1.839632073585283e-06
163	1744941703	5000.0	0.001	4.45555e-05	-0.314359	0.9520619076184763,0.0478253149370126,0.00011277744451109778
165	4020851341	5000.0	0.001	4.45555e-05	-0.754595	0.9056904619076185,0.09296428714257149,0.0013451309738052389,1.199760047990402e-07
164	647787146	5000.0	0.001	4.45555e-05	0.390789	0.9768028794241151,0.023183043391321736,1.4077184563087382e-05
168	568398490	5000.0	0.001	4.45555e-05	1.200469	0.93505074985003,0.06466330733853229,0.00028594281143771245
166	3176934030	5000.0	0.001	4.45555e-05	-0.561742	0.9500500699860028,0.049884583083383324,6.534693061387723e-05
167	1236001423	5000.0	0.001	4.45555e-05	-0.132755	0.9602379124175165,0.03916028794241152,0.0006015996800639872,1.9996000799840033e-07
169	2869123747	5000.0	0.001	4.45555e-05	0.315156	0.9035656468706259,0.09547010597880425,0.000964127174565087,1.199760047990402e-07
170	3034888876	5000.0	0.001	4.45555e-05	0.343252	0.9603176564687063,0.03955120975804839,0.00013113377324535093
171	4189037228	5000.0	0.001	4.45555e-05	-0.333566	0.9747490901819637,0.02509646070785843,0.0001544491101779644
173	2489680568	5000.0	0.001	4.45555e-05	0.119876	0.9839563687262548,0.01602147570485903,2.2155568886222757e-05
172	2933764789	5000.0	0.001	4.45555e-05	0.655445	0.9504091181763648,0.04679280143971206,0.002797120575884823,9.598080383923216e-07
174	2208166589	5000.0	0.001	4.45555e-05	-0.756410	0.9011095780843831,0.09855744851029793,0.0003329734053189362
175	2443885246	5000.0	0.001	4.45555e-05	0.069413	0.9543614477104579,0.040674505098980206,0.003731893621275745,0.001232113577284543,3.9992001599680065e-08
178	1490428614	5000.0	0.001	4.45555e-05	0.046608	0.9903212957408518,0.0096249150169966,5.3789242151569686e-05
176	562637507	5000.0	0.001	4.45555e-05	0.232480	0.9541088582283543,0.04542243551289742,0.0004681463707258548,5.598880223955209e-07
181	1940734672	5000.0	0.001	4.45555e-05	-0.929877	0.9106819036192761,0.08609254149170166,0.0032253149370125977,2.399520095980804e-07
179	3652240074	5000.0	0.001	4.45555e-05	-0.237949	0.9184321535692861,0.08147050589882024,9.734053189362127e-05
180	1470733002	5000.0	0.001	4.45555e-05	-0.964039	0.9453691261747651,0.05450605878824235,0.0001248150369926015
177	2414899908	5000.0	0.001	4.45555e-05	-0.104024	0.9703138172365527,0.029674825034993,1.1357728454309138e-05
183	706120418	5000.0	0.001	4.45555e-05	-0.522148	0.9467362927414517,0.05314701059788043,0.00011669666066786642
182	383812313	5000.0	0.001	4.45555e-05	-0.040007	0.9863130573885223,0.012703859228154368,0.0009829634073185362,1.199760047990402e-07
185	2453852906	5000.0	0.001	4.45555e-05	-0.754098	0.9286004399120176,0.06794249150169966,0.003400839832033593,5.622875424915017e-05
184	3741041379	5000.0	0.001	4.45555e-05	-0.419835	0.8036637072585483,0.1955776444711058,0.0007584083183363327,2.399520095980804e-07
188	2483729148	5000.0	0.001	4.45555e-05	-0.094613	0.9896499900019996,0.01015736852629474,0.00019048190361927613,2.1595680863827235e-06
187	1977641720	5000.0	0.001	4.45555e-05	-0.135704	0.9909694861027795,0.008983483303339332,4.7030593881223755e-05
186	1986167540	5000.0	0.001	4.45555e-05	-0.171812	0.940899300139972,0.0586127174565087,0.00048770245950809836,2.7994401119776043e-07
189	1826380541	5000.0	0.001	4.45555e-05	-0.020602	0.9935710057988403,0.006420915816836632,8.078384323135373e-06
190	4042566397	5000.0	0.001	4.45555e-05	-0.211246	0.9452714657068586,0.05432877424515097,0.00039976004799040194
191	944360198	5000.0	0.001	4.45555e-05	-0.123294	0.973566126774645,0.025939092181563688,0.0004947410517896421,3.9992001599680065e-08
198	908981032	5000.0	0.001	4.45555e-05	0.358563	0.9513570885822835,0.04649470105978804,0.0021478504299140173,3.5992801439712056e-07
192	2598386446	5000.0	0.001	4.45555e-05	0.201394	0.9578734653069386,0.04189046190761848,0.0002360727854429114
194	2484527898	5000.0	0.001	4.45555e-05	-0.605025	0.9563300139972005,0.0412869026194761,0.002359648070385923,2.3435312937412517e-05
193	819813144	5000.0	0.001	4.45555e-05	0.370712	0.9274133973205358,0.07251481703659268,7.178564287142572e-05
196	1841124125	5000.0	0.001	4.45555e-05	0.189538	0.9886834633073386,0.011291021795640873,2.551489702059588e-05
199	1217764143	5000.0	0.001	4.45555e-05	1.462024	0.8856327534493101,0.11422131573685262,0.00014593081383723256
197	913597217	5000.0	0.001	4.45555e-05	-0.729642	0.916407198560288,0.07882231553689262,0.004768046390721856,2.439512097580484e-06
195	2819382044	5000.0	0.001	4.45555e-05	-0.352196	0.9545732053589282,0.04416452709458108,0.0012616676664667066,5.99880023995201e-07
204	1154321233	5000.0	0.001	4.45555e-05	0.165405	0.963723975204959,0.036196840631873624,7.918416316736653e-05
201	172962620	5000.0	0.001	4.45555e-05	1.224658	0.8192982603479304,0.1796881023795241,0.001013637272545491
200	1628728124	5000.0	0.001	4.45555e-05	0.189358	0.9727736852629474,0.02695388922215557,0.0002703859228154369,2.039592081583683e-06
202	1313071937	5000.0	0.001	4.45555e-05	0.168082	0.980872825434913,0.01844767046590682,0.000679504099180164
206	1382329176	5000.0	0.001	4.45555e-05	-0.027858	0.9865070585882824,0.013482303539292141,1.0637872425514897e-05
203	2877520718	5000.0	0.001	4.45555e-05	0.392055	0.9561663667266547,0.04377624475104979,5.738852229554089e-05
205	3679105876	5000.0	0.001	4.45555e-05	-0.275361	0.8918397920415917,0.10790597880423915,0.00025422915416916617
208	1888865121	5000.0	0.001	4.45555e-05	-1.655767	0.8940683063387322,0.10507278544291142,0.0008481103779244151,1.0797840431913617e-05
207	1805882203	5000.0	0.001	4.45555e-05	0.199285	0.9282226354729054,0.07074449110177965,0.0010325934813037393,2.7994401119776043e-07
209	1514238822	5000.0	0.001	4.45555e-05	-0.054792	0.990370925814837,0.009620715856828634,8.358328334333133e-06
210	3463711603	5000.0	0.001	4.45555e-05	-0.041039	0.9902227954409119,0.009510697860427915,0.00026650669866026794
211	4197251962	5000.0	0.001	4.45555e-05	-0.009478	0.9949851229754049,0.005002319536092781,1.255748850229954e-05
212	1715524476	5000.0	0.001	4.45555e-05	0.050440	0.9179156968606279,0.08183175364927014,0.0002525494901019796
213	290872189	5000.0	0.001	4.45555e-05	0.546943	0.9558938212357528,0.043738052389522095,0.000368126374725055
216	1090499466	5000.0	0.001	4.45555e-05	0.136614	0.9675780843831234,0.02923847230553889,0.00318248350329934,9.598080383923216e-07
219	1035875227	5000.0	0.001	4.45555e-05	-0.507004	0.9685679664067186,0.030971765646870625,0.00046026794641071785
214	441342855	5000.0	0.001	4.45555e-05	0.086764	0.987630073985203,0.012346490701859628,2.3435312937412517e-05
215	3439784842	5000.0	0.001	4.45555e-05	-0.094259	0.9876010797840432,0.012358568286342731,4.0351929614077184e-05
218	3961738130	5000.0	0.001	4.45555e-05	0.174054	0.950339452109578,0.049500419916016794,0.00016012797440511896
217	1731376014	5000.0	0.001	4.45555e-05	-0.448086	0.9483000199960008,0.05037244551089782,0.0013275344931013798
223	1870459818	5000.0	0.001	4.45555e-05	-0.092962	0.9800845430913817,0.019906378724255148,9.078184363127375e-06
220	3062533022	5000.0	0.001	4.45555e-05	-0.289375	0.9769962407518497,0.02287374525094981,0.0001300139972005599
224	1881336748	5000.0	0.001	4.45555e-05	-0.606308	0.9410993401319736,0.05815852829434113,0.0007420115976804639,1.199760047990402e-07
221	4004670368	5000.0	0.001	4.45555e-05	-0.060993	0.975075824835033,0.02488114377124575,4.303139372125575e-05
225	1535712174	5000.0	0.001	4.45555e-05	0.335649	0.9233868426314737,0.07617996400719856,0.00043319336132773445
222	4253246378	5000.0	0.001	4.45555e-05	-2.024074	0.7988081583683263,0.1949262947410518,0.006237672465506898,2.7874425114977005e-05
226	675824568	5000.0	0.001	4.45555e-05	-0.223653	0.9836214357128574,0.016346970605878825,3.159368126374725e-05
228	4157078461	5000.0	0.001	4.45555e-05	-0.263339	0.9546438312337533,0.04488602279544091,0.0004701459708058388
229	134648769	5000.0	0.001	4.45555e-05	0.338298	0.9757247350529894,0.02425606878624275,1.919616076784643e-05
227	4076192697	5000.0	0.001	4.45555e-05	0.022742	0.9911261347730453,0.008863227354529095,1.0637872425514897e-05
230	3966440397	5000.0	0.001	4.45555e-05	0.179718	0.9794572685462908,0.020180603879224154,0.000362127574485103
232	1365236688	5000.0	0.001	4.45555e-05	-0.172572	0.9680677864427114,0.031770605878824236,0.00016160767846430714
231	2790202317	5000.0	0.001	4.45555e-05	0.540407	0.9703529294141172,0.029436712657468507,0.00021035792841431712
233	4166245328	5000.0	0.001	4.45555e-05	-0.272590	0.9528190361927614,0.04712413517296541,5.682863427314537e-05
234	4261694417	5000.0	0.001	4.45555e-05	0.070297	0.9722326334733054,0.027717176564687064,5.0189962007598483e-05
244	990419980	5000.0	0.001	4.45555e-05	0.073331	0.9544450309938013,0.04450437912417517,0.0009946810637872425,5.590881823635273e-05
236	3466433492	5000.0	0.001	4.45555e-05	0.672667	0.9464577084583083,0.0532123575284943,0.00032989402119576087,3.9992001599680065e-08
235	3448615889	5000.0	0.001	4.45555e-05	0.213687	0.9675994801039792,0.03231013797240552,9.038192361527694e-05
237	643199966	5000.0	0.001	4.45555e-05	-0.318570	0.9703802839432114,0.029585602879424116,3.4113177364527094e-05
241	1881811965	5000.0	0.001	4.45555e-05	-0.260577	0.9811280543891222,0.01886366726654669,8.278344331133774e-06
242	3919641597	5000.0	0.001	4.45555e-05	0.108111	0.9597890821835633,0.040167326534693064,4.359128174365127e-05
238	1046883299	5000.0	0.001	4.45555e-05	0.022416	0.9802116776644672,0.019767126574685063,2.1195760847830434e-05
240	1707930614	5000.0	0.001	4.45555e-05	0.059984	0.9786494301139772,0.02134025194961008,1.0317936412717456e-05
239	2225613796	5000.0	0.001	4.45555e-05	-0.749047	0.8890448710257949,0.11070969806038793,0.00024543091381723655
245	551291920	5000.0	0.001	4.45555e-05	0.006800	0.993781323735253,0.006208438312337533,1.0237952409518097e-05
243	3084454918	5000.0	0.001	4.45555e-05	0.021317	0.9621065386922616,0.03762235552889422,0.00027110577884423113
246	923755536	5000.0	0.001	4.45555e-05	0.268176	0.9801977204559088,0.01975640871825635,4.587082583483303e-05
250	2292956198	5000.0	0.001	4.45555e-05	-0.358086	0.9670646270745851,0.03283615276944611,9.918016396720656e-05,3.9992001599680065e-08
247	2345985053	5000.0	0.001	4.45555e-05	-1.770545	0.8659668866226755,0.13211685662867426,0.0019158968206358729,3.5992801439712056e-07
248	672029729	5000.0	0.001	4.45555e-05	0.189672	0.9868739452109578,0.013114697060587882,1.1357728454309138e-05
249	1482138662	5000.0	0.001	4.45555e-05	1.481032	0.8381517296540691,0.15858628274345132,0.0032619476104779046,3.9992001599680065e-08
251	3892569126	5000.0	0.001	4.45555e-05	-0.274462	0.9743585282943411,0.02561967606478704,2.1795640871825633e-05
253	3874970676	5000.0	0.001	4.45555e-05	-0.082623	0.9666429114177164,0.03280575884823035,0.0005512097580483903,1.199760047990402e-07
252	1568562224	5000.0	0.001	4.45555e-05	0.677177	0.9395811237752449,0.06038180363927215,3.707258548290342e-05
254	427924536	5000.0	0.001	4.45555e-05	0.362806	0.9685091781643671,0.030419236152769445,0.0010714657068586282,1.199760047990402e-07
255	2904101945	5000.0	0.001	4.45555e-05	0.097301	0.9868361927614477,0.013148890221955608,1.4917016596680664e-05
256	218698810	5000.0	0.001	4.45555e-05	0.085333	0.8696798640271945,0.12990637872425514,0.0004136772645470906,7.998400319936013e-08
263	1511445600	5000.0	0.001	4.45555e-05	0.099468	0.97345174965007,0.02649514097180564,5.310937812437512e-05
262	906574940	5000.0	0.001	4.45555e-05	0.026335	0.9825703659268147,0.017374205158968207,5.5428914217156566e-05
258	1603966017	5000.0	0.001	4.45555e-05	0.818301	0.9244809038192362,0.07502003599280144,0.000498620275944811,4.399120175964807e-07
257	424635453	5000.0	0.001	4.45555e-05	-0.736534	0.9460319536092782,0.053741331733653266,0.0002267146570685863
266	1399606374	5000.0	0.001	4.45555e-05	0.095047	0.9906264747050589,0.008529414117176564,0.000843991201759648,1.199760047990402e-07
261	3727037525	5000.0	0.001	4.45555e-05	0.099466	0.9830148770245951,0.016967886422715458,1.7236552689462107e-05
267	942535782	5000.0	0.001	4.45555e-05	-0.496575	0.8944139172165567,0.10492405518896221,0.0006419516096780644,2.0075984803039393e-05
260	39644229	5000.0	0.001	4.45555e-05	-0.005697	0.9758937012597481,0.02410097980403919,5.318936212757449e-06
265	2206311525	5000.0	0.001	4.45555e-05	-0.118016	0.9904763047390522,0.009505818836232754,1.7876424715056987e-05
268	2236197996	5000.0	0.001	4.45555e-05	-1.688624	0.737931573685263,0.2577356128774245,0.004314217156568686,1.859628074385123e-05
259	1754420291	5000.0	0.001	4.45555e-05	0.923064	0.9378357528494301,0.06187734453109378,0.00028690261947610476
271	963447925	5000.0	0.001	4.45555e-05	0.146770	0.9575281343731253,0.04146398720255949,0.0010078784243151369
270	2153610356	5000.0	0.001	4.45555e-05	0.128502	0.979566526694661,0.020339652069586083,9.382123575284943e-05
272	681067647	5000.0	0.001	4.45555e-05	-0.151360	0.9588397120575884,0.03974881023795241,0.0014114777044591082
273	3441695871	5000.0	0.001	4.45555e-05	-0.182132	0.924927574485103,0.06856860627874425,0.006311417716456709,0.0001924015196960608
274	3715036291	5000.0	0.001	4.45555e-05	-1.166616	0.7118025994801039,0.2723990801839632,0.015789002199560087,9.318136372725454e-06
275	2717418633	5000.0	0.001	4.45555e-05	-0.207503	0.9813931613677265,0.01858892221555689,1.7916416716656668e-05
276	2181821579	5000.0	0.001	4.45555e-05	0.006939	0.9872835832833433,0.012624395120975804,9.202159568086383e-05
280	550540433	5000.0	0.001	4.45555e-05	0.019908	0.9730368326334733,0.02667722455508898,0.0002854229154169166,5.198960207958409e-07
283	2751526045	5000.0	0.001	4.45555e-05	0.010571	0.9776583483303339,0.022323135372925414,1.851629674065187e-05
287	878404779	5000.0	0.001	4.45555e-05	0.058118	0.9747367726454709,0.025178164367126575,8.50629874025195e-05
285	791936164	5000.0	0.001	4.45555e-05	-0.120319	0.932639352129574,0.06727806438712257,8.258348330333933e-05
279	2879450258	5000.0	0.001	4.45555e-05	0.071550	0.9696953409318136,0.030200439912017596,0.00010421915616876625
281	3599694999	5000.0	0.001	4.45555e-05	-0.173397	0.9675087382523495,0.0324374325134973,5.3829234153169363e-05
282	2088113308	5000.0	0.001	4.45555e-05	-0.401621	0.9634209158168366,0.036300139972005596,0.00027894421115776845
277	3978466448	5000.0	0.001	4.45555e-05	0.385318	0.9754416316736653,0.02446506698660268,9.330133973205359e-05
286	5495974	5000.0	0.001	4.45555e-05	-0.443724	0.9552579884023196,0.04448350329934013,0.00025850829834033194
284	154434719	5000.0	0.001	4.45555e-05	-0.151247	0.9886297140571886,0.011282023595280943,8.82623475304939e-05
278	3626839185	5000.0	0.001	4.45555e-05	-0.068255	0.9876861027794441,0.012300899820035993,1.2997400519896021e-05
288	1116820654	5000.0	0.001	4.45555e-05	0.023322	0.9848472705458908,0.014859108178364328,0.00029362127574485104
289	3779003570	5000.0	0.001	4.45555e-05	0.001369	0.9844504299140172,0.012303979204159168,0.0032010397920415917,4.455108978204359e-05
291	3954779319	5000.0	0.001	4.45555e-05	0.045552	0.9337355328934213,0.06526178764247151,0.0010023195360927815,3.5992801439712056e-07
290	14767284	5000.0	0.001	4.45555e-05	-1.100553	0.9164369526094781,0.08273073385322935,0.0008323135372925415
269	3954070643	5000.0	0.001	4.45555e-05	-0.113039	0.979521575684863,0.018874105178964207,0.0015776444711057787,2.6674665066986603e-05
264	2416692320	5000.0	0.001	4.45555e-05	-0.375805	0.9655918416316737,0.03437192561487702,3.623275344931014e-05
293	3142292679	5000.0	0.001	4.45555e-05	-0.037134	0.9455100179964007,0.05426770645870826,0.00022227554489102178
292	927419575	5000.0	0.001	4.45555e-05	0.486801	0.905624475104979,0.09412973405318936,0.00024579084183163366
294	1919417546	5000.0	0.001	4.45555e-05	0.834326	0.9435882423515297,0.05563827234553089,0.0007734453109378125,3.9992001599680065e-08
305	2051650802	5000.0	0.001	4.45555e-05	0.014656	0.9872944211157768,0.012702899420115977,2.679464107178564e-06
303	4206034155	5000.0	0.001	4.45555e-05	0.220484	0.9667804839032194,0.03311513697260548,0.00010433913217356528,3.9992001599680065e-08
304	2064602353	5000.0	0.001	4.45555e-05	-0.873741	0.9248551889622075,0.0750640671865627,8.074385122975405e-05
296	3859768532	5000.0	0.001	4.45555e-05	0.083252	0.9493532893421316,0.048725854829034194,0.0019206558688262348,1.9996000799840033e-07
306	1957582067	5000.0	0.001	4.45555e-05	0.919207	0.9367224955008998,0.06325418916216757,2.331533693261348e-05
302	4267470058	5000.0	0.001	4.45555e-05	-0.015185	0.9075958408318336,0.09032661467706458,0.0020769446110777846,5.99880023995201e-07
295	4023768269	5000.0	0.001	4.45555e-05	-0.263575	0.9589836432713458,0.04090597880423915,0.0001103379324135173,3.9992001599680065e-08
297	2169091286	5000.0	0.001	4.45555e-05	-0.697327	0.7944097180563887,0.202322575484903,0.0032668266346730654,8.798240351929614e-07
299	3330174171	5000.0	0.001	4.45555e-05	0.202033	0.901848350329934,0.09686582683463307,0.0012857828434313138,3.9992001599680065e-08
300	2809328866	5000.0	0.001	4.45555e-05	0.220873	0.9838920215956809,0.015891781643671266,0.00021615676864627075,3.9992001599680065e-08
307	2676135154	5000.0	0.001	4.45555e-05	0.339479	0.9772793041391722,0.022712137572485504,8.558288342331533e-06
298	2882147544	5000.0	0.001	4.45555e-05	0.440125	0.9505158168366327,0.04945750849830034,2.6674665066986603e-05
301	1995568356	5000.0	0.001	4.45555e-05	1.133156	0.8951125374925015,0.10465950809838033,0.0002275144971005799,4.399120175964807e-07
308	2437770486	5000.0	0.001	4.45555e-05	0.098547	0.9736980603879224,0.02623619276144771,6.574685062987402e-05
309	715877624	5000.0	0.001	4.45555e-05	-0.824878	0.9047806438712258,0.09467874425114978,0.0005406118776244751
310	573256953	5000.0	0.001	4.45555e-05	0.502155	0.9558757048590282,0.043671625674865024,0.00045266946610677866
311	363885818	5000.0	0.001	4.45555e-05	0.269900	0.9424486302739452,0.05674009198160368,0.0008111577684463108,1.199760047990402e-07
312	2715196670	5000.0	0.001	4.45555e-05	0.091504	0.9906781843631274,0.009321015796840632,7.998400319936013e-07
321	1862964502	5000.0	0.001	4.45555e-05	-0.112563	0.9766843431313738,0.023293941211757648,2.1715656868626276e-05
313	3298813182	5000.0	0.001	4.45555e-05	-0.108974	0.9691610877824435,0.030790161967606477,4.8750249950009996e-05
318	1906922768	5000.0	0.001	4.45555e-05	0.042099	0.9850593481303739,0.014939092181563687,1.5596880623875224e-06
316	1227629837	5000.0	0.001	4.45555e-05	-0.343601	0.9676058388322335,0.03184231153769246,0.0005515696860627874,2.7994401119776043e-07
314	1727659264	5000.0	0.001	4.45555e-05	-0.071742	0.9130861427714457,0.08659160167966407,0.000322255548890222
326	3138837798	5000.0	0.001	4.45555e-05	-0.224695	0.9612478304339133,0.03790965806838632,0.000833993201359728,8.518296340731854e-06
317	3195839759	5000.0	0.001	4.45555e-05	-0.943318	0.94640799840032,0.053470465906818636,0.00012153569286142772
322	3196222743	5000.0	0.001	4.45555e-05	0.398837	0.9743851229754049,0.01414133173365327,0.011469626074785043,3.919216156768646e-06
324	3129988378	5000.0	0.001	4.45555e-05	0.332099	0.8543234153169366,0.14510153969206158,0.0005750449910017996
319	2295971088	5000.0	0.001	4.45555e-05	-0.308737	0.96405874825035,0.03589094181163767,5.030993801239752e-05
327	3455063338	5000.0	0.001	4.45555e-05	0.362295	0.9666161967606479,0.033349690061987604,3.4113177364527094e-05
315	4210926857	5000.0	0.001	4.45555e-05	-0.378821	0.9686770645870826,0.031307858428314336,1.5076984603079384e-05
325	1451408673	5000.0	0.001	4.45555e-05	1.242981	0.8810538692261548,0.11608214357128574,0.0028622275544891024,1.7596480703859228e-06
323	2769630487	5000.0	0.001	4.45555e-05	-0.046642	0.9885890021995601,0.010525294941011797,0.0008856628674265147,3.9992001599680065e-08
320	3835284757	5000.0	0.001	4.45555e-05	0.473666	0.9484093581283743,0.04988134373125375,0.001269746050789842,0.00043955208958208357
328	146814254	5000.0	0.001	4.45555e-05	-0.382008	0.9499248950209958,0.04042151569686063,0.009464587082583483,0.0001889622075584883,3.9992001599680065e-08
329	2945344815	5000.0	0.001	4.45555e-05	-0.130017	0.974149850029994,0.025821955608878223,2.8194361127774445e-05
332	1478802742	5000.0	0.001	4.45555e-05	-0.000990	0.9891505698860228,0.010783883223355328,6.554689062187562e-05
331	2974981428	5000.0	0.001	4.45555e-05	-0.019098	0.9671964807038592,0.03237672465506899,0.00042679464107178564
330	225301807	5000.0	0.001	4.45555e-05	0.556087	0.9004381923615277,0.09688942211557688,0.0026718256348730253,5.598880223955209e-07
333	2609007931	5000.0	0.001	4.45555e-05	-0.018383	0.9573926814637073,0.042563247350529895,4.407118576284743e-05
337	868865352	5000.0	0.001	4.45555e-05	-0.366866	0.9576735052989402,0.04207886422715457,0.00024751049790041994,1.199760047990402e-07
334	3986394427	5000.0	0.001	4.45555e-05	0.358255	0.968653949210158,0.031330693861227756,1.5356928614277145e-05
342	2910725459	5000.0	0.001	4.45555e-05	-0.016176	0.962006598680264,0.037054269146170764,0.0009389322135572886,1.9996000799840033e-07
345	1349045595	5000.0	0.001	4.45555e-05	-0.020189	0.993650349930014,0.0063459708058388326,3.679264147170566e-06
336	1469207879	5000.0	0.001	4.45555e-05	0.121347	0.9771245350929814,0.022750489902019597,0.00012493501299740053,3.9992001599680065e-08
338	4087915848	5000.0	0.001	4.45555e-05	-0.739113	0.8600978204359128,0.13924767046590683,0.000654509098180364
344	2114833751	5000.0	0.001	4.45555e-05	0.029054	0.9757862427514498,0.02411785642871426,9.590081983603279e-05
351	793445744	5000.0	0.001	4.45555e-05	-0.018788	0.9876650269946011,0.01223383323335333,0.00010113977204559088
340	2140532043	5000.0	0.001	4.45555e-05	0.464321	0.9749964407118576,0.020281823635272946,0.0047211757648470305,5.598880223955209e-07
341	3153814859	5000.0	0.001	4.45555e-05	-1.234881	0.900632473505299,0.09900727854429114,0.00036024795040991804
343	3391137107	5000.0	0.001	4.45555e-05	-0.038433	0.9893241351729654,0.010674385122975406,1.4797040591881624e-06
348	4235599212	5000.0	0.001	4.45555e-05	-0.066749	0.9064239552089582,0.09204795040991802,0.001527894421115777,1.9996000799840033e-07
335	2787611965	5000.0	0.001	4.45555e-05	-1.100431	0.8102157168566286,0.18915392921415716,0.0006302339532093581,1.199760047990402e-07
339	3047669065	5000.0	0.001	4.45555e-05	0.401148	0.9604958608278344,0.039267906418716254,0.00023623275344931014
352	873393529	5000.0	0.001	4.45555e-05	0.548479	0.9186039192161568,0.08115416916616677,0.0002419116176764647
349	1681315181	5000.0	0.001	4.45555e-05	0.205087	0.9841445710857828,0.015736972605478905,0.00011649670065986803,1.959608078384323e-06
346	182869349	5000.0	0.001	4.45555e-05	-0.601094	0.9333443711257748,0.06643351329734053,0.00022211557688462308
347	2036991338	5000.0	0.001	4.45555e-05	-0.414640	0.9542739852029594,0.045694381123775246,3.163367326534693e-05
350	439465328	5000.0	0.001	4.45555e-05	-0.168415	0.9671766846630674,0.0326998600279944,0.00012345530893821235
353	3918843270	5000.0	0.001	4.45555e-05	-0.052030	0.9853608078384323,0.01463267346530694,6.518696260747851e-06
354	1084147082	5000.0	0.001	4.45555e-05	0.719349	0.9314863427314537,0.06529206158768246,0.0032213157368526295,2.7994401119776043e-07
358	1088429466	5000.0	0.001	4.45555e-05	0.515025	0.9530419116176765,0.04686706658668267,9.102179564087183e-05
361	1978752419	5000.0	0.001	4.45555e-05	-0.544238	0.9123694061187763,0.08739396120775844,0.00023663267346530693
356	14130582	5000.0	0.001	4.45555e-05	0.255278	0.9644408718256349,0.03482679464107179,0.0007300139972005599,2.319536092781444e-06
355	1864498572	5000.0	0.001	4.45555e-05	-0.048002	0.9694363127374525,0.030319696060787844,0.00024399120175964807
357	2794356120	5000.0	0.001	4.45555e-05	-0.088581	0.947677024595081,0.05222339532093581,9.958008398320336e-05
365	989623742	5000.0	0.001	4.45555e-05	-0.096183	0.8969389322135572,0.10187210557888422,0.0011889622075584882
372	1675636175	5000.0	0.001	4.45555e-05	0.014972	0.9733802039592082,0.026611917616476705,7.878424315136973e-06
367	2225405379	5000.0	0.001	4.45555e-05	0.029533	0.9819682063587283,0.01757596480703859,0.0004557888422315537,3.9992001599680065e-08
368	2529191364	5000.0	0.001	4.45555e-05	-0.037143	0.9838898220355928,0.016093501299740052,1.6676664667066585e-05
364	208741813	5000.0	0.001	4.45555e-05	-0.025988	0.9643272545490902,0.03565294941011798,1.9796040791841633e-05
360	1021076893	5000.0	0.001	4.45555e-05	0.005239	0.9840025994801039,0.015599200159968006,0.0003982003599280144
369	3618211268	5000.0	0.001	4.45555e-05	0.209791	0.9679312937412518,0.03198968206358728,7.902419516096781e-05
371	1353825731	5000.0	0.001	4.45555e-05	0.010505	0.9932400319936012,0.006756328734253149,3.639272145570886e-06
363	256925098	5000.0	0.001	4.45555e-05	-0.049234	0.9919192561487703,0.008078904219156169,1.839632073585283e-06
370	672716230	5000.0	0.001	4.45555e-05	1.154484	0.8862105978804239,0.11367994401119776,0.00010945810837832434
362	3581949353	5000.0	0.001	4.45555e-05	-0.337547	0.9736669466106779,0.026166846630673864,0.00016620675864827036
359	3912742299	5000.0	0.001	4.45555e-05	0.017586	0.9777308138372326,0.022263027394521094,6.15876824635073e-06
373	3332636114	5000.0	0.001	4.45555e-05	0.078582	0.9796797040591881,0.01971093781243751,0.0006093181363727255,3.9992001599680065e-08
366	3530808769	5000.0	0.001	4.45555e-05	0.099223	0.9818233553289342,0.017762007598480303,0.0004146370725854829
374	621796818	5000.0	0.001	4.45555e-05	-0.421448	0.9713098580283943,0.02865242951409718,3.77124575084983e-05
375	2709986774	5000.0	0.001	4.45555e-05	0.141917	0.9683290141971606,0.031628394321135775,4.259148170365927e-05
379	845825512	5000.0	0.001	4.45555e-05	0.241427	0.9477116176764647,0.05149346130773845,0.0007949210157968406
376	2441782750	5000.0	0.001	4.45555e-05	-0.648344	0.9403931613677264,0.059435552889422115,0.00017128574285142973
378	587636195	5000.0	0.001	4.45555e-05	0.231025	0.9766333933213357,0.02325378924215157,0.00011281743651269746
380	2296276471	5000.0	0.001	4.45555e-05	1.326558	0.8938872225554889,0.10547838432313537,0.0006201559688062387,1.4237152569486102e-05
377	4011963870	5000.0	0.001	4.45555e-05	0.109994	0.98425274945011,0.01571381723655269,3.343331333733253e-05
382	2344381957	5000.0	0.001	4.45555e-05	0.318402	0.9206945810837832,0.07756556688662268,0.0015750049990002,0.00016476704659068185,7.998400319936013e-08
381	1319575038	5000.0	0.001	4.45555e-05	-0.510592	0.8661208958208358,0.12071945610877824,0.013126094781043792,3.3553289342131575e-05
386	1175707159	5000.0	0.001	4.45555e-05	-0.173305	0.9788087582483503,0.021174565086982605,1.6676664667066585e-05
384	66819595	5000.0	0.001	4.45555e-05	0.228892	0.9578695460907819,0.04136516696660668,0.0007652469506098781,3.9992001599680065e-08
385	2426207761	5000.0	0.001	4.45555e-05	0.031528	0.991271625674865,0.008461107778444311,0.00026726654669066187
383	1140882951	5000.0	0.001	4.45555e-05	-0.276641	0.9662915816836632,0.03258212357528494,0.0011227754449110179,3.5192961407718455e-06
390	220499483	5000.0	0.001	4.45555e-05	-1.176712	0.8976686262747451,0.10193189362127575,0.00039948010397920417
391	4282291739	5000.0	0.001	4.45555e-05	-0.434916	0.94620099980004,0.053591841631673666,0.00020715856828634272
387	218850839	5000.0	0.001	4.45555e-05	1.061734	0.915446950609878,0.0844002399520096,0.00015280943811237752
389	467488280	5000.0	0.001	4.45555e-05	-0.045540	0.9921005798840232,0.007394241151769646,0.0005051789642071586
388	517832217	5000.0	0.001	4.45555e-05	0.485774	0.9666103579284143,0.032950289942011594,0.0004393521295740852
397	1527991875	5000.0	0.001	4.45555e-05	0.044247	0.9830797840431914,0.0169123775244951,7.838432313537292e-06
392	660258334	5000.0	0.001	4.45555e-05	0.167437	0.975445350929814,0.02449878024395121,5.586882623475305e-05
393	424861219	5000.0	0.001	4.45555e-05	-0.135242	0.9847644071185763,0.015192201559688062,4.339132173565287e-05
398	3410564676	5000.0	0.001	4.45555e-05	0.931776	0.9433114577084583,0.05558308338332334,0.0011051789642071586,2.7994401119776043e-07
396	4210650683	5000.0	0.001	4.45555e-05	-0.633686	0.9523318136372726,0.04759460107978404,7.04259148170366e-05,3.1593681263747252e-06
399	3504178760	5000.0	0.001	4.45555e-05	0.454354	0.9662701059788043,0.0332877824435113,0.0004419916016796641,1.199760047990402e-07
394	1861090856	5000.0	0.001	4.45555e-05	-1.439169	0.8863259348130373,0.11323247350529894,0.0004415116976604679,7.998400319936013e-08
395	1085873721	5000.0	0.001	4.45555e-05	0.120515	0.9454854229154169,0.05417852429514097,0.0003359328134373125,1.199760047990402e-07
400	1732118101	5000.0	0.001	4.45555e-05	0.735358	0.8446959408118376,0.15328390321935612,0.00201999600079984,1.5996800639872026e-07
402	4027747934	5000.0	0.001	4.45555e-05	0.556141	0.9474814637072585,0.05235836832633473,0.0001600879824035193,7.998400319936013e-08
404	2577364578	5000.0	0.001	4.45555e-05	0.630820	0.9518359928014397,0.0481118176364727,5.2189562087582484e-05
401	1722627671	5000.0	0.001	4.45555e-05	0.061845	0.9829787642471506,0.017012037592481502,9.198160367926415e-06
405	3619927654	5000.0	0.001	4.45555e-05	-0.182086	0.9656404719056189,0.034309338132373524,5.0189962007598483e-05
408	1789585010	5000.0	0.001	4.45555e-05	-0.130482	0.963101899620076,0.036640311937612476,0.0002577884423115377
403	1496303199	5000.0	0.001	4.45555e-05	-0.354331	0.9182598680263947,0.0815372525494901,0.00020287942411517697
407	3163401836	5000.0	0.001	4.45555e-05	0.144442	0.983977524495101,0.011969166166766647,0.004045990801839632,7.318536292741451e-06
406	960798312	5000.0	0.001	4.45555e-05	-0.368469	0.3854363527294541,0.5817987602479504,0.03268946210757848,7.54249150169966e-05
414	2502465161	5000.0	0.001	4.45555e-05	0.006422	0.9752048790241952,0.02472869426114777,6.642671465706858e-05
411	2711770752	5000.0	0.001	4.45555e-05	-0.083576	0.989993201359728,0.010002119576084783,4.679064187162567e-06
409	1152124539	5000.0	0.001	4.45555e-05	0.455721	0.9590686262747451,0.040605678864227154,0.00032569486102779444
410	720860796	5000.0	0.001	4.45555e-05	-0.771061	0.8822999800039992,0.11119360127974405,0.006503419316136773,2.999400119976005e-06
418	2462209688	5000.0	0.001	4.45555e-05	-0.470084	0.9685902819436113,0.02751645670865827,0.0038829834033193363,1.0277944411117777e-05
412	3982036610	5000.0	0.001	4.45555e-05	0.021587	0.9888829034193162,0.011111097780443911,5.99880023995201e-06
416	524215958	5000.0	0.001	4.45555e-05	-0.177381	0.9735987202559488,0.026267746450709856,0.00013353329334133175
415	1647292052	5000.0	0.001	4.45555e-05	-0.265769	0.9755116176764647,0.024485622875424915,2.7594481103779245e-06
413	3438984840	5000.0	0.001	4.45555e-05	-0.569886	0.951194801039792,0.04778872225554889,0.0010154369126174766,1.0397920415916818e-06
417	2772649623	5000.0	0.001	4.45555e-05	1.279495	0.9102996600679863,0.08935380923815237,0.00034653069386122776
419	567709351	5000.0	0.001	4.45555e-05	0.647457	0.9397632873425315,0.060010477904419116,0.00022619476104779044,3.9992001599680065e-08
420	2666092204	5000.0	0.001	4.45555e-05	-0.218603	0.9722831033793241,0.027449830033993202,0.0002455108978204359,2.1555688862227554e-05
421	2800336556	5000.0	0.001	4.45555e-05	0.337462	0.9650323535292942,0.03478132373525295,0.00018632273545290942
424	1109944001	5000.0	0.001	4.45555e-05	0.068279	0.9926666266746651,0.0073171365726854625,1.6236752649470107e-05
422	1251161786	5000.0	0.001	4.45555e-05	0.498222	0.9648568686262747,0.03513249350129974,1.0637872425514897e-05
423	3839246011	5000.0	0.001	4.45555e-05	0.177057	0.9853915216956609,0.014557128574285143,5.1349730053989205e-05
426	2264002246	5000.0	0.001	4.45555e-05	-0.144700	0.9842984603079384,0.01567106578684263,3.0473905218956208e-05
428	2804203215	5000.0	0.001	4.45555e-05	-0.369415	0.9392709058188362,0.060341851629674065,0.00038724255148970204
429	1387267796	5000.0	0.001	4.45555e-05	1.476187	0.9082239152169566,0.09167834433113377,9.774045190961808e-05
425	3507496644	5000.0	0.001	4.45555e-05	0.640075	0.9495390121975605,0.041038352329534095,0.00941615676864627,6.47870425914817e-06
431	238083805	5000.0	0.001	4.45555e-05	0.014669	0.9926926614677064,0.007285382923415317,2.1955608878224355e-05
427	3929837258	5000.0	0.001	4.45555e-05	-0.046898	0.9903407318536293,0.009658108378324336,1.159768046390722e-06
430	2234857176	5000.0	0.001	4.45555e-05	0.081979	0.9878942211557689,0.01204751049790042,5.826834633073385e-05
433	1850175199	5000.0	0.001	4.45555e-05	-0.172044	0.9788393121375725,0.020451469706058788,0.0007091781643671266,3.9992001599680065e-08
434	2933817064	5000.0	0.001	4.45555e-05	0.093896	0.9111275344931014,0.08627826434713057,0.0025942011597680464
435	332603117	5000.0	0.001	4.45555e-05	-0.145446	0.974398800239952,0.025573045390921815,2.8154369126174764e-05
432	1942953694	5000.0	0.001	4.45555e-05	-0.133590	0.9690789042191562,0.030696420715856827,0.0002246750649870026
438	1793939206	5000.0	0.001	4.45555e-05	-0.008549	0.8662950609878024,0.1334129974005199,0.00029122175564887023,7.198560287942411e-07
436	3753588464	5000.0	0.001	4.45555e-05	-0.149280	0.9645386122775444,0.034695900819836034,0.0007654469106178764,3.9992001599680065e-08
439	3964000007	5000.0	0.001	4.45555e-05	0.043477	0.9246954209158168,0.07254325134973005,0.002748370325934813,1.295740851829634e-05
440	383940361	5000.0	0.001	4.45555e-05	-0.097621	0.9620161567686463,0.03780375924815037,0.00018008398320335932
437	1110048500	5000.0	0.001	4.45555e-05	1.469794	0.8727030593881224,0.12590737852429515,0.001388242351529694,1.319736052789442e-06
442	2080601880	5000.0	0.001	4.45555e-05	-0.448347	0.9285065386922615,0.07139100179964007,0.00010245950809838032
450	3896168247	5000.0	0.001	4.45555e-05	0.266352	0.9488755448910218,0.05099892021595681,0.00012553489302139572
443	2872903454	5000.0	0.001	4.45555e-05	0.634116	0.9355394521095781,0.05911389722055589,0.0053442111577684465,2.439512097580484e-06
441	3471888152	5000.0	0.001	4.45555e-05	0.133257	0.9679321335732853,0.03199872025594881,6.914617076584683e-05
445	2821992225	5000.0	0.001	4.45555e-05	0.920552	0.937800199960008,0.062113937212557487,8.58628274345131e-05
447	1905893165	5000.0	0.001	4.45555e-05	-0.103484	0.9756179964007199,0.024379204159168166,2.7994401119776045e-06
449	3484319536	5000.0	0.001	4.45555e-05	-0.088372	0.9778268346330734,0.022171085782843433,2.0795840831833635e-06
446	3082891043	5000.0	0.001	4.45555e-05	-0.139270	0.9774273545290941,0.022097020595880822,0.000475624875024995
444	2281705247	5000.0	0.001	4.45555e-05	-0.369369	0.9661522895420915,0.0338371125774845,1.0597880423915217e-05
448	4186074928	5000.0	0.001	4.45555e-05	1.127452	0.9210401119776045,0.07864383123375325,0.00031605678864227155
451	894953271	5000.0	0.001	4.45555e-05	-0.396949	0.938078224355129,0.05834245150969806,0.003578484303139372,8.398320335932813e-07
454	830385983	5000.0	0.001	4.45555e-05	-0.059766	0.9748864627074585,0.025095540891821637,1.799640071985603e-05
457	3394432848	5000.0	0.001	4.45555e-05	0.300630	0.9339692861427714,0.0646997800439912,0.0013246950609878023,6.23875224955009e-06
453	1942751033	5000.0	0.001	4.45555e-05	0.383359	0.9385264147170566,0.06057736452709458,0.0008962207558488302
452	3232249656	5000.0	0.001	4.45555e-05	0.059706	0.988747050589882,0.010274785042991402,0.0009779244151169766,2.399520095980804e-07
456	1273759565	5000.0	0.001	4.45555e-05	0.060929	0.8874860227954409,0.11169542091581684,0.0008185162967406518,3.9992001599680065e-08
455	3783982915	5000.0	0.001	4.45555e-05	0.520911	0.9650555088982203,0.034910657868426315,3.3833233353329335e-05
458	1215014737	5000.0	0.001	4.45555e-05	0.435197	0.9572477104579085,0.03627146570685863,0.006477304539092181,3.5192961407718455e-06
459	1793636180	5000.0	0.001	4.45555e-05	-0.158065	0.9743924815036993,0.02553381323735253,7.370525894821035e-05
460	3059068757	5000.0	0.001	4.45555e-05	-0.062209	0.9777824835032993,0.0222122375524895,5.278944211157768e-06
462	3773202264	5000.0	0.001	4.45555e-05	-0.171268	0.9699554889022196,0.030041071785642873,3.4393121375724856e-06
461	2467749718	5000.0	0.001	4.45555e-05	0.586738	0.9612885022995401,0.03625146970605879,0.002459868026394721,1.5996800639872026e-07
464	1953060700	5000.0	0.001	4.45555e-05	0.065122	0.9898297540491902,0.010168246350729854,1.999600079984003e-06
463	343138136	5000.0	0.001	4.45555e-05	0.493008	0.9391340131973606,0.06021639672065587,0.0006495900819836033
466	251488115	5000.0	0.001	4.45555e-05	0.303977	0.9682876224755049,0.0313870025994801,0.000325254949010198,1.199760047990402e-07
467	1954031476	5000.0	0.001	4.45555e-05	-0.120821	0.9805871225754849,0.019408078384323135,4.799040191961608e-06
465	2533162854	5000.0	0.001	4.45555e-05	1.464942	0.8921997600479904,0.10681791641671666,0.0009822835432913416,3.9992001599680065e-08
471	638480253	5000.0	0.001	4.45555e-05	-0.011245	0.9813514497100579,0.018563567286542692,8.498300339932014e-05
470	1473376124	5000.0	0.001	4.45555e-05	-0.227431	0.9800619076184763,0.01989102179564087,4.707058588282344e-05
469	405297014	5000.0	0.001	4.45555e-05	-0.059091	0.8608410717856428,0.1383128574285143,0.000845990801839632,7.998400319936013e-08
468	2489526133	5000.0	0.001	4.45555e-05	-1.518680	0.875526374725055,0.12202335532893421,0.0024472705458908218,2.999400119976005e-06
476	3040352151	5000.0	0.001	4.45555e-05	0.036843	0.9745487302539492,0.02518504299140172,0.00026622675464907017
475	3023024019	5000.0	0.001	4.45555e-05	-0.017239	0.9819282143571286,0.018064427114577085,7.358528294341132e-06
473	3906523006	5000.0	0.001	4.45555e-05	0.754054	0.9476903019396121,0.0522876624675065,2.2035592881423716e-05
472	4030394238	5000.0	0.001	4.45555e-05	-0.280796	0.933103699260148,0.06137252549490102,0.005516616676664667,7.1585682863427314e-06
474	2547902350	5000.0	0.001	4.45555e-05	-0.372471	0.9133414117176565,0.08656168766246751,9.690061987602479e-05
478	210882457	5000.0	0.001	4.45555e-05	0.728795	0.9507631673665267,0.03851037792441512,0.010724575084983003,1.879624075184963e-06
477	2740131736	5000.0	0.001	4.45555e-05	0.574483	0.9449329334133173,0.05485242951409718,0.0002146370725854829
480	546961316	5000.0	0.001	4.45555e-05	-0.132327	0.9810367126574685,0.018895340931813637,6.794641071785643e-05
479	2303739810	5000.0	0.001	4.45555e-05	-0.050000	0.9864171165766846,0.013437232553489302,0.00014565086982603478
481	758816681	5000.0	0.001	4.45555e-05	-0.785568	0.9160609478104379,0.083349650069986,0.0005894021195760848
483	3932825515	5000.0	0.001	4.45555e-05	0.866518	0.9437672865426915,0.05616984603079384,6.286742651469706e-05
482	3607279530	5000.0	0.001	4.45555e-05	-0.055453	0.9938433913217356,0.006156128774245151,4.799040191961608e-07
485	424413125	5000.0	0.001	4.45555e-05	0.233119	0.9841417316536692,0.015668986202759447,0.00018928214357128575
484	1933232058	5000.0	0.001	4.45555e-05	-0.599748	0.941676624675065,0.05821359728054389,0.00010977804439112178
488	3054010323	5000.0	0.001	4.45555e-05	0.219425	0.9753137372525494,0.02465258948210358,3.367326534693061e-05
486	3713394630	5000.0	0.001	4.45555e-05	0.267672	0.9750632273545291,0.024755808838232352,0.00018096380723855228
487	2986659792	5000.0	0.001	4.45555e-05	-0.021842	0.9823604479104179,0.01760103979204159,3.85122975404919e-05
489	1919791066	5000.0	0.001	4.45555e-05	-0.038584	0.9851528894221155,0.014838392321535693,8.718256348730255e-06
491	417593310	5000.0	0.001	4.45555e-05	-0.519956	0.91384875024995,0.08610313937212558,4.807038592281544e-05,3.9992001599680065e-08
492	2215735264	5000.0	0.001	4.45555e-05	0.009233	0.987254149170166,0.012739012197560488,6.838632273545291e-06
499	662063096	5000.0	0.001	4.45555e-05	-0.101065	0.9813659268146371,0.018627194561087784,6.878624275144971e-06
494	1204512743	5000.0	0.001	4.45555e-05	0.724247	0.8668376324735053,0.1319615276944611,0.0012008398320335933
493	414420966	5000.0	0.001	4.45555e-05	0.004842	0.9936926214757048,0.00630245950809838,4.919016196760648e-06
496	3906848751	5000.0	0.001	4.45555e-05	-2.203412	0.841575324935013,0.14461827634473107,0.01379000199960008,1.6396720655868826e-05
498	2859327479	5000.0	0.001	4.45555e-05	0.240376	0.951026274745051,0.04894253149370126,3.119376124775045e-05
497	2400034802	5000.0	0.001	4.45555e-05	-0.108788	0.9628150369926015,0.037166766646670665,1.819636072785443e-05
490	958771164	5000.0	0.001	4.45555e-05	-0.451914	0.9750273145370926,0.02494377124575085,2.8914217156568685e-05
495	4124080108	5000.0	0.001	4.45555e-05	-0.641139	0.9254976604679064,0.07426690661867627,0.00023543291341731655
