sim_id	seed	popsize	selcoef	mutrate	velocity	profile
2	660883467	5000.0	0.001	5.35e-05	-0.223151	0.950141451709658,0.0475129374125175,0.002334893021395721,1.0677864427114578e-05,3.9992001599680065e-08
18	550180919	5000.0	0.001	5.35e-05	-0.008015	0.9647196160767847,0.03515376924615077,0.00012661467706458709
11	2048800803	5000.0	0.001	5.35e-05	-0.138317	0.933200799840032,0.06391701659668067,0.0028819436112777447,2.399520095980804e-07
4	3328370709	5000.0	0.001	5.35e-05	-0.671442	0.9401484903019396,0.05965114977004599,0.00020035992801439712
8	1082970146	5000.0	0.001	5.35e-05	-0.025573	0.9733050589882024,0.026525814837032594,0.000169126174765047
7	2852388893	5000.0	0.001	5.35e-05	-0.555536	0.9155713657268546,0.08188126374725055,0.0025461707658468308,1.199760047990402e-06
3	2306344975	5000.0	0.001	5.35e-05	-0.488813	0.9231270145970806,0.0763877224555089,0.00048510297940411917,1.5996800639872026e-07
5	2101084181	5000.0	0.001	5.35e-05	0.097033	0.9809473305338933,0.01895344931013797,9.922015596880625e-05
16	3916748853	5000.0	0.001	5.35e-05	0.393198	0.9521624075184963,0.047468586282743454,0.00036900619876024796
15	3752839220	5000.0	0.001	5.35e-05	-0.154892	0.9539293341331734,0.045950849830033995,0.00011981603679264148
0	1039214593	5000.0	0.001	5.35e-05	-0.061096	0.9871414117176565,0.0128374725054989,2.1115776844631073e-05
1	4152629252	5000.0	0.001	5.35e-05	1.105765	0.8694735452909418,0.10483459308138372,0.025668506298740252,2.3355328934213156e-05
17	1358278709	5000.0	0.001	5.35e-05	-0.219435	0.9666966606678664,0.03260623875224955,0.0006968206358728254,2.7994401119776043e-07
6	2098616344	5000.0	0.001	5.35e-05	0.027857	0.975550449910018,0.02424863027394521,0.00020091981603679264
9	2461388834	5000.0	0.001	5.35e-05	-0.112089	0.9846200759848031,0.015370605878824235,9.318136372725454e-06
14	1271181363	5000.0	0.001	5.35e-05	-0.331730	0.9564657068586283,0.042514377124575085,0.0010192761447710458,6.39872025594881e-07
10	2979928098	5000.0	0.001	5.35e-05	-0.077675	0.9799724855028994,0.020003239352129575,2.42751449710058e-05
19	666658880	5000.0	0.001	5.35e-05	-0.247480	0.9625246550689862,0.036688782243551286,0.0007865626874625075
12	2642937895	5000.0	0.001	5.35e-05	-0.473410	0.6337449310137973,0.3385254949010198,0.025737812437512497,0.0019904419116176767,1.319736052789442e-06
13	4102748210	5000.0	0.001	5.35e-05	-0.248258	0.9424184763047391,0.05732817436512697,0.0002533493301339732
20	597162052	5000.0	0.001	5.35e-05	0.023985	0.9770421915616877,0.02281007798440312,0.00014769046190761848,3.9992001599680065e-08
37	1762855080	5000.0	0.001	5.35e-05	0.179249	0.9467768446310738,0.053091021795640875,0.00013213357328534293
25	1512616025	5000.0	0.001	5.35e-05	0.279093	0.9699714857028594,0.026297700459908018,0.003730133973205359,6.798640271945611e-07
22	2879967310	5000.0	0.001	5.35e-05	0.107077	0.9820120775844831,0.017860467906418716,0.00012745450909818038
23	2270369876	5000.0	0.001	5.35e-05	0.178270	0.9231987602479504,0.07356740651869625,0.003114857028594281,0.00011897620475904818
31	3360524405	5000.0	0.001	5.35e-05	0.741876	0.9407985602879424,0.05912649470105979,7.494501099780044e-05
21	3600111690	5000.0	0.001	5.35e-05	-0.244710	0.9485261347730454,0.05112073585282943,0.0003530893821235753,3.9992001599680065e-08
28	1440860255	5000.0	0.001	5.35e-05	-0.685716	0.9256071185762847,0.05743047390521896,0.016887102579484104,7.530493901219756e-05
24	2943590486	5000.0	0.001	5.35e-05	-0.270529	0.9531444111177765,0.046795800839832036,5.9788042391521694e-05
39	1464656048	5000.0	0.001	5.35e-05	0.636963	0.900098300339932,0.09814521095780844,0.001756368726254749,1.199760047990402e-07
36	286374053	5000.0	0.001	5.35e-05	0.517794	0.9525005798840231,0.044017196560687866,0.003476144771045791,6.07878424315137e-06
32	3005870206	5000.0	0.001	5.35e-05	0.029587	0.984874425114977,0.01448370325934813,0.000641871625674865
34	2151073929	5000.0	0.001	5.35e-05	0.286597	0.9115270545890822,0.08752845430913818,0.0009444511097780444,3.9992001599680065e-08
26	1966317658	5000.0	0.001	5.35e-05	-0.619029	0.8794454309138172,0.11999936012797441,0.0005548890221955609,3.199360127974405e-07
33	1832599688	5000.0	0.001	5.35e-05	-0.841116	0.9181234153169366,0.07616012797440512,0.005714497100579884,1.959608078384323e-06
29	991045741	5000.0	0.001	5.35e-05	0.393112	0.9127118176364727,0.08716436712657469,0.0001238152369526095
30	3197558898	5000.0	0.001	5.35e-05	-0.142477	0.9049091381723655,0.09364779044191161,0.0014430313937212557,3.9992001599680065e-08
27	2637785180	5000.0	0.001	5.35e-05	-0.924565	0.9116522295540892,0.0854755048990202,0.002871585682863427,6.798640271945611e-07
35	2979276964	5000.0	0.001	5.35e-05	0.044588	0.9707566086782643,0.02881631673665267,0.0004270745850829834
38	1908457645	5000.0	0.001	5.35e-05	-0.624031	0.825379324135173,0.15566490701859628,0.018320655868826235,0.0006351129774045192
40	161083579	5000.0	0.001	5.35e-05	-0.084365	0.9819274145170965,0.01756860627874425,0.0005039792041591682
42	1229207746	5000.0	0.001	5.35e-05	0.025800	0.9198942211557688,0.07968598280343932,0.00041979604079184164
44	302710982	5000.0	0.001	5.35e-05	-0.129489	0.9109443711257749,0.08883443311337733,0.00022119576084783044
41	2650927297	5000.0	0.001	5.35e-05	0.342042	0.9600103179364127,0.03278248350329934,0.007201439712057589,5.758848230353929e-06
54	1461936367	5000.0	0.001	5.35e-05	-0.196678	0.9249104979004199,0.07465966806638673,0.00042979404119176164,3.9992001599680065e-08
43	2563639491	5000.0	0.001	5.35e-05	-0.504876	0.9268899820035993,0.06260819836032794,0.010498940211957608,2.8794241151769645e-06
52	695705835	5000.0	0.001	5.35e-05	0.163199	0.9790245950809838,0.02070981803639272,0.0002655868826234753
45	1237145799	5000.0	0.001	5.35e-05	0.025475	0.9734040391921616,0.026549370125974806,4.6590681863627274e-05
47	338782414	5000.0	0.001	5.35e-05	0.228811	0.9619909618076384,0.03781759648070386,0.00019144171165766846
46	1581883592	5000.0	0.001	5.35e-05	0.188246	0.9189167366526695,0.0803115776844631,0.0005962007598480304,0.00017548490301939613
51	1399392482	5000.0	0.001	5.35e-05	0.161815	0.948893901219756,0.050965926814637075,0.00014017196560687863
53	4206878958	5000.0	0.001	5.35e-05	-0.574314	0.9033820035992801,0.09497860427914417,0.0016390321935612878,3.5992801439712056e-07
59	618305803	5000.0	0.001	5.35e-05	-0.022584	0.9839627674465107,0.01603239352129574,4.839032193561288e-06
48	3699517647	5000.0	0.001	5.35e-05	-0.714833	0.955066626674665,0.044796600679864025,0.00013669266146770645,7.998400319936013e-08
57	3832582401	5000.0	0.001	5.35e-05	0.068110	0.9701036592681463,0.02985270945810838,4.363127374525095e-05
58	3625509125	5000.0	0.001	5.35e-05	0.086050	0.954695700859828,0.04519736052789442,0.00010693861227754449
50	2989764833	5000.0	0.001	5.35e-05	0.089486	0.8755056588682264,0.12092841431713658,0.0035648070385922814,1.1197760447910417e-06
49	1092405455	5000.0	0.001	5.35e-05	-0.218651	0.9408676664667066,0.05383203359328134,0.0052869026194761045,1.3397320535892822e-05
56	4004622593	5000.0	0.001	5.35e-05	-0.295811	0.9504531493701259,0.04856424715056989,0.0009826034793041392
55	752378111	5000.0	0.001	5.35e-05	1.017211	0.8447144171165767,0.1425381723655269,0.012743691261747651,3.719256148770246e-06
60	921118988	5000.0	0.001	5.35e-05	0.449724	0.9409563287342532,0.05816732653469306,0.0008720255948810238,4.319136172765447e-06
63	1588726039	5000.0	0.001	5.35e-05	-0.164430	0.95020299940012,0.04433525294941012,0.005461147770445911,5.99880023995201e-07
61	3001397515	5000.0	0.001	5.35e-05	-0.023253	0.9918175964807039,0.008174365126974606,8.038392321535693e-06
62	2832443665	5000.0	0.001	5.35e-05	0.189677	0.9810181563687262,0.0188747850429914,0.00010701859628074385,3.9992001599680065e-08
64	1026973977	5000.0	0.001	5.35e-05	0.351193	0.9108281543691261,0.08853065386922615,0.0006379924015196961,3.1993601279744052e-06
65	668686618	5000.0	0.001	5.35e-05	0.002442	0.9746477104579084,0.02473221355728854,0.0006194761047790442,5.99880023995201e-07
68	2742812955	5000.0	0.001	5.35e-05	-0.316478	0.9624074385122975,0.03757244551089782,2.0115976804639073e-05
66	819325211	5000.0	0.001	5.35e-05	0.304342	0.8789818436312737,0.12032941411717657,0.0006886622675464908,7.998400319936013e-08
72	4192469293	5000.0	0.001	5.35e-05	0.239085	0.9497924415116976,0.050128174365126975,7.938412317536492e-05
67	1773725979	5000.0	0.001	5.35e-05	0.906760	0.8415062187562488,0.1486361127774445,0.00980255948810238,5.4989002199560085e-05,1.199760047990402e-07
75	3607120180	5000.0	0.001	5.35e-05	0.175742	0.9104594681063787,0.08351973605278944,0.006016596680663867,4.1991601679664066e-06
78	2199925065	5000.0	0.001	5.35e-05	-0.009206	0.9679096180763848,0.03206694661067786,2.3435312937412517e-05
69	919744798	5000.0	0.001	5.35e-05	0.144092	0.9677057788442311,0.032273505298940214,2.0715856828634272e-05
70	4209230112	5000.0	0.001	5.35e-05	-0.023718	0.9876825034993001,0.011222195560887823,0.001095260947810438,3.9992001599680065e-08
73	2479614254	5000.0	0.001	5.35e-05	0.103337	0.9516059588082384,0.047753369326134776,0.0006406718656268746
77	1758245185	5000.0	0.001	5.35e-05	-0.053469	0.9839362127574485,0.015453989202159568,0.0006063587282543492,3.4393121375724856e-06
76	2455783744	5000.0	0.001	5.35e-05	-0.505866	0.8905375724855029,0.1033372525494901,0.006121735652869426,3.4393121375724856e-06
74	3194028335	5000.0	0.001	5.35e-05	0.171122	0.9354474705058988,0.06440427914417117,0.000148250349930014
79	2172887371	5000.0	0.001	5.35e-05	0.126157	0.9699112977404519,0.030074225154969006,1.4477104579084183e-05
71	1718190369	5000.0	0.001	5.35e-05	0.012171	0.990465226954609,0.009522055588882224,1.271745650869826e-05
80	2175072595	5000.0	0.001	5.35e-05	-0.115674	0.9265928814237152,0.07312321535692862,0.00028390321935612876
81	3938472282	5000.0	0.001	5.35e-05	-0.302857	0.9601350529894022,0.03958340331933613,0.00028154369126174764
83	3928351082	5000.0	0.001	5.35e-05	-1.604226	0.9191945210957808,0.035104499100179966,0.045667106578684266,3.387322535492901e-05
87	4221925743	5000.0	0.001	5.35e-05	-0.974347	0.902804799040192,0.09684643071385723,0.00034849030193961206,2.7994401119776043e-07
84	1386637676	5000.0	0.001	5.35e-05	-0.698583	0.8989690461907619,0.09915724855028994,0.0018737052589482103
85	3040985453	5000.0	0.001	5.35e-05	0.416139	0.9375758848230354,0.062196520695860825,0.00022747450509898022,1.199760047990402e-07
82	2356248938	5000.0	0.001	5.35e-05	0.041081	0.9648705458908219,0.03501691661667666,0.0001125374925014997
86	2260541805	5000.0	0.001	5.35e-05	-0.198086	0.9670145570885823,0.03290305938812237,8.238352329534093e-05
90	4228764018	5000.0	0.001	5.35e-05	-0.034175	0.9685981203759249,0.03135212957408518,4.9750049990002e-05
92	586715528	5000.0	0.001	5.35e-05	0.366686	0.9313805638872226,0.06846218756248751,0.000157248550289942
88	931189104	5000.0	0.001	5.35e-05	0.057172	0.9880996200759848,0.01188370325934813,1.6676664667066585e-05
95	914065828	5000.0	0.001	5.35e-05	-0.088665	0.974421275744851,0.025549450109978004,2.9274145170965806e-05
94	3357039000	5000.0	0.001	5.35e-05	-0.105633	0.9760624275144971,0.023889502099580084,4.807038592281544e-05
89	1587417457	5000.0	0.001	5.35e-05	-0.460134	0.8632634273145371,0.13628130373925215,0.0004543491301739652,9.198160367926415e-07
91	3800525188	5000.0	0.001	5.35e-05	-0.063787	0.9272827434513098,0.07237424515096981,0.0003430113977204559
96	3992463784	5000.0	0.001	5.35e-05	-0.204637	0.8949525694861028,0.10371897620475905,0.001328374325134973,7.998400319936013e-08
93	553374092	5000.0	0.001	5.35e-05	0.039065	0.9804851029794042,0.019509418116376725,5.478904219156169e-06
97	2758003112	5000.0	0.001	5.35e-05	-0.012367	0.968033473305339,0.031850749850029995,0.00011577684463107378
98	1572305322	5000.0	0.001	5.35e-05	-0.169033	0.9624943411317737,0.03709870025994801,0.000406878624275145,7.998400319936013e-08
99	3820640682	5000.0	0.001	5.35e-05	0.074063	0.9516652669466107,0.048124135172965404,0.00021059788042391523
100	3152638382	5000.0	0.001	5.35e-05	0.021351	0.9401872825434913,0.05971861627674465,9.41011797640472e-05
101	980373935	5000.0	0.001	5.35e-05	-0.657506	0.9065314937012597,0.08649322135572886,0.006967926414717057,7.358528294341132e-06
102	1020406191	5000.0	0.001	5.35e-05	-0.493911	0.9444124375124975,0.053486502699460106,0.0020909818036392723,1.0077984403119377e-05
104	3446395319	5000.0	0.001	5.35e-05	-0.295077	0.9739960407918417,0.025959128174365128,4.379124175164967e-05,1.0397920415916818e-06
105	2483151298	5000.0	0.001	5.35e-05	-0.066924	0.9896634673065386,0.010334773045390922,1.7596480703859228e-06
103	4042924468	5000.0	0.001	5.35e-05	0.072586	0.9840365126974605,0.015131613677264547,0.000831873625274945
109	2788118980	5000.0	0.001	5.35e-05	1.214580	0.892051349730054,0.10650649870025995,0.0014419516096780645,1.9996000799840033e-07
108	706656709	5000.0	0.001	5.35e-05	1.174082	0.8179970405918816,0.1813352129574085,0.0006677064587082583,3.9992001599680065e-08
106	1647139267	5000.0	0.001	5.35e-05	0.033593	0.9881643671265747,0.011819516096780645,1.6116776644671066e-05
111	513446347	5000.0	0.001	5.35e-05	0.284929	0.9662353529294141,0.033754369126174764,1.0277944411117777e-05
110	3472075211	5000.0	0.001	5.35e-05	0.102712	0.980636472705459,0.019349250149970007,1.4277144571085782e-05
107	2696956356	5000.0	0.001	5.35e-05	-0.232568	0.9460941411717656,0.053411677664467104,0.0004941811637672465
112	268835286	5000.0	0.001	5.35e-05	-0.001621	0.966827674465107,0.029665386922615476,0.0034900619876024794,1.6876624675064987e-05
113	1284114903	5000.0	0.001	5.35e-05	-0.100837	0.9300131973605279,0.06975928814237152,0.0002275144971005799
114	2901729753	5000.0	0.001	5.35e-05	0.024177	0.958375524895021,0.041474265146970606,0.00015020995800839833
115	4262222298	5000.0	0.001	5.35e-05	-0.045120	0.9166286342731453,0.08037760447910418,0.002991001799640072,2.7594481103779245e-06
116	396210650	5000.0	0.001	5.35e-05	-0.015403	0.9718463107378524,0.02809246150769846,6.122775444911017e-05
117	2355640796	5000.0	0.001	5.35e-05	0.802573	0.8046816636672666,0.19267790441911617,0.002586522695460908,5.3909218156368724e-05
119	2567834089	5000.0	0.001	5.35e-05	0.065205	0.9848958208358328,0.015084103179364127,2.0075984803039393e-05
118	3801358823	5000.0	0.001	5.35e-05	-0.070158	0.9809201359728055,0.019071745650869824,8.118376324735054e-06
121	1577814521	5000.0	0.001	5.35e-05	-0.051533	0.9567228954209158,0.04068514297140572,0.0025916816636672667,2.7994401119776043e-07
120	4160582125	5000.0	0.001	5.35e-05	-0.410746	0.9534652269546091,0.046436872625474905,9.79004199160168e-05
124	3112092166	5000.0	0.001	5.35e-05	-1.352562	0.8991173365326934,0.09956624675064987,0.0013118976204759048,4.519096180763847e-06
122	292905474	5000.0	0.001	5.35e-05	0.072771	0.9624751049790042,0.03459548090381924,0.002927734453109378,1.6796640671865626e-06
125	3591342600	5000.0	0.001	5.35e-05	-0.121199	0.9847843231353729,0.01518128374325135,3.4393121375724854e-05
123	414050821	5000.0	0.001	5.35e-05	-0.963524	0.8622745050989802,0.13673353329334134,0.0009919216156768647,3.9992001599680065e-08
126	1163602441	5000.0	0.001	5.35e-05	0.241305	0.9387842831433714,0.06105802839432114,0.00015768846230753848
127	3974547984	5000.0	0.001	5.35e-05	0.614046	0.9263179364127174,0.07305370925814837,0.0006283543291341732
128	3126417938	5000.0	0.001	5.35e-05	-0.011561	0.9877869626074786,0.01221127774445111,1.7596480703859228e-06
131	3780938272	5000.0	0.001	5.35e-05	0.014853	0.9695642471505699,0.030291861627674464,0.00014389122175564886
133	2644650531	5000.0	0.001	5.35e-05	0.096591	0.9480251149770046,0.05191045790841831,6.442711457708458e-05
130	3509346842	5000.0	0.001	5.35e-05	0.224025	0.9354472705458908,0.06424039192161568,0.0003067386522695461,5.598880223955209e-06
132	3042452001	5000.0	0.001	5.35e-05	0.343983	0.9680979404119177,0.03183179364127175,7.026594681063787e-05
135	790510127	5000.0	0.001	5.35e-05	-0.144164	0.9765876424715056,0.023391761647670466,2.059588082383523e-05
136	3629374005	5000.0	0.001	5.35e-05	0.041505	0.9836731453709258,0.016286382723455308,4.047190561887622e-05
137	144319031	5000.0	0.001	5.35e-05	-0.286345	0.922577724455109,0.07724203159368126,0.00018024395120975806
134	3009622570	5000.0	0.001	5.35e-05	0.191162	0.9726552689462108,0.02054849030193961,0.006791121775644871,5.118976204759048e-06
138	3965338179	5000.0	0.001	5.35e-05	-0.294349	0.9618172365526895,0.03421135772845431,0.003949130173965207,2.2275544891021795e-05
139	2998133328	5000.0	0.001	5.35e-05	0.241594	0.9612332333533293,0.03861863627274545,0.0001480503899220156,7.998400319936013e-08
129	2961863190	5000.0	0.001	5.35e-05	0.428866	0.9578659468106379,0.04190557888422315,0.00022847430513897222
140	849201747	5000.0	0.001	5.35e-05	-0.186661	0.9724085182963408,0.02751101779644071,8.046390721855629e-05
141	768780888	5000.0	0.001	5.35e-05	-1.827245	0.6763859628074386,0.30143231353729255,0.021599680063987204,0.0005820435912817437
142	1318996570	5000.0	0.001	5.35e-05	0.255618	0.9680731053789242,0.03168494301139772,0.0002419116176764647,3.9992001599680065e-08
143	1316663899	5000.0	0.001	5.35e-05	0.081863	0.9838866626674665,0.01610873825234953,4.599080183963207e-06
145	2827983461	5000.0	0.001	5.35e-05	-0.346582	0.8715368926214757,0.12790621875624875,0.00055624875024995,6.39872025594881e-07
144	803365470	5000.0	0.001	5.35e-05	-0.097050	0.9363462107578484,0.06307126574685062,0.0005825234953009398
146	2127596137	5000.0	0.001	5.35e-05	-1.451415	0.8986591081783644,0.10126442711457709,7.642471505698861e-05,3.9992001599680065e-08
147	3950973551	5000.0	0.001	5.35e-05	0.668795	0.9205892421515697,0.07695132973405319,0.002458988202359528,4.399120175964807e-07
148	4132125298	5000.0	0.001	5.35e-05	-0.014465	0.9549738852229555,0.04348490301939612,0.0015406118776244752,5.99880023995201e-07
149	927664777	5000.0	0.001	5.35e-05	0.864319	0.9276181163767246,0.06726882623475305,0.005112897420515897,1.5996800639872026e-07
154	2988333714	5000.0	0.001	5.35e-05	0.016786	0.9914295140971806,0.008533053389322136,3.743251349730054e-05
151	820527757	5000.0	0.001	5.35e-05	-0.086843	0.9880448710257949,0.011931893621275745,2.3235352929414118e-05
152	2855522958	5000.0	0.001	5.35e-05	-0.413211	0.9096070385922815,0.089575124975005,0.0008172365526894621,5.99880023995201e-07
153	155067024	5000.0	0.001	5.35e-05	-0.079434	0.9706632673465307,0.029273585282943413,6.314737052589482e-05
156	2021212838	5000.0	0.001	5.35e-05	0.776476	0.8867891221755649,0.11236864627074584,0.0008421515696860628,7.998400319936013e-08
157	3450077864	5000.0	0.001	5.35e-05	0.011348	0.984807198560288,0.015119776044791042,7.30253949210158e-05
155	697756317	5000.0	0.001	5.35e-05	0.363411	0.9132715856828634,0.08287158568286343,0.003856748650269946,7.998400319936013e-08
150	735304329	5000.0	0.001	5.35e-05	-0.482927	0.9435868426314737,0.056323535292941415,8.962207558488303e-05
159	3806182059	5000.0	0.001	5.35e-05	-0.155359	0.9683104579084183,0.031384483103379324,0.00029838032393521296,6.678664267146571e-06
158	3511364266	5000.0	0.001	5.35e-05	0.184116	0.9683634073185363,0.031519856028794244,0.00011673665266946611
160	1383488181	5000.0	0.001	5.35e-05	-0.055745	0.9830565886822635,0.016672625474905018,0.0002707858428314337
161	2503019190	5000.0	0.001	5.35e-05	-0.002096	0.9677752849430113,0.03143951209758048,0.0007852029594081184
163	2387012285	5000.0	0.001	5.35e-05	0.075472	0.9393846030793841,0.060159488102379526,0.00045590881823635274
162	3837584056	5000.0	0.001	5.35e-05	-0.051720	0.9824459108178364,0.017541851629674064,1.22375524895021e-05
167	2711300805	5000.0	0.001	5.35e-05	-0.225721	0.9340398320335933,0.06363819236152769,0.0023212957408518297,6.798640271945611e-07
165	2818570947	5000.0	0.001	5.35e-05	0.207768	0.9699058988202359,0.030073545290941812,2.0555888822235554e-05
166	3935521475	5000.0	0.001	5.35e-05	0.181653	0.9477360927814437,0.051763327334533094,0.0005005798840231954
164	3773905600	5000.0	0.001	5.35e-05	-0.169180	0.9750127574485103,0.024916016796640673,7.122575484903019e-05
168	474340038	5000.0	0.001	5.35e-05	0.923910	0.9304853829234153,0.06935968806238753,0.00015492901419716056
172	3144151766	5000.0	0.001	5.35e-05	-0.215856	0.9775405718856228,0.02184495100979804,0.0006144371125774845,3.9992001599680065e-08
169	2437337800	5000.0	0.001	5.35e-05	0.043000	0.989480223955209,0.010500459908018397,1.9316136772645472e-05
171	3812623051	5000.0	0.001	5.35e-05	-0.032466	0.9836810637872425,0.016297660467906417,2.1275744851029795e-05
173	1523790552	5000.0	0.001	5.35e-05	0.188743	0.9543712457508499,0.04529502099580084,0.00033373325334933013
170	1159957193	5000.0	0.001	5.35e-05	-0.139658	0.9711115776844631,0.028306858628274346,0.0005813237352529494,2.399520095980804e-07
176	2879611623	5000.0	0.001	5.35e-05	0.401752	0.9636474705058988,0.03580827834433113,0.000544251149770046
174	1268667099	5000.0	0.001	5.35e-05	-0.103261	0.9830971405718856,0.01689110177964407,1.1757648470305939e-05
175	3296590561	5000.0	0.001	5.35e-05	1.536699	0.813847550489902,0.17652617476504698,0.009595280943811237,3.099380123975205e-05
179	2439766767	5000.0	0.001	5.35e-05	-0.124364	0.9779105778844231,0.02208494301139772,4.479104179164167e-06
177	3184775915	5000.0	0.001	5.35e-05	-0.474202	0.9548895420915817,0.044910697860427916,0.0001997600479904019
178	2628231916	5000.0	0.001	5.35e-05	-1.036450	0.8721058188362327,0.1269348130373925,0.0009590481903619276,3.199360127974405e-07
180	1160071927	5000.0	0.001	5.35e-05	-0.350766	0.9559242551489702,0.043772885422915415,0.00030281943611277747,3.9992001599680065e-08
181	412297976	5000.0	0.001	5.35e-05	0.579330	0.8729952409518097,0.12619644071185762,0.0008083183363327334
182	580604669	5000.0	0.001	5.35e-05	-0.043401	0.9887038592281544,0.011294301139772046,1.839632073585283e-06
183	767892225	5000.0	0.001	5.35e-05	-0.090617	0.9592067986402719,0.03980479904019196,0.0009875224955008999,8.798240351929614e-07
184	1658292994	5000.0	0.001	5.35e-05	-0.014811	0.9643296940611877,0.03545822835432914,0.0002120375924815037,3.9992001599680065e-08
185	3434445571	5000.0	0.001	5.35e-05	0.067989	0.9866478304339132,0.013287142571485703,6.502699460107978e-05
188	3319802642	5000.0	0.001	5.35e-05	0.323970	0.9530485102979405,0.04685142971405719,0.00010005998800239952
187	2885395210	5000.0	0.001	5.35e-05	-0.094519	0.9839075784843031,0.016088302339532092,4.119176164767047e-06
189	4207364884	5000.0	0.001	5.35e-05	-0.983094	0.852615476904619,0.14620963807238552,0.0011748050389922015,7.998400319936013e-08
190	3120853786	5000.0	0.001	5.35e-05	0.140632	0.9588532293541292,0.03968606278744251,0.0014499500099980005,1.0757848430313937e-05
191	4147864359	5000.0	0.001	5.35e-05	1.395121	0.8439952009598081,0.1554896220755849,0.0005151369726054789,3.9992001599680065e-08
192	107035432	5000.0	0.001	5.35e-05	-0.617624	0.9141874825034993,0.08353641271745652,0.0022743451309738053,1.7596480703859228e-06
193	1991494443	5000.0	0.001	5.35e-05	-2.706340	0.7419081383723255,0.2494619076184763,0.008572045590881823,5.782843431313737e-05,7.998400319936013e-08
186	3914064644	5000.0	0.001	5.35e-05	0.090047	0.9240796640671866,0.07511129774045192,0.0008066386722655469,2.399520095980804e-06
194	1219312428	5000.0	0.001	5.35e-05	0.174177	0.9524412717456509,0.047299900019996004,0.00025882823435312936
195	3119432493	5000.0	0.001	5.35e-05	-0.436425	0.924058548290342,0.07540151969606079,0.0005362127574485103,3.719256148770246e-06
196	3044795183	5000.0	0.001	5.35e-05	0.218222	0.925701899620076,0.07412189562087583,0.00017620475904819036
199	1554942779	5000.0	0.001	5.35e-05	-0.462710	0.964517576484703,0.035424875024995,5.754849030193961e-05
197	176892724	5000.0	0.001	5.35e-05	0.073687	0.9455646470705859,0.0510127574485103,0.0034209158168366327,1.6796640671865626e-06
198	3616369465	5000.0	0.001	5.35e-05	-0.014610	0.9716450309938013,0.02830469906018796,5.026994601079784e-05
200	1701487427	5000.0	0.001	5.35e-05	-0.266423	0.9551357328534293,0.04456876624675065,0.000295500899820036
201	2352186179	5000.0	0.001	5.35e-05	-0.096839	0.9414419916016796,0.05783671265746851,0.0007205358928214357,7.598480303939212e-07
203	376273734	5000.0	0.001	5.35e-05	0.228512	0.9641453309338133,0.03568122375524895,0.00017344531093781243
202	2123746117	5000.0	0.001	5.35e-05	0.001148	0.9863812837432514,0.01361119776044791,7.518496300739852e-06
204	2559798089	5000.0	0.001	5.35e-05	0.118325	0.9820914217156569,0.01786998600279944,3.859228154369126e-05
206	2072634198	5000.0	0.001	5.35e-05	1.484221	0.8480355928814237,0.15131685662867428,0.0005053389322135572,0.0001422115576884623
207	2961693527	5000.0	0.001	5.35e-05	0.146808	0.9789464907018596,0.020947130573885222,0.00010637872425514897
205	1393996627	5000.0	0.001	5.35e-05	-0.366778	0.9413140171965607,0.05863795240951809,4.8030393921215755e-05
211	2225558367	5000.0	0.001	5.35e-05	-0.288980	0.9538179964007198,0.04326790641871626,0.0029126574685062988,1.4397120575884822e-06
213	270406501	5000.0	0.001	5.35e-05	-0.045200	0.9849051789642072,0.015083143371325734,1.1677664467106578e-05
208	3476317016	5000.0	0.001	5.35e-05	0.468522	0.9524957408518296,0.04707402519496101,0.00043023395320935815
209	1376428887	5000.0	0.001	5.35e-05	-0.256990	0.9410480703859229,0.056690181963607277,0.0022600279944011196,1.7196560687862428e-06
210	3879234397	5000.0	0.001	5.35e-05	-0.343387	0.9599568086382724,0.03827382523495301,0.0017689262147570486,4.399120175964807e-07
212	1598983010	5000.0	0.001	5.35e-05	0.040972	0.9879019796040792,0.011996520695860827,0.000101499700059988
215	2219707242	5000.0	0.001	5.35e-05	0.129750	0.9590087582483503,0.03992145570885823,0.0010697860427914417
214	547322729	5000.0	0.001	5.35e-05	0.098740	0.9879892021595681,0.011909138172365526,0.00010165966806638673
216	3204533104	5000.0	0.001	5.35e-05	0.435846	0.8505909618076385,0.14274821035792842,0.00659004199160168,7.078584283143371e-05
219	3555416957	5000.0	0.001	5.35e-05	0.004047	0.9922633873225355,0.007686022795440912,5.058988202359528e-05
218	4049992573	5000.0	0.001	5.35e-05	0.008722	0.9725798440311938,0.02736132773445311,5.882823435312938e-05
217	1478620022	5000.0	0.001	5.35e-05	0.227683	0.9172526694661067,0.08146142771445711,0.0012858228354329134,7.998400319936013e-08
220	1056627581	5000.0	0.001	5.35e-05	0.001248	0.9732341531693661,0.026755688862227553,1.0157968406318736e-05
221	149316491	5000.0	0.001	5.35e-05	0.058304	0.9724323535292941,0.027460627874425114,0.00010701859628074385
223	1805734799	5000.0	0.001	5.35e-05	0.201786	0.947398200359928,0.05250265946810638,9.914017196560688e-05
222	1193307023	5000.0	0.001	5.35e-05	0.078945	0.9660732653469306,0.03382187562487503,0.00010393921215756849,9.198160367926415e-07
224	2433063830	5000.0	0.001	5.35e-05	-0.128997	0.8685510897820435,0.13038028394321136,0.001068506298740252,1.199760047990402e-07
226	75295654	5000.0	0.001	5.35e-05	0.029144	0.9827146970605879,0.017226594681063787,5.870825834833033e-05
225	204037021	5000.0	0.001	5.35e-05	-0.312784	0.9773173365326935,0.016215876824635073,0.006438872225554889,2.7914417116576685e-05
229	81679282	5000.0	0.001	5.35e-05	-0.064111	0.9852665466906618,0.014646110777844432,8.734253149370126e-05
227	2708804525	5000.0	0.001	5.35e-05	-0.352010	0.9067072185562888,0.09246010797840432,0.0008321135772845431,5.598880223955209e-07
230	215288757	5000.0	0.001	5.35e-05	0.049339	0.8939210957808438,0.10586134773045391,0.00021739652069586082,1.5996800639872026e-07
233	3365983163	5000.0	0.001	5.35e-05	0.197185	0.9407051389722055,0.059120255948810235,0.00017460507898420317
228	948532142	5000.0	0.001	5.35e-05	0.358870	0.9708126774645071,0.02916976604679064,1.7556488702259547e-05
234	2324919231	5000.0	0.001	5.35e-05	-0.475487	0.9499795240951809,0.042722335532893424,0.007277944411117777,2.0195960807838434e-05
232	2772495290	5000.0	0.001	5.35e-05	-0.807039	0.9437879224155169,0.055446990601879624,0.0007587282543491302,6.35872825434913e-06
231	521786296	5000.0	0.001	5.35e-05	-0.366858	0.9631577684463107,0.028713337332533492,0.008090141971605678,3.875224955008998e-05
235	1296477119	5000.0	0.001	5.35e-05	0.034730	0.9571200159968006,0.04276352729454109,0.00011645670865826835
236	2865241029	5000.0	0.001	5.35e-05	-0.345830	0.9184452309538093,0.08086042791441711,0.0006943411317736453
237	3010253766	5000.0	0.001	5.35e-05	-0.014192	0.9776756648670266,0.021956128774245152,0.000368126374725055,7.998400319936013e-08
238	3611739077	5000.0	0.001	5.35e-05	-0.026436	0.9762427914417117,0.023694541091781644,6.266746650669866e-05
239	2827486153	5000.0	0.001	5.35e-05	-0.417740	0.9517479704059189,0.04758064387122576,0.0006695860827834433,1.799640071985603e-06
240	4273781706	5000.0	0.001	5.35e-05	-0.296134	0.9578537092581484,0.04209126174765047,5.502899420115977e-05
241	2932440014	5000.0	0.001	5.35e-05	0.722479	0.911447150569886,0.08842771445710858,0.0001245750849830034,5.598880223955209e-07
243	3232736209	5000.0	0.001	5.35e-05	-0.180185	0.9686231553689262,0.031315096980603876,6.170765846830634e-05,3.9992001599680065e-08
242	1710683087	5000.0	0.001	5.35e-05	0.103337	0.9590165566886623,0.04050597880423915,0.00047614477104579087,1.319736052789442e-06
244	2029513682	5000.0	0.001	5.35e-05	-0.225653	0.9762276344731053,0.023764007198560286,8.358328334333133e-06
253	1271389205	5000.0	0.001	5.35e-05	0.054439	0.9846465506898621,0.015315656868626275,3.779244151169766e-05
247	193309684	5000.0	0.001	5.35e-05	0.011966	0.963420475904819,0.03567966406718656,0.0008998200359928015,3.9992001599680065e-08
246	221942766	5000.0	0.001	5.35e-05	-0.231296	0.9464250349930013,0.05325882823435313,0.00031605678864227155,7.998400319936013e-08
245	2278411244	5000.0	0.001	5.35e-05	0.082075	0.9829260547890422,0.01696364727054589,0.00011029794041191761
251	842114047	5000.0	0.001	5.35e-05	0.767576	0.8047874825034993,0.19469126174765047,0.0005204559088182363,7.998400319936013e-07
254	2468998172	5000.0	0.001	5.35e-05	-0.062140	0.9864550289942011,0.013535972805438912,8.998200359928014e-06
250	403930108	5000.0	0.001	5.35e-05	0.039281	0.9836659868026395,0.01631621675664867,1.779644071185763e-05
249	1957551100	5000.0	0.001	5.35e-05	-0.197681	0.9322420315936812,0.06731657668466307,0.00043743251349730053,3.959208158368327e-06
248	1722084344	5000.0	0.001	5.35e-05	-0.156468	0.9716810637872425,0.028288062387522496,3.087382523495301e-05
255	999549988	5000.0	0.001	5.35e-05	0.054145	0.9276239952009598,0.07091805638872226,0.0014505498900219955,7.398520295940812e-06
252	3666463756	5000.0	0.001	5.35e-05	-0.197902	0.9685687662467507,0.0314006798640272,3.055388922215557e-05
256	2067575844	5000.0	0.001	5.35e-05	0.021231	0.9923555688862228,0.007580563887222555,6.386722655468906e-05
257	3440251953	5000.0	0.001	5.35e-05	-0.112178	0.978650149970006,0.02132757448510298,2.2275544891021795e-05
259	3399898166	5000.0	0.001	5.35e-05	-0.063421	0.9853184163167367,0.014658308338332333,2.32753449310138e-05
258	3624014901	5000.0	0.001	5.35e-05	-0.315798	0.931302899420116,0.06836500699860028,0.00033209358128374325
260	1762479157	5000.0	0.001	5.35e-05	0.063257	0.9439394921015797,0.055741811637672466,0.00031869626074785043
261	3872588856	5000.0	0.001	5.35e-05	-0.826738	0.9223349730053989,0.07506666666666667,0.0025967606478704258,1.5996800639872026e-06
262	3258698809	5000.0	0.001	5.35e-05	-0.396530	0.9533818436312738,0.04644263147370526,0.0001755248950209958
263	3249804344	5000.0	0.001	5.35e-05	0.001290	0.9741131373725255,0.02583267346530694,5.4189162167566484e-05
264	543794239	5000.0	0.001	5.35e-05	-0.048404	0.9737796840631874,0.02620247950409918,1.783643271345731e-05
265	1188152387	5000.0	0.001	5.35e-05	0.189653	0.9759613277344531,0.023908778244351128,0.00012989402119576086
268	4149908569	5000.0	0.001	5.35e-05	0.134808	0.9762026394721056,0.023780163967206558,1.7196560687862427e-05
267	1771412554	5000.0	0.001	5.35e-05	0.462804	0.9410479904019197,0.05878124375124975,0.00017076584683063388
274	46068850	5000.0	0.001	5.35e-05	-0.106156	0.9391601679664067,0.0603877224555089,0.0004521095780843831
271	1398639723	5000.0	0.001	5.35e-05	0.101142	0.9848535092981404,0.01494489102179564,0.00020155968806238753,3.9992001599680065e-08
272	245871726	5000.0	0.001	5.35e-05	-0.196000	0.9729410117976405,0.027040911817636473,1.807638472305539e-05
273	1409479793	5000.0	0.001	5.35e-05	-0.401753	0.9406361927614477,0.059328134373125375,3.567286542691462e-05
269	878279770	5000.0	0.001	5.35e-05	-0.281754	0.9531882423515297,0.04666622675464907,0.00014553089382123575
275	1878434932	5000.0	0.001	5.35e-05	-0.459491	0.9528818636272746,0.04564151169766047,0.0014764647070585884,1.5996800639872026e-07
270	3003663454	5000.0	0.001	5.35e-05	-0.470708	0.9538061587682464,0.04610657868426315,8.72625474905019e-05
266	814824517	5000.0	0.001	5.35e-05	-0.413765	0.9564469106178765,0.043108138372325536,0.0004449510097980404
276	2338012278	5000.0	0.001	5.35e-05	-0.206876	0.9679846430713858,0.031610437912417515,0.000404879024195161,3.9992001599680065e-08
278	1418781825	5000.0	0.001	5.35e-05	0.028711	0.971423275344931,0.02855376924615077,2.2955408918216355e-05
277	2839499900	5000.0	0.001	5.35e-05	0.017349	0.9833977204559088,0.01637244551089782,0.00022983403319336133
279	3772736643	5000.0	0.001	5.35e-05	0.067062	0.9517188962207559,0.04654937012597481,0.0016207958408318336,0.0001109378124375125
280	3195292806	5000.0	0.001	5.35e-05	0.547842	0.9526706658668266,0.04719128174365127,0.0001380523895220956
281	2421386375	5000.0	0.001	5.35e-05	-0.601174	0.9248607478504299,0.07338816236752649,0.0017510897820435913
282	2402915462	5000.0	0.001	5.35e-05	0.071398	0.9752040791841632,0.024525654869026196,0.00027026594681063787
283	3755527304	5000.0	0.001	5.35e-05	-0.993048	0.7874449110177965,0.20941791641671664,0.0030966206758648272,4.055188962207558e-05
284	3709193361	5000.0	0.001	5.35e-05	0.143397	0.9716691061787642,0.028076464707058588,0.00025442911417716455
285	3114742930	5000.0	0.001	5.35e-05	-0.642142	0.9304687862427514,0.06860471905618876,0.0009261747650469906,3.199360127974405e-07
287	4079842455	5000.0	0.001	5.35e-05	1.153049	0.846476824635073,0.1513351329734053,0.0021852829434113176,2.7594481103779245e-06
288	2152006812	5000.0	0.001	5.35e-05	0.048302	0.9832519896020796,0.016735772845430912,1.22375524895021e-05
286	2193734806	5000.0	0.001	5.35e-05	0.224267	0.9297673265346931,0.06339488102379524,0.0068354729054189165,2.319536092781444e-06
294	2997611732	5000.0	0.001	5.35e-05	-0.434699	0.9562837832433513,0.04363527294541092,8.070385922815437e-05,2.399520095980804e-07
292	1672185028	5000.0	0.001	5.35e-05	0.038368	0.9656392321535693,0.03375488902219556,0.0006043991201759648,1.4797040591881624e-06
291	3845899458	5000.0	0.001	5.35e-05	-0.052714	0.9738147570485903,0.026094381123775243,9.08618276344731e-05
295	2744362200	5000.0	0.001	5.35e-05	-0.333575	0.9537967606478704,0.045805038992201556,0.0003982003599280144
290	456367273	5000.0	0.001	5.35e-05	-0.814325	0.8170580283943212,0.1808123175364927,0.002128494301139772,1.159768046390722e-06
293	2904245458	5000.0	0.001	5.35e-05	0.261993	0.9705141771645671,0.02937868426314737,0.00010713857228554289
289	1897481383	5000.0	0.001	5.35e-05	0.584315	0.9044432313537293,0.08990213957208558,0.005636432713457308,1.819636072785443e-05
296	3012711646	5000.0	0.001	5.35e-05	0.571533	0.9382625074985003,0.061511857628474303,0.00022563487302539492
298	2022925546	5000.0	0.001	5.35e-05	-0.066463	0.9726561087782444,0.0273124575084983,3.143371325734853e-05
299	1250258156	5000.0	0.001	5.35e-05	0.640785	0.9037128174365127,0.09327286542691461,0.0030117176564687063,2.599480103979204e-06
297	2443132137	5000.0	0.001	5.35e-05	0.167688	0.9715007398520296,0.027995120975804838,0.0005037392521495701,3.9992001599680065e-07
300	1092017390	5000.0	0.001	5.35e-05	-0.413601	0.9309632073585283,0.0666877824435113,0.002348890221955609,1.199760047990402e-07
301	999064820	5000.0	0.001	5.35e-05	0.316890	0.9328285142971405,0.06670125974805038,0.0004702259548090382
303	3065167096	5000.0	0.001	5.35e-05	-0.084274	0.9190622275544891,0.08078964207158568,0.00014813037392521496
302	2220750069	5000.0	0.001	5.35e-05	0.343579	0.9001547690461907,0.09783647270545891,0.001967406518696261,4.1351729654069184e-05
306	2403079426	5000.0	0.001	5.35e-05	0.006563	0.9769654469106179,0.02204375124975005,0.0009908018396320736
304	328572153	5000.0	0.001	5.35e-05	-0.665166	0.9138260347930414,0.08009206158768246,0.006072945410917817,8.958208358328334e-06
305	1057928449	5000.0	0.001	5.35e-05	0.016592	0.9849596480703859,0.015007838432313536,3.251349730053989e-05
307	3285128453	5000.0	0.001	5.35e-05	0.109394	0.9752079584083183,0.02473625274945011,5.5788842231553687e-05
311	3228364046	5000.0	0.001	5.35e-05	0.067750	0.979764927014597,0.01984759048190362,0.00038660267946410715,8.798240351929614e-07
308	2921981191	5000.0	0.001	5.35e-05	-0.189818	0.9611637272545491,0.03851477704459108,0.00032149570085982806
314	4226682128	5000.0	0.001	5.35e-05	-0.050926	0.9639736452709458,0.03509262147570486,0.0009336932613477304,3.9992001599680065e-08
309	3308297480	5000.0	0.001	5.35e-05	-0.102405	0.9261001799640072,0.07369434113177364,0.00020539892021595682,7.998400319936013e-08
310	449099017	5000.0	0.001	5.35e-05	-1.311724	0.6901639672065587,0.30631009798040393,0.003485142971405719,4.0791841631673665e-05
312	2840050958	5000.0	0.001	5.35e-05	-0.129436	0.9751047790441911,0.024738252349530095,0.00015696860627874425
315	2432115986	5000.0	0.001	5.35e-05	-0.051141	0.9802004399120176,0.0196499100179964,0.0001496500699860028
313	4053683472	5000.0	0.001	5.35e-05	-0.890851	0.905427274545091,0.09427890421915616,0.0002938212357528494
317	3630980379	5000.0	0.001	5.35e-05	-0.149910	0.9742127174565087,0.02578400319936013,3.279344131173765e-06
318	3190109472	5000.0	0.001	5.35e-05	0.035034	0.9926432713457308,0.007343931213757249,1.2797440511897621e-05
316	2151552278	5000.0	0.001	5.35e-05	0.781009	0.918626674665067,0.07858080383923215,0.002779364127174565,1.3157368526294741e-05
319	385496352	5000.0	0.001	5.35e-05	-1.605993	0.8794319936012798,0.11251081783643271,0.008054709058188362,2.4795040991801638e-06
320	4144684323	5000.0	0.001	5.35e-05	-0.291505	0.9510133973205359,0.04885250949810038,0.00013409318136372726
321	409234727	5000.0	0.001	5.35e-05	-0.298381	0.9539882823435313,0.044685902819436116,0.0013257748450309938,3.9992001599680065e-08
323	132465972	5000.0	0.001	5.35e-05	-0.346863	0.9474466706658669,0.05243299340131974,0.00012033593281343731
322	807163186	5000.0	0.001	5.35e-05	0.155123	0.9730973005398921,0.02685754849030194,4.515096980603879e-05
324	3295143223	5000.0	0.001	5.35e-05	1.327337	0.8092425914817036,0.18495616876624674,0.005795160967806439,6.07878424315137e-06
325	3133666630	5000.0	0.001	5.35e-05	-0.292612	0.964225274945011,0.035754089182163565,2.063587282543491e-05
326	2425771334	5000.0	0.001	5.35e-05	0.777788	0.8825256148770246,0.11711709658068387,0.0003572885422915417
327	1490816329	5000.0	0.001	5.35e-05	0.014762	0.9909105778844232,0.00901871625674865,7.070585882823435e-05
328	2227977547	5000.0	0.001	5.35e-05	0.048506	0.9850080783843231,0.014970325934813037,2.1595680863827235e-05
330	1304937815	5000.0	0.001	5.35e-05	-0.974687	0.9226577084583083,0.07592417516496701,0.0014180363927214557,7.998400319936013e-08
329	1366013264	5000.0	0.001	5.35e-05	-0.577145	0.9340621875624875,0.06575284943011397,0.00018496300739852028
333	3457949033	5000.0	0.001	5.35e-05	-0.109731	0.9695701259748051,0.03041599680063987,1.3877224555088982e-05
334	213663082	5000.0	0.001	5.35e-05	-0.670434	0.9597580083983204,0.026847630473905218,0.013345930813837233,4.843031393721256e-05
332	2284518748	5000.0	0.001	5.35e-05	-0.724519	0.9378494301139773,0.061949450109978,0.00020111977604479105
331	2717482331	5000.0	0.001	5.35e-05	-0.227754	0.9757192161567686,0.02424523095380924,3.5552889422115576e-05
335	1735327084	5000.0	0.001	5.35e-05	0.028298	0.9840771845630873,0.01591861627674465,4.1991601679664066e-06
336	12037486	5000.0	0.001	5.35e-05	0.059166	0.9864874625074985,0.013504499100179965,8.038392321535693e-06
338	1870454137	5000.0	0.001	5.35e-05	-0.185605	0.960086622675465,0.03987066586682664,4.271145770845831e-05
337	420775287	5000.0	0.001	5.35e-05	-0.023561	0.9749241351729654,0.02440499900019996,0.0006707058588282344,1.5996800639872026e-07
339	3221673338	5000.0	0.001	5.35e-05	-0.201156	0.9485661667666466,0.05137964407118576,5.4189162167566484e-05
341	1769903487	5000.0	0.001	5.35e-05	0.113187	0.9800041591681664,0.019926654669066186,6.91861627674465e-05
340	809844090	5000.0	0.001	5.35e-05	0.469517	0.9310277544491101,0.06715380923815237,0.0018182763447310538,1.5996800639872026e-07
342	74511747	5000.0	0.001	5.35e-05	-0.512552	0.8773036592681464,0.12239580083983204,0.0003005398920215957
344	946535830	5000.0	0.001	5.35e-05	-0.547874	0.9134819436112778,0.08635632873425315,0.00016160767846430714,1.199760047990402e-07
343	4287964551	5000.0	0.001	5.35e-05	0.926088	0.869127774445111,0.1268118376324735,0.004056468706258748,3.919216156768646e-06
348	3642295717	5000.0	0.001	5.35e-05	0.008108	0.9907519696060788,0.00908358328334333,0.00016444711057788443
347	1262951845	5000.0	0.001	5.35e-05	0.104017	0.9749784843031394,0.02501383723255349,7.678464307138573e-06
350	3104589230	5000.0	0.001	5.35e-05	-0.432023	0.8983227354529094,0.10116032793441311,0.0005168966206758648,3.9992001599680065e-08
346	1669842333	5000.0	0.001	5.35e-05	-0.928547	0.7977511697660468,0.2004872625474905,0.0017610477904419115,5.198960207958409e-07
351	651242927	5000.0	0.001	5.35e-05	0.271206	0.9663405718856228,0.016576564687062586,0.017054149170165966,2.8714257148570287e-05
349	3363057069	5000.0	0.001	5.35e-05	-0.043355	0.9811810437912417,0.01854117176564687,0.0002777844431113777
352	2773790128	5000.0	0.001	5.35e-05	-0.055184	0.981880823835233,0.018105778844231153,1.3397320535892822e-05
353	2558565809	5000.0	0.001	5.35e-05	-0.112348	0.977581123775245,0.02234889022195561,6.998600279944011e-05
345	2996223383	5000.0	0.001	5.35e-05	0.259580	0.9487822035592881,0.05100539892021596,0.00021239752049590082
354	3724910001	5000.0	0.001	5.35e-05	-0.336544	0.8544188362327535,0.14414681063787244,0.0014342731453709258,7.998400319936013e-08
356	671020472	5000.0	0.001	5.35e-05	0.074246	0.958400399920016,0.041572045590881825,2.7554489102179565e-05
357	1027356092	5000.0	0.001	5.35e-05	0.121427	0.9836813837232553,0.016300299940011996,1.8316336732653468e-05
355	914357684	5000.0	0.001	5.35e-05	0.058371	0.9647843231353729,0.0351748050389922,4.0871825634873026e-05
358	1255783870	5000.0	0.001	5.35e-05	0.679190	0.9208859028194362,0.07687950409918017,0.0022339532093581284,6.39872025594881e-07
359	637695424	5000.0	0.001	5.35e-05	0.360785	0.9496166766646671,0.05020451909618076,0.00017880423915216958
360	1366365633	5000.0	0.001	5.35e-05	-0.009070	0.9676163967206559,0.03227418516296741,0.00010941811637672465
361	1906644416	5000.0	0.001	5.35e-05	-0.102231	0.9787935212957408,0.021189082183563288,1.739652069586083e-05
362	741768643	5000.0	0.001	5.35e-05	-0.104198	0.9793995200959809,0.020518016396720656,8.246350729854029e-05
363	136500676	5000.0	0.001	5.35e-05	-0.010160	0.9830798640271946,0.016095380923815236,0.0008247550489902019
364	4049733061	5000.0	0.001	5.35e-05	0.070153	0.9782466306738652,0.021745610877824437,7.758448310337932e-06
365	1818787276	5000.0	0.001	5.35e-05	-0.084003	0.948339652069586,0.051568566286742654,9.178164367126575e-05
368	360719840	5000.0	0.001	5.35e-05	-0.040623	0.9675325334933014,0.027724975004999,0.00474001199760048,2.4795040991801638e-06
367	1739843035	5000.0	0.001	5.35e-05	0.926660	0.9375116176764647,0.06235296940611878,0.0001354129174165167
370	4225977830	5000.0	0.001	5.35e-05	0.250495	0.9490421515696861,0.05094021195760848,1.7636472705458908e-05
369	2565565925	5000.0	0.001	5.35e-05	-0.215140	0.9564691061787642,0.04346146770645871,6.94261147770446e-05
366	58846678	5000.0	0.001	5.35e-05	-0.053865	0.9838999800039993,0.016095700859828033,4.319136172765447e-06
373	2844947954	5000.0	0.001	5.35e-05	0.282965	0.808182923415317,0.18205590881823636,0.009453389322135573,0.0003077784443111378
372	1252036080	5000.0	0.001	5.35e-05	-0.545135	0.9102701059788042,0.08718992201559687,0.0025380523895220954,1.919616076784643e-06
374	2954192371	5000.0	0.001	5.35e-05	-1.897750	0.7701682063587283,0.22330397920415918,0.006452629474105179,7.518496300739852e-05
371	793140719	5000.0	0.001	5.35e-05	-0.010965	0.9757423315336933,0.024040391921615677,0.00021727654469106178
375	2808489463	5000.0	0.001	5.35e-05	0.248945	0.9721690461907618,0.027557088582283545,0.0002738252349530094,3.9992001599680065e-08
376	446338552	5000.0	0.001	5.35e-05	-0.115277	0.9592131573685263,0.029426914617076586,0.010799840031993602,0.0005600879824035193
378	3235413501	5000.0	0.001	5.35e-05	-0.381216	0.9551636072785443,0.0412993401319736,0.003532373525294941,4.679064187162567e-06
377	128148985	5000.0	0.001	5.35e-05	0.220125	0.9718899820035993,0.028090661867626474,1.9356128774245152e-05
379	311537151	5000.0	0.001	5.35e-05	0.021073	0.9916064787042591,0.00838872225554889,4.799040191961608e-06
380	4206134790	5000.0	0.001	5.35e-05	-0.040565	0.989512777444511,0.010415276944611078,7.194561087782443e-05
381	3347740170	5000.0	0.001	5.35e-05	0.112032	0.9547827234553089,0.04517828434313138,3.8992201559688064e-05
382	1136016908	5000.0	0.001	5.35e-05	0.290658	0.9459562887422516,0.05400879824035193,3.4913017396520696e-05
383	1272952338	5000.0	0.001	5.35e-05	0.069106	0.9849913217356528,0.014988562287542492,2.0115976804639073e-05
384	789011986	5000.0	0.001	5.35e-05	0.142156	0.9672883023395321,0.032640791841631676,7.090581883623276e-05
386	113720853	5000.0	0.001	5.35e-05	-0.098808	0.9702854229154169,0.029689102179564088,2.54749050189962e-05
387	2474270234	5000.0	0.001	5.35e-05	-0.044261	0.9610060787842432,0.036929254149170164,0.002064667066586683
389	558865965	5000.0	0.001	5.35e-05	0.038419	0.9882822635472905,0.011698580283943211,1.915616876624675e-05
385	4217331221	5000.0	0.001	5.35e-05	0.059907	0.9722033593281344,0.02775380923815237,4.283143371325735e-05
390	874997300	5000.0	0.001	5.35e-05	0.117718	0.9757153369326135,0.024249310137972404,3.535292941411718e-05
388	2770742829	5000.0	0.001	5.35e-05	0.454776	0.9318022395520896,0.06617756448710257,0.0019354529094181164,8.474305138972205e-05
391	3961423413	5000.0	0.001	5.35e-05	0.083944	0.9120966206758648,0.08709126174765047,0.0008120775844831033,3.9992001599680065e-08
392	276586039	5000.0	0.001	5.35e-05	-0.111119	0.9772941411717656,0.02268626274745051,1.959608078384323e-05
393	2851401272	5000.0	0.001	5.35e-05	0.171119	0.8814359128174365,0.11584099180163968,0.002722895420915817,1.9996000799840033e-07
395	1563053628	5000.0	0.001	5.35e-05	0.232642	0.9632907418516297,0.036305778844231154,0.00040347930413917217
394	192175672	5000.0	0.001	5.35e-05	-0.156201	0.874373725254949,0.11789242151569686,0.007730053989202159,3.7992401519696063e-06
396	105549379	5000.0	0.001	5.35e-05	-0.138752	0.9558610677864428,0.03687978404319136,0.0072511097780443914,8.038392321535693e-06
398	2923001413	5000.0	0.001	5.35e-05	-0.013696	0.9616726654669067,0.03795620875824835,0.000371125774845031
397	3011974723	5000.0	0.001	5.35e-05	-0.046574	0.9849070585882823,0.015066346730653869,2.6594681063787242e-05
399	3684994631	5000.0	0.001	5.35e-05	0.470632	0.8771579284143172,0.12216096780643872,0.0006811037792441512
400	2433658442	5000.0	0.001	5.35e-05	-0.194807	0.924215476904619,0.07489218156368727,0.0008922615476904619,7.998400319936013e-08
401	4250177099	5000.0	0.001	5.35e-05	0.013442	0.9742272345530893,0.025750769846030794,2.1995600879824035e-05
402	287706708	5000.0	0.001	5.35e-05	-0.088128	0.9311694861027795,0.06850437912417516,0.00032605478904219155,7.998400319936013e-08
403	2331008603	5000.0	0.001	5.35e-05	-0.011814	0.9561628874225155,0.043718056388722254,0.00011905618876224755
404	1267220063	5000.0	0.001	5.35e-05	0.927601	0.8737014597080583,0.12586614677064586,0.00043155368926214757,8.398320335932813e-07
406	739829347	5000.0	0.001	5.35e-05	-0.549824	0.9482811037792441,0.05167982403519296,3.9072185562887425e-05
405	2683260513	5000.0	0.001	5.35e-05	0.052609	0.986478024395121,0.013507778444311138,1.4197160567886423e-05
408	2775639662	5000.0	0.001	5.35e-05	0.257708	0.9811532093581283,0.01884375124975005,3.039392121575685e-06
410	3825196660	5000.0	0.001	5.35e-05	0.799990	0.9113819236152769,0.08780211957608479,0.0008159568086382724
411	3294469765	5000.0	0.001	5.35e-05	-0.156816	0.9773026594681063,0.022658988202359526,3.8352329534093184e-05
412	2852112006	5000.0	0.001	5.35e-05	-0.665716	0.9425569286142771,0.046951769646070785,0.010487982403519296,3.319336132773445e-06
413	1913884295	5000.0	0.001	5.35e-05	-1.268749	0.8667415716856629,0.10042003599280144,0.0327750449910018,6.334733053389323e-05
407	4294229610	5000.0	0.001	5.35e-05	-0.330769	0.9700088382323535,0.029717816436712657,0.00027334533093381326
409	1368335988	5000.0	0.001	5.35e-05	-0.289867	0.976449950009998,0.023453389322135573,9.666066786642671e-05
414	563320459	5000.0	0.001	5.35e-05	-0.223338	0.9345466906618676,0.0641378924215157,0.0013150969806038793,3.199360127974405e-07
415	3710293644	5000.0	0.001	5.35e-05	0.099495	0.9459907618476304,0.05336888622275545,0.0006403519296140772
416	1475569292	5000.0	0.001	5.35e-05	-0.007605	0.9877894021195761,0.011512857428514297,0.0006977404519096181
417	1848508047	5000.0	0.001	5.35e-05	0.122680	0.9738594681063787,0.02595264947010598,0.00018784243151369727,3.9992001599680065e-08
418	4290049681	5000.0	0.001	5.35e-05	-0.447878	0.9389050589882023,0.06104155168966207,5.338932213557288e-05
419	2125885074	5000.0	0.001	5.35e-05	-0.120149	0.9765666066786642,0.023287942411517697,0.0001454509098180364
420	85341845	5000.0	0.001	5.35e-05	0.153381	0.9565047790441912,0.04323363327334533,0.00014097180563887223,0.00012061587682463507
422	2545208985	5000.0	0.001	5.35e-05	-0.235380	0.9596749850029994,0.04013549290141972,0.00018952209558088383
423	3309840028	5000.0	0.001	5.35e-05	-0.029662	0.971598600279944,0.028377004599080186,2.439512097580484e-05
421	1270949528	5000.0	0.001	5.35e-05	0.012217	0.8472181963607278,0.1511026594681064,0.0016789042191561689,2.399520095980804e-07
424	4276557469	5000.0	0.001	5.35e-05	0.243846	0.9638018796240752,0.036046950609878024,0.0001508898220355929,2.7994401119776043e-07
425	3796244126	5000.0	0.001	5.35e-05	-0.086168	0.9528633073385323,0.0470252349530094,0.00011145770845830834
426	1539024549	5000.0	0.001	5.35e-05	0.165040	0.9806925414917017,0.019225794841031794,8.166366726654668e-05
427	1562031784	5000.0	0.001	5.35e-05	0.055701	0.9596399520095981,0.040220195960807836,0.0001396120775844831,2.399520095980804e-07
429	3662626475	5000.0	0.001	5.35e-05	0.206507	0.9673077784443112,0.032369606078784245,0.0003226154769046191
428	491988648	5000.0	0.001	5.35e-05	0.331130	0.8427608878224355,0.13430993801239752,0.022915576884623076,1.3597280543891222e-05
432	417367733	5000.0	0.001	5.35e-05	0.903341	0.9356818636272746,0.06281839632073585,0.0014997000599880025,3.9992001599680065e-08
430	1297600173	5000.0	0.001	5.35e-05	-0.731403	0.9287056988602279,0.06962107578484303,0.0016731453709258148,7.998400319936013e-08
435	2301791927	5000.0	0.001	5.35e-05	-0.219305	0.9735603679264148,0.026405278944211158,3.435312937412518e-05
434	1168993975	5000.0	0.001	5.35e-05	0.117302	0.9432409118176365,0.05537608478304339,0.0013822835432913418,7.198560287942411e-07
433	1474682550	5000.0	0.001	5.35e-05	-0.370450	0.9002393121375725,0.0949734453109378,0.004787042591481704,1.9996000799840033e-07
431	3975765682	5000.0	0.001	5.35e-05	0.913819	0.8840380723855229,0.11517148570285943,0.0007904419116176764
436	703856315	5000.0	0.001	5.35e-05	-0.075885	0.9768101579684063,0.023018196360727855,0.0001715256948610278,1.199760047990402e-07
438	604364479	5000.0	0.001	5.35e-05	0.024048	0.9408943411317736,0.058147410517896424,0.000958248350329934
440	552105671	5000.0	0.001	5.35e-05	0.117418	0.9831803639272145,0.016752089582083584,6.754649070185963e-05
437	228253372	5000.0	0.001	5.35e-05	-1.100290	0.8795857228554289,0.11958228354329134,0.0008305538892221556,1.4397120575884822e-06
439	2562997955	5000.0	0.001	5.35e-05	0.013858	0.9797005398920215,0.02008994201159768,0.00020951809638072386
442	296838868	5000.0	0.001	5.35e-05	-0.618487	0.9248127174565087,0.07470669866026794,0.0004805838832233553
443	1613764312	5000.0	0.001	5.35e-05	0.083565	0.9330699060187962,0.06635752849430114,0.0005725654869026195
444	1581944549	5000.0	0.001	5.35e-05	-0.321411	0.932227474505099,0.06737060587882424,0.00029494101179764045,0.00010697860427914417
441	3765251786	5000.0	0.001	5.35e-05	-0.059266	0.9526908218356329,0.04686902619476105,0.0004400719856028794,7.998400319936013e-08
445	3444578024	5000.0	0.001	5.35e-05	-0.222812	0.935489102179564,0.06301975604879025,0.0014894621075784843,1.6796640671865626e-06
446	1755873001	5000.0	0.001	5.35e-05	-0.115150	0.9643213357328534,0.0355746850629874,0.00010397920415916817
447	3821428458	5000.0	0.001	5.35e-05	0.156232	0.9625567286542691,0.037027714457108576,0.00036700659868026396,4.85502899420116e-05
449	1897473777	5000.0	0.001	5.35e-05	-0.048881	0.8155048590281944,0.1819379724055189,0.00251125774845031,4.591081783643271e-05
448	1078714091	5000.0	0.001	5.35e-05	-0.722414	0.893177324535093,0.1046889422115577,0.002124095180963807,9.638072385522896e-06
450	2934308594	5000.0	0.001	5.35e-05	0.730020	0.9166978204359129,0.08310409918016397,0.00019808038392321535
454	1792554764	5000.0	0.001	5.35e-05	0.315622	0.9380937812437512,0.04260791841631674,0.01929530093981204,2.999400119976005e-06
452	3037970184	5000.0	0.001	5.35e-05	-0.160072	0.9535693261347731,0.045465626874625076,0.0009649270145970806,1.199760047990402e-07
451	4002719481	5000.0	0.001	5.35e-05	-0.710395	0.8053790041991602,0.1924501099780044,0.0021707658468306337,1.199760047990402e-07
455	2995232528	5000.0	0.001	5.35e-05	-0.008678	0.9466692661467706,0.05325990801839632,7.074585082983404e-05,7.998400319936013e-08
453	1937487625	5000.0	0.001	5.35e-05	-0.120410	0.9645620075984803,0.035332093581283745,0.00010589882023595282
456	1324089105	5000.0	0.001	5.35e-05	-0.165888	0.9723640871825635,0.02759360127974405,4.231153769246151e-05
457	2944657170	5000.0	0.001	5.35e-05	-0.156942	0.9807104979004199,0.017999760047990403,0.0012844231153769246,5.318936212757449e-06
458	543491864	5000.0	0.001	5.35e-05	-0.624797	0.949675024995001,0.050155408918216356,0.00016956608678264347
461	2584659756	5000.0	0.001	5.35e-05	0.024072	0.9738405118976204,0.026025274945010998,0.0001342131573685263
462	2740522811	5000.0	0.001	5.35e-05	-0.046460	0.9542143171365727,0.045771405718856226,1.4277144571085782e-05
459	3362281247	5000.0	0.001	5.35e-05	-0.009370	0.9753776444711058,0.024558328334333135,6.402719456108778e-05
460	3044456236	5000.0	0.001	5.35e-05	-0.173171	0.9567324535092981,0.04317880423915217,8.874225154969007e-05
463	2787737410	5000.0	0.001	5.35e-05	-0.149678	0.9840009198160368,0.01596132773445311,3.775244951009798e-05
466	1195126623	5000.0	0.001	5.35e-05	-0.051916	0.9869433313337332,0.012983403319336133,7.326534693061387e-05
464	2092715844	5000.0	0.001	5.35e-05	0.091435	0.9815083783243351,0.01820463907218556,0.00028698260347930415
465	906082126	5000.0	0.001	5.35e-05	-0.290019	0.9738410317936412,0.026102859428114376,5.610877824435113e-05
467	2097719145	5000.0	0.001	5.35e-05	-0.176982	0.9590492301539693,0.03790221955608878,0.0030481903619276143,3.5992801439712056e-07
468	439166829	5000.0	0.001	5.35e-05	0.031243	0.9756676664667067,0.02400099980003999,0.0003313337332533493
471	408840071	5000.0	0.001	5.35e-05	0.030782	0.9855712457508499,0.01441763647270546,1.1117776444711057e-05
469	76017529	5000.0	0.001	5.35e-05	0.277752	0.9248216756648671,0.050044431113777245,0.025094261147770445,3.9632073585282944e-05
472	2749159303	5000.0	0.001	5.35e-05	-0.210229	0.9555997600479904,0.043037272545490904,0.0013629674065186962
473	229283719	5000.0	0.001	5.35e-05	0.702316	0.8731557688462308,0.12302291541691662,0.003803839232153569,1.7476504699060186e-05
474	539400074	5000.0	0.001	5.35e-05	0.024874	0.9798122375524895,0.020175404919016197,1.235752849430114e-05
476	1944348567	5000.0	0.001	5.35e-05	-0.391007	0.9209848830233953,0.07783031393721256,0.0011845630873825235,2.399520095980804e-07
475	2435643282	5000.0	0.001	5.35e-05	-0.802055	0.9331506098780243,0.05724495100979804,0.009601959608078385,2.4795040991801638e-06
470	4093734790	5000.0	0.001	5.35e-05	-0.112245	0.9766115976804639,0.023342051589682063,4.635072985402919e-05
478	3279304622	5000.0	0.001	5.35e-05	-0.090336	0.9225851629674066,0.07731081783643272,0.00010401919616076784
477	3339595674	5000.0	0.001	5.35e-05	0.122310	0.9269279344131174,0.07290077984403119,0.00017128574285142973
479	596733871	5000.0	0.001	5.35e-05	-0.004269	0.9805244151169766,0.0191127374525095,0.00036284743051389723
481	69052338	5000.0	0.001	5.35e-05	-1.335757	0.8345799640071986,0.12613265346930613,0.039115616876624675,0.00017176564687062588
483	1360897975	5000.0	0.001	5.35e-05	0.167702	0.9494211157768446,0.0504878224355129,9.106178764247151e-05
482	1220738997	5000.0	0.001	5.35e-05	0.840888	0.7258874225154969,0.2641981603679264,0.009900739852029595,1.3677264547090581e-05
480	3656056752	5000.0	0.001	5.35e-05	-0.125781	0.9745950809838032,0.025375684863027395,2.9234153169366125e-05
485	3909846979	5000.0	0.001	5.35e-05	0.013679	0.9906043191361728,0.009392801439712058,2.8794241151769645e-06
484	2196047803	5000.0	0.001	5.35e-05	0.133629	0.9339340931813638,0.06574025194961008,0.00032565486902619474
486	3770177479	5000.0	0.001	5.35e-05	-0.896081	0.9144060787842432,0.08442967406518696,0.0011636872625474905,5.598880223955209e-07
487	47028168	5000.0	0.001	5.35e-05	-0.002894	0.9728782243551289,0.026722015596880623,0.00039972005598880225,3.9992001599680065e-08
488	70870987	5000.0	0.001	5.35e-05	-0.380200	0.9019554089182164,0.09792329534093182,0.00012129574085182963
489	615950285	5000.0	0.001	5.35e-05	-0.321266	0.9572253549290142,0.04258516296740652,0.00018948210357928413
490	3020093398	5000.0	0.001	5.35e-05	0.085292	0.9882041591681664,0.011791801639672066,4.039192161567687e-06
493	1207619564	5000.0	0.001	5.35e-05	0.064766	0.9772275544891021,0.016340651869626074,0.006429634073185363,2.1595680863827235e-06
492	2988584938	5000.0	0.001	5.35e-05	0.236280	0.9317016196760648,0.0680738652269546,0.0002245150969806039
491	2749179875	5000.0	0.001	5.35e-05	0.331435	0.933895100979804,0.06602255548890222,8.234353129374125e-05
494	965973997	5000.0	0.001	5.35e-05	-0.174419	0.9723545290941812,0.02754501099780044,0.00010045990801839632
496	3450349559	5000.0	0.001	5.35e-05	0.961201	0.7124845430913818,0.25171433713257346,0.035758368326334736,4.275144971005799e-05
495	1465905139	5000.0	0.001	5.35e-05	1.126478	0.8428270345930814,0.14638276344731055,0.010774045190961808,1.6156768646270746e-05
497	264144889	5000.0	0.001	5.35e-05	-0.062066	0.9922287942411517,0.007257148570285943,0.0005138572285542892,1.9996000799840033e-07
498	2113605629	5000.0	0.001	5.35e-05	-0.168064	0.9704367526494702,0.029543051389722054,2.0195960807838434e-05
499	3324489726	5000.0	0.001	5.35e-05	0.666243	0.9332561887622476,0.0634499900019996,0.0032937012597480503,1.199760047990402e-07
