sim_id	seed	popsize	selcoef	mutrate	velocity	profile
1	3591606272	5000.0	0.001	1.1089e-05	0.002208	0.9992582683463307,0.0007417316536692661
10	2925053990	5000.0	0.001	1.1089e-05	-0.296315	0.9951394521095781,0.004860387922415517,1.5996800639872026e-07
4	2614292487	5000.0	0.001	1.1089e-05	-0.046270	0.9980631473705259,0.001936772645470906,7.998400319936013e-08
3	663793665	5000.0	0.001	1.1089e-05	-0.027153	0.9983898820235952,0.001609878024395121,2.399520095980804e-07
6	2019813387	5000.0	0.001	1.1089e-05	-0.245495	0.9950861427714457,0.004913217356528695,6.39872025594881e-07
16	2674745416	5000.0	0.001	1.1089e-05	0.022282	0.9989763647270546,0.0010229154169166166,7.198560287942411e-07
11	3593394229	5000.0	0.001	1.1089e-05	-0.055457	0.9941734053189362,0.005826594681063787
0	1161758720	5000.0	0.001	1.1089e-05	-0.014898	0.9995378924215157,0.0004621075784843031
13	326889532	5000.0	0.001	1.1089e-05	-4.656113	0.9346968606278744,0.06529614077184563,6.9986002799440115e-06
14	1083365445	5000.0	0.001	1.1089e-05	-0.128635	0.9978289942011598,0.002171005798840232
8	1031567380	5000.0	0.001	1.1089e-05	-0.195649	0.9949234953009398,0.0050763047390521895,1.9996000799840033e-07
18	2957779018	5000.0	0.001	1.1089e-05	0.272292	0.9947096180763847,0.005290341931613677,3.9992001599680065e-08
19	3131011150	5000.0	0.001	1.1089e-05	0.867919	0.9609248150369926,0.03906806638672265,7.118576284743051e-06
5	1491521546	5000.0	0.001	1.1089e-05	0.066659	0.9943339332133573,0.005666066786642671
12	2265018424	5000.0	0.001	1.1089e-05	2.772501	0.9618017196560688,0.03819740051989602,8.798240351929614e-07
2	6944769	5000.0	0.001	1.1089e-05	-0.289219	0.9904649470105978,0.009533533293341332,1.5196960607878424e-06
9	3720808473	5000.0	0.001	1.1089e-05	0.252262	0.9954277544491101,0.004572085582883423,1.5996800639872026e-07
17	3775635529	5000.0	0.001	1.1089e-05	-1.528694	0.9778018796240752,0.022197000599880026,1.1197760447910417e-06
15	418527302	5000.0	0.001	1.1089e-05	-1.527364	0.9633443311337733,0.036654269146170766,1.3997200559888023e-06
21	2821140560	5000.0	0.001	1.1089e-05	1.755304	0.9732531093781244,0.026589762047590483,0.00015712857428514296
7	1001699342	5000.0	0.001	1.1089e-05	-0.465360	0.9921427714457108,0.007857108578284344,1.199760047990402e-07
22	1831510101	5000.0	0.001	1.1089e-05	-0.072034	0.9958656268746251,0.004134373125374925
20	2157101136	5000.0	0.001	1.1089e-05	-0.006558	0.9992448710257948,0.0007550489902019596,7.998400319936013e-08
24	2690443358	5000.0	0.001	1.1089e-05	0.152062	0.9962835032993401,0.003716496700659868
28	247517291	5000.0	0.001	1.1089e-05	-0.447159	0.9845346530693861,0.015390441911617677,7.490501899620076e-05
26	2710308962	5000.0	0.001	1.1089e-05	0.447835	0.9947527694461108,0.0051804839032193566,6.674665066986602e-05
31	2472075376	5000.0	0.001	1.1089e-05	-0.015516	0.9985523295340932,0.0014476704659068186
29	814653548	5000.0	0.001	1.1089e-05	0.041243	0.9950837032593481,0.004914257148570286,2.039592081583683e-06
32	1192773746	5000.0	0.001	1.1089e-05	0.002845	0.9990235952809439,0.0009764047190561888
23	117620828	5000.0	0.001	1.1089e-05	-0.021370	0.9986141971605679,0.0013857628474305138,3.9992001599680065e-08
25	2215516255	5000.0	0.001	1.1089e-05	0.289390	0.9964731453709258,0.0035267746450709857,7.998400319936013e-08
30	673407087	5000.0	0.001	1.1089e-05	-0.511462	0.9938141571685662,0.006185762847430514,7.998400319936013e-08
27	157552746	5000.0	0.001	1.1089e-05	0.446432	0.9900142371525695,0.009980883823235353,4.879024195160968e-06
35	1028165767	5000.0	0.001	1.1089e-05	0.057736	0.9976049590081983,0.00239500099980004,3.9992001599680065e-08
34	2968365185	5000.0	0.001	1.1089e-05	-2.070863	0.9732901819636073,0.026708978204359128,8.398320335932813e-07
33	2470418550	5000.0	0.001	1.1089e-05	0.345991	0.9957284143171365,0.004271345730853829,2.399520095980804e-07
39	3176016021	5000.0	0.001	1.1089e-05	0.345045	0.9873678064387122,0.012630433913217356,1.7596480703859228e-06
38	1872246931	5000.0	0.001	1.1089e-05	-0.005335	0.9987754449110178,0.0012245550889822036
42	2232539291	5000.0	0.001	1.1089e-05	0.813713	0.9849339332133573,0.015056908618276344,9.158168366326734e-06
41	1718423706	5000.0	0.001	1.1089e-05	0.728228	0.9778915816836633,0.021884303139372126,0.00022411517696460708
50	3786201270	5000.0	0.001	1.1089e-05	0.003612	0.9989519296140772,0.0010480703859228155
47	3439534255	5000.0	0.001	1.1089e-05	-0.307013	0.9946994201159768,0.0053002599480103975,3.199360127974405e-07
51	4005927095	5000.0	0.001	1.1089e-05	-0.097229	0.9961835632873425,0.0038164367126574685
37	457814159	5000.0	0.001	1.1089e-05	-0.091771	0.9971035392921416,0.0028964207158568285,3.9992001599680065e-08
48	2886461620	5000.0	0.001	1.1089e-05	-0.008060	0.9989945210957808,0.0010054789042191561
43	2477179040	5000.0	0.001	1.1089e-05	-0.005177	0.9957508098380324,0.004249190161967607
44	4288825505	5000.0	0.001	1.1089e-05	-0.152362	0.9963140571885623,0.0036858228354329134,1.199760047990402e-07
49	1133324469	5000.0	0.001	1.1089e-05	0.039790	0.9988167566486703,0.001183243351329734
45	1073834151	5000.0	0.001	1.1089e-05	0.059966	0.9980229554089182,0.0019769646070785843,7.998400319936013e-08
46	3541045423	5000.0	0.001	1.1089e-05	0.125411	0.99414425114977,0.005853149370125975,2.599480103979204e-06
36	164176007	5000.0	0.001	1.1089e-05	-0.483786	0.9933249350129973,0.006674505098980204,5.598880223955209e-07
40	2066147480	5000.0	0.001	1.1089e-05	0.859321	0.9905532093581284,0.009397320535892822,4.9470105978804236e-05
58	3183397082	5000.0	0.001	1.1089e-05	0.188347	0.9970922615476905,0.00290749850029994,2.399520095980804e-07
56	3350329555	5000.0	0.001	1.1089e-05	0.248662	0.9961958808238353,0.003804119176164767
52	3204522167	5000.0	0.001	1.1089e-05	-0.066426	0.9982711857628475,0.0017288142371525695
59	2573596895	5000.0	0.001	1.1089e-05	-0.408244	0.9878593081383723,0.012137732453509298,2.959408118376325e-06
60	1010929894	5000.0	0.001	1.1089e-05	-0.687757	0.9828721855628875,0.017120455908818236,7.358528294341132e-06
61	249678064	5000.0	0.001	1.1089e-05	0.022187	0.9974825034993001,0.0025167766446710657,7.198560287942411e-07
62	129304817	5000.0	0.001	1.1089e-05	-3.787200	0.9241071785642871,0.07588914217156568,3.679264147170566e-06
64	4159826177	5000.0	0.001	1.1089e-05	-0.095973	0.9968765446910618,0.0031234553089382125
65	3221428491	5000.0	0.001	1.1089e-05	-1.240625	0.971067226554689,0.02893137372525495,1.3997200559888023e-06
66	2165680395	5000.0	0.001	1.1089e-05	-0.003228	0.9980855028994201,0.001914497100579884
68	78258461	5000.0	0.001	1.1089e-05	0.257759	0.9934778644271146,0.006515936812637473,6.19876024795041e-06
67	1216317724	5000.0	0.001	1.1089e-05	0.484988	0.9938731453709259,0.006126614677064587,2.399520095980804e-07
53	883155146	5000.0	0.001	1.1089e-05	0.024540	0.9984421915616877,0.0015554489102179564,2.359528094381124e-06
69	1343299874	5000.0	0.001	1.1089e-05	-0.391196	0.9927754849030194,0.007223595280943811,9.198160367926415e-07
54	287144142	5000.0	0.001	1.1089e-05	-0.245030	0.9907380523895221,0.009257308538292342,4.639072185562888e-06
72	4091701551	5000.0	0.001	1.1089e-05	0.538424	0.9860628274345131,0.013911897620475904,2.5274945010997802e-05
55	2764073168	5000.0	0.001	1.1089e-05	0.380875	0.9953470905818836,0.0046525094981003795,3.9992001599680065e-07
70	2520680738	5000.0	0.001	1.1089e-05	-2.362037	0.9691123375324935,0.030808958208358328,7.870425914817037e-05
57	205267155	5000.0	0.001	1.1089e-05	-0.022296	0.9989910017996401,0.001008998200359928
73	174387521	5000.0	0.001	1.1089e-05	0.068743	0.9986368326334734,0.0013629274145170965,2.399520095980804e-07
63	2293076223	5000.0	0.001	1.1089e-05	0.170468	0.992271425714857,0.007728494301139772,7.998400319936013e-08
75	1062015308	5000.0	0.001	1.1089e-05	-1.285492	0.9769300939812038,0.023060587882423517,9.318136372725454e-06
71	3999924517	5000.0	0.001	1.1089e-05	-0.045660	0.9982997400519896,0.001700259948010398
76	1455147345	5000.0	0.001	1.1089e-05	-0.772097	0.9845639272145571,0.015435832833433314,2.399520095980804e-07
78	3738569048	5000.0	0.001	1.1089e-05	-0.176907	0.9952097180563887,0.004790241951609678,3.9992001599680065e-08
74	1303335234	5000.0	0.001	1.1089e-05	0.354880	0.9947673665266946,0.005232633473305339
79	1209284952	5000.0	0.001	1.1089e-05	-0.108603	0.9949712457508498,0.00502875424915017
83	1801554276	5000.0	0.001	1.1089e-05	-0.011131	0.9977378124375125,0.002262107578484303,7.998400319936013e-08
85	1572962663	5000.0	0.001	1.1089e-05	-0.310354	0.9882669866026794,0.011733013397320536
82	1150333281	5000.0	0.001	1.1089e-05	0.035509	0.998739052189562,0.0012609478104379124
81	2967247194	5000.0	0.001	1.1089e-05	-0.926893	0.9880895420915817,0.011908178364327135,2.279544091181764e-06
77	579670358	5000.0	0.001	1.1089e-05	0.011038	0.9981658868226355,0.001834113177364527
80	449911130	5000.0	0.001	1.1089e-05	-0.418550	0.9920857428514297,0.007913057388522295,1.199760047990402e-06
87	4126683509	5000.0	0.001	1.1089e-05	0.091284	0.9964265146970606,0.0035709258148370325,2.559488102379524e-06
91	2131134846	5000.0	0.001	1.1089e-05	0.010706	0.9989879224155169,0.001011997600479904,7.998400319936013e-08
93	3872700803	5000.0	0.001	1.1089e-05	0.069874	0.9961884423115377,0.0038115576884623077
84	2136754532	5000.0	0.001	1.1089e-05	0.048726	0.997497900419916,0.002501619676064787,4.799040191961608e-07
92	1694658944	5000.0	0.001	1.1089e-05	-0.638997	0.960141651669666,0.03981695660867826,4.139172165566887e-05
96	1400793478	5000.0	0.001	1.1089e-05	0.133828	0.9971302939412118,0.002869706058788242
86	2959468914	5000.0	0.001	1.1089e-05	0.183898	0.9921930413917217,0.007795240951809638,1.1717656468706258e-05
89	4077521270	5000.0	0.001	1.1089e-05	-0.782102	0.9813451709658069,0.018652709458108378,2.1195760847830435e-06
99	2599082387	5000.0	0.001	1.1089e-05	-0.298170	0.9931348130373925,0.006865066986602679,1.199760047990402e-07
101	187095448	5000.0	0.001	1.1089e-05	-0.038331	0.9986850629874026,0.0013149370125974805
102	3519201689	5000.0	0.001	1.1089e-05	-0.062051	0.9966333933213357,0.003366606678664267
100	1836894611	5000.0	0.001	1.1089e-05	2.365638	0.9084077984403119,0.09157124575084984,2.0955808838232355e-05
90	1767334264	5000.0	0.001	1.1089e-05	-0.046554	0.998324575084983,0.0016699860027994402,5.438912217556489e-06
88	2107484534	5000.0	0.001	1.1089e-05	0.224783	0.9939206958608279,0.006079304139172166
98	1472057747	5000.0	0.001	1.1089e-05	-0.062938	0.9952892221555689,0.004710737852429514,3.9992001599680065e-08
103	521957785	5000.0	0.001	1.1089e-05	-0.000346	0.9996570685862828,0.00034293141371725657
95	2479485316	5000.0	0.001	1.1089e-05	-0.014582	0.998751049790042,0.0012489502099580084
104	3657302427	5000.0	0.001	1.1089e-05	-0.005180	0.9891244551089782,0.010874065186962607,1.4797040591881624e-06
105	1483536811	5000.0	0.001	1.1089e-05	0.000575	0.9991418516296741,0.0008581483703259348
107	1154965934	5000.0	0.001	1.1089e-05	-0.023049	0.9990044391121775,0.0009955608878224355
106	378255789	5000.0	0.001	1.1089e-05	1.344050	0.9839520895820836,0.01604623075384923,1.6796640671865626e-06
94	2096351620	5000.0	0.001	1.1089e-05	0.060920	0.9976493101379724,0.0023506898620275947
110	928860599	5000.0	0.001	1.1089e-05	-0.011590	0.9977316536692662,0.0022678264347130573,5.198960207958409e-07
97	3863984520	5000.0	0.001	1.1089e-05	-0.010812	0.998204599080184,0.0017954009198160369
115	1368332748	5000.0	0.001	1.1089e-05	-0.004595	0.9995700459908018,0.0004299540091981604
119	928446932	5000.0	0.001	1.1089e-05	-0.032791	0.9991958408318337,0.0008041591681663667
120	3350974936	5000.0	0.001	1.1089e-05	-0.217311	0.9937597280543892,0.006240111977604479,1.5996800639872026e-07
113	962521541	5000.0	0.001	1.1089e-05	-0.034092	0.998615676864627,0.0013843231353729253
123	1465448939	5000.0	0.001	1.1089e-05	1.796785	0.9749441311737652,0.024938092381523697,0.00011777644471105779
114	1365023177	5000.0	0.001	1.1089e-05	-0.010105	0.9995461307738452,0.00045386922615476904
121	3458826721	5000.0	0.001	1.1089e-05	-0.043117	0.994779124175165,0.0052208758248350326
116	363887053	5000.0	0.001	1.1089e-05	0.108874	0.9966212357528494,0.00337876424715057
109	579062196	5000.0	0.001	1.1089e-05	2.893040	0.9559074185162968,0.044082143571285745,1.0437912417516497e-05
122	3063951842	5000.0	0.001	1.1089e-05	-0.021145	0.9975620875824835,0.0024379124175164966
124	2912301556	5000.0	0.001	1.1089e-05	-0.154494	0.979872825434913,0.020126334733053388,8.398320335932813e-07
125	2053212664	5000.0	0.001	1.1089e-05	0.393366	0.9920406718656268,0.007958608278344331,7.198560287942411e-07
108	1372096948	5000.0	0.001	1.1089e-05	0.042481	0.9911338532293541,0.008865946810637872,1.9996000799840033e-07
111	672283068	5000.0	0.001	1.1089e-05	0.705633	0.9920066786642672,0.007993201359728055,1.199760047990402e-07
127	1641167355	5000.0	0.001	1.1089e-05	0.060089	0.9982371925614877,0.0017626874625074984,1.199760047990402e-07
112	350046659	5000.0	0.001	1.1089e-05	-0.099294	0.9915288542291542,0.008470945810837833,1.9996000799840033e-07
117	3975586252	5000.0	0.001	1.1089e-05	0.043978	0.9939525694861028,0.006047030593881224,3.9992001599680065e-07
118	1796174289	5000.0	0.001	1.1089e-05	-2.282012	0.9090426714657068,0.09092337532493501,3.395320935812837e-05
135	130701863	5000.0	0.001	1.1089e-05	0.542737	0.9881400119976005,0.011830913817236553,2.9074185162967407e-05
136	3086205481	5000.0	0.001	1.1089e-05	0.000573	0.998383923215357,0.0016160767846430714
133	3012653577	5000.0	0.001	1.1089e-05	0.007229	0.998597800439912,0.0014021995600879823
130	167617026	5000.0	0.001	1.1089e-05	0.078846	0.982144851029794,0.01785494901019796,1.9996000799840033e-07
134	4037593611	5000.0	0.001	1.1089e-05	2.267355	0.9468020395920815,0.053189522095580886,8.438312337532494e-06
129	3579503106	5000.0	0.001	1.1089e-05	0.268303	0.9959468906218756,0.004052909418116377,1.9996000799840033e-07
132	3873894920	5000.0	0.001	1.1089e-05	0.070922	0.9975891221755648,0.0024093981203759246,1.4797040591881624e-06
131	2002491908	5000.0	0.001	1.1089e-05	-0.090166	0.9982988602279544,0.0017008998200359927,2.399520095980804e-07
138	4017363506	5000.0	0.001	1.1089e-05	-0.095576	0.9971740051989602,0.002825994801039792
139	748599860	5000.0	0.001	1.1089e-05	-0.884477	0.9775482903419316,0.022450829834033192,8.798240351929614e-07
126	2391577083	5000.0	0.001	1.1089e-05	0.005530	0.9986535892821435,0.0013464107178564287
137	3875846699	5000.0	0.001	1.1089e-05	0.435254	0.9887207358528294,0.011278384323135373,8.798240351929614e-07
140	1727932984	5000.0	0.001	1.1089e-05	0.255987	0.9833325334933013,0.01666014797040592,7.318536292741451e-06
143	2013954623	5000.0	0.001	1.1089e-05	0.002431	0.9990112777444511,0.0009887222555488902
128	2450891263	5000.0	0.001	1.1089e-05	-0.224792	0.986630673865227,0.013368966206758648,3.5992801439712056e-07
155	3881906789	5000.0	0.001	1.1089e-05	0.189608	0.9961634073185363,0.0037964007198560286,4.019196160767846e-05
147	3716770378	5000.0	0.001	1.1089e-05	-0.188523	0.9946567886422716,0.005288982203559288,5.422915416916617e-05
148	3441680970	5000.0	0.001	1.1089e-05	-0.171262	0.995152849430114,0.004847030593881224,1.199760047990402e-07
149	1876888139	5000.0	0.001	1.1089e-05	2.244262	0.9388086382723455,0.058228274345130976,0.002963087382523495
154	3990772316	5000.0	0.001	1.1089e-05	-1.818579	0.9449586882623475,0.05504099180163967,3.199360127974405e-07
152	3603929684	5000.0	0.001	1.1089e-05	0.019203	0.9993238552289542,0.0006759848030393922,1.5996800639872026e-07
151	4056603219	5000.0	0.001	1.1089e-05	-0.056148	0.9979428914217157,0.0020570685862827433,3.9992001599680065e-08
153	4124768852	5000.0	0.001	1.1089e-05	-0.487326	0.9925414117176564,0.0074581883623275344,3.9992001599680065e-07
142	1589449273	5000.0	0.001	1.1089e-05	-0.010124	0.9994108778244352,0.000589122175564887
159	3613164171	5000.0	0.001	1.1089e-05	-2.276085	0.9547794041191762,0.04521635672865427,4.239152169566087e-06
141	2522671673	5000.0	0.001	1.1089e-05	0.202533	0.9936570285942812,0.006342811437712458,1.5996800639872026e-07
158	338274941	5000.0	0.001	1.1089e-05	0.146502	0.9938903819236152,0.006109498100379924,1.199760047990402e-07
156	1362735722	5000.0	0.001	1.1089e-05	-0.006379	0.9994624675064987,0.0005375324935012998
144	1882995266	5000.0	0.001	1.1089e-05	0.012674	0.9986835032993401,0.0013164167166566686,7.998400319936013e-08
145	3188443717	5000.0	0.001	1.1089e-05	-0.004003	0.9982235152969406,0.001776484703059388
160	3228244619	5000.0	0.001	1.1089e-05	2.111296	0.9689822835432913,0.03101499700059988,2.7194561087782445e-06
150	1874510417	5000.0	0.001	1.1089e-05	-0.069571	0.9983662467506499,0.00163375324935013
146	2878618186	5000.0	0.001	1.1089e-05	-0.049279	0.9981703659268146,0.0018296340731853628
165	3422411434	5000.0	0.001	1.1089e-05	0.484761	0.9872536692661468,0.012724055188962207,2.2275544891021795e-05
163	3718472344	5000.0	0.001	1.1089e-05	0.097402	0.9952925814837033,0.004707018596280744,3.9992001599680065e-07
157	2175937133	5000.0	0.001	1.1089e-05	-0.035679	0.9990393521295741,0.0009606078784243151,3.9992001599680065e-08
164	2993656486	5000.0	0.001	1.1089e-05	-1.259791	0.9815893621275745,0.01840499900019996,5.6388722255548894e-06
166	3861256876	5000.0	0.001	1.1089e-05	0.988150	0.984206198760248,0.01578860227954409,5.198960207958408e-06
162	1028571791	5000.0	0.001	1.1089e-05	0.030738	0.9872544291141772,0.012745530893821235,3.9992001599680065e-08
171	163650237	5000.0	0.001	1.1089e-05	0.061945	0.9987722055588882,0.0012271545690861827,6.39872025594881e-07
173	2978495173	5000.0	0.001	1.1089e-05	0.061570	0.9976617476504699,0.002338252349530094
168	4005300916	5000.0	0.001	1.1089e-05	-0.200276	0.9948369926014797,0.005162967406518696,3.9992001599680065e-08
167	3184589487	5000.0	0.001	1.1089e-05	0.006028	0.9993463307338533,0.0006519896020795841,1.6796640671865626e-06
169	1389347510	5000.0	0.001	1.1089e-05	-0.122706	0.9906249950009998,0.009374765046990603,2.399520095980804e-07
174	1292796618	5000.0	0.001	1.1089e-05	0.047944	0.9981400919816037,0.0018565486902619476,3.359328134373125e-06
161	3246912141	5000.0	0.001	1.1089e-05	0.530615	0.9920877824435113,0.007911817636472706,3.9992001599680065e-07
177	2850808539	5000.0	0.001	1.1089e-05	-0.280559	0.9924753849230153,0.0075239752049590086,6.39872025594881e-07
180	3025875691	5000.0	0.001	1.1089e-05	-0.029993	0.9967005798840232,0.003274465106978604,2.495500899820036e-05
181	1371382509	5000.0	0.001	1.1089e-05	0.799796	0.9840544691061788,0.015942611477704458,2.9194161167766445e-06
183	1897476847	5000.0	0.001	1.1089e-05	-0.134847	0.9951976804639072,0.004802239552089582,7.998400319936013e-08
185	272343816	5000.0	0.001	1.1089e-05	4.089486	0.9453748850229954,0.05460483903219356,2.027594481103779e-05
184	2174544636	5000.0	0.001	1.1089e-05	0.031329	0.9939814037192561,0.006018596280743851
176	732822222	5000.0	0.001	1.1089e-05	-4.990456	0.9268537092581484,0.0720871025794841,0.0010591881623675265
186	3914515212	5000.0	0.001	1.1089e-05	-2.781563	0.9666830633873226,0.03331061787642472,6.3187362527494505e-06
187	3509277453	5000.0	0.001	1.1089e-05	-0.046996	0.9983366126774645,0.0016625874825034993,7.998400319936013e-07
189	814281503	5000.0	0.001	1.1089e-05	-0.018307	0.99556124775045,0.00443875224955009
170	2203159224	5000.0	0.001	1.1089e-05	-0.099048	0.9958343531293741,0.004165646870625875
190	76690223	5000.0	0.001	1.1089e-05	-1.320606	0.978163127374525,0.02183507298540292,1.799640071985603e-06
172	480713408	5000.0	0.001	1.1089e-05	0.080979	0.9969061387722455,0.003092901419716057,9.598080383923216e-07
188	3045571358	5000.0	0.001	1.1089e-05	2.241985	0.9602291141771646,0.039731853629274144,3.903219356128774e-05
179	4122692331	5000.0	0.001	1.1089e-05	0.054338	0.9983849630073985,0.001614877024595081,1.5996800639872026e-07
175	452602571	5000.0	0.001	1.1089e-05	0.449793	0.9921645670865827,0.007835192961407719,2.399520095980804e-07
191	3543638833	5000.0	0.001	1.1089e-05	0.030820	0.9947073785242951,0.0052924215156968605,1.9996000799840033e-07
193	3574393655	5000.0	0.001	1.1089e-05	0.087335	0.995853949210158,0.004146050789842031
178	1913340640	5000.0	0.001	1.1089e-05	0.007454	0.9962702259548091,0.003729774045190962
182	2269205231	5000.0	0.001	1.1089e-05	0.627824	0.9920699060187962,0.007833393321335733,9.67006598680264e-05
195	4007205691	5000.0	0.001	1.1089e-05	0.015147	0.9962045590881824,0.0037845630873825234,1.0877824435112978e-05
194	1604160313	5000.0	0.001	1.1089e-05	-0.998659	0.9784971405718856,0.02149634073185363,6.518696260747851e-06
198	3095231307	5000.0	0.001	1.1089e-05	-0.878027	0.9835012597480504,0.016498220355928815,5.198960207958409e-07
197	3867779910	5000.0	0.001	1.1089e-05	-3.194803	0.9516283543291342,0.048360487902419515,1.1157768446310738e-05
196	2353425222	5000.0	0.001	1.1089e-05	0.048392	0.9977780043991201,0.0022215956808638274,3.9992001599680065e-07
202	3240596311	5000.0	0.001	1.1089e-05	-0.575419	0.9914897820435913,0.008509858028394322,3.5992801439712056e-07
200	2457766736	5000.0	0.001	1.1089e-05	0.148481	0.9968685862827434,0.003131413717256549
201	4228268884	5000.0	0.001	1.1089e-05	-0.024924	0.997513377324535,0.002486622675464907
204	1640856410	5000.0	0.001	1.1089e-05	-0.119501	0.9934716656668666,0.006475904819036192,5.2429514097180566e-05
206	3759596383	5000.0	0.001	1.1089e-05	-0.108124	0.9969005398920215,0.0030981003799240153,1.3597280543891223e-06
192	25361207	5000.0	0.001	1.1089e-05	-0.002103	0.999562047590482,0.0004379524095180964
203	2511045465	5000.0	0.001	1.1089e-05	-0.045900	0.9968854229154169,0.0031062187562487503,8.358328334333133e-06
209	1339888488	5000.0	0.001	1.1089e-05	0.961518	0.980550449910018,0.019448990201959608,5.598880223955209e-07
210	2134745961	5000.0	0.001	1.1089e-05	1.129661	0.9819800039992002,0.018017716456708657,2.279544091181764e-06
215	490658678	5000.0	0.001	1.1089e-05	-1.273300	0.9721791641671665,0.02741891621675665,0.000401879624075185,3.9992001599680065e-08
216	2013397879	5000.0	0.001	1.1089e-05	-1.207175	0.9844970605878824,0.015480703859228154,2.2235552889422114e-05
214	1840225141	5000.0	0.001	1.1089e-05	-0.176013	0.9917702459508099,0.008228514297140572,1.2397520495900819e-06
217	1716599674	5000.0	0.001	1.1089e-05	-0.969774	0.9704992601479704,0.029462107578484303,3.8632273545290943e-05
207	2793032547	5000.0	0.001	1.1089e-05	0.544268	0.9939912017596481,0.006008678264347131,1.199760047990402e-07
218	3745534843	5000.0	0.001	1.1089e-05	0.019723	0.9990978204359128,0.0009021795640871826
205	3200799582	5000.0	0.001	1.1089e-05	0.052313	0.9987346130773845,0.001265386922615477
219	2429023103	5000.0	0.001	1.1089e-05	0.014726	0.9983534893021395,0.0016453909218156369,1.1197760447910417e-06
199	3764984653	5000.0	0.001	1.1089e-05	-0.820310	0.990473225354929,0.00951873625274945,8.038392321535693e-06
221	2081295237	5000.0	0.001	1.1089e-05	0.239464	0.9682789442111578,0.031710577884423115,1.0477904419116177e-05
222	1971241869	5000.0	0.001	1.1089e-05	-0.054670	0.9985638872225555,0.0014361127774445111
213	2464226164	5000.0	0.001	1.1089e-05	-0.045985	0.9982770245950809,0.0017229754049190161
208	890542952	5000.0	0.001	1.1089e-05	-0.171658	0.9964731453709258,0.0035268546290741854
212	3730543472	5000.0	0.001	1.1089e-05	0.009554	0.9991514097180564,0.0008485902819436112
211	755241835	5000.0	0.001	1.1089e-05	1.888324	0.8375398520295941,0.1575006198760248,0.0049590881823635274,4.399120175964807e-07
225	1281571741	5000.0	0.001	1.1089e-05	-0.023384	0.9980592681463707,0.001940731853629274
227	3190879146	5000.0	0.001	1.1089e-05	-0.156013	0.9943472905418916,0.00565242951409718,2.7994401119776043e-07
226	1922745248	5000.0	0.001	1.1089e-05	-0.117341	0.9972902219556089,0.0027097780443911218
229	1042207665	5000.0	0.001	1.1089e-05	0.464693	0.991610197960408,0.008389202159568086,5.99880023995201e-07
228	3890037677	5000.0	0.001	1.1089e-05	0.431465	0.9871600879824035,0.012837792441511698,2.1195760847830435e-06
230	812196785	5000.0	0.001	1.1089e-05	2.046534	0.9727300539892022,0.027267706458708258,2.2395520895820834e-06
220	757816194	5000.0	0.001	1.1089e-05	0.110961	0.9946999800039992,0.0053000199960008
232	4123890610	5000.0	0.001	1.1089e-05	0.094280	0.9968513897220556,0.003148610277944411
234	1138498490	5000.0	0.001	1.1089e-05	0.593474	0.9864290341931614,0.013570685862827435,2.7994401119776043e-07
236	4180343741	5000.0	0.001	1.1089e-05	0.082087	0.9973544891021796,0.0026453509298140373,1.5996800639872026e-07
237	2632467390	5000.0	0.001	1.1089e-05	-0.024693	0.9987192161567686,0.001280743851229754,3.9992001599680065e-08
238	1687647168	5000.0	0.001	1.1089e-05	-0.821460	0.9887820035992801,0.011161687662467506,5.630873825234953e-05
223	2590604175	5000.0	0.001	1.1089e-05	0.042431	0.9992961407718456,0.0007038592281543691
243	3016313806	5000.0	0.001	1.1089e-05	-0.427849	0.992669426114777,0.007330493901219756,7.998400319936013e-08
247	209234912	5000.0	0.001	1.1089e-05	0.162437	0.9806845830833834,0.019314097180563886,1.319736052789442e-06
246	2759498711	5000.0	0.001	1.1089e-05	-0.030193	0.9983992401519696,0.0016006798640271947,7.998400319936013e-08
242	1207716811	5000.0	0.001	1.1089e-05	-1.015051	0.9826179164167167,0.017145410917816437,0.00023667266546690662
250	2242186214	5000.0	0.001	1.1089e-05	-0.407208	0.9291736052789442,0.07081395720855829,1.24375124975005e-05
249	272804837	5000.0	0.001	1.1089e-05	-0.131270	0.9979302539492102,0.002069746050789842
244	3917554644	5000.0	0.001	1.1089e-05	-0.106040	0.9896097580483904,0.010388562287542492,1.6796640671865626e-06
224	3208631190	5000.0	0.001	1.1089e-05	0.707267	0.9807316936612678,0.019268066386722654,2.399520095980804e-07
252	4115461097	5000.0	0.001	1.1089e-05	0.192345	0.9961298540291942,0.0038701459708058387
253	2302043122	5000.0	0.001	1.1089e-05	0.122067	0.9924077584483103,0.007592241551689662
240	2546334663	5000.0	0.001	1.1089e-05	-0.129288	0.9930281143771246,0.006969046190761848,2.8394321135772845e-06
251	2265861096	5000.0	0.001	1.1089e-05	-0.028058	0.9987962807438512,0.0012035992801439712,1.199760047990402e-07
239	3053038533	5000.0	0.001	1.1089e-05	0.034199	0.9977543291341732,0.0022456708658268347
231	1970725809	5000.0	0.001	1.1089e-05	-0.235837	0.991952049590082,0.008038992201559687,8.958208358328334e-06
233	3822259127	5000.0	0.001	1.1089e-05	0.042248	0.9977102179564087,0.0022897020595880825,7.998400319936013e-08
245	1511441365	5000.0	0.001	1.1089e-05	0.028503	0.9987314137172566,0.0012685862827434514
241	2491845577	5000.0	0.001	1.1089e-05	-0.124893	0.9940801839632074,0.005897860427914417,2.1955608878224355e-05
248	3927641060	5000.0	0.001	1.1089e-05	0.114550	0.9893207358528294,0.010678464307138572,7.998400319936013e-07
235	2385667004	5000.0	0.001	1.1089e-05	0.269675	0.9703958408318336,0.029545330933813237,5.882823435312938e-05
254	3334726648	5000.0	0.001	1.1089e-05	-1.238956	0.9855844031193761,0.014323015396920616,9.258148370325934e-05
256	1402287105	5000.0	0.001	1.1089e-05	-0.000793	0.9981432913417316,0.0018565886822635473,1.199760047990402e-07
257	2399134725	5000.0	0.001	1.1089e-05	0.087818	0.9971008198360328,0.0028991801639672065
258	3181837323	5000.0	0.001	1.1089e-05	-0.465129	0.986123975204959,0.013875704859028195,3.199360127974405e-07
260	460758040	5000.0	0.001	1.1089e-05	-1.444798	0.9825594881023795,0.01743887222555489,1.6396720655868826e-06
255	1801212926	5000.0	0.001	1.1089e-05	-0.064705	0.9969812037592481,0.00301875624875025,3.9992001599680065e-08
259	521569296	5000.0	0.001	1.1089e-05	-0.068017	0.9984217156568687,0.0015782843431313737
261	1167457305	5000.0	0.001	1.1089e-05	-0.845286	0.9886805038992201,0.011316936612677464,2.559488102379524e-06
263	2510701599	5000.0	0.001	1.1089e-05	-0.053428	0.9981314537092582,0.0018683063387322535,2.399520095980804e-07
266	587512869	5000.0	0.001	1.1089e-05	-0.300527	0.9952599880023996,0.004739892021595681,1.199760047990402e-07
270	2254357550	5000.0	0.001	1.1089e-05	5.878564	0.8153648070385923,0.18453085382923415,0.00010433913217356528
264	606950433	5000.0	0.001	1.1089e-05	-0.298812	0.9949224155168966,0.00507750449910018,7.998400319936013e-08
272	3405483058	5000.0	0.001	1.1089e-05	0.157371	0.9944587882423516,0.005541171765646871,3.9992001599680065e-08
275	374752323	5000.0	0.001	1.1089e-05	-0.504265	0.9853206558688262,0.014679224155168966,1.199760047990402e-07
276	1164596298	5000.0	0.001	1.1089e-05	0.129713	0.9944699460107979,0.0055300539892021595
267	3627811880	5000.0	0.001	1.1089e-05	-0.253367	0.9940117576484703,0.005988042391521696,1.9996000799840033e-07
277	603495499	5000.0	0.001	1.1089e-05	-0.001985	0.9973535292941411,0.0026464307138572285,3.9992001599680065e-08
268	1386372136	5000.0	0.001	1.1089e-05	0.302174	0.9884563887222555,0.011541211757648471,2.399520095980804e-06
278	2320577613	5000.0	0.001	1.1089e-05	-0.302793	0.9787122975404919,0.021280503899220156,7.198560287942412e-06
271	532864047	5000.0	0.001	1.1089e-05	-0.004333	0.9992638672265547,0.0007326934613077384,3.4393121375724856e-06
279	2186198096	5000.0	0.001	1.1089e-05	1.607325	0.9114151969606079,0.08855536892621475,2.9434113177364527e-05
280	2489168976	5000.0	0.001	1.1089e-05	0.629952	0.9854457108578284,0.01455380923815237,4.799040191961608e-07
281	2470786134	5000.0	0.001	1.1089e-05	0.006462	0.9950553889222156,0.004726654669066186,0.00021795640871825634
282	1474276443	5000.0	0.001	1.1089e-05	-0.048418	0.9985492101579684,0.0014507898420315936
265	795151395	5000.0	0.001	1.1089e-05	-0.023304	0.9975862427514497,0.00241375724855029
262	2253143066	5000.0	0.001	1.1089e-05	-0.017854	0.9972694261147771,0.002722775444911018,7.798440311937612e-06
269	3855668267	5000.0	0.001	1.1089e-05	0.031377	0.9844832233553289,0.015512017596480705,4.759048190361927e-06
274	39361598	5000.0	0.001	1.1089e-05	-0.042485	0.9971990801839632,0.0028009198160367926
273	3701193780	5000.0	0.001	1.1089e-05	-0.006511	0.9992950209958008,0.0007049790041991601
287	4161268843	5000.0	0.001	1.1089e-05	-0.020134	0.9982974605078985,0.0016999800039992,2.559488102379524e-06
283	2632103006	5000.0	0.001	1.1089e-05	-0.026761	0.9991278544291142,0.0008721455708858228
295	985300104	5000.0	0.001	1.1089e-05	-0.026060	0.9973895620875824,0.0026104379124175163
297	3916164235	5000.0	0.001	1.1089e-05	-0.173374	0.9974908218356329,0.002509018196360728,1.5996800639872026e-07
294	4130845830	5000.0	0.001	1.1089e-05	-0.040008	0.9980095980803839,0.0019904019196160766
285	2338600031	5000.0	0.001	1.1089e-05	-0.039735	0.998525974805039,0.0014740251949610077
290	2954345601	5000.0	0.001	1.1089e-05	0.377533	0.9927645670865827,0.007235272945410918,1.5996800639872026e-07
292	4222119043	5000.0	0.001	1.1089e-05	-2.473120	0.9609513297340532,0.03903439312137572,1.4277144571085782e-05
284	3484132447	5000.0	0.001	1.1089e-05	-0.048246	0.9972278344331134,0.0027721655668866228
288	2688951403	5000.0	0.001	1.1089e-05	0.855672	0.9878443511297741,0.012155568886222755,7.998400319936013e-08
296	3309137032	5000.0	0.001	1.1089e-05	-0.051436	0.9986892221555689,0.0013106978604279145,7.998400319936013e-08
293	2424564867	5000.0	0.001	1.1089e-05	-0.218285	0.9965730853829234,0.0034261947610477904,7.198560287942411e-07
298	2439388299	5000.0	0.001	1.1089e-05	-0.580215	0.9720588682263547,0.027816036792641472,0.00012509498100379924
291	1642712195	5000.0	0.001	1.1089e-05	0.005575	0.9979052189562088,0.002094781043791242
286	2966725735	5000.0	0.001	1.1089e-05	-0.400262	0.9862577084583083,0.013471705658868226,0.00027058588282343534
299	1243559054	5000.0	0.001	1.1089e-05	2.813365	0.9477232553489302,0.05227306538692261,3.679264147170566e-06
289	171613292	5000.0	0.001	1.1089e-05	-0.312692	0.9824039192161568,0.017594561087782443,1.5196960607878424e-06
305	1399764141	5000.0	0.001	1.1089e-05	-0.047899	0.9984880623875225,0.001511897620475905,3.9992001599680065e-08
304	1882074277	5000.0	0.001	1.1089e-05	-0.005852	0.9995214157168566,0.0004785842831433713
301	1855171729	5000.0	0.001	1.1089e-05	-0.046581	0.9977170565886823,0.0022828234353129374,1.199760047990402e-07
309	3837265080	5000.0	0.001	1.1089e-05	0.185049	0.9954284343131373,0.004571405718856229,1.5996800639872026e-07
313	652973276	5000.0	0.001	1.1089e-05	-0.117812	0.9878092781443711,0.01218992201559688,7.998400319936013e-07
303	3292927134	5000.0	0.001	1.1089e-05	0.200196	0.9827458908218356,0.017253589282143572,5.198960207958409e-07
312	1034880207	5000.0	0.001	1.1089e-05	0.071764	0.9982718656268746,0.0017281343731253749
307	870964402	5000.0	0.001	1.1089e-05	-0.031703	0.9982543091381724,0.0017456108778244352,7.998400319936013e-08
300	3588752526	5000.0	0.001	1.1089e-05	0.140799	0.9973979604079184,0.0026000399920015995,1.999600079984003e-06
310	254647487	5000.0	0.001	1.1089e-05	-0.104869	0.9950534693061388,0.004946370725854829,1.5996800639872026e-07
306	4239709358	5000.0	0.001	1.1089e-05	0.293089	0.9945458108378324,0.005453989202159568,1.9996000799840033e-07
311	1802665159	5000.0	0.001	1.1089e-05	0.041889	0.9936655068986203,0.006272305538892221,6.21875624875025e-05
308	1344859316	5000.0	0.001	1.1089e-05	0.857411	0.9782013597280544,0.021798280343931213,3.5992801439712056e-07
314	2202399968	5000.0	0.001	1.1089e-05	0.010615	0.9985796440711857,0.0014203559288142372
317	15416556	5000.0	0.001	1.1089e-05	0.164611	0.9973767646470706,0.0026232353529294142
302	1231848595	5000.0	0.001	1.1089e-05	0.068091	0.9982426714657069,0.0017573285342931415
316	590943467	5000.0	0.001	1.1089e-05	0.364565	0.9936184363127375,0.0063808438312337535,7.198560287942411e-07
323	2625328388	5000.0	0.001	1.1089e-05	-0.010535	0.9989567286542691,0.0010432713457308538
324	316376325	5000.0	0.001	1.1089e-05	-0.047914	0.9986815836832633,0.0013184163167366527
315	1844913382	5000.0	0.001	1.1089e-05	-0.001198	0.9988061187762447,0.0011938812237552489
327	2114594059	5000.0	0.001	1.1089e-05	0.108515	0.9943015396920616,0.005698300339932014,1.5996800639872026e-07
321	3294756094	5000.0	0.001	1.1089e-05	-1.010559	0.9807998400319936,0.01914521095780844,5.494901019796041e-05
326	2174246152	5000.0	0.001	1.1089e-05	0.291764	0.97695024995001,0.023046590681863627,3.1593681263747252e-06
325	2630298886	5000.0	0.001	1.1089e-05	-1.394931	0.9813986802639472,0.018600599880023994,7.198560287942411e-07
329	350145810	5000.0	0.001	1.1089e-05	-0.128818	0.9938508698260348,0.006148330333933213,7.998400319936013e-07
330	2698376473	5000.0	0.001	1.1089e-05	0.017977	0.9990799840031993,0.0009200159968006399
331	3881643295	5000.0	0.001	1.1089e-05	0.837470	0.9871335732853429,0.01286626674665067,1.5996800639872026e-07
332	1568840994	5000.0	0.001	1.1089e-05	0.003600	0.9973929214157169,0.0026070785842831432
318	3951836398	5000.0	0.001	1.1089e-05	-0.020700	0.9987957608478304,0.0012042391521695662
334	3606175018	5000.0	0.001	1.1089e-05	0.500125	0.9824131573685263,0.017583283343331334,3.5592881423715255e-06
320	1072590066	5000.0	0.001	1.1089e-05	2.260077	0.9641660867826435,0.03582595480903819,7.958408318336332e-06
333	1048788264	5000.0	0.001	1.1089e-05	0.002037	0.9994343131373725,0.0005656868626274745
328	918600975	5000.0	0.001	1.1089e-05	0.205223	0.9875213357328534,0.0124751049790042,3.5592881423715255e-06
337	497270077	5000.0	0.001	1.1089e-05	3.550417	0.9157341331733653,0.08375496900619876,0.0005108978204359128
338	3920543041	5000.0	0.001	1.1089e-05	0.118137	0.997321175764847,0.0026788242351529694
322	759354625	5000.0	0.001	1.1089e-05	-0.588679	0.98954625074985,0.010452509498100379,1.2397520495900819e-06
319	974261490	5000.0	0.001	1.1089e-05	-0.158128	0.9961270945810838,0.003872865426914617,3.9992001599680065e-08
335	1281811770	5000.0	0.001	1.1089e-05	0.284837	0.9951081383723256,0.004888342331533693,3.5192961407718455e-06
342	1875529040	5000.0	0.001	1.1089e-05	-0.501705	0.9921246150769846,0.007415876824635073,0.0004595080983803239
340	890504522	5000.0	0.001	1.1089e-05	0.437128	0.9882100379924015,0.011786002799440112,3.959208158368327e-06
344	3869924697	5000.0	0.001	1.1089e-05	0.029870	0.9794484303139372,0.020550209958008398,1.3597280543891223e-06
343	2654834004	5000.0	0.001	1.1089e-05	0.047504	0.9976820235952809,0.0023175364927014597,4.399120175964807e-07
349	319276401	5000.0	0.001	1.1089e-05	-0.085608	0.9989551289742051,0.001044871025794841
350	3782954355	5000.0	0.001	1.1089e-05	-0.526531	0.9894342331533693,0.010552849430113977,1.291741651669666e-05
346	192462174	5000.0	0.001	1.1089e-05	-0.049358	0.993327974405119,0.006473265346930614,0.0001987602479504099
345	1377537373	5000.0	0.001	1.1089e-05	0.004373	0.9989492901419716,0.0010507098580283944
347	1031568737	5000.0	0.001	1.1089e-05	-1.766169	0.9449427714457108,0.05503515296940612,2.2075584883023396e-05
341	3377749323	5000.0	0.001	1.1089e-05	-0.020292	0.9979404119176165,0.002059508098380324,7.998400319936013e-08
336	823729468	5000.0	0.001	1.1089e-05	0.012443	0.9916736652669466,0.008326174765046991,1.5996800639872026e-07
339	3492750665	5000.0	0.001	1.1089e-05	-0.272142	0.9835587682463507,0.016439472105578883,1.7596480703859228e-06
353	465247630	5000.0	0.001	1.1089e-05	1.129135	0.9838978204359128,0.01609630073985203,5.878824235152969e-06
354	3716767119	5000.0	0.001	1.1089e-05	0.015196	0.996418476304739,0.003581523695260948
360	1184755118	5000.0	0.001	1.1089e-05	-0.008395	0.9979302539492102,0.002069746050789842
367	3314673097	5000.0	0.001	1.1089e-05	-0.769618	0.9889267346530694,0.011069666066786643,3.599280143971206e-06
363	3097736631	5000.0	0.001	1.1089e-05	0.028632	0.9920767046590682,0.00792269546090782,5.99880023995201e-07
359	1333794215	5000.0	0.001	1.1089e-05	0.221890	0.9895776044791041,0.010422355528894221,3.9992001599680065e-08
366	654636483	5000.0	0.001	1.1089e-05	-1.409745	0.7991432913417317,0.20074781043791243,0.00010889822035592882
362	1458822578	5000.0	0.001	1.1089e-05	0.273156	0.9964893021395721,0.0035106578684263147,3.9992001599680065e-08
358	144170399	5000.0	0.001	1.1089e-05	-0.442240	0.9944578284343132,0.005542171565686863
365	2203043264	5000.0	0.001	1.1089e-05	-0.003351	0.9992157968406319,0.0007842031593681264
361	2099944881	5000.0	0.001	1.1089e-05	0.032174	0.9989591281743652,0.001040871825634873
364	1953500604	5000.0	0.001	1.1089e-05	-1.077118	0.9862844631073785,0.013708458308338332,7.0785842831433715e-06
348	926977392	5000.0	0.001	1.1089e-05	0.116096	0.9978372325534893,0.002162247550489902,5.198960207958409e-07
357	1852544411	5000.0	0.001	1.1089e-05	0.035289	0.9957462907418516,0.00425366926614677,3.9992001599680065e-08
351	3582193013	5000.0	0.001	1.1089e-05	-0.070229	0.9978580683863227,0.0021419316136772645
352	58946940	5000.0	0.001	1.1089e-05	2.698132	0.95785374925015,0.04029574085182963,0.0018503499300139973,1.5996800639872026e-07
355	3040372114	5000.0	0.001	1.1089e-05	-0.143960	0.995815476904619,0.004184123175364927,3.9992001599680065e-07
356	1774925204	5000.0	0.001	1.1089e-05	0.052949	0.9976821435712857,0.0023177764447110576,7.998400319936013e-08
370	3747519956	5000.0	0.001	1.1089e-05	0.010523	0.9984394721055789,0.0015605278944211159
371	1037301210	5000.0	0.001	1.1089e-05	0.083421	0.9956845030993802,0.0043058188362327535,9.678064387122576e-06
368	3134012878	5000.0	0.001	1.1089e-05	0.133361	0.9904343131373725,0.009565446910617876,2.399520095980804e-07
372	988927453	5000.0	0.001	1.1089e-05	-0.157716	0.9970755848830234,0.002924375124975005,3.9992001599680065e-08
369	4140217807	5000.0	0.001	1.1089e-05	0.088182	0.9936046790641871,0.006394481103779244,8.398320335932813e-07
381	547735032	5000.0	0.001	1.1089e-05	-0.028146	0.9971996800639872,0.0028000399920015996,2.7994401119776043e-07
376	1945800174	5000.0	0.001	1.1089e-05	-0.000069	0.999279824035193,0.0007201759648070386
377	3613812206	5000.0	0.001	1.1089e-05	2.800496	0.9333284143171365,0.06662947410517897,4.211157768446311e-05
374	1788325345	5000.0	0.001	1.1089e-05	0.941331	0.9747235352929414,0.025058228354329134,0.00021823635272945411
378	1167842802	5000.0	0.001	1.1089e-05	0.747726	0.9891304539092182,0.010869506098780244,3.9992001599680065e-08
380	1807883763	5000.0	0.001	1.1089e-05	0.590430	0.9892907818436313,0.010709218156368727
379	1106365939	5000.0	0.001	1.1089e-05	-0.587766	0.9846289142171566,0.015369726054789042,1.3597280543891223e-06
373	1429054945	5000.0	0.001	1.1089e-05	0.020766	0.9985132573485302,0.001486742651469706
375	3869693414	5000.0	0.001	1.1089e-05	0.847502	0.9807198160367926,0.019279464107178564,7.198560287942411e-07
383	2885885443	5000.0	0.001	1.1089e-05	0.017487	0.9990293941211758,0.0009706058788242351
389	2332597806	5000.0	0.001	1.1089e-05	-0.016049	0.9986081583683263,0.0013918416316736652
388	4209610284	5000.0	0.001	1.1089e-05	0.020273	0.9989822835432913,0.0010177164567086582
391	2121590321	5000.0	0.001	1.1089e-05	0.009952	0.9993162567486503,0.0006837432513497301
385	463805963	5000.0	0.001	1.1089e-05	-1.200518	0.9707605678864227,0.029237992401519697,1.4397120575884822e-06
382	2873345536	5000.0	0.001	1.1089e-05	0.183714	0.9894716656668666,0.010525454909018196,2.8794241151769645e-06
384	746049034	5000.0	0.001	1.1089e-05	-0.319820	0.9947728054389122,0.005227074585082984,1.199760047990402e-07
393	230712889	5000.0	0.001	1.1089e-05	0.068961	0.9684349530093981,0.031500979804039195,6.406718656268747e-05
394	644085311	5000.0	0.001	1.1089e-05	0.000416	0.9994913417316537,0.0005086582683463308
395	316960321	5000.0	0.001	1.1089e-05	0.003428	0.9974331133773245,0.0025668066386722657,7.998400319936013e-08
398	2148798027	5000.0	0.001	1.1089e-05	-0.009718	0.9969924415116976,0.0030075584883023396
399	3981336140	5000.0	0.001	1.1089e-05	3.761807	0.9148118376324735,0.08517976404719056,8.398320335932813e-06
401	2221561429	5000.0	0.001	1.1089e-05	-1.616088	0.9816923015396921,0.018306338732253548,1.3597280543891223e-06
400	3543162446	5000.0	0.001	1.1089e-05	-0.202059	0.9962848630273945,0.003714377124575085,7.598480303939212e-07
387	1602924060	5000.0	0.001	1.1089e-05	-0.020030	0.9993052189562087,0.0006947810437912418
386	1258327567	5000.0	0.001	1.1089e-05	-0.081880	0.9969128974205159,0.003087102579484103
392	2876993077	5000.0	0.001	1.1089e-05	-0.069672	0.99245274945011,0.007547090581883623,1.5996800639872026e-07
402	3380964950	5000.0	0.001	1.1089e-05	-0.034194	0.9971210557888422,0.0028776644671065785,1.279744051189762e-06
397	3712015942	5000.0	0.001	1.1089e-05	-0.423645	0.9916179964007199,0.008381763647270547,2.399520095980804e-07
396	1695413830	5000.0	0.001	1.1089e-05	-0.374487	0.9874907818436313,0.012509018196360728,1.9996000799840033e-07
404	536421978	5000.0	0.001	1.1089e-05	-0.004714	0.9989387322535493,0.0010606678664267146,5.99880023995201e-07
405	873444957	5000.0	0.001	1.1089e-05	0.009049	0.9996587082583483,0.0003412917416516697
390	784307759	5000.0	0.001	1.1089e-05	-0.961198	0.983627074585083,0.01637284543091382,7.998400319936013e-08
403	3315091030	5000.0	0.001	1.1089e-05	0.547511	0.9935638472305539,0.006435752849430114,3.9992001599680065e-07
412	3847614068	5000.0	0.001	1.1089e-05	0.006565	0.9986477104579085,0.0013522095580883824,7.998400319936013e-08
410	839804526	5000.0	0.001	1.1089e-05	0.203621	0.9925641671665667,0.007434513097380524,1.319736052789442e-06
413	1586617971	5000.0	0.001	1.1089e-05	2.005565	0.9679639672065586,0.032034633073385325,1.3997200559888023e-06
415	3251660419	5000.0	0.001	1.1089e-05	-0.078847	0.995985722855429,0.004013597280543891,6.798640271945611e-07
414	2243460733	5000.0	0.001	1.1089e-05	0.193221	0.9945058588282344,0.005493381323735253,7.598480303939212e-07
411	1625824883	5000.0	0.001	1.1089e-05	-1.932006	0.9662164367126574,0.03377616476704659,7.398520295940812e-06
408	1245189739	5000.0	0.001	1.1089e-05	0.008851	0.9987244951009798,0.001275504899020196
409	3754460781	5000.0	0.001	1.1089e-05	-0.373105	0.9955676864627074,0.004432313537292541
420	970043026	5000.0	0.001	1.1089e-05	0.882117	0.9807309338132374,0.01926886622675465,1.9996000799840033e-07
419	4057681552	5000.0	0.001	1.1089e-05	0.016493	0.9939081383723255,0.006058948210357929,3.2913417316536696e-05
407	3813289573	5000.0	0.001	1.1089e-05	0.002589	0.9988825434913018,0.0011174565086982603
422	459017880	5000.0	0.001	1.1089e-05	-0.326244	0.9954609078184363,0.004538892221555689,1.9996000799840033e-07
421	3592136341	5000.0	0.001	1.1089e-05	-0.013074	0.9990612677464508,0.0009387322535492901
406	3037308515	5000.0	0.001	1.1089e-05	0.167152	0.993377124575085,0.006622755448910218,1.199760047990402e-07
423	2191808153	5000.0	0.001	1.1089e-05	0.631253	0.9915354129174165,0.008464547090581883,3.9992001599680065e-08
425	3211398813	5000.0	0.001	1.1089e-05	-0.379566	0.9896393121375725,0.01035992801439712,7.598480303939212e-07
416	1574520452	5000.0	0.001	1.1089e-05	-0.628683	0.9843540891821636,0.015643951209758047,1.959608078384323e-06
426	449687200	5000.0	0.001	1.1089e-05	-0.977404	0.9885894021195761,0.011410117976404718,4.799040191961608e-07
417	3733644932	5000.0	0.001	1.1089e-05	0.306662	0.9813579284143171,0.018639432113577284,2.639472105578884e-06
427	2737677991	5000.0	0.001	1.1089e-05	0.019145	0.9994604679064187,0.0005395320935812838
433	545203907	5000.0	0.001	1.1089e-05	-0.024206	0.9984823835232953,0.00151749650069986,1.199760047990402e-07
430	1269618356	5000.0	0.001	1.1089e-05	0.153895	0.9961593681263747,0.0038402319536092783,3.9992001599680065e-07
429	1718066861	5000.0	0.001	1.1089e-05	0.006865	0.9979741651669666,0.0020257148570285944,1.199760047990402e-07
428	981085869	5000.0	0.001	1.1089e-05	0.056972	0.9926342331533693,0.007364887022595481,8.798240351929614e-07
435	3126955719	5000.0	0.001	1.1089e-05	-0.052793	0.9990257148570286,0.0009742851429714057
418	3626120844	5000.0	0.001	1.1089e-05	0.146342	0.9938361527694461,0.006158688262347531,5.158968206358728e-06
431	1075236538	5000.0	0.001	1.1089e-05	-0.001170	0.9988421915616876,0.0011578084383123376
434	3360323270	5000.0	0.001	1.1089e-05	-2.285699	0.9725135772845431,0.027485342931413716,1.0797840431913617e-06
424	2322120347	5000.0	0.001	1.1089e-05	0.103452	0.9806949010197961,0.01930381923615277,1.279744051189762e-06
440	2437791451	5000.0	0.001	1.1089e-05	0.076349	0.997720175964807,0.0022793441311737654,4.799040191961608e-07
441	723095266	5000.0	0.001	1.1089e-05	0.081370	0.9976400719856029,0.0023599280143971205
443	1321113318	5000.0	0.001	1.1089e-05	0.370558	0.994130173965207,0.005869626074785043,1.9996000799840033e-07
438	265187032	5000.0	0.001	1.1089e-05	-0.120580	0.9974203559288143,0.002579524095180964,1.199760047990402e-07
437	739376855	5000.0	0.001	1.1089e-05	3.628666	0.9417512097580484,0.058235632873425314,1.3157368526294741e-05
447	3277295357	5000.0	0.001	1.1089e-05	0.698497	0.9820663467306538,0.017933533293341332,1.199760047990402e-07
448	4103659262	5000.0	0.001	1.1089e-05	0.126740	0.997824475104979,0.002175524895020996
446	3021723381	5000.0	0.001	1.1089e-05	-1.180334	0.9880066786642672,0.010029674065186962,0.001963647270545891
449	3657359101	5000.0	0.001	1.1089e-05	0.531270	0.9928193561287743,0.007180643871225755
445	2073491178	5000.0	0.001	1.1089e-05	2.534975	0.9636933013397321,0.03630529894021196,1.3997200559888023e-06
432	936230590	5000.0	0.001	1.1089e-05	-0.005851	0.9994654669066186,0.0005345330933813237
450	3705532162	5000.0	0.001	1.1089e-05	0.772012	0.9762283543291341,0.023770925814837033,7.198560287942411e-07
452	4173879050	5000.0	0.001	1.1089e-05	1.698323	0.9696351529694062,0.030334173165366927,3.0673865226954606e-05
453	2422904586	5000.0	0.001	1.1089e-05	-0.010678	0.996975124975005,0.003024795040991802,7.998400319936013e-08
455	2843799328	5000.0	0.001	1.1089e-05	0.397665	0.9904175164967006,0.009581883623275346,5.99880023995201e-07
442	233000676	5000.0	0.001	1.1089e-05	-0.009962	0.999644351129774,0.0003556488702259548
456	3487100707	5000.0	0.001	1.1089e-05	0.156309	0.9979434113177365,0.00204875024995001,7.838432313537292e-06
436	2054930123	5000.0	0.001	1.1089e-05	-0.713304	0.9891921215756848,0.01080743851229754,4.399120175964807e-07
444	1597497066	5000.0	0.001	1.1089e-05	-0.250636	0.9958345930813838,0.004165366926614677,3.9992001599680065e-08
457	2057600832	5000.0	0.001	1.1089e-05	-0.408112	0.9916621475704859,0.008337772445510898,7.998400319936013e-08
439	1985976025	5000.0	0.001	1.1089e-05	0.202098	0.9727892021595681,0.026571365726854628,0.0006394321135772845
459	2496407368	5000.0	0.001	1.1089e-05	-6.675445	0.915728774245151,0.08415776844631073,0.00011345730853829234
460	3793557324	5000.0	0.001	1.1089e-05	-0.030597	0.9978781043791242,0.002121855628874225,3.9992001599680065e-08
462	633245525	5000.0	0.001	1.1089e-05	-0.151844	0.9903644071185763,0.009634833033393322,7.598480303939212e-07
461	3221882701	5000.0	0.001	1.1089e-05	-0.036008	0.9941336532693461,0.005864427114577085,1.919616076784643e-06
458	1073391432	5000.0	0.001	1.1089e-05	0.029776	0.998894901019796,0.001104899020195961,1.9996000799840033e-07
463	2995578714	5000.0	0.001	1.1089e-05	-0.374562	0.9900747050589882,0.0099248950209958,3.9992001599680065e-07
464	2542149474	5000.0	0.001	1.1089e-05	-2.379483	0.9634782643471306,0.03652021595680864,1.5196960607878424e-06
454	288997139	5000.0	0.001	1.1089e-05	-0.378361	0.9903619276144771,0.009637752449510099,3.199360127974405e-07
466	230414187	5000.0	0.001	1.1089e-05	-0.050225	0.9983261347730454,0.001673865226954609
468	3415721839	5000.0	0.001	1.1089e-05	4.315364	0.9053810837832433,0.09453513297340532,8.378324335132974e-05
465	2482499431	5000.0	0.001	1.1089e-05	0.572594	0.9861326534693061,0.013865346930613877,1.999600079984003e-06
469	175587186	5000.0	0.001	1.1089e-05	-0.486054	0.9941917616476704,0.005807398520295941,8.398320335932813e-07
451	653018883	5000.0	0.001	1.1089e-05	0.057725	0.9917502099580084,0.008249630073985202,1.5996800639872026e-07
471	1021202294	5000.0	0.001	1.1089e-05	-0.368153	0.9901792441511698,0.009819956008798241,7.998400319936013e-07
474	2497216385	5000.0	0.001	1.1089e-05	0.156191	0.9960656668666267,0.0039340931813637275,2.399520095980804e-07
476	4162391961	5000.0	0.001	1.1089e-05	-0.600540	0.9917175364927014,0.00793257348530294,0.00034977004599080183,1.199760047990402e-07
467	3490402155	5000.0	0.001	1.1089e-05	-0.225174	0.9972454709058188,0.002754489102179564,3.9992001599680065e-08
477	13270939	5000.0	0.001	1.1089e-05	0.865252	0.982958648270346,0.017024795040991803,1.6556688662267547e-05
478	1046194077	5000.0	0.001	1.1089e-05	0.187922	0.9939069786042791,0.006092941411717657,7.998400319936013e-08
470	641056626	5000.0	0.001	1.1089e-05	-0.048398	0.9987527294541092,0.0012472705458908219
479	3697069986	5000.0	0.001	1.1089e-05	0.081046	0.997871625674865,0.002127734453109378,6.39872025594881e-07
481	1310707643	5000.0	0.001	1.1089e-05	0.002891	0.9993544091181764,0.0006455508898220356,3.9992001599680065e-08
480	1893547950	5000.0	0.001	1.1089e-05	-0.434313	0.9888357528494301,0.011070545890821836,9.37012597480504e-05
482	2510430143	5000.0	0.001	1.1089e-05	-0.484577	0.9895075784843032,0.010491861627674464,5.598880223955209e-07
484	4108621766	5000.0	0.001	1.1089e-05	0.055460	0.9929708458308338,0.007029114177164567,3.9992001599680065e-08
472	401045370	5000.0	0.001	1.1089e-05	0.025474	0.9984525894821036,0.0015474105178964208
485	1648803782	5000.0	0.001	1.1089e-05	0.209405	0.9954179164167166,0.004581923615276945,1.5996800639872026e-07
489	2946478038	5000.0	0.001	1.1089e-05	-0.014627	0.9988344331133773,0.0011655668866226755
487	1951498190	5000.0	0.001	1.1089e-05	-1.024931	0.9881956408718257,0.01180255948810238,1.799640071985603e-06
483	1113075653	5000.0	0.001	1.1089e-05	0.260928	0.9929296940611878,0.007069546090781843,7.598480303939212e-07
491	2076170206	5000.0	0.001	1.1089e-05	0.000385	0.9943291341731654,0.0056708658268346335
475	1410531223	5000.0	0.001	1.1089e-05	-0.834830	0.9804439912017596,0.019524295140971804,3.171365726854629e-05
473	3405754238	5000.0	0.001	1.1089e-05	0.344924	0.9861113377324535,0.013888102379524096,5.598880223955209e-07
492	1756446698	5000.0	0.001	1.1089e-05	0.002799	0.999227474505099,0.0007724855028994201,3.9992001599680065e-08
494	1702533103	5000.0	0.001	1.1089e-05	-0.016455	0.9990120775844831,0.0009878824235152969,3.9992001599680065e-08
490	931807191	5000.0	0.001	1.1089e-05	3.216878	0.9138425114977005,0.08608906218756249,6.84263147370526e-05
486	1277550540	5000.0	0.001	1.1089e-05	0.604057	0.9881369326134773,0.011862947410517896,1.199760047990402e-07
493	1366308846	5000.0	0.001	1.1089e-05	3.362446	0.96015624875025,0.0398379124175165,5.838832233553289e-06
496	421863413	5000.0	0.001	1.1089e-05	0.140197	0.9979686062787443,0.0020305538892221556,8.398320335932813e-07
488	3831117781	5000.0	0.001	1.1089e-05	-0.008250	0.9993973605278944,0.0006024795040991802,1.5996800639872026e-07
498	2469881850	5000.0	0.001	1.1089e-05	2.266489	0.9343830033993201,0.06560423915216956,1.275744851029794e-05
497	1864183799	5000.0	0.001	1.1089e-05	0.045902	0.998513777244551,0.0014859028194361128,3.199360127974405e-07
495	2422755311	5000.0	0.001	1.1089e-05	0.459001	0.9930970205958808,0.006902899420115976,7.998400319936013e-08
499	232140799	5000.0	0.001	1.1089e-05	-0.004436	0.9995904019196161,0.0004095580883823235,3.9992001599680065e-08
