sim_id	seed	popsize	selcoef	mutrate	velocity	profile
15	2814603311	5000.0	0.001	0.0001065	-0.075245	0.9661917616476705,0.03351181763647271,0.00029638072385522896,3.9992001599680065e-08
2	3023136782	5000.0	0.001	0.0001065	0.512814	0.8695599280143971,0.12773177364527094,0.001695980803839232,0.001012117576484703,1.9996000799840033e-07
18	3620151352	5000.0	0.001	0.0001065	0.002088	0.8631653669266147,0.12694585082983403,0.009457228554289142,0.00043015396920615876,1.3997200559888023e-06
0	3545325570	5000.0	0.001	0.0001065	-0.220804	0.9199164967006599,0.07445274945010998,0.00559372125574885,3.703259348130374e-05
17	4007903283	5000.0	0.001	0.0001065	-1.159491	0.5831148570285943,0.3914160767846431,0.025023155368926214,0.00044591081783643274
5	698447896	5000.0	0.001	0.0001065	-0.138344	0.9551520095980803,0.04171813637272546,0.0031282143571285744,1.6396720655868826e-06
11	2802935848	5000.0	0.001	0.0001065	-0.184666	0.9050389922015597,0.09425270945810837,0.0007075784843031394,7.198560287942411e-07
9	353339430	5000.0	0.001	0.0001065	0.051204	0.910095900819836,0.08927066586682664,0.0006329134173165367,5.198960207958409e-07
8	181778466	5000.0	0.001	0.0001065	-0.296719	0.8327168966206758,0.16419496100779843,0.003087102579484103,1.0397920415916818e-06
6	2808334361	5000.0	0.001	0.0001065	-0.196239	0.9243439312137572,0.0744118376324735,0.0012416716656668666,2.559488102379524e-06
10	1600602150	5000.0	0.001	0.0001065	0.197377	0.9105372125574885,0.0861244551089782,0.0033374525094981003,8.798240351929614e-07
16	2787074099	5000.0	0.001	0.0001065	0.121742	0.9500097580483903,0.04797384523095381,0.001968606278744251,4.779044191161768e-05
13	4064958508	5000.0	0.001	0.0001065	-0.105298	0.9683015396920616,0.03131005798840232,0.0003884023195360928
3	4156827666	5000.0	0.001	0.0001065	0.326381	0.8946428714257149,0.10477904419116177,0.0005780843831233753
14	608813100	5000.0	0.001	0.0001065	0.066944	0.9588398720255948,0.0397625274945011,0.0013968006398720255,7.998400319936013e-07
19	3630643260	5000.0	0.001	0.0001065	0.198983	0.93460699860028,0.06376816636672665,0.0016221155768846231,2.7194561087782445e-06
12	2264737836	5000.0	0.001	0.0001065	0.105064	0.9108937812437512,0.08716860627874425,0.001936732653469306,8.798240351929614e-07
7	1991057433	5000.0	0.001	0.0001065	-0.390302	0.9016384723055388,0.09709042191561687,0.0012709058188362327,1.9996000799840033e-07
4	380784659	5000.0	0.001	0.0001065	-1.281853	0.7885751649670066,0.20248202359528095,0.008620915816836633,0.0003218956208758248
1	3801323523	5000.0	0.001	0.0001065	0.572542	0.7753110977804439,0.21285930813837234,0.011606558688262348,0.0002230353929214157
24	3080618059	5000.0	0.001	0.0001065	0.323380	0.9304381523695261,0.05964759048190362,0.009239872025594882,0.0006743051389722055,7.998400319936013e-08
22	2406119494	5000.0	0.001	0.0001065	0.057783	0.943151449710058,0.052616276744651067,0.004201519696060788,3.075384923015397e-05
20	202412095	5000.0	0.001	0.0001065	-0.250003	0.888507898420316,0.11076048790241952,0.0007315736852629474,3.9992001599680065e-08
37	3112638595	5000.0	0.001	0.0001065	-0.568085	0.8368959808038392,0.1594524695060988,0.0036451909618076383,6.35872825434913e-06
31	2601302122	5000.0	0.001	0.0001065	-0.147343	0.8508225554889022,0.14825598880223956,0.0009200559888022395,1.3997200559888023e-06
29	2455695455	5000.0	0.001	0.0001065	0.180975	0.9178513897220556,0.08122227554489102,0.000820995800839832,0.00010517896420715856,1.5996800639872026e-07
26	4133908570	5000.0	0.001	0.0001065	-0.049226	0.9560884623075385,0.04313505298940212,0.0007760447910417917,4.399120175964807e-07
36	3595087997	5000.0	0.001	0.0001065	0.235335	0.7517113377324535,0.23359148170365926,0.014686102779444111,1.1077784443111379e-05
35	1816963193	5000.0	0.001	0.0001065	0.141671	0.861124375124975,0.13281823635272946,0.006055348930213957,2.039592081583683e-06
27	2658261085	5000.0	0.001	0.0001065	-0.065813	0.881678824235153,0.1042627874425115,0.014049070185962808,9.318136372725454e-06
28	3776168030	5000.0	0.001	0.0001065	0.038984	0.9372384323135373,0.06187938412317537,0.0008799840031993602,2.1995600879824035e-06
30	1328642145	5000.0	0.001	0.0001065	0.028381	0.9669314537092581,0.032896100779844034,0.00017244551089782043
32	2511601774	5000.0	0.001	0.0001065	-0.123427	0.9334122775444911,0.0650499900019996,0.0014432313537292541,9.450109978004399e-05
21	2431957060	5000.0	0.001	0.0001065	0.004478	0.8940699460107978,0.09442267546490701,0.011469466106778644,3.743251349730054e-05,4.799040191961608e-07
34	3007225969	5000.0	0.001	0.0001065	0.385775	0.8635464107178564,0.12900595880823834,0.007396720655868826,5.0909818036392724e-05
33	3977564272	5000.0	0.001	0.0001065	-0.121309	0.8602148770245951,0.10034865026994601,0.038553849230153966,0.000881383723255349,1.2397520495900819e-06
23	552945737	5000.0	0.001	0.0001065	0.110517	0.9170123975204959,0.06988086382723456,0.012132773445310939,0.0009738052389522096,1.5996800639872026e-07
25	81207382	5000.0	0.001	0.0001065	-0.269907	0.8552954609078184,0.14221015796840633,0.0024728654269146172,2.1515696860627874e-05
38	104781962	5000.0	0.001	0.0001065	0.482062	0.8778490701859628,0.12001607678464307,0.002129734053189362,5.118976204759048e-06
39	2617309323	5000.0	0.001	0.0001065	-0.053129	0.8983355328934213,0.0956995400919816,0.005962887422515497,2.039592081583683e-06
40	2717649036	5000.0	0.001	0.0001065	0.101642	0.8510920215956809,0.14159128174365126,0.007274305138972205,4.239152169566087e-05
50	300095661	5000.0	0.001	0.0001065	0.164195	0.9676148370325934,0.03001511697660468,0.0023699260147970404,1.199760047990402e-07
43	4184268944	5000.0	0.001	0.0001065	0.012774	0.9446278344331134,0.05413877224555089,0.0012330733853229353,3.199360127974405e-07
44	160370835	5000.0	0.001	0.0001065	-0.074289	0.9722416316736653,0.02724503099380124,0.0005132973405318936,3.9992001599680065e-08
48	2142005410	5000.0	0.001	0.0001065	-0.264667	0.7855056588682263,0.21049182163567287,0.0039899620075984805,1.255748850229954e-05
51	1478222000	5000.0	0.001	0.0001065	0.545623	0.8524780643871226,0.141975324935013,0.0014947810437912418,0.004051669666066787,1.5996800639872026e-07
47	1129513120	5000.0	0.001	0.0001065	0.323204	0.9161237352529494,0.08368482303539292,0.00019144171165766846
49	2105282725	5000.0	0.001	0.0001065	0.465641	0.8773162567486503,0.12017704459108178,0.002502419516096781,4.2791441711657665e-06
52	3071604916	5000.0	0.001	0.0001065	-0.964895	0.8129303339332133,0.1142,0.06815368926214757,0.004711537692461507,4.439112177564487e-06
45	2220292245	5000.0	0.001	0.0001065	0.626519	0.8125409318136373,0.12852153569286143,0.05756620675864827,0.001370885822835433,4.399120175964807e-07
46	2589814942	5000.0	0.001	0.0001065	0.060496	0.8058367926414717,0.18511721655668867,0.008935412917416516,0.00011057788442311537
41	2126864526	5000.0	0.001	0.0001065	-0.183270	0.8885555688862228,0.10134441111777645,0.008329294141171766,0.0017700459908018397,6.798640271945611e-07
42	1979508879	5000.0	0.001	0.0001065	-0.027870	0.9521468106378724,0.047253069386122774,0.0005996400719856028,4.799040191961608e-07
53	679381185	5000.0	0.001	0.0001065	-0.276003	0.9106166766646671,0.08826114777044591,0.00042823435312937415,0.0006911017796440712,2.8394321135772845e-06
56	1252946129	5000.0	0.001	0.0001065	-1.199419	0.40218096380723856,0.4483631673665267,0.13528926214757048,0.014134013197360528,3.259348130373925e-05
57	3905929433	5000.0	0.001	0.0001065	0.090553	0.9168432713457308,0.07825194961007799,0.004877224555088982,2.7554489102179565e-05
55	3003578566	5000.0	0.001	0.0001065	0.085033	0.925832473505299,0.06851113777244551,0.005645390921815637,1.0997800439912018e-05
60	1739907299	5000.0	0.001	0.0001065	-0.111983	0.9127918816236753,0.08598316336732653,0.0011987602479504099,2.619476104779044e-05
65	2401648895	5000.0	0.001	0.0001065	-0.093367	0.8374687862427515,0.15933833233353328,0.003173125374925015,1.9756048790241953e-05
68	436807947	5000.0	0.001	0.0001065	-0.320370	0.9129637272545491,0.08528342331533693,0.0017516896620675866,1.159768046390722e-06
63	26493166	5000.0	0.001	0.0001065	0.101583	0.9214590281943611,0.07787706458708259,0.00066374725054989,1.5996800639872026e-07
61	3129663715	5000.0	0.001	0.0001065	0.073845	0.9224627874425115,0.07739008198360328,0.00014713057388522296
70	2549471509	5000.0	0.001	0.0001065	0.216122	0.95094325134973,0.04806506698660268,0.0009884023195360929,3.279344131173765e-06
69	2131943692	5000.0	0.001	0.0001065	-0.072114	0.7383772845430914,0.25257076584683064,0.008819236152769446,0.0002327134573085383
62	3391541480	5000.0	0.001	0.0001065	-0.514255	0.8677607278544291,0.1285116976604679,0.0036725854829034194,5.4989002199560085e-05
67	2082535689	5000.0	0.001	0.0001065	0.005693	0.9782524695060988,0.021515616876624673,0.0002315136972605479,3.9992001599680065e-07
54	2411186372	5000.0	0.001	0.0001065	-0.253536	0.927494901019796,0.06964239152169566,0.002861787642471506,9.198160367926415e-07
64	125452542	5000.0	0.001	0.0001065	-0.126597	0.9390453909218156,0.05332085582883423,0.00760375924815037,2.999400119976005e-05
58	1851754716	5000.0	0.001	0.0001065	0.497667	0.8686865426914617,0.11931777644471106,0.01196516696660668,3.0513897220555888e-05
66	3348128004	5000.0	0.001	0.0001065	-0.826746	0.78239100179964,0.2157989202159568,0.0018094381123775244,6.39872025594881e-07
59	2325600480	5000.0	0.001	0.0001065	-0.494643	0.6871030993801239,0.29134561087782446,0.021458308338332333,9.298140371925614e-05
72	2234616092	5000.0	0.001	0.0001065	-0.000730	0.9501051789642072,0.046726934613077385,0.0030773445310937815,6.646670665866826e-05,2.40751849630074e-05
73	3414571294	5000.0	0.001	0.0001065	-0.013813	0.9146738652269546,0.08204107178564288,0.0032517896420715857,3.3273345330933816e-05
71	2505771291	5000.0	0.001	0.0001065	-0.132090	0.9083120575884823,0.0745493701259748,0.002459748050389922,0.014466026794641072,0.00021279744051189763
77	692754723	5000.0	0.001	0.0001065	-0.561264	0.8537587682463508,0.11944831033793242,0.026716936612677464,7.598480303939213e-05
79	1991874854	5000.0	0.001	0.0001065	-0.081247	0.9661983203359328,0.033284303139372126,0.000517376524695061
75	2580195616	5000.0	0.001	0.0001065	-0.065715	0.9647647670465906,0.03314061187762447,0.0020821835632873426,1.24375124975005e-05
84	2090932547	5000.0	0.001	0.0001065	0.086897	0.9510563887222555,0.048307058588282346,0.0006365126974605079,3.9992001599680065e-08
82	2076438841	5000.0	0.001	0.0001065	-0.348235	0.8610658268346331,0.13668410317936414,0.0013299740051989602,0.0009198160367926415,2.7994401119776043e-07
81	1735037237	5000.0	0.001	0.0001065	-0.438674	0.7807808838232354,0.21407114577084582,0.004977564487102579,0.00017040591881623676
85	2865525059	5000.0	0.001	0.0001065	-0.093077	0.9630005198960208,0.03539832033593281,0.0015973205358928214,3.839232153569286e-06
80	1396527407	5000.0	0.001	0.0001065	0.131425	0.8955486102779444,0.10305878824235153,0.0013913217356528694,1.279744051189762e-06
83	1451616569	5000.0	0.001	0.0001065	0.377226	0.8824418316336733,0.10434401119776045,0.012899060187962408,0.00031509698060387925
87	2226082118	5000.0	0.001	0.0001065	-0.110052	0.9563651269746051,0.042902979404119176,0.000731493701259748,3.9992001599680065e-07
78	885358885	5000.0	0.001	0.0001065	0.736200	0.41112977404519097,0.5665622475504899,0.022243151369726055,6.482703459308138e-05
88	1327466826	5000.0	0.001	0.0001065	-0.329410	0.9306995400919816,0.06615152969406118,0.00314877024595081,1.5996800639872026e-07
74	3077734687	5000.0	0.001	0.0001065	-0.451337	0.9126592681463708,0.08651089782043592,0.0008266746650669866,3.1593681263747252e-06
89	3454452045	5000.0	0.001	0.0001065	-0.078908	0.8646395920815837,0.12330745850829834,0.011919136172765446,0.0001338132373525295
91	505063770	5000.0	0.001	0.0001065	-0.001589	0.9464987402519496,0.05326982603479304,0.00023139372125574885,3.9992001599680065e-08
76	546881823	5000.0	0.001	0.0001065	-0.283405	0.855568526294741,0.12939692061587682,0.01501139772045591,2.3155368926214757e-05
86	2482872645	5000.0	0.001	0.0001065	0.475983	0.8478790241951609,0.15096652669466107,0.001154249150169966,1.9996000799840033e-07
90	2777606482	5000.0	0.001	0.0001065	-0.229668	0.8344990601879624,0.16298432313537292,0.002508658268346331,7.958408318336332e-06
92	3948144987	5000.0	0.001	0.0001065	-0.150457	0.8187128174365127,0.16580611877624474,0.015400399920015996,8.066386722655468e-05
94	3781450075	5000.0	0.001	0.0001065	-0.112346	0.921378724255149,0.0690369526094781,0.009576524695060987,7.798440311937612e-06
103	1901801868	5000.0	0.001	0.0001065	0.046251	0.9051519296140772,0.09052769446110778,0.004317736452709458,2.639472105578884e-06
104	1424015758	5000.0	0.001	0.0001065	0.666847	0.7568130773845231,0.22605890821835634,0.01709766046790642,3.035392921415717e-05
97	1803235690	5000.0	0.001	0.0001065	-0.161722	0.9576795840831833,0.04212121575684863,0.00019764047190561887,1.5596880623875224e-06
99	1022173559	5000.0	0.001	0.0001065	0.250115	0.7709840031993601,0.2197992401519696,0.009126894621075785,5.4269146170765845e-05,3.559288142371526e-05
98	1359532397	5000.0	0.001	0.0001065	-0.345917	0.8283726054789042,0.16728274345130975,0.004340971805638872,3.679264147170566e-06
101	1148602756	5000.0	0.001	0.0001065	0.091993	0.9249746050789842,0.0695884023195361,0.005431393721255749,5.598880223955209e-06
100	3131687297	5000.0	0.001	0.0001065	-0.301215	0.9366509898020396,0.04147882423515297,0.02079244151169766,0.0010702259548090382,7.518496300739852e-06
96	1658571109	5000.0	0.001	0.0001065	-0.561452	0.6978167166566687,0.2951013397320536,0.006979684063187362,0.00010133973205358928,9.198160367926415e-07
95	3005944160	5000.0	0.001	0.0001065	0.122179	0.9406613077384524,0.05851893621275745,0.0008197160567886423,3.9992001599680065e-08
93	1704425820	5000.0	0.001	0.0001065	0.307433	0.6769543691261748,0.317894101179764,0.005148290341931614,3.239352129574085e-06
102	3939025285	5000.0	0.001	0.0001065	-0.154849	0.9502887022595481,0.04951893621275745,0.0001923615276944611
108	3328289182	5000.0	0.001	0.0001065	-0.169329	0.7967870825834833,0.19645890821835632,0.006686702659468106,6.730653869226154e-05
109	3377457570	5000.0	0.001	0.0001065	-0.062330	0.964595600879824,0.03505386922615477,0.0003504099180163967,1.199760047990402e-07
106	1263219095	5000.0	0.001	0.0001065	0.642167	0.8522927414517096,0.13748298340331933,0.002881543691261748,0.0073220955808838235,2.063587282543491e-05
113	3035537858	5000.0	0.001	0.0001065	0.143375	0.829928574285143,0.12071337732453509,0.04866862627474505,0.0006894221155768846
105	2460170647	5000.0	0.001	0.0001065	0.029954	0.8639042591481704,0.1339513297340532,0.0021242551489702058,2.0155968806238754e-05
107	3337243035	5000.0	0.001	0.0001065	-0.080317	0.9690169566086783,0.030452829434113177,0.0005300939812037592,1.199760047990402e-07
117	2051086803	5000.0	0.001	0.0001065	0.045250	0.8837232553489303,0.10909478104379124,0.007177044591081784,4.919016196760648e-06
119	2202218971	5000.0	0.001	0.0001065	-0.028211	0.9318424715056989,0.0627114177164567,0.005421995600879824,2.411517696460708e-05
124	3777759720	5000.0	0.001	0.0001065	0.075843	0.9241010197960408,0.07165102979404118,0.0042464707058588284,1.4797040591881624e-06
116	804284877	5000.0	0.001	0.0001065	-0.155650	0.940975924815037,0.058229154169166165,0.0007944411117776444,4.799040191961608e-07
120	3806538203	5000.0	0.001	0.0001065	-0.386053	0.8554971405718856,0.12774213157368527,0.01665726854629074,0.00010333933213357328,1.199760047990402e-07
121	1496803807	5000.0	0.001	0.0001065	0.111204	0.9566813437312538,0.04212761447710458,0.001188522295540892,2.519496100779844e-06
114	3789361610	5000.0	0.001	0.0001065	-0.706621	0.7970675864827035,0.19061583683263347,0.012252229554089182,6.434713057388523e-05
118	192510424	5000.0	0.001	0.0001065	-0.270427	0.8987405718856228,0.10078316336732654,0.0004755848830233953,6.798640271945611e-07
122	3401748963	5000.0	0.001	0.0001065	-0.030576	0.9303753649270146,0.06531745650869826,0.004306138772245551,1.0397920415916818e-06
115	2380538316	5000.0	0.001	0.0001065	0.122103	0.9467873225354929,0.0517507298540292,0.0014619076184763048,3.9992001599680065e-08
125	3401861609	5000.0	0.001	0.0001065	0.349150	0.9265410117976405,0.0728751049790042,0.0005822835432913418,1.5996800639872026e-06
112	2397278653	5000.0	0.001	0.0001065	0.134043	0.9105442111577684,0.08860927814437113,0.0008464307138572285,7.998400319936013e-08
111	1587304889	5000.0	0.001	0.0001065	-0.199622	0.9310907018596281,0.06816460707858428,0.0007446910617876425
126	1258197487	5000.0	0.001	0.0001065	-0.670297	0.8736599880023995,0.12274213157368526,0.0035561687662467507,4.1711657668466304e-05
110	2018496946	5000.0	0.001	0.0001065	-0.061948	0.8902004799040192,0.10920743851229754,0.0005918416316736653,2.399520095980804e-07
123	2150582760	5000.0	0.001	0.0001065	-0.027419	0.8988637472505498,0.08037896420715857,0.02058504299140172,0.00017224555088982203
128	243436028	5000.0	0.001	0.0001065	-0.382652	0.8254005198960208,0.16323319336132774,0.01134885022995401,1.743651269746051e-05
131	1328792073	5000.0	0.001	0.0001065	-0.077909	0.9661559288142372,0.03351537692461508,0.0003283343331333733,3.5992801439712056e-07
127	3192041976	5000.0	0.001	0.0001065	0.125122	0.9416932613477305,0.03251377724455109,0.024749730053989203,0.0010423515296940611,8.798240351929614e-07
135	3996432919	5000.0	0.001	0.0001065	-0.780770	0.7941041791641672,0.15850749850029994,0.044366966606678666,0.002949130173965207,7.222555488902219e-05
132	2189040138	5000.0	0.001	0.0001065	0.162790	0.9272273145370926,0.07009654069186162,0.002675704859028194,4.399120175964807e-07
133	1794003468	5000.0	0.001	0.0001065	0.022364	0.8841934413117376,0.09069018196360727,0.023904459108178365,0.0012114377124575085,4.799040191961608e-07
134	3875297813	5000.0	0.001	0.0001065	0.288505	0.8701226154769046,0.11432301539692062,0.01530865826834633,0.00024547090581883625,2.399520095980804e-07
138	435937821	5000.0	0.001	0.0001065	0.164993	0.9197708858228354,0.07019380123975205,0.010011557688462307,2.3755248950209957e-05
137	670951964	5000.0	0.001	0.0001065	0.201142	0.9334077584483104,0.06223279344131174,0.004352849430113977,6.598680263947211e-06
141	756103720	5000.0	0.001	0.0001065	-0.553114	0.9099553289342132,0.06993637272545492,0.019817996400719858,0.00029030193961207757
136	1780296215	5000.0	0.001	0.0001065	0.653377	0.8746315136972606,0.12252021595680863,0.0028453109378124377,2.959408118376325e-06
140	1987248680	5000.0	0.001	0.0001065	0.017116	0.9468481103779244,0.05078220355928814,0.0023675664867026593,2.1195760847830435e-06
144	1461576238	5000.0	0.001	0.0001065	1.113082	0.8037700059988002,0.18798880223955208,0.007748010397920416,0.0004929014197160567,2.7994401119776043e-07
130	3498811911	5000.0	0.001	0.0001065	-0.281496	0.9269218156368726,0.07104099180163967,0.0020340731853629272,3.119376124775045e-06
129	3921379840	5000.0	0.001	0.0001065	0.417608	0.9081051389722056,0.08993597280543891,0.001958128374325135,7.598480303939212e-07
139	453145119	5000.0	0.001	0.0001065	0.628357	0.7780619876024795,0.19734589082183562,0.024451629674065188,0.00014049190161967608
146	2962655795	5000.0	0.001	0.0001065	-0.012677	0.8415148970205959,0.15624787042591481,0.0022329534093181364,4.2791441711657665e-06
147	2023086644	5000.0	0.001	0.0001065	-0.465282	0.8960771045790842,0.0892992601479704,0.011642791441711658,0.002979644071185763,1.199760047990402e-06
148	1409538613	5000.0	0.001	0.0001065	1.683409	0.8093070585882823,0.14293213357328535,0.04692717456508698,0.000832753449310138,8.798240351929614e-07
154	3064384078	5000.0	0.001	0.0001065	-0.161139	0.9208,0.06978608278344331,0.009368406318736252,4.551089782043591e-05
151	3866004037	5000.0	0.001	0.0001065	-0.098937	0.901375924815037,0.0963614077184563,0.002260547890421916,2.1195760847830435e-06
145	3577451057	5000.0	0.001	0.0001065	-0.609120	0.8956816236752649,0.09999348130373925,0.004314257148570286,1.0637872425514897e-05
153	2274636365	5000.0	0.001	0.0001065	0.173043	0.905527774445111,0.09174525094981004,0.0027263347330533892,6.39872025594881e-07
143	1007573548	5000.0	0.001	0.0001065	-0.128259	0.941127374525095,0.05696416716656669,0.001908258348330334,1.9996000799840033e-07
155	3524735570	5000.0	0.001	0.0001065	-0.215976	0.9092004399120176,0.0883868026394721,0.0024106778644271145,2.0795840831833635e-06
152	3725554245	5000.0	0.001	0.0001065	-0.280294	0.865979324135173,0.1322142771445711,0.0017994001199760049,6.9986002799440115e-06
156	1543469654	5000.0	0.001	0.0001065	-0.086632	0.9332881823635273,0.06380455908818236,0.0029060987802439512,1.159768046390722e-06
157	3990313559	5000.0	0.001	0.0001065	-0.159009	0.9012503099380124,0.09665626874625075,0.001930893821235753,0.00016232753449310137,1.9996000799840033e-07
158	3443571286	5000.0	0.001	0.0001065	0.106079	0.8898966206758648,0.08930777844431113,0.020782963407318535,1.2637472505498901e-05
142	1839348266	5000.0	0.001	0.0001065	-1.011829	0.808471025794841,0.1797874425114977,0.011681503699260147,6.0027994401119776e-05
150	2949749313	5000.0	0.001	0.0001065	0.065837	0.9557096580683864,0.04393657268546291,0.0003537292541491702,3.9992001599680065e-08
159	2635313754	5000.0	0.001	0.0001065	-0.011635	0.951381723655269,0.04844807038592282,0.00017020595880823836
149	2321054263	5000.0	0.001	0.0001065	-0.079450	0.9238731053789242,0.06985182963407319,0.006272385522895421,2.679464107178564e-06
164	224725611	5000.0	0.001	0.0001065	0.063544	0.9008799040191962,0.08603111377724455,0.01278240351929614,0.0003065786842631474
166	441817713	5000.0	0.001	0.0001065	-0.501097	0.8305532893421316,0.16426158768246352,0.005179084183163368,6.038792241551689e-06
167	1765395059	5000.0	0.001	0.0001065	-0.200832	0.9240621875624875,0.07448054389122176,0.0014564687062587484,7.998400319936013e-07
173	1289015964	5000.0	0.001	0.0001065	0.100551	0.9173432113577284,0.07958136372725455,0.003074465106978604,9.598080383923216e-07
169	234646151	5000.0	0.001	0.0001065	0.318496	0.8351964807038592,0.15646902619476105,0.008329894021195761,4.599080183963207e-06
172	145533596	5000.0	0.001	0.0001065	0.135861	0.8759449310137972,0.11984375124975005,0.004203479304139173,7.838432313537292e-06
174	409434782	5000.0	0.001	0.0001065	-0.142380	0.9520928614277144,0.04619100179964007,0.001715976804639072,1.5996800639872026e-07
177	3930127020	5000.0	0.001	0.0001065	0.036018	0.9171073785242951,0.0815992801439712,0.001292981403719256,3.5992801439712056e-07
161	3980360288	5000.0	0.001	0.0001065	-0.278999	0.9074650269946011,0.09090909818036393,0.0015874025194961008,3.847230553889222e-05
178	1702359727	5000.0	0.001	0.0001065	-0.318781	0.8614194361127775,0.13298952209558088,0.005577844431113777,1.3197360527894422e-05
175	1131358876	5000.0	0.001	0.0001065	-0.090502	0.9533853229354129,0.04583451309738052,0.0007799240151969606,2.399520095980804e-07
171	1008310932	5000.0	0.001	0.0001065	0.131185	0.8386623475304938,0.1594113177364527,0.0019258548290341931,4.799040191961608e-07
160	647307867	5000.0	0.001	0.0001065	0.125025	0.8942184363127375,0.10335132973405319,0.002428674265146971,1.5596880623875224e-06
163	245871207	5000.0	0.001	0.0001065	-0.100241	0.9578324335132974,0.040565246950609875,0.0016022795440911817,3.9992001599680065e-08
162	2936195680	5000.0	0.001	0.0001065	-0.100946	0.8736065186962607,0.12362143571285743,0.0027695260947810437,2.519496100779844e-06
165	1064950383	5000.0	0.001	0.0001065	-0.239826	0.9075574085182964,0.08764543091381724,0.004758128374325135,3.8712257548490304e-05,3.199360127974405e-07
180	1252690623	5000.0	0.001	0.0001065	0.162842	0.9209068186362728,0.07880243951209757,0.0002907018596280744,3.9992001599680065e-08
170	2728438417	5000.0	0.001	0.0001065	-0.666160	0.7391169366126774,0.25445786842631474,0.006398920215956809,2.6274745050989802e-05
181	347019982	5000.0	0.001	0.0001065	0.563777	0.8888581883623276,0.07388806238752249,0.03686382723455309,0.0003888022395520896,1.1197760447910417e-06
168	1736184440	5000.0	0.001	0.0001065	-0.216572	0.8944509098180364,0.1038010797840432,0.0017476904619076184,3.199360127974405e-07
176	1746127525	5000.0	0.001	0.0001065	0.605583	0.8193876824635073,0.17875256948610277,0.0018123975204959008,4.73505298940212e-05
182	1699484370	5000.0	0.001	0.0001065	0.055144	0.9701429314137172,0.029772045590881823,8.502299540091981e-05
185	2702250721	5000.0	0.001	0.0001065	0.048106	0.8535650069986003,0.13958200359928014,0.006844711057788442,8.278344331133774e-06
184	2345001690	5000.0	0.001	0.0001065	-0.117823	0.947399200159968,0.05110525894821036,0.001487622475504899,7.918416316736653e-06
186	740872932	5000.0	0.001	0.0001065	-0.163912	0.9355814837032593,0.06102375524895021,0.0033770845830833835,1.767646470705859e-05
190	2335019769	5000.0	0.001	0.0001065	0.225342	0.877588602279544,0.11876556688662268,0.0036334333133373324,1.239752049590082e-05
189	3450368758	5000.0	0.001	0.0001065	-0.182591	0.8721215356928614,0.12595488902219557,0.001923375324935013,1.9996000799840033e-07
187	1887988457	5000.0	0.001	0.0001065	-0.116687	0.9250651469706059,0.07435844831033793,0.0005763247350529894,7.998400319936013e-08
191	653110012	5000.0	0.001	0.0001065	0.201854	0.861992801439712,0.13738156368726254,0.0006255148970205959,1.199760047990402e-07
183	2872742612	5000.0	0.001	0.0001065	0.468883	0.8620472705458908,0.13554945010997801,0.0024011597680463907,2.1195760847830435e-06
195	1176279821	5000.0	0.001	0.0001065	0.526280	0.7363812437512498,0.2324874625074985,0.027463147370525895,0.00360995800839832,5.818836232753449e-05
193	2865474304	5000.0	0.001	0.0001065	0.213937	0.9202246350729854,0.0792749450109978,0.0005003799240151969,3.9992001599680065e-08
179	1261875896	5000.0	0.001	0.0001065	0.804605	0.8148737052589482,0.1802116776644671,0.004892101579684063,2.2515496900619877e-05
196	778173203	5000.0	0.001	0.0001065	0.794271	0.6948161967606479,0.2732719056188762,0.031824715056988605,8.718256348730253e-05
198	4193524503	5000.0	0.001	0.0001065	-0.105131	0.9344856628674265,0.06047034593081384,0.005042231553689262,1.7596480703859228e-06
192	3149517566	5000.0	0.001	0.0001065	-0.462934	0.8503690061987602,0.14724527094581083,0.0023856828634273145,3.9992001599680065e-08
188	520002287	5000.0	0.001	0.0001065	0.348404	0.9431258948210358,0.056680943811237755,0.00019312137572485502,3.9992001599680065e-08
194	3640107787	5000.0	0.001	0.0001065	0.270624	0.9185273345330934,0.08070109978004399,0.0007713257348530293,2.399520095980804e-07
201	1715954460	5000.0	0.001	0.0001065	-0.279331	0.868178924215157,0.12817872425514898,0.0036355528894221156,6.798640271945611e-06
197	2422211350	5000.0	0.001	0.0001065	-0.009795	0.9172015596880624,0.08116800639872025,0.0016043191361727654,2.611477704459108e-05
202	2470882076	5000.0	0.001	0.0001065	0.079863	0.8689461707658468,0.1257384523095381,0.005013477304539092,0.000301499700059988,3.9992001599680065e-07
203	4257004318	5000.0	0.001	0.0001065	0.250833	0.8980653469306139,0.08579416116776645,0.016046670665866826,9.382123575284943e-05
204	940329755	5000.0	0.001	0.0001065	-0.105501	0.8939781643671266,0.10225122975404918,0.003698980203959208,7.10257948410318e-05,5.99880023995201e-07
205	1091566363	5000.0	0.001	0.0001065	-0.046476	0.8563718856228755,0.14270413917216557,0.000921495700859828,2.4795040991801638e-06
206	3927509794	5000.0	0.001	0.0001065	-0.258878	0.8789212157568487,0.11995440911817637,0.0011235752849430114,7.998400319936013e-07
208	1557373735	5000.0	0.001	0.0001065	-0.040434	0.9575210957808439,0.0414126374725055,0.0010657868426314737,4.799040191961608e-07
209	2195661621	5000.0	0.001	0.0001065	-0.159482	0.9160950209958009,0.07832097580483903,0.005464067186562688,0.00011993601279744051
207	553892646	5000.0	0.001	0.0001065	0.389230	0.7958033593281344,0.20119492101579683,0.0029955608878224353,6.15876824635073e-06
210	1653930805	5000.0	0.001	0.0001065	0.120381	0.964608798240352,0.03518324335132973,0.0002078384323135373,1.199760047990402e-07
213	2960501561	5000.0	0.001	0.0001065	-0.199613	0.9027921615676865,0.09398012397520496,0.003225394921015797,2.319536092781444e-06
214	3280427843	5000.0	0.001	0.0001065	-0.020956	0.95725274945011,0.04131729654069186,0.0013954409118176365,3.45130973805239e-05
199	2817999639	5000.0	0.001	0.0001065	-0.023797	0.9577654469106178,0.04123023395320936,0.0010036792641471707,6.39872025594881e-07
215	1460216643	5000.0	0.001	0.0001065	0.031210	0.8429439712057588,0.14881595680863827,0.008123375324935013,0.00011669666066786642
200	2066658075	5000.0	0.001	0.0001065	0.119035	0.9423690061987603,0.05656028794241152,0.0010701859628074386,5.198960207958409e-07
218	3775073128	5000.0	0.001	0.0001065	0.368698	0.8951585682863428,0.04243379324135173,0.062231353729254146,0.0001682863427314537,7.998400319936012e-06
216	1498086221	5000.0	0.001	0.0001065	-0.009461	0.9597044191161768,0.039385322935412914,0.0009089382123575285,1.319736052789442e-06
221	2181362543	5000.0	0.001	0.0001065	-0.129365	0.950655948810238,0.04825382923415317,0.0010711057788442312,1.911617676464707e-05
220	2422559598	5000.0	0.001	0.0001065	0.386873	0.5948633873225355,0.3527393321335733,0.051680303939212156,0.0007168966206758648,7.998400319936013e-08
212	4045689656	5000.0	0.001	0.0001065	-0.154924	0.8647638072385523,0.1329993601279744,0.0022217956408718256,1.5036992601479703e-05
211	3405220664	5000.0	0.001	0.0001065	0.047535	0.8829107378524295,0.11524835032993401,0.0018379124175164968,2.999400119976005e-06
217	1578685267	5000.0	0.001	0.0001065	0.179141	0.8797948810237952,0.11764651069786043,0.0025529294141171765,5.678864227154569e-06
224	346411894	5000.0	0.001	0.0001065	0.002588	0.9537838032393521,0.04588418316336733,0.0003319736052789442,3.9992001599680065e-08
222	3392805747	5000.0	0.001	0.0001065	-0.287864	0.8888864227154569,0.10819812037592481,0.0028365526894621076,7.890421915616876e-05
226	3376311172	5000.0	0.001	0.0001065	0.195443	0.9039230553889223,0.09380835832833433,0.002263387322535493,5.198960207958408e-06
228	2416444295	5000.0	0.001	0.0001065	-0.088877	0.8521512897420516,0.13955832833433313,0.008269746050789843,2.063587282543491e-05
227	1525627781	5000.0	0.001	0.0001065	0.040237	0.9160655868826235,0.08288570285942812,0.0010483503299340132,3.5992801439712056e-07
229	760611720	5000.0	0.001	0.0001065	0.010781	0.9149424915016997,0.08420327934413117,0.0008536292741451709,5.99880023995201e-07
225	3206404984	5000.0	0.001	0.0001065	-0.750384	0.8644908618276345,0.13204071185762847,0.003466626674665067,1.799640071985603e-06
223	2390793076	5000.0	0.001	0.0001065	1.057804	0.7982182363527295,0.1893865226954609,0.01236876624675065,2.6474705058988204e-05
232	4294552470	5000.0	0.001	0.0001065	-0.020095	0.8668395520895821,0.11493045390921816,0.018150289942011597,7.970405918816237e-05
219	2513884010	5000.0	0.001	0.0001065	0.070932	0.934908098380324,0.06444727054589082,0.0006445910817836432,3.9992001599680065e-08
230	2639827851	5000.0	0.001	0.0001065	-0.020058	0.9676319136172765,0.03204123175364927,0.0003216156768646271,5.238952209558089e-06
231	1352653707	5000.0	0.001	0.0001065	0.059965	0.965674425114977,0.029928494301139773,0.004396640671865627,4.399120175964807e-07
234	1716626330	5000.0	0.001	0.0001065	-0.179003	0.9356064387122576,0.062496580683863226,0.001894861027794441,2.1195760847830435e-06
236	3627205541	5000.0	0.001	0.0001065	0.040982	0.9356985402919417,0.06404859028194361,0.00025286942611477706
237	794719142	5000.0	0.001	0.0001065	-0.112454	0.9644411117776445,0.03526538692261548,0.0002934613077384523,3.9992001599680065e-08
233	1185192857	5000.0	0.001	0.0001065	0.081499	0.9658822635472906,0.034053229354129175,6.446710657868426e-05,3.9992001599680065e-08
246	3907324900	5000.0	0.001	0.0001065	-0.300318	0.9128237152569486,0.08167702459508099,0.005486062787442511,1.3197360527894422e-05
247	68113383	5000.0	0.001	0.0001065	-0.027213	0.9454597480503899,0.05351513697260548,0.0010154369126174766,9.678064387122576e-06
248	456070119	5000.0	0.001	0.0001065	0.566943	0.8995900419916016,0.09997776444711058,0.00043215356928614276,3.9992001599680065e-08
241	3305892796	5000.0	0.001	0.0001065	0.071461	0.9446222355528894,0.05280563887222556,0.002571045790841832,1.0797840431913617e-06
242	3736329152	5000.0	0.001	0.0001065	0.148155	0.9477967606478704,0.05134445110977805,0.0008584283143371326,3.5992801439712056e-07
245	1808780249	5000.0	0.001	0.0001065	-0.103188	0.9564414317136573,0.04177304539092182,0.0017848030393921217,7.198560287942411e-07
243	2687944	5000.0	0.001	0.0001065	-0.004643	0.9208749450109978,0.0775862827434513,0.0015383323335332933,4.399120175964807e-07
244	3118533589	5000.0	0.001	0.0001065	0.583556	0.8391560087982404,0.1457754049190162,0.014965486902619476,0.00010305938812237552,3.9992001599680065e-08
249	2612958195	5000.0	0.001	0.0001065	0.367990	0.9091742451509698,0.08049694061187762,0.010286542691461708,4.227154569086183e-05
238	1734558634	5000.0	0.001	0.0001065	-0.345564	0.8390840231953609,0.1573892021595681,0.0035249350129974003,1.839632073585283e-06
235	407649182	5000.0	0.001	0.0001065	0.048141	0.928626874625075,0.07037236552689462,0.0009954009198160367,5.358928214357128e-06
239	3853063083	5000.0	0.001	0.0001065	-0.006790	0.940279824035193,0.05694657068586283,0.0027729254149170164,6.798640271945611e-07
253	1803746302	5000.0	0.001	0.0001065	0.416373	0.8719240551889622,0.12575024995001,0.0023246950609878024,9.998000399920016e-07
254	2882167807	5000.0	0.001	0.0001065	0.162805	0.8739081783643271,0.12471105778844231,0.00138000399920016,7.598480303939212e-07
240	2763324348	5000.0	0.001	0.0001065	1.207988	0.7418977404519096,0.24338140371925615,0.014601639672065587,0.00011921615676864627
255	3503922180	5000.0	0.001	0.0001065	0.184916	0.8845747650469906,0.11074461107778444,0.004671705658868226,8.918216356728655e-06
257	3381238793	5000.0	0.001	0.0001065	0.028458	0.9741801239752049,0.02567234553089382,0.00014753049390121975
251	561433595	5000.0	0.001	0.0001065	0.266186	0.8791924415116976,0.10732809438112377,0.013313377324535093,0.0001660867826434713
258	1817439245	5000.0	0.001	0.0001065	-0.391647	0.9126300339932013,0.08196804639072186,0.005398080383923216,3.839232153569286e-06
250	3936525306	5000.0	0.001	0.0001065	0.079944	0.908252549490102,0.08901779644071185,0.0027118176364727053,1.779644071185763e-05,3.9992001599680065e-08
260	3491916828	5000.0	0.001	0.0001065	0.161618	0.9053902019596081,0.09294245150969806,0.0016347130573885222,3.263347330533893e-05
261	2636577821	5000.0	0.001	0.0001065	1.312177	0.7147166966606678,0.16550729854029195,0.11224083183363327,0.006895780843831234,0.0006390721855628874,3.199360127974405e-07
263	511329332	5000.0	0.001	0.0001065	0.474341	0.8571378524295141,0.1343637672465507,0.0084874225154969,1.0957808438312337e-05
262	2761088047	5000.0	0.001	0.0001065	-0.004429	0.9648269946010798,0.034338932213557286,0.0008340331933613277,3.9992001599680065e-08
259	1341676567	5000.0	0.001	0.0001065	-0.059789	0.9373445310937812,0.0599622075584883,0.002685582883423315,7.678464307138573e-06
265	2330141748	5000.0	0.001	0.0001065	-0.057466	0.9466833033393321,0.05295676864627075,0.000359128174365127,7.998400319936013e-07
256	1146024966	5000.0	0.001	0.0001065	-0.376855	0.830600799840032,0.16739460107978404,0.0019988002399520094,5.798840231953609e-06
264	706622517	5000.0	0.001	0.0001065	0.333693	0.7320759848030394,0.25872853429314135,0.0058861027794441115,0.003298260347930414,1.1117776444711057e-05
252	1256670204	5000.0	0.001	0.0001065	-1.021201	0.8334165966806638,0.1598736652669466,0.0067072185562887425,2.519496100779844e-06
267	1536545851	5000.0	0.001	0.0001065	0.111287	0.8735090581883623,0.12389202159568087,0.002598600279944011,3.199360127974405e-07
270	432495696	5000.0	0.001	0.0001065	-0.016097	0.9521196960607878,0.04492301539692062,0.0015442111577684463,0.0014125174965006998,5.598880223955209e-07
266	2262993977	5000.0	0.001	0.0001065	0.488378	0.7979646470705859,0.19763007398520296,0.004308538292341532,9.63007398520296e-05,4.399120175964807e-07
269	532603980	5000.0	0.001	0.0001065	0.206913	0.9257442911417716,0.07369166166766647,0.0005625274945010997,1.5196960607878424e-06
274	4074470508	5000.0	0.001	0.0001065	-0.103247	0.8147232953409318,0.1767496100779844,0.00852005598880224,7.038592281543691e-06
275	1514701939	5000.0	0.001	0.0001065	-0.105941	0.9619808838232353,0.03512245550889822,0.0028869426114777044,9.718056388722255e-06
272	237161568	5000.0	0.001	0.0001065	-0.705009	0.8570665466906618,0.1377881623675265,0.005066386722655469,7.890421915616876e-05
273	208036969	5000.0	0.001	0.0001065	-0.369423	0.7512547090581884,0.22722711457708458,0.020739492101579684,0.0007784843031393721,1.9996000799840033e-07
277	4260207736	5000.0	0.001	0.0001065	0.294929	0.898549450109978,0.10066942611477704,0.0005464107178564287,0.0002347130573885223
278	3714600057	5000.0	0.001	0.0001065	-0.272772	0.8839149370125975,0.11415728854229154,0.001922255548890222,5.518896220755849e-06
281	2945889409	5000.0	0.001	0.0001065	0.115270	0.9647262547490502,0.024411917616476705,0.010550409918016397,0.00031141771645670866
279	2988618875	5000.0	0.001	0.0001065	0.239399	0.9276450309938012,0.07190077984403119,0.0004541891621675665
268	722875466	5000.0	0.001	0.0001065	-0.391670	0.8855280143971206,0.10509386122775445,0.009357208558288343,2.0915816836632675e-05
284	3844261000	5000.0	0.001	0.0001065	-0.222865	0.9022761447710458,0.08906734653069386,0.008642671465706858,1.3837232553489301e-05
282	2204150916	5000.0	0.001	0.0001065	0.294325	0.9472143571285743,0.05071105778844231,0.002072985402919416,1.5996800639872026e-06
271	3065035871	5000.0	0.001	0.0001065	0.026328	0.9340265946810637,0.0655750049990002,0.00039832033593281344,7.998400319936013e-08
283	2622755974	5000.0	0.001	0.0001065	0.198512	0.9106611877624475,0.08570441911617677,0.0036337132573485303,6.798640271945611e-07
280	886295677	5000.0	0.001	0.0001065	0.125818	0.9081162567486503,0.09047354529094181,0.0014066386722655468,3.5592881423715255e-06
276	658738293	5000.0	0.001	0.0001065	0.227963	0.8480205558888222,0.14575932813437312,0.00621619676064787,3.919216156768646e-06
289	173651105	5000.0	0.001	0.0001065	-0.303483	0.8907396120775845,0.10621767646470706,0.002967606478704259,7.510497900419917e-05
292	3394333865	5000.0	0.001	0.0001065	0.064857	0.9243847630473905,0.0679867226554689,0.007620395920815837,8.118376324735054e-06
287	1009591446	5000.0	0.001	0.0001065	0.980347	0.7737300139972005,0.22020651869626076,0.0059500099980004,0.00011337732453509298,7.998400319936013e-08
290	2869871778	5000.0	0.001	0.0001065	0.550629	0.8543890421915616,0.13753313337332534,0.008062947410517897,1.4877024595080984e-05
285	2964118669	5000.0	0.001	0.0001065	-0.072737	0.8974567886422715,0.08275300939812037,0.019745090981803638,4.5110977804439116e-05
294	4223610029	5000.0	0.001	0.0001065	0.359338	0.8465109778044391,0.15023087382523495,0.003110377924415117,0.00014777044591081785
293	3759355050	5000.0	0.001	0.0001065	-0.097103	0.8962649070185963,0.09967630473905219,0.00399376124775045,6.502699460107978e-05
299	3983840440	5000.0	0.001	0.0001065	-0.093928	0.9630042391521696,0.03284059188162367,0.004146690661867626,8.478304339132174e-06
297	4276313269	5000.0	0.001	0.0001065	-0.178850	0.9213568486302739,0.07666058788242351,0.001982003599280144,5.598880223955209e-07
295	104203441	5000.0	0.001	0.0001065	0.607543	0.7863102179564088,0.19899756048790243,0.014549010197960408,0.0001432113577284543
300	1744798909	5000.0	0.001	0.0001065	0.168852	0.8949972405518897,0.10367058588282344,0.0013278144371125775,4.359128174365127e-06
286	3418012815	5000.0	0.001	0.0001065	0.262450	0.9029668866226754,0.08862959408118376,0.0068206358728254346,0.0015646070785842832,1.8276344731053788e-05
291	2466346153	5000.0	0.001	0.0001065	-0.098309	0.9107520095980803,0.08625194961007798,0.0029952009598080385,8.398320335932813e-07
296	2718256307	5000.0	0.001	0.0001065	0.193423	0.8979899620075985,0.10028046390721855,0.0014056388722255549,0.0003238952209558088,3.9992001599680065e-08
302	2097964229	5000.0	0.001	0.0001065	-0.266688	0.8725516496700659,0.12273409318136373,0.004706818636272745,7.438512297540492e-06
288	4545691	5000.0	0.001	0.0001065	-0.068600	0.8669425714857029,0.13071525694861028,0.0023395720855828835,2.599480103979204e-06
303	1576131782	5000.0	0.001	0.0001065	-0.138552	0.9623786842631473,0.036446790641871625,0.0011725654869026195,1.959608078384323e-06
307	396283107	5000.0	0.001	0.0001065	0.030750	0.8777570885822835,0.1055263347330534,0.016701699660067987,1.4877024595080984e-05
298	3275998389	5000.0	0.001	0.0001065	0.181481	0.8847594881023795,0.10809706058788242,0.00714125174965007,2.1995600879824035e-06
306	1295987930	5000.0	0.001	0.0001065	-0.049543	0.8186342331533694,0.1655131373725255,0.015809398120375923,4.3231353729254146e-05
308	428532966	5000.0	0.001	0.0001065	-0.040843	0.9027479304139172,0.09411493701259747,0.0031261747650469904,1.0957808438312337e-05
301	3578422464	5000.0	0.001	0.0001065	0.213383	0.8270870625874825,0.1676389522095581,0.005249590081983603,2.439512097580484e-05
310	761167081	5000.0	0.001	0.0001065	-0.150025	0.8578865426914617,0.13908490301939613,0.003027154569086183,1.3997200559888023e-06
311	1707511017	5000.0	0.001	0.0001065	0.059021	0.9599793641271746,0.039749650069986,0.0002709858028394321
314	153666811	5000.0	0.001	0.0001065	0.225209	0.924847350529894,0.07407010597880424,0.00108250349930014,3.9992001599680065e-08
304	829732040	5000.0	0.001	0.0001065	0.039231	0.9172035192961407,0.08102047590481903,0.0017555288942211558,2.0475904819036193e-05
317	1801524482	5000.0	0.001	0.0001065	0.165965	0.8653056988602279,0.12053361327734453,0.013965526894621076,0.00019504099180163968,1.199760047990402e-07
313	896417019	5000.0	0.001	0.0001065	0.375291	0.8120249550089982,0.16665050989802038,0.021299100179964007,2.543491301739652e-05
315	4020653309	5000.0	0.001	0.0001065	0.069615	0.9409890821835633,0.057819236152769446,0.0005857228554289142,0.0006059588082383523
319	1729987849	5000.0	0.001	0.0001065	0.705207	0.8768715056988602,0.09860407918416317,0.024272905418916215,0.00015048990201959608,0.00010101979604079184
318	1339725060	5000.0	0.001	0.0001065	0.206112	0.8170553089382123,0.1776882223555289,0.0052421115776844635,1.4357128574285143e-05
312	2276168952	5000.0	0.001	0.0001065	0.128939	0.7769092581483703,0.20057740451909617,0.022432713457308538,8.062387522495501e-05
309	3422825705	5000.0	0.001	0.0001065	0.229274	0.945005198960208,0.04995780843831234,0.0050321135772845435,4.879024195160968e-06
305	1760679116	5000.0	0.001	0.0001065	-0.296936	0.9208707058588282,0.07757772445510898,0.0015481703659268146,3.3993201359728056e-06
316	1086954747	5000.0	0.001	0.0001065	-0.179752	0.915343451309738,0.08376752649470107,0.0008885822835432913,4.399120175964807e-07
321	3836742928	5000.0	0.001	0.0001065	-0.602828	0.7948828634273145,0.19005314937012596,0.014192361527694462,0.000860627874425115,1.0997800439912018e-05
325	1555115295	5000.0	0.001	0.0001065	-0.307593	0.865644551089782,0.13179136172765446,0.0025604479104179164,3.639272145570886e-06
322	3877647637	5000.0	0.001	0.0001065	-0.312643	0.8546679864027195,0.14207942411517696,0.0032366726654669067,1.5916816636672664e-05
324	2258793757	5000.0	0.001	0.0001065	-0.243867	0.9108667866426715,0.08761491701659668,0.001517376524695061,9.198160367926415e-07
328	2601917734	5000.0	0.001	0.0001065	0.206082	0.8366705058988202,0.16025386922615478,0.0030713057388522297,4.319136172765447e-06
320	1982588171	5000.0	0.001	0.0001065	0.354709	0.9020354329134174,0.09735648870225955,0.0006079584083183363,1.199760047990402e-07
329	2939567420	5000.0	0.001	0.0001065	-0.099749	0.9441039792041591,0.05486570685862827,0.0010299940011997601,3.199360127974405e-07
327	1023579429	5000.0	0.001	0.0001065	0.007167	0.9565517296540692,0.04327630473905219,0.00017176564687062588,1.9996000799840033e-07
334	708934992	5000.0	0.001	0.0001065	0.020410	0.9318694661067787,0.06566738652269546,0.002463027394521096,1.199760047990402e-07
331	3714889029	5000.0	0.001	0.0001065	-0.225120	0.943004799040192,0.05655624875024995,0.0004379924015196961,9.598080383923216e-07
332	723660103	5000.0	0.001	0.0001065	0.464487	0.8682084383123375,0.12816520695860828,0.00357876424715057,4.7590481903619274e-05
336	930819413	5000.0	0.001	0.0001065	0.114779	0.9648583883223355,0.03302211557688462,0.00211877624475105,7.198560287942411e-07
338	1331459437	5000.0	0.001	0.0001065	-0.087738	0.9364521095780843,0.06280615876824636,0.0007416916616676665,3.9992001599680065e-08
323	3265979673	5000.0	0.001	0.0001065	0.342002	0.9077157768446311,0.08271453709258149,0.009561727654469106,7.958408318336332e-06
326	2898849055	5000.0	0.001	0.0001065	-0.304323	0.8759906818636273,0.11690649870025994,0.0070475104979004196,5.530893821235753e-05
333	3210450256	5000.0	0.001	0.0001065	0.046054	0.9478555488902219,0.0519753649270146,0.00016908618276344732
330	3181593924	5000.0	0.001	0.0001065	0.503674	0.8568456708658269,0.1385508098380324,0.004540211957608478,6.330733853229354e-05
343	3937035643	5000.0	0.001	0.0001065	0.197363	0.9373117776444712,0.05599652069586083,0.00668250349930014,9.198160367926415e-06
344	4206704005	5000.0	0.001	0.0001065	-0.138706	0.8338287542491502,0.1380482303539292,0.027514537092581483,0.0006077184563087382,7.598480303939212e-07
342	3688535417	5000.0	0.001	0.0001065	0.160178	0.872526574685063,0.1244512297540492,0.00300499900019996,1.7196560687862427e-05
335	1534444882	5000.0	0.001	0.0001065	-0.066886	0.9404047990401919,0.058225194961007795,0.0013136572685462906,5.630873825234953e-05,3.9992001599680065e-08
346	4235552135	5000.0	0.001	0.0001065	-0.245453	0.9154727054589082,0.08401071785642872,0.0005162567486502699,3.199360127974405e-07
340	2190474611	5000.0	0.001	0.0001065	-0.328143	0.8399236952609478,0.14629846030793842,0.010821035792841431,0.002956488702259548,3.199360127974405e-07
347	1119262088	5000.0	0.001	0.0001065	0.021840	0.9261794041191762,0.07305942811437713,0.0007426114777044591,1.855628874225155e-05
348	200234377	5000.0	0.001	0.0001065	-0.309702	0.8748454309138173,0.08094317136572686,0.043806638672265544,0.0004019596080783843,2.7994401119776045e-06
341	2261374326	5000.0	0.001	0.0001065	1.305117	0.701670025994801,0.26916820635872823,0.028011517696460708,0.0011328534293141373,1.739652069586083e-05
337	1663262058	5000.0	0.001	0.0001065	0.065930	0.9303837632473505,0.0663998800239952,0.003215756848630274,5.99880023995201e-07
350	2965740948	5000.0	0.001	0.0001065	-0.449844	0.8982453909218157,0.08151585682863427,0.020153529294141173,8.522295540891822e-05
349	2078698891	5000.0	0.001	0.0001065	-1.320518	0.7770357528494302,0.20816804639072187,0.014765686862627475,3.0513897220555888e-05
351	2103426457	5000.0	0.001	0.0001065	0.067723	0.9059017796440711,0.09231693661267747,0.0017795240951809638,1.7596480703859228e-06
339	3190934897	5000.0	0.001	0.0001065	-0.134228	0.9317042991401719,0.06730633873225354,0.0009859628074385123,3.3993201359728056e-06
352	1268008351	5000.0	0.001	0.0001065	-0.327597	0.8689754049190161,0.12557212557488504,0.005438512297540492,1.3957208558288343e-05
345	3949190533	5000.0	0.001	0.0001065	-0.060205	0.9701746450709858,0.028695580883823235,0.0011264147170565886,3.359328134373125e-06
357	3555489208	5000.0	0.001	0.0001065	0.208794	0.9208760647870425,0.07846482703459308,0.0006588282343531293,2.7994401119776043e-07
358	3777074620	5000.0	0.001	0.0001065	-0.416232	0.8865024595080984,0.11023279344131173,0.003263907218556289,8.398320335932813e-07
355	1902028195	5000.0	0.001	0.0001065	0.701691	0.8262737052589482,0.16784371125774844,0.005876504699060188,6.07878424315137e-06
359	181966272	5000.0	0.001	0.0001065	-0.012098	0.9161071385722855,0.07858220355928815,0.005214637072585483,9.598080383923216e-05,3.9992001599680065e-08
360	1061586369	5000.0	0.001	0.0001065	-0.272388	0.9356075184963007,0.06279272145570886,0.001599520095980804,2.399520095980804e-07
362	2924686791	5000.0	0.001	0.0001065	0.196348	0.9440538692261548,0.05153037392521496,0.004408318336332734,7.438512297540492e-06
354	4054711715	5000.0	0.001	0.0001065	-0.620295	0.8405436912617477,0.15558828234353128,0.0038596680663867226,8.358328334333133e-06
364	2266824139	5000.0	0.001	0.0001065	-0.250455	0.9088402719456109,0.08744351129774046,0.003699780043991202,1.6436712657468506e-05
361	246037956	5000.0	0.001	0.0001065	0.698192	0.730996400719856,0.26453397320535893,0.004462667466506699,6.958608278344331e-06
367	3173850580	5000.0	0.001	0.0001065	-0.119085	0.863383723255349,0.10371885622875425,0.032581923615276946,0.0003131773645270946,2.319536092781444e-06
368	2527305173	5000.0	0.001	0.0001065	0.144261	0.9061969206158769,0.09230913817236552,0.0014868626274745051,7.0785842831433715e-06
369	3708661210	5000.0	0.001	0.0001065	0.171664	0.8843566886622676,0.10124555088982204,0.014356528694261147,4.1231753649270146e-05
365	3814170060	5000.0	0.001	0.0001065	-0.547378	0.8082307938412318,0.18800827834433112,0.003758368326334733,2.559488102379524e-06
370	3747331549	5000.0	0.001	0.0001065	-0.041082	0.9509908818236352,0.04067118576284743,0.008279784043191362,5.8148370325934814e-05
353	3678928289	5000.0	0.001	0.0001065	-0.007450	0.9805031793641271,0.017782883423315337,0.0016149970005998801,9.894021195760847e-05
363	3388679624	5000.0	0.001	0.0001065	0.057095	0.9307541691661667,0.06812129574085182,0.0010993001399720057,2.523495300939812e-05
356	2373203382	5000.0	0.001	0.0001065	0.313897	0.8821596080783843,0.1158994601079784,0.0017621675664867026,0.00017876424715056988
371	456226272	5000.0	0.001	0.0001065	0.485012	0.8815900419916016,0.11654425114977005,0.0018652269546090782,4.799040191961608e-07
374	1885552129	5000.0	0.001	0.0001065	0.026419	0.9434003599280144,0.05624719056188762,0.000352249550089982,1.9996000799840033e-07
373	491064825	5000.0	0.001	0.0001065	0.367190	0.9323358528294341,0.06380955808838232,0.001354729054189162,0.002496740651869626,3.119376124775045e-06
376	3989550596	5000.0	0.001	0.0001065	-0.216757	0.9093673665266947,0.08716076784643072,0.0034657868426314735,6.07878424315137e-06
377	1568292357	5000.0	0.001	0.0001065	0.007971	0.9459546090781844,0.05275136972605479,0.0012929414117176564,1.0797840431913617e-06
375	2556947969	5000.0	0.001	0.0001065	0.276197	0.9432610277944411,0.056325894821035796,0.00041235752849430113,7.198560287942411e-07
378	731958791	5000.0	0.001	0.0001065	-0.060215	0.9228397520495901,0.07479408118376325,0.0023630873825234953,3.079384123175365e-06
381	1221645846	5000.0	0.001	0.0001065	0.034738	0.9477826034793041,0.05104067186562687,0.0011766446710657868,7.998400319936013e-08
384	3809306147	5000.0	0.001	0.0001065	-0.131786	0.9379071785642872,0.06164131173765247,0.0004515096980603879
382	3313858072	5000.0	0.001	0.0001065	-0.309801	0.9071628474305139,0.08289506098780244,0.009897980403919216,4.411117776444711e-05
372	232803810	5000.0	0.001	0.0001065	-0.291224	0.9077159368126375,0.08614605078984203,0.006099260147970406,3.875224955008998e-05
366	3704907215	5000.0	0.001	0.0001065	-0.100123	0.9534107578484303,0.046178444311137774,0.00041079784043191364
385	1974720036	5000.0	0.001	0.0001065	0.017940	0.9470648670265946,0.052357928414317134,0.00057624475104979,9.598080383923216e-07
379	4064824842	5000.0	0.001	0.0001065	0.027107	0.9495808838232354,0.05016392721455709,0.0002551889622075585
380	4242822670	5000.0	0.001	0.0001065	-0.095145	0.8459289342131574,0.15190165966806637,0.002168846230753849,5.598880223955209e-07
388	3612821032	5000.0	0.001	0.0001065	-0.001475	0.9728043591281743,0.026887942411517696,0.00030769846030793843
386	2150166052	5000.0	0.001	0.0001065	0.047332	0.9658069186162768,0.03406738652269546,0.00012569486102779445
383	3502800411	5000.0	0.001	0.0001065	-0.121781	0.9195014197160568,0.07450581883623275,0.005905938812237553,8.682263547290542e-05
390	2337105454	5000.0	0.001	0.0001065	-0.558859	0.7845021395720856,0.1935128174365127,0.009428954209158168,0.012469546090781844,8.654269146170766e-05
393	1426802248	5000.0	0.001	0.0001065	-0.001644	0.9168754649070185,0.07544779044191162,0.0076717056588682265,5.038992201559688e-06
396	1738501707	5000.0	0.001	0.0001065	0.267788	0.941365526894621,0.05745326934613077,0.0011790841831633672,2.1195760847830435e-06
394	215522889	5000.0	0.001	0.0001065	-0.136746	0.9333066186762647,0.05903119376124775,0.007631793641271745,3.039392121575685e-05
389	3286728234	5000.0	0.001	0.0001065	0.117394	0.8875545290941812,0.09364811037792442,0.018603119376124775,0.00019268146370725854,1.5596880623875224e-06
397	2535108173	5000.0	0.001	0.0001065	1.010407	0.6671140171965607,0.3043614877024595,0.028450389922015595,7.410517896420717e-05
399	2835562066	5000.0	0.001	0.0001065	0.241116	0.9431602479504099,0.05539520095980804,0.0014361527694461108,8.398320335932813e-06
404	1982492258	5000.0	0.001	0.0001065	-0.286964	0.9189243351329734,0.07156652669466107,0.009486502699460109,2.2635472905418915e-05
387	3395165736	5000.0	0.001	0.0001065	-0.475957	0.8544611477704459,0.14408546290741853,0.00143499300139972,1.839632073585283e-05
391	3463173689	5000.0	0.001	0.0001065	0.119173	0.9005686062787442,0.0969621675664867,0.0024690661867626477,1.5996800639872026e-07
395	3757049419	5000.0	0.001	0.0001065	-0.445065	0.8856951009798041,0.11345702859428114,0.0008475504899020196,3.199360127974405e-07
406	2719489642	5000.0	0.001	0.0001065	-0.115221	0.8471774445110978,0.14349098180363928,0.009275584883023396,5.450909818036393e-05,1.4797040591881624e-06
392	3055404605	5000.0	0.001	0.0001065	-0.339871	0.8494637472505498,0.1401372125574885,0.01034269146170766,5.634873025394921e-05
398	1777425999	5000.0	0.001	0.0001065	0.332431	0.8878812237552489,0.10850969806038792,0.0035799240151969604,2.9154169166166768e-05
401	3823887959	5000.0	0.001	0.0001065	0.287155	0.8325863627274545,0.14155696860627875,0.025708458308338334,0.00014773045390921815,4.799040191961608e-07
407	1313062511	5000.0	0.001	0.0001065	0.292180	0.8889762847430513,0.09323267346530693,0.01776888622275545,2.2155568886222757e-05
405	34555496	5000.0	0.001	0.0001065	-0.140689	0.9431837232553489,0.055092781443711256,0.001687382523495301,3.6112777444511095e-05
408	4215637616	5000.0	0.001	0.0001065	-0.069451	0.886417476504699,0.10968022395520896,0.003901899620075985,3.9992001599680065e-07
402	3902522968	5000.0	0.001	0.0001065	-0.014868	0.7722134373125374,0.22144063187362528,0.006341171765646871,4.759048190361927e-06
409	2814805616	5000.0	0.001	0.0001065	0.119447	0.909549450109978,0.09000367926414717,0.0004465106978604279,3.5992801439712056e-07
403	1787592280	5000.0	0.001	0.0001065	0.160292	0.9502451109778044,0.04825850829834033,0.0014929814037192562,3.3993201359728056e-06
400	3161232982	5000.0	0.001	0.0001065	0.793088	0.7910306338732254,0.1991374125174965,0.009777764447110577,5.4189162167566484e-05
411	1873116802	5000.0	0.001	0.0001065	0.253418	0.9448656668666267,0.0514879424115177,0.0036440711857628474,2.319536092781444e-06
413	4072822422	5000.0	0.001	0.0001065	0.208845	0.8599028594281144,0.1383359728054389,0.001668986202759448,9.218156368726255e-05
415	4161339041	5000.0	0.001	0.0001065	-0.415658	0.8946773445310938,0.10318276344731053,0.002048870225954809,9.102179564087183e-05
414	1475460762	5000.0	0.001	0.0001065	0.018436	0.9535144171165767,0.04164379124175165,0.004830273945210958,1.1517696460707858e-05
410	3462645378	5000.0	0.001	0.0001065	0.043599	0.9022016396720656,0.09600823835232954,0.0017849630073985203,5.158968206358728e-06
417	771110565	5000.0	0.001	0.0001065	0.049760	0.9264443111377725,0.07252205558888222,0.0010333933213357328,2.399520095980804e-07
420	3550936759	5000.0	0.001	0.0001065	0.083885	0.9660697460507899,0.03345602879424115,0.0004740651869626075,1.5996800639872026e-07
421	162684599	5000.0	0.001	0.0001065	-0.260324	0.8867722455508898,0.11164191161767646,0.0015845630873825235,1.279744051189762e-06
419	666279603	5000.0	0.001	0.0001065	-0.354598	0.847675824835033,0.1320983403319336,0.019669386122775447,0.0005564487102579485
425	2701268675	5000.0	0.001	0.0001065	-0.651301	0.8427758448310337,0.14896068786242753,0.008127214557088583,0.00013625274945010997
412	3143454347	5000.0	0.001	0.0001065	0.325879	0.8974818636272746,0.09860875824835033,0.0029320535892821435,0.0009767246550689862,5.99880023995201e-07
422	4152372921	5000.0	0.001	0.0001065	-0.000983	0.9596495100979804,0.03999692061587683,0.00035352929414117176,3.9992001599680065e-08
423	605822649	5000.0	0.001	0.0001065	0.097362	0.9382181963607279,0.060609438112377526,0.0010484703059388122,0.00012389522095580883
416	587011749	5000.0	0.001	0.0001065	-0.198654	0.9079565286942611,0.08904399120175965,0.0029972805438912217,2.1995600879824035e-06
427	4011144911	5000.0	0.001	0.0001065	0.381106	0.8967640071985603,0.07994105178964207,0.023223875224955007,7.106578684263147e-05
418	2780913319	5000.0	0.001	0.0001065	0.137168	0.8666886622675465,0.12947982403519295,0.00375496900619876,7.654469106178765e-05
430	4093085395	5000.0	0.001	0.0001065	0.108141	0.3139221355728854,0.6559549690061988,0.02854733053389322,0.0015750449910017996,5.198960207958409e-07
426	872855235	5000.0	0.001	0.0001065	0.862502	0.8817630073985203,0.11555476904619076,0.0026771845630873827,5.038992201559688e-06
432	1821707991	5000.0	0.001	0.0001065	-0.006129	0.9639988402319536,0.031742171565686865,0.004104219156168766,9.18616276744651e-05,6.286742651469706e-05,3.9992001599680065e-08
433	3791888088	5000.0	0.001	0.0001065	0.041955	0.9267486902619476,0.07240651869626075,0.0008436712657468507,1.1197760447910417e-06
431	229387990	5000.0	0.001	0.0001065	0.152231	0.87364575084983,0.12533817236552688,0.0010160767846430713
424	1629331136	5000.0	0.001	0.0001065	0.036012	0.9108120375924815,0.08877708458308338,0.000410877824435113
434	4216241889	5000.0	0.001	0.0001065	0.183899	0.9302400719856029,0.06933109378124375,0.00042779444111177764,1.0397920415916818e-06
428	3800186579	5000.0	0.001	0.0001065	0.185112	0.8866026394721056,0.11238100379924015,0.0009944011197760448,2.1955608878224355e-05
435	2695970529	5000.0	0.001	0.0001065	-0.020837	0.9366092781443711,0.05957276544691062,0.0033679264147170565,0.0004500299940011998
436	2843356900	5000.0	0.001	0.0001065	0.008164	0.933194201159768,0.06646138772245551,0.0003353329334133173,9.078184363127375e-06
438	2649890540	5000.0	0.001	0.0001065	-0.104505	0.9608044391121776,0.03879532093581284,0.0004002399520095981
442	2963656439	5000.0	0.001	0.0001065	0.055253	0.9456109978004399,0.05299752049590082,0.001387762447510498,3.719256148770246e-06
441	1408050929	5000.0	0.001	0.0001065	0.222216	0.885500699860028,0.11292097580483904,0.0015781643671265748,1.5996800639872026e-07
439	1550696173	5000.0	0.001	0.0001065	-0.606270	0.8321133373325335,0.16582267546490703,0.002063867226554689,1.199760047990402e-07
429	548896467	5000.0	0.001	0.0001065	-0.780670	0.8659168166366726,0.12091565686862628,0.013016516696660667,0.00015100979804039192
445	1404931854	5000.0	0.001	0.0001065	-0.165203	0.9338763847230553,0.06486942611477704,0.001253869226154769,3.199360127974405e-07
446	793845519	5000.0	0.001	0.0001065	-0.138208	0.960196200759848,0.0391754849030194,0.0006282343531293741,7.998400319936013e-08
437	3004006118	5000.0	0.001	0.0001065	0.029466	0.90479600079984,0.09170621875624875,0.0034959808038392323,1.799640071985603e-06
450	2172292890	5000.0	0.001	0.0001065	-0.023589	0.9012818636272746,0.09585738852229554,0.002852909418116377,7.838432313537292e-06
448	2996950806	5000.0	0.001	0.0001065	0.075895	0.911901099780044,0.08785850829834033,0.00024039192161567688
440	3478892271	5000.0	0.001	0.0001065	0.557041	0.7539266946610678,0.24342871425714857,0.002641151769646071,3.4393121375724856e-06
449	3062693655	5000.0	0.001	0.0001065	0.036424	0.9591199360127974,0.03934577084583083,0.00153125374925015,3.039392121575685e-06
443	2409797369	5000.0	0.001	0.0001065	-0.261331	0.9089754449110178,0.08394125174965007,0.0070417116576684665,4.159168166366727e-05
452	1714710301	5000.0	0.001	0.0001065	-0.153683	0.9341477304539092,0.06513109378124375,0.0007186962607478504,2.4795040991801638e-06
444	1212114699	5000.0	0.001	0.0001065	-0.309199	0.9007854429114177,0.09069378124375126,0.008513537292541491,7.238552289542091e-06
454	1757812513	5000.0	0.001	0.0001065	-1.156655	0.6838618676264747,0.2924162767446511,0.02340127974405119,0.0003205758848230354
455	2878465839	5000.0	0.001	0.0001065	0.119694	0.902199200159968,0.08418956208758248,0.010524095180963807,0.0030859428114377125,1.199760047990402e-06
457	2943559481	5000.0	0.001	0.0001065	-0.136013	0.8280137172565487,0.16537752449510099,0.006503659268146371,0.00010493901219756049,1.5996800639872026e-07
458	2220705595	5000.0	0.001	0.0001065	-1.030265	0.842388402319536,0.1513852029594081,0.006156688662267547,6.954609078184363e-05,1.5996800639872026e-07
447	3383815957	5000.0	0.001	0.0001065	0.045317	0.8403978404319136,0.1515270545890822,0.006124535092981403,0.0019412917416516697,9.278144371125775e-06
459	1103032131	5000.0	0.001	0.0001065	-0.358646	0.901273425314937,0.08998264347130575,0.008649350129974006,9.458108378324334e-05
462	3218415436	5000.0	0.001	0.0001065	0.620062	0.880836472705459,0.11786030793841232,0.0012897420515896822,1.3477304539092181e-05
456	1471921974	5000.0	0.001	0.0001065	0.332247	0.9040986202759448,0.0943997600479904,0.001501379724055189,2.399520095980804e-07
451	3759945499	5000.0	0.001	0.0001065	0.079118	0.8994906618676265,0.09867310537892421,0.0018175564887022596,1.867626474705059e-05
463	1835292493	5000.0	0.001	0.0001065	-0.012916	0.9396062787442512,0.06001135772845431,0.0003823635272945411
460	3399874373	5000.0	0.001	0.0001065	-0.022783	0.9292740651869627,0.06727738452309538,0.0034369126174765047,1.16376724655069e-05
464	2260938574	5000.0	0.001	0.0001065	0.132167	0.9594930213957209,0.03845074985003,0.002055748850229954,4.799040191961608e-07
461	3857839942	5000.0	0.001	0.0001065	0.251188	0.8731955608878225,0.12242927414517096,0.004372605478904219,2.559488102379524e-06
453	1914328862	5000.0	0.001	0.0001065	-0.077598	0.8475120575884822,0.1512375524895021,0.001249750049990002,6.39872025594881e-07
465	1603618652	5000.0	0.001	0.0001065	0.085052	0.9276505898820236,0.057047950409918016,0.014881623675264946,0.00041811637672465506,1.7196560687862428e-06
471	1172959115	5000.0	0.001	0.0001065	0.071435	0.9485439312137572,0.04990229954009198,0.0015528494301139772,9.198160367926415e-07
467	3165671275	5000.0	0.001	0.0001065	0.508373	0.8346687062587482,0.158877024595081,0.006329014197160568,0.00012525494901019797
469	3748790145	5000.0	0.001	0.0001065	0.618339	0.2900358328334333,0.655452349530094,0.03597244551089782,0.018508378324335134,3.099380123975205e-05
473	1096488846	5000.0	0.001	0.0001065	0.262992	0.9225212157568486,0.0764751449710058,0.0010035992801439712,3.9992001599680065e-08
466	574125929	5000.0	0.001	0.0001065	-0.185014	0.8875824035192962,0.10814697060587883,0.004238272345530894,3.235352929414117e-05
472	1362429836	5000.0	0.001	0.0001065	-0.071062	0.9072381523695261,0.08977968406318736,0.0029746850629874025,7.478504299140172e-06
474	4196980623	5000.0	0.001	0.0001065	-0.060124	0.8947142171565687,0.10444239152169565,0.0008430713857228554,3.199360127974405e-07
470	4289830786	5000.0	0.001	0.0001065	0.216695	0.8461118176364727,0.15079800039992003,0.002410637872425515,0.0006783043391321735,1.2397520495900819e-06
476	555773848	5000.0	0.001	0.0001065	0.086496	0.9557726454709058,0.043949530093981205,0.0002778244351129774
478	1531039656	5000.0	0.001	0.0001065	0.398090	0.8904081983603279,0.10905470905818836,0.00047898420315936813,5.810837832433513e-05
479	331212716	5000.0	0.001	0.0001065	-0.790466	0.8444389122175565,0.12812881423715258,0.024957048590281944,0.0024718256348730252,3.3993201359728056e-06
475	1130209172	5000.0	0.001	0.0001065	0.014059	0.9416723455308939,0.058050789842031596,0.00027686462707458506
483	4124145597	5000.0	0.001	0.0001065	0.043567	0.9473255348930214,0.03793017396520696,0.014687862427514497,5.642871425714857e-05
468	2159300460	5000.0	0.001	0.0001065	-0.239088	0.9391322135572886,0.06017704459108179,0.000690741851629674
485	1994033088	5000.0	0.001	0.0001065	-0.169514	0.8640268346330734,0.13271781643671265,0.003238832233553289,1.6516696660667867e-05
480	3819749295	5000.0	0.001	0.0001065	-0.213325	0.88190449910018,0.11575576884623075,0.002334773045390922,4.9590081983603276e-06
486	3686588356	5000.0	0.001	0.0001065	0.028487	0.892679024195161,0.10634217156568686,0.0009767646470705859,2.039592081583683e-06
477	3166807973	5000.0	0.001	0.0001065	0.245007	0.8190859828034394,0.17855380923815237,0.002339492101579684,2.0715856828634272e-05
489	455067603	5000.0	0.001	0.0001065	0.255272	0.8685187362527494,0.12566662667466508,0.005759288142371526,5.5348930213957205e-05
487	3571539908	5000.0	0.001	0.0001065	0.803485	0.8034071185762848,0.1754371125774845,0.020992801439712057,0.00016280743851229755,1.5996800639872026e-07
488	1595932616	5000.0	0.001	0.0001065	0.075191	0.8086968206358728,0.1875379324135173,0.003758528294341132,6.71865626874625e-06
492	1563361239	5000.0	0.001	0.0001065	0.347062	0.8367884823035393,0.16023319336132774,0.0029781643671265745,1.5996800639872026e-07
482	3593557937	5000.0	0.001	0.0001065	-0.048864	0.9097198960207958,0.0834113177364527,0.006846950609878024,2.1835632873425314e-05
481	2761574321	5000.0	0.001	0.0001065	0.137469	0.8091491301739652,0.1817240951809638,0.008886542691461708,0.00024019196160767847,3.9992001599680065e-08
491	3150786518	5000.0	0.001	0.0001065	0.188842	0.8330665066986602,0.15822895420915817,0.00870249950009998,2.039592081583683e-06
495	1484066786	5000.0	0.001	0.0001065	-0.131339	0.9436852629474105,0.048378124375124974,0.007917296540691862,1.9316136772645472e-05
494	3335210973	5000.0	0.001	0.0001065	0.045338	0.9294585882823435,0.06654421115776844,0.003876024795040992,0.00012117576484703059
496	2384310244	5000.0	0.001	0.0001065	0.258935	0.8779150569886023,0.11956904619076185,0.0025153369326134773,5.598880223955209e-07
484	1050490815	5000.0	0.001	0.0001065	0.691330	0.7992080383923216,0.1975127774445111,0.003276504699060188,2.679464107178564e-06
490	454019029	5000.0	0.001	0.0001065	0.674459	0.8775515696860627,0.09412969406118776,0.02828414317136573,3.4553089382123576e-05,3.9992001599680065e-08
497	1858793446	5000.0	0.001	0.0001065	0.286182	0.9283684063187363,0.07098020395920816,0.0006513097380523895,7.998400319936013e-08
498	1748441074	5000.0	0.001	0.0001065	-0.292117	0.9032203959208158,0.08707346530693862,0.009366526694661068,0.00033953209358128376,7.998400319936013e-08
493	497594330	5000.0	0.001	0.0001065	0.055429	0.8875964407118576,0.10931101779644072,0.003091501699660068,1.0397920415916818e-06
499	3185502202	5000.0	0.001	0.0001065	-0.705049	0.8412937812437512,0.14651841631673665,0.01210369926014797,8.410317936412718e-05
