sim_id	seed	popsize	selcoef	mutrate	velocity	profile
1	372553740	5000.0	0.001	7.85e-05	0.102960	0.9554428314337132,0.04073897220555889,0.003815716856628674,2.4795040991801638e-06
6	3207847971	5000.0	0.001	7.85e-05	0.581918	0.9312518296340732,0.06802575484903019,0.00010581883623275345,0.0006163567286542692,2.399520095980804e-07
8	3002265647	5000.0	0.001	7.85e-05	0.075741	0.9547581683663268,0.04517232553489302,6.922615476904619e-05,2.7994401119776043e-07
10	943556661	5000.0	0.001	7.85e-05	-0.104361	0.9424156768646271,0.05700615876824635,0.0005760847830433913,2.0795840831833635e-06
12	1140228153	5000.0	0.001	7.85e-05	0.157002	0.9307574085182964,0.06894493101379724,0.00029762047590481904,3.9992001599680065e-08
2	700080142	5000.0	0.001	7.85e-05	0.061158	0.9474190361927615,0.051895860827834435,0.0006848230353929214,2.7994401119776043e-07
0	1716539402	5000.0	0.001	7.85e-05	0.354919	0.8859687262547491,0.10909542091581684,0.0049349330133973204,9.198160367926415e-07
16	1386076236	5000.0	0.001	7.85e-05	0.420309	0.918722575484903,0.08094333133373326,0.00033405318936212755,3.9992001599680065e-08
11	3123892281	5000.0	0.001	7.85e-05	0.029881	0.9570080383923215,0.04291597680463907,7.598480303939213e-05
7	887099435	5000.0	0.001	7.85e-05	0.193364	0.8550046390721856,0.1354124375124975,0.009563927214557089,1.8996200759848032e-05
3	499468304	5000.0	0.001	7.85e-05	-0.045331	0.965716776644671,0.03325646870625875,0.0010266746650669865,7.998400319936013e-08
19	610033753	5000.0	0.001	7.85e-05	0.301923	0.9147694061187762,0.0831876024795041,0.0020418316336732654,1.159768046390722e-06
18	2828972121	5000.0	0.001	7.85e-05	1.712702	0.7298193961207758,0.2664241551689662,0.003753129374125175,3.319336132773445e-06
5	833194007	5000.0	0.001	7.85e-05	-0.102615	0.784325174965007,0.20859960007998402,0.006972925414917017,0.0001022995400919816
9	2902347824	5000.0	0.001	7.85e-05	-0.737007	0.8710443511297741,0.12623379324135173,0.002720415916816637,1.4397120575884822e-06
17	1913948244	5000.0	0.001	7.85e-05	-0.166243	0.9422313537292542,0.056759448110377926,0.0010089582083583283,2.399520095980804e-07
15	2903867468	5000.0	0.001	7.85e-05	-0.416487	0.9237976804639072,0.0758759048190362,0.00032641471705658866
14	619395140	5000.0	0.001	7.85e-05	-0.273478	0.8392588282343532,0.15192809438112378,0.008805758848230354,7.318536292741451e-06
4	1436932113	5000.0	0.001	7.85e-05	0.054119	0.9583842031593681,0.041227074585082985,0.00038872225554889025
13	1860655170	5000.0	0.001	7.85e-05	-0.339688	0.8971420115976805,0.10157916416716657,0.0012781843631273744,6.39872025594881e-07
34	4161902741	5000.0	0.001	7.85e-05	-0.600805	0.8976799440111978,0.08663415316936612,0.01563139372125575,5.450909818036393e-05
24	2626392172	5000.0	0.001	7.85e-05	-0.371885	0.8979132173565287,0.09961615676864627,0.0024286342731453707,4.1991601679664064e-05
20	2510174303	5000.0	0.001	7.85e-05	-1.056849	0.8733323335332933,0.10131177764447111,0.02129518096380724,0.0040600279944011195,6.798640271945611e-07
33	3421288596	5000.0	0.001	7.85e-05	-0.048265	0.9259756848630274,0.07314201159768047,0.0008817836432713457,5.198960207958409e-07
22	3822616680	5000.0	0.001	7.85e-05	0.197600	0.9299789642071585,0.05325506898620276,0.013747930413917217,0.0030159568086382724,2.0795840831833635e-06
21	752474212	5000.0	0.001	7.85e-05	0.067016	0.9450038392321536,0.04927266546690662,0.005721895620875825,1.5996800639872026e-06
35	2014869656	5000.0	0.001	7.85e-05	-0.859762	0.898000399920016,0.09931329734053189,0.002684263147370526,2.039592081583683e-06
23	3585458280	5000.0	0.001	7.85e-05	0.316114	0.9304595880823835,0.06705662867426515,0.002481023795240952,2.7594481103779245e-06
29	3475140752	5000.0	0.001	7.85e-05	-0.216590	0.9053441311737652,0.09321995600879825,0.0014359128174365127
31	742150290	5000.0	0.001	7.85e-05	-0.093367	0.9514819436112777,0.04826730653869226,0.0002493901219756049,1.3597280543891223e-06
32	2260537489	5000.0	0.001	7.85e-05	0.105465	0.9689116976604679,0.028336532693461307,0.002751129774045191,6.39872025594881e-07
25	2895732847	5000.0	0.001	7.85e-05	0.493294	0.876095700859828,0.12286510697860428,0.0010370725854829035,2.1195760847830435e-06
26	143175797	5000.0	0.001	7.85e-05	0.041439	0.9777434113177365,0.022222795440911818,3.379324135172965e-05
28	4188088450	5000.0	0.001	7.85e-05	-0.980115	0.8399967206558688,0.1585251349730054,0.00147750449910018,6.39872025594881e-07
27	3738939516	5000.0	0.001	7.85e-05	0.151151	0.9611286542691462,0.03582927414517097,0.00304127174565087,7.998400319936013e-07
36	2230079644	5000.0	0.001	7.85e-05	-0.132186	0.8254357928414318,0.17338864227154568,0.0011750449910017996,5.198960207958409e-07
30	2607171729	5000.0	0.001	7.85e-05	0.657617	0.9139952409518096,0.08542055588882223,0.000584003199360128,1.9996000799840033e-07
37	1295247521	5000.0	0.001	7.85e-05	-0.053076	0.9374528694261148,0.05568154369126175,0.005346570685862828,0.0015176564687062587,1.3597280543891223e-06
38	2064134310	5000.0	0.001	7.85e-05	0.171597	0.9193225354929014,0.07837816436712658,0.002295620875824835,3.679264147170566e-06
39	3640805542	5000.0	0.001	7.85e-05	0.158916	0.9301899620075985,0.06901787642471506,0.0007900419916016797,2.1195760847830435e-06
43	350804151	5000.0	0.001	7.85e-05	0.001724	0.9718727454509098,0.027932933413317335,0.00019432113577284543
40	1933674665	5000.0	0.001	7.85e-05	-0.766117	0.8426044391121775,0.15584687062587482,0.0015484103179364127,2.7994401119776043e-07
41	4134799529	5000.0	0.001	7.85e-05	0.034234	0.9578045590881824,0.042105778844231154,8.96620675864827e-05
42	778322101	5000.0	0.001	7.85e-05	0.004575	0.9760429914017197,0.023883223355328935,7.374525094981004e-05,3.9992001599680065e-08
45	250595529	5000.0	0.001	7.85e-05	0.187130	0.9619252549490102,0.03646134773045391,0.0016131973605278945,1.9996000799840033e-07
46	2092730570	5000.0	0.001	7.85e-05	-0.042470	0.9580929814037192,0.041614197160567884,0.0002928214357128574
51	886175960	5000.0	0.001	7.85e-05	-0.196166	0.9699522895420916,0.029346730653869228,0.0007009398120375925,3.9992001599680065e-08
48	4256405712	5000.0	0.001	7.85e-05	-1.231370	0.7990587882423515,0.12547090581883624,0.0751622875424915,0.0003077784443111378,2.399520095980804e-07
50	933992662	5000.0	0.001	7.85e-05	0.270954	0.9021001399720056,0.09698580283943212,0.0009135772845430914,4.799040191961608e-07
47	2103609547	5000.0	0.001	7.85e-05	0.502768	0.6997396520695861,0.2850532693461308,0.015201359728054389,5.718856228754249e-06
54	2752741608	5000.0	0.001	7.85e-05	-0.077661	0.9369891221755648,0.06292857428514297,8.230353929214157e-05
44	3675513024	5000.0	0.001	7.85e-05	-0.746751	0.901035072985403,0.09601999600079984,0.002944731053789242,1.9996000799840033e-07
53	2483441889	5000.0	0.001	7.85e-05	-0.266016	0.953812477504499,0.045459628074385125,0.0007278544291141771,3.9992001599680065e-08
49	2802182355	5000.0	0.001	7.85e-05	-0.129034	0.910228274345131,0.08836884623075385,0.0014000399920015996,2.8394321135772845e-06
52	2035349728	5000.0	0.001	7.85e-05	-0.115939	0.9518546290741852,0.047130413917216556,0.0010128374325134974,2.1195760847830435e-06
55	2626812137	5000.0	0.001	7.85e-05	0.202152	0.9195390521895621,0.08018612277544492,0.0002748250349930014
57	3999795442	5000.0	0.001	7.85e-05	-0.208981	0.9675987202559488,0.028359928014397122,0.004017076584683064,2.42751449710058e-05
56	1748127982	5000.0	0.001	7.85e-05	-0.492534	0.882775524895021,0.10814649070185962,0.009072065586882623,5.91881623675265e-06
59	3818100995	5000.0	0.001	7.85e-05	0.104354	0.9509887222555489,0.04862399520095981,0.00038724255148970204,3.9992001599680065e-08
58	1037592831	5000.0	0.001	7.85e-05	-0.024407	0.9818175964807039,0.018161487702459508,2.0915816836632675e-05
62	2823426321	5000.0	0.001	7.85e-05	-0.053103	0.9668829834033194,0.03300371925614877,0.00011329734053189363
60	977897734	5000.0	0.001	7.85e-05	-0.132123	0.8212899820035993,0.17416580683863228,0.004303299340131974,0.00024087182563487303,3.9992001599680065e-08
64	295000340	5000.0	0.001	7.85e-05	-0.152375	0.9618807838432314,0.032777884423115376,0.005326654669066187,1.4677064587082583e-05
63	3753019665	5000.0	0.001	7.85e-05	-0.225255	0.8223358128374325,0.17695856828634274,0.0007048190361927614,7.998400319936013e-07
61	1020002572	5000.0	0.001	7.85e-05	-1.657052	0.7047156968606278,0.28014333133373326,0.015134453109378124,6.518696260747851e-06
67	1505397029	5000.0	0.001	7.85e-05	-0.238422	0.875098900219956,0.12360503899220156,0.0012959808038392321,7.998400319936013e-08
65	3621155096	5000.0	0.001	7.85e-05	0.086186	0.9483645270945811,0.051574925014997,6.054789042191562e-05
72	3305955645	5000.0	0.001	7.85e-05	0.053454	0.9627598880223955,0.03706674665066986,0.00017308538292341532,2.7994401119776043e-07
69	109455660	5000.0	0.001	7.85e-05	0.181514	0.9172190361927615,0.08252985402919416,0.00025110977804439113
71	3909812540	5000.0	0.001	7.85e-05	-0.117768	0.931654349130174,0.06484195160967807,0.0034920615876824633,1.16376724655069e-05
70	1273092396	5000.0	0.001	7.85e-05	0.258074	0.9181818436312738,0.07942879424115178,0.002389282143571286,7.998400319936013e-08
74	1014716741	5000.0	0.001	7.85e-05	2.232111	0.7005254949010198,0.2869614077184563,0.012490781843631274,2.2315536892621475e-05
68	2779851049	5000.0	0.001	7.85e-05	0.105056	0.8329132173565287,0.16082283543291342,0.006254469106178764,9.478104379124176e-06
66	2436815140	5000.0	0.001	7.85e-05	0.081923	0.9584522295540892,0.038414117176564684,0.003129014197160568,4.639072185562888e-06
73	2948553026	5000.0	0.001	7.85e-05	-2.058528	0.6624991801639672,0.32006714657068586,0.017384723055388924,4.89502099580084e-05
75	2200404296	5000.0	0.001	7.85e-05	-0.337112	0.8542234353129374,0.14244283143371325,0.003290621875624875,4.311137772445511e-05
76	1878505804	5000.0	0.001	7.85e-05	0.632516	0.8657350129974005,0.1212490301939612,0.012951929614077184,6.402719456108778e-05
77	1679096143	5000.0	0.001	7.85e-05	0.215033	0.9632641871625675,0.03608170365926815,0.0006528694261147771,1.2397520495900819e-06
78	2388281680	5000.0	0.001	7.85e-05	-0.138863	0.9655933213357328,0.034312857428514296,9.374125174965007e-05,7.998400319936013e-08
79	3900942674	5000.0	0.001	7.85e-05	-0.000723	0.9730991801639672,0.026688942211557688,0.00021187762447510497
80	2766309715	5000.0	0.001	7.85e-05	0.376709	0.8381472905418916,0.160123375324935,0.001729254149170166,7.998400319936013e-08
81	4235428184	5000.0	0.001	7.85e-05	-0.553935	0.8855258548290342,0.11378568286342731,0.0006783443311337733,1.0117976404719055e-05
90	1741891967	5000.0	0.001	7.85e-05	-0.050458	0.9656725454909019,0.03295288942211558,0.001374485102979404,7.998400319936013e-08
89	2872226173	5000.0	0.001	7.85e-05	-0.736978	0.8685363327334533,0.1264023195360928,0.005060227954409118,1.1197760447910417e-06
86	4142559582	5000.0	0.001	7.85e-05	-0.005771	0.9524005598880224,0.04683459308138372,0.0002676664667066587,0.0004958208358328334,1.3597280543891223e-06
94	176322967	5000.0	0.001	7.85e-05	-0.101400	0.9750935812837432,0.024805478904219157,9.814037192561488e-05,2.7994401119776045e-06
91	1331460482	5000.0	0.001	7.85e-05	-0.112639	0.9513927614477105,0.04821763647270546,0.0003895620875824835,3.9992001599680065e-08
87	3271197029	5000.0	0.001	7.85e-05	-0.145029	0.9437595680863827,0.055669666066786645,0.0005699660067986403,7.998400319936013e-07
85	610910556	5000.0	0.001	7.85e-05	0.289898	0.8662023195360928,0.12726838632273546,0.006359768046390722,0.0001695260947810438
82	2248585562	5000.0	0.001	7.85e-05	-0.019542	0.9089030193961207,0.0888,0.002206158768246351,9.082183563287342e-05
93	3048432013	5000.0	0.001	7.85e-05	0.375222	0.9230744251149771,0.07040235952809439,0.006430193961207758,9.302139572085583e-05
88	410210674	5000.0	0.001	7.85e-05	0.170618	0.9489949210157969,0.04795488902219556,0.003040111977604479,1.0077984403119377e-05
92	3122225544	5000.0	0.001	7.85e-05	1.332855	0.812860547890422,0.179825074985003,0.0072962207558488305,1.815636872625475e-05
83	3149087068	5000.0	0.001	7.85e-05	0.349100	0.9305694461107779,0.0689635672865427,0.00046698660267946413
95	2930596247	5000.0	0.001	7.85e-05	0.145448	0.9415097380523896,0.05597256548690262,0.0025105378924215158,7.1585682863427314e-06
84	3828779357	5000.0	0.001	7.85e-05	-0.219402	0.8961690861827635,0.0914625074985003,0.012340331933613276,2.8074385122975403e-05
96	3680029084	5000.0	0.001	7.85e-05	-0.276045	0.9498110777844431,0.044408358328334334,0.005779804039192161,7.598480303939212e-07
98	728807839	5000.0	0.001	7.85e-05	-0.576621	0.9223971205758849,0.07636612677464508,0.0012345130973805238,2.2395520895820834e-06
97	2781043101	5000.0	0.001	7.85e-05	-0.013807	0.9681198960207958,0.030925694861027794,0.0009544091181763648
99	3355197855	5000.0	0.001	7.85e-05	0.113574	0.849870625874825,0.1480627874425115,0.0020624275144971007,4.159168166366727e-06
100	1399843237	5000.0	0.001	7.85e-05	-0.022050	0.6903630473905219,0.29803499300139974,0.011591081783643271,1.0877824435112978e-05
102	103219624	5000.0	0.001	7.85e-05	0.631600	0.9139749650069986,0.07977928414317137,0.006244271145770846,1.4797040591881624e-06
101	3008956838	5000.0	0.001	7.85e-05	-0.002114	0.8864273145370926,0.1098248350329934,0.00374749050189962,3.5992801439712056e-07
109	1351293383	5000.0	0.001	7.85e-05	-0.281309	0.8863989602079584,0.11304371125774845,0.0005573285342931414
106	846492093	5000.0	0.001	7.85e-05	-0.028655	0.9547765646870626,0.04480623875224955,0.00041715656868626276,3.9992001599680065e-08
107	429072831	5000.0	0.001	7.85e-05	0.143131	0.9562972605478904,0.04353505298940212,0.0001676864627074585
104	1375351217	5000.0	0.001	7.85e-05	0.202941	0.8992827034593082,0.0995250549890022,0.0011921615676864627,7.998400319936013e-08
103	3218946479	5000.0	0.001	7.85e-05	0.061197	0.9668389122175565,0.032887222555488906,0.00027250549890021994,1.3597280543891223e-06
105	2460369340	5000.0	0.001	7.85e-05	-0.148671	0.8511996800639872,0.09640475904819036,0.051300939812037594,0.0010919416116776644,2.679464107178564e-06
110	645081545	5000.0	0.001	7.85e-05	0.803187	0.8925429314137172,0.1043882023595281,0.0030617876424715055,7.0785842831433715e-06
114	638501346	5000.0	0.001	7.85e-05	-0.241151	0.9579684463107379,0.041844871025794844,0.00018668266346730654
113	2890869214	5000.0	0.001	7.85e-05	-0.421684	0.9202656668666267,0.07446014797040591,0.005273585282943412,5.99880023995201e-07
115	123869667	5000.0	0.001	7.85e-05	0.184370	0.9148975404919016,0.08196656668666266,0.003071625674865027,6.426714657068586e-05
112	2484079062	5000.0	0.001	7.85e-05	-0.239936	0.9458047190561888,0.05390573885222955,0.000289502099580084,3.9992001599680065e-08
108	752175558	5000.0	0.001	7.85e-05	-0.053078	0.9728421115776844,0.027126054789042193,3.183363327334533e-05
111	3619103186	5000.0	0.001	7.85e-05	-0.036868	0.9142868226354729,0.07986686662667467,0.005833833233353329,1.247750449910018e-05
116	3875197417	5000.0	0.001	7.85e-05	0.122877	0.958099300139972,0.041709178164367124,0.00019148170365926813,3.9992001599680065e-08
117	2473990633	5000.0	0.001	7.85e-05	0.102064	0.8679212157568487,0.12826838632273546,0.003810077984403119,3.199360127974405e-07
118	1331079662	5000.0	0.001	7.85e-05	-0.142003	0.9114009198160368,0.07632161567686463,0.012265666866626675,1.1797640471905619e-05
119	3727712751	5000.0	0.001	7.85e-05	0.019789	0.9741154569086182,0.025812877424515098,7.146570685862828e-05,1.9996000799840033e-07
120	1088758256	5000.0	0.001	7.85e-05	0.028736	0.9680737052589482,0.03188862227554489,3.767246550689862e-05
121	1926660592	5000.0	0.001	7.85e-05	-0.064351	0.9738815036992602,0.02609242151569686,2.6074785042991403e-05
122	1580612089	5000.0	0.001	7.85e-05	-0.046188	0.9770066386722656,0.022928014397120576,6.534693061387723e-05
125	203856395	5000.0	0.001	7.85e-05	-0.103880	0.9306777444511097,0.06855336932613477,0.0007683263347330534,5.598880223955209e-07
123	1244719617	5000.0	0.001	7.85e-05	-0.005222	0.954833273345331,0.04448474305138972,0.0006812637472505499,7.198560287942411e-07
126	1290512911	5000.0	0.001	7.85e-05	0.633626	0.9017500099980004,0.08978444311137772,0.008456748650269946,8.798240351929614e-06
131	3480173094	5000.0	0.001	7.85e-05	-0.391353	0.8712294741051789,0.11733077384523095,0.0065059388122375526,0.004931573685262948,2.2395520895820834e-06
130	1583751706	5000.0	0.001	7.85e-05	-0.016000	0.9646505098980204,0.03468394321135773,0.0006651869626074785,3.5992801439712056e-07
127	2140693009	5000.0	0.001	7.85e-05	-0.030366	0.9303099780043991,0.047467826434713055,0.02202239552089582,0.0001998000399920016
124	3188511241	5000.0	0.001	7.85e-05	-0.465298	0.9166570685862827,0.0815617676464707,0.0017658068386322736,1.5356928614277145e-05
129	203645458	5000.0	0.001	7.85e-05	-0.155075	0.9492488702259548,0.05064127174565087,0.00010985802839432113
128	3321606673	5000.0	0.001	7.85e-05	-0.234978	0.8600831433713257,0.13848030393921215,0.0014276744651069786,8.878224355128975e-06
135	2297125449	5000.0	0.001	7.85e-05	0.333823	0.907009198160368,0.08780195960807838,0.0051874825034993,1.3597280543891223e-06
133	766499370	5000.0	0.001	7.85e-05	-0.187335	0.8988351129774045,0.09729254149170166,0.0038702259548090384,2.1195760847830435e-06
134	3960971846	5000.0	0.001	7.85e-05	0.135769	0.9497215356928614,0.0501370925814837,0.00013645270945810838,4.919016196760648e-06
132	3057148455	5000.0	0.001	7.85e-05	-0.098360	0.9517424115176965,0.04799236152769446,0.00026522695460907817
136	1131268682	5000.0	0.001	7.85e-05	0.179224	0.7950639472105578,0.16730441911617677,0.03734573085382924,0.0002797040591881624,6.19876024795041e-06
137	2872879693	5000.0	0.001	7.85e-05	0.169782	0.9336745450909818,0.06611665666866627,0.00020875824835032993,3.9992001599680065e-08
138	2429301331	5000.0	0.001	7.85e-05	0.184071	0.9510396720655869,0.04653197360527894,0.002425994801039792,2.359528094381124e-06
139	3415829078	5000.0	0.001	7.85e-05	0.072236	0.946236872625475,0.05030545890821836,0.0034456708658268348,1.199760047990402e-05
140	3836850775	5000.0	0.001	7.85e-05	0.276445	0.870226474705059,0.12756464707058587,0.0022082783443311336,5.99880023995201e-07
141	4051948119	5000.0	0.001	7.85e-05	0.368079	0.9446000399920016,0.053925614877024595,0.0014677464507098581,6.598680263947211e-06
142	922358364	5000.0	0.001	7.85e-05	-0.087632	0.9390971805638872,0.060348650269946014,0.0005541691661667666
144	617462368	5000.0	0.001	7.85e-05	0.080875	0.9267393321335733,0.0711632073585283,0.002093021395720856,4.439112177564487e-06
143	452444767	5000.0	0.001	7.85e-05	-0.844594	0.8783986402719456,0.12086902619476105,0.0007323335332933413
145	2513812065	5000.0	0.001	7.85e-05	-0.043663	0.9750491101779644,0.024900939812037594,4.99500099980004e-05
147	2125873760	5000.0	0.001	7.85e-05	0.209525	0.9538429914017197,0.04604867026594681,0.0001083383323335333
146	2921288290	5000.0	0.001	7.85e-05	-0.345910	0.8220717456508698,0.17540299940011997,0.0025252149570085983,3.9992001599680065e-08
149	385309289	5000.0	0.001	7.85e-05	0.225184	0.9700085982803439,0.02846998600279944,0.0015212157568486302,1.9996000799840033e-07
151	3099660923	5000.0	0.001	7.85e-05	0.787477	0.8261971205758848,0.16560451909618076,0.00805498900219956,0.00014337132573485304
150	1392888432	5000.0	0.001	7.85e-05	-0.005996	0.9387018596280744,0.05990897820435913,0.0013885222955408918,6.39872025594881e-07
148	2886756965	5000.0	0.001	7.85e-05	0.005435	0.9059729654069186,0.09328074385122975,0.0007462907418516296
156	3093420685	5000.0	0.001	7.85e-05	-0.162637	0.9311073385322935,0.06804791041791641,0.000844751049790042
152	3364409979	5000.0	0.001	7.85e-05	0.605459	0.8309808838232353,0.1570012797440512,0.011718576284743052,0.0002992601479704059
155	1623460482	5000.0	0.001	7.85e-05	0.047637	0.9275106578684263,0.0720861027794441,0.00040311937612477506,1.199760047990402e-07
153	4162411134	5000.0	0.001	7.85e-05	1.592741	0.8076173565286943,0.19064215156968606,0.0017396920615876824,7.998400319936013e-07
157	119513746	5000.0	0.001	7.85e-05	0.186838	0.9238230353929214,0.07150217956408718,0.0046708658268346335,3.919216156768646e-06
154	3086070398	5000.0	0.001	7.85e-05	0.045288	0.9740333133373326,0.024744451109778045,0.001213877224555089,8.358328334333133e-06
158	3791180438	5000.0	0.001	7.85e-05	-0.807909	0.865758848230354,0.12826586682663468,0.005972725454909018,2.559488102379524e-06
159	1884482200	5000.0	0.001	7.85e-05	0.431582	0.9073540091981603,0.09114105178964207,0.0015029794041191763,1.959608078384323e-06
160	354820769	5000.0	0.001	7.85e-05	0.008642	0.9829538492301539,0.016953929214157167,9.222155568886223e-05
161	3780455076	5000.0	0.001	7.85e-05	0.049485	0.937503899220156,0.062303139372125574,0.00019292141571685664,3.9992001599680065e-08
163	3323380405	5000.0	0.001	7.85e-05	0.351267	0.9173787642471506,0.07929170165966806,0.0033278144371125776,1.7196560687862428e-06
164	93989558	5000.0	0.001	7.85e-05	-0.030012	0.9797346130773845,0.01962139572085583,0.0006437112577484503,2.7994401119776043e-07
162	3924140724	5000.0	0.001	7.85e-05	-0.080434	0.9552205158968207,0.04442727454509098,0.0003516896620675865,5.198960207958409e-07
165	348842682	5000.0	0.001	7.85e-05	-0.122091	0.9600923415316936,0.03983987202559488,6.778644271145771e-05
167	1406821052	5000.0	0.001	7.85e-05	-0.450759	0.8319740451909619,0.15782915416916618,0.010163247350529894,3.3393321335732854e-05,1.5996800639872026e-07
166	236116667	5000.0	0.001	7.85e-05	-0.429993	0.8890301539692061,0.10671361727654469,0.004254109178164367,2.1195760847830435e-06
169	4205898431	5000.0	0.001	7.85e-05	-0.393328	0.8969624475104979,0.10269786042791441,0.0003396920615876825
170	834020033	5000.0	0.001	7.85e-05	0.148768	0.9631378124375125,0.03621503699260148,0.0006469906018796241,1.5996800639872026e-07
171	1391602374	5000.0	0.001	7.85e-05	0.018507	0.9798148770245951,0.020066986602679464,0.0001181363727254549
172	622781130	5000.0	0.001	7.85e-05	0.101468	0.9377968806238752,0.06208654269146171,0.00011657668466306739
174	3771960025	5000.0	0.001	7.85e-05	0.275396	0.9388415516896621,0.06056084783043391,0.0005974805038992202,1.199760047990402e-07
173	1621828308	5000.0	0.001	7.85e-05	0.157820	0.9407926414717056,0.05636628674265147,0.002838272345530894,2.7994401119776045e-06
168	4001538750	5000.0	0.001	7.85e-05	-0.267633	0.9426747450509898,0.04468602279544091,0.012630153969206158,9.078184363127375e-06
175	2987162351	5000.0	0.001	7.85e-05	0.836678	0.8415475304939012,0.1371868826234753,0.021148570285942813,0.00011701659668066387
176	3151280879	5000.0	0.001	7.85e-05	0.007717	0.9549122575484903,0.0439874425114977,0.0011000199960007999,2.7994401119776043e-07
177	1032663798	5000.0	0.001	7.85e-05	-0.422846	0.878876624675065,0.11665610877824435,0.004314057188562288,0.00015320935812837433
178	2756952826	5000.0	0.001	7.85e-05	-0.005050	0.8856151969606079,0.11273021395720856,0.0016537092581483703,8.798240351929614e-07
179	2438724346	5000.0	0.001	7.85e-05	-1.189118	0.8313448110377925,0.14419132173565288,0.024395960807838433,6.790641871625675e-05
180	3196609274	5000.0	0.001	7.85e-05	-0.069202	0.9065437312537492,0.09220807838432314,0.001248110377924415,7.998400319936013e-08
182	4108253952	5000.0	0.001	7.85e-05	-0.115361	0.8782404319136172,0.12022679464107179,0.0015324135172965407,3.5992801439712056e-07
181	2407508734	5000.0	0.001	7.85e-05	-0.861266	0.9005437312537492,0.08578916216756649,0.011548330333933213,0.00211877624475105
184	2621137666	5000.0	0.001	7.85e-05	0.312912	0.9163864427114577,0.0832381123775245,0.0003754049190161968,3.9992001599680065e-08
183	1789680385	5000.0	0.001	7.85e-05	-0.420828	0.9386166766646671,0.06108894221155769,0.00029434113177364527,3.9992001599680065e-08
185	457855749	5000.0	0.001	7.85e-05	-0.013394	0.9464394321135773,0.05149102179564087,0.0020538692261547692,1.5676864627074585e-05
186	3868263176	5000.0	0.001	7.85e-05	0.130397	0.9358104379124175,0.06412625474905019,6.330733853229354e-05
192	1064172318	5000.0	0.001	7.85e-05	-0.008685	0.9049539692061588,0.09001327734453109,0.004893181363727255,0.00013957208558288342
188	2677218057	5000.0	0.001	7.85e-05	0.012832	0.9433963607278544,0.0565126174765047,9.102179564087183e-05
187	2222043913	5000.0	0.001	7.85e-05	0.427774	0.9159554089182164,0.08367446510697861,0.000370125974805039
194	358871841	5000.0	0.001	7.85e-05	-0.038952	0.9488179564087182,0.0478506298740252,0.0033284543091381723,2.959408118376325e-06
196	1298905897	5000.0	0.001	7.85e-05	-0.222377	0.9648433913217357,0.026732893421315736,0.008408278344331133,1.5436912617476506e-05
195	380203816	5000.0	0.001	7.85e-05	-0.319673	0.6504632273545291,0.318923775244951,0.030569766046790642,4.315136972605479e-05,7.998400319936013e-08
191	4110277393	5000.0	0.001	7.85e-05	0.411558	0.9501658868226355,0.04924623075384923,0.0005878024395120976,7.998400319936013e-08
193	3843818270	5000.0	0.001	7.85e-05	0.030883	0.9449593681263747,0.05453137372525495,0.0005074185162967406,1.839632073585283e-06
189	451080975	5000.0	0.001	7.85e-05	0.038703	0.8860645870825835,0.11245310937812437,0.0014497900419916017,3.251349730053989e-05
190	1704659728	5000.0	0.001	7.85e-05	-0.842952	0.7449566886622675,0.2482120375924815,0.006825674865026995,5.598880223955209e-06
197	3828144937	5000.0	0.001	7.85e-05	0.008541	0.9397308538292342,0.05974793041391722,0.0005211357728454309,7.998400319936013e-08
198	2985274155	5000.0	0.001	7.85e-05	-0.431544	0.9052051189762048,0.08311029794041191,0.009522375524895021,0.0021616876624675064,5.198960207958409e-07
199	1338456880	5000.0	0.001	7.85e-05	-1.174878	0.8418928614277145,0.14729558088382325,0.010802159568086382,9.398120375924815e-06
200	1096350513	5000.0	0.001	7.85e-05	-0.045854	0.9582311537692462,0.04156976604679064,0.00019908018396320735
201	2933377852	5000.0	0.001	7.85e-05	0.150843	0.9389796440711857,0.06074457108578284,0.0002757848430313937
203	2408299324	5000.0	0.001	7.85e-05	0.021533	0.9273370525894821,0.07205602879424115,0.0006068386322735453,7.998400319936013e-08
202	3484425021	5000.0	0.001	7.85e-05	-0.272622	0.9124098380323935,0.08613221355728855,0.0014560287942411518,1.919616076784643e-06
205	4273032007	5000.0	0.001	7.85e-05	0.412584	0.9025131373725255,0.09721203759248151,0.0002748250349930014
204	4293434181	5000.0	0.001	7.85e-05	-0.168530	0.9418605078984204,0.05725146970605879,0.0008879824035192962,3.9992001599680065e-08
207	1730526034	5000.0	0.001	7.85e-05	0.231095	0.9443880823835233,0.05505218956208758,0.0005574485102979404,2.279544091181764e-06
209	51420000	5000.0	0.001	7.85e-05	-0.073326	0.9330514297140572,0.0647380123975205,0.002210277944411118,2.7994401119776043e-07
208	3722220383	5000.0	0.001	7.85e-05	-0.181049	0.9235661667666467,0.0738749450109978,0.0025587682463507296,1.199760047990402e-07
206	3933752140	5000.0	0.001	7.85e-05	0.004299	0.9592815436912617,0.040519136172765445,0.00019916016796640672,1.5996800639872026e-07
217	201651075	5000.0	0.001	7.85e-05	0.004336	0.9544016796640672,0.04387774445110978,0.0017198960207958408,6.798640271945611e-07
212	684135282	5000.0	0.001	7.85e-05	0.089101	0.9655624475104979,0.027378524295140972,0.0070568286342731455,2.1995600879824035e-06
216	3929967490	5000.0	0.001	7.85e-05	0.009306	0.9837902419516097,0.016181763647270545,2.7994401119776046e-05
215	2272686977	5000.0	0.001	7.85e-05	-0.301361	0.929727974405119,0.0696625474905019,0.0006094381123775245,3.9992001599680065e-08
214	321039232	5000.0	0.001	7.85e-05	-0.093611	0.9547335732853429,0.045135612877424514,0.000129374125174965,1.4397120575884822e-06
210	4203068255	5000.0	0.001	7.85e-05	0.168311	0.8445910417916417,0.15360851829634073,0.001800239952009598,1.9996000799840033e-07
213	1460173692	5000.0	0.001	7.85e-05	-0.077373	0.9421190161967606,0.05764495100979804,0.00023603279344131174
211	2353455983	5000.0	0.001	7.85e-05	-0.138189	0.9112637472505499,0.08763159368126375,0.0011046590681863628
218	955378570	5000.0	0.001	7.85e-05	0.286985	0.935827274545091,0.06349622075584883,0.0006757448510297941,7.598480303939212e-07
220	2521815955	5000.0	0.001	7.85e-05	-0.169515	0.936215476904619,0.06333897220555888,0.00044555088982203557
221	3878052761	5000.0	0.001	7.85e-05	0.091194	0.8960829834033194,0.10320759848030393,0.0007092981403719256,1.199760047990402e-07
219	152687499	5000.0	0.001	7.85e-05	-0.655655	0.8139008198360328,0.18016740651869625,0.0059279744051189765,3.7992401519696063e-06
222	2871899041	5000.0	0.001	7.85e-05	-0.110056	0.9632863427314537,0.03483319336132774,0.0018022395520895821,7.82243551289742e-05
225	1240546210	5000.0	0.001	7.85e-05	0.057452	0.967134973005399,0.03258548290341932,0.0002794641071785643,7.998400319936013e-08
224	914226083	5000.0	0.001	7.85e-05	-1.020025	0.824622475504899,0.17082923415316936,0.004539572085582883,8.718256348730255e-06
223	2834097058	5000.0	0.001	7.85e-05	-0.743896	0.7841121375724855,0.20856004799040193,0.004207598480303939,0.003118016396720656,2.1995600879824035e-06
229	2408838083	5000.0	0.001	7.85e-05	-0.174183	0.968992201559688,0.0308,0.0002077984403119376
228	287433661	5000.0	0.001	7.85e-05	0.112433	0.96815424915017,0.031806718656268745,3.903219356128774e-05
226	554898351	5000.0	0.001	7.85e-05	-0.299664	0.9367952009598081,0.062876024795041,0.00032877424515096983
227	4042533813	5000.0	0.001	7.85e-05	-0.187060	0.9433384923015397,0.055097980403919215,0.0015634073185362928,1.199760047990402e-07
231	1770349520	5000.0	0.001	7.85e-05	-0.000507	0.9492063187362527,0.04969618076384723,0.00109750049990002
230	2628096974	5000.0	0.001	7.85e-05	0.125347	0.9239046190761847,0.075675224955009,0.00042015596880623876
236	344493020	5000.0	0.001	7.85e-05	1.233600	0.8540971805638872,0.1348997800439912,0.010946330733853229,5.670865826834633e-05
233	405066710	5000.0	0.001	7.85e-05	0.064979	0.9532267146570685,0.045263267346530696,0.0015079384123175366,2.0795840831833635e-06
234	1138783191	5000.0	0.001	7.85e-05	0.074237	0.9580328334333134,0.038765446910617875,0.0032011597680463907,5.598880223955209e-07
232	2388999122	5000.0	0.001	7.85e-05	0.733910	0.8690397920415917,0.13049726054789043,0.00046294741051789643
237	2103026653	5000.0	0.001	7.85e-05	0.149150	0.9461239752049591,0.05286982603479304,0.0010057588482303538,4.399120175964807e-07
235	872029145	5000.0	0.001	7.85e-05	0.175759	0.898650949810038,0.09972945410917816,0.0016194761047790443,1.199760047990402e-07
238	1015827426	5000.0	0.001	7.85e-05	-0.678236	0.9201872425514896,0.07874773045390922,0.0010650269946010798
239	3636204524	5000.0	0.001	7.85e-05	0.002729	0.9309288142371526,0.06701099780043991,0.002059228154369126,9.598080383923216e-07
241	1079475192	5000.0	0.001	7.85e-05	0.052337	0.951327574485103,0.04782691461707658,0.0008455108978204359
240	1235803119	5000.0	0.001	7.85e-05	0.031038	0.9653067786442712,0.034335692861427715,0.00035752849430113976
244	1364980747	5000.0	0.001	7.85e-05	0.055787	0.9761762047590482,0.0233498900219956,0.0004690261947610478,4.879024195160968e-06
242	371723256	5000.0	0.001	7.85e-05	-0.081195	0.9317450109978005,0.06264247150569886,0.005599360127974405,1.3157368526294741e-05
245	4232797202	5000.0	0.001	7.85e-05	0.068405	0.9622269946010797,0.03760999800039992,0.00016296740651869626,3.9992001599680065e-08
247	843957270	5000.0	0.001	7.85e-05	0.292551	0.9371776444711057,0.0616,0.0012203159368126375,2.039592081583683e-06
246	3059678226	5000.0	0.001	7.85e-05	0.429993	0.864458548290342,0.13419836032793442,0.0013348530293941212,8.238352329534093e-06
243	4258597897	5000.0	0.001	7.85e-05	-0.187756	0.9324562287542492,0.05553201359728054,0.011718696260747851,0.00029302139572085585,3.9992001599680065e-08
249	2038326301	5000.0	0.001	7.85e-05	0.116559	0.849372925414917,0.12117972405518897,0.02890873825234953,0.0005277344531093781,1.0877824435112978e-05
248	2593023000	5000.0	0.001	7.85e-05	-0.028746	0.9474025594881024,0.04854213157368526,0.004045710857828434,9.598080383923215e-06
250	1926997029	5000.0	0.001	7.85e-05	0.281823	0.9494052789442111,0.05002275544891022,0.0005675664867026594,4.399120175964807e-06
251	3499828271	5000.0	0.001	7.85e-05	-0.675912	0.9053777644471106,0.09255832833433314,0.0020634673065386923,4.399120175964807e-07
252	2639539248	5000.0	0.001	7.85e-05	0.013680	0.9600977404519097,0.039622035592881424,0.00026426714657068587,1.5956808638272344e-05
256	4213445693	5000.0	0.001	7.85e-05	0.265311	0.9430925814837032,0.05157876424715057,0.005312017596480704,1.6636672665466908e-05
253	2768477239	5000.0	0.001	7.85e-05	-1.999664	0.7710500699860028,0.15112141571685664,0.07679200159968007,0.001035992801439712,5.198960207958409e-07
257	354571328	5000.0	0.001	7.85e-05	-0.375118	0.9319965606878624,0.06534597080583883,0.002602639472105579,5.482903419316137e-05
255	743466044	5000.0	0.001	7.85e-05	-0.402634	0.8281788842231553,0.16959520095980804,0.0019196960607878425,0.0003057388522295541,4.799040191961608e-07
254	3682810939	5000.0	0.001	7.85e-05	-0.188496	0.9471842431513697,0.05170425914817037,0.001111017796440712,4.799040191961608e-07
259	3190043725	5000.0	0.001	7.85e-05	0.300279	0.9487409718056389,0.049800479904019194,0.0014583083383323335,2.399520095980804e-07
258	3088456768	5000.0	0.001	7.85e-05	-0.139450	0.9716756648670266,0.028189122175564886,0.00012085582883423315,1.4357128574285143e-05
260	2836421710	5000.0	0.001	7.85e-05	-0.034328	0.9686649470105979,0.03099640071985603,0.0003386522695460908
261	935859284	5000.0	0.001	7.85e-05	0.279206	0.9473672865426914,0.052343851229754046,0.0002888622275544891
267	451744859	5000.0	0.001	7.85e-05	0.232966	0.9439187762447511,0.0559500099980004,0.0001312137572485503
262	902159445	5000.0	0.001	7.85e-05	-0.195577	0.9284030793841231,0.06839824035192961,0.0031540491901619677,4.463107378524295e-05
266	3589661786	5000.0	0.001	7.85e-05	-0.145291	0.8162372325534893,0.18140315936812637,0.0023591281743651268,4.799040191961608e-07
264	2453685336	5000.0	0.001	7.85e-05	0.008488	0.9154094781043791,0.07918436312737452,0.00528626274745051,0.00011989602079584083
263	1757592661	5000.0	0.001	7.85e-05	0.280299	0.944833673265347,0.05353437312537492,0.0016317136572685464,2.399520095980804e-07
265	70669400	5000.0	0.001	7.85e-05	0.126247	0.9598351929614077,0.03975836832633473,0.00040639872025594883,3.9992001599680065e-08
269	1423613026	5000.0	0.001	7.85e-05	0.002627	0.969032873425315,0.03082123575284943,0.0001458908218356329
270	807816290	5000.0	0.001	7.85e-05	0.002189	0.9599886022795441,0.03927170565886823,0.0007392921415716857,3.9992001599680065e-07
268	1603298398	5000.0	0.001	7.85e-05	-0.393960	0.7385083383323335,0.25360503899220155,0.007867306538692262,1.9316136772645472e-05
271	4101948522	5000.0	0.001	7.85e-05	-0.212805	0.9302239952009598,0.0691614477104579,0.0006145570885822835
272	3116178543	5000.0	0.001	7.85e-05	0.209407	0.9193664467106578,0.08018468306338732,0.00044887022595480904
274	371526773	5000.0	0.001	7.85e-05	-0.066983	0.9103061387722455,0.08944559088182363,0.0002459108178364327,2.359528094381124e-06
275	2993951865	5000.0	0.001	7.85e-05	0.403390	0.8656693861227754,0.13275112977404518,0.0015640471905618877,1.5436912617476506e-05
273	4096803955	5000.0	0.001	7.85e-05	-0.113270	0.9631480903819236,0.036659588082383524,0.00019152169566086783,7.998400319936013e-07
276	3651689597	5000.0	0.001	7.85e-05	0.094244	0.9223363327334533,0.07578224355128974,0.0018811837632473506,2.399520095980804e-07
277	3852481666	5000.0	0.001	7.85e-05	-0.492446	0.8569482103579285,0.14003571285742852,0.0030153169366126773,7.598480303939212e-07
278	4074120328	5000.0	0.001	7.85e-05	0.685839	0.8326400719856029,0.16096888622275546,0.006095500899820036,0.000295500899820036,3.9992001599680065e-08
279	3250003080	5000.0	0.001	7.85e-05	-0.554291	0.9059212957408518,0.09078388322335533,0.0031529694061187765,0.0001418516296740652
280	1497437323	5000.0	0.001	7.85e-05	1.047812	0.8139343331333734,0.18329174165166967,0.00277376524695061,1.5996800639872026e-07
281	3247000715	5000.0	0.001	7.85e-05	-0.339290	0.8875176964607079,0.09403155368926215,0.01841643671265747,3.4273145370925816e-05,3.9992001599680065e-08
284	2815698074	5000.0	0.001	7.85e-05	0.175549	0.9314589882023595,0.06734437112577485,0.00119500099980004,1.6396720655868826e-06
282	2400541843	5000.0	0.001	7.85e-05	-0.257963	0.9342523095380924,0.06532329534093181,0.00042439512097580483
286	2623653025	5000.0	0.001	7.85e-05	-0.184807	0.9296695060987803,0.06986382723455309,0.0004114377124575085,5.522895420915817e-05
283	2481124503	5000.0	0.001	7.85e-05	0.368887	0.9115198960207959,0.08210417916416717,0.006342291541691662,3.3633273345330936e-05
285	1142287521	5000.0	0.001	7.85e-05	-0.141927	0.9620068386322735,0.03353465306938612,0.004456628674265147,1.879624075184963e-06
287	871820449	5000.0	0.001	7.85e-05	0.035168	0.9597520095980804,0.04010661867626475,0.00014073185362927415,6.39872025594881e-07
288	2486135974	5000.0	0.001	7.85e-05	-0.064162	0.8795865226954609,0.09100787842431514,0.02897724455108978,0.0004283543291341732
289	731106472	5000.0	0.001	7.85e-05	0.300691	0.8618924615076985,0.13617832433513297,0.001925254949010198,3.959208158368327e-06
290	3516908713	5000.0	0.001	7.85e-05	0.161159	0.9683951609678064,0.03150069986002799,0.00010413917216556689
291	978775210	5000.0	0.001	7.85e-05	-0.009007	0.947359848030394,0.05092285542891422,0.0017168166366726655,4.799040191961608e-07
293	3940924591	5000.0	0.001	7.85e-05	-0.272427	0.8923708858228354,0.10503167366526694,0.0025966806638672265,7.598480303939212e-07
295	450596022	5000.0	0.001	7.85e-05	0.391493	0.9283577684463107,0.07146122775444912,0.00018096380723855228,3.9992001599680065e-08
294	3236209843	5000.0	0.001	7.85e-05	-0.316600	0.899406598680264,0.09263967206558689,0.007645870825834833,0.00030769846030793843,1.5996800639872026e-07
292	2001489064	5000.0	0.001	7.85e-05	0.004642	0.9635105778844231,0.03586566686662668,0.0006237152569486102,3.9992001599680065e-08
296	1296452791	5000.0	0.001	7.85e-05	0.517501	0.9179610077984404,0.08017668466306739,0.001861747650469906,5.598880223955209e-07
297	3575213247	5000.0	0.001	7.85e-05	0.102163	0.9470765846830634,0.05142215556888622,0.0014994201159768046,1.839632073585283e-06
298	2035430592	5000.0	0.001	7.85e-05	-0.085834	0.9401734453109378,0.059661507698460306,0.00016504699060187962
299	578010306	5000.0	0.001	7.85e-05	-0.119215	0.9797409718056389,0.020230633873225354,2.8394321135772847e-05
304	2890439890	5000.0	0.001	7.85e-05	0.140942	0.9441242151569686,0.052045750849830034,0.0038297940411917615,2.399520095980804e-07
302	3428703430	5000.0	0.001	7.85e-05	-0.381436	0.931224075184963,0.06825830833833234,0.0005176164767046591
300	1737921730	5000.0	0.001	7.85e-05	0.017342	0.954388122375525,0.04438024395120976,0.001228514297140572,3.119376124775045e-06
301	4069614790	5000.0	0.001	7.85e-05	0.178401	0.9503431713657269,0.04652361527694461,0.0031262147570485905,6.9986002799440115e-06
303	2251932873	5000.0	0.001	7.85e-05	0.283644	0.9348388722255548,0.0629244951009798,0.0022265546890621875,1.0077984403119377e-05
305	4252441826	5000.0	0.001	7.85e-05	-0.032442	0.9766885022995401,0.023163327334533093,0.00014817036592681463
306	1049359596	5000.0	0.001	7.85e-05	-0.258950	0.9414249150169967,0.05804731053789242,0.000525374925014997,2.399520095980804e-06
307	87010544	5000.0	0.001	7.85e-05	-1.231052	0.8285623675264947,0.1659627674465107,0.005465266946610678,9.598080383923215e-06
309	2985243893	5000.0	0.001	7.85e-05	-0.055305	0.8597044591081784,0.13941107778444312,0.0008842231553689262,2.399520095980804e-07
310	1746287862	5000.0	0.001	7.85e-05	-0.025042	0.966875424915017,0.0320128774245151,0.0011108978204359128,7.998400319936013e-07
308	2342880500	5000.0	0.001	7.85e-05	0.233369	0.9137663267346531,0.08540811837632474,0.0008255548890221955
312	1573926141	5000.0	0.001	7.85e-05	-0.158230	0.9324526294741052,0.06696924615076985,0.000578124375124975
311	4201475323	5000.0	0.001	7.85e-05	-0.044161	0.9686424315136972,0.03117864427114577,0.00017888422315536892,3.9992001599680065e-08
313	2308730109	5000.0	0.001	7.85e-05	1.561984	0.7654661067786442,0.22928402319536093,0.005238272345530894,1.1597680463907219e-05
314	3498046719	5000.0	0.001	7.85e-05	0.062935	0.9259818436312738,0.05895732853429314,0.015028394321135773,3.2393521295740854e-05,3.9992001599680065e-08
315	2460333314	5000.0	0.001	7.85e-05	0.019069	0.9462195960807839,0.05345714857028594,0.000323255348930214
316	1168557334	5000.0	0.001	7.85e-05	-0.053962	0.8367103779244152,0.15307090581883623,0.010180563887222556,3.815236952609478e-05
317	2400675095	5000.0	0.001	7.85e-05	-0.438164	0.8762921015796841,0.10390849830033994,0.019578164367126574,0.00022099580083983204,2.399520095980804e-07
319	3732907297	5000.0	0.001	7.85e-05	-0.515979	0.9307370125974805,0.06797824435112977,0.0012842231553689262,5.198960207958409e-07
318	3988749593	5000.0	0.001	7.85e-05	0.092107	0.9408129174165167,0.05617356528694261,0.003011637672465507,1.879624075184963e-06
321	279207220	5000.0	0.001	7.85e-05	0.761364	0.8991929214157168,0.0977621275744851,0.003044631073785243,3.199360127974405e-07
320	890971435	5000.0	0.001	7.85e-05	-0.149990	0.894406598680264,0.10441039792041591,0.0011829234153169367,7.998400319936013e-08
322	1915571510	5000.0	0.001	7.85e-05	0.024396	0.9393484903019396,0.05967138572285543,0.0009671665666866626,1.295740851829634e-05
325	1367577917	5000.0	0.001	7.85e-05	0.112178	0.9684056388722255,0.031516696660667864,7.7624475104979e-05,3.9992001599680065e-08
323	4184630583	5000.0	0.001	7.85e-05	0.230077	0.7797356528694261,0.21818076384723056,0.0020807838432313538,2.7994401119776045e-06
324	4190422326	5000.0	0.001	7.85e-05	-0.435856	0.9246381923615277,0.0748879424115177,0.00047374525094981006,1.199760047990402e-07
326	2718756162	5000.0	0.001	7.85e-05	-0.032735	0.9172043991201759,0.07564383123375325,0.007146770645870826,4.999000199960008e-06
327	1141972290	5000.0	0.001	7.85e-05	0.257540	0.7995027394521096,0.19001443711257748,0.010461067786442712,2.1755648870225956e-05
328	3988575563	5000.0	0.001	7.85e-05	0.276880	0.9109881223755248,0.08762255548890222,0.0013656868626274745,2.363527294541092e-05
329	2514603344	5000.0	0.001	7.85e-05	-0.102272	0.9231502899420116,0.07471361727654469,0.002135652869426115,4.399120175964807e-07
330	1864940881	5000.0	0.001	7.85e-05	0.029108	0.9798658668266347,0.020028394321135772,0.0001057388522295541
331	1182420311	5000.0	0.001	7.85e-05	0.691320	0.8824657468506298,0.1170364327134573,0.0004978204359128174
332	2475255128	5000.0	0.001	7.85e-05	-0.945155	0.8734569886022795,0.12594573085382924,0.0005796040791841632,1.767646470705859e-05
333	3189146969	5000.0	0.001	7.85e-05	0.096052	0.9614171565686863,0.03548386322735453,0.0030979404119176163,1.0397920415916818e-06
335	223413614	5000.0	0.001	7.85e-05	-0.817437	0.9079906018796241,0.09002819436112777,0.001980643871225755,5.598880223955209e-07
334	3385369958	5000.0	0.001	7.85e-05	0.073809	0.9406416716656668,0.058261707658468304,0.0010964207158568285,1.9996000799840033e-07
336	1207645561	5000.0	0.001	7.85e-05	-0.167552	0.9442437912417516,0.0553626874625075,0.0003935212957408518
337	2345311609	5000.0	0.001	7.85e-05	-0.306580	0.9324879424115177,0.0667236152769446,0.0007884423115376924
338	1001244029	5000.0	0.001	7.85e-05	0.033951	0.9866463507298541,0.013349570085982804,4.079184163167366e-06
339	2958312836	5000.0	0.001	7.85e-05	-0.220355	0.9299135372925414,0.06480335932813437,0.005272185562887423,1.0917816436712657e-05
341	1251429776	5000.0	0.001	7.85e-05	-0.708122	0.8953391321735653,0.10109370125974805,0.002280623875224955,0.0012776644671065786,8.878224355128975e-06
342	945266066	5000.0	0.001	7.85e-05	-0.671003	0.8700965406918616,0.12896908618276345,0.000934373125374925
340	2980474251	5000.0	0.001	7.85e-05	0.159086	0.9320092381523696,0.0665498100379924,0.0014409118176364726,3.9992001599680065e-08
345	1093705115	5000.0	0.001	7.85e-05	0.028472	0.9639903219356128,0.035163487302539494,0.0008453909218156369,7.998400319936013e-07
343	3157902739	5000.0	0.001	7.85e-05	-0.144388	0.9097483703259348,0.08737700459908018,0.002869386122775445,5.238952209558089e-06
347	2999938472	5000.0	0.001	7.85e-05	0.013795	0.9428987802439512,0.056247110577884424,0.0008529494101179765,1.159768046390722e-06
344	2183749016	5000.0	0.001	7.85e-05	-0.099719	0.9380884623075385,0.06076368726254749,0.0011465306938612278,1.319736052789442e-06
346	2243720611	5000.0	0.001	7.85e-05	-0.249994	0.9007146970605879,0.09898912217556488,0.0002960607878424315,1.199760047990402e-07
350	2645108155	5000.0	0.001	7.85e-05	0.347654	0.9157929614077185,0.07425754849030194,0.009936612677464507,1.287742451509698e-05
348	950420911	5000.0	0.001	7.85e-05	-0.147043	0.9213884023195361,0.07851513697260548,9.646070785842832e-05
349	2865716655	5000.0	0.001	7.85e-05	-0.329402	0.9431668866226754,0.055634033193361326,0.0011987602479504099,3.199360127974405e-07
351	2576944573	5000.0	0.001	7.85e-05	0.029334	0.9635843631273745,0.03631157768446311,0.00010405918816236752
354	1866319299	5000.0	0.001	7.85e-05	-0.040609	0.955849950009998,0.04359828034393121,0.0005517296540691861,3.9992001599680065e-08
352	1606778304	5000.0	0.001	7.85e-05	-0.079895	0.972121375724855,0.027106978604279144,0.0007646870625874825,6.958608278344331e-06
353	4260963778	5000.0	0.001	7.85e-05	-0.694927	0.8176707858428315,0.17983059388122374,0.0024513097380523896,4.7310537892421514e-05
355	1340247500	5000.0	0.001	7.85e-05	-0.005713	0.9793482103579284,0.020626874625074985,2.4915016996600678e-05
356	1112876492	5000.0	0.001	7.85e-05	0.140786	0.9067894821035792,0.09032381523695261,0.0025589682063587283,0.00032773445310937813
357	2867355090	5000.0	0.001	7.85e-05	-0.523655	0.8808933013397321,0.11614433113377325,0.0029033393321335733,5.9028194361127776e-05
358	812994003	5000.0	0.001	7.85e-05	0.468281	0.83135324935013,0.16616096780643871,0.0017682063587282544,0.0007175764847030594
362	2460413409	5000.0	0.001	7.85e-05	-0.216075	0.960448550289942,0.0388745850829834,0.000676624675064987,2.399520095980804e-07
359	3298319834	5000.0	0.001	7.85e-05	0.176067	0.9705931613677264,0.029310537892421516,9.63007398520296e-05
361	804462048	5000.0	0.001	7.85e-05	-0.264418	0.904625274945011,0.09265518896220756,0.002719016196760648,5.198960207958409e-07
360	131372511	5000.0	0.001	7.85e-05	-0.168559	0.9626169966006799,0.03717896420715857,0.00020375924815036993,2.7994401119776043e-07
363	1957281250	5000.0	0.001	7.85e-05	0.445872	0.9454071585682864,0.05429894021195761,0.0002939012197560488
365	97904099	5000.0	0.001	7.85e-05	-0.058692	0.9640870625874826,0.03587350529894021,3.9432113577284545e-05
364	3942098403	5000.0	0.001	7.85e-05	0.186824	0.9602280743851229,0.03947710457908418,0.0002948210357928414
366	1916032493	5000.0	0.001	7.85e-05	1.074168	0.8518317536492701,0.11487746450709858,0.032947770445910816,0.0003424115176964607,5.99880023995201e-07
367	283033085	5000.0	0.001	7.85e-05	0.204295	0.9326351129774045,0.06711845630873825,0.00024643071385722855
369	2406520321	5000.0	0.001	7.85e-05	-0.018512	0.9533232553489303,0.0461244951009798,0.0005520495900819836,1.9996000799840033e-07
370	3000342029	5000.0	0.001	7.85e-05	0.726691	0.8978738652269546,0.09881019796040792,0.0033060187962407517,9.918016396720655e-06
368	1904201214	5000.0	0.001	7.85e-05	-0.910026	0.8967783643271345,0.10074849030193961,0.0024677064587082585,5.438912217556489e-06
371	1219147285	5000.0	0.001	7.85e-05	-0.411790	0.902225474905019,0.08439792041591682,0.013367966406718656,8.638272345530894e-06
373	3765880343	5000.0	0.001	7.85e-05	0.237903	0.9240908218356328,0.07531349730053989,0.0005953609278144371,3.199360127974405e-07
374	1186422296	5000.0	0.001	7.85e-05	-0.051374	0.9396291941611677,0.059752449510097984,0.0006183163367326534,3.9992001599680065e-08
372	2964579862	5000.0	0.001	7.85e-05	0.379209	0.9318551889622075,0.06801959608078384,0.00012229554089182164,2.9194161167766445e-06
376	2335882779	5000.0	0.001	7.85e-05	0.138078	0.9651702059588082,0.034183003399320136,0.000645870825834833,9.198160367926415e-07
377	3960122908	5000.0	0.001	7.85e-05	0.073160	0.9663293341331733,0.03362947410517896,4.0711857628474304e-05,4.799040191961608e-07
375	2055861786	5000.0	0.001	7.85e-05	0.454048	0.8433736452709458,0.15135632873425314,0.005249590081983603,2.0435912817436513e-05
378	1463641630	5000.0	0.001	7.85e-05	-0.030008	0.9298288742251549,0.06425698860227955,0.005875504899020196,3.8632273545290943e-05
379	2047225375	5000.0	0.001	7.85e-05	-0.074362	0.9732558288342331,0.02666382723455309,8.034393121375725e-05
382	3110372905	5000.0	0.001	7.85e-05	-0.138835	0.9392937012597481,0.06011361727654469,0.0005722855428914217,2.0395920815836833e-05
381	1743056425	5000.0	0.001	7.85e-05	0.522581	0.8075236552689462,0.19049094181163767,0.001981843631273745,3.5592881423715255e-06
380	476595742	5000.0	0.001	7.85e-05	-0.247477	0.9454287542491502,0.054121575684863026,0.00044963007398520296,3.9992001599680065e-08
383	3796547115	5000.0	0.001	7.85e-05	0.418004	0.9267063787242551,0.07247166566686662,0.0007861627674465107,3.579284143171366e-05
384	2663110187	5000.0	0.001	7.85e-05	0.335264	0.8768033593281344,0.11540735852829434,0.007765406918616277,2.3875224955008998e-05
385	2645483053	5000.0	0.001	7.85e-05	-0.457361	0.8809233353329334,0.11644279144171166,0.002630873825234953,2.999400119976005e-06
386	3431638573	5000.0	0.001	7.85e-05	0.825440	0.8716179964007199,0.12582779444111178,0.002553369326134773,8.398320335932813e-07
391	2027736633	5000.0	0.001	7.85e-05	-0.015521	0.9713850429914017,0.028432633473305338,0.00018224355128974206,7.998400319936013e-08
387	1401148975	5000.0	0.001	7.85e-05	-0.710459	0.9001579684063188,0.09574209158168366,0.003968646270745851,0.00013093381323735253,3.5992801439712056e-07
390	2388876857	5000.0	0.001	7.85e-05	0.087799	0.9531014197160568,0.04618192361527695,0.0007164167166566687,2.399520095980804e-07
389	3929790004	5000.0	0.001	7.85e-05	-0.013618	0.935455548890222,0.0554748650269946,0.009062187562487502,7.398520295940812e-06
388	579522096	5000.0	0.001	7.85e-05	-0.144776	0.8863310537892422,0.11181523695260948,0.0018505498900219955,3.1593681263747252e-06
393	1052458571	5000.0	0.001	7.85e-05	0.086251	0.969520975804839,0.03027622475504899,0.00020271945610877824,7.998400319936013e-08
392	2271471177	5000.0	0.001	7.85e-05	0.054301	0.9681216556688662,0.031767046590681865,0.00011129774045190961
394	2591465038	5000.0	0.001	7.85e-05	0.796049	0.8734673865226955,0.10497448510297941,0.011613637272545491,0.009779244151169765,0.00016524695060987803
396	2510093908	5000.0	0.001	7.85e-05	-0.673861	0.8239052589482103,0.17274365126974606,0.0032900619876024793,6.1027794441111776e-05
395	3590729298	5000.0	0.001	7.85e-05	0.210834	0.9355856428714258,0.06381783643271345,0.0005964407118576285,7.998400319936013e-08
397	2851823196	5000.0	0.001	7.85e-05	-0.391880	0.9361508898220356,0.06310737852429514,0.0007416916616676665,3.9992001599680065e-08
398	4176965215	5000.0	0.001	7.85e-05	-0.492502	0.9067380523895221,0.09287942411517697,0.0003825234953009398
399	4063569511	5000.0	0.001	7.85e-05	-0.205024	0.8794374725054989,0.11513621275744851,0.005424715056988602,1.5996800639872026e-06
401	2896348797	5000.0	0.001	7.85e-05	0.425921	0.9174629474105179,0.0820869026194761,0.0004501099780043991,3.9992001599680065e-08
400	3080896113	5000.0	0.001	7.85e-05	-0.067879	0.9346895020995801,0.06429474105178964,0.0010156768646270747,7.998400319936013e-08
402	684052095	5000.0	0.001	7.85e-05	-0.083214	0.9709782843431314,0.02852133573285343,0.0005000599880023995,3.199360127974405e-07
405	3836247687	5000.0	0.001	7.85e-05	0.011848	0.9237406918616277,0.07361475704859029,0.0025321735652869427,0.00011225754849030194,1.199760047990402e-07
403	989355650	5000.0	0.001	7.85e-05	-0.009263	0.9685763647270546,0.03137824435112977,4.5390921815636875e-05
404	2372073095	5000.0	0.001	7.85e-05	-0.074072	0.9043034193161368,0.0897378524295141,0.005954369126174765,4.359128174365127e-06
406	734836364	5000.0	0.001	7.85e-05	-0.325286	0.9630832633473305,0.03537716456708658,0.0015394121175764848,1.5996800639872026e-07
407	516900495	5000.0	0.001	7.85e-05	-0.263006	0.9363938412317536,0.06274013197360528,0.0008659468106378724,7.998400319936013e-08
408	2303311505	5000.0	0.001	7.85e-05	-0.038544	0.9039752049590082,0.09194337132573485,0.004063067386522696,1.835632873425315e-05
410	2734096023	5000.0	0.001	7.85e-05	0.449181	0.8951501299740052,0.08715284943011398,0.01164755048990202,0.006042831433713257,6.63867226554689e-06
409	780490388	5000.0	0.001	7.85e-05	-1.067968	0.8125471305738852,0.18587598480303938,0.0015736452709458107,3.239352129574085e-06
412	57808549	5000.0	0.001	7.85e-05	-0.060902	0.8594120775844831,0.13942163567286542,0.0011651669666066786,1.1197760447910417e-06
413	2965503658	5000.0	0.001	7.85e-05	0.248948	0.9430051589682064,0.056383003399320133,0.0006118376324735053
414	329027243	5000.0	0.001	7.85e-05	-0.817667	0.681968926214757,0.30923215356928613,0.008289302139572085,0.0005096180763847231
411	356961951	5000.0	0.001	7.85e-05	0.206924	0.9207338132373525,0.07897880423915217,0.00028738252349530096
416	1134229164	5000.0	0.001	7.85e-05	0.319783	0.9246850629874025,0.0731124975004999,0.002199720055988802,2.7194561087782445e-06
418	1772613306	5000.0	0.001	7.85e-05	-0.234520	0.9337386922615477,0.06447258548290342,0.001788122375524895,5.99880023995201e-07
415	2067513004	5000.0	0.001	7.85e-05	-0.106887	0.9729878024395121,0.026983443311337733,2.8714257148570287e-05,3.9992001599680065e-08
417	2169921205	5000.0	0.001	7.85e-05	0.250309	0.9320534693061387,0.06762043591281744,0.00032609478104379125
419	3533440704	5000.0	0.001	7.85e-05	-0.470559	0.9126746650669866,0.08634413117376524,0.0009811637672465508,3.9992001599680065e-08
420	3824060102	5000.0	0.001	7.85e-05	-0.241330	0.7620379524095181,0.2338499100179964,0.004109378124375125,2.7594481103779245e-06
421	3648184012	5000.0	0.001	7.85e-05	-0.192112	0.9086605478904219,0.06413201359728055,0.027176804639072186,3.063387322535493e-05
422	1165137616	5000.0	0.001	7.85e-05	-0.004950	0.926323975204959,0.07321455708858228,0.00046130773845230955,1.5996800639872026e-07
425	2024494815	5000.0	0.001	7.85e-05	-0.646849	0.9223828434313137,0.07602759448110379,0.0015887222555488903,8.398320335932813e-07
423	1813276377	5000.0	0.001	7.85e-05	0.946598	0.7765370925814837,0.21349406118776246,0.00994869026194761,2.0155968806238754e-05
426	1971582698	5000.0	0.001	7.85e-05	0.007536	0.9203930413917216,0.07741139772045591,0.0021775644871025795,1.799640071985603e-05
424	1461462748	5000.0	0.001	7.85e-05	-0.157037	0.9714398320335933,0.024110337932413517,0.0044492301539692065,5.99880023995201e-07
427	2344433398	5000.0	0.001	7.85e-05	-0.574522	0.9027288142371526,0.09507954409118176,0.0021904419116176763,1.199760047990402e-06
428	3036628733	5000.0	0.001	7.85e-05	0.178014	0.8999708858228355,0.09841779644071186,0.0015969206158768247,1.4397120575884824e-05
429	3836749569	5000.0	0.001	7.85e-05	-0.138379	0.9470891021795641,0.05272017596480704,0.00019072185562887424
433	1171384070	5000.0	0.001	7.85e-05	0.107159	0.9528625074985003,0.046205358928214355,0.0009321335732853429
431	581869315	5000.0	0.001	7.85e-05	0.189711	0.9627190161967607,0.03722747450509898,5.350929814037193e-05
430	3816611586	5000.0	0.001	7.85e-05	0.645451	0.7939930813837233,0.2043865226954609,0.0016198360327934413,5.598880223955209e-07
432	1425518341	5000.0	0.001	7.85e-05	-0.134050	0.9662967006598681,0.033472225554889025,0.0002310737852429514
434	2846791438	5000.0	0.001	7.85e-05	0.038677	0.7602264347130574,0.19910389922015598,0.03935692861427714,0.0013124975004999,2.399520095980804e-07
435	1809022739	5000.0	0.001	7.85e-05	-0.376106	0.8458546290741852,0.14215828834233155,0.011936652669466107,5.042991401719656e-05
438	1645297438	5000.0	0.001	7.85e-05	-0.054219	0.9186545090981804,0.07329306138772246,0.007958568286342732,9.38612277544491e-05
437	1419515671	5000.0	0.001	7.85e-05	-0.087044	0.9289046590681863,0.06944351129774046,0.001650629874025195,1.199760047990402e-06
436	3190122259	5000.0	0.001	7.85e-05	0.157932	0.9293453709258148,0.06669154169166167,0.003961647670465907,1.4397120575884822e-06
441	3816136482	5000.0	0.001	7.85e-05	0.159281	0.9607252949410118,0.026360287942411516,0.012887182563487302,2.7234553089382125e-05
439	2451760926	5000.0	0.001	7.85e-05	0.091146	0.9176672665466906,0.08215428914217157,0.00017844431113777243
440	1291282207	5000.0	0.001	7.85e-05	0.226270	0.9528066386722656,0.046555448910217956,0.0006200759848030393,1.783643271345731e-05
442	2076346148	5000.0	0.001	7.85e-05	0.178101	0.9253176164767046,0.07446338732253549,0.00021899620075984804
443	295280422	5000.0	0.001	7.85e-05	-0.148295	0.9365197360527895,0.06286506698660269,0.0006151969606078784
444	797841191	5000.0	0.001	7.85e-05	0.521238	0.8925602479504099,0.10679456108778244,0.0006451509698060388,3.9992001599680065e-08
446	1740922665	5000.0	0.001	7.85e-05	-0.304157	0.9096174365126974,0.08585278944211158,0.00452753449310138,2.2395520895820834e-06
445	2322177831	5000.0	0.001	7.85e-05	0.260402	0.9564513097380524,0.04326786642671466,0.0002807838432313537,3.9992001599680065e-08
447	1851807534	5000.0	0.001	7.85e-05	-0.067987	0.9243144971005799,0.07517224555088982,0.0005125374925014997,7.198560287942411e-07
449	935317304	5000.0	0.001	7.85e-05	0.034340	0.9386457908418316,0.05655816836632673,0.004795400919816037,6.39872025594881e-07
448	1130942255	5000.0	0.001	7.85e-05	1.233759	0.8088213557288543,0.1890372325534893,0.002139252149570086,2.1595680863827235e-06
452	973434698	5000.0	0.001	7.85e-05	0.250869	0.9579168566286743,0.039380443911217755,0.002702259548090382,4.399120175964807e-07
453	745389898	5000.0	0.001	7.85e-05	-0.031163	0.932724175164967,0.06695880823835233,0.00031701659668066385
450	1630869307	5000.0	0.001	7.85e-05	0.810127	0.838922575484903,0.15368946210757847,0.005934533093381324,0.0014445910817836433,8.838232353529294e-06
451	3740213065	5000.0	0.001	7.85e-05	0.541529	0.897321575684863,0.09943407318536293,0.003093101379724055,0.00015112977404519096,1.199760047990402e-07
454	3721938770	5000.0	0.001	7.85e-05	0.325548	0.8860759848030394,0.10062063587282544,0.013130133973205359,0.00017324535092981403
455	3954130772	5000.0	0.001	7.85e-05	0.017953	0.9861136572685463,0.013863627274545091,2.2715456908618276e-05
456	3599003478	5000.0	0.001	7.85e-05	0.390651	0.9122369126174765,0.08644547090581883,0.0013175364927014597,7.998400319936013e-08
458	601915224	5000.0	0.001	7.85e-05	-0.038717	0.9786822635472905,0.0198251149770046,0.00149126174765047,1.3597280543891223e-06
457	879963991	5000.0	0.001	7.85e-05	0.678459	0.7717713657268547,0.2164624275144971,0.011752689462107578,1.3517296540691861e-05
461	2050877282	5000.0	0.001	7.85e-05	-0.128315	0.924996800639872,0.07168342331533693,0.0033147770445910818,4.999000199960008e-06
460	47214431	5000.0	0.001	7.85e-05	-0.857972	0.8391597280543891,0.15615932813437314,0.004369286142771446,0.00031161767646470704,3.9992001599680065e-08
459	2507544410	5000.0	0.001	7.85e-05	-0.184392	0.8805412117576484,0.11819072185562887,0.0012680663867226554
462	3923011427	5000.0	0.001	7.85e-05	0.468140	0.9267886822635473,0.07303475304939012,0.00017656468706258747
465	1399603049	5000.0	0.001	7.85e-05	-0.703978	0.9008773845230954,0.05735544891021795,0.037374245150969806,0.004391561687662467,1.3597280543891223e-06
464	906639207	5000.0	0.001	7.85e-05	-0.099908	0.9355564887022596,0.06348374325134973,0.0009586082783443311,1.159768046390722e-06
463	4219180899	5000.0	0.001	7.85e-05	-0.306768	0.9434285942811438,0.0564867826434713,8.462307538492301e-05
467	1776680812	5000.0	0.001	7.85e-05	0.704027	0.8783364127174565,0.12082259548090382,0.000839752049590082,1.2397520495900819e-06
466	3952459627	5000.0	0.001	7.85e-05	0.536742	0.8344461107778445,0.1636496700659868,0.0019035392921415717,6.798640271945611e-07
469	3868534641	5000.0	0.001	7.85e-05	0.251588	0.8900767046590682,0.10907742451509699,0.0008403119376124775,5.558888222355529e-06
468	3208574827	5000.0	0.001	7.85e-05	-0.031961	0.955455148970206,0.04429858028394321,0.00024603079384123174,2.399520095980804e-07
470	2215825265	5000.0	0.001	7.85e-05	0.017294	0.9368425914817037,0.062096700659868026,0.001060507898420316,1.9996000799840033e-07
471	1926862705	5000.0	0.001	7.85e-05	-0.053231	0.9467557288542292,0.052978484303139374,0.00026546690661867625,3.199360127974405e-07
473	1113530234	5000.0	0.001	7.85e-05	-0.567463	0.8509488902219556,0.14680479904019197,0.0021480503899220156,9.826034793041392e-05
472	2804428665	5000.0	0.001	7.85e-05	0.227117	0.9383353729254149,0.05515376924615077,0.006480423915216957,3.0433913217356527e-05
474	243238783	5000.0	0.001	7.85e-05	-0.041767	0.9176222355528895,0.08063395320935812,0.0016796640671865627,6.414717056588682e-05
475	2296070029	5000.0	0.001	7.85e-05	2.124556	0.63519900019996,0.312547650469906,0.05220627874425115,4.707058588282344e-05
479	3632668577	5000.0	0.001	7.85e-05	-0.200777	0.9438285142971405,0.05005426914617077,0.00607998400319936,3.723255348930214e-05
476	1438001049	5000.0	0.001	7.85e-05	0.362191	0.8743178564287143,0.12354217156568686,0.0021398120375924817,1.5996800639872026e-07
478	519339936	5000.0	0.001	7.85e-05	0.178406	0.9523862027594481,0.0466254349130174,0.0009882023595280945,1.5996800639872026e-07
477	3554283423	5000.0	0.001	7.85e-05	-0.082938	0.9585376524695061,0.03888222355528894,0.0025784443111377723,1.6796640671865626e-06
481	3686600622	5000.0	0.001	7.85e-05	0.046169	0.9441036592681463,0.05565114977004599,0.00024487102579484106,3.199360127974405e-07
480	3055886252	5000.0	0.001	7.85e-05	-0.320466	0.9290286342731454,0.06603443311337732,0.004925414917016597,1.1517696460707858e-05
482	719691700	5000.0	0.001	7.85e-05	-0.133330	0.9532444311137772,0.04632241551689662,0.00043239352129574083,7.598480303939212e-07
485	2400128958	5000.0	0.001	7.85e-05	-0.125636	0.9451950409918016,0.054612757448510296,0.0001922015596880624
483	3498702775	5000.0	0.001	7.85e-05	-0.251225	0.8520157168566287,0.14553229354129174,0.0024500699860027994,1.919616076784643e-06
484	3067512765	5000.0	0.001	7.85e-05	-0.574040	0.8549900019996001,0.1278737852429514,0.017034673065386922,0.00010153969206158769
486	3406999496	5000.0	0.001	7.85e-05	0.363180	0.9303692061587683,0.06825622875424915,0.0013740451909618077,5.198960207958409e-07
488	1401968587	5000.0	0.001	7.85e-05	0.610075	0.8545627674465107,0.14500227954409117,0.0004349530093981204
492	3222181844	5000.0	0.001	7.85e-05	0.034620	0.9780071185762848,0.01917860427914417,0.0028043991201759646,9.838032393521296e-06,3.9992001599680065e-08
487	638744520	5000.0	0.001	7.85e-05	0.815137	0.7869470905818836,0.21017272545490903,0.00287998400319936,1.9996000799840033e-07
489	3213942732	5000.0	0.001	7.85e-05	0.160840	0.9228713857228554,0.0760864227154569,0.0010394321135772846,2.7594481103779245e-06
491	3132694481	5000.0	0.001	7.85e-05	-1.739067	0.6904743051389722,0.30413401319736055,0.004933453309338132,0.00045822835432913415
490	1643319248	5000.0	0.001	7.85e-05	0.962689	0.867700899820036,0.12534389122175565,0.006949610077984403,5.598880223955209e-06
493	3674666966	5000.0	0.001	7.85e-05	0.126588	0.9567684463107379,0.043029194161167766,0.00020235952809438112
494	2998495199	5000.0	0.001	7.85e-05	-0.303839	0.8392327534493101,0.1429626874625075,0.01776992601479704,3.4633073385322936e-05
498	1940549625	5000.0	0.001	7.85e-05	-0.025857	0.9664479904019196,0.03349266146770646,5.934813037392521e-05
495	905916396	5000.0	0.001	7.85e-05	0.053549	0.943526974605079,0.056318016396720655,0.00015500899820035993
499	2622928893	5000.0	0.001	7.85e-05	0.313251	0.9187133373325335,0.08079212157568487,0.0004945410917816436
497	1438609393	5000.0	0.001	7.85e-05	-0.360987	0.9318284743051389,0.06675292941411717,0.0014185162967406519,7.998400319936013e-08
496	3362705389	5000.0	0.001	7.85e-05	-0.046709	0.9050347930413917,0.09404203159368127,0.0009229754049190162,1.9996000799840033e-07
