sim_id	seed	popsize	selcoef	mutrate	velocity	profile
14	4101658652	5000.0	0.001	8.25175e-05	-0.108829	0.9099017796440712,0.08671997600479904,0.003362367526494701,1.5876824635072987e-05
2	1165604866	5000.0	0.001	8.25175e-05	0.984439	0.7268513497300539,0.26789350129974004,0.005236952609478105,1.819636072785443e-05
5	719063056	5000.0	0.001	8.25175e-05	-0.883767	0.7815107778444311,0.2162769846030794,0.0022095580883823235,2.679464107178564e-06
1	1141178368	5000.0	0.001	8.25175e-05	0.279391	0.9465782843431314,0.05307678464307138,0.00034493101379724057
10	40032279	5000.0	0.001	8.25175e-05	-0.538175	0.7473002199560088,0.2300378324335133,0.020903019396120777,0.0017580883823235353,8.398320335932813e-07
4	1918060558	5000.0	0.001	8.25175e-05	0.174057	0.9452951409718057,0.05439236152769446,0.0003124975004999
0	2314405888	5000.0	0.001	8.25175e-05	-0.162891	0.9278840631873625,0.06969398120375925,0.0024200359928014397,1.919616076784643e-06
9	1302444054	5000.0	0.001	8.25175e-05	0.059457	0.9124113577284543,0.08710089982003599,0.00048770245950809836,3.9992001599680065e-08
11	1196986393	5000.0	0.001	8.25175e-05	0.066661	0.9600805438912218,0.037685622875424915,0.002209238152369526,2.459508098380324e-05
19	1708535852	5000.0	0.001	8.25175e-05	-0.284997	0.9115143771245751,0.08719504099180164,0.001290261947610478,3.199360127974405e-07
16	1063276574	5000.0	0.001	8.25175e-05	-0.033091	0.9453120575884824,0.05430405918816237,0.00038384323135372923,3.9992001599680065e-08
6	2673913873	5000.0	0.001	8.25175e-05	-0.078128	0.8099086582683463,0.18323211357728456,0.006841751649670066,1.7476504699060186e-05
8	3230771220	5000.0	0.001	8.25175e-05	0.264604	0.9453272145570886,0.05444863027394521,0.00022415516896620675
18	184223774	5000.0	0.001	8.25175e-05	-0.968335	0.8921994401119776,0.10680727854429115,0.000993241351729654,3.9992001599680065e-08
3	1382881291	5000.0	0.001	8.25175e-05	0.114262	0.9480811437712457,0.051331373725254946,0.0005874425114977005,3.9992001599680065e-08
17	3743942685	5000.0	0.001	8.25175e-05	1.125274	0.7792725854829035,0.18090569886022795,0.0387131773645271,0.0011084183163367328,1.199760047990402e-07
12	404811801	5000.0	0.001	8.25175e-05	0.109413	0.9548771045790841,0.04437128574285143,0.0007456108778244351,5.99880023995201e-06
7	1961021459	5000.0	0.001	8.25175e-05	-0.467949	0.8644012397520496,0.12213973205358929,0.013448350329934014,1.0677864427114578e-05
13	1616347163	5000.0	0.001	8.25175e-05	1.313999	0.7397298140371925,0.2554371125774845,0.004808118376324735,2.3555288942211558e-05,1.3997200559888023e-06
15	2958981148	5000.0	0.001	8.25175e-05	0.710356	0.8452964207158569,0.15410389922015597,0.0005996800639872026
20	1550780461	5000.0	0.001	8.25175e-05	-0.079877	0.9201981603679265,0.07929738052389522,0.0005040191961607678,4.399120175964807e-07
22	598437939	5000.0	0.001	8.25175e-05	0.095740	0.9431366926614677,0.054701779644071184,0.0021612077584483103,3.199360127974405e-07
39	1937420415	5000.0	0.001	8.25175e-05	0.016521	0.9310144371125775,0.06862039592081584,0.000365126974605079,3.9992001599680065e-08
25	1448980547	5000.0	0.001	8.25175e-05	-0.611592	0.9116081583683263,0.06010437912417516,0.02821371725654869,7.374525094981004e-05
27	3481946183	5000.0	0.001	8.25175e-05	-0.143302	0.9631398920215957,0.03674185162967406,0.00011825634873025394
21	3990097970	5000.0	0.001	8.25175e-05	0.446224	0.9135800039992001,0.08555148970205959,0.0008681063787242552,3.9992001599680065e-07
33	3248730224	5000.0	0.001	8.25175e-05	-0.445682	0.8685145370925815,0.12700131973605278,0.004475504899020196,8.638272345530894e-06
31	2745663594	5000.0	0.001	8.25175e-05	-0.069812	0.9558985002999401,0.043017116576684666,0.0010841031793641272,2.7994401119776043e-07
28	2166667336	5000.0	0.001	8.25175e-05	0.127288	0.8803468106378725,0.1093118576284743,0.010273625274945011,6.770645870825835e-05
38	1492777087	5000.0	0.001	8.25175e-05	0.127941	0.9510899020195961,0.04881731653669266,9.278144371125775e-05
26	473847879	5000.0	0.001	8.25175e-05	-0.611186	0.7883692461507699,0.1937378124375125,0.01785602879424115,3.6912617476504696e-05
29	1074069608	5000.0	0.001	8.25175e-05	0.043348	0.9557680063987203,0.042719176164767045,0.0015126574685062988,1.5996800639872026e-07
23	1817270328	5000.0	0.001	8.25175e-05	0.131923	0.9650623075384923,0.03474485102979404,0.00019264147170565887,1.9996000799840033e-07
32	2713118831	5000.0	0.001	8.25175e-05	-0.128597	0.9012906618676265,0.09832613477304539,0.0003832033593281344
30	2883932265	5000.0	0.001	8.25175e-05	-0.203881	0.857626674665067,0.13725150969806038,0.005076544691061787,4.527094581083783e-05
24	3469195328	5000.0	0.001	8.25175e-05	-0.045139	0.9650257548490302,0.032025794841031796,0.002638592281543691,0.0003098580283943211
37	3176235134	5000.0	0.001	8.25175e-05	0.009330	0.9761896820635872,0.023508258348330334,0.00030205958808238355
35	1834850416	5000.0	0.001	8.25175e-05	-0.202646	0.9359224955008998,0.06225986802639472,0.0018126774645070985,4.9590081983603276e-06
34	3596460143	5000.0	0.001	8.25175e-05	-0.406704	0.9430691061787643,0.05524535092981404,0.0016851429714057188,3.9992001599680065e-07
36	1770840187	5000.0	0.001	8.25175e-05	0.302927	0.9362925814837033,0.04600463907218556,0.017690781843631275,1.199760047990402e-05
41	4228642946	5000.0	0.001	8.25175e-05	0.599990	0.8871520895820836,0.11180875824835033,0.001039112177564487,3.9992001599680065e-08
40	1263693952	5000.0	0.001	8.25175e-05	-0.036394	0.9591836432713458,0.04062403519296141,0.00019232153569286143
44	3788642440	5000.0	0.001	8.25175e-05	0.101075	0.6825694861027795,0.3121465706858628,0.004873865226954609,0.00040999800039992,7.998400319936013e-08
48	3774693531	5000.0	0.001	8.25175e-05	-0.094449	0.9807602079584083,0.018911617676464706,0.0003268146370725855,1.3597280543891223e-06
54	1722558636	5000.0	0.001	8.25175e-05	0.147968	0.9364611877624475,0.06241915616876625,0.0011142971405718857,5.358928214357128e-06
42	1549637758	5000.0	0.001	8.25175e-05	0.057292	0.9590733853229354,0.040451749650069986,0.0002964607078584283,0.00017840431913617276
49	2483513500	5000.0	0.001	8.25175e-05	0.419152	0.9153038192361528,0.0827615276944611,0.0019342931413717256,3.5992801439712056e-07
55	54141101	5000.0	0.001	8.25175e-05	-1.280502	0.8757246550689862,0.10649326134773045,0.017493981203759248,0.0002881023795240952
52	1883015331	5000.0	0.001	8.25175e-05	0.092327	0.9355838032393521,0.06436812637472505,4.807038592281544e-05
51	4170305696	5000.0	0.001	8.25175e-05	-0.176522	0.9104845830833833,0.08691881623675266,0.001945250949810038,0.0006305938812237552,2.0755848830233953e-05
53	2650669225	5000.0	0.001	8.25175e-05	0.467055	0.9068920215956808,0.08997012597480504,0.00236000799840032,0.0007776844631073786,1.5996800639872026e-07
50	2395304094	5000.0	0.001	8.25175e-05	-0.620097	0.9254602279544091,0.07239464107178564,0.0021447710457908418,3.5992801439712056e-07
45	1630218378	5000.0	0.001	8.25175e-05	0.051046	0.894227274545091,0.09922051589682064,0.006547890421915617,4.319136172765447e-06
56	2105237678	5000.0	0.001	8.25175e-05	-0.192862	0.9416859028194361,0.057777644471105775,0.0004945410917816436,4.1711657668466304e-05,1.9996000799840033e-07
43	4224002181	5000.0	0.001	8.25175e-05	0.515906	0.7895246950609878,0.20434789042191562,0.006115656868626275,1.1757648470305939e-05
46	3512082575	5000.0	0.001	8.25175e-05	-0.319355	0.95853825234953,0.04051977604479104,0.0009418116376724655,1.5996800639872026e-07
59	1632895158	5000.0	0.001	8.25175e-05	-0.413198	0.9090691061787642,0.08999164167166566,0.0009391721655668866,7.998400319936013e-08
57	1176697007	5000.0	0.001	8.25175e-05	0.598106	0.815748050389922,0.1818742651469706,0.002376484703059388,1.199760047990402e-06
47	3558506645	5000.0	0.001	8.25175e-05	-0.514392	0.9356843431313737,0.061623555288942214,0.002664507098580284,2.7594481103779245e-05
58	3070857396	5000.0	0.001	8.25175e-05	0.175892	0.9544089582083584,0.04550429914017196,8.674265146970605e-05
60	3376244919	5000.0	0.001	8.25175e-05	-0.211767	0.9392349130173965,0.059766566686662664,0.000998480303939212,3.9992001599680065e-08
61	1567434942	5000.0	0.001	8.25175e-05	0.092021	0.9585432113577285,0.04117884423115377,0.00027786442711457706,7.998400319936013e-08
69	3309971703	5000.0	0.001	8.25175e-05	-0.154098	0.9191636472705459,0.08058192361527694,0.00025442911417716455
62	3393444035	5000.0	0.001	8.25175e-05	-0.228151	0.9330979404119176,0.06673145370925815,0.0001704859028194361,1.199760047990402e-07
66	3891665127	5000.0	0.001	8.25175e-05	-0.022717	0.9226533093381324,0.07699620075984803,0.00035048990201959606
63	3126010052	5000.0	0.001	8.25175e-05	-0.016348	0.9651512097580484,0.03472253549290142,0.00012625474905018997
68	2297161969	5000.0	0.001	8.25175e-05	-0.838547	0.8814260347930414,0.11813401319736053,0.0004399520095980804
65	2833111242	5000.0	0.001	8.25175e-05	0.017757	0.9194279544091182,0.06795632873425315,0.012200919816036793,0.00041475704859028194,3.9992001599680065e-08
64	1583827145	5000.0	0.001	8.25175e-05	-0.298794	0.9093204959008199,0.08922311537692461,0.0014561087782443511,2.7994401119776043e-07
70	138660088	5000.0	0.001	8.25175e-05	0.375644	0.8619552889422115,0.13236024795040993,0.005671985602879424,1.247750449910018e-05
67	3725838570	5000.0	0.001	8.25175e-05	-0.041552	0.9448853429314137,0.0549755648870226,0.00013909218156368726
74	3957465351	5000.0	0.001	8.25175e-05	-0.777131	0.8956367926414717,0.09571401719656068,0.00813497300539892,0.0005141371725654869,7.998400319936013e-08
71	2998296827	5000.0	0.001	8.25175e-05	0.449652	0.8171063387322536,0.17815428914217157,0.004732173565286942,7.198560287942412e-06
75	3803515153	5000.0	0.001	8.25175e-05	0.051570	0.9739359328134373,0.025896820635872824,0.00016724655068986203
73	2682466562	5000.0	0.001	8.25175e-05	-0.131754	0.9530324335132974,0.04307714457108578,0.003889542091581684,8.798240351929614e-07
72	2465878270	5000.0	0.001	8.25175e-05	-0.039416	0.9663661667666467,0.03127890421915617,0.0023509298140371926,3.999200159968006e-06
77	3536861467	5000.0	0.001	8.25175e-05	-0.021170	0.9288171565686862,0.07083155368926215,0.00035092981403719257,3.5992801439712056e-07
76	2198999313	5000.0	0.001	8.25175e-05	-0.077567	0.9720474305138972,0.027900579884023197,5.1989602079584085e-05
78	4065208605	5000.0	0.001	8.25175e-05	-1.617849	0.7361294941011798,0.2429744451109778,0.019251549690061986,0.0016441511697660469,3.5992801439712056e-07
79	2851877150	5000.0	0.001	8.25175e-05	0.197626	0.9203954409118177,0.0794513097380524,0.0001530893821235753,1.5996800639872026e-07
80	1556730143	5000.0	0.001	8.25175e-05	0.397779	0.863051349730054,0.12412229554089182,0.012799640071985603,2.6714657068586283e-05
81	4100940066	5000.0	0.001	8.25175e-05	0.916672	0.873068226354729,0.12092345530893821,0.006004679064187162,3.639272145570886e-06
82	579801390	5000.0	0.001	8.25175e-05	-0.056579	0.9250603479304139,0.07241819636072785,0.002504779044191162,1.6676664667066585e-05
84	4261675314	5000.0	0.001	8.25175e-05	0.089826	0.9541394121175765,0.04576500699860028,9.558088382323536e-05
83	3591739698	5000.0	0.001	8.25175e-05	0.568103	0.896748450309938,0.06641351729654069,0.03663875224955009,0.00019928014397120576
85	4189067584	5000.0	0.001	8.25175e-05	-0.221124	0.8525460907818436,0.13556556688662266,0.011791121775644871,9.718056388722256e-05,3.9992001599680065e-08
86	1226686785	5000.0	0.001	8.25175e-05	0.172762	0.9401078184363127,0.05917128574285143,0.0006834633073385323,3.743251349730054e-05
87	1987729732	5000.0	0.001	8.25175e-05	0.030134	0.9603547690461908,0.039405598880223956,0.00023959208158368326,3.9992001599680065e-08
88	3506272584	5000.0	0.001	8.25175e-05	0.150130	0.966949450109978,0.032788282343531296,0.00026226754649070187
91	4016775514	5000.0	0.001	8.25175e-05	-0.048840	0.9629182163567287,0.03636800639872025,0.0007137772445510897
93	4096690531	5000.0	0.001	8.25175e-05	0.476871	0.9182675064987003,0.06936696660667867,0.012360727854429114,4.599080183963207e-06,1.9996000799840033e-07
89	3999613264	5000.0	0.001	8.25175e-05	-0.018467	0.9737420915816837,0.026130453909218157,0.00012745450909818038
92	1084467555	5000.0	0.001	8.25175e-05	-0.191601	0.9649476104779044,0.03495696860627875,9.542091581683664e-05
90	3859601744	5000.0	0.001	8.25175e-05	-0.313402	0.9193489702059588,0.08028174365126975,0.000363127374525095,6.15876824635073e-06
95	555817318	5000.0	0.001	8.25175e-05	0.094325	0.7958409518096381,0.20304723055388924,0.001111617676464707,1.9996000799840033e-07
94	1829712229	5000.0	0.001	8.25175e-05	0.350579	0.9393763647270545,0.05958488302339532,0.001015356928614277,2.3395320935812836e-05
96	344486245	5000.0	0.001	8.25175e-05	-0.327050	0.8922265946810638,0.10361955608878225,0.004130373925214957,2.3395320935812836e-05,7.998400319936013e-08
98	1391137136	5000.0	0.001	8.25175e-05	0.267242	0.9086101179764047,0.09048354329134173,0.0009062187562487502,1.199760047990402e-07
97	1685842281	5000.0	0.001	8.25175e-05	0.272896	0.9440350329934013,0.055825554889022196,0.0001394121175764847
99	3042330993	5000.0	0.001	8.25175e-05	-0.102904	0.9472345530893821,0.05066726654669066,0.0020978204359128174,3.5992801439712056e-07
100	723208560	5000.0	0.001	8.25175e-05	-0.062408	0.9626929014197161,0.036900379924015195,0.00040671865626874625
101	945244532	5000.0	0.001	8.25175e-05	-0.108602	0.9607834433113377,0.03900447910417917,0.00021207758448310338
102	3010865525	5000.0	0.001	8.25175e-05	-0.926612	0.8134182763447311,0.17436832633473306,0.012156888622275545,5.650869826034793e-05
112	2820356526	5000.0	0.001	8.25175e-05	-0.149609	0.9449070185962808,0.05491501699660068,0.0001626474705058988,1.5316936612677465e-05
109	301236634	5000.0	0.001	8.25175e-05	0.105911	0.973794201159768,0.025981843631273746,0.00022395520895820837
110	441786789	5000.0	0.001	8.25175e-05	-0.120510	0.9644755448910218,0.03342999400119976,0.002057268546290742,3.719256148770246e-05
106	1616497025	5000.0	0.001	8.25175e-05	0.991320	0.8412412717456509,0.14166702659468106,0.01705858828234353,3.3113377324535094e-05
105	2619097469	5000.0	0.001	8.25175e-05	0.033418	0.8254195560887823,0.1464131973605279,0.028149130173965208,1.811637672465507e-05
107	3903594894	5000.0	0.001	8.25175e-05	0.095493	0.9596985402919416,0.04020079984003199,0.00010065986802639473
104	962937212	5000.0	0.001	8.25175e-05	-0.555766	0.9215106178764247,0.07741835632873426,0.0010709458108378324,7.998400319936013e-08
113	3168053683	5000.0	0.001	8.25175e-05	-0.094039	0.9485788442311538,0.04950857828434313,0.0016715856828634272,0.00024059188162367526,3.9992001599680065e-07
111	202832297	5000.0	0.001	8.25175e-05	0.484592	0.8873752049590082,0.11084687062587482,0.001764007198560288,1.3917216556688662e-05
108	444504469	5000.0	0.001	8.25175e-05	-0.752469	0.8560516696660668,0.1430262347530494,0.0009219356128774245,1.5996800639872026e-07
103	2772511098	5000.0	0.001	8.25175e-05	0.116453	0.9632407518496301,0.03654065186962607,0.00021859628074385123
114	1129173428	5000.0	0.001	8.25175e-05	-0.047455	0.9492800639872025,0.04937860427914417,0.0013413317336532693
115	1699125692	5000.0	0.001	8.25175e-05	-0.782234	0.8472839832033593,0.1512631873625275,0.0014523095380923816,5.198960207958409e-07
116	2604161469	5000.0	0.001	8.25175e-05	0.032321	0.9504437112577484,0.048795600879824035,0.0007606478704259149,3.9992001599680065e-08
118	161309117	5000.0	0.001	8.25175e-05	0.045638	0.9239895220955808,0.07514761047790441,0.0008627874425114977,7.998400319936013e-08
117	864407998	5000.0	0.001	8.25175e-05	0.184396	0.9288813037392522,0.060997280543891225,0.010117216556688662,4.1991601679664066e-06
120	1092946372	5000.0	0.001	8.25175e-05	0.041131	0.930770725854829,0.06835804839032193,0.0008708258348330334,3.9992001599680065e-07
121	1921452487	5000.0	0.001	8.25175e-05	0.102518	0.9219380123975205,0.07704303139372126,0.001002999400119976,1.5956808638272344e-05
119	3025244610	5000.0	0.001	8.25175e-05	0.203412	0.8942545890821836,0.10448838232353529,0.0012570285942811437
123	936452556	5000.0	0.001	8.25175e-05	-0.089751	0.9388690661867627,0.05630981803639272,0.004820435912817437,6.798640271945611e-07
122	2652174795	5000.0	0.001	8.25175e-05	0.002951	0.9771704059188162,0.021550449910017998,0.0012785442911417717,5.99880023995201e-07
126	587940303	5000.0	0.001	8.25175e-05	0.223360	0.9454443111377725,0.05305474905018996,0.0015000599880023995,8.798240351929614e-07
125	2786511308	5000.0	0.001	8.25175e-05	-0.138413	0.9118153969206159,0.086300899820036,0.0018747850429914018,8.918216356728655e-06
124	3513530828	5000.0	0.001	8.25175e-05	-0.123181	0.963657148570286,0.03395320935812837,0.002389282143571286,3.5992801439712056e-07
130	3540019678	5000.0	0.001	8.25175e-05	-0.217139	0.9224905418916217,0.07610845830833833,0.0013918816236752648,9.118176364727055e-06
131	1658696159	5000.0	0.001	8.25175e-05	0.166453	0.8379788042391522,0.15943395320935813,0.0025866026794641073,6.39872025594881e-07
127	1639825868	5000.0	0.001	8.25175e-05	-0.408047	0.9170383923215357,0.08113269346130773,0.0018275144971005798,1.3997200559888023e-06
128	466160081	5000.0	0.001	8.25175e-05	-0.287936	0.9182616276744651,0.08137820435912818,0.00036000799840031996,1.5996800639872026e-07
133	1189376478	5000.0	0.001	8.25175e-05	0.403242	0.9298686262747451,0.06925190961807638,0.0008794641071785642
129	4244230611	5000.0	0.001	8.25175e-05	0.002330	0.9561649270145971,0.04303471305738852,0.0007037392521495701,9.662067586482703e-05
132	1696170463	5000.0	0.001	8.25175e-05	0.022013	0.9535514897020596,0.045179524095180966,0.0012619076184763047,7.0785842831433715e-06
134	421618147	5000.0	0.001	8.25175e-05	-0.153883	0.964753049390122,0.03152009598080384,0.00370877824435113,1.807638472305539e-05
135	111954404	5000.0	0.001	8.25175e-05	0.070891	0.9536451909618077,0.03851829634073185,0.007822875424915016,1.3637272545490901e-05
136	2445429222	5000.0	0.001	8.25175e-05	0.689932	0.8473946410717856,0.14942903419316136,0.0031737252549490103,2.599480103979204e-06
139	1500510710	5000.0	0.001	8.25175e-05	0.504055	0.91735724855029,0.0786635872825435,0.003969126174765047,1.0037992401519696e-05
137	2870432232	5000.0	0.001	8.25175e-05	0.018416	0.941151649670066,0.058705938812237554,0.00014237152569486104,3.9992001599680065e-08
140	4199131640	5000.0	0.001	8.25175e-05	-0.197595	0.9631136172765447,0.03202783443311338,0.0048477104579084185,1.0837832433513298e-05
138	1121716719	5000.0	0.001	8.25175e-05	-0.494503	0.8938401119776045,0.10568266346730654,0.0004772245550889822
141	1006490104	5000.0	0.001	8.25175e-05	-0.991512	0.8425511697660468,0.15083575284943013,0.006611597680463907,1.4797040591881624e-06
142	3007316473	5000.0	0.001	8.25175e-05	0.242825	0.9178337132573485,0.06656988602279544,0.015241711657668466,0.0003546490701859628,3.9992001599680065e-08
143	3389721087	5000.0	0.001	8.25175e-05	-0.642393	0.9108757848430314,0.08801023795240952,0.0011059388122375525,8.038392321535693e-06
149	3107547684	5000.0	0.001	8.25175e-05	-0.439325	0.8123415316936613,0.1366759048190362,0.05036132773445311,0.0006212357528494301
147	1015185953	5000.0	0.001	8.25175e-05	-0.790760	0.9029156968606279,0.058975604879024195,0.015256788642271545,0.02240519896020796,0.00044663067386522696,7.998400319936013e-08
146	2979975712	5000.0	0.001	8.25175e-05	0.669292	0.8673607678464307,0.12956776644671067,0.0030706658668266345,7.998400319936013e-07
152	1367202353	5000.0	0.001	8.25175e-05	-0.023166	0.9709474105178965,0.02748978204359128,0.0015608078384323136,1.999600079984003e-06
145	730204696	5000.0	0.001	8.25175e-05	0.251709	0.9411576084783043,0.05859144171165767,0.0002509498100379924
150	2058134053	5000.0	0.001	8.25175e-05	0.230453	0.9102365526894621,0.07941987602479504,0.01024871025794841,9.486102779444112e-05
148	2192925218	5000.0	0.001	8.25175e-05	-0.372730	0.8846630673865227,0.11269522095580883,0.002640271945610878,1.4397120575884822e-06
153	1547264578	5000.0	0.001	8.25175e-05	0.005585	0.9775149770045991,0.022113017396520697,0.00037200559888022396
157	69673561	5000.0	0.001	8.25175e-05	0.160880	0.9361835232953409,0.0636877424515097,0.00012873425314937012
159	3913566825	5000.0	0.001	8.25175e-05	-0.110427	0.9357736452709459,0.0603374525094981,0.003883343331333733,5.558888222355529e-06
151	2333508138	5000.0	0.001	8.25175e-05	0.048342	0.9779183363327335,0.02201127774445111,7.038592281543691e-05
160	510526064	5000.0	0.001	8.25175e-05	-0.051180	0.9692147570485903,0.02839772045590882,0.002383843231353729,3.679264147170566e-06
154	1401625156	5000.0	0.001	8.25175e-05	0.009359	0.9613635672865427,0.034667426514697064,0.003962687462507499,6.3187362527494505e-06
158	2742520419	5000.0	0.001	8.25175e-05	-0.211966	0.8471042591481703,0.14585798840231953,0.00702751449710058,1.0237952409518097e-05
161	2595471990	5000.0	0.001	8.25175e-05	-0.474524	0.9441842031593681,0.0557248950209958,9.090181963607279e-05
155	87071313	5000.0	0.001	8.25175e-05	0.816152	0.8671284943011398,0.12605270945810837,0.006817276544691062,1.5196960607878424e-06
156	1239556696	5000.0	0.001	8.25175e-05	0.037582	0.949328374325135,0.04832693461307738,0.002343851229754049,8.398320335932813e-07
144	4122554887	5000.0	0.001	8.25175e-05	0.166380	0.9313509298140372,0.06826410717856429,0.0003844831033793241,4.799040191961608e-07
162	2607073922	5000.0	0.001	8.25175e-05	-0.373128	0.9401283343331334,0.05969382123575285,0.00017780443911217758,3.9992001599680065e-08
163	776471171	5000.0	0.001	8.25175e-05	-0.103651	0.9742669066186762,0.019337652469506098,0.006392801439712058,2.639472105578884e-06
164	1951230598	5000.0	0.001	8.25175e-05	-0.058099	0.9763507698460308,0.022873225354929014,0.0007754849030193961,5.198960207958409e-07
166	257909394	5000.0	0.001	8.25175e-05	0.019284	0.9215974405118976,0.07258272345530895,0.005816836632673465,2.999400119976005e-06
168	2109950619	5000.0	0.001	8.25175e-05	-0.028395	0.9312769446110778,0.06700087982403519,0.0017221755648870226
169	2050575004	5000.0	0.001	8.25175e-05	0.994362	0.6665344531093781,0.32588022395520894,0.007551809638072385,3.351329734053189e-05
167	3092943509	5000.0	0.001	8.25175e-05	-0.197285	0.9120801839632073,0.08710429914017197,0.0008064787042591482,9.038192361527695e-06
165	379724424	5000.0	0.001	8.25175e-05	0.370889	0.8979563287342531,0.10132977404519096,0.0007119776044791042,1.919616076784643e-06
171	4024212131	5000.0	0.001	8.25175e-05	0.397661	0.9406377524495101,0.05881431713657269,0.0005479304139172165
172	2763244196	5000.0	0.001	8.25175e-05	-0.076918	0.9511916016796641,0.04798992201559688,0.0008183963207358528,7.998400319936013e-08
173	136034983	5000.0	0.001	8.25175e-05	0.138213	0.9611318536292741,0.0380751449710058,0.0007928414317136573,1.5996800639872026e-07
179	4230038229	5000.0	0.001	8.25175e-05	0.180014	0.7996657868426315,0.19934573085382923,0.0009825234953009397,5.958808238352329e-06
177	1250329294	5000.0	0.001	8.25175e-05	0.014035	0.9391572885422915,0.06006566686662668,0.000777004599080184,3.9992001599680065e-08
178	2443678415	5000.0	0.001	8.25175e-05	0.328703	0.9084058788242352,0.0904121575684863,0.0011792841431713657,2.679464107178564e-06
175	1508541116	5000.0	0.001	8.25175e-05	-0.033253	0.9707530893821236,0.028588082383523294,0.0006587882423515297,3.9992001599680065e-08
174	3981380282	5000.0	0.001	8.25175e-05	0.351886	0.865636872625475,0.12753521295740852,0.006625954809038192,0.0002019596080783843
181	2581658343	5000.0	0.001	8.25175e-05	-0.061064	0.8598610277944411,0.13669714057188562,0.003441751649670066,7.998400319936013e-08
180	3518386913	5000.0	0.001	8.25175e-05	0.334538	0.9466022395520896,0.04254217156568686,0.010851669666066786,3.919216156768646e-06
182	2660750059	5000.0	0.001	8.25175e-05	-0.204896	0.919829274145171,0.0792253549290142,0.0009435312937412518,1.839632073585283e-06
170	501564067	5000.0	0.001	8.25175e-05	0.033275	0.9533164167166567,0.046580763847230554,0.00010281943611277745
183	843594479	5000.0	0.001	8.25175e-05	-0.211532	0.9302650669866027,0.06900755848830234,0.000727374525094981
176	3498406604	5000.0	0.001	8.25175e-05	-0.478395	0.8881307338532294,0.10032165566886622,0.01152113577284543,2.6474705058988204e-05
187	3568208647	5000.0	0.001	8.25175e-05	0.046771	0.9433357728454309,0.05603335332933413,0.000630873825234953
189	2997717784	5000.0	0.001	8.25175e-05	-0.390370	0.9344375124975005,0.06513145370925814,0.0004310337932413517
186	3857638133	5000.0	0.001	8.25175e-05	-0.114014	0.94029850029994,0.05501839632073585,0.004681183763247351,1.919616076784643e-06
190	4134335264	5000.0	0.001	8.25175e-05	-0.113649	0.9614518696260748,0.03617608478304339,0.0023719656068786244,7.998400319936013e-08
188	882768659	5000.0	0.001	8.25175e-05	0.044427	0.9446356728654269,0.05408294341131774,0.0012779044191161767,3.4793041391721655e-06
184	2981921520	5000.0	0.001	8.25175e-05	0.087229	0.9615391721655668,0.03821707658468306,0.00024375124975005
191	3933739812	5000.0	0.001	8.25175e-05	-0.012382	0.9583910417916417,0.041349330133973204,0.00025586882623475306,3.759248150369926e-06
185	2569980660	5000.0	0.001	8.25175e-05	0.721443	0.9052057588482304,0.08529726054789043,0.009489342131573686,7.638472305538892e-06
194	3469835061	5000.0	0.001	8.25175e-05	-0.032103	0.8566240351929614,0.14108590281943612,0.0021876424715056987,0.00010241951609678064
192	2894994213	5000.0	0.001	8.25175e-05	-1.719931	0.7590393121375725,0.23269270145970805,0.008182123575284942,8.58628274345131e-05
193	3646186285	5000.0	0.001	8.25175e-05	0.003315	0.9648353129374125,0.03503575284943011,0.00012893421315736853
196	1365771075	5000.0	0.001	8.25175e-05	-0.024149	0.9673021395720856,0.032608118376324734,8.962207558488303e-05,1.199760047990402e-07
197	241484612	5000.0	0.001	8.25175e-05	0.123597	0.9448751849630074,0.05375316936612677,0.0013655668866226754,6.07878424315137e-06
198	3923829573	5000.0	0.001	8.25175e-05	-0.301579	0.957468826234753,0.04237804439112178,0.00015312937412517496
195	334252866	5000.0	0.001	8.25175e-05	-0.057668	0.9651444911017797,0.03227254549090182,0.0025660867826434713,1.6876624675064987e-05
199	3705965383	5000.0	0.001	8.25175e-05	1.362089	0.8468023595280944,0.1501248150369926,0.0025374525094981003,0.0005345330933813237,8.398320335932813e-07
200	3127833416	5000.0	0.001	8.25175e-05	-0.135939	0.9213431713657269,0.06743543291341732,0.009471625674865028,0.0017484503099380125,1.319736052789442e-06
201	2993482572	5000.0	0.001	8.25175e-05	0.203874	0.962463627274545,0.037412837432513495,0.00012353529294141172
202	1050049359	5000.0	0.001	8.25175e-05	-0.307531	0.9266293141371725,0.05986998600279944,0.013338412317536493,0.0001622875424915017
203	2835053392	5000.0	0.001	8.25175e-05	-0.425215	0.889150449910018,0.10653469306138773,0.0040007198560287945,0.0003141371725654869
207	3269729130	5000.0	0.001	8.25175e-05	-0.048655	0.961299300139972,0.03862571485702859,7.498500299940011e-05
204	2279433055	5000.0	0.001	8.25175e-05	-0.226116	0.9499651669666067,0.03568010397920416,0.012515776844631074,0.0018385122975404919,4.399120175964807e-07
206	46621540	5000.0	0.001	8.25175e-05	0.119455	0.9453490101979604,0.05367938412317536,0.0009714057188562287,1.9996000799840033e-07
212	4178893707	5000.0	0.001	8.25175e-05	0.261031	0.9488700659868027,0.050522895420915814,0.0006069586082783444,7.998400319936013e-08
205	3666766687	5000.0	0.001	8.25175e-05	-0.077529	0.9486917416516697,0.05085114977004599,0.0004571085782843431
208	1535888247	5000.0	0.001	8.25175e-05	0.150744	0.9498295940811837,0.04995688862227554,0.0002126374725054989,8.798240351929614e-07
209	1604848505	5000.0	0.001	8.25175e-05	0.110710	0.9237678864227155,0.07580563887222555,0.0004263547290541892,1.199760047990402e-07
214	394654612	5000.0	0.001	8.25175e-05	0.127234	0.9481133373325334,0.05173817236552689,0.00014849030193961208
211	3413050248	5000.0	0.001	8.25175e-05	-0.024906	0.9508920615876825,0.04628174365126975,0.0028223555288942213,3.839232153569286e-06
213	3941024660	5000.0	0.001	8.25175e-05	0.139204	0.9581792041591681,0.04129182163567287,0.0005288942211557689,7.998400319936013e-08
210	932944761	5000.0	0.001	8.25175e-05	0.249417	0.9443529294141172,0.05510885822835433,0.0005378924215156969,3.199360127974405e-07
222	3984223167	5000.0	0.001	8.25175e-05	-0.111728	0.9483266946610678,0.051548130373925215,0.0001251749650069986
223	2880175041	5000.0	0.001	8.25175e-05	0.199504	0.7708389122175565,0.21616144771045792,0.01289010197960408,0.00010953809238152369
218	2569327535	5000.0	0.001	8.25175e-05	0.046886	0.8810237552489502,0.11383579284143171,0.005138452309538092,1.999600079984003e-06
220	2821655479	5000.0	0.001	8.25175e-05	-0.182022	0.9242092381523695,0.068950849830034,0.005399440111977604,0.0014390721855628873,1.3997200559888023e-06
219	1742599088	5000.0	0.001	8.25175e-05	0.565760	0.8477958408318337,0.14610769846030794,0.00609382123575285,2.639472105578884e-06
216	3386215320	5000.0	0.001	8.25175e-05	0.212497	0.9427477704459108,0.05690253949210158,0.00034953009398120376,1.5996800639872026e-07
217	236610479	5000.0	0.001	8.25175e-05	0.755305	0.8281726854629075,0.16410261947610477,0.007720975804839032,3.719256148770246e-06
221	2129138618	5000.0	0.001	8.25175e-05	-0.125459	0.9461720055988803,0.052241631673665266,0.0015852829434113177,1.0797840431913617e-06
215	3938986902	5000.0	0.001	8.25175e-05	0.275375	0.6470309138172365,0.3106062787442512,0.041859268146370726,0.0005035392921415717
224	2217870278	5000.0	0.001	8.25175e-05	-0.097781	0.9551724455108979,0.043890741851629674,0.0009272945410917817,9.518096380723854e-06
225	3724334023	5000.0	0.001	8.25175e-05	-0.072371	0.9507632873425315,0.04778012397520496,0.001454629074185163,1.959608078384323e-06
226	718275539	5000.0	0.001	8.25175e-05	0.031466	0.966427474505099,0.033517896420715856,5.4629074185162965e-05
229	4081062892	5000.0	0.001	8.25175e-05	0.210308	0.90170149970006,0.0975378924215157,0.0007606078784243151
227	1638071254	5000.0	0.001	8.25175e-05	0.567420	0.8733689662067586,0.12559028194361127,0.001038512297540492,2.2395520895820834e-06
228	3530232799	5000.0	0.001	8.25175e-05	0.098400	0.9537215356928614,0.04606850629874025,0.00020987802439512097,7.998400319936013e-08
230	3726988274	5000.0	0.001	8.25175e-05	0.546176	0.9080019196160768,0.07999260147970406,0.012,5.478904219156169e-06
231	2711862260	5000.0	0.001	8.25175e-05	0.263941	0.9318049590081984,0.06700175964807038,0.001189002199560088,4.2791441711657665e-06
232	812143607	5000.0	0.001	8.25175e-05	-0.097717	0.9202713857228554,0.07779584083183363,0.001932733453309338,3.9992001599680065e-08
233	985031672	5000.0	0.001	8.25175e-05	1.743557	0.71374725054989,0.21984171165766847,0.0662876624675065,0.000123375324935013
235	1813408767	5000.0	0.001	8.25175e-05	-0.165354	0.9580483903219356,0.0330375124975005,0.008885662867426515,2.8434313137372527e-05
234	3601929211	5000.0	0.001	8.25175e-05	-0.115599	0.8839145770845831,0.11513441311737653,0.0009509298140371926,7.998400319936013e-08
237	368534539	5000.0	0.001	8.25175e-05	0.781987	0.8846683863227355,0.11400623875224955,0.0013251749650069985,1.9996000799840033e-07
236	4107160578	5000.0	0.001	8.25175e-05	-0.546902	0.9119554889022196,0.08650637872425515,0.0015378524295140972,2.7994401119776043e-07
239	45374477	5000.0	0.001	8.25175e-05	0.233385	0.9475566886622675,0.05220695860827834,0.0002359128174365127,4.399120175964807e-07
238	4233753612	5000.0	0.001	8.25175e-05	-0.848413	0.8840023195360928,0.10657840431913618,0.009407598480303939,1.1677664467106578e-05
240	1113564175	5000.0	0.001	8.25175e-05	0.544407	0.9053997200559888,0.09290325934813037,0.0016932213557288543,3.7992401519696063e-06
241	46117906	5000.0	0.001	8.25175e-05	-0.025909	0.9337832433513298,0.06572745450909818,0.0004893021395720856
243	3186015253	5000.0	0.001	8.25175e-05	0.037589	0.97110849830034,0.028690341931613676,0.00020115976804639072
242	3757632531	5000.0	0.001	8.25175e-05	0.543642	0.8815390121975605,0.11047002599480105,0.00798880223955209,2.1595680863827235e-06
246	3041025063	5000.0	0.001	8.25175e-05	0.082797	0.9048319136172766,0.09006746650669865,0.00509874025194961,1.879624075184963e-06
244	4266996760	5000.0	0.001	8.25175e-05	1.440702	0.8138830233953209,0.18196788642271547,0.0041467306538692265,2.359528094381124e-06
248	591854640	5000.0	0.001	8.25175e-05	0.093320	0.9489594081183763,0.05045478904219156,0.0005858028394321136
245	3815420963	5000.0	0.001	8.25175e-05	0.144314	0.9163420515896821,0.08056888622275545,0.0030881823635272947,8.798240351929614e-07
247	1234867241	5000.0	0.001	8.25175e-05	0.142991	0.932074425114977,0.06143299340131973,0.006485662867426515,6.918616276744651e-06
249	1337730101	5000.0	0.001	8.25175e-05	-2.771652	0.490451549690062,0.47336624675064987,0.035744771045790845,0.0004373925214957009,3.9992001599680065e-08
251	1667871803	5000.0	0.001	8.25175e-05	0.021011	0.9693373325334933,0.02911633673265347,0.0015173365326934614,1.3997200559888023e-05,1.4997000599880025e-05
250	4225295418	5000.0	0.001	8.25175e-05	0.004714	0.9258929814037192,0.07346946610677864,0.0006374325134973005,1.199760047990402e-07
253	1249543239	5000.0	0.001	8.25175e-05	0.625875	0.9052400319936013,0.09075736852629473,0.003991801639672066,1.0797840431913617e-05
252	1408205888	5000.0	0.001	8.25175e-05	0.212424	0.9581477704459108,0.0415999600079984,0.00025226954609078187
254	4047469643	5000.0	0.001	8.25175e-05	-0.104202	0.9192785442911418,0.08039464107178565,0.0003259748050389922,8.398320335932813e-07
255	2242520141	5000.0	0.001	8.25175e-05	0.139530	0.9262111977604479,0.07208338332333533,0.0017050589882023595,3.5992801439712056e-07
256	2772509782	5000.0	0.001	8.25175e-05	-0.695371	0.8013664467106578,0.19514425114977005,0.0034648670265946813,2.443511297740452e-05
257	561230944	5000.0	0.001	8.25175e-05	-0.074461	0.9141178564287142,0.08509322135572886,0.0007888822235552889,3.9992001599680065e-08
258	3854965862	5000.0	0.001	8.25175e-05	0.060108	0.6454879824035193,0.352244951009798,0.002255868826234753,1.1197760447910418e-05
259	525970536	5000.0	0.001	8.25175e-05	-0.830964	0.8796591881623675,0.11592029594081184,0.004418396320735853,2.1195760847830435e-06
262	1725758572	5000.0	0.001	8.25175e-05	0.132381	0.9364324735052989,0.0619002599480104,0.0016672265546890622,3.9992001599680065e-08
263	1571339387	5000.0	0.001	8.25175e-05	-0.023273	0.9744473105378925,0.025526454709058188,2.623475304939012e-05
261	2250839148	5000.0	0.001	8.25175e-05	-0.524248	0.7997956408718256,0.1857398120375925,0.014445470905818837,1.907618476304739e-05
260	4175541352	5000.0	0.001	8.25175e-05	-0.014409	0.9671392521495701,0.03140499900019996,0.0014555488902219557,1.9996000799840033e-07
264	3014423675	5000.0	0.001	8.25175e-05	0.482533	0.8539494901019796,0.1423496900619876,0.0035314537092581482,0.00016936612677464507
267	604245127	5000.0	0.001	8.25175e-05	0.218764	0.9237863227354529,0.0738629074185163,0.00234497100579884,5.798840231953609e-06
265	658752637	5000.0	0.001	8.25175e-05	0.028578	0.8908001199760048,0.09446646670665867,0.014471945610877824,0.00026146770645870825
269	1472918668	5000.0	0.001	8.25175e-05	0.270673	0.9409704859028194,0.0578495100979804,0.00118000399920016
266	140319867	5000.0	0.001	8.25175e-05	-0.068159	0.9543734453109378,0.04280139972005599,0.0028247950409918017,3.5992801439712056e-07
268	1970027658	5000.0	0.001	8.25175e-05	-0.568652	0.8732786642671466,0.12554577084583082,0.0010944211157768446,8.114377124575085e-05
271	2720818323	5000.0	0.001	8.25175e-05	0.161885	0.918075024995001,0.08090333933213358,0.0010213157368526295,3.199360127974405e-07
270	2525187212	5000.0	0.001	8.25175e-05	0.425884	0.8959639272145571,0.10348450309938012,0.0005508498300339932,7.198560287942411e-07
272	115903635	5000.0	0.001	8.25175e-05	-0.207767	0.9291920015996801,0.063500099980004,0.007288422315536893,1.947610477904419e-05
273	3313073311	5000.0	0.001	8.25175e-05	0.388058	0.8252303939212158,0.17082931413717256,0.003936052789442111,4.239152169566087e-06
276	2596357293	5000.0	0.001	8.25175e-05	0.094241	0.8933778844231154,0.10493285342931413,0.001688622275544891,6.39872025594881e-07
274	333005984	5000.0	0.001	8.25175e-05	0.134814	0.9604505898820236,0.03943255348930214,0.00011685662867426515
275	1586484388	5000.0	0.001	8.25175e-05	0.085715	0.9798261947610478,0.020155888822235554,1.7916416716656668e-05
277	2587700398	5000.0	0.001	8.25175e-05	0.267251	0.9141544091181764,0.08533001399720055,0.0005153369326134774,2.399520095980804e-07
278	1245504691	5000.0	0.001	8.25175e-05	-0.228493	0.9454580683863227,0.05419856028794241,0.0003426114777044591,7.598480303939212e-07
282	2584048838	5000.0	0.001	8.25175e-05	-0.122186	0.924225674865027,0.06804083183363327,0.007242991401719656,0.000490501899620076
281	3852723397	5000.0	0.001	8.25175e-05	0.359858	0.8737176164767047,0.12417300539892022,0.0021091781643671264,1.9996000799840033e-07
283	3360435408	5000.0	0.001	8.25175e-05	0.357141	0.9536593481303739,0.045356648670265946,0.0009832433513297341,7.598480303939212e-07
280	2063625400	5000.0	0.001	8.25175e-05	0.122275	0.9320426714657069,0.06767914417116577,0.00027818436312737453
279	1454130358	5000.0	0.001	8.25175e-05	0.128083	0.9358888622275545,0.06332657468506299,0.0007845630873825235
284	2821063889	5000.0	0.001	8.25175e-05	-0.373657	0.8943458508298341,0.10412017596480704,0.0014823035392921417,5.166966606678664e-05
287	2082815199	5000.0	0.001	8.25175e-05	-0.235037	0.9353744851029794,0.06247874425114977,0.002146610677864427,1.5996800639872026e-07
289	1936274666	5000.0	0.001	8.25175e-05	-0.189630	0.9668093181363727,0.033138172365526894,5.250949810037993e-05
286	3791738079	5000.0	0.001	8.25175e-05	0.512339	0.8891144171165767,0.1061754449110178,0.0047098180363927215,3.199360127974405e-07
285	1453878493	5000.0	0.001	8.25175e-05	-0.103068	0.9206873825234952,0.07719012197560488,0.0021156968606278743,6.798640271945611e-06
292	1633428728	5000.0	0.001	8.25175e-05	0.251402	0.9127751649670066,0.08595236952609478,0.0012723455308938213,1.199760047990402e-07
294	857568511	5000.0	0.001	8.25175e-05	0.504199	0.9132831833633274,0.07664031193761248,0.009954849030193962,0.00012165566886622676
288	2733747430	5000.0	0.001	8.25175e-05	-0.190741	0.953181123775245,0.04675956808638272,5.9228154369126175e-05,7.998400319936013e-08
291	1639548151	5000.0	0.001	8.25175e-05	0.134723	0.9124623475304939,0.08458032393521296,0.00295624875024995,1.0797840431913617e-06
297	1469566227	5000.0	0.001	8.25175e-05	0.227695	0.9095435312937412,0.08985310937812438,0.0006031993601279744,1.5996800639872026e-07
298	4072219923	5000.0	0.001	8.25175e-05	0.136376	0.9583791641671666,0.040095580883823236,0.0015237352529494101,1.2397520495900819e-06,2.7994401119776043e-07
296	1814973712	5000.0	0.001	8.25175e-05	0.186881	0.9469548890221956,0.05080679864027195,0.002237872425514897,4.399120175964807e-07
293	1310422269	5000.0	0.001	8.25175e-05	0.128210	0.9334033993201359,0.06591793641271745,0.0006785842831433714,7.998400319936013e-08
290	4093930741	5000.0	0.001	8.25175e-05	0.063879	0.9621330133973205,0.037152769446110775,0.0007140971805638872,1.199760047990402e-07
295	1281350919	5000.0	0.001	8.25175e-05	-0.110291	0.9573187362527494,0.0422994601079784,0.00038060387922415515,1.199760047990402e-06
299	1592925460	5000.0	0.001	8.25175e-05	0.248987	0.9467555688862228,0.04986674665066987,0.0033729254149170167,4.759048190361927e-06
300	4145296663	5000.0	0.001	8.25175e-05	1.691759	0.43090773845230956,0.5431351329734053,0.02592625474905019,3.087382523495301e-05
302	1348887835	5000.0	0.001	8.25175e-05	-0.405233	0.8153107378524295,0.15436620675864826,0.029605758848230353,0.0007156168766246751,1.6796640671865626e-06
301	1969917207	5000.0	0.001	8.25175e-05	-1.285466	0.8614558288342331,0.13373461307738452,0.003922975404919016,0.0008865826834633073
303	181429535	5000.0	0.001	8.25175e-05	-0.742656	0.9196283943211357,0.0794875424915017,0.0008840631873625275
304	3030797605	5000.0	0.001	8.25175e-05	0.086236	0.9598649470105979,0.03994601079784043,0.00018904219156168765
305	1335657775	5000.0	0.001	8.25175e-05	-0.255102	0.9012392321535693,0.09774205158968206,0.0010187162567486504
306	1816274225	5000.0	0.001	8.25175e-05	0.058162	0.9601258948210358,0.03412257548490302,0.005443631273745251,0.0003078984203159368
308	3177686328	5000.0	0.001	8.25175e-05	-0.180708	0.9583390121975605,0.04153229354129174,0.00012869426114777045
307	808690995	5000.0	0.001	8.25175e-05	-0.806430	0.838670225954809,0.15923307338532294,0.0020965406918616275,1.5996800639872026e-07
311	2684069178	5000.0	0.001	8.25175e-05	0.170106	0.9346856228754249,0.06458492301539692,0.0007294141171765647,3.9992001599680065e-08
309	3133732154	5000.0	0.001	8.25175e-05	0.176886	0.9072949410117976,0.09053901219756048,0.0021646870625874827,1.3597280543891223e-06
312	2485538111	5000.0	0.001	8.25175e-05	0.157966	0.9725666866626674,0.024444671065786842,0.002988082383523295,5.598880223955209e-07
310	3107499323	5000.0	0.001	8.25175e-05	0.009524	0.8956996600679864,0.08851125774845031,0.015337292541491701,0.0004517896420715857
314	198483266	5000.0	0.001	8.25175e-05	0.096198	0.956800599880024,0.0430126374725055,0.00018668266346730654,7.998400319936013e-08
313	1149441344	5000.0	0.001	8.25175e-05	-0.396249	0.9017550889822036,0.09667742451509698,0.0015672065586882623,2.7994401119776043e-07
315	1989025093	5000.0	0.001	8.25175e-05	0.208662	0.9257413317336532,0.07275176964607079,0.001503619276144771,3.279344131173765e-06
316	2437950794	5000.0	0.001	8.25175e-05	-0.178666	0.923913177364527,0.074275624875025,0.0015660467906418716,0.0002451509698060388
317	3473843535	5000.0	0.001	8.25175e-05	-0.163949	0.9361717256548691,0.06350749850029994,0.0003199760047990402,7.998400319936013e-07
318	1389174103	5000.0	0.001	8.25175e-05	0.020891	0.9463728054389122,0.05353229354129174,9.490101979604079e-05
319	2051874136	5000.0	0.001	8.25175e-05	0.232838	0.9446449510097981,0.054091501699660066,0.0012633873225354928,1.5996800639872026e-07
320	74034529	5000.0	0.001	8.25175e-05	0.663435	0.7694590281943612,0.18819040191961608,0.042029554089182165,0.00032101579684063185
321	1371575655	5000.0	0.001	8.25175e-05	0.180917	0.8940621875624875,0.0990132773445311,0.006895860827834433,2.8674265146970606e-05
322	1116487019	5000.0	0.001	8.25175e-05	-0.177786	0.9676477104579084,0.03194721055788842,0.00040507898420315936
323	3818927494	5000.0	0.001	8.25175e-05	-0.493077	0.9055816436712657,0.08991701659668067,0.004491341731653669,9.998000399920016e-06
324	218967433	5000.0	0.001	8.25175e-05	0.120034	0.881846950609878,0.11602871425714857,0.002124095180963807,2.399520095980804e-07
325	437511563	5000.0	0.001	8.25175e-05	1.312563	0.6743925214957008,0.29076456708658266,0.03439676064787043,0.0004461507698460308
326	2201142670	5000.0	0.001	8.25175e-05	-0.353263	0.9328705058988203,0.065800799840032,0.0013286542691461707,3.9992001599680065e-08
327	771599762	5000.0	0.001	8.25175e-05	0.523728	0.8505444911017797,0.08414489102179563,0.06391025794841032,0.0014002799440111977,7.998400319936013e-08
329	3150075286	5000.0	0.001	8.25175e-05	-0.169567	0.9709795640871826,0.028964407118576285,5.602879424115177e-05
328	3592889747	5000.0	0.001	8.25175e-05	0.067543	0.9680650269946011,0.03177956408718256,0.00015540891821635674
331	653604273	5000.0	0.001	8.25175e-05	0.560241	0.8893640471905618,0.10470841831633673,0.00592617476504699,1.3597280543891223e-06
332	637777329	5000.0	0.001	8.25175e-05	0.490489	0.9336072785442912,0.05341455708858228,0.011519336132773445,0.0014582283543291342,5.99880023995201e-07
333	2074914229	5000.0	0.001	8.25175e-05	-0.131121	0.9586451909618077,0.041224275144971005,0.00013053389322135572
335	3996693961	5000.0	0.001	8.25175e-05	0.204152	0.8850320335932813,0.11057056588682264,0.004396480703859228,9.198160367926415e-07
330	1486937515	5000.0	0.001	8.25175e-05	-0.193640	0.9706910617876424,0.027968126374725056,0.0013403319336132773,4.799040191961608e-07
336	922150347	5000.0	0.001	8.25175e-05	-0.179459	0.9137646470705859,0.0842862627474505,0.0019446510697860428,4.439112177564487e-06
334	2342051266	5000.0	0.001	8.25175e-05	-0.269354	0.9397466506698661,0.05977644471105779,0.00047666466706658666,2.399520095980804e-07
337	965875147	5000.0	0.001	8.25175e-05	0.033301	0.9463524095180964,0.05330125974805039,0.0003463307338532294
339	1220314574	5000.0	0.001	8.25175e-05	-0.118565	0.9451198560287942,0.05452641471705659,0.0003537292541491702
338	2082995661	5000.0	0.001	8.25175e-05	0.107463	0.9451180163967207,0.05469554089182164,0.00018644271145770846
341	3858263505	5000.0	0.001	8.25175e-05	0.307721	0.9236561887622475,0.07607706458708258,0.00026582683463307336,9.198160367926415e-07
340	2626452945	5000.0	0.001	8.25175e-05	-0.970320	0.5793706058788243,0.4075732053589282,0.011488342331533693,0.0015670465906818636,7.998400319936013e-07
348	841164269	5000.0	0.001	8.25175e-05	-0.134326	0.9377913617276544,0.061985362927414515,0.00022327534493101378
350	1997626862	5000.0	0.001	8.25175e-05	0.224413	0.9018166366726654,0.09205174965006999,0.0060896620675864824,4.195160967806439e-05
345	400772572	5000.0	0.001	8.25175e-05	-0.376440	0.9085304939012198,0.08985538892221556,0.0016140371925614876,7.998400319936013e-08
344	438873563	5000.0	0.001	8.25175e-05	0.044015	0.9801275344931014,0.01978008398320336,9.238152369526095e-05
351	2518269431	5000.0	0.001	8.25175e-05	-0.018825	0.872145850829834,0.1270257548490302,0.0008282343531293741,1.5996800639872026e-07
342	3810448851	5000.0	0.001	8.25175e-05	0.050847	0.9719274545090982,0.027994361127774446,7.818436312737452e-05
355	615615996	5000.0	0.001	8.25175e-05	0.264613	0.9501719256148771,0.04887002599480104,0.0009578884223155369,1.5996800639872026e-07
343	2570733012	5000.0	0.001	8.25175e-05	-0.595470	0.8203464907018596,0.17840975804839032,0.00124375124975005
354	2531274234	5000.0	0.001	8.25175e-05	-0.217570	0.8391461707658469,0.156724975004999,0.004076944611077785,5.1909618076384724e-05
346	266860007	5000.0	0.001	8.25175e-05	-0.263628	0.9019622475504899,0.09768106378724255,0.00035652869426114776,1.5996800639872026e-07
353	268611064	5000.0	0.001	8.25175e-05	0.025172	0.9762135172965407,0.023633153369326136,0.00015332933413317337
356	4252292606	5000.0	0.001	8.25175e-05	-0.234431	0.8467795640871826,0.14957860427914418,0.003637392521495701,4.439112177564487e-06
347	1749005802	5000.0	0.001	8.25175e-05	-0.240402	0.9192293941211758,0.08014529094181164,0.000625114977004599,1.9996000799840033e-07
359	510328327	5000.0	0.001	8.25175e-05	0.114487	0.9495497300539892,0.05038636272745451,6.390721855628875e-05
349	2329153005	5000.0	0.001	8.25175e-05	0.044263	0.9419232153569286,0.055686662667466504,0.00239000199960008,1.199760047990402e-07
352	3050300920	5000.0	0.001	8.25175e-05	-0.022025	0.9500675464907019,0.045757848430313934,0.004170245950809838,4.359128174365127e-06
358	802995718	5000.0	0.001	8.25175e-05	0.116082	0.9635824835032993,0.03538192361527694,0.0010179564087182563,1.7636472705458908e-05
357	3734885892	5000.0	0.001	8.25175e-05	0.294430	0.8576449110177964,0.1399632873425315,0.0023903219356128775,1.4797040591881624e-06
360	3987861002	5000.0	0.001	8.25175e-05	0.202184	0.9486860627874425,0.050828074385122976,0.00024007198560287943,0.0002456308738252349,1.5996800639872026e-07
361	4086060556	5000.0	0.001	8.25175e-05	-0.399064	0.9384913417316537,0.06124043191361728,0.00026814637072585483,7.998400319936013e-08
362	577031704	5000.0	0.001	8.25175e-05	-0.609794	0.8976307938412318,0.09850929814037193,0.003855868826234753,4.039192161567687e-06
363	1779058207	5000.0	0.001	8.25175e-05	-0.031182	0.9280075584883023,0.06872969406118776,0.0032204359128174364,4.231153769246151e-05
364	1624436256	5000.0	0.001	8.25175e-05	0.283112	0.922467026594681,0.0761131773645271,0.001411397720455909,8.398320335932813e-06
366	46018099	5000.0	0.001	8.25175e-05	0.313971	0.939349050189962,0.05928426314737053,0.001337612477504499,2.9074185162967407e-05
368	3128237629	5000.0	0.001	8.25175e-05	-0.254824	0.9197340131973605,0.07181099780043991,0.008181963607278544,0.0002730253949210158
365	3394123301	5000.0	0.001	8.25175e-05	-0.046481	0.9495891621675665,0.04673881223755249,0.003665346930613877,6.678664267146571e-06
367	3393748536	5000.0	0.001	8.25175e-05	-0.199437	0.8403519296140772,0.15587182563487303,0.0037740451909618077,2.1995600879824035e-06
369	1831992896	5000.0	0.001	8.25175e-05	0.146476	0.9319450109978005,0.06597652469506099,0.0019882823435312938,9.018196360727855e-05
371	3269662281	5000.0	0.001	8.25175e-05	0.216483	0.9281271345730854,0.07062607478504299,0.0012460707858428315,7.198560287942411e-07
370	896943683	5000.0	0.001	8.25175e-05	0.079561	0.9224861027794441,0.07642267546490703,0.0010911417716456709,7.998400319936013e-08
372	1655760458	5000.0	0.001	8.25175e-05	-0.656250	0.899571325734853,0.09965158968206358,0.0007770845830833834
374	282347093	5000.0	0.001	8.25175e-05	0.093472	0.9275702459508098,0.0707500099980004,0.0016546690661867626,2.50749850029994e-05
373	3565692499	5000.0	0.001	8.25175e-05	0.441880	0.9255774845030994,0.07335224955008998,0.001070145970805839,1.199760047990402e-07
375	3136790104	5000.0	0.001	8.25175e-05	-0.041364	0.9489830033993202,0.0502877024595081,0.0007290541891621675,2.399520095980804e-07
377	1326650974	5000.0	0.001	8.25175e-05	-0.268331	0.8706200759848031,0.12745466906618677,0.0018928214357128573,3.243351329734053e-05
378	3315328609	5000.0	0.001	8.25175e-05	-0.056315	0.9689297340531894,0.03004399120175965,0.0010262347530493902,3.9992001599680065e-08
376	1763718746	5000.0	0.001	8.25175e-05	1.802519	0.5647864827034593,0.36598172365526893,0.06222679464107179,0.0069454109178164365,5.9588082383523295e-05
382	3262690919	5000.0	0.001	8.25175e-05	-0.088830	0.9677316536692662,0.03179000199960008,0.0004781843631273745,1.5996800639872026e-07
380	3569413731	5000.0	0.001	8.25175e-05	-0.021123	0.8967906418716257,0.1003891221755649,0.0028190761847630475,1.159768046390722e-06
379	3152766562	5000.0	0.001	8.25175e-05	-0.523983	0.8808127974405119,0.11827270545890822,0.000914377124575085,1.199760047990402e-07
381	67186278	5000.0	0.001	8.25175e-05	-0.190867	0.9720984603079385,0.027549210157968407,0.0003523295340931814
387	4114255482	5000.0	0.001	8.25175e-05	-0.011202	0.9631621675664866,0.036786882623475306,5.09498100379924e-05
386	3216014968	5000.0	0.001	8.25175e-05	-0.024215	0.9538092381523695,0.04610981803639272,8.094381123775244e-05
383	1570236009	5000.0	0.001	8.25175e-05	0.028470	0.9570593081383724,0.042084903019396123,0.0008554689062187562,3.199360127974405e-07
389	2300358273	5000.0	0.001	8.25175e-05	-0.259318	0.9219392121575685,0.07727178564287143,0.0007886422715456909,3.5992801439712056e-07
391	1314244227	5000.0	0.001	8.25175e-05	-0.104377	0.8873627674465107,0.11081091781643672,0.0018253549290141971,9.598080383923216e-07
393	2922223238	5000.0	0.001	8.25175e-05	0.127237	0.8632592281543692,0.12755616876624676,0.00915632873425315,2.8274345130973805e-05
390	2096363138	5000.0	0.001	8.25175e-05	0.074747	0.9540438712257548,0.045639112177564486,0.0003167766446710658,2.399520095980804e-07
392	3603990149	5000.0	0.001	8.25175e-05	-0.165291	0.9287938812237553,0.06968638272345531,0.001517976404719056,1.7596480703859228e-06
388	3831608958	5000.0	0.001	8.25175e-05	0.127817	0.8921394521095781,0.10505062987402519,0.0028071585682863426,2.7594481103779245e-06
394	2096680592	5000.0	0.001	8.25175e-05	-0.090639	0.9305635672865427,0.0652378324335133,0.0041152969406118775,8.330333933213357e-05
385	1789652598	5000.0	0.001	8.25175e-05	0.678278	0.8765810437912418,0.11155200959808038,0.011776644671065787,9.030193961207759e-05
384	2543898219	5000.0	0.001	8.25175e-05	0.047588	0.7979991201759649,0.18871653669266147,0.012917856428714257,0.00035956808638272345,6.918616276744651e-06
395	3250001554	5000.0	0.001	8.25175e-05	0.026502	0.8478881023795241,0.14139404119176166,0.010680743851229755,3.71125774845031e-05
396	345542293	5000.0	0.001	8.25175e-05	-0.384259	0.8729240551889622,0.12058032393521295,0.0064919416116776645,3.679264147170566e-06
400	1368829612	5000.0	0.001	8.25175e-05	0.392632	0.8860381523695261,0.1122365926814637,0.0017196960607878424,5.558888222355529e-06
401	3077965485	5000.0	0.001	8.25175e-05	-0.233325	0.9094356728654269,0.0901377724455109,0.0004264747050589882,7.998400319936013e-08
398	3592365733	5000.0	0.001	8.25175e-05	-0.293299	0.8457904419116177,0.15169166166766646,0.00251497700459908,2.9194161167766445e-06
399	531054247	5000.0	0.001	8.25175e-05	-0.011557	0.9401129374125174,0.05977952409518096,0.00010269946010797841,4.839032193561288e-06
402	3622690479	5000.0	0.001	8.25175e-05	0.048495	0.9548249950009998,0.045050269946010794,0.00012421515696860627,5.198960207958409e-07
403	3952051889	5000.0	0.001	8.25175e-05	-0.388984	0.8832572685462907,0.10376984603079384,0.012956848630273946,1.6036792641471705e-05
397	1313808032	5000.0	0.001	8.25175e-05	-0.287094	0.9376693461307738,0.061389162167566486,0.0009411717656468706,3.199360127974405e-07
404	1444193972	5000.0	0.001	8.25175e-05	0.052105	0.9472241551689662,0.05214737052589482,0.0006270745850829834,1.3997200559888023e-06
405	3675590344	5000.0	0.001	8.25175e-05	1.239553	0.7953486502699461,0.19720531893621276,0.007411357728454309,3.4673065386922613e-05
409	2469668567	5000.0	0.001	8.25175e-05	-0.298107	0.9357712457508498,0.06189586082783443,0.002332733453309338,1.5996800639872026e-07
407	4001095374	5000.0	0.001	8.25175e-05	0.103039	0.923949050189962,0.07454809038192362,0.0015027794441111778,7.998400319936013e-08
408	415430356	5000.0	0.001	8.25175e-05	0.002283	0.9713103779244151,0.02843127374525095,0.0002583483303339332
406	2990292683	5000.0	0.001	8.25175e-05	-0.337634	0.9295713657268546,0.06997340531893621,0.00045486902619476104,3.5992801439712056e-07
410	3048939226	5000.0	0.001	8.25175e-05	1.743741	0.7242993801239752,0.2598978204359128,0.015795600879824036,7.198560287942412e-06
411	2376875741	5000.0	0.001	8.25175e-05	-0.229200	0.950195400919816,0.048691021795640874,0.0010963407318536292,1.7236552689462107e-05
418	1073032946	5000.0	0.001	8.25175e-05	-0.365652	0.932549650069986,0.06412261547690462,0.0033239752049590084,3.759248150369926e-06
413	243472094	5000.0	0.001	8.25175e-05	-0.013417	0.922975924815037,0.07665378924215158,0.000368126374725055,2.1595680863827235e-06
415	4220329705	5000.0	0.001	8.25175e-05	-0.257770	0.9421340931813638,0.057301659668066385,0.000564247150569886
417	565266159	5000.0	0.001	8.25175e-05	0.117334	0.9637867226554689,0.03596876624675065,0.0002445110977804439
412	4139425502	5000.0	0.001	8.25175e-05	0.052016	0.9689887222555489,0.03091765646870626,9.350129974005199e-05,1.199760047990402e-07
425	2902337292	5000.0	0.001	8.25175e-05	-0.832699	0.8662775044991001,0.1322847030593881,0.0014369526094781043,8.398320335932813e-07
419	3315994370	5000.0	0.001	8.25175e-05	0.211402	0.9466820635872826,0.052965966806638676,0.00035192961407718457,3.9992001599680065e-08
416	1299750636	5000.0	0.001	8.25175e-05	0.251456	0.9391954809038192,0.05784039192161568,0.002963607278544291,5.198960207958409e-07
424	1635663627	5000.0	0.001	8.25175e-05	0.123083	0.9331606878624276,0.06345210957808438,0.0033702859428114376,1.6916616676664667e-05
422	1863399174	5000.0	0.001	8.25175e-05	0.317905	0.789275824835033,0.2088371125774845,0.0018820235952809437,5.038992201559688e-06
420	3063617284	5000.0	0.001	8.25175e-05	-0.297853	0.9273772845430914,0.07234633073385323,0.000274745050989802,1.6396720655868826e-06
414	611391205	5000.0	0.001	8.25175e-05	-0.014967	0.9567347730453909,0.042744691061787646,0.0005205358928214357
421	4101500677	5000.0	0.001	8.25175e-05	-0.201311	0.9439852829434113,0.05564107178564287,0.00037364527094581085
423	3767310087	5000.0	0.001	8.25175e-05	-0.203220	0.9562985402919416,0.041091741651669664,0.002607638472305539,2.0795840831833635e-06
427	3142387470	5000.0	0.001	8.25175e-05	0.381194	0.9232297940411918,0.07480719856028795,0.001962887422515497,1.199760047990402e-07
426	4049164045	5000.0	0.001	8.25175e-05	-0.092560	0.9366713057388523,0.06233017396520696,0.000997880423915217,6.39872025594881e-07
431	1331332900	5000.0	0.001	8.25175e-05	-0.081019	0.9514265946810638,0.04831481703659268,0.0002585882823435313
430	2985248547	5000.0	0.001	8.25175e-05	0.020679	0.9445810037992401,0.050705498900219956,0.004634753049390122,7.874425114977005e-05
428	2666358546	5000.0	0.001	8.25175e-05	-0.187303	0.9745800839832034,0.021872225554889022,0.0035424515096980605,5.238952209558089e-06
429	3729964831	5000.0	0.001	8.25175e-05	-0.049754	0.9367205358928214,0.06312017596480704,0.00015924815036992603,3.9992001599680065e-08
434	1501642557	5000.0	0.001	8.25175e-05	-0.149639	0.9370502299540092,0.05953885222955409,0.003397280543891222,1.3637272545490901e-05
432	4122806055	5000.0	0.001	8.25175e-05	-0.256352	0.9310940211957609,0.0683487702459508,0.0005556888622275545,1.5196960607878424e-06
433	2412293946	5000.0	0.001	8.25175e-05	-0.013614	0.9703049390121976,0.029527894421115777,0.00016716656668666266
438	913891138	5000.0	0.001	8.25175e-05	-0.000034	0.9384145170965806,0.05321979604079184,0.0083249350129974,4.075184963007399e-05
439	4232890178	5000.0	0.001	8.25175e-05	-0.021254	0.954425474905019,0.044613357328534296,0.000948250349930014,1.291741651669666e-05
437	2926937921	5000.0	0.001	8.25175e-05	-0.532456	0.8757292141571685,0.11972757448510297,0.004533133373325335,1.0077984403119377e-05
440	3640006468	5000.0	0.001	8.25175e-05	-0.413727	0.9406721855628875,0.05812957408518296,0.001198240351929614
435	682889022	5000.0	0.001	8.25175e-05	0.114533	0.8769628874225155,0.1176621075784843,0.005371885622875425,3.119376124775045e-06
436	150247231	5000.0	0.001	8.25175e-05	0.426103	0.9210686262747451,0.0777115376924615,0.0012124375124975004,7.398520295940812e-06
441	1269102405	5000.0	0.001	8.25175e-05	-0.261033	0.9612846630673865,0.038091901619676065,0.00021739652069586082,0.00038844231153769247,1.7596480703859228e-05
443	1412808530	5000.0	0.001	8.25175e-05	-0.031587	0.9812233953209358,0.01876144771045791,1.5156968606278745e-05
445	36327252	5000.0	0.001	8.25175e-05	-0.041449	0.9768203959208158,0.022739132173565286,0.00044047190561887623
444	272283474	5000.0	0.001	8.25175e-05	0.242257	0.9172805438912217,0.07983487302539492,0.002882023595280944,2.559488102379524e-06
446	2061535061	5000.0	0.001	8.25175e-05	0.047437	0.9058513897220556,0.0934615076984603,0.0006870625874825035,3.9992001599680065e-08
449	3504467810	5000.0	0.001	8.25175e-05	-0.176207	0.9654738252349531,0.03443155368926215,9.462107578484303e-05
442	2183653194	5000.0	0.001	8.25175e-05	0.009730	0.9712638672265547,0.02866870625874825,6.74265146970606e-05
450	2848046950	5000.0	0.001	8.25175e-05	-0.105115	0.9533605678864228,0.045897100579884026,0.0007422915416916616,3.9992001599680065e-08
448	2676660062	5000.0	0.001	8.25175e-05	0.657738	0.6754512697460507,0.30615172965406917,0.018352889422115576,4.411117776444711e-05
451	598910825	5000.0	0.001	8.25175e-05	-0.425032	0.9208821835632873,0.07484275144971006,0.004274145170965807,9.198160367926415e-07
447	228185942	5000.0	0.001	8.25175e-05	0.070914	0.9695596080783844,0.03035868826234753,8.150369926014798e-05,1.9996000799840033e-07
455	2727241587	5000.0	0.001	8.25175e-05	0.211779	0.9172102379524095,0.07273637272545491,0.00934741051789642,0.0007056188762247551,3.5992801439712056e-07
452	2378168174	5000.0	0.001	8.25175e-05	-0.111955	0.8630470305938812,0.10024551089782044,0.03658128374325135,0.00012613477304539093,3.9992001599680065e-08
453	474351470	5000.0	0.001	8.25175e-05	-0.554208	0.9091532893421316,0.08906750649870027,0.0016858228354329134,9.338132373525295e-05
454	1882941298	5000.0	0.001	8.25175e-05	-0.082542	0.9627556888622275,0.03590849830033993,0.0013330933813237352,2.7194561087782445e-06
458	2073186170	5000.0	0.001	8.25175e-05	-0.068499	0.9513955608878224,0.04666986602679464,0.0019286942611477704,5.878824235152969e-06
461	1899300730	5000.0	0.001	8.25175e-05	0.066205	0.9763689662067586,0.023581923615276945,4.9110177964407116e-05
459	3559036795	5000.0	0.001	8.25175e-05	-0.390396	0.7843188162367527,0.21054513097380523,0.0051234553089382125,1.259748050389922e-05
456	3837636468	5000.0	0.001	8.25175e-05	-0.277509	0.9516717456508699,0.047888102379524095,0.0004399120175964807,2.399520095980804e-07
460	3225556860	5000.0	0.001	8.25175e-05	-0.826121	0.5872922615476904,0.3186138372325535,0.09356508698260348,0.0005276544691061787,1.159768046390722e-06
457	1305356152	5000.0	0.001	8.25175e-05	0.035202	0.9794698660267946,0.02048258348330334,4.75504899020196e-05
464	1119139726	5000.0	0.001	8.25175e-05	-0.412472	0.8871906018796241,0.10022119576084783,0.012570605878824236,1.7596480703859228e-05
463	1395171210	5000.0	0.001	8.25175e-05	0.220232	0.9376601479704059,0.06205862827434513,0.0002812237552489502
465	1301536659	5000.0	0.001	8.25175e-05	-0.144965	0.9497153369326135,0.0493494901019796,0.0009344931013797241,6.798640271945611e-07
462	1753581444	5000.0	0.001	8.25175e-05	-0.935810	0.8915364127174565,0.10576720655868826,0.002693461307738452,2.9194161167766445e-06
469	3681329058	5000.0	0.001	8.25175e-05	0.049015	0.9564771445710858,0.042625274945011,0.0008893021395720856,8.278344331133774e-06
466	2103035795	5000.0	0.001	8.25175e-05	-0.157948	0.8865588882223555,0.10891993601279744,0.004520095980803839,1.0797840431913617e-06
471	3030288294	5000.0	0.001	8.25175e-05	0.124025	0.9617664867026595,0.03802959408118376,0.00020391921615676864
467	684791704	5000.0	0.001	8.25175e-05	0.232252	0.9107073785242952,0.08735340931813637,0.0019276944611077785,1.1517696460707858e-05
470	3315883939	5000.0	0.001	8.25175e-05	0.010917	0.9639240151969606,0.03603135372925415,4.463107378524295e-05
478	2516832191	5000.0	0.001	8.25175e-05	-0.121741	0.9278165966806639,0.0703636072785443,0.0018193961207758449,3.9992001599680065e-07
468	4117172128	5000.0	0.001	8.25175e-05	0.194627	0.9604937812437513,0.03813105378924215,0.001375124975004999,3.9992001599680065e-08
473	3662118828	5000.0	0.001	8.25175e-05	-0.167801	0.9385927214557088,0.06039728054389122,0.0010085982803439313,1.3997200559888023e-06
474	48500654	5000.0	0.001	8.25175e-05	-0.445795	0.9390341531693661,0.0518251549690062,0.009136732653469306,3.959208158368327e-06
472	4045344682	5000.0	0.001	8.25175e-05	0.033024	0.9703389322135573,0.02755128974205159,0.002096660667866427,1.311737652469506e-05
475	3139835828	5000.0	0.001	8.25175e-05	0.182797	0.9581216156768646,0.041815236952609476,6.314737052589482e-05
479	1374289857	5000.0	0.001	8.25175e-05	-0.594994	0.8725000599880024,0.12437776444711057,0.003101739652069586,2.0435912817436513e-05
480	2796408772	5000.0	0.001	8.25175e-05	-0.044798	0.9384873825234953,0.05947178564287143,0.001954489102179564,8.634273145370926e-05
477	1007509439	5000.0	0.001	8.25175e-05	-0.192030	0.8348723455308938,0.1610976204759048,0.004027834433113378,2.1995600879824035e-06
476	1841874878	5000.0	0.001	8.25175e-05	0.066454	0.939127774445111,0.06021611677664467,0.0006559488102379524,1.5996800639872026e-07
481	3186706373	5000.0	0.001	8.25175e-05	-0.095678	0.9595284543091381,0.03956460707858429,0.0009069386122775445
482	2139709381	5000.0	0.001	8.25175e-05	0.005113	0.9652198760247951,0.034179444111177765,0.0006005998800239952,7.998400319936013e-08
483	4193839044	5000.0	0.001	8.25175e-05	-0.173498	0.9271108178364327,0.07145454909018197,0.0014327134573085382,1.919616076784643e-06
484	863352775	5000.0	0.001	8.25175e-05	0.423879	0.9358884623075385,0.06398020395920816,0.00013133373325334934
485	2774573001	5000.0	0.001	8.25175e-05	0.011383	0.9720717056588682,0.027623075384923014,0.00030521895620875823
488	3825582036	5000.0	0.001	8.25175e-05	-0.161714	0.9509989602079584,0.048694581083783245,0.0003062987402519496,1.5996800639872026e-07
487	1437024211	5000.0	0.001	8.25175e-05	0.401835	0.9237643671265747,0.07415720855828835,0.002078264347130574,1.5996800639872026e-07
486	418652109	5000.0	0.001	8.25175e-05	-0.042065	0.9619491301739652,0.03607390521895621,0.001976404719056189,5.598880223955209e-07
494	1314076651	5000.0	0.001	8.25175e-05	-0.175018	0.9727176964607078,0.027196200759848032,8.610277944411118e-05
491	2209460190	5000.0	0.001	8.25175e-05	0.266266	0.8537254949010198,0.14216740651869625,0.004104939012197561,2.1595680863827235e-06
489	3621853146	5000.0	0.001	8.25175e-05	-0.498245	0.8090116376724655,0.18697312537492503,0.0040050389922015595,1.0197960407918416e-05
490	3214106588	5000.0	0.001	8.25175e-05	0.195309	0.9177551289742052,0.08144379124175165,0.0007995200959808039,1.5596880623875224e-06
492	3624411105	5000.0	0.001	8.25175e-05	-0.075401	0.9578385122975405,0.042070865826834634,9.062187562487503e-05
497	359335921	5000.0	0.001	8.25175e-05	1.059832	0.8074881023795241,0.18930809838032395,0.003202119576084783,1.6796640671865626e-06
495	1615902701	5000.0	0.001	8.25175e-05	-0.392451	0.8713114177164567,0.12779768046390722,0.000890621875624875,2.7994401119776043e-07
496	1369063408	5000.0	0.001	8.25175e-05	0.082015	0.8875790441911617,0.10782039592081584,0.004590961807638472,9.598080383923215e-06
493	669968355	5000.0	0.001	8.25175e-05	-0.097239	0.8651891621675665,0.13249454109178163,0.0023160567886422716,2.399520095980804e-07
498	4275861497	5000.0	0.001	8.25175e-05	0.041511	0.9698375524895021,0.029946770645870827,0.0002156768646270746
499	714493949	5000.0	0.001	8.25175e-05	0.063627	0.9418609078184363,0.05073301339732054,0.005006438712257548,0.0023979204159168166,1.7196560687862428e-06
