sim_id	seed	popsize	selcoef	mutrate	velocity	profile
7	952463377	5000.0	0.001	7.5925e-06	0.005194	0.9992278344331134,0.0007721655668866227
11	1769240617	5000.0	0.001	7.5925e-06	-0.089282	0.9980854629074185,0.0019145370925814837
1	4258938883	5000.0	0.001	7.5925e-06	-0.755192	0.992679024195161,0.007320815836832633,1.5996800639872026e-07
3	3447597061	5000.0	0.001	7.5925e-06	-0.003952	0.9996676664667067,0.0003323335332933413
4	2124197893	5000.0	0.001	7.5925e-06	-0.006038	0.9993147370525894,0.0006852629474105179
6	215549966	5000.0	0.001	7.5925e-06	0.091520	0.9987374525094981,0.0012625474905018997
16	1328244802	5000.0	0.001	7.5925e-06	-0.055601	0.9981520095980804,0.0018479904019196162
15	2820976702	5000.0	0.001	7.5925e-06	0.004726	0.9993768846230754,0.000623115376924615
14	3786278967	5000.0	0.001	7.5925e-06	0.059065	0.9991427714457108,0.0008572285542891422
5	1703391245	5000.0	0.001	7.5925e-06	0.276279	0.9972646670665867,0.0027352929414117175,3.9992001599680065e-08
9	680626198	5000.0	0.001	7.5925e-06	-0.253323	0.9936767446510698,0.0063229754049190165,2.7994401119776043e-07
19	2471665735	5000.0	0.001	7.5925e-06	-0.026806	0.9933652469506099,0.006634633073385323,1.199760047990402e-07
2	1350924292	5000.0	0.001	7.5925e-06	5.253557	0.9143568086382724,0.08499120175964807,0.0006519896020795841
13	2879588397	5000.0	0.001	7.5925e-06	-0.068980	0.9934061187762447,0.006593521295740852,3.5992801439712056e-07
10	2113191958	5000.0	0.001	7.5925e-06	-0.007960	0.9993844431113778,0.0006152369526094781,3.199360127974405e-07
8	3649996820	5000.0	0.001	7.5925e-06	0.004316	0.9997292941411717,0.0002707058588282344
18	1744816198	5000.0	0.001	7.5925e-06	-0.186308	0.9864955008998201,0.013503339332133574,1.159768046390722e-06
0	2419193857	5000.0	0.001	7.5925e-06	0.001684	0.9990940611877624,0.0009059388122375525
12	1718870058	5000.0	0.001	7.5925e-06	0.073068	0.9971875624875025,0.0028124375124975007
17	1046120515	5000.0	0.001	7.5925e-06	0.003196	0.9997146170765847,0.00028538292341531696
22	3639889997	5000.0	0.001	7.5925e-06	-0.369599	0.9964497900419916,0.0035502099580083982
20	2339614793	5000.0	0.001	7.5925e-06	-0.064844	0.9988968606278744,0.0011031393721255749
24	1497929815	5000.0	0.001	7.5925e-06	0.001547	0.999251349730054,0.0007486502699460108
21	1677101133	5000.0	0.001	7.5925e-06	-0.327171	0.9928743851229754,0.007125494901019796,1.199760047990402e-07
23	1967863892	5000.0	0.001	7.5925e-06	0.277654	0.9847174565086982,0.01527634473105379,6.19876024795041e-06
26	2714751067	5000.0	0.001	7.5925e-06	-0.048917	0.9966564287142572,0.0033434113177364527,1.5996800639872026e-07
25	4172626008	5000.0	0.001	7.5925e-06	0.317481	0.9963170565886823,0.0036817836432713456,1.159768046390722e-06
31	669280366	5000.0	0.001	7.5925e-06	-0.024680	0.9954269546090782,0.004572925414917017,1.199760047990402e-07
30	1154420843	5000.0	0.001	7.5925e-06	0.033753	0.9988316336732653,0.0011683263347330535,3.9992001599680065e-08
29	1080735849	5000.0	0.001	7.5925e-06	-0.047189	0.9988043591281743,0.0011956408718256349
33	2783903855	5000.0	0.001	7.5925e-06	0.013549	0.9992168766246751,0.000783123375324935
35	3554433147	5000.0	0.001	7.5925e-06	-0.246067	0.9963515296940612,0.003648470305938812
34	4172355705	5000.0	0.001	7.5925e-06	0.048256	0.999035272945411,0.0009647270545890821
39	1876732046	5000.0	0.001	7.5925e-06	-0.152565	0.9983903619276144,0.001609638072385523
27	434446428	5000.0	0.001	7.5925e-06	-1.382598	0.9781748450309938,0.02182287542491502,2.279544091181764e-06
36	3062571131	5000.0	0.001	7.5925e-06	-1.784635	0.9806337132573485,0.019365566886622675,7.198560287942411e-07
32	2065055855	5000.0	0.001	7.5925e-06	5.698692	0.9210940611877625,0.07888582283543291,2.0115976804639073e-05
28	2482126947	5000.0	0.001	7.5925e-06	-0.397663	0.9968248350329934,0.003175124975004999,3.9992001599680065e-08
37	3622068358	5000.0	0.001	7.5925e-06	-0.116239	0.9946695860827834,0.005330413917216557
38	3205195917	5000.0	0.001	7.5925e-06	12.205128	0.875020875824835,0.12496944611077784,9.678064387122576e-06
40	2475266196	5000.0	0.001	7.5925e-06	0.872684	0.9911612877424515,0.00883867226554689,3.9992001599680065e-08
41	3349700756	5000.0	0.001	7.5925e-06	-0.007694	0.9931238152369526,0.0068761847630473905
42	3256293533	5000.0	0.001	7.5925e-06	-0.211441	0.9966110777844431,0.0032507098580283945,0.0001382123575284943
45	2823671968	5000.0	0.001	7.5925e-06	0.314317	0.9959534093181364,0.004046590681863627
43	2986049693	5000.0	0.001	7.5925e-06	0.010236	0.9855077384523095,0.014348210357928414,0.0001440511897620476
44	10016927	5000.0	0.001	7.5925e-06	0.052146	0.9979875624875025,0.0020124375124975003
47	1464608931	5000.0	0.001	7.5925e-06	0.101406	0.9960413917216556,0.003958608278344331
46	4183713953	5000.0	0.001	7.5925e-06	0.076748	0.9980117976404719,0.0019882023595280945
50	2150226092	5000.0	0.001	7.5925e-06	0.010117	0.999521975604879,0.00047802439512097583
49	2375051434	5000.0	0.001	7.5925e-06	-0.202424	0.9949128574285143,0.005087142571485703
53	3137886407	5000.0	0.001	7.5925e-06	0.111747	0.9983584483103379,0.0016415516896620677
48	1151862951	5000.0	0.001	7.5925e-06	-0.022888	0.9993686062787442,0.0006313937212557489
54	3121359048	5000.0	0.001	7.5925e-06	3.055690	0.9560641471705659,0.04384315136972605,9.270145970805838e-05
56	3589877966	5000.0	0.001	7.5925e-06	0.018684	0.999203199360128,0.0007968006398720256
51	3595141300	5000.0	0.001	7.5925e-06	-0.546740	0.9798267546490702,0.020171445710857827,1.799640071985603e-06
55	2618534091	5000.0	0.001	7.5925e-06	-0.050533	0.9988798640271945,0.0011201359728054388
52	1750266038	5000.0	0.001	7.5925e-06	-0.075411	0.9981134973005399,0.001886502699460108
57	2150394068	5000.0	0.001	7.5925e-06	-2.991779	0.9578582283543291,0.04213369326134773,8.078384323135373e-06
59	688869591	5000.0	0.001	7.5925e-06	4.014800	0.9462404319136173,0.05375396920615877,5.598880223955209e-06
58	3328897238	5000.0	0.001	7.5925e-06	-0.306869	0.980609598080384,0.01939020195960808,1.9996000799840033e-07
61	1022882010	5000.0	0.001	7.5925e-06	0.334562	0.9823025394921016,0.01769622075584883,1.2397520495900819e-06
62	1917548764	5000.0	0.001	7.5925e-06	-0.066919	0.998088902219556,0.0019110977804439112
60	2818945242	5000.0	0.001	7.5925e-06	-0.581832	0.9938593081383723,0.0061402919416116775,3.9992001599680065e-07
64	1603553508	5000.0	0.001	7.5925e-06	-0.088364	0.9989574085182963,0.0010425914817036592
65	897603815	5000.0	0.001	7.5925e-06	0.107473	0.9979360127974405,0.002061747650469906,2.2395520895820834e-06
66	1025888504	5000.0	0.001	7.5925e-06	0.196796	0.9858892621475704,0.014109458108378324,1.279744051189762e-06
63	1606117599	5000.0	0.001	7.5925e-06	-0.009750	0.9992587082583483,0.0007412917416516697
68	4228915456	5000.0	0.001	7.5925e-06	1.386601	0.9870567486502699,0.012942971405718855,2.7994401119776043e-07
67	3336302846	5000.0	0.001	7.5925e-06	0.492154	0.9900713457308539,0.009912857428514298,1.5796840631873626e-05
71	3999138055	5000.0	0.001	7.5925e-06	3.954435	0.9688089982003599,0.031188162367526494,2.8394321135772845e-06
70	4280535298	5000.0	0.001	7.5925e-06	6.232992	0.8836249150169966,0.11626586682663467,0.00010921815636872626
72	2694187274	5000.0	0.001	7.5925e-06	0.027280	0.9989262547490502,0.001073505298940212,2.399520095980804e-07
69	3822483714	5000.0	0.001	7.5925e-06	0.009613	0.9996136372725455,0.0003863627274545091
74	1395722513	5000.0	0.001	7.5925e-06	0.046552	0.9994408318336333,0.0005591681663667267
73	3194917136	5000.0	0.001	7.5925e-06	0.006749	0.9996857428514297,0.0003142571485702859
75	686981397	5000.0	0.001	7.5925e-06	0.132854	0.9984386322735453,0.001561367726454709
76	3545395480	5000.0	0.001	7.5925e-06	-0.056462	0.9989322535492902,0.001067746450709858
77	1550874908	5000.0	0.001	7.5925e-06	0.005717	0.9993700459908018,0.0006299540091981604
78	1166764326	5000.0	0.001	7.5925e-06	3.795193	0.8595714057188563,0.13904247150569887,0.0013854429114177164,6.798640271945611e-07
79	1027524911	5000.0	0.001	7.5925e-06	0.033057	0.9988865426914617,0.0011134573085382923
80	2595121	5000.0	0.001	7.5925e-06	-0.017887	0.999330573885223,0.0006694261147770446
81	1286943026	5000.0	0.001	7.5925e-06	0.592458	0.9631135372925415,0.03687862427514497,7.838432313537292e-06
82	3536800049	5000.0	0.001	7.5925e-06	-4.456286	0.9648074785042992,0.03506758648270346,0.00012493501299740053
83	1947550016	5000.0	0.001	7.5925e-06	-0.082483	0.9992193961207758,0.0007806038792241551
84	952654145	5000.0	0.001	7.5925e-06	-0.111119	0.9934499900019996,0.0065500099980004
85	3491029319	5000.0	0.001	7.5925e-06	0.301481	0.9959401319736053,0.004059708058388322,1.5996800639872026e-07
90	310628701	5000.0	0.001	7.5925e-06	0.069899	0.9956245550889822,0.004375124975004999,3.199360127974405e-07
86	3449137482	5000.0	0.001	7.5925e-06	-0.538178	0.9918331133773245,0.00816628674265147,5.99880023995201e-07
91	154552669	5000.0	0.001	7.5925e-06	-0.027338	0.9993261347730454,0.0006738652269546091
92	2524485984	5000.0	0.001	7.5925e-06	-1.525803	0.9842827434513097,0.015714857028594282,2.399520095980804e-06
88	1522440527	5000.0	0.001	7.5925e-06	-0.555834	0.9900929014197161,0.009906978604279144,1.199760047990402e-07
95	2111822181	5000.0	0.001	7.5925e-06	0.014832	0.9989966006798641,0.001003359328134373,3.9992001599680065e-08
93	2249050467	5000.0	0.001	7.5925e-06	-1.970676	0.9837340131973605,0.016265906818636273,7.998400319936013e-08
94	331159908	5000.0	0.001	7.5925e-06	-0.192934	0.9985128174365127,0.0014861827634473105,9.998000399920016e-07
89	2374816083	5000.0	0.001	7.5925e-06	-0.007668	0.999300099980004,0.0006999000199960008
87	2747357516	5000.0	0.001	7.5925e-06	0.559091	0.9923256948610278,0.0076743051389722055
97	198084967	5000.0	0.001	7.5925e-06	0.555392	0.9926359928014397,0.007364007198560288
96	3970744679	5000.0	0.001	7.5925e-06	-0.003364	0.9997366526694661,0.0002633473305338932
98	2561560946	5000.0	0.001	7.5925e-06	0.035854	0.9995025794841031,0.0004974205158968206
99	3759221107	5000.0	0.001	7.5925e-06	-0.002568	0.9992524295140972,0.0007475704859028194
100	1981999482	5000.0	0.001	7.5925e-06	-0.624983	0.9648175164967007,0.0350498300339932,0.00013265346930613878
101	802718075	5000.0	0.001	7.5925e-06	4.649497	0.929700099980004,0.07029530093981204,4.599080183963207e-06
102	2302929276	5000.0	0.001	7.5925e-06	0.034956	0.9992701059788043,0.0007298940211957609
103	2234675580	5000.0	0.001	7.5925e-06	-0.054801	0.9978381123775245,0.002161887622475505
104	19601792	5000.0	0.001	7.5925e-06	0.504007	0.9918848230353929,0.00811501699660068,1.5996800639872026e-07
105	1060768129	5000.0	0.001	7.5925e-06	0.001696	0.9995036192761447,0.0004963807238552289
106	3995476355	5000.0	0.001	7.5925e-06	-0.341627	0.9835973605278944,0.016400359928014398,2.279544091181764e-06
107	756697480	5000.0	0.001	7.5925e-06	-0.861591	0.9880158368326335,0.011984123175364927,3.9992001599680065e-08
108	42432906	5000.0	0.001	7.5925e-06	0.451644	0.9930936612677465,0.006902219556088782,4.119176164767047e-06
111	3656649106	5000.0	0.001	7.5925e-06	-0.538888	0.9944696660667867,0.005530213957208558,1.199760047990402e-07
116	2497896869	5000.0	0.001	7.5925e-06	0.097757	0.9953200159968006,0.004679864027194561,1.199760047990402e-07
117	2457285031	5000.0	0.001	7.5925e-06	0.104344	0.9824180363927214,0.017581963607278546
112	546152853	5000.0	0.001	7.5925e-06	0.832310	0.9917192161567686,0.008280263947210558,5.198960207958409e-07
114	2996136347	5000.0	0.001	7.5925e-06	0.034731	0.9973598880223955,0.0026401119776044792
118	3542421928	5000.0	0.001	7.5925e-06	0.118810	0.9980581883623275,0.0019418116376724655
113	1997795736	5000.0	0.001	7.5925e-06	-0.042327	0.9994665066986602,0.000533493301339732
109	4086391182	5000.0	0.001	7.5925e-06	0.155031	0.9982426714657069,0.001757248550289942,7.998400319936013e-08
115	1412034977	5000.0	0.001	7.5925e-06	-0.400001	0.9942453109378124,0.005754529094181164,1.5996800639872026e-07
110	431270289	5000.0	0.001	7.5925e-06	-0.142222	0.9894459908018396,0.01055384923015397,1.5996800639872026e-07
119	1000081841	5000.0	0.001	7.5925e-06	0.218733	0.9956196760647871,0.004379844031193761,4.799040191961608e-07
121	576944572	5000.0	0.001	7.5925e-06	0.031285	0.9988512697460508,0.0011486902619476105,3.9992001599680065e-08
120	1218742709	5000.0	0.001	7.5925e-06	-0.507445	0.99225974805039,0.007740251949610078
124	4180251096	5000.0	0.001	7.5925e-06	0.157792	0.9975908418316337,0.0024091581683663267
123	3203090895	5000.0	0.001	7.5925e-06	-0.132994	0.9918625874825034,0.0081373325334933,7.998400319936013e-08
122	2206865854	5000.0	0.001	7.5925e-06	0.061615	0.9989874025194961,0.0010125974805038993
125	2779152861	5000.0	0.001	7.5925e-06	0.064446	0.9988241551689662,0.0011758448310337933
126	958808542	5000.0	0.001	7.5925e-06	0.096137	0.998705898820236,0.0012941011797640472
127	171901405	5000.0	0.001	7.5925e-06	0.069040	0.9989261347730454,0.001073865226954609
128	3121109479	5000.0	0.001	7.5925e-06	0.137936	0.9976506698660268,0.0023493301339732055
129	2755820009	5000.0	0.001	7.5925e-06	2.298103	0.9713905618876225,0.028606118776244752,3.319336132773445e-06
131	2252130806	5000.0	0.001	7.5925e-06	-0.151280	0.9984844231153769,0.0015155768846230753
132	80347639	5000.0	0.001	7.5925e-06	-0.018305	0.9985628874225155,0.001437112577484503
135	3375208974	5000.0	0.001	7.5925e-06	-1.096990	0.988958048390322,0.011041551689662067,3.9992001599680065e-07
134	2608964104	5000.0	0.001	7.5925e-06	-0.000841	0.9995174965006999,0.00048250349930014
130	283619823	5000.0	0.001	7.5925e-06	-0.598377	0.9947552089582083,0.005244791041791642
136	838611487	5000.0	0.001	7.5925e-06	0.538329	0.9943788042391521,0.005592041591681664,2.9154169166166768e-05
133	2126064131	5000.0	0.001	7.5925e-06	9.066130	0.8301720055988803,0.16711601679664068,0.0027119776044791043
138	3647818280	5000.0	0.001	7.5925e-06	0.345964	0.9940914617076585,0.005908498300339932,3.9992001599680065e-08
137	1593930277	5000.0	0.001	7.5925e-06	0.026061	0.9965905218956209,0.0034094781043791243
139	1684892200	5000.0	0.001	7.5925e-06	-0.023755	0.9978201959608078,0.0021798040391921617
140	1769251370	5000.0	0.001	7.5925e-06	-6.017887	0.93119300139972,0.06879044191161768,1.6556688662267547e-05
141	2222182961	5000.0	0.001	7.5925e-06	0.023191	0.9989934813037392,0.001006518696260748
142	651579958	5000.0	0.001	7.5925e-06	1.925429	0.9230859028194361,0.07688954209158168,2.4555088982203558e-05
144	661480000	5000.0	0.001	7.5925e-06	-0.018518	0.9992572685462907,0.0007427314537092582
145	1001556553	5000.0	0.001	7.5925e-06	0.055077	0.9972665466906618,0.002733453309338132
143	2876748348	5000.0	0.001	7.5925e-06	-0.401525	0.9926865426914617,0.007311697660467907,1.7596480703859228e-06
146	2904367693	5000.0	0.001	7.5925e-06	-0.167060	0.9916680663867227,0.008331893621275744,3.9992001599680065e-08
149	2581779024	5000.0	0.001	7.5925e-06	0.083391	0.9988998600279944,0.0011001399720055988
147	4165829197	5000.0	0.001	7.5925e-06	0.136269	0.9980635872825435,0.0019364127174565087
148	1897636431	5000.0	0.001	7.5925e-06	-0.758876	0.9528638672265547,0.047128054389122175,8.038392321535693e-06,3.9992001599680065e-08
150	561117778	5000.0	0.001	7.5925e-06	-0.012628	0.9990323935212957,0.0009676064787042592
155	3194104424	5000.0	0.001	7.5925e-06	0.175632	0.9955886822635472,0.004411317736452709
152	339708503	5000.0	0.001	7.5925e-06	0.343724	0.99680299940012,0.0030136772645470906,0.00018332333533293342
156	1741769321	5000.0	0.001	7.5925e-06	-1.367753	0.8905026194761048,0.10948074385122976,1.6636672665466908e-05
154	1403662947	5000.0	0.001	7.5925e-06	0.030892	0.9976867026594681,0.0022461907618476305,6.710657868426315e-05
151	1232912980	5000.0	0.001	7.5925e-06	0.001312	0.9994853029394121,0.0005146970605878824
157	2447346289	5000.0	0.001	7.5925e-06	-0.012301	0.9996122375524895,0.0003877624475104979
153	2754032216	5000.0	0.001	7.5925e-06	0.023572	0.9955264147170566,0.004473585282943411
158	1871245938	5000.0	0.001	7.5925e-06	0.210031	0.9981561287742452,0.0018425914817036594,1.279744051189762e-06
159	1748251254	5000.0	0.001	7.5925e-06	-0.000254	0.9987335332933414,0.0012664667066586682
161	156344952	5000.0	0.001	7.5925e-06	0.776003	0.9930338332333534,0.006966166766646671
160	1056998006	5000.0	0.001	7.5925e-06	0.004027	0.9998310337932413,0.00016896620675864828
162	3591756409	5000.0	0.001	7.5925e-06	0.122941	0.9980706258748251,0.001929374125174965
163	1562342010	5000.0	0.001	7.5925e-06	-0.053748	0.9987816836632674,0.0012183163367326534
165	102191745	5000.0	0.001	7.5925e-06	-0.103865	0.9980840631873625,0.0019159368126374725
164	3855282812	5000.0	0.001	7.5925e-06	-0.489133	0.9951898020395921,0.004809918016396721,2.7994401119776043e-07
166	146862721	5000.0	0.001	7.5925e-06	0.132792	0.996341851629674,0.003657148570285943,9.998000399920016e-07
167	4270060164	5000.0	0.001	7.5925e-06	0.020199	0.9993720055988802,0.0006279944011197761
175	730704546	5000.0	0.001	7.5925e-06	0.009906	0.9997182563487302,0.0002817436512697461
169	2336281233	5000.0	0.001	7.5925e-06	-0.042286	0.9991728854229154,0.0008271145770845831
168	3072338564	5000.0	0.001	7.5925e-06	0.021610	0.9994307938412318,0.0005692061587682463
172	651385499	5000.0	0.001	7.5925e-06	-1.004058	0.9806639072185563,0.019335652869426116,4.399120175964807e-07
171	3176905371	5000.0	0.001	7.5925e-06	-0.014219	0.999426274745051,0.0005737252549490102
174	3097926306	5000.0	0.001	7.5925e-06	0.029054	0.998684423115377,0.0013155768846230755
173	1853397665	5000.0	0.001	7.5925e-06	0.320800	0.9942703459308139,0.0057284143171365725,1.2397520495900819e-06
177	1720355503	5000.0	0.001	7.5925e-06	0.205915	0.9984010397920416,0.0015989602079584083
170	413801107	5000.0	0.001	7.5925e-06	-0.054548	0.9993366926614677,0.0006633073385322936
178	151497391	5000.0	0.001	7.5925e-06	2.853441	0.9249690861827634,0.07502743451309737,3.4793041391721655e-06
176	1095346854	5000.0	0.001	7.5925e-06	-0.022002	0.9992920215956809,0.0007079784043191362
179	2732935866	5000.0	0.001	7.5925e-06	0.259664	0.958587122575485,0.041401399720055986,1.1477704459108178e-05
183	2271830737	5000.0	0.001	7.5925e-06	-5.997305	0.9334841031793641,0.06647394521095781,4.195160967806439e-05
184	3420381919	5000.0	0.001	7.5925e-06	0.119841	0.9977329334133174,0.0022670665866826633
181	2129017538	5000.0	0.001	7.5925e-06	-0.151203	0.9955562887422515,0.004413357328534293,3.035392921415717e-05
186	2719728361	5000.0	0.001	7.5925e-06	-0.041177	0.9985610877824435,0.0014389122175564888
182	2004251340	5000.0	0.001	7.5925e-06	-0.571526	0.9953870425914817,0.0046129574085182964
180	3739706049	5000.0	0.001	7.5925e-06	0.020474	0.9967736452709458,0.00322627474505099,7.998400319936013e-08
185	2762095330	5000.0	0.001	7.5925e-06	-0.209710	0.9571564087182564,0.04284063187362527,2.959408118376325e-06
188	3374602996	5000.0	0.001	7.5925e-06	1.249115	0.9852388322335532,0.014751449710057988,9.718056388722255e-06
192	494394109	5000.0	0.001	7.5925e-06	0.059818	0.9971541691661667,0.002845710857828434,1.199760047990402e-07
195	2654466818	5000.0	0.001	7.5925e-06	0.195578	0.9958423915216956,0.0041572085582883425,3.9992001599680065e-07
191	3379045109	5000.0	0.001	7.5925e-06	-0.069787	0.9981962807438512,0.0018037192561487702
197	3598148360	5000.0	0.001	7.5925e-06	0.226121	0.9947684463107378,0.005231473705258948,7.998400319936013e-08
196	3266544386	5000.0	0.001	7.5925e-06	-0.145494	0.9956470305938813,0.0043529694061187766
194	32144128	5000.0	0.001	7.5925e-06	-0.723298	0.9942216356728655,0.00577748450309938,8.798240351929614e-07
190	3532264180	5000.0	0.001	7.5925e-06	-0.519162	0.9944074785042991,0.0055879624075184965,4.559088182363528e-06
198	1203120905	5000.0	0.001	7.5925e-06	0.029039	0.9995844431113777,0.00041551689662067587,3.9992001599680065e-08
199	3445811976	5000.0	0.001	7.5925e-06	-0.011462	0.9989370525894821,0.0010629474105178964
187	3729554163	5000.0	0.001	7.5925e-06	0.563821	0.9942686662667467,0.005731173765246951,1.5996800639872026e-07
189	3845726964	5000.0	0.001	7.5925e-06	1.572001	0.9782148370325935,0.021784843031393723,3.199360127974405e-07
193	1744798464	5000.0	0.001	7.5925e-06	0.119154	0.9959984803039392,0.004001519696060788
200	1071213320	5000.0	0.001	7.5925e-06	-0.045052	0.9983987202559488,0.0016012797440511897
202	2156057361	5000.0	0.001	7.5925e-06	-0.143259	0.9947056588682264,0.005293501299740052,8.398320335932813e-07
201	816374544	5000.0	0.001	7.5925e-06	4.946527	0.9496095580883823,0.05038844231153769,1.999600079984003e-06
203	1475042065	5000.0	0.001	7.5925e-06	-0.081155	0.994850349930014,0.004981563687262548,0.00016808638272345532
205	1217227541	5000.0	0.001	7.5925e-06	-0.170947	0.9978548290341932,0.0021451709658068386
204	2458229525	5000.0	0.001	7.5925e-06	0.155304	0.9940331133773246,0.005966846630673865,3.9992001599680065e-08
206	3291034397	5000.0	0.001	7.5925e-06	0.010608	0.9985954809038192,0.0014045190961807638
207	1630423839	5000.0	0.001	7.5925e-06	-0.156133	0.9970167966406719,0.0029831633673265347,3.9992001599680065e-08
211	1833978665	5000.0	0.001	7.5925e-06	0.012603	0.9994820635872825,0.0005179364127174565
217	568085321	5000.0	0.001	7.5925e-06	0.107604	0.9989707658468306,0.001029234153169366
212	1468109613	5000.0	0.001	7.5925e-06	-0.528902	0.9901171365726854,0.009882863427314537
216	3605898055	5000.0	0.001	7.5925e-06	2.902133	0.971401799640072,0.02857860427914417,1.959608078384323e-05
208	1570153249	5000.0	0.001	7.5925e-06	0.009531	0.9992293541291741,0.0007706458708258349
210	309893928	5000.0	0.001	7.5925e-06	0.348172	0.9973044191161767,0.002695500899820036,7.998400319936013e-08
209	645067556	5000.0	0.001	7.5925e-06	0.005369	0.9996961407718457,0.0003038592281543691
218	663266127	5000.0	0.001	7.5925e-06	2.115024	0.9739140571885623,0.02608526294741052,6.798640271945611e-07
215	4155179846	5000.0	0.001	7.5925e-06	14.493929	0.850732373525295,0.14826078784243152,0.0010068386322735453
213	559213365	5000.0	0.001	7.5925e-06	1.634090	0.9834413117376525,0.016557888422315536,7.998400319936013e-07
219	3862790992	5000.0	0.001	7.5925e-06	-0.033477	0.9991619276144771,0.0008380723855228954
214	1344205637	5000.0	0.001	7.5925e-06	-2.376706	0.9791943211357729,0.020804639072185563,1.0397920415916818e-06
220	4142232401	5000.0	0.001	7.5925e-06	-0.159069	0.9935771645670866,0.006420795840831834,2.039592081583683e-06
221	1525607251	5000.0	0.001	7.5925e-06	0.339459	0.9939626074785043,0.006037392521495701
223	2458559327	5000.0	0.001	7.5925e-06	-0.041877	0.997179324135173,0.0028206758648270346
224	2068310892	5000.0	0.001	7.5925e-06	-0.027528	0.9994088382323535,0.0005911617676464707
222	4018496347	5000.0	0.001	7.5925e-06	1.008126	0.9795302939412117,0.02046854629074185,1.159768046390722e-06
225	2307756909	5000.0	0.001	7.5925e-06	-0.754426	0.9876922615476904,0.012307218556288742,5.198960207958409e-07
226	2924583793	5000.0	0.001	7.5925e-06	-0.009492	0.9994224355128974,0.0005775644871025794
227	3155700595	5000.0	0.001	7.5925e-06	-1.028257	0.9792667066586682,0.020228474305138973,0.0005048190361927615
231	2281868176	5000.0	0.001	7.5925e-06	0.020110	0.9994878224355129,0.0005121775644871026
230	553390983	5000.0	0.001	7.5925e-06	-0.163553	0.9978140371925615,0.0021859628074385124
235	3849196447	5000.0	0.001	7.5925e-06	0.368614	0.9964645070985803,0.0035284543091381724,7.038592281543691e-06
232	1885377427	5000.0	0.001	7.5925e-06	0.044347	0.9925289342131574,0.007467986402719456,3.079384123175365e-06
228	236487549	5000.0	0.001	7.5925e-06	-0.649366	0.9838469106178764,0.0160999800039992,5.310937812437512e-05
237	4116765604	5000.0	0.001	7.5925e-06	-7.530755	0.9181537692461508,0.08180131973605279,4.491101779644071e-05
239	3977247660	5000.0	0.001	7.5925e-06	0.011850	0.9997106578684263,0.0002892221555688862,1.199760047990402e-07
233	3171834775	5000.0	0.001	7.5925e-06	-0.265097	0.9947408118376325,0.005259148170365927,3.9992001599680065e-08
238	460780455	5000.0	0.001	7.5925e-06	0.060327	0.9956128374325135,0.004387082583483303,7.998400319936013e-08
229	1338223491	5000.0	0.001	7.5925e-06	0.083812	0.9972627474505099,0.0027371725654869025,7.998400319936013e-08
236	2260655007	5000.0	0.001	7.5925e-06	-0.264158	0.9961680063987203,0.003831993601279744
234	493558687	5000.0	0.001	7.5925e-06	-0.008665	0.9987450109978004,0.0012549890021995602
240	2717617073	5000.0	0.001	7.5925e-06	-0.018598	0.9992178364327134,0.0007821635672865427
242	3832988595	5000.0	0.001	7.5925e-06	-0.038454	0.9988549090181964,0.0011450909818036393
241	1303204786	5000.0	0.001	7.5925e-06	0.008947	0.999397200559888,0.0006024395120975805,3.5992801439712056e-07
243	3945341875	5000.0	0.001	7.5925e-06	-0.420206	0.995971525694861,0.004026634673065387,1.839632073585283e-06
246	2351578048	5000.0	0.001	7.5925e-06	0.129432	0.9961153369326134,0.0038846630673865226
245	414782386	5000.0	0.001	7.5925e-06	-0.049573	0.9991835632873425,0.0008158368326334734,5.99880023995201e-07
244	1045881777	5000.0	0.001	7.5925e-06	0.114569	0.9981887622475505,0.0018108378324335132,3.9992001599680065e-07
247	874759105	5000.0	0.001	7.5925e-06	0.319453	0.9944015196960608,0.005598360327934413,1.199760047990402e-07
248	481811393	5000.0	0.001	7.5925e-06	-0.032237	0.9985340931813638,0.0014659068186362728
252	16483282	5000.0	0.001	7.5925e-06	-1.519559	0.9893765646870626,0.010621475704859029,1.959608078384323e-06
251	3449961423	5000.0	0.001	7.5925e-06	-0.196535	0.9946659468106379,0.005332933413317337,1.1197760447910417e-06
250	2265652171	5000.0	0.001	7.5925e-06	-2.565924	0.9622377924415118,0.03775904819036193,3.1593681263747252e-06
257	4018955227	5000.0	0.001	7.5925e-06	-0.005249	0.9997162167566487,0.0002837832433513297
255	1526391766	5000.0	0.001	7.5925e-06	0.039063	0.9991153369326135,0.0008846630673865227
254	83913684	5000.0	0.001	7.5925e-06	-0.006011	0.9998642271545691,0.00013577284543091382
253	4174916564	5000.0	0.001	7.5925e-06	-0.796277	0.9891130973805239,0.010884663067386523,2.2395520895820834e-06
256	8438747	5000.0	0.001	7.5925e-06	-0.004756	0.9997422915416917,0.0002577084583083383
249	4237163462	5000.0	0.001	7.5925e-06	0.005939	0.9989732853429314,0.0010267146570685864
258	1361091550	5000.0	0.001	7.5925e-06	-0.059967	0.9991439312137572,0.0008560687862427514
259	29582306	5000.0	0.001	7.5925e-06	2.184699	0.9791321335732853,0.020865946810637873,1.919616076784643e-06
260	342244336	5000.0	0.001	7.5925e-06	0.076669	0.99919800039992,0.000801999600079984
261	2944900091	5000.0	0.001	7.5925e-06	-0.004498	0.9997638872225555,0.0002361127774445111
263	297032725	5000.0	0.001	7.5925e-06	-1.912303	0.9610925014997,0.038759368126374726,0.00014801039792041592,1.199760047990402e-07
265	482685980	5000.0	0.001	7.5925e-06	-0.474393	0.9916175164967007,0.00838248350329934
264	3139662874	5000.0	0.001	7.5925e-06	-0.002272	0.9993637272545491,0.0006362727454509098
262	2137746432	5000.0	0.001	7.5925e-06	0.173184	0.9974635872825435,0.0025364127174565087
266	3321582620	5000.0	0.001	7.5925e-06	0.159464	0.9976095180963808,0.002390481903619276
267	3329944607	5000.0	0.001	7.5925e-06	-0.009720	0.9996935012997401,0.000306498700259948
268	2054370338	5000.0	0.001	7.5925e-06	-0.032350	0.9992726654669066,0.0007273345330933813
269	4273845283	5000.0	0.001	7.5925e-06	-0.017987	0.9991563687262548,0.0008436312737452509
271	3081886757	5000.0	0.001	7.5925e-06	0.331394	0.9960160367926415,0.003983643271345731,3.199360127974405e-07
270	1790118947	5000.0	0.001	7.5925e-06	-0.116360	0.9970779044191161,0.002922015596880624,7.998400319936013e-08
274	4047260727	5000.0	0.001	7.5925e-06	-1.000127	0.9893484903019396,0.010651509698060387
272	4140649513	5000.0	0.001	7.5925e-06	-4.989140	0.9407890021995601,0.05917612477504499,3.487302539492102e-05
280	3779116096	5000.0	0.001	7.5925e-06	-0.009417	0.9972661867626474,0.0027338132373525294
275	609107000	5000.0	0.001	7.5925e-06	0.193728	0.9937397720455908,0.006248310337932414,1.1917616476704659e-05
273	552928308	5000.0	0.001	7.5925e-06	2.218341	0.9777908018396321,0.022208278344331134,9.198160367926415e-07
277	1383119931	5000.0	0.001	7.5925e-06	0.895667	0.9894820235952809,0.010517936412717456,3.9992001599680065e-08
279	305521727	5000.0	0.001	7.5925e-06	-0.107590	0.9977868026394721,0.0022131973605278945
278	1258484796	5000.0	0.001	7.5925e-06	-0.004981	0.9997726854629074,0.00022731453709258148
276	1336177720	5000.0	0.001	7.5925e-06	-0.014917	0.9995322935412917,0.00046770645870825836
283	2960925775	5000.0	0.001	7.5925e-06	0.030399	0.9995903219356129,0.00040967806438712255
281	4222665795	5000.0	0.001	7.5925e-06	0.060019	0.9993858428314337,0.0006141571685662867
284	1391555667	5000.0	0.001	7.5925e-06	0.015435	0.9989393721255749,0.001060627874425115
285	3189816410	5000.0	0.001	7.5925e-06	0.027956	0.9973239352129574,0.002675864827034593,1.9996000799840033e-07
282	4246785092	5000.0	0.001	7.5925e-06	0.371071	0.9847612477504499,0.015235792841431714,2.959408118376325e-06
286	3322383462	5000.0	0.001	7.5925e-06	-0.061503	0.9989627274545091,0.001037272545490902
287	2039927915	5000.0	0.001	7.5925e-06	-0.016301	0.998577724455109,0.0014222755448910218
288	3576353899	5000.0	0.001	7.5925e-06	1.734214	0.9852263147370526,0.014767286542691462,6.3987202559488104e-06
294	2898031761	5000.0	0.001	7.5925e-06	-0.404527	0.995104099180164,0.004895900819836033
296	596782227	5000.0	0.001	7.5925e-06	2.889130	0.9781519296140772,0.021830193961207757,1.7876424715056987e-05
292	4127988872	5000.0	0.001	7.5925e-06	0.010872	0.99969950009998,0.000300499900019996
291	1989637243	5000.0	0.001	7.5925e-06	0.653425	0.9895315336932613,0.010463387322535492,5.078984203159368e-06
297	3802053781	5000.0	0.001	7.5925e-06	0.064134	0.9992392321535692,0.0007607678464307139
293	2400808073	5000.0	0.001	7.5925e-06	-0.038827	0.9995516896620675,0.0004483103379324135
289	892759154	5000.0	0.001	7.5925e-06	1.488444	0.9877627674465107,0.012236512697460507,7.198560287942411e-07
295	1428556946	5000.0	0.001	7.5925e-06	-0.014485	0.9993486102779444,0.0006513897220555889
290	1652817013	5000.0	0.001	7.5925e-06	-0.077995	0.9983959608078384,0.0015870425914817036,1.6996600679864028e-05
299	2967129262	5000.0	0.001	7.5925e-06	0.008818	0.999732573485303,0.0002674265146970606
298	1513804958	5000.0	0.001	7.5925e-06	0.063827	0.9992848630273945,0.0007151369726054789
300	4141270190	5000.0	0.001	7.5925e-06	-0.039612	0.9992982603479305,0.0007017396520695861
302	530656437	5000.0	0.001	7.5925e-06	0.475918	0.9963254549090182,0.0036744651069786044,7.998400319936013e-08
301	2098275506	5000.0	0.001	7.5925e-06	0.248645	0.9898453109378125,0.010154689062187562
303	84047030	5000.0	0.001	7.5925e-06	2.235109	0.9790359928014397,0.02096380723855229,1.9996000799840033e-07
304	3541599418	5000.0	0.001	7.5925e-06	0.685531	0.9923827634473106,0.007617156568686263,7.998400319936013e-08
306	2512241853	5000.0	0.001	7.5925e-06	0.100935	0.9982430313937213,0.0017561287742451509,8.398320335932813e-07
305	2579354811	5000.0	0.001	7.5925e-06	-0.004032	0.9992203159368126,0.0007796840631873626
307	1172907198	5000.0	0.001	7.5925e-06	-0.006853	0.9983011397720456,0.0016988602279544092
309	1884542149	5000.0	0.001	7.5925e-06	0.622368	0.9862928614277144,0.013706858628274345,2.7994401119776043e-07
308	3444303041	5000.0	0.001	7.5925e-06	-2.180088	0.9279903219356129,0.07200219956008798,7.478504299140172e-06
311	601726170	5000.0	0.001	7.5925e-06	0.011280	0.9993540091981604,0.0006459908018396321
310	2626546893	5000.0	0.001	7.5925e-06	0.122118	0.9985418916216756,0.001457988402319536,1.199760047990402e-07
315	4256604156	5000.0	0.001	7.5925e-06	-0.120148	0.9973280143971206,0.0026719856028794243
314	2810823903	5000.0	0.001	7.5925e-06	0.053826	0.9987844831033793,0.001215516896620676
312	758426844	5000.0	0.001	7.5925e-06	0.016883	0.999698300339932,0.0003016996600679864
313	1862190301	5000.0	0.001	7.5925e-06	0.026852	0.9996218356328734,0.0003781643671265747
317	3099776246	5000.0	0.001	7.5925e-06	-0.059059	0.9990683463307338,0.0009316536692661468
316	1988914413	5000.0	0.001	7.5925e-06	0.015279	0.9996622275544891,0.00033777244551089783
318	3697224957	5000.0	0.001	7.5925e-06	-0.316794	0.9961577684463108,0.003769206158768246,7.30253949210158e-05
319	3372201218	5000.0	0.001	7.5925e-06	-0.048537	0.9975807638472306,0.0024191561687662466,7.998400319936013e-08
320	2967995653	5000.0	0.001	7.5925e-06	0.293108	0.9944404719056189,0.005559488102379524,3.9992001599680065e-08
322	252947720	5000.0	0.001	7.5925e-06	0.172494	0.9969480503899221,0.0030474305138972206,4.519096180763847e-06
325	4160032023	5000.0	0.001	7.5925e-06	4.181611	0.9571902019596081,0.04280363927214557,6.15876824635073e-06
321	996924679	5000.0	0.001	7.5925e-06	-0.014411	0.9997706858628275,0.00022931413717256548
323	2688582927	5000.0	0.001	7.5925e-06	-0.000009	0.9990539092181564,0.0009460907818436313
326	2256971040	5000.0	0.001	7.5925e-06	0.016235	0.9993042191561687,0.0006957808438312337
324	1957158159	5000.0	0.001	7.5925e-06	-0.018583	0.9990601079784043,0.0009398120375924815,7.998400319936013e-08
333	2314057004	5000.0	0.001	7.5925e-06	0.026252	0.9992258348330334,0.0007741651669666067
331	2201775397	5000.0	0.001	7.5925e-06	-0.027399	0.998850349930014,0.0011496500699860028
330	143328548	5000.0	0.001	7.5925e-06	0.062446	0.9938637872425515,0.006136132773445311,7.998400319936013e-08
327	994739489	5000.0	0.001	7.5925e-06	0.232749	0.9722591081783644,0.02774021195760848,6.798640271945611e-07
332	2278874412	5000.0	0.001	7.5925e-06	-3.100048	0.9664392321535693,0.03355896820635873,1.799640071985603e-06
329	720340259	5000.0	0.001	7.5925e-06	0.027160	0.9987114177164567,0.0012885822835432914
328	3901558050	5000.0	0.001	7.5925e-06	0.032889	0.9995008198360328,0.0004991801639672066
334	1209034030	5000.0	0.001	7.5925e-06	-0.216951	0.9975846830633873,0.0024153169366126774
335	3709969716	5000.0	0.001	7.5925e-06	-2.734609	0.9586369126174765,0.041347170565886826,1.5916816636672664e-05
336	2397869366	5000.0	0.001	7.5925e-06	0.123197	0.9920952209558088,0.007849430113977205,5.5348930213957205e-05
338	2492476728	5000.0	0.001	7.5925e-06	-3.974290	0.9345185362927414,0.06546414717056588,1.7316536692661468e-05
339	334689593	5000.0	0.001	7.5925e-06	-0.100898	0.9986941411717657,0.001305858828234353
337	2095867191	5000.0	0.001	7.5925e-06	0.169083	0.9978131973605279,0.002186762647470506,3.9992001599680065e-08
340	2571257148	5000.0	0.001	7.5925e-06	0.020589	0.9975870825834833,0.0024129174165166967
341	3854794051	5000.0	0.001	7.5925e-06	-0.186233	0.9979858028394322,0.0020141971605678864
343	2859842888	5000.0	0.001	7.5925e-06	0.089248	0.9985162967406519,0.0014837032593481303
342	3165629765	5000.0	0.001	7.5925e-06	-0.254438	0.9963517696460708,0.003647870425914817,3.5992801439712056e-07
345	481752404	5000.0	0.001	7.5925e-06	-0.046748	0.9991376924615077,0.0008623075384923015
344	473654602	5000.0	0.001	7.5925e-06	0.701142	0.9809106578684263,0.01908866226754649,6.798640271945611e-07
346	1270787423	5000.0	0.001	7.5925e-06	-0.124288	0.9986256348730254,0.0013741651669666067,1.9996000799840033e-07
349	1149924711	5000.0	0.001	7.5925e-06	0.022818	0.998973125374925,0.001026874625074985
348	1710564708	5000.0	0.001	7.5925e-06	-0.001041	0.9994714657068586,0.0005285342931413717
347	1486935392	5000.0	0.001	7.5925e-06	-0.000541	0.9984007198560287,0.0015992001599680063,7.998400319936013e-08
351	2852234616	5000.0	0.001	7.5925e-06	0.686026	0.9924618676264747,0.007538092381523695,3.9992001599680065e-08
352	1804768633	5000.0	0.001	7.5925e-06	0.041165	0.9840957808438312,0.015893461307738454,1.0757848430313937e-05
350	2528597364	5000.0	0.001	7.5925e-06	-0.004773	0.9993167366526695,0.0006832633473305339
358	3961550216	5000.0	0.001	7.5925e-06	0.057029	0.998522975404919,0.0014770245950809838
353	1376722299	5000.0	0.001	7.5925e-06	-0.222626	0.9956042391521696,0.004395760847830434
357	2226369928	5000.0	0.001	7.5925e-06	0.486327	0.99284275144971,0.007157128574285143,1.199760047990402e-07
356	1061557635	5000.0	0.001	7.5925e-06	-0.014529	0.9996535492901419,0.0003464507098580284
354	1356496253	5000.0	0.001	7.5925e-06	-0.122227	0.9987724855028994,0.00122751449710058
355	1842046336	5000.0	0.001	7.5925e-06	0.021860	0.99955524895021,0.000444751049790042
360	64087443	5000.0	0.001	7.5925e-06	0.314096	0.9962308338332333,0.0037691661667666465
363	207508892	5000.0	0.001	7.5925e-06	-0.059529	0.9971224955008998,0.00287750449910018
362	825478552	5000.0	0.001	7.5925e-06	0.015140	0.9991932813437312,0.0008067186562687463
364	3125527967	5000.0	0.001	7.5925e-06	-0.094547	0.9974947810437912,0.002505218956208758
359	3399441802	5000.0	0.001	7.5925e-06	-0.328998	0.9960797840431913,0.003919456108778244,7.598480303939212e-07
361	3929148821	5000.0	0.001	7.5925e-06	3.413203	0.949821475704859,0.05017736452709458,1.159768046390722e-06
366	2761696676	5000.0	0.001	7.5925e-06	-1.207158	0.9520892621475705,0.04790997800439912,7.598480303939212e-07
365	174282144	5000.0	0.001	7.5925e-06	0.270528	0.9857714857028594,0.014228074385122975,4.399120175964807e-07
367	3471732132	5000.0	0.001	7.5925e-06	-0.364170	0.995823875224955,0.004176124775044991
368	3382031782	5000.0	0.001	7.5925e-06	-0.011410	0.9972450709858028,0.0027549290141971605
369	3551690152	5000.0	0.001	7.5925e-06	0.025892	0.9993322535492901,0.000667746450709858
370	2071584177	5000.0	0.001	7.5925e-06	-0.074191	0.9975176564687063,0.0024823435312937413
372	37096891	5000.0	0.001	7.5925e-06	-1.881851	0.9853923215356929,0.014607598480303938,7.998400319936013e-08
371	2158206391	5000.0	0.001	7.5925e-06	-0.489547	0.9934449110177964,0.006554889022195561,1.9996000799840033e-07
373	3325207996	5000.0	0.001	7.5925e-06	0.033919	0.9991141771645671,0.0008858228354329134
374	496510411	5000.0	0.001	7.5925e-06	0.090884	0.9981431713657268,0.0018568286342731453
376	2323197400	5000.0	0.001	7.5925e-06	2.445463	0.9710558288342331,0.02893233353329334,1.18376324735053e-05
375	2630737361	5000.0	0.001	7.5925e-06	-0.022089	0.998474825034993,0.0015251749650069986
378	2186419682	5000.0	0.001	7.5925e-06	1.325918	0.9870393121375725,0.012960567886422716,1.199760047990402e-07
380	451286503	5000.0	0.001	7.5925e-06	-0.076002	0.9984065986802639,0.0015934013197360529
379	243129829	5000.0	0.001	7.5925e-06	-0.148295	0.9984332733453309,0.0015667266546690662
382	308055537	5000.0	0.001	7.5925e-06	0.254153	0.9965012197560488,0.00349878024395121
377	2672858594	5000.0	0.001	7.5925e-06	0.379333	0.9943708058388322,0.005629194161167766
383	804974066	5000.0	0.001	7.5925e-06	-0.028397	0.9994540291941612,0.0005459708058388322
381	3855404527	5000.0	0.001	7.5925e-06	-0.003410	0.9987051789642072,0.0012948210357928414
386	3068546568	5000.0	0.001	7.5925e-06	-0.094186	0.9987186962607478,0.0012812237552489501,7.998400319936013e-08
385	3385011719	5000.0	0.001	7.5925e-06	-0.195823	0.9975551689662068,0.0024448310337932414
384	3206602231	5000.0	0.001	7.5925e-06	0.020085	0.9992662667466506,0.0007337332533493301
387	3286165002	5000.0	0.001	7.5925e-06	-0.035787	0.9986926614677064,0.0013073385322935414
388	381754891	5000.0	0.001	7.5925e-06	0.345388	0.9968846630673865,0.003115336932613477
389	2814301708	5000.0	0.001	7.5925e-06	-0.544775	0.9957258948210358,0.004274065186962607,3.9992001599680065e-08
392	493729303	5000.0	0.001	7.5925e-06	-0.330529	0.9969690861827635,0.003030913817236553
391	2802365969	5000.0	0.001	7.5925e-06	-0.037244	0.9985569286142771,0.0014430713857228553
393	183930391	5000.0	0.001	7.5925e-06	0.006376	0.9949310537892422,0.0050681463707258545,7.998400319936013e-07
390	3348270609	5000.0	0.001	7.5925e-06	1.443865	0.9559817236552689,0.04399508098380324,2.3195360927814438e-05
394	2472709662	5000.0	0.001	7.5925e-06	0.052993	0.9972128774245151,0.0027870825834833035,3.9992001599680065e-08
395	361104927	5000.0	0.001	7.5925e-06	1.957622	0.981230673865227,0.018769126174765047,1.9996000799840033e-07
399	3129900596	5000.0	0.001	7.5925e-06	0.029323	0.9984589082183564,0.0015410517896420717,3.9992001599680065e-08
397	4198409763	5000.0	0.001	7.5925e-06	0.093562	0.9975251349730054,0.002474865026994601
396	864196129	5000.0	0.001	7.5925e-06	0.246982	0.9937904019196161,0.0062095180963807235,7.998400319936013e-08
398	2030370343	5000.0	0.001	7.5925e-06	-0.801297	0.9917784043191362,0.008221515696860629,7.998400319936013e-08
402	2563098171	5000.0	0.001	7.5925e-06	0.067356	0.9987774045190961,0.0012225954809038193
405	2906086986	5000.0	0.001	7.5925e-06	-0.087440	0.998738852229554,0.0012611477704459109
400	3715417659	5000.0	0.001	7.5925e-06	-0.402450	0.987328374325135,0.012670625874825035,9.998000399920016e-07
401	1174060604	5000.0	0.001	7.5925e-06	-0.001538	0.9995738052389522,0.00042619476104779045
404	3609722435	5000.0	0.001	7.5925e-06	-2.854960	0.9716541091781644,0.02834017196560688,5.718856228754249e-06
403	3516005951	5000.0	0.001	7.5925e-06	0.113048	0.9970526294741052,0.002947370525894821
406	2076913237	5000.0	0.001	7.5925e-06	-2.433106	0.9794641471705658,0.020533253349330136,2.599480103979204e-06
407	311408218	5000.0	0.001	7.5925e-06	-0.068026	0.9970267146570686,0.002973125374925015,1.5996800639872026e-07
408	3797372506	5000.0	0.001	7.5925e-06	0.054597	0.9989585282943412,0.0010413517296540692,1.199760047990402e-07
409	1142990427	5000.0	0.001	7.5925e-06	0.165100	0.9981984803039392,0.0018014397120575884,7.998400319936013e-08
410	3350328930	5000.0	0.001	7.5925e-06	1.665821	0.9871754449110178,0.012823835232953409,7.198560287942411e-07
411	464004707	5000.0	0.001	7.5925e-06	-1.978133	0.9684829034193161,0.03151125774845031,5.838832233553289e-06
412	1139781220	5000.0	0.001	7.5925e-06	1.387879	0.9696359928014398,0.030350769846030794,1.3237352529494102e-05
413	2924547687	5000.0	0.001	7.5925e-06	-1.114136	0.9886239552089582,0.011371525694861028,4.519096180763847e-06
416	299402859	5000.0	0.001	7.5925e-06	-0.005646	0.9992544691061788,0.0007454509098180364,7.998400319936013e-08
414	3084007016	5000.0	0.001	7.5925e-06	-1.353703	0.9803708858228354,0.01958624275144971,4.2871425714857026e-05
415	119828074	5000.0	0.001	7.5925e-06	-0.001460	0.9988495900819836,0.0011504099180163966
417	3340781166	5000.0	0.001	7.5925e-06	0.001813	0.9982671865626874,0.0017328134373125375
418	2238043759	5000.0	0.001	7.5925e-06	-0.069125	0.9992291141771645,0.0007708858228354329
422	3172038268	5000.0	0.001	7.5925e-06	-0.847061	0.992725374925015,0.007274585082983403,3.9992001599680065e-08
419	1394208369	5000.0	0.001	7.5925e-06	0.005440	0.999652949410118,0.0003470505898820236
421	1335379576	5000.0	0.001	7.5925e-06	-1.391471	0.9730234353129374,0.026974365126974605,2.1995600879824035e-06
420	3778647665	5000.0	0.001	7.5925e-06	-0.001147	0.9994695060987803,0.0005304939012197561
423	718376578	5000.0	0.001	7.5925e-06	0.037041	0.9994442311537692,0.0005557688462307539
424	838241925	5000.0	0.001	7.5925e-06	-0.028194	0.9994229154169166,0.0005770845830833833
426	3066914453	5000.0	0.001	7.5925e-06	-0.267870	0.997223875224955,0.002776124775044991
425	1876700814	5000.0	0.001	7.5925e-06	-0.016672	0.9987158568286343,0.001283383323335333,7.598480303939212e-07
427	2838699669	5000.0	0.001	7.5925e-06	-0.029829	0.995567726454709,0.004431553689262148,7.198560287942411e-07
428	3281321638	5000.0	0.001	7.5925e-06	0.102161	0.9976853429314138,0.002314617076584683,3.9992001599680065e-08
429	404922027	5000.0	0.001	7.5925e-06	0.641932	0.9869424915016997,0.013056708658268346,7.998400319936013e-07
430	4283965110	5000.0	0.001	7.5925e-06	-0.763469	0.9937965606878624,0.0062034393121375726
431	186994360	5000.0	0.001	7.5925e-06	-0.636284	0.9826980203959208,0.017287662467506498,1.4317136572685463e-05
432	723533503	5000.0	0.001	7.5925e-06	-0.536247	0.9936980203959208,0.006301939612077584,3.9992001599680065e-08
433	2983833282	5000.0	0.001	7.5925e-06	0.060312	0.9984042791441712,0.0015956808638272345,3.9992001599680065e-08
434	2712344268	5000.0	0.001	7.5925e-06	-0.000038	0.9990464307138572,0.0009534893021395721,7.998400319936013e-08
437	4253028057	5000.0	0.001	7.5925e-06	0.052331	0.9974902219556089,0.0025097780443911217
435	246271693	5000.0	0.001	7.5925e-06	0.017952	0.9995392921415717,0.00046070785842831436
438	3156715231	5000.0	0.001	7.5925e-06	0.135637	0.9982301539692061,0.0017698060387922416,3.9992001599680065e-08
436	3250190037	5000.0	0.001	7.5925e-06	0.086059	0.9986058388322335,0.0013941611677664467
441	2581855982	5000.0	0.001	7.5925e-06	-0.007955	0.9983688462307538,0.001631113777244551,3.9992001599680065e-08
442	4285357807	5000.0	0.001	7.5925e-06	-0.000160	0.9989489702059589,0.0010510297940411917
440	2868623082	5000.0	0.001	7.5925e-06	-0.008239	0.9986689862027595,0.0013310137972405518
443	25431792	5000.0	0.001	7.5925e-06	-0.598000	0.9797567686462707,0.020239512097580483,3.719256148770246e-06
444	2212458239	5000.0	0.001	7.5925e-06	0.186764	0.9978859828034393,0.002114017196560688
439	3697454815	5000.0	0.001	7.5925e-06	-0.027498	0.9980502299540092,0.0019461307738452309,3.639272145570886e-06
445	3100313346	5000.0	0.001	7.5925e-06	-0.026702	0.999253349330134,0.0007466506698660268
446	1933002502	5000.0	0.001	7.5925e-06	0.041703	0.9992554689062187,0.0007445310937812437
448	2999013137	5000.0	0.001	7.5925e-06	0.006207	0.9995791241751649,0.000420875824835033
447	1580746507	5000.0	0.001	7.5925e-06	-0.017746	0.9992931813637272,0.0007068186362727454
449	4039790357	5000.0	0.001	7.5925e-06	-0.004961	0.9987521695660868,0.0012478304339132173
450	1758269205	5000.0	0.001	7.5925e-06	0.018807	0.999287302539492,0.0007126974605078984
451	2057746208	5000.0	0.001	7.5925e-06	0.008919	0.9991960807838433,0.0008039192161567686
452	3941207843	5000.0	0.001	7.5925e-06	0.010594	0.9969099380123975,0.00309002199560088,3.9992001599680065e-08
453	3561848614	5000.0	0.001	7.5925e-06	1.184938	0.8992714257148571,0.10072213557288542,6.43871225754849e-06
454	2595653414	5000.0	0.001	7.5925e-06	-0.942465	0.9924567086582683,0.0075425714857028595,7.198560287942411e-07
455	4052803371	5000.0	0.001	7.5925e-06	0.002418	0.9982136772645471,0.001785122975404919,1.199760047990402e-06
456	288726829	5000.0	0.001	7.5925e-06	-0.063473	0.9980410317936412,0.0019589682063587284
457	438761269	5000.0	0.001	7.5925e-06	-0.403135	0.9925572485502899,0.007441951609678065,7.998400319936013e-07
458	593403705	5000.0	0.001	7.5925e-06	-0.047146	0.9910745050989802,0.008925454909018197,3.9992001599680065e-08
459	1771009853	5000.0	0.001	7.5925e-06	-0.075635	0.9841187362527495,0.015880423915216955,8.398320335932813e-07
461	3040915269	5000.0	0.001	7.5925e-06	0.008664	0.9991926414717056,0.0008073585282943411
462	3807457103	5000.0	0.001	7.5925e-06	-0.221932	0.9975278144371126,0.0024721855628874224
460	2098755395	5000.0	0.001	7.5925e-06	6.901076	0.9358860227954409,0.06411045790841832,3.5192961407718455e-06
463	1207848785	5000.0	0.001	7.5925e-06	-0.001366	0.9976131173765247,0.002386842631473705,3.9992001599680065e-08
464	1733732185	5000.0	0.001	7.5925e-06	3.648404	0.9311882823435313,0.06560963807238553,0.0031983203359328134,3.759248150369926e-06
466	3428716377	5000.0	0.001	7.5925e-06	0.527682	0.9943170965806839,0.005682903419316137
465	382728026	5000.0	0.001	7.5925e-06	-1.659266	0.9813545290941812,0.018644271145770847,1.199760047990402e-06
467	930262881	5000.0	0.001	7.5925e-06	0.019944	0.9983770045990802,0.0016229954009198161
470	3549554546	5000.0	0.001	7.5925e-06	0.072903	0.9991745650869827,0.0008254349130173965
468	3756636002	5000.0	0.001	7.5925e-06	-0.636253	0.9918593481303739,0.008140411917616476,2.399520095980804e-07
471	2973329269	5000.0	0.001	7.5925e-06	-1.632648	0.9856383123375325,0.014361127774445112,5.598880223955209e-07
469	1125085037	5000.0	0.001	7.5925e-06	-0.007749	0.9996177164567086,0.00038228354329134174
472	293312374	5000.0	0.001	7.5925e-06	-0.046115	0.999553649270146,0.0004463507298540292
473	3223553911	5000.0	0.001	7.5925e-06	-2.670933	0.9780635072985403,0.021936132773445312,3.5992801439712056e-07
474	1894506365	5000.0	0.001	7.5925e-06	1.094215	0.9822389922015596,0.017709938012397522,5.106978604279144e-05
475	2374698882	5000.0	0.001	7.5925e-06	-0.258181	0.9941226954609078,0.005872185562887423,5.118976204759048e-06
477	3711293319	5000.0	0.001	7.5925e-06	-0.066513	0.9982603079384124,0.0017396920615876824
478	3445047192	5000.0	0.001	7.5925e-06	-0.389545	0.9853047390521895,0.014687502499500099,7.758448310337932e-06
480	966383523	5000.0	0.001	7.5925e-06	0.035633	0.9984373125374925,0.001562647470505899,3.9992001599680065e-08
479	2742900638	5000.0	0.001	7.5925e-06	-1.337631	0.9856803439312137,0.014319536092781443,1.199760047990402e-07
481	1966722981	5000.0	0.001	7.5925e-06	-0.357576	0.9966381123775245,0.0033618876224755048
482	1738244006	5000.0	0.001	7.5925e-06	-0.133272	0.9985355328934213,0.0014641471705658868,3.199360127974405e-07
483	3863644069	5000.0	0.001	7.5925e-06	-0.897644	0.9818314337132573,0.018136012797440513,3.2553489302139575e-05
476	2094049155	5000.0	0.001	7.5925e-06	0.007955	0.9996679864027195,0.0003320135972805439
484	3368943527	5000.0	0.001	7.5925e-06	-1.796003	0.9859806438712257,0.01401875624875025,5.99880023995201e-07
486	3071465413	5000.0	0.001	7.5925e-06	0.720771	0.9878697860427914,0.012129614077184563,5.99880023995201e-07
485	2555502512	5000.0	0.001	7.5925e-06	0.295917	0.99670349930014,0.003296500699860028
487	3896956878	5000.0	0.001	7.5925e-06	1.013789	0.9901427714457108,0.009857228554289141
490	3587686358	5000.0	0.001	7.5925e-06	0.237021	0.9963208558288342,0.003643031393721256,3.6112777444511095e-05
489	937549781	5000.0	0.001	7.5925e-06	-0.224196	0.9979546090781843,0.002045390921815637
488	791523280	5000.0	0.001	7.5925e-06	-0.258341	0.9924259548090382,0.007574045190961808
491	3665178586	5000.0	0.001	7.5925e-06	-0.637568	0.9914739052189562,0.008524935012997401,1.159768046390722e-06
492	1458948058	5000.0	0.001	7.5925e-06	-0.049539	0.9992857828434313,0.000704499100179964,9.718056388722255e-06
493	1984589786	5000.0	0.001	7.5925e-06	-0.049847	0.9984801839632074,0.0015198160367926414
494	446992356	5000.0	0.001	7.5925e-06	-0.101486	0.9983108178364327,0.0016891821635672865
495	4218980325	5000.0	0.001	7.5925e-06	-0.002273	0.9992999400119976,0.0006999800039992002,7.998400319936013e-08
496	2589650922	5000.0	0.001	7.5925e-06	-0.089547	0.9983587282543491,0.00164123175364927,3.9992001599680065e-08
497	3751602163	5000.0	0.001	7.5925e-06	-0.197029	0.9974126774645071,0.0025873225354929013
498	712298491	5000.0	0.001	7.5925e-06	0.040641	0.9990744651069786,0.0009255348930213958
499	3602808828	5000.0	0.001	7.5925e-06	-0.127761	0.9984956608678265,0.0015042191561687663,1.199760047990402e-07
