sim_id	seed	popsize	selcoef	mutrate	velocity	profile
2	3169189909	5000.0	0.001	6.3e-05	-0.011988	0.9817660867826434,0.01818904219156169,4.487102579484103e-05
11	3286538307	5000.0	0.001	6.3e-05	0.278780	0.9299217356528694,0.06865546890621875,0.0014227154569086183,7.998400319936013e-08
16	1015789662	5000.0	0.001	6.3e-05	0.112545	0.9635606078784243,0.03636564687062587,7.374525094981004e-05
14	2963380309	5000.0	0.001	6.3e-05	-0.451708	0.9491002199560088,0.05048138372325535,0.00041839632073585283
7	4228229166	5000.0	0.001	6.3e-05	-0.563257	0.9217795240951809,0.0747882823435313,0.0034309538092381522,1.2397520495900819e-06
0	4292839432	5000.0	0.001	6.3e-05	-0.133863	0.9740647870425915,0.023887302539492103,0.002047870425914817,3.9992001599680065e-08
3	3390601252	5000.0	0.001	6.3e-05	-0.766424	0.9156266346730654,0.05088122375524895,0.03340503899220156,8.710257948410318e-05
9	4119078962	5000.0	0.001	6.3e-05	-0.164572	0.975223275344931,0.024575604879024195,0.00019828034393121376,2.8394321135772845e-06
6	2299349038	5000.0	0.001	6.3e-05	-0.345960	0.9520559488102379,0.04786054789042191,8.350329934013198e-05
1	3020353551	5000.0	0.001	6.3e-05	-0.134883	0.9457884423115377,0.05020243951209758,0.004008158368326335,9.598080383923216e-07
17	2555355242	5000.0	0.001	6.3e-05	0.094599	0.9149644071185763,0.08396624675064987,0.001069266146770646,7.998400319936013e-08
15	2033727575	5000.0	0.001	6.3e-05	-0.351291	0.937105698860228,0.06268790241951609,0.00020639872025594882
19	572942464	5000.0	0.001	6.3e-05	0.167313	0.922324975004999,0.07627094581083783,0.0014037992401519696,2.7994401119776043e-07
5	3080785958	5000.0	0.001	6.3e-05	0.369634	0.9594440311937612,0.03962823435312937,0.0009268946210757848,8.398320335932813e-07
18	3350526069	5000.0	0.001	6.3e-05	-0.209525	0.9495113377324536,0.05025818836232753,0.00023047390521895622
8	3729647665	5000.0	0.001	6.3e-05	-0.022205	0.9908403519296141,0.009156688662267546,2.959408118376325e-06
13	339427409	5000.0	0.001	6.3e-05	-0.088282	0.9785156568686263,0.019320695860827835,0.002163407318536293,2.399520095980804e-07
10	994297910	5000.0	0.001	6.3e-05	0.447592	0.8664968606278745,0.1281126174765047,0.005228594281143771,0.00016192761447710459
12	1345531985	5000.0	0.001	6.3e-05	0.255614	0.9219004199160168,0.07119376124775045,0.0069046990601879625,1.1197760447910417e-06
4	941412390	5000.0	0.001	6.3e-05	0.084488	0.9740483103379324,0.025872625474905018,7.906418716256748e-05
20	3423039617	5000.0	0.001	6.3e-05	-1.104286	0.9071157768446311,0.08667974405118976,0.004515256948610278,0.0016878624275144972,1.3597280543891223e-06
21	4271431817	5000.0	0.001	6.3e-05	0.031859	0.9851086182763448,0.01487638472305539,1.4997000599880025e-05
22	1590487178	5000.0	0.001	6.3e-05	0.282613	0.9477505698860228,0.05084867026594681,0.001400639872025595,1.199760047990402e-07
23	883124363	5000.0	0.001	6.3e-05	-0.111664	0.9550139572085583,0.04488122375524895,0.00010481903619276145
26	2595764392	5000.0	0.001	6.3e-05	0.159100	0.9710702259548091,0.02879876024795041,0.00013093381323735253,7.998400319936013e-08
25	2436956324	5000.0	0.001	6.3e-05	0.074646	0.884029474105179,0.11413953209358128,0.0018309538092381524,3.9992001599680065e-08
32	2986170575	5000.0	0.001	6.3e-05	0.492241	0.9499508898220356,0.04924015196960608,0.0008089582083583283
30	3861348534	5000.0	0.001	6.3e-05	0.029255	0.9817257348530294,0.01722259548090382,0.0010515096980603879,1.5996800639872026e-07
33	2601660627	5000.0	0.001	6.3e-05	-0.394929	0.9387610877824435,0.05682227554489102,0.0043991601679664065,1.7476504699060186e-05
31	1341925570	5000.0	0.001	6.3e-05	0.010213	0.9771940811837633,0.02277784443111378,2.8074385122975403e-05
29	17170614	5000.0	0.001	6.3e-05	-0.766083	0.915146450709858,0.08443891221755649,0.00041451709658068387,1.199760047990402e-07
34	3615410390	5000.0	0.001	6.3e-05	-0.122533	0.923693301339732,0.07439104179164167,0.001913617276544691,2.039592081583683e-06
24	525076631	5000.0	0.001	6.3e-05	-1.156607	0.8876359928014397,0.11062107578484304,0.0016151569686062787,0.0001277744451109778
40	3677229315	5000.0	0.001	6.3e-05	-0.095621	0.9632697460507899,0.03298976204759048,0.003725974805038992,1.4517096580683863e-05
27	1389725870	5000.0	0.001	6.3e-05	-0.238921	0.91265874825035,0.0870621475704859,0.00027898420315936815,1.199760047990402e-07
37	3686533351	5000.0	0.001	6.3e-05	-0.296245	0.9628512697460508,0.02428490301939612,0.012811117776444711,5.2709458108378326e-05
42	3380254986	5000.0	0.001	6.3e-05	-0.039189	0.9562830233953209,0.04266886622675465,0.0010473105378924214,7.998400319936013e-07
43	1827295509	5000.0	0.001	6.3e-05	-0.370887	0.9457639672065586,0.050374725054989,0.0038604679064187164,8.398320335932813e-07
41	2949044486	5000.0	0.001	6.3e-05	-0.009294	0.9807827234553089,0.018547090581883623,0.000669746050789842,4.399120175964807e-07
35	1465784540	5000.0	0.001	6.3e-05	-0.361074	0.9057129774045191,0.09236932613477304,0.0019158968206358729,1.799640071985603e-06
36	3234398433	5000.0	0.001	6.3e-05	-0.345649	0.9462186362727455,0.05217736452709458,0.0016036792641471705,3.199360127974405e-07
44	3455826203	5000.0	0.001	6.3e-05	-0.244679	0.7832134373125375,0.21400307938412316,0.0027748450309938015,8.638272345530894e-06
38	3386994933	5000.0	0.001	6.3e-05	-0.143071	0.9541440111977605,0.04548670265946811,0.00036924615076984604,3.9992001599680065e-08
28	4118374575	5000.0	0.001	6.3e-05	-0.559387	0.9283628874225155,0.07150597880423915,0.00013113377324535093
39	1546617089	5000.0	0.001	6.3e-05	-0.093497	0.9373919216156769,0.05915920815836832,0.0034467106578684264,2.1595680863827235e-06
47	3340237090	5000.0	0.001	6.3e-05	-0.001940	0.9905563287342531,0.009439832033593281,3.839232153569286e-06
46	2208194843	5000.0	0.001	6.3e-05	-0.633141	0.9068123575284943,0.092151449710058,0.0010361927614477105
51	3786791216	5000.0	0.001	6.3e-05	0.039648	0.9715348930213957,0.02817276544691062,0.00029234153169366127
48	4036143394	5000.0	0.001	6.3e-05	0.100494	0.9770312737452509,0.022904539092181563,6.41871625674865e-05
49	453638437	5000.0	0.001	6.3e-05	-0.008982	0.9802159968006399,0.019743531293741252,4.047190561887622e-05
50	402204973	5000.0	0.001	6.3e-05	-0.128910	0.9689942811437713,0.030900859828034394,0.00010485902819436113
45	423037212	5000.0	0.001	6.3e-05	-0.321107	0.9632733453309338,0.03599004199160168,0.0007358528294341131,7.598480303939212e-07
53	2887964987	5000.0	0.001	6.3e-05	0.203984	0.9627613277344531,0.03658604279144171,0.00024203159368126374,0.00040907818436312736,1.5196960607878424e-06
56	1246017866	5000.0	0.001	6.3e-05	0.018901	0.9766525494901019,0.02306130773845231,0.00028614277144571083
52	1990412593	5000.0	0.001	6.3e-05	0.046075	0.9451290141971606,0.05438568286342731,0.0004852629474105179,3.9992001599680065e-08
58	3404433746	5000.0	0.001	6.3e-05	0.126075	0.9609468906218757,0.03876476704659068,0.00028834233153369326
61	896342362	5000.0	0.001	6.3e-05	-0.096315	0.9730799840031994,0.026817116576684664,0.0001028994201159768
57	2577961292	5000.0	0.001	6.3e-05	0.119947	0.9726969406118776,0.027179684063187364,0.0001229754049190162,3.9992001599680065e-07
66	1784256877	5000.0	0.001	6.3e-05	0.047781	0.9843104979004199,0.01498872225554889,0.0007007798440311938
65	3829160295	5000.0	0.001	6.3e-05	0.862270	0.7366769846030794,0.2599773645270946,0.0033452109578084384,4.399120175964807e-07
55	2731813183	5000.0	0.001	6.3e-05	0.010301	0.9583933613277344,0.04138904219156169,0.00021751649670065986,7.998400319936013e-08
69	1309092217	5000.0	0.001	6.3e-05	-1.096660	0.838678024395121,0.15909522095580883,0.002225794841031794,9.598080383923216e-07
54	2101885243	5000.0	0.001	6.3e-05	1.092062	0.8117332933413317,0.18291685662867427,0.005012637472505499,0.0003372125574885023
67	1175017841	5000.0	0.001	6.3e-05	0.402101	0.9427940411917617,0.056642071585682865,0.0005638072385522895,7.998400319936013e-08
70	3466817916	5000.0	0.001	6.3e-05	-0.010482	0.9670795440911818,0.03280767846430714,0.00011277744451109778
59	2738544979	5000.0	0.001	6.3e-05	-0.063780	0.9733798440311937,0.026560767846430713,5.9388122375524896e-05
68	3220552050	5000.0	0.001	6.3e-05	-0.356179	0.9337827634473106,0.06300127974405119,0.003215236952609478,7.198560287942411e-07
72	2629828995	5000.0	0.001	6.3e-05	0.267986	0.9402397920415917,0.05958168366326735,0.0001785242951409718
63	3983214944	5000.0	0.001	6.3e-05	-0.026857	0.9718752649470106,0.028063627274545092,6.09878024395121e-05,1.199760047990402e-07
60	837052761	5000.0	0.001	6.3e-05	0.293912	0.9540835432913417,0.0457495300939812,0.00016692661467706459
71	1328392573	5000.0	0.001	6.3e-05	1.848011	0.7823712057588482,0.21288314337132574,0.004744211157768447,1.4397120575884822e-06
73	1099409811	5000.0	0.001	6.3e-05	0.352837	0.9531718856228755,0.04633205358928214,0.0004960607878424315
62	465615199	5000.0	0.001	6.3e-05	-0.074855	0.9619802439512097,0.036571765646870626,0.0014472705458908218,7.198560287942411e-07
75	1687816597	5000.0	0.001	6.3e-05	-0.354533	0.8863353329334133,0.11118320335932813,0.0024813437312537494,1.199760047990402e-07
64	3888245088	5000.0	0.001	6.3e-05	0.062726	0.9533630473905219,0.03940991801639672,0.007222955408918217,4.079184163167366e-06
77	3770814874	5000.0	0.001	6.3e-05	-0.312295	0.9516658668266347,0.03991493701259748,0.008392721455708858,2.6474705058988204e-05
78	2579575203	5000.0	0.001	6.3e-05	0.555643	0.818522375524895,0.17686850629874026,0.004524415116976605,8.470305938812238e-05
76	398985624	5000.0	0.001	6.3e-05	-0.714527	0.9292355128974206,0.0698250349930014,0.0009393721255748851,7.998400319936013e-08
79	2135265700	5000.0	0.001	6.3e-05	-0.103283	0.9696426314737052,0.03030749850029994,4.987002599480104e-05
81	2709563811	5000.0	0.001	6.3e-05	-0.178746	0.898404399120176,0.08859444111177764,0.012996120775844831,5.038992201559688e-06
74	3046144404	5000.0	0.001	6.3e-05	-0.208902	0.9770922615476905,0.022732653469306138,0.00017508498300339932
84	3177150903	5000.0	0.001	6.3e-05	-0.070872	0.9763499300139972,0.021690741851629673,0.0019590881823635274,2.399520095980804e-07
83	433150383	5000.0	0.001	6.3e-05	0.551435	0.7733085382923416,0.19685426914617077,0.02972609478104379,0.00011109778044391122
87	1327020475	5000.0	0.001	6.3e-05	-0.343095	0.9534089182163568,0.046192841431713656,0.0003982003599280144,3.9992001599680065e-08
86	3768166840	5000.0	0.001	6.3e-05	-0.097411	0.8960801039792041,0.10308198360327935,0.000837752449510098,1.5996800639872026e-07
91	4229573071	5000.0	0.001	6.3e-05	-0.184157	0.9532233553289342,0.04655260947810438,0.0002240351929614077
90	1721381313	5000.0	0.001	6.3e-05	-0.327433	0.8854511897620476,0.1108373925214957,0.0037102179564087183,1.199760047990402e-06
80	3029408164	5000.0	0.001	6.3e-05	-0.083166	0.9615362927414517,0.038399200159968006,6.450709858028395e-05
85	3654908343	5000.0	0.001	6.3e-05	-0.065436	0.9872347930413917,0.012756488702259547,8.718256348730255e-06
95	1610365399	5000.0	0.001	6.3e-05	-0.330730	0.9018290341931614,0.08843087382523496,0.009670985802839432,6.910617876424715e-05
93	2439782866	5000.0	0.001	6.3e-05	0.055213	0.9386385922815437,0.05956112777444511,0.0017996000799840033,6.798640271945611e-07
89	4048996799	5000.0	0.001	6.3e-05	-0.013732	0.942800399920016,0.0565496900619876,0.0006490701859628074,8.398320335932813e-07
98	25676252	5000.0	0.001	6.3e-05	0.277228	0.9678007598480304,0.03149398120375925,0.0007051389722055589,1.199760047990402e-07
92	1482742225	5000.0	0.001	6.3e-05	-0.056482	0.983599400119976,0.016387922415516898,1.267746450709858e-05
94	3853797846	5000.0	0.001	6.3e-05	-0.101770	0.926077224555089,0.07377152569486103,0.00015124975004999
96	3300129244	5000.0	0.001	6.3e-05	-2.857878	0.6084671865626875,0.3640139572085583,0.026045630873825235,0.001472745450909818,4.799040191961608e-07
99	3166101984	5000.0	0.001	6.3e-05	-0.695310	0.9314761047790442,0.06545478904219156,0.0030509098180363926,1.819636072785443e-05
88	2744828350	5000.0	0.001	6.3e-05	-0.192665	0.8493622075584883,0.1428986202759448,0.0077179364127174565,2.1235752849430114e-05
101	3473598958	5000.0	0.001	6.3e-05	-0.170051	0.9723439712057589,0.027588162367526495,6.786642671465706e-05
102	259224051	5000.0	0.001	6.3e-05	-0.196118	0.9672304339132174,0.03269810037992402,7.146570685862828e-05
82	521423279	5000.0	0.001	6.3e-05	0.247429	0.9582459908018396,0.0413501699660068,0.0004038392321535693
97	4244816349	5000.0	0.001	6.3e-05	0.234603	0.9656724655068987,0.03429738052389522,3.0153969206158768e-05
103	3916722685	5000.0	0.001	6.3e-05	-0.047238	0.9641662467506499,0.03557108578284343,0.0002626674665066987
105	3964598790	5000.0	0.001	6.3e-05	0.016714	0.9817846030793841,0.018189002199560086,2.6394721055788843e-05
104	1380708865	5000.0	0.001	6.3e-05	0.008558	0.9756642271545691,0.02431633673265347,1.943611277744451e-05
106	1650278922	5000.0	0.001	6.3e-05	-0.022719	0.9736255548890222,0.02617236552689462,0.00020207958408318335
100	4034828768	5000.0	0.001	6.3e-05	-0.342669	0.8959842831433713,0.10033313337332533,0.0036821835632873424,3.9992001599680065e-07
109	981572132	5000.0	0.001	6.3e-05	0.360796	0.961777924415117,0.037666426714657066,0.0005550889822035593,5.598880223955209e-07
110	1833966123	5000.0	0.001	6.3e-05	-0.376208	0.8361920415916817,0.16060691861627674,0.0031959208158368326,5.118976204759048e-06
116	357646922	5000.0	0.001	6.3e-05	-0.049632	0.9860771845630873,0.013653669266146772,0.00026854629074185164,5.99880023995201e-07
112	2442555950	5000.0	0.001	6.3e-05	0.014908	0.988523975204959,0.011466786642671466,9.238152369526095e-06
115	2658744892	5000.0	0.001	6.3e-05	-0.027231	0.9865712457508499,0.013422635472905418,6.11877624475105e-06
119	3460473436	5000.0	0.001	6.3e-05	0.028998	0.9868191161767647,0.013106098780243951,7.478504299140172e-05
118	1793573467	5000.0	0.001	6.3e-05	0.012905	0.8116207558488302,0.18516840631873624,0.0032104379124175166,3.9992001599680065e-07
121	1402038890	5000.0	0.001	6.3e-05	0.279742	0.9586594281143771,0.04092717456508698,0.00041151769646070787,1.879624075184963e-06
122	1005374059	5000.0	0.001	6.3e-05	0.112395	0.9286526694661068,0.06903039392121575,0.0023033393321335734,1.3597280543891222e-05
123	3482921582	5000.0	0.001	6.3e-05	0.079631	0.9601663267346531,0.03555740851829634,0.004275704859028194,5.598880223955209e-07
124	3186162294	5000.0	0.001	6.3e-05	0.301428	0.9505093381323735,0.04939620075984803,9.318136372725455e-05,1.279744051189762e-06
107	819898902	5000.0	0.001	6.3e-05	-0.361547	0.8975712857428514,0.10213057388522295,0.0002981403719256149
114	209416760	5000.0	0.001	6.3e-05	-0.323207	0.9568863427314537,0.030230313937212556,0.012866506698660268,1.6836632673465307e-05
108	1456085526	5000.0	0.001	6.3e-05	0.070344	0.9636318736252749,0.0346249150169966,0.0017420915816836633,1.1197760447910417e-06
125	3942607483	5000.0	0.001	6.3e-05	0.318396	0.9184867426514697,0.07513449310137972,0.006254829034193161,0.00012393521295740853
117	3547882074	5000.0	0.001	6.3e-05	-0.058550	0.9420128774245151,0.057816516696660665,0.00017060587882423514
111	2413619758	5000.0	0.001	6.3e-05	0.058517	0.9720737452509498,0.027400199960007997,0.0005260547890421916
128	3986440838	5000.0	0.001	6.3e-05	-0.047872	0.9262891421715657,0.07357204559088182,0.0001388122375524895
127	795126402	5000.0	0.001	6.3e-05	0.228380	0.9684383923215357,0.03152561487702459,3.599280143971206e-05
129	765381254	5000.0	0.001	6.3e-05	-0.004283	0.9556919016196761,0.04421499700059988,9.31013797240552e-05
113	1257058869	5000.0	0.001	6.3e-05	0.116548	0.900448950209958,0.07680727854429115,0.02268982203559288,5.394921015796841e-05
120	1186509416	5000.0	0.001	6.3e-05	-0.131106	0.9745604079184164,0.025422195560887824,1.739652069586083e-05
131	3144919703	5000.0	0.001	6.3e-05	-0.413731	0.9186713057388523,0.05388986202759448,0.027174005198960207,0.0002647870425914817,3.9992001599680065e-08
130	460432019	5000.0	0.001	6.3e-05	0.152468	0.9743980803839232,0.02554625074985003,5.566886622675465e-05
132	347908759	5000.0	0.001	6.3e-05	0.230539	0.9518906618676265,0.038462987402519494,0.009626874625074985,1.947610477904419e-05
133	3930534559	5000.0	0.001	6.3e-05	-0.006125	0.9257808438312337,0.07169418116376725,0.0025246950609878025,2.7994401119776043e-07
136	2344721071	5000.0	0.001	6.3e-05	-0.079316	0.9625814037192562,0.03715268946210758,0.00026590681863627276
134	1766853282	5000.0	0.001	6.3e-05	-0.235799	0.9608300739852029,0.03480107978404319,0.0043668866226754645,1.959608078384323e-06
126	1884564094	5000.0	0.001	6.3e-05	0.940167	0.9236705058988203,0.07487878424315136,0.001442391521695661,8.318336332733454e-06
139	722457278	5000.0	0.001	6.3e-05	-0.059275	0.9768895820835832,0.022414277144571084,0.0006961407718456309
137	1266217658	5000.0	0.001	6.3e-05	-0.062133	0.9311082183563287,0.06866530693861228,0.00022639472105578885,7.998400319936013e-08
135	225665699	5000.0	0.001	6.3e-05	0.562302	0.9207758048390322,0.07748678264347131,0.001735252949410118,2.1595680863827235e-06
141	530512581	5000.0	0.001	6.3e-05	-0.173872	0.9753419316136772,0.02362263547290542,0.0010316736652669467,3.759248150369926e-06
144	482673366	5000.0	0.001	6.3e-05	0.019330	0.9488765446910618,0.046513297340531896,0.004606518696260748,3.639272145570886e-06
146	3726377693	5000.0	0.001	6.3e-05	-0.060429	0.9827034593081384,0.01718264347130574,0.00011389722055588882
145	3838288602	5000.0	0.001	6.3e-05	-0.026536	0.989051349730054,0.010936012797440511,1.2637472505498901e-05
150	568632056	5000.0	0.001	6.3e-05	0.436962	0.9267401319736053,0.0730134373125375,0.00024643071385722855
149	2306988789	5000.0	0.001	6.3e-05	0.384994	0.8952077584483104,0.1006623475304939,0.004128534293141372,1.3597280543891223e-06
152	1645904646	5000.0	0.001	6.3e-05	0.274932	0.950779524095181,0.049051909618076386,0.00016856628674265147
138	3489948347	5000.0	0.001	6.3e-05	-0.067052	0.9659214557088582,0.03346814637072586,0.0006095980803839232,7.998400319936013e-07
140	2169836223	5000.0	0.001	6.3e-05	0.134908	0.9357428914217156,0.06202655468906219,0.0022302739452109577,2.7994401119776043e-07
153	3940137738	5000.0	0.001	6.3e-05	0.396449	0.9010266346730654,0.09836496700659868,0.0006083583283343332,3.9992001599680065e-08
142	1650465491	5000.0	0.001	6.3e-05	0.123843	0.9819796840631874,0.017535652869426113,0.00047994401119776044,4.719056188762248e-06
157	3012934432	5000.0	0.001	6.3e-05	-0.068305	0.9697294941011798,0.030205358928214358,6.514697060587882e-05
158	3995454241	5000.0	0.001	6.3e-05	0.193346	0.9748365926814637,0.024044231153769247,0.0011191361727654469,3.9992001599680065e-08
156	120949530	5000.0	0.001	6.3e-05	-0.016614	0.9469085382923416,0.05212257548490302,0.0009687262547490501,1.5996800639872026e-07
159	3653757729	5000.0	0.001	6.3e-05	-0.189148	0.9582698660267946,0.0396998200359928,0.002030113977204559,1.9996000799840033e-07
151	3014185728	5000.0	0.001	6.3e-05	-0.297889	0.9607349730053989,0.03472965406918616,0.004534653069386123,7.198560287942411e-07
154	3309998860	5000.0	0.001	6.3e-05	-0.173107	0.949371525694861,0.05047382523495301,0.0001546490701859628
143	331993812	5000.0	0.001	6.3e-05	0.008782	0.9226346330733853,0.0771504899020196,0.00021487702459508097
160	1391745827	5000.0	0.001	6.3e-05	0.226974	0.9637908818236353,0.03581791641671666,0.0003912017596480704
161	2166749990	5000.0	0.001	6.3e-05	-0.029499	0.9778637472505499,0.022125534893021395,1.0717856428714257e-05
147	1225323230	5000.0	0.001	6.3e-05	-0.636254	0.857786722655469,0.14108242351529693,0.0011306538692261547,1.9996000799840033e-07
162	1082501926	5000.0	0.001	6.3e-05	0.052482	0.9803799240151969,0.019216796640671864,0.00040327934413117374
155	3487267608	5000.0	0.001	6.3e-05	0.094742	0.9810584683063387,0.018792161567686462,0.00014937012597480504
165	314051385	5000.0	0.001	6.3e-05	-0.246701	0.9568645870825835,0.043063707258548294,6.886622675464908e-05,2.8394321135772845e-06
163	297505588	5000.0	0.001	6.3e-05	-0.264941	0.8710841831633673,0.12122943411317737,0.007676664667066587,9.718056388722255e-06
148	2306579167	5000.0	0.001	6.3e-05	-0.535175	0.8706447910417916,0.12853469306138773,0.000815996800639872,4.519096180763847e-06
168	2340408130	5000.0	0.001	6.3e-05	-0.386008	0.921160647870426,0.07861659668066387,0.00022275544891021796
164	3345244983	5000.0	0.001	6.3e-05	0.146601	0.9691067386522696,0.03079012197560488,0.00010309938012397521,3.9992001599680065e-08
171	3440253776	5000.0	0.001	6.3e-05	0.117029	0.9586859028194361,0.041215436912617476,9.866026794641071e-05
170	1873736519	5000.0	0.001	6.3e-05	-0.102658	0.8714379924015196,0.1256352329534093,0.002924095180963807,2.679464107178564e-06
172	23141203	5000.0	0.001	6.3e-05	-0.062448	0.9591594081183763,0.03915540891821636,0.0016822235552889423,2.959408118376325e-06
178	3133385570	5000.0	0.001	6.3e-05	0.060786	0.9896841831633674,0.01029010197960408,2.571485702859428e-05
175	4148929366	5000.0	0.001	6.3e-05	-0.049976	0.9782521895620876,0.02132977404519096,0.0004180363927214557
174	3730088789	5000.0	0.001	6.3e-05	-0.210999	0.9566470305938812,0.04259020195960808,0.0007620075984803039,7.598480303939212e-07
180	3906737009	5000.0	0.001	6.3e-05	-0.099539	0.9791523295340931,0.019863427314537094,0.0009826834633073385,1.5596880623875224e-06
173	2138911572	5000.0	0.001	6.3e-05	0.474174	0.9271385722855429,0.07225498900219957,0.0006063587282543492,7.998400319936013e-08
177	3168412509	5000.0	0.001	6.3e-05	0.128787	0.9735461307738452,0.026412517496500698,4.1351729654069184e-05
182	676502392	5000.0	0.001	6.3e-05	-0.101878	0.9383477304539092,0.06154709058188362,0.00010517896420715856
176	2372901719	5000.0	0.001	6.3e-05	0.486019	0.928940651869626,0.06975508898220356,0.0013040991801639673,1.5996800639872026e-07
166	3582171962	5000.0	0.001	6.3e-05	-0.154581	0.946926774645071,0.052879104179164166,0.00019412117576484702
167	190655297	5000.0	0.001	6.3e-05	0.071988	0.9398725454909018,0.059390361927614474,0.0007370925814837033
169	2941291335	5000.0	0.001	6.3e-05	-0.057556	0.9679827234553089,0.03162303539292142,0.00039368126374725055,5.598880223955209e-07
183	2302204793	5000.0	0.001	6.3e-05	-0.398195	0.9278633873225355,0.07005894821035794,0.0020703459308138374,7.318536292741451e-06
179	2592418659	5000.0	0.001	6.3e-05	-0.120106	0.9456724655068987,0.05301151769646071,0.0013158968206358728,1.199760047990402e-07
185	1530059642	5000.0	0.001	6.3e-05	-0.069701	0.9816467906418717,0.015600799840031994,0.002752249550089982,1.5996800639872026e-07
186	3531926401	5000.0	0.001	6.3e-05	0.057108	0.9876540291941611,0.012297580483903219,4.8390321935612875e-05
181	1267772275	5000.0	0.001	6.3e-05	-0.022967	0.9797287342531493,0.020221635672865428,4.963007398520296e-05
187	292752259	5000.0	0.001	6.3e-05	0.292600	0.9600524695060988,0.039416476704659066,0.0005309738052389522,7.998400319936013e-08
188	587592580	5000.0	0.001	6.3e-05	0.104390	0.9702823035392921,0.02948134373125375,0.00023635272945410918
190	3623414666	5000.0	0.001	6.3e-05	0.063347	0.9844493901219756,0.015534013197360528,1.6596680663867228e-05
184	3900414842	5000.0	0.001	6.3e-05	0.067403	0.9864944211157769,0.013286502699460108,0.00021899620075984804,7.998400319936013e-08
189	3185544070	5000.0	0.001	6.3e-05	-0.157937	0.9714364327134573,0.02466998600279944,0.0038931813637272544,3.9992001599680065e-07
191	2319915917	5000.0	0.001	6.3e-05	1.194600	0.8412850229954009,0.1577754849030194,0.0009394521095780844,3.9992001599680065e-08
192	1917240210	5000.0	0.001	6.3e-05	0.238383	0.9558834633073385,0.043872985402919416,0.00024355128974205159
193	2384182170	5000.0	0.001	6.3e-05	-0.218917	0.9551191361727654,0.04435768846230754,0.0005231353729254149,3.9992001599680065e-08
194	3790330778	5000.0	0.001	6.3e-05	-0.111815	0.9680505898820236,0.03187378524295141,7.5624875024995e-05
196	3671702437	5000.0	0.001	6.3e-05	0.412114	0.922592801439712,0.07686490701859629,0.000542251549690062,3.9992001599680065e-08
195	4118119325	5000.0	0.001	6.3e-05	0.259195	0.9433827234553089,0.055269026194761046,0.0013460907818436314,2.1595680863827235e-06
203	3669640115	5000.0	0.001	6.3e-05	-0.134682	0.9848689862027594,0.01511637672465507,1.4637072585482903e-05
204	3226334134	5000.0	0.001	6.3e-05	-0.114814	0.9786121175764847,0.021293061387722457,9.482103579284143e-05
206	3054713788	5000.0	0.001	6.3e-05	0.120301	0.9625015396920615,0.03701555688862228,0.0004829034193161368
207	554243004	5000.0	0.001	6.3e-05	0.046672	0.9516649470105979,0.04806150769846031,0.00027310537892421513,4.399120175964807e-07
210	2242395080	5000.0	0.001	6.3e-05	0.495857	0.8763906418716256,0.12303563287342531,0.0005737252549490102
208	3624151997	5000.0	0.001	6.3e-05	-0.948935	0.8657548090381924,0.11916680663867227,0.01495508898220356,0.00012329534093181364
213	1948318667	5000.0	0.001	6.3e-05	-0.150869	0.9346010797840432,0.06520499900019996,0.0001935612877424515,3.5992801439712056e-07
214	3237303249	5000.0	0.001	6.3e-05	-0.214794	0.9368560687862427,0.06177716456708658,0.0013655268946210757,1.2397520495900819e-06
211	3302751176	5000.0	0.001	6.3e-05	0.045320	0.9717883623275345,0.01934397120575885,0.008854869026194761,1.2797440511897621e-05
212	833514442	5000.0	0.001	6.3e-05	0.153652	0.9701108578284343,0.029781803639272145,0.00010685862827434513,4.799040191961608e-07
200	3684197290	5000.0	0.001	6.3e-05	0.001768	0.8873082583483304,0.11223531293741251,0.0004564287142571486
197	630133672	5000.0	0.001	6.3e-05	-0.170762	0.9477899220155969,0.051547250549890025,0.0006628274345130974
202	1911405488	5000.0	0.001	6.3e-05	-0.355341	0.9454224355128974,0.05444859028194361,0.0001289742051589682
199	2146003880	5000.0	0.001	6.3e-05	-0.016522	0.9886535092981403,0.011339252149570087,7.238552289542091e-06
201	3517025198	5000.0	0.001	6.3e-05	-0.333659	0.961393401319736,0.038169566086782646,0.0004347130573885223,2.319536092781444e-06
198	1259058088	5000.0	0.001	6.3e-05	0.437693	0.9179348130373925,0.08100203959208159,0.0010630273945210957,1.199760047990402e-07
217	348464091	5000.0	0.001	6.3e-05	-0.021344	0.9404662667466507,0.05852213557288542,0.0010115976804639072
215	781949911	5000.0	0.001	6.3e-05	-0.601296	0.9096159168166367,0.08615160967806439,0.004232273545290942,1.9996000799840033e-07
218	1213950945	5000.0	0.001	6.3e-05	-0.031907	0.9721436912617476,0.027687022595480903,0.00016884623075384922,4.399120175964807e-07
209	1728414663	5000.0	0.001	6.3e-05	0.418203	0.9326571485702859,0.06714577084583083,0.00019704059188162368,3.9992001599680065e-08
205	3573384119	5000.0	0.001	6.3e-05	0.820857	0.9052982603479304,0.0945633673265347,0.00013833233353329334,3.9992001599680065e-08
219	1042764771	5000.0	0.001	6.3e-05	0.412961	0.9450422315536893,0.05479040191961608,0.00016736652669466107
216	3793767386	5000.0	0.001	6.3e-05	0.057137	0.9421446110777845,0.055844351129774046,0.0020109178164367126,1.199760047990402e-07
223	828515306	5000.0	0.001	6.3e-05	-0.282082	0.9690932213557288,0.030890141971605677,1.6636672665466908e-05
220	2028635107	5000.0	0.001	6.3e-05	-0.496435	0.9255909218156368,0.07428794241151769,0.00012113577284543092
226	831917044	5000.0	0.001	6.3e-05	-0.247765	0.9219521295740852,0.0740120375924815,0.0016558688262347532,0.00237752449510098,2.439512097580484e-06
222	1618988009	5000.0	0.001	6.3e-05	-0.164788	0.9792713057388522,0.020205598880223954,0.0005230953809238153
225	3691805682	5000.0	0.001	6.3e-05	0.261287	0.9560946610677864,0.04380859828034393,9.674065186962608e-05
224	3579317227	5000.0	0.001	6.3e-05	0.631394	0.8732239152169566,0.12550605878824236,0.001135372925414917,0.00013465306938612278
221	681262054	5000.0	0.001	6.3e-05	0.277717	0.937457148570286,0.06019176164767047,0.002344771045790842,6.3187362527494505e-06
233	2284547089	5000.0	0.001	6.3e-05	0.176959	0.9501656068786243,0.03412673465306939,0.015666666666666666,4.0991801639672064e-05
231	3858783238	5000.0	0.001	6.3e-05	-0.203032	0.9506364727054589,0.04819764047190562,0.0011646470705858828,1.2397520495900819e-06
234	2371062802	5000.0	0.001	6.3e-05	0.242265	0.9606038792241551,0.03665402919416117,0.0027419316136772644,1.5996800639872026e-07
238	64275487	5000.0	0.001	6.3e-05	0.306216	0.9283832433513297,0.07135432913417317,0.0002623875224955009,3.9992001599680065e-08
237	2779290650	5000.0	0.001	6.3e-05	-0.316960	0.9215212157568486,0.07822555488902219,0.00025322935412917417
235	1425007639	5000.0	0.001	6.3e-05	-0.498741	0.7699138572285543,0.22355668866226755,0.0022185562887422515,0.004309858028394321,1.0397920415916818e-06
232	761142284	5000.0	0.001	6.3e-05	0.094973	0.9730960607878424,0.026703259348130375,0.00020067986402719457
240	1842373667	5000.0	0.001	6.3e-05	-0.025113	0.934873225354929,0.06468170365926815,0.00044455108978204357,5.198960207958409e-07
241	3275867170	5000.0	0.001	6.3e-05	-0.234473	0.9446562687462507,0.05508130373925215,0.0002624275144971006
236	2248258584	5000.0	0.001	6.3e-05	0.098704	0.9566062387522496,0.0433125374925015,8.12237552489502e-05
243	2027996198	5000.0	0.001	6.3e-05	0.219649	0.9640645470905819,0.03561103779244151,0.0003243351329734053,7.998400319936013e-08
239	1419926562	5000.0	0.001	6.3e-05	0.361556	0.9592039592081584,0.040722215556888625,7.382523495300939e-05
228	2478920700	5000.0	0.001	6.3e-05	-0.140324	0.9514687862427514,0.04837032593481304,0.0001608878224355129
230	2594059268	5000.0	0.001	6.3e-05	-0.200003	0.9653774445110977,0.0344751849630074,0.00014737052589482104
246	1979882558	5000.0	0.001	6.3e-05	-0.193460	0.9065748050389922,0.09143679264147171,0.0019834433113377326,4.9590081983603276e-06
227	2504516604	5000.0	0.001	6.3e-05	-0.100085	0.9044986202759449,0.09160683863227355,0.003892141571685663,2.399520095980804e-06
244	3631754295	5000.0	0.001	6.3e-05	-0.279374	0.9480233153369326,0.05104111177764447,0.0009355728854229154
229	2644552704	5000.0	0.001	6.3e-05	0.442001	0.884276224755049,0.11482375524895021,0.0008971005798840232,2.9194161167766445e-06
245	1100926013	5000.0	0.001	6.3e-05	0.516844	0.946516976604679,0.053245630873825237,0.0002373125374925015,7.998400319936013e-08
247	3090211901	5000.0	0.001	6.3e-05	-0.058381	0.9571356928614277,0.04283871225754849,2.5594881023795242e-05
248	76428373	5000.0	0.001	6.3e-05	0.246091	0.9316904219156169,0.06776116776644671,0.0005483703259348131,3.9992001599680065e-08
250	3551646811	5000.0	0.001	6.3e-05	-0.638427	0.7959232153569286,0.2009510097980404,0.003123255348930214,2.519496100779844e-06
242	264885285	5000.0	0.001	6.3e-05	0.851006	0.8983403319336133,0.09225626874625074,0.009402719456108778,6.798640271945611e-07
249	1138066522	5000.0	0.001	6.3e-05	0.087375	0.885197800439912,0.11331581683663268,0.001483503299340132,2.8794241151769645e-06
252	1989393504	5000.0	0.001	6.3e-05	0.731566	0.92746174765047,0.07144803039392121,0.0010898620275944812,3.5992801439712056e-07
251	3924851808	5000.0	0.001	6.3e-05	-0.111845	0.8800321535692861,0.09667078584283144,0.015470905818836233,0.007723375324935013,0.00010277944411117776
255	1388133488	5000.0	0.001	6.3e-05	-0.171868	0.9495301339732054,0.050096580683863225,0.00037300539892021596,2.7994401119776043e-07
258	2350902395	5000.0	0.001	6.3e-05	-0.256126	0.9302387122575485,0.06789334133173365,0.0018673865226954609,5.598880223955209e-07
254	2727099498	5000.0	0.001	6.3e-05	1.788391	0.856881223755249,0.06714685062987402,0.07151129774045191,0.004459188162367527,1.4397120575884822e-06
257	1409508470	5000.0	0.001	6.3e-05	-1.887706	0.6533572085582884,0.33413645270945813,0.012500099980003999,6.23875224955009e-06
261	3744486537	5000.0	0.001	6.3e-05	0.601908	0.9174482303539292,0.07869886022795441,0.003852229554089182,6.798640271945611e-07
263	2281241741	5000.0	0.001	6.3e-05	-0.122468	0.977856548690262,0.022066706658668268,7.674465106978604e-05
265	3492416662	5000.0	0.001	6.3e-05	-0.010626	0.9880072785442912,0.01190757848430314,8.514297140571885e-05
253	1005053026	5000.0	0.001	6.3e-05	0.359020	0.9368253949210158,0.06218876224755049,0.0009842031593681265,1.6396720655868826e-06
266	2685992087	5000.0	0.001	6.3e-05	0.607104	0.8885581283743251,0.10963239352129574,0.0018026394721055788,6.838632273545291e-06
268	939353250	5000.0	0.001	6.3e-05	-0.157789	0.8666777044591082,0.13167714457108579,0.0016451509698060388
267	508974241	5000.0	0.001	6.3e-05	-0.017846	0.9432460707858429,0.056666146770645874,8.778244351129774e-05
269	2062421155	5000.0	0.001	6.3e-05	-0.922860	0.9027008598280344,0.09212033593281344,0.0051757648470305935,3.039392121575685e-06
260	2066814085	5000.0	0.001	6.3e-05	-0.011153	0.9492753449310138,0.04973201359728054,0.0009924815036992602,1.5996800639872026e-07
272	1805616294	5000.0	0.001	6.3e-05	-0.610552	0.9221552889422115,0.05956744651069786,0.01728854229154169,0.000987762447510498,9.598080383923216e-07
273	3506703528	5000.0	0.001	6.3e-05	-0.095880	0.9463538092381524,0.04840239952009598,0.005209678064387123,3.4113177364527094e-05
256	1545065589	5000.0	0.001	6.3e-05	-0.046655	0.9754530693861228,0.024517816436712657,2.9114177164567087e-05
274	3159280810	5000.0	0.001	6.3e-05	0.436478	0.8246313137372525,0.17400355928814237,0.001365126974605079
259	1056326787	5000.0	0.001	6.3e-05	0.003333	0.9634090381923616,0.03656808638272346,2.2875424915016998e-05
277	3331648687	5000.0	0.001	6.3e-05	-0.570194	0.9292026794641072,0.06937676464707059,0.0014203959208158369,1.5996800639872026e-07
270	281513124	5000.0	0.001	6.3e-05	0.223642	0.9438443911217756,0.05530293941211758,0.0008526694661067786
279	3187430583	5000.0	0.001	6.3e-05	0.130581	0.9746071185762848,0.025347170565886822,4.571085782843431e-05
271	2418248868	5000.0	0.001	6.3e-05	-0.008087	0.9622362727454509,0.03456396720655869,0.0030616676664667066,0.00013809238152369526
276	3524670639	5000.0	0.001	6.3e-05	-0.218298	0.8764494701059788,0.12199016196760648,0.0015597680463907218,5.99880023995201e-07
262	2241586316	5000.0	0.001	6.3e-05	-0.051342	0.9828261947610478,0.01707998400319936,9.382123575284943e-05
281	1370256575	5000.0	0.001	6.3e-05	0.125189	0.9688797040591881,0.031003079384123177,0.00011721655668866227
278	1978082487	5000.0	0.001	6.3e-05	0.118119	0.9544813037392521,0.04548546290741852,3.323335332933413e-05
264	2481357966	5000.0	0.001	6.3e-05	-0.153022	0.910432073585283,0.08834333133373325,0.0012224355128974205,2.1595680863827235e-06
275	3163471019	5000.0	0.001	6.3e-05	0.374029	0.9324357528494301,0.06713473305338932,0.00042951409718056387
284	321326276	5000.0	0.001	6.3e-05	-0.693932	0.8930854629074185,0.10498180363927215,0.0019322935412917418,4.399120175964807e-07
282	627557569	5000.0	0.001	6.3e-05	0.195781	0.9683971605678864,0.031496620675864825,0.00010609878024395121,1.199760047990402e-07
287	1330431178	5000.0	0.001	6.3e-05	0.161081	0.9368426314737053,0.06161183763247351,0.001545250949810038,2.7994401119776043e-07
283	3178108097	5000.0	0.001	6.3e-05	-0.018555	0.9653130173965206,0.034649390121975605,3.759248150369926e-05
286	3139636423	5000.0	0.001	6.3e-05	0.477197	0.8358613077384524,0.1628749450109978,0.0012634673065386923,2.7994401119776043e-07
289	3902309584	5000.0	0.001	6.3e-05	-0.034790	0.9782464307138572,0.02169638072385523,5.718856228754249e-05
291	1598528739	5000.0	0.001	6.3e-05	0.227318	0.8964675864827034,0.10288614277144571,0.0006462307538492301,3.9992001599680065e-08
280	3090957499	5000.0	0.001	6.3e-05	-0.494862	0.8744853029394121,0.12104599080183963,0.004467986402719456,7.198560287942411e-07
294	4223821037	5000.0	0.001	6.3e-05	-0.303666	0.9160301939612078,0.0828007198560288,0.0011690861827634473
292	1403327716	5000.0	0.001	6.3e-05	0.863258	0.9179772845430914,0.08109682063587283,0.0009230553889222156,2.8394321135772845e-06
295	368342256	5000.0	0.001	6.3e-05	-0.722827	0.9043675264947011,0.09456644671065786,0.0010659868026394721,3.9992001599680065e-08
297	866335987	5000.0	0.001	6.3e-05	-1.725927	0.8480522295540892,0.11216440711857628,0.039729454109178164,5.3909218156368724e-05
298	3140863219	5000.0	0.001	6.3e-05	0.848349	0.8745323335332933,0.12443871225754849,0.0010255548890221956,3.3993201359728056e-06
285	479894725	5000.0	0.001	6.3e-05	-0.059105	0.9868751449710058,0.012881023795240951,0.00024371125774845032,1.199760047990402e-07
300	1960094975	5000.0	0.001	6.3e-05	0.047859	0.9862614677064587,0.013715416916616676,2.3115376924615077e-05
302	2424685825	5000.0	0.001	6.3e-05	0.403779	0.9519966806638672,0.04791989602079584,8.342331533693261e-05
293	740629739	5000.0	0.001	6.3e-05	-0.823752	0.8614396320735853,0.1251875224955009,0.013362767446510698,1.0077984403119377e-05
288	276563151	5000.0	0.001	6.3e-05	0.047955	0.9635212557488503,0.02800739852029594,0.008448390321935614,2.2955408918216355e-05
306	1753033999	5000.0	0.001	6.3e-05	0.017440	0.966649550089982,0.03253061387722456,0.0008192761447710458,5.598880223955209e-07
303	3734017287	5000.0	0.001	6.3e-05	-0.129675	0.9647202959408119,0.035210757848430314,6.890621875624875e-05,3.9992001599680065e-08
296	1290005745	5000.0	0.001	6.3e-05	0.085631	0.8658933013397321,0.13330609878024396,0.0008005998800239952
305	3536702734	5000.0	0.001	6.3e-05	-0.272388	0.9503509698060388,0.04878892221555689,0.0008600679864027194,3.9992001599680065e-08
290	1513972955	5000.0	0.001	6.3e-05	0.569430	0.9112655468906219,0.08800779844031194,0.0007266546690661868
307	4126344463	5000.0	0.001	6.3e-05	0.066444	0.9499557288542292,0.04984495100979804,0.00019932013597280543
309	100353300	5000.0	0.001	6.3e-05	0.008624	0.9698972205558888,0.030011957608478305,9.082183563287342e-05
310	3058263317	5000.0	0.001	6.3e-05	-0.781309	0.9070526694661067,0.09236952609478104,0.0005777244551089782,7.998400319936013e-08
299	1845652725	5000.0	0.001	6.3e-05	-0.085079	0.9855138572285543,0.014328334333133373,0.00015780843831233752
313	2558700830	5000.0	0.001	6.3e-05	-0.185664	0.9595001399720056,0.04041487702459508,8.498300339932014e-05
301	285684993	5000.0	0.001	6.3e-05	1.396825	0.7552297940411917,0.24091293741251749,0.0038527094581083782,4.559088182363528e-06
311	1615807767	5000.0	0.001	6.3e-05	0.028470	0.9673613277344532,0.030212037592481502,0.002422235552889422,4.399120175964807e-06
304	2854931724	5000.0	0.001	6.3e-05	0.078019	0.9648442311537693,0.03501651669666067,0.00013925214957008597
316	1203633442	5000.0	0.001	6.3e-05	-0.109656	0.9657334133173365,0.03319240151969606,0.001070745850829834,3.4393121375724856e-06
312	151557403	5000.0	0.001	6.3e-05	0.194299	0.9792914617076585,0.01388014397120576,0.006815956808638272,1.24375124975005e-05
317	3175763238	5000.0	0.001	6.3e-05	-0.241365	0.9319167366526695,0.06730917816436713,0.0007738452309538092,2.399520095980804e-07
319	4213540146	5000.0	0.001	6.3e-05	0.029254	0.9772000399920016,0.02278024395120976,1.9716056788642272e-05
320	1990735157	5000.0	0.001	6.3e-05	0.335189	0.9259608078384323,0.07304211157768446,0.0009958008398320336,1.279744051189762e-06
322	4104432951	5000.0	0.001	6.3e-05	0.439432	0.8606669466106779,0.1363621275744851,0.0029703259348130375,5.99880023995201e-07
308	317158674	5000.0	0.001	6.3e-05	-0.311007	0.9544328734253149,0.04366874625074985,0.0016675864827034592,0.00021071785642871426,2.0075984803039393e-05
324	21810501	5000.0	0.001	6.3e-05	-0.018218	0.9735442911417717,0.026368606278744253,8.710257948410318e-05
315	1411370274	5000.0	0.001	6.3e-05	-0.550022	0.9285633273345331,0.07101655668866226,0.00042011597680463906
325	3683624266	5000.0	0.001	6.3e-05	-0.078653	0.9741865226954609,0.02565490901819636,0.00015856828634273144
326	1054868817	5000.0	0.001	6.3e-05	-0.020289	0.924375524895021,0.07535040991801639,0.00027394521095780845,1.199760047990402e-07
314	1926573345	5000.0	0.001	6.3e-05	-0.048175	0.9565117776444712,0.04339112177564487,9.706058788242351e-05,3.9992001599680065e-08
330	3203612007	5000.0	0.001	6.3e-05	0.370722	0.9277381723655269,0.07202327534493101,0.00023847230553889222,7.998400319936013e-08
332	3448415595	5000.0	0.001	6.3e-05	0.572984	0.8976839032193561,0.0945376124775045,0.007771925614877025,6.55868826234753e-06
331	550272360	5000.0	0.001	6.3e-05	-0.110168	0.9620893021395721,0.03719700059988002,0.0007136972605478905
329	3888581987	5000.0	0.001	6.3e-05	0.275424	0.9548755848830234,0.0420876624675065,0.003024875024995001,1.1877624475104978e-05
333	1405724019	5000.0	0.001	6.3e-05	-0.318257	0.8951401719656069,0.09306606678664267,0.011791801639672066,1.959608078384323e-06
335	2940439939	5000.0	0.001	6.3e-05	0.447060	0.9407907618476304,0.05865838832233553,0.0005502099580083983,6.39872025594881e-07
337	485109129	5000.0	0.001	6.3e-05	-0.011663	0.9441816436712658,0.052861947610477904,0.00295500899820036,1.3997200559888023e-06
323	3464641850	5000.0	0.001	6.3e-05	0.658778	0.8695939612077584,0.12921467706458709,0.0011911617676464707,1.9996000799840033e-07
339	2539173268	5000.0	0.001	6.3e-05	0.474701	0.9433538092381524,0.05295128974205159,0.003682383523295341,1.251749650069986e-05
328	193228125	5000.0	0.001	6.3e-05	0.642885	0.9201506098780244,0.07939076184763047,0.0004585082983403319,1.199760047990402e-07
321	1754443063	5000.0	0.001	6.3e-05	0.089412	0.9766966206758648,0.022875704859028196,0.0004274745050989802,1.9996000799840033e-07
341	2598477208	5000.0	0.001	6.3e-05	-0.415062	0.8510643471305739,0.14558296340731855,0.003340491901619676,1.219756048790242e-05
340	3327096212	5000.0	0.001	6.3e-05	-0.199799	0.9785386922615477,0.015249270145970805,0.006188682263547291,2.3355328934213156e-05
342	2047952281	5000.0	0.001	6.3e-05	0.118061	0.979465226954609,0.02029874025194961,0.00023599280143971207,3.9992001599680065e-08
318	2706242862	5000.0	0.001	6.3e-05	0.366002	0.9299551689662068,0.051700299940012,0.018326374725054988,1.815636872625475e-05
334	1753206141	5000.0	0.001	6.3e-05	0.145762	0.9406527894421116,0.05928158368326335,6.562687462507499e-05
344	1478215073	5000.0	0.001	6.3e-05	-0.403773	0.9211409318136373,0.07829590081983603,0.0005618476304739053,1.319736052789442e-06
327	2673991002	5000.0	0.001	6.3e-05	-0.216557	0.8511274945010998,0.14021583683263347,0.008650389922015597,6.27874425114977e-06
336	207576455	5000.0	0.001	6.3e-05	0.173320	0.9128957808438313,0.08699192161567687,0.00011229754049190161
347	2347922856	5000.0	0.001	6.3e-05	0.556876	0.9084821435712858,0.09104895020995801,0.0004688662267546491,3.9992001599680065e-08
348	2480416169	5000.0	0.001	6.3e-05	-0.416843	0.9597385722855429,0.04010485902819436,0.00015652869426114777,3.9992001599680065e-08
345	3443060132	5000.0	0.001	6.3e-05	-0.044346	0.9815290541891621,0.01444247150569886,0.004027714457108578,7.598480303939212e-07
346	440950181	5000.0	0.001	6.3e-05	0.240441	0.9362619476104779,0.06265594881023795,0.0010785442911417716,3.5592881423715255e-06
352	871022015	5000.0	0.001	6.3e-05	0.160757	0.952274825034993,0.04677408518296341,0.0009506898620275945,3.9992001599680065e-07
349	2746719663	5000.0	0.001	6.3e-05	-0.095089	0.9546261547690462,0.04508694261147771,0.00028690261947610476
353	2796297665	5000.0	0.001	6.3e-05	-0.041146	0.9581447310537893,0.0411628074385123,0.0006924615076984603
338	1629451661	5000.0	0.001	6.3e-05	0.393835	0.9150937812437513,0.08168914217156568,0.0032165966806638672,4.799040191961608e-07
355	4017573315	5000.0	0.001	6.3e-05	-0.136155	0.9651385322935413,0.034798000399920016,6.346730653869226e-05
357	3257703883	5000.0	0.001	6.3e-05	-0.354613	0.9450469106178764,0.03551785642871426,0.019385282943411318,4.99500099980004e-05
359	1406469618	5000.0	0.001	6.3e-05	0.118456	0.904471825634873,0.09396784643071386,0.0015599680063987202,3.5992801439712056e-07
360	3925941754	5000.0	0.001	6.3e-05	-0.085111	0.8692769846030793,0.12895900819836031,0.001763127374525095,8.798240351929614e-07
362	1621470725	5000.0	0.001	6.3e-05	0.000537	0.9764517896420716,0.023537812437512497,1.0397920415916817e-05
343	2655471004	5000.0	0.001	6.3e-05	0.024481	0.9694357528494301,0.030538972205558887,2.5274945010997802e-05
363	301190661	5000.0	0.001	6.3e-05	-0.324331	0.9362062787442511,0.06324011197760449,0.0005535692861427714,3.9992001599680065e-08
350	75611569	5000.0	0.001	6.3e-05	0.145424	0.9282581483703259,0.0713618876224755,0.0003798840231953609,7.998400319936013e-08
364	3631605253	5000.0	0.001	6.3e-05	1.148071	0.8741803239352129,0.12406674665066987,0.0016661067786442711,8.642271545690862e-05,3.9992001599680065e-07
356	3003493835	5000.0	0.001	6.3e-05	0.172719	0.9318765046990601,0.06799592081583683,0.00012757448510297941
351	2125673916	5000.0	0.001	6.3e-05	-0.311272	0.9657281343731253,0.03370393921215757,0.0005656468706258748,2.279544091181764e-06
366	3125759510	5000.0	0.001	6.3e-05	-1.259510	0.9123248950209958,0.07783967206558688,0.009834593081383724,8.398320335932813e-07
368	2259652123	5000.0	0.001	6.3e-05	0.736595	0.8961159768046391,0.1032745450909818,0.0006094381123775245,3.9992001599680065e-08
367	2811538966	5000.0	0.001	6.3e-05	0.796527	0.8918345530893821,0.10355460907818437,0.004609518096380724,1.319736052789442e-06
371	3781942819	5000.0	0.001	6.3e-05	0.056979	0.9748793041391721,0.024767766446710658,0.00035292941411717657
365	1507350038	5000.0	0.001	6.3e-05	0.439254	0.9553226154769047,0.04141759648070386,0.003259508098380324,2.7994401119776043e-07
372	1748121125	5000.0	0.001	6.3e-05	0.170686	0.9742108778244352,0.025664227154569084,0.00012489502099580083
373	17432103	5000.0	0.001	6.3e-05	0.041791	0.8878609878024395,0.10856772645470905,0.0035566886622675465,1.4477104579084183e-05,1.199760047990402e-07
358	1563774447	5000.0	0.001	6.3e-05	0.389410	0.898118176364727,0.09375124975004999,0.00809018196360728,4.039192161567687e-05
361	3020336639	5000.0	0.001	6.3e-05	-0.152282	0.9685607278544291,0.02394365126974605,0.0074875024995001,8.118376324735054e-06
374	3572182569	5000.0	0.001	6.3e-05	-0.158431	0.915885222955409,0.08356452709458108,0.0005498500299940012,3.9992001599680065e-07
377	4206034481	5000.0	0.001	6.3e-05	0.656194	0.929696300739852,0.06381911617676465,0.006482703459308139,1.879624075184963e-06
378	463115829	5000.0	0.001	6.3e-05	0.120537	0.903298900219956,0.0913000199960008,0.005025794841031794,0.00037528494301139774
354	1656974785	5000.0	0.001	6.3e-05	0.361746	0.947724175164967,0.05087810437912418,0.0013974005198960208,3.199360127974405e-07
369	2892211740	5000.0	0.001	6.3e-05	-0.015797	0.9808862227554489,0.01905866826634673,5.510897820435913e-05
379	4190729782	5000.0	0.001	6.3e-05	-0.310023	0.84585474905019,0.1528647470505899,0.001278864227154569,1.6396720655868826e-06
375	307449392	5000.0	0.001	6.3e-05	0.331397	0.9225417716456709,0.07736800639872025,9.022195560887823e-05
370	2505180705	5000.0	0.001	6.3e-05	0.093838	0.9426148770245951,0.056985442911417716,0.00039968006398720255
383	3347961416	5000.0	0.001	6.3e-05	0.112118	0.9470395120975805,0.04903239352129574,0.003927934413117376,1.5996800639872026e-07
382	2530498119	5000.0	0.001	6.3e-05	-0.037332	0.9690335932813438,0.030932773445310938,3.3633273345330936e-05
386	2183878224	5000.0	0.001	6.3e-05	0.030120	0.972751049790042,0.026560407918416316,0.0006851029794041192,3.4393121375724856e-06
384	1324328526	5000.0	0.001	6.3e-05	0.680254	0.8828559088182364,0.11606090781843631,0.0010831833633273345
385	2595569232	5000.0	0.001	6.3e-05	0.082160	0.9739117376524695,0.025888222355528893,0.00020003999200159968
387	862821971	5000.0	0.001	6.3e-05	0.162430	0.9602132773445311,0.03973497300539892,5.1749650069986e-05
380	1573537348	5000.0	0.001	6.3e-05	0.608151	0.8850984603079384,0.09898108378324336,0.015687182563487303,0.0002332733453309338
391	978454114	5000.0	0.001	6.3e-05	0.031522	0.8848137972405519,0.11369674065186963,0.0014894621075784843
393	1138124390	5000.0	0.001	6.3e-05	-0.091865	0.9599240151969606,0.03986874625074985,0.00020719856028794242,3.9992001599680065e-08
395	310029931	5000.0	0.001	6.3e-05	-0.092889	0.947688702259548,0.05189874025194961,0.0004120375924815037,5.198960207958409e-07
396	4282269293	5000.0	0.001	6.3e-05	-0.383700	0.836716376724655,0.16020807838432313,0.0030750649870025996,4.799040191961608e-07
392	4037533285	5000.0	0.001	6.3e-05	-0.146101	0.9565028194361128,0.043407838432313536,8.934213157368527e-05
381	2734556740	5000.0	0.001	6.3e-05	-1.286023	0.8117716456708658,0.1851864827034593,0.003041591681663667,2.7994401119776043e-07
397	2092664429	5000.0	0.001	6.3e-05	-0.131274	0.9667103779244152,0.03319480103979204,9.482103579284143e-05
376	3487614512	5000.0	0.001	6.3e-05	-0.125916	0.9601230553889222,0.036219636072785444,0.0036529094181163768,4.399120175964807e-06
390	2051827288	5000.0	0.001	6.3e-05	-0.063874	0.7244107978404319,0.2651504899020196,0.010435392921415716,3.319336132773445e-06
388	970370648	5000.0	0.001	6.3e-05	-0.041274	0.989649950009998,0.010200239952009598,0.00014981003799240152
399	3607035511	5000.0	0.001	6.3e-05	2.146826	0.7665828034393122,0.20600839832033593,0.027309298140371925,9.9500099980004e-05
402	866066051	5000.0	0.001	6.3e-05	-0.261202	0.9606603879224155,0.03780163967206559,0.0015340531893621276,3.919216156768646e-06
403	3652484739	5000.0	0.001	6.3e-05	0.187286	0.9616739452109578,0.03792577484503099,0.0004001999600079984,7.998400319936013e-08
389	4045172313	5000.0	0.001	6.3e-05	1.257776	0.7578456308738253,0.22033341331733652,0.02040771845630874,0.0014123975204959009,8.398320335932813e-07
401	673484415	5000.0	0.001	6.3e-05	-0.090328	0.9576492701459708,0.04209434113177365,0.0002563887222555489
400	2952416894	5000.0	0.001	6.3e-05	0.008324	0.9412920615876824,0.05738836232753449,0.001319256148770246,3.199360127974405e-07
405	2915860118	5000.0	0.001	6.3e-05	-0.092334	0.9603150169966007,0.0389750449910018,0.0007092981403719256,6.39872025594881e-07
406	1079979673	5000.0	0.001	6.3e-05	-0.277222	0.9439891621675665,0.05457116576684663,0.0014394321135772846,2.399520095980804e-07
408	3504187048	5000.0	0.001	6.3e-05	0.127481	0.974230473905219,0.02560107978404319,0.00016844631073785243
398	1825545839	5000.0	0.001	6.3e-05	-0.262096	0.9625871625674866,0.03732737452509498,8.546290741851629e-05
410	2434832044	5000.0	0.001	6.3e-05	0.030303	0.9815181363727254,0.018392241551689663,8.962207558488303e-05
404	685756045	5000.0	0.001	6.3e-05	0.022453	0.9726911417716456,0.026805958808238353,0.0005027794441111778,1.199760047990402e-07
409	3326688937	5000.0	0.001	6.3e-05	0.004680	0.9735631673665267,0.02638124375124975,5.558888222355529e-05
394	1608943210	5000.0	0.001	6.3e-05	0.206132	0.9566765446910618,0.04325742851429714,6.602679464107178e-05
411	1582739118	5000.0	0.001	6.3e-05	0.081721	0.9560263547290542,0.04062631473705259,0.0033471705658868227,1.5996800639872026e-07
407	4017231513	5000.0	0.001	6.3e-05	0.066089	0.9569497300539892,0.04299776044791042,5.250949810037993e-05
416	3193749185	5000.0	0.001	6.3e-05	-0.779177	0.9355670865826835,0.06023119376124775,0.004201519696060788,1.9996000799840033e-07
412	1087186607	5000.0	0.001	6.3e-05	-0.164191	0.9569980803839232,0.04248898220355929,0.0005128974205158968,3.9992001599680065e-08
417	3022581446	5000.0	0.001	6.3e-05	0.053343	0.9638196360727854,0.03565654869026195,0.0005235352929414117,2.7994401119776043e-07
421	1426507468	5000.0	0.001	6.3e-05	-0.899625	0.7706819036192761,0.2160769446110778,0.013205278944211158,3.587282543491302e-05
422	1604378322	5000.0	0.001	6.3e-05	-0.054201	0.9757509698060388,0.02398524295140972,0.00026222755448910217,1.5596880623875224e-06
424	4284462811	5000.0	0.001	6.3e-05	-0.122784	0.9759758848230354,0.023299300139972005,0.0007248150369926014
423	3787575001	5000.0	0.001	6.3e-05	-0.058988	0.9646394721055789,0.03238640271945611,0.002772645470905819,0.00020127974405118976,1.9996000799840033e-07
426	3547549415	5000.0	0.001	6.3e-05	-0.002042	0.9831874025194961,0.016770725854829034,4.1871625674865026e-05
427	2986583786	5000.0	0.001	6.3e-05	0.279151	0.9593808838232354,0.040572765446910616,4.635072985402919e-05
418	861976263	5000.0	0.001	6.3e-05	-0.323445	0.9561808438312338,0.03371009798040392,0.010104659068186363,4.399120175964807e-06
415	2728558270	5000.0	0.001	6.3e-05	-0.002038	0.9669560887822436,0.0328129574085183,0.00023095380923815237
428	1770225392	5000.0	0.001	6.3e-05	-0.487811	0.9438849030193961,0.05281035792841432,0.0033044191161767647,3.199360127974405e-07
420	962033357	5000.0	0.001	6.3e-05	-0.628807	0.9362018796240752,0.06233045390921815,0.0014651869626074786,2.4795040991801638e-06
413	331919030	5000.0	0.001	6.3e-05	-0.709824	0.8037797640471905,0.17683407318536293,0.019074185162967407,0.00031197760447910415
430	177995506	5000.0	0.001	6.3e-05	0.095656	0.9529996400719856,0.0423376124775045,0.0046623875224955005,3.5992801439712056e-07
431	2393298672	5000.0	0.001	6.3e-05	0.325177	0.9591602479504099,0.04059772045590882,0.00024203159368126374
419	2448522956	5000.0	0.001	6.3e-05	0.238794	0.9046691461707659,0.09396560687862428,0.001365126974605079,1.199760047990402e-07
434	2194818816	5000.0	0.001	6.3e-05	-0.139979	0.9764369926014798,0.023226954609078185,0.0003359728054389122,7.998400319936013e-08
414	472106681	5000.0	0.001	6.3e-05	0.076272	0.9535368526294741,0.04632745450909818,0.0001350129974005199,6.798640271945611e-07
436	330792712	5000.0	0.001	6.3e-05	0.628604	0.9259145770845831,0.07099412117576484,0.0030463507298540294,4.4951009798040394e-05
437	2216894216	5000.0	0.001	6.3e-05	-1.413449	0.8013093781243751,0.18398892221555688,0.013339452109578084,0.0013602879424115177,1.959608078384323e-06
433	486620928	5000.0	0.001	6.3e-05	-0.214154	0.9457174565086982,0.0518872625474905,0.0023943211357728453,9.598080383923216e-07
429	2277154544	5000.0	0.001	6.3e-05	0.463013	0.9333124975004999,0.03432257548490302,0.03234253149370126,2.2395520895820836e-05
425	3390611166	5000.0	0.001	6.3e-05	0.832053	0.891129974005199,0.1071129774045191,0.0017569286142771446,1.199760047990402e-07
432	2241187575	5000.0	0.001	6.3e-05	0.276350	0.9685652069586083,0.031388402319536095,4.6390721855628875e-05
435	3198533382	5000.0	0.001	6.3e-05	0.179630	0.9333423315336933,0.06507710457908418,0.0015786042791441713,1.959608078384323e-06
441	1174935320	5000.0	0.001	6.3e-05	-0.062467	0.9209339332133574,0.07824259148170366,0.0008234753049390122
443	2874558245	5000.0	0.001	6.3e-05	0.567212	0.9143567286542691,0.08400131973605279,0.001639872025594881,2.0795840831833635e-06
439	1127382797	5000.0	0.001	6.3e-05	-0.443577	0.845249350129974,0.15287842431513698,0.0018522695460907819,1.983603279344131e-05,1.199760047990402e-07
438	3635076875	5000.0	0.001	6.3e-05	-0.001713	0.9562198760247951,0.04352697460507898,0.00025314937012597483
442	1295628064	5000.0	0.001	6.3e-05	-0.652544	0.9475698060387923,0.05215116976604679,0.0002790241951609678
444	4139706151	5000.0	0.001	6.3e-05	-1.233166	0.8839457308538292,0.1142251149770046,0.0018288342331533693,3.199360127974405e-07
440	3305385744	5000.0	0.001	6.3e-05	0.262719	0.9718457108578284,0.028012077584483104,0.0001422115576884623
447	3521193777	5000.0	0.001	6.3e-05	0.117769	0.9419338532293541,0.05788190361927614,0.00018424315136972606
449	1831782198	5000.0	0.001	6.3e-05	-0.307720	0.9577252149570086,0.04172089582083583,0.0005512097580483903,2.679464107178564e-06
446	2385583920	5000.0	0.001	6.3e-05	0.258456	0.876418076384723,0.11028238352329534,0.013254189162167567,4.535092981403719e-05
453	2541969218	5000.0	0.001	6.3e-05	0.826068	0.8704191161767646,0.12612261547690462,0.003456108778244351,2.1595680863827235e-06
452	1458032450	5000.0	0.001	6.3e-05	-0.329680	0.9106789042191562,0.0881616476704659,0.0011588482303539292,5.99880023995201e-07
457	4031360856	5000.0	0.001	6.3e-05	0.269129	0.9542356328734253,0.045570685862827434,0.00019368126374725054
451	4095946557	5000.0	0.001	6.3e-05	-0.075153	0.9680830233953209,0.02348878224355129,0.008419716056788642,8.478304339132174e-06
445	22603567	5000.0	0.001	6.3e-05	-0.218281	0.9571744051189762,0.04149494101179764,0.0013306538692261548
460	828421991	5000.0	0.001	6.3e-05	0.239508	0.9385357328534293,0.06090149970005999,0.0005626474705058988,1.199760047990402e-07
461	1005809515	5000.0	0.001	6.3e-05	0.031353	0.9779607678464307,0.02202619476104779,1.3037392521495702e-05
458	2974365531	5000.0	0.001	6.3e-05	0.329846	0.9704679464107179,0.029184723055388922,0.0003473305338932214
456	2298648403	5000.0	0.001	6.3e-05	0.075253	0.9587406118776245,0.03963375324935013,0.0016254749050189962,1.5996800639872026e-07
462	1192963950	5000.0	0.001	6.3e-05	-0.135867	0.9466047190561888,0.050908618276344735,0.0024855828834233155,1.0797840431913617e-06
463	1713637231	5000.0	0.001	6.3e-05	0.031303	0.9846719856028794,0.015187762447510498,0.00014025194961007797
450	1514022715	5000.0	0.001	6.3e-05	-0.494160	0.9425574085182964,0.05545470905818836,0.0019461307738452309,4.175164967006599e-05
465	2006065016	5000.0	0.001	6.3e-05	0.218647	0.95416224755049,0.04426634673065387,0.0015682863427314538,3.119376124775045e-06
464	1241784182	5000.0	0.001	6.3e-05	-0.613603	0.7346922215556888,0.25770669866026796,0.007587322535492901,1.3757248550289942e-05
454	4054208323	5000.0	0.001	6.3e-05	-0.336153	0.9529962807438512,0.04685642871425715,0.0001468506298740252,4.399120175964807e-07
448	935696178	5000.0	0.001	6.3e-05	0.036502	0.8823460507898421,0.11664247150569886,0.001010997800439912,4.799040191961608e-07
455	4182949709	5000.0	0.001	6.3e-05	-0.116127	0.9726647070585883,0.02730989802039592,2.539492101579684e-05
459	2590000991	5000.0	0.001	6.3e-05	-0.175019	0.958327974405119,0.04156112777444511,0.00011089782043591282
469	3077957520	5000.0	0.001	6.3e-05	0.154871	0.9433682063587282,0.05631369726054789,0.00031773645270945813,3.5992801439712056e-07
466	2979303304	5000.0	0.001	6.3e-05	-0.648703	0.8443826834633074,0.15320667866426715,0.002410117976404719,5.198960207958409e-07
471	771979156	5000.0	0.001	6.3e-05	-0.016318	0.9831400119976005,0.016550289942011596,0.0003095380923815237,1.5996800639872026e-07
473	266452887	5000.0	0.001	6.3e-05	0.203244	0.9681828034393122,0.030971885622875426,0.0008452309538092382,7.998400319936013e-08
470	631019412	5000.0	0.001	6.3e-05	0.708941	0.9273908018396321,0.07055308938212358,0.002052349530093981,3.759248150369926e-06
476	2837628837	5000.0	0.001	6.3e-05	-0.395450	0.8820785442911417,0.08473121375724856,0.03242831433713257,0.0007616876624675065,2.399520095980804e-07
475	978745250	5000.0	0.001	6.3e-05	0.098335	0.9016603479304139,0.09076076784643071,0.007483863227354529,9.502099580083983e-05
477	2394496940	5000.0	0.001	6.3e-05	0.069229	0.9456927814437113,0.05383983203359328,0.00046710657868426317,2.7994401119776043e-07
480	1738696644	5000.0	0.001	6.3e-05	-0.051109	0.8185554089182163,0.17775220955808838,0.003691701659668066,6.798640271945611e-07
478	2799144888	5000.0	0.001	6.3e-05	-0.254528	0.9099916016796641,0.08882687462507499,0.0011815236952609479
467	299415433	5000.0	0.001	6.3e-05	0.261426	0.9479342131573685,0.05166054789042192,0.0004052389522095581
468	4219656077	5000.0	0.001	6.3e-05	0.022389	0.9737187362527494,0.026059908018396322,0.00022135572885422915
486	846823382	5000.0	0.001	6.3e-05	0.059021	0.975573125374925,0.024303139372125575,0.00012369526094781043,3.9992001599680065e-08
474	3647186840	5000.0	0.001	6.3e-05	-0.134959	0.9571611277744451,0.042414277144571084,0.00042455508898220357,3.9992001599680065e-08
481	3013910468	5000.0	0.001	6.3e-05	-0.080659	0.971999200159968,0.027984203159368125,1.6596680663867228e-05
487	3455856601	5000.0	0.001	6.3e-05	0.492108	0.9023550089982003,0.09624195160967806,0.0014025594881023795,4.799040191961608e-07
489	1147299802	5000.0	0.001	6.3e-05	-0.103411	0.9527511697660468,0.046392401519696064,0.0008563887222555489,3.9992001599680065e-08
485	1563787216	5000.0	0.001	6.3e-05	0.182030	0.9512312337532494,0.04641787642471506,0.002350769846030794,1.199760047990402e-07
472	2406412183	5000.0	0.001	6.3e-05	-0.140290	0.9565249350129974,0.04331337732453509,0.0001616876624675065
482	756803526	5000.0	0.001	6.3e-05	-0.513234	0.9415716456708658,0.05828306338732254,0.00014517096580683863,1.199760047990402e-07
494	3532414962	5000.0	0.001	6.3e-05	-0.437429	0.9487958408318337,0.05107066586682663,0.00013341331733653268,7.998400319936013e-08
496	966371318	5000.0	0.001	6.3e-05	-0.088588	0.9708371525694861,0.02912609478104379,3.659268146370726e-05,1.5996800639872026e-07
493	3265916914	5000.0	0.001	6.3e-05	0.022493	0.9644388322335533,0.035549450109978,1.1717656468706258e-05
488	1368561625	5000.0	0.001	6.3e-05	-0.047385	0.9690500699860028,0.03077120575884823,0.0001787242551489702
495	1977647093	5000.0	0.001	6.3e-05	0.622250	0.899524975004999,0.07848566286742652,0.021893221355728854,9.614077184563088e-05
479	917721023	5000.0	0.001	6.3e-05	-0.071539	0.9673352529494101,0.03263831233753249,2.6434713057388524e-05
491	829394927	5000.0	0.001	6.3e-05	-0.015341	0.9835212957408518,0.016457268546290742,2.1435712857428513e-05
498	1353056250	5000.0	0.001	6.3e-05	0.048765	0.95385474905019,0.045926814637072585,0.00021843631273745252
497	2428628983	5000.0	0.001	6.3e-05	-0.456079	0.910810197960408,0.08793297340531894,0.001256388722255549,4.399120175964807e-07
492	2429005809	5000.0	0.001	6.3e-05	0.029220	0.9796217556488702,0.020335772845430915,4.2431513697260545e-05,3.9992001599680065e-08
490	842964971	5000.0	0.001	6.3e-05	0.887960	0.917851149770046,0.08025430913817237,0.001893981203759248,5.598880223955209e-07
483	1450436551	5000.0	0.001	6.3e-05	-0.283762	0.860286822635473,0.13629386122775444,0.0033642071585682862,5.510897820435913e-05
499	988342267	5000.0	0.001	6.3e-05	-0.646516	0.8728000799840032,0.12656484703059387,0.0006345130973805239,5.598880223955209e-07
484	321861578	5000.0	0.001	6.3e-05	0.177276	0.9656677064587083,0.03419812037592482,0.00013341331733653268,7.598480303939212e-07
