sim_id	seed	popsize	selcoef	mutrate	velocity	profile
4	3972376595	5000.0	0.001	7.05e-05	-0.033049	0.9832983403319336,0.016690061987602478,1.1597680463907219e-05
6	1853659155	5000.0	0.001	7.05e-05	-0.178236	0.9540225154969006,0.04587206558688262,0.00010541891621675665
12	3893784620	5000.0	0.001	7.05e-05	0.291084	0.9069302139572085,0.09262059588082383,0.0004487902419516097,3.9992001599680065e-07
2	183848968	5000.0	0.001	7.05e-05	-0.097364	0.9410151569686063,0.058346090781843635,0.0006384723055388922,2.7994401119776043e-07
17	3003996215	5000.0	0.001	7.05e-05	-0.043754	0.9774133173365327,0.022561767646470707,2.4915016996600678e-05
19	1493014590	5000.0	0.001	7.05e-05	0.386968	0.9438082383523295,0.05384851029794041,0.002343091381723655,1.5996800639872026e-07
18	3647768634	5000.0	0.001	7.05e-05	0.088342	0.7819255348930214,0.20666794641071787,0.010726934613077384,0.0006790641871625675,5.198960207958409e-07
5	422477844	5000.0	0.001	7.05e-05	-0.142637	0.9710393121375724,0.028683383323335334,0.00027730453909218157
13	2672959536	5000.0	0.001	7.05e-05	-0.221913	0.9377483303339332,0.05835268946210758,0.003897860427914417,1.1197760447910417e-06
0	2391203840	5000.0	0.001	7.05e-05	0.019783	0.8918588682263547,0.0988136772645471,0.00931889622075585,8.478304339132174e-06,7.998400319936013e-08
11	691161126	5000.0	0.001	7.05e-05	0.425272	0.9598478704259148,0.03960507898420316,0.0005457708458308339,1.279744051189762e-06
9	2940223524	5000.0	0.001	7.05e-05	0.029631	0.9643726054789042,0.03479236152769446,0.000799000199960008,3.603279344131174e-05
10	3408330789	5000.0	0.001	7.05e-05	-0.635276	0.9093205758848231,0.09011421715656869,0.0005652069586082783
3	2217584654	5000.0	0.001	7.05e-05	-0.035808	0.9680869826034793,0.03055844831033793,0.0013545690861827635
1	1937403908	5000.0	0.001	7.05e-05	-0.406569	0.9057952409518096,0.089025074985003,0.005106418716256749,7.310537892421515e-05,1.5996800639872026e-07
15	3612244018	5000.0	0.001	7.05e-05	0.164910	0.9759334533093381,0.024012557488502298,5.3989202159568085e-05
7	380590109	5000.0	0.001	7.05e-05	0.810525	0.8934977004599081,0.10288346330733854,0.0035090981803639273,0.00010969806038792241,3.9992001599680065e-08
16	2135072823	5000.0	0.001	7.05e-05	0.232632	0.919057348530294,0.07567322535492901,0.005264347130573885,5.078984203159368e-06
14	1708066864	5000.0	0.001	7.05e-05	-0.042987	0.9444571085782844,0.05526954609078184,0.00027290541891621676,4.399120175964807e-07
8	1239187485	5000.0	0.001	7.05e-05	-0.154010	0.932529174165167,0.06722891421715657,0.00024159168166366726,3.199360127974405e-07
21	4152799304	5000.0	0.001	7.05e-05	-0.048959	0.9623320535892821,0.037051389722055586,0.0006165566886622675
29	4036683870	5000.0	0.001	7.05e-05	-0.588655	0.9345653669266146,0.06529454109178165,0.00014009198160367926
25	1381285969	5000.0	0.001	7.05e-05	-0.017201	0.9503436112777445,0.04849882023595281,0.00115748850229954,7.998400319936013e-08
28	1417873494	5000.0	0.001	7.05e-05	-0.077597	0.9473144971005799,0.05259116176764647,9.426114777044592e-05,7.998400319936013e-08
26	1493411922	5000.0	0.001	7.05e-05	-0.300694	0.9131846030793841,0.08548974205158968,0.0013248150369926015,8.398320335932813e-07
31	4062931051	5000.0	0.001	7.05e-05	-0.241504	0.8147792441511698,0.1829129374125175,0.002306618676264747,1.199760047990402e-06
33	344207472	5000.0	0.001	7.05e-05	0.151680	0.9621260147970406,0.03689666066786643,0.0009766846630673866,6.39872025594881e-07
34	1922695281	5000.0	0.001	7.05e-05	0.177990	0.9277686062787442,0.07173633273345331,0.0004949410117976405,1.199760047990402e-07
35	438567028	5000.0	0.001	7.05e-05	-1.975845	0.6243810437912417,0.35288462307538493,0.021854629074185162,0.0008796640671865627,3.9992001599680065e-08
30	3264555111	5000.0	0.001	7.05e-05	0.583162	0.9079752049590082,0.09144119176164767,0.0005832033593281343,3.9992001599680065e-07
32	467187822	5000.0	0.001	7.05e-05	-1.805928	0.793900699860028,0.19470493901219757,0.01136388722255549,3.0433913217356527e-05,3.9992001599680065e-08
24	2981699663	5000.0	0.001	7.05e-05	0.383480	0.9520285142971405,0.047528214357128576,0.0004399520095980804,3.319336132773445e-06
20	3478921285	5000.0	0.001	7.05e-05	0.478912	0.9383118176364728,0.03568242351529694,0.025537732453509297,0.0004680263947210558
23	1443082317	5000.0	0.001	7.05e-05	0.065208	0.8877269346130774,0.09733561287742451,0.014930653869226155,6.798640271945611e-06
22	150628427	5000.0	0.001	7.05e-05	0.503118	0.9473397320535892,0.052299340131973605,0.0003608478304339132,7.998400319936013e-08
36	3285246069	5000.0	0.001	7.05e-05	-0.428064	0.9228071985602879,0.0737744051189762,0.0034081983603279345,1.0197960407918416e-05
27	3618148438	5000.0	0.001	7.05e-05	-0.320560	0.9424503099380124,0.04634733053389322,0.01118988202359528,1.247750449910018e-05
38	321056887	5000.0	0.001	7.05e-05	0.080076	0.9443735652869426,0.05442619476104779,0.0011972005598880225,3.039392121575685e-06
37	2820616309	5000.0	0.001	7.05e-05	0.154542	0.9620956608678264,0.03764011197760448,0.00026418716256748653,3.9992001599680065e-08
41	1283348609	5000.0	0.001	7.05e-05	-0.487638	0.9307742851429714,0.06448046390721855,0.004706418716256749,3.883223355328934e-05
42	3583928456	5000.0	0.001	7.05e-05	-0.016591	0.9336708658268347,0.06084499100179964,0.005478544291141771,5.598880223955209e-06
39	3091826810	5000.0	0.001	7.05e-05	-0.213841	0.7625378524295141,0.23666086782643472,0.0008,1.279744051189762e-06
43	1698041993	5000.0	0.001	7.05e-05	0.111400	0.9447164167166566,0.05471801639672066,0.0005654869026194762,7.998400319936013e-08
44	998561936	5000.0	0.001	7.05e-05	0.159012	0.9550613077384523,0.04478480303939212,0.0001516496700659868,2.2395520895820834e-06
45	1090576529	5000.0	0.001	7.05e-05	-0.031162	0.8956093981203759,0.10370113977204559,0.0006888622275544891,5.99880023995201e-07
46	1992220823	5000.0	0.001	7.05e-05	-0.017001	0.9292991401719656,0.07032173565286942,0.0003790841831633673,3.9992001599680065e-08
51	3223965863	5000.0	0.001	7.05e-05	0.505926	0.9336870625874825,0.0657999200159968,0.0005097780443911218,3.239352129574085e-06
50	4122667171	5000.0	0.001	7.05e-05	0.021411	0.9480460707858428,0.05137324535092981,0.0005806438712257549,3.9992001599680065e-08
48	3369699484	5000.0	0.001	7.05e-05	-0.718028	0.9088141971605679,0.08213653269346131,0.009002519496100779,4.6750649870025995e-05
49	3131885729	5000.0	0.001	7.05e-05	-0.339019	0.9465938412317536,0.052989322135572885,0.0004168366326734653
47	3349139609	5000.0	0.001	7.05e-05	0.512557	0.9555912017596481,0.04371969606078784,0.0006890221955608879,7.998400319936013e-08
40	4034070653	5000.0	0.001	7.05e-05	0.212237	0.9654235152969406,0.03448358328334333,9.290141971605679e-05
54	4264931503	5000.0	0.001	7.05e-05	-0.201546	0.9321339332133574,0.06622971405718857,0.0015137772445510899,0.0001225754849030194
57	1726924990	5000.0	0.001	7.05e-05	-0.209376	0.9668948610277944,0.032733453309338134,0.00037056588682263545,1.1197760447910417e-06
52	96856233	5000.0	0.001	7.05e-05	-0.410315	0.897453549290142,0.1023001799640072,0.00024623075384923017,3.9992001599680065e-08
59	248836289	5000.0	0.001	7.05e-05	-0.022490	0.9599688862227554,0.03994369126174765,8.742251549690062e-05
60	3749492936	5000.0	0.001	7.05e-05	-0.237997	0.9599610477904419,0.03997720455908818,6.070785842831434e-05,1.0397920415916818e-06
53	988469420	5000.0	0.001	7.05e-05	-0.966569	0.7748738652269546,0.21760679864027194,0.007273025394921016,0.0002463107378524295
55	4292505777	5000.0	0.001	7.05e-05	-0.427668	0.9340745050989802,0.06561059788042392,0.0003141371725654869,7.598480303939212e-07
69	3959505132	5000.0	0.001	7.05e-05	-0.090544	0.9710580283943211,0.02888990201959608,5.2069586082783446e-05
66	4142571750	5000.0	0.001	7.05e-05	-0.301488	0.9141040191961608,0.07891689662067586,0.005408958208358328,0.0015435312937412517,2.6594681063787242e-05
64	2647918810	5000.0	0.001	7.05e-05	-0.055725	0.9752621875624875,0.02458256348730254,0.000155248950209958
62	2948677839	5000.0	0.001	7.05e-05	-0.476070	0.9353316936612678,0.06456120775844831,0.00010709858028394321
65	2031591647	5000.0	0.001	7.05e-05	1.304339	0.6198892221555689,0.36278076384723057,0.017293061387722457,3.695260947810438e-05
67	1936484583	5000.0	0.001	7.05e-05	0.681333	0.9354415116976604,0.05793493301339732,0.006529254149170166,9.430113977204559e-05
68	1295229160	5000.0	0.001	7.05e-05	-0.368382	0.9234979404119176,0.07369258148370326,0.002807718456308738,1.7596480703859228e-06
70	2050838769	5000.0	0.001	7.05e-05	-0.021952	0.9487199760047991,0.050480463907218553,0.000789002199560088,1.0557888422315537e-05
63	1889321177	5000.0	0.001	7.05e-05	0.097000	0.9677369726054789,0.03163395320935813,0.000628994201159768,7.998400319936013e-08
72	590610683	5000.0	0.001	7.05e-05	0.070823	0.9639345330933813,0.03601795640871826,4.751049790041991e-05
56	724871356	5000.0	0.001	7.05e-05	0.134361	0.94589850029994,0.05096424715056989,0.003130253949210158,6.9986002799440115e-06
58	4134701249	5000.0	0.001	7.05e-05	-0.135714	0.9651009798040392,0.03472289542091582,0.00017588482303539292,2.399520095980804e-07
61	2648477896	5000.0	0.001	7.05e-05	0.039326	0.963641151769646,0.0353122175564887,0.0010463107378524295,3.199360127974405e-07
75	1566370061	5000.0	0.001	7.05e-05	-0.035391	0.9475279744051189,0.0522374725054989,0.00023435312937412518,1.9996000799840033e-07
76	938715409	5000.0	0.001	7.05e-05	0.449984	0.8732249950009998,0.12303555288942211,0.0037208558288342334,1.859628074385123e-05
79	2744736035	5000.0	0.001	7.05e-05	-0.022808	0.9666255948810238,0.0318873425314937,0.001243111377724455,0.0002439512097580484
81	983990569	5000.0	0.001	7.05e-05	-0.016729	0.96214125174965,0.03763511297740452,0.00022363527294541092
83	2566748470	5000.0	0.001	7.05e-05	-0.067211	0.9812949810037992,0.018663947210557887,4.1071785642871425e-05
82	1008859440	5000.0	0.001	7.05e-05	0.213249	0.9367826434713057,0.06245910817836433,0.000758248350329934
86	2386600253	5000.0	0.001	7.05e-05	-0.157865	0.9680867426514697,0.031229314137172566,0.0006838232353529294,1.199760047990402e-07
84	2574598459	5000.0	0.001	7.05e-05	-0.047483	0.9765180163967206,0.02340767846430714,7.430513897220556e-05
85	2591248700	5000.0	0.001	7.05e-05	0.179420	0.9617182963407318,0.03822259548090382,5.910817836432714e-05
87	2811443519	5000.0	0.001	7.05e-05	-0.428755	0.8679478504299141,0.12868298340331932,0.003350489902019596,1.867626474705059e-05
71	2819533043	5000.0	0.001	7.05e-05	0.897946	0.8755100579884023,0.11852593481303739,0.005960967806438712,3.039392121575685e-06
88	2740414783	5000.0	0.001	7.05e-05	0.305496	0.9436677064587082,0.05513997200559888,0.0011921615676864627,1.5996800639872026e-07
80	858695975	5000.0	0.001	7.05e-05	-0.012830	0.95044275144971,0.04946854629074185,8.870225954809038e-05
73	220938507	5000.0	0.001	7.05e-05	0.091224	0.9732559488102379,0.026689422115576886,5.4629074185162965e-05
78	4240175390	5000.0	0.001	7.05e-05	0.148667	0.9099477704459108,0.08538480303939212,0.004666746650669866,6.798640271945611e-07
93	355815761	5000.0	0.001	7.05e-05	0.030337	0.9771558888222356,0.021186882623475303,0.0016205558888222355,3.667266546690662e-05
74	4157088012	5000.0	0.001	7.05e-05	-0.014344	0.9371193361327734,0.062425474905019,0.00045506898620275947,1.199760047990402e-07
77	839588114	5000.0	0.001	7.05e-05	-0.093505	0.9441135372925414,0.05243343331333733,0.003444471105778844,8.558288342331533e-06
92	201253195	5000.0	0.001	7.05e-05	0.329134	0.9367330933813237,0.06024399120175965,0.001106978604279144,0.0019146970605878825,1.2397520495900819e-06
95	3517202780	5000.0	0.001	7.05e-05	0.717475	0.8377931213757248,0.16164563087382525,0.0005512897420515897,9.958008398320336e-06
94	3135979860	5000.0	0.001	7.05e-05	-0.797155	0.9037590481903619,0.09304671065786843,0.0031934413117376526,7.998400319936013e-07
97	3701772650	5000.0	0.001	7.05e-05	0.025680	0.9471834033193361,0.05177116576684663,0.0010434713057388522,1.959608078384323e-06
100	1494208880	5000.0	0.001	7.05e-05	0.093627	0.9153195760847831,0.08398540291941611,0.0006950209958008399
101	1282662772	5000.0	0.001	7.05e-05	0.740043	0.7620139572085582,0.22621887622475506,0.011645790841831634,0.000121375724855029
96	4260665702	5000.0	0.001	7.05e-05	0.316489	0.9028689462107579,0.09684703059388122,0.00028398320335932815,3.9992001599680065e-08
103	1580202357	5000.0	0.001	7.05e-05	-0.006190	0.9097312537492501,0.08989442111577685,0.0003741651669666067,1.5996800639872026e-07
99	4269095275	5000.0	0.001	7.05e-05	-0.065626	0.9752353529294141,0.02472237552489502,4.227154569086183e-05
98	2238867819	5000.0	0.001	7.05e-05	0.120603	0.9485877624475105,0.05128470305938812,0.00012753449310137972
104	4257386871	5000.0	0.001	7.05e-05	0.509961	0.9358102379524095,0.055115936812637475,0.009061027794441111,1.22375524895021e-05,5.598880223955209e-07
91	2553811275	5000.0	0.001	7.05e-05	-0.108677	0.949621675664867,0.05009598080383923,0.00028198360327934415,3.5992801439712056e-07
90	3182156102	5000.0	0.001	7.05e-05	0.010630	0.9753696860627874,0.024341691661667667,0.000288502299540092,1.199760047990402e-07
89	4041521477	5000.0	0.001	7.05e-05	-0.452125	0.9057029794041191,0.09314617076584683,0.0011474505098980205,3.3993201359728056e-06
110	453978517	5000.0	0.001	7.05e-05	0.097300	0.9558675464907018,0.04404507098580284,8.738252349530094e-05
111	3963394459	5000.0	0.001	7.05e-05	-0.032943	0.9684671865626875,0.03117028594281144,0.00036252749450109976
102	1104218485	5000.0	0.001	7.05e-05	-0.116493	0.9143218956208758,0.08512153569286143,0.0005565286942611477,3.9992001599680065e-08
105	2343012724	5000.0	0.001	7.05e-05	0.015354	0.9813667266546691,0.01854129174165167,9.198160367926414e-05
115	4004596144	5000.0	0.001	7.05e-05	-0.262139	0.9155507698460308,0.08362691461707658,0.0008223155368926215
112	1182173601	5000.0	0.001	7.05e-05	-0.299362	0.9256059188162368,0.06809710057988402,0.00620379924015197,9.294141171765647e-05,2.399520095980804e-07
118	3770822	5000.0	0.001	7.05e-05	-0.008888	0.9820420715856829,0.017579124175164967,0.0003788042391521696
117	325710272	5000.0	0.001	7.05e-05	0.996013	0.8295321335732854,0.13852937412517496,0.030811717656468705,0.0011267746450709859
116	989356467	5000.0	0.001	7.05e-05	-0.353314	0.920878624275145,0.0674374325134973,0.011640151969606079,4.379124175164967e-05
119	2535051721	5000.0	0.001	7.05e-05	-0.213501	0.866049350129974,0.12836824635072985,0.005544091181763648,3.83123375324935e-05
120	1223891405	5000.0	0.001	7.05e-05	-0.363352	0.9126830233953209,0.08612057588482304,0.0011958408318336333,5.598880223955209e-07
107	3638043016	5000.0	0.001	7.05e-05	0.062788	0.9602579084183164,0.03970305938812237,3.499300139972006e-05,4.039192161567687e-06
106	4245379463	5000.0	0.001	7.05e-05	-0.111709	0.9452162367526494,0.05448846230753849,0.00029530093981203757
108	1407674762	5000.0	0.001	7.05e-05	-0.334476	0.9276704259148171,0.07203411317736452,0.0002954609078184363
109	1228523922	5000.0	0.001	7.05e-05	0.307160	0.9231077384523095,0.07215752849430114,0.004685342931413717,4.939012197560488e-05
113	855308706	5000.0	0.001	7.05e-05	-0.251827	0.9178950609878025,0.08073909218156369,0.0013582883423315336,7.558488302339532e-06
124	1305115099	5000.0	0.001	7.05e-05	0.718102	0.901774925014997,0.08799508098380324,0.010176844631073786,5.314937012597481e-05
125	2797750750	5000.0	0.001	7.05e-05	-0.274693	0.9603722455508898,0.03930737852429514,0.000320375924815037
114	7520678	5000.0	0.001	7.05e-05	-1.378744	0.7319617276544691,0.25474165166966606,0.01328862227554489,7.998400319936012e-06
121	3900172752	5000.0	0.001	7.05e-05	-0.098034	0.9757230153969206,0.023747770445910817,0.0005291341731653669,7.998400319936013e-08
128	1899049446	5000.0	0.001	7.05e-05	-0.273613	0.9226243151369726,0.06885738852229555,0.008291101779644072,0.00022711457708458308,7.998400319936013e-08
129	809409001	5000.0	0.001	7.05e-05	0.256981	0.8182580283943212,0.18108354329134174,0.0006584283143371326
130	1751261673	5000.0	0.001	7.05e-05	0.302410	0.9443461307738452,0.054503059388122374,0.0011508098380323935
135	3239772672	5000.0	0.001	7.05e-05	-0.380269	0.9621581683663267,0.037339812037592485,0.0005020195960807838
132	1259743725	5000.0	0.001	7.05e-05	-0.079295	0.954882423515297,0.039257868426314735,0.005848990201959608,1.0717856428714257e-05
131	3203645932	5000.0	0.001	7.05e-05	0.049858	0.9685142571485703,0.031435632873425316,5.010997800439912e-05
133	1226330605	5000.0	0.001	7.05e-05	-0.195086	0.9625898020395921,0.03739120175964807,1.8996200759848032e-05
134	2428760572	5000.0	0.001	7.05e-05	0.602236	0.8679891621675665,0.13110905818836233,0.000901499700059988,2.7994401119776043e-07
123	2850931156	5000.0	0.001	7.05e-05	0.547675	0.8697584083183363,0.11678292341531693,0.0134,5.8668266346730656e-05
122	1297269202	5000.0	0.001	7.05e-05	0.223678	0.9700998600279944,0.02979884023195361,0.0001012997400519896
139	4187197961	5000.0	0.001	7.05e-05	0.028873	0.9474085182963408,0.052389562087582484,0.00020187962407518497,3.9992001599680065e-08
140	1628256778	5000.0	0.001	7.05e-05	0.132623	0.9617226554689062,0.029557008598280345,0.008003239352129574,0.0007152169566086783,1.879624075184963e-06
141	2314545678	5000.0	0.001	7.05e-05	0.280306	0.9326980603879225,0.0668997400519896,0.00039912017596480706,3.079384123175365e-06
142	4048419342	5000.0	0.001	7.05e-05	-0.166279	0.9598474305138972,0.03931697660467907,0.0008352729454109178,3.199360127974405e-07
127	3116696038	5000.0	0.001	7.05e-05	-0.105529	0.9651600879824035,0.03477816436712657,6.174765046990602e-05
145	1895156246	5000.0	0.001	7.05e-05	0.481735	0.8977709258148371,0.10110345930813837,0.0011028594281143772,2.2755448910217956e-05
149	1808874019	5000.0	0.001	7.05e-05	0.069558	0.9762657068586282,0.02368914217156569,4.515096980603879e-05
137	424636935	5000.0	0.001	7.05e-05	-0.128711	0.9350042391521696,0.06398580283943212,0.0010099580083983203
144	1428302354	5000.0	0.001	7.05e-05	-0.913289	0.8985394921015797,0.09227790441911618,0.009126574685062987,5.602879424115177e-05
148	4289917475	5000.0	0.001	7.05e-05	0.092078	0.8922958208358328,0.10736132773445312,0.00034273145370925813,1.199760047990402e-07
136	2919256579	5000.0	0.001	7.05e-05	0.131234	0.9780987802439512,0.02181139772045591,8.982203559288142e-05
147	946659874	5000.0	0.001	7.05e-05	0.756234	0.8977042991401719,0.09909690061987603,0.0031962407518496302,2.559488102379524e-06
126	3598455265	5000.0	0.001	7.05e-05	-0.357680	0.9205958408318337,0.07205322935412918,0.007101059788042392,0.00024987002599480106
151	1341897256	5000.0	0.001	7.05e-05	1.051836	0.7702306738652269,0.20054513097380525,0.027278944211157768,0.001944371125774845,8.798240351929614e-07
146	3510372889	5000.0	0.001	7.05e-05	-0.828370	0.889307898420316,0.10950805838832234,0.001184003199360128,3.9992001599680065e-08
154	1551761970	5000.0	0.001	7.05e-05	-0.002748	0.9500279944011197,0.04976996600679864,0.00020203959208158368
138	2003855879	5000.0	0.001	7.05e-05	0.076224	0.9802937412517496,0.019677024595080982,2.9234153169366125e-05
155	1890849332	5000.0	0.001	7.05e-05	0.396712	0.9599942411517697,0.0390373125374925,0.0009519296140771845,1.6516696660667867e-05
156	4128743989	5000.0	0.001	7.05e-05	-0.109355	0.8706593081383723,0.12661547690461908,0.002724975004999,2.399520095980804e-07
157	1722536506	5000.0	0.001	7.05e-05	-0.033474	0.9733674865026994,0.026511577684463106,0.00012093581283743251
150	641346085	5000.0	0.001	7.05e-05	-0.041868	0.9720125574885023,0.027915176964607078,7.226554689062187e-05
143	1155836432	5000.0	0.001	7.05e-05	-0.068947	0.9629634073185362,0.0357121375724855,0.0013244551089782043
160	3435037254	5000.0	0.001	7.05e-05	-0.356049	0.8194397920415917,0.1780365526894621,0.002466506698660268,5.7148570285942814e-05
152	740999725	5000.0	0.001	7.05e-05	0.918134	0.865403399320136,0.13350829834033193,0.001088262347530494,3.9992001599680065e-08
162	1030566474	5000.0	0.001	7.05e-05	-0.217923	0.9698057588482304,0.029480863827234555,0.0006563887222555489,5.698860227954409e-05
167	2612818565	5000.0	0.001	7.05e-05	-0.097442	0.9670290741851629,0.03191645670865827,0.0010497100579884024,4.759048190361927e-06
159	2317681221	5000.0	0.001	7.05e-05	-0.274435	0.9591462907418516,0.0408121175764847,4.159168166366727e-05
165	3327115898	5000.0	0.001	7.05e-05	-0.216990	0.9593911617676465,0.039890461907618475,0.000718376324735053
168	1395606154	5000.0	0.001	7.05e-05	0.634389	0.9237545290941812,0.0756880223955209,0.0005574485102979404
169	970640014	5000.0	0.001	7.05e-05	-0.256375	0.9374522295540891,0.06156632673465307,0.0009660067986402719,1.5436912617476506e-05
153	3881906733	5000.0	0.001	7.05e-05	0.577706	0.8999081783643271,0.09858816236752649,0.0015010197960407918,2.639472105578884e-06
171	1673192078	5000.0	0.001	7.05e-05	-0.045161	0.9777787642471506,0.021915616876624675,0.00030561887622475504
158	1778231867	5000.0	0.001	7.05e-05	0.048666	0.9829332933413317,0.017057908418316337,8.798240351929614e-06
172	3203424911	5000.0	0.001	7.05e-05	-0.430885	0.9436895020995801,0.05541339732053589,0.0008971005798840232
173	2901770902	5000.0	0.001	7.05e-05	-0.051640	0.9496773445310938,0.050140651869626074,0.00018200359928014398
174	4121430687	5000.0	0.001	7.05e-05	0.341453	0.9422812237552489,0.05759720055988802,0.0001215756848630274
176	139520679	5000.0	0.001	7.05e-05	0.342255	0.9447467306538693,0.05421903619276145,0.0010334733053389321,7.598480303939212e-07
163	3259253328	5000.0	0.001	7.05e-05	-0.307273	0.8821534893021395,0.11544499100179964,0.002377004599080184,2.451509698060388e-05
179	111397559	5000.0	0.001	7.05e-05	0.429246	0.9258423515296941,0.07057532493501299,0.00357624475104979,6.07878424315137e-06
161	4158163527	5000.0	0.001	7.05e-05	0.038131	0.9814165966806638,0.01826878624275145,0.00031361727654469104,9.998000399920016e-07
181	882578110	5000.0	0.001	7.05e-05	0.929232	0.8698932613477305,0.12715692861427713,0.0029490501899620074,7.598480303939212e-07
180	1551618750	5000.0	0.001	7.05e-05	0.107952	0.9618939412117576,0.03803407318536293,7.190561887622476e-05,7.998400319936013e-08
182	644467390	5000.0	0.001	7.05e-05	0.030956	0.9458007598480304,0.05401863627274545,0.00018060387922415517
166	423877248	5000.0	0.001	7.05e-05	0.138386	0.9683270545890822,0.030165726854629073,0.0015008198360327934,6.11877624475105e-06,2.7994401119776043e-07
164	4266513015	5000.0	0.001	7.05e-05	0.092097	0.9726177164567087,0.027367686462707458,1.4597080583883224e-05
170	373723791	5000.0	0.001	7.05e-05	0.020977	0.9866951409718057,0.013089342131573685,0.00021551689662067586
178	3507020467	5000.0	0.001	7.05e-05	0.067658	0.9414451509698061,0.058292901419716055,0.0002619476104779044
177	1864526504	5000.0	0.001	7.05e-05	-0.198915	0.8958751449710058,0.10164883023395321,0.0024745450909818036,1.4797040591881624e-06
183	1138774722	5000.0	0.001	7.05e-05	-1.397156	0.834046950609878,0.16025810837832433,0.005679624075184963,1.5316936612677465e-05
185	116017866	5000.0	0.001	7.05e-05	0.594351	0.7994848230353929,0.19084499100179964,0.00885110977804439,0.0008190361927614477,3.9992001599680065e-08
187	2705842902	5000.0	0.001	7.05e-05	0.501265	0.9215808438312337,0.07705522895420916,0.0013631673665266946,7.598480303939212e-07
188	3325498073	5000.0	0.001	7.05e-05	-0.015958	0.9584061987602479,0.04148206358728254,0.0001117376524695061
189	904657629	5000.0	0.001	7.05e-05	-0.078951	0.9697029794041192,0.030108258348330336,0.0001887622475504899
190	2112776928	5000.0	0.001	7.05e-05	0.559379	0.8773958408318336,0.12128582283543292,0.0013180563887222555,2.7994401119776043e-07
192	3892794082	5000.0	0.001	7.05e-05	-0.182813	0.9554831833633274,0.0391625274945011,0.005350489902019596,3.7992401519696063e-06
194	2453682929	5000.0	0.001	7.05e-05	-0.090376	0.970780923815237,0.028992361527694462,0.0002267146570685863
175	3828052640	5000.0	0.001	7.05e-05	0.239454	0.9102967806438712,0.0895384123175365,0.00016476704659068185,3.9992001599680065e-08
195	2415457013	5000.0	0.001	7.05e-05	0.136870	0.852027074585083,0.1469141371725655,0.0010582683463307339,5.198960207958409e-07
184	3620618950	5000.0	0.001	7.05e-05	0.070762	0.9827525294941012,0.017170565886822635,6.310737852429514e-05,1.3797240551889623e-05
196	2813977335	5000.0	0.001	7.05e-05	0.159070	0.9505230553889222,0.049217036592681465,0.00025990801839632075
200	2933820160	5000.0	0.001	7.05e-05	-0.061890	0.9491517296540691,0.050290501899620074,0.0005577684463107379
202	2780852995	5000.0	0.001	7.05e-05	-0.044478	0.9723851629674065,0.027503139372125576,0.00011169766046790642
191	3639292641	5000.0	0.001	7.05e-05	0.634133	0.883019276144771,0.11670317936412718,0.00027730453909218157,2.399520095980804e-07
203	3916395267	5000.0	0.001	7.05e-05	0.119858	0.869124775044991,0.12869210157968405,0.0021802039592081586,2.9194161167766445e-06
186	3045159629	5000.0	0.001	7.05e-05	-0.078212	0.9342885422915417,0.06548942211557689,0.0002220355928814237
204	639537924	5000.0	0.001	7.05e-05	-0.487280	0.9194189562087582,0.07641571685662868,0.004163807238552289,1.5196960607878424e-06
205	2124098316	5000.0	0.001	7.05e-05	0.140022	0.9477430113977204,0.052171925614877025,8.50629874025195e-05
207	821844750	5000.0	0.001	7.05e-05	-0.098294	0.9268365126974605,0.07275884823035393,0.00040451909618076387,1.199760047990402e-07
206	1226914573	5000.0	0.001	7.05e-05	0.262769	0.8855249350129974,0.11402939412117577,0.00044563087382523496,3.9992001599680065e-08
208	290312975	5000.0	0.001	7.05e-05	-0.257969	0.9582053189362127,0.04072633473305339,0.0010639472105578884,4.399120175964807e-06
209	3049222928	5000.0	0.001	7.05e-05	0.018926	0.9519758448310338,0.04792189562087582,0.00010225954809038193
211	835255068	5000.0	0.001	7.05e-05	0.379683	0.94844775044991,0.04980859828034393,0.0017379324135172966,5.718856228754249e-06
197	3415169785	5000.0	0.001	7.05e-05	0.376779	0.9325615676864627,0.06646922615476905,0.0009676464707058588,1.5596880623875224e-06
213	3861412644	5000.0	0.001	7.05e-05	0.040347	0.9526145170965807,0.047248150369926016,0.00013733253349330134
199	503356158	5000.0	0.001	7.05e-05	-1.047578	0.8358593481303739,0.15679292141571685,0.0073412917416516696,6.43871225754849e-06
193	1630182122	5000.0	0.001	7.05e-05	0.699998	0.9234289942011598,0.07601587682463508,0.0005550089982003599,1.199760047990402e-07
215	2392460073	5000.0	0.001	7.05e-05	0.161853	0.9738447110577885,0.026057748450309937,9.754049190161967e-05
198	491959034	5000.0	0.001	7.05e-05	0.038772	0.9005278544291142,0.0980011197760448,0.0014710257948410317
217	53056318	5000.0	0.001	7.05e-05	-0.172168	0.967475824835033,0.032419636072785446,0.000104499100179964,3.9992001599680065e-08
216	3510453037	5000.0	0.001	7.05e-05	0.154279	0.9036655468906218,0.09582671465706859,0.0005077384523095381
219	1748753219	5000.0	0.001	7.05e-05	0.047640	0.9447136972605479,0.05484327134573085,0.0004429914017196561,3.9992001599680065e-08
220	754658128	5000.0	0.001	7.05e-05	1.629530	0.8080922215556888,0.1900252349530094,0.0018743451309738053,8.198360327934413e-06
223	3301550952	5000.0	0.001	7.05e-05	0.053234	0.9753906818636273,0.023984643071385724,0.0006243551289742052,3.199360127974405e-07
201	2316565251	5000.0	0.001	7.05e-05	-0.111534	0.882803599280144,0.10092729454109178,0.01613405318936213,0.00013497300539892023,7.998400319936013e-08
212	3951299364	5000.0	0.001	7.05e-05	-0.098483	0.903816276744651,0.09410553889222155,0.0020781843631273744
222	1031134050	5000.0	0.001	7.05e-05	-0.158563	0.9483640071985603,0.0512625074985003,0.0003731653669266147,3.199360127974405e-07
214	4244599592	5000.0	0.001	7.05e-05	0.003116	0.9649292141571686,0.0348747050589882,0.00019608078384323135
224	1373791081	5000.0	0.001	7.05e-05	-0.464371	0.8803344531093781,0.09415204959008198,0.01646098780243951,0.009020355928814236,3.215356928614277e-05
225	2732413804	5000.0	0.001	7.05e-05	-0.044644	0.9413021795640872,0.05796408718256349,0.0007328534293141372,8.798240351929614e-07
210	3358106394	5000.0	0.001	7.05e-05	0.328323	0.9443549290141972,0.05470185962807438,0.0009432113577284543
227	2101134199	5000.0	0.001	7.05e-05	-0.467598	0.9385238152369526,0.06057752449510098,0.0008969406118776245,1.7196560687862428e-06
230	1237150590	5000.0	0.001	7.05e-05	-0.046908	0.9584578684263148,0.04029402119576085,0.0012440711857628474,4.039192161567687e-06
232	2071954311	5000.0	0.001	7.05e-05	-0.048059	0.952297100579884,0.04714373125374925,0.0005583683263347331,7.998400319936013e-07
221	3656082274	5000.0	0.001	7.05e-05	0.438798	0.9296637472505499,0.06926422715456909,0.001071985602879424,3.9992001599680065e-08
218	3398515522	5000.0	0.001	7.05e-05	0.339213	0.9460341131773645,0.047644831033793245,0.006309418116376725,1.16376724655069e-05
234	2168085384	5000.0	0.001	7.05e-05	0.132473	0.8664265546890622,0.12884719056188762,0.004725974805038992,2.7994401119776043e-07
235	3168635786	5000.0	0.001	7.05e-05	0.234757	0.9570737452509498,0.04180879824035193,0.0010423515296940611,7.510497900419917e-05
226	1878858614	5000.0	0.001	7.05e-05	-0.104914	0.9574091181763648,0.04226058788242352,0.000330253949210158,3.9992001599680065e-08
236	3696065423	5000.0	0.001	7.05e-05	-0.156195	0.9482200759848031,0.050961927614477105,0.0008177964407118576,1.9996000799840033e-07
233	2079933319	5000.0	0.001	7.05e-05	-0.804034	0.8586153569286142,0.1361993601279744,0.004918456308738253,0.00026682663467306536
240	1297449880	5000.0	0.001	7.05e-05	0.224307	0.9639602079584083,0.03535984803039392,0.0006796640671865627,2.7994401119776043e-07
239	1244570520	5000.0	0.001	7.05e-05	0.204907	0.8310407918416317,0.1612739852029594,0.007634793041391722,5.042991401719656e-05
244	1737896863	5000.0	0.001	7.05e-05	0.125777	0.938577924415117,0.060991761647670464,0.0004303139372125575
242	4171940764	5000.0	0.001	7.05e-05	-0.322826	0.9592275944811037,0.040073945210957806,0.0006984603079384123
246	1104147361	5000.0	0.001	7.05e-05	-0.065731	0.941025074985003,0.05535860827834433,0.003610997800439912,5.318936212757449e-06
245	2908283806	5000.0	0.001	7.05e-05	0.096641	0.9458844631073785,0.05343471305738852,0.0006784643071385723,2.359528094381124e-06
228	2891490169	5000.0	0.001	7.05e-05	-0.417120	0.8608826634673066,0.13625846830633873,0.0028579884023195363,8.798240351929614e-07
229	1368058748	5000.0	0.001	7.05e-05	0.154756	0.9616095980803839,0.038267906418716253,0.00012249550089982005
247	2564727717	5000.0	0.001	7.05e-05	0.035173	0.9672417116576685,0.03266890621875625,8.930213957208559e-05,7.998400319936013e-08
231	4198845315	5000.0	0.001	7.05e-05	-0.317158	0.9355904419116177,0.06429762047590482,0.0001119376124775045
238	2572600213	5000.0	0.001	7.05e-05	0.038946	0.9508265146970606,0.04909458108378324,7.890421915616876e-05
237	2090814354	5000.0	0.001	7.05e-05	-0.166716	0.9157901619676064,0.08323783243351329,0.0009718456308738252,1.5996800639872026e-07
241	2784525210	5000.0	0.001	7.05e-05	-0.391017	0.9302414717056589,0.06464715056988603,0.0050969806038792245,1.4397120575884824e-05
250	3370632125	5000.0	0.001	7.05e-05	0.192403	0.9579512897420516,0.04133057388522295,0.0007175764847030594,5.598880223955209e-07
252	3366900671	5000.0	0.001	7.05e-05	0.790122	0.7105530093981204,0.2809671665666867,0.008442991401719656,3.683263347330534e-05
243	1728045982	5000.0	0.001	7.05e-05	1.501963	0.6049352129574085,0.35647358528294343,0.038506618676264745,8.330333933213357e-05,1.279744051189762e-06
253	4106535876	5000.0	0.001	7.05e-05	0.078673	0.9598310337932413,0.039995840831833634,0.00017240551889622076,7.198560287942411e-07
254	2255645642	5000.0	0.001	7.05e-05	0.569030	0.8802637872425515,0.11801511697660468,0.0017090981803639272,1.199760047990402e-05
255	3601011661	5000.0	0.001	7.05e-05	0.182467	0.9514166766646671,0.04849602079584083,8.72625474905019e-05,3.9992001599680065e-08
251	749689790	5000.0	0.001	7.05e-05	0.245846	0.9205969606078784,0.07902247550489902,0.0003805638872225555
258	932279287	5000.0	0.001	7.05e-05	0.037388	0.8521310937812437,0.1463349330133973,0.0015333333333333334,6.39872025594881e-07
256	2500195283	5000.0	0.001	7.05e-05	0.348526	0.946360047990402,0.04619612077584483,0.007433913217356529,9.918016396720655e-06
257	2151972859	5000.0	0.001	7.05e-05	0.198973	0.8986418316336733,0.09988254349130174,0.0014755848830233953,3.9992001599680065e-08
259	1676913656	5000.0	0.001	7.05e-05	0.415729	0.9135522895420916,0.08579068186362727,0.0006567086582683463,3.199360127974405e-07
249	2558442426	5000.0	0.001	7.05e-05	0.200874	0.7087335732853429,0.22538648270345932,0.06215460907818436,0.003474785042991402,0.0002505498900219956
262	1294185469	5000.0	0.001	7.05e-05	0.204215	0.9034560287942411,0.09549210157968406,0.001051749650069986,1.199760047990402e-07
266	2242083852	5000.0	0.001	7.05e-05	0.189476	0.9562634273145371,0.0435746850629874,0.0001618876224755049
267	1217608727	5000.0	0.001	7.05e-05	0.078379	0.9667829234153169,0.028627994401119777,0.0045830033993201355,6.07878424315137e-06
268	2342360111	5000.0	0.001	7.05e-05	-0.149555	0.9341364927014597,0.05849482103579284,0.007357248550289942,1.1437712457508499e-05
248	2566294447	5000.0	0.001	7.05e-05	-0.330753	0.9201684063187362,0.07891049790041992,0.0009210957808438312
272	3652703309	5000.0	0.001	7.05e-05	0.104888	0.966873225354929,0.03268230353929214,0.00044447110577884423
260	2783325179	5000.0	0.001	7.05e-05	-0.006740	0.9321580883823235,0.05843163367326535,0.009398120375924815,1.215756848630274e-05
271	4141798471	5000.0	0.001	7.05e-05	-0.209473	0.9592251949610078,0.03489598080383923,0.005857908418316337,2.0915816836632675e-05
278	4089795679	5000.0	0.001	7.05e-05	-0.432454	0.9264179564087183,0.06912869426114777,0.004451349730053989,1.999600079984003e-06
274	1224696915	5000.0	0.001	7.05e-05	0.866359	0.6813910817836433,0.3142459108178364,0.004361607678464307,1.3997200559888023e-06
275	2071854166	5000.0	0.001	7.05e-05	0.471368	0.939627674465107,0.06004763047390522,0.00032465506898620274,3.9992001599680065e-08
261	1770499069	5000.0	0.001	7.05e-05	1.213877	0.8677395320935812,0.13166530693861228,0.0005917216556688662,3.4393121375724856e-06
276	1871410263	5000.0	0.001	7.05e-05	1.370573	0.7892951809638072,0.205799600079984,0.003679744051189762,0.0012248350329934013,6.39872025594881e-07
277	3329315931	5000.0	0.001	7.05e-05	-0.643086	0.8282617476504699,0.14446650669866026,0.026891541691661667,0.0003801639672065587,3.9992001599680065e-08
279	566051942	5000.0	0.001	7.05e-05	0.244260	0.888224275144971,0.1109504899020196,0.0008250749850029994,1.5996800639872026e-07
270	1659397182	5000.0	0.001	7.05e-05	0.503668	0.832614077184563,0.1645624075184963,0.002714777044591082,0.0001087382523495301
281	26133614	5000.0	0.001	7.05e-05	-0.166063	0.9374606678664267,0.06232209558088382,0.00021723655268946211
263	701666307	5000.0	0.001	7.05e-05	-0.056350	0.9623286942611478,0.03750121975604879,0.00017008598280343932
282	1289133170	5000.0	0.001	7.05e-05	0.804342	0.885272625474905,0.11323079384123175,0.0014953409318136373,1.2397520495900819e-06
265	870046726	5000.0	0.001	7.05e-05	-0.314343	0.924650149970006,0.06892333533293342,0.006403639272145571,2.2875424915016998e-05
264	862778373	5000.0	0.001	7.05e-05	-0.127249	0.9690705858828235,0.030350809838032393,0.0005639672065586883,1.4637072585482903e-05
285	1603867775	5000.0	0.001	7.05e-05	-0.596777	0.9111043791241752,0.08822255548890222,0.0006726654669066186,3.9992001599680065e-07
269	216818746	5000.0	0.001	7.05e-05	-0.168754	0.9194803439312138,0.07283447310537892,0.007676024795040991,9.158168366326734e-06
286	3942171781	5000.0	0.001	7.05e-05	-0.289695	0.9457324935012997,0.054199280143971205,6.822635472905419e-05
287	3776711819	5000.0	0.001	7.05e-05	0.124942	0.9568970205958808,0.042575324935012995,0.0005270545890821835,5.99880023995201e-07
273	1970441296	5000.0	0.001	7.05e-05	0.148467	0.9251614877024595,0.07217816436712657,0.002660227954409118,1.199760047990402e-07
291	3332256918	5000.0	0.001	7.05e-05	0.584836	0.9522148370325935,0.020369126174765047,0.027335572885422914,8.046390721855629e-05
292	492805271	5000.0	0.001	7.05e-05	0.037693	0.982124975004999,0.01737756448710258,0.0004961407718456309,1.319736052789442e-06
284	124011642	5000.0	0.001	7.05e-05	-0.429194	0.9607656868626274,0.03813181363727255,0.0011024195160967806,7.998400319936013e-08
280	1317669993	5000.0	0.001	7.05e-05	0.020465	0.9679466106778645,0.03197048590281944,8.286342731453709e-05,3.9992001599680065e-08
289	845528205	5000.0	0.001	7.05e-05	0.469580	0.9405962407518497,0.059000199960008,0.0004035592881423715
288	3212428428	5000.0	0.001	7.05e-05	-0.126388	0.9218659068186362,0.07785626874625075,0.0002778244351129774
294	2364738714	5000.0	0.001	7.05e-05	0.006749	0.8897977604479104,0.10943911217756448,0.0007608478304339132,2.279544091181764e-06
283	1820775540	5000.0	0.001	7.05e-05	0.012487	0.980448550289942,0.019140331933613277,0.00041111777644471106
295	1559297182	5000.0	0.001	7.05e-05	-0.244198	0.9211229354129175,0.07692393521295741,0.0018902219556088781,6.290741851629675e-05
297	1008483494	5000.0	0.001	7.05e-05	0.864108	0.9087220555888822,0.0829129374125175,0.00836372725454909,1.279744051189762e-06
293	1675703447	5000.0	0.001	7.05e-05	0.023287	0.9832369126174765,0.016749130173965208,1.3957208558288343e-05
300	1665696948	5000.0	0.001	7.05e-05	-0.139407	0.9661210957808438,0.03379012197560488,8.386322735452909e-05,4.919016196760648e-06
302	3184061622	5000.0	0.001	7.05e-05	-0.435027	0.9162249550089983,0.08279848030393921,0.0009556088782243552,2.0955808838232355e-05
290	3966528655	5000.0	0.001	7.05e-05	0.160457	0.9595101779644071,0.03693053389322135,0.003489702059588082,6.958608278344332e-05
305	3785899200	5000.0	0.001	7.05e-05	-0.315198	0.912921975604879,0.08694621075784843,0.0001318136372725455
306	4199482563	5000.0	0.001	7.05e-05	-0.076956	0.8440354729054189,0.15489430113977204,0.0010702259548090382
307	986318021	5000.0	0.001	7.05e-05	0.268428	0.9485052189562088,0.04067834433113377,0.010781723655268947,3.47130573885223e-05
303	3276385471	5000.0	0.001	7.05e-05	-0.483946	0.8266024395120976,0.1328390721855629,0.0400251549690062,0.0005333333333333334
313	3520584930	5000.0	0.001	7.05e-05	0.156800	0.9393155368926215,0.06033517296540692,0.0003492901419716057
311	2668084443	5000.0	0.001	7.05e-05	0.077257	0.9742210357928415,0.023674225154969007,0.0020921815636872625,1.255748850229954e-05
309	1314014414	5000.0	0.001	7.05e-05	-0.003744	0.9291031793641272,0.07038248350329934,0.0005143371325734853
298	1100758184	5000.0	0.001	7.05e-05	0.195669	0.959796600679864,0.039999800039992005,0.0002035992801439712
315	2968081641	5000.0	0.001	7.05e-05	-0.959707	0.9153138572285543,0.044449150169966006,0.039998200359928016,0.00023879224155168966
310	352695514	5000.0	0.001	7.05e-05	0.534418	0.8748261947610478,0.1091755648870226,0.015906618676264746,9.162167566486703e-05
314	2070199528	5000.0	0.001	7.05e-05	0.396445	0.9219828834233154,0.07611525694861028,0.0019012597480503898,5.99880023995201e-07
301	556793014	5000.0	0.001	7.05e-05	-0.013909	0.9754148370325935,0.024535852829434112,4.931013797240552e-05
308	1727139014	5000.0	0.001	7.05e-05	-0.146358	0.9497030193961208,0.049719056188762246,0.0005779244151169766
316	142910698	5000.0	0.001	7.05e-05	-0.098122	0.9724015196960608,0.027312617476504698,0.0002858628274345131
296	1760064676	5000.0	0.001	7.05e-05	-0.219148	0.9524545890821836,0.047043511297740453,0.0005017796440711858,1.199760047990402e-07
320	199965934	5000.0	0.001	7.05e-05	0.088350	0.9568574685062987,0.03585762847430514,0.007276584683063387,8.318336332733454e-06
299	3061939373	5000.0	0.001	7.05e-05	-0.806601	0.8616019596080784,0.13525614877024594,0.003122855428914217,1.903619276144771e-05
321	954844401	5000.0	0.001	7.05e-05	0.511382	0.8497186962607478,0.14914533093381324,0.001113137372525495,2.2835432913417317e-05
317	1486030056	5000.0	0.001	7.05e-05	-0.096663	0.9616313137372525,0.03833601279744051,3.267346530693861e-05
323	3874565364	5000.0	0.001	7.05e-05	0.972871	0.8954969806038793,0.09831873625274945,0.006178964207158568,5.318936212757449e-06
322	3913923827	5000.0	0.001	7.05e-05	0.107977	0.9542219556088782,0.04561891621675665,0.0001590881823635273,3.9992001599680065e-08
325	2084887797	5000.0	0.001	7.05e-05	-0.369333	0.8645405318936212,0.133374725054989,0.0020089582083583283,7.578484303139372e-05
304	2896248000	5000.0	0.001	7.05e-05	0.050078	0.952729574085183,0.04689638072385523,0.00037404519096180766
324	3321285876	5000.0	0.001	7.05e-05	0.558542	0.9230586682663467,0.07443595280943811,0.002501859628074385,3.5192961407718455e-06
312	1659528416	5000.0	0.001	7.05e-05	-0.161376	0.9791383323335333,0.0189872825434913,0.0018739452109578084,4.399120175964807e-07
327	1509156089	5000.0	0.001	7.05e-05	-0.744152	0.8294242351529694,0.16758012397520497,0.0028195960807838433,0.00017604479104179165
331	1018610959	5000.0	0.001	7.05e-05	-1.037640	0.8996787442511498,0.0896001199760048,0.01059128174365127,0.0001298140371925615,3.9992001599680065e-08
319	4263896301	5000.0	0.001	7.05e-05	0.023866	0.9481023795240952,0.051609358128374326,0.0002882623475304939
332	1899029775	5000.0	0.001	7.05e-05	0.146708	0.9448319536092782,0.05384751049790042,0.001320255948810238,2.7994401119776043e-07
334	938132760	5000.0	0.001	7.05e-05	0.398385	0.9312687462507498,0.06857868426314737,0.00015248950209958008,7.998400319936013e-08
318	4176559338	5000.0	0.001	7.05e-05	0.372162	0.9166208358328334,0.08270641871625675,0.000672745450909818
336	3104947499	5000.0	0.001	7.05e-05	-0.305491	0.9620819436112777,0.037206798640271946,0.0007112577484503099
329	522315018	5000.0	0.001	7.05e-05	0.650392	0.9396370725854829,0.060080183963207356,0.0002827434513097381
337	903200049	5000.0	0.001	7.05e-05	0.312711	0.9615070985802839,0.03834181163767247,0.0001510897820435913
338	810347829	5000.0	0.001	7.05e-05	-0.269080	0.9347513297340532,0.061824355128974204,0.0034236752649470107,6.39872025594881e-07
339	2649984310	5000.0	0.001	7.05e-05	-0.542447	0.9143145770845831,0.0848387122575485,0.0008465906818636272,1.199760047990402e-07
342	1410278723	5000.0	0.001	7.05e-05	0.138698	0.9558636272745451,0.04401587682463507,0.00012049590081983603
330	3568551182	5000.0	0.001	7.05e-05	0.283687	0.914924175164967,0.0845124575084983,0.0005633673265346931
335	879961373	5000.0	0.001	7.05e-05	0.630580	0.913666426714657,0.08594333133373325,0.00039024195160967804
328	760741128	5000.0	0.001	7.05e-05	-0.086431	0.9367034193161368,0.06311725654869026,0.0001793241351729654
344	2642072905	5000.0	0.001	7.05e-05	0.378512	0.884269426114777,0.1150125574885023,0.0007179364127174565,7.998400319936013e-08
347	2486394196	5000.0	0.001	7.05e-05	0.052889	0.9806667466506699,0.01924631073785243,8.694261147770446e-05
346	633881932	5000.0	0.001	7.05e-05	0.015175	0.9817521295740852,0.018113377324535093,0.00013449310137972405
345	501771594	5000.0	0.001	7.05e-05	-0.001666	0.9331259348130374,0.06676780643871226,0.00010589882023595282,3.5992801439712056e-07
333	1678312722	5000.0	0.001	7.05e-05	-0.026243	0.9574139972005599,0.041010637872425516,0.0015708058388322335,4.559088182363528e-06
326	1908761847	5000.0	0.001	7.05e-05	0.527938	0.90150849830034,0.09789074185162967,0.0006003599280143972,3.9992001599680065e-07
340	1943530806	5000.0	0.001	7.05e-05	-0.318079	0.9253695660867827,0.07249158168366326,0.0021371725654869026,1.6796640671865626e-06
350	2754997614	5000.0	0.001	7.05e-05	-0.375928	0.9234354729054189,0.07481999600079985,0.0017445310937812437
341	2496800056	5000.0	0.001	7.05e-05	-0.110535	0.9811290941811638,0.018860947810437914,9.958008398320336e-06
351	3262967151	5000.0	0.001	7.05e-05	0.169994	0.9789202159568087,0.020863987202559487,0.00021559688062387523,1.9996000799840033e-07
352	474342768	5000.0	0.001	7.05e-05	0.031136	0.968368926214757,0.03159308138372326,3.7992401519696064e-05
343	2179372358	5000.0	0.001	7.05e-05	-0.377857	0.8926405118976205,0.10609590081983604,0.0012635872825434913
355	1417930108	5000.0	0.001	7.05e-05	0.058141	0.9645756848630274,0.034372045590881826,0.0010522695460907817
353	2353149297	5000.0	0.001	7.05e-05	0.154247	0.7748663467306539,0.21209686062787442,0.013020955808838231,1.5836832633473307e-05
348	2313225560	5000.0	0.001	7.05e-05	-0.088425	0.9731564087182564,0.025533173365326935,0.001310257948410318,1.5996800639872026e-07
354	1636840827	5000.0	0.001	7.05e-05	-0.424339	0.8569988402319536,0.12625942811437713,0.015618036392721456,0.0011236952609478105
358	1572582805	5000.0	0.001	7.05e-05	0.105525	0.9587049790041992,0.039390041991601676,0.001884503099380124,2.0475904819036193e-05
362	4068652479	5000.0	0.001	7.05e-05	-0.040146	0.9708004399120176,0.028178244351129773,0.0010201159768046392,1.199760047990402e-06
361	1740004782	5000.0	0.001	7.05e-05	-0.510151	0.7807973605278944,0.21711721655668867,0.001979364127174565,0.00010605878824235152
360	3274995115	5000.0	0.001	7.05e-05	-0.473886	0.7247834033193361,0.2712091181763647,0.004004279144171166,3.1993601279744052e-06
359	3561401766	5000.0	0.001	7.05e-05	0.719464	0.8241621675664867,0.17130765846830634,0.004502019596080784,2.8154369126174764e-05
365	2061088207	5000.0	0.001	7.05e-05	-0.067939	0.9314330733853229,0.061984603079384124,0.006580603879224155,1.7196560687862428e-06
366	1605651921	5000.0	0.001	7.05e-05	0.154120	0.9106486702659468,0.08791457708458308,0.0014361527694461108,5.99880023995201e-07
369	2473147870	5000.0	0.001	7.05e-05	-0.907045	0.8474587082583483,0.15003427314537093,0.002506778644271146,2.399520095980804e-07
349	4147213659	5000.0	0.001	7.05e-05	0.219823	0.9389451309738053,0.0598371525694861,0.0011299340131973605,8.778244351129774e-05
368	1507352028	5000.0	0.001	7.05e-05	-1.048330	0.8490357528494301,0.14733077384523097,0.003631753649270146,1.7196560687862428e-06
356	1557869962	5000.0	0.001	7.05e-05	-0.115648	0.9486120775844831,0.051254109178164364,0.00013341331733653268,3.9992001599680065e-07
357	2884222357	5000.0	0.001	7.05e-05	-0.575974	0.9342220355928814,0.06556588682263548,0.00021207758448310338
372	1235328498	5000.0	0.001	7.05e-05	0.062543	0.9479490901819636,0.0514374725054989,0.0006132373525294941,1.9996000799840033e-07
375	2035535366	5000.0	0.001	7.05e-05	-0.271732	0.9390239552089582,0.06059076184763047,0.0003852029594081184,7.998400319936013e-08
373	3670087155	5000.0	0.001	7.05e-05	-0.020935	0.986206398720256,0.013700859828034394,9.274145170965807e-05
377	1425415688	5000.0	0.001	7.05e-05	-0.678196	0.8272080783843231,0.17140259948010397,0.0013890421915616876,2.7994401119776043e-07
367	1073921495	5000.0	0.001	7.05e-05	-0.200670	0.9327965206958608,0.06594429114177165,0.001257868426314737,1.319736052789442e-06
376	2661953031	5000.0	0.001	7.05e-05	0.729137	0.9184213957208558,0.08111677664467107,0.00046130773845230955,5.198960207958409e-07
374	3850452479	5000.0	0.001	7.05e-05	0.735864	0.8554275544891021,0.14038108378324335,0.004170405918816237,2.0955808838232355e-05
379	1811211786	5000.0	0.001	7.05e-05	-0.135699	0.967839952009598,0.0320869826034793,7.306538692261548e-05
364	1669395916	5000.0	0.001	7.05e-05	-0.057103	0.9674925814837032,0.0322118776244751,0.0002955408918216357
380	1085167118	5000.0	0.001	7.05e-05	-0.006109	0.9458573885222955,0.05379016196760648,0.0003524495100979804
363	1701510603	5000.0	0.001	7.05e-05	0.089316	0.9542329934013197,0.04561535692861428,0.0001516496700659868
381	4260314639	5000.0	0.001	7.05e-05	0.001788	0.9371428114377125,0.06081567686462708,0.002041351729654069,1.5996800639872026e-07
370	2047102433	5000.0	0.001	7.05e-05	0.159878	0.8647432913417317,0.13354625074985002,0.0017086582683463307,1.799640071985603e-06
382	2587176466	5000.0	0.001	7.05e-05	-0.667073	0.9156657468506298,0.0834360327934413,0.0008980203959208158,1.9996000799840033e-07
371	4202821091	5000.0	0.001	7.05e-05	-0.111276	0.9546105178964207,0.04532857428514297,6.090781843631274e-05
378	728489481	5000.0	0.001	7.05e-05	0.127730	0.9603163367326535,0.03961703659268146,6.662667466506699e-05
387	3624740381	5000.0	0.001	7.05e-05	0.102971	0.9565812037592482,0.04308350329934013,0.0003352929414117177
384	4288468502	5000.0	0.001	7.05e-05	0.130184	0.8972226354729054,0.08540959808038392,0.015716656668666267,0.001651109778044391
388	1613567520	5000.0	0.001	7.05e-05	-0.228072	0.8879660067986402,0.10595280943811237,0.006060427914417117,2.0755848830233953e-05
391	1653083694	5000.0	0.001	7.05e-05	0.290796	0.8940670665866827,0.10228858228354329,0.0036429514097180565,1.3997200559888023e-06
393	472639028	5000.0	0.001	7.05e-05	0.078001	0.9360687462507499,0.06306042791441711,0.0008698260347930414,9.998000399920016e-07
390	2244574766	5000.0	0.001	7.05e-05	-0.947556	0.8634105578884224,0.1342254349130174,0.0023622875424915016,1.7196560687862428e-06
396	2358255176	5000.0	0.001	7.05e-05	0.005040	0.8282578684263148,0.13583411317736452,0.03582747450509898,8.054389122175565e-05
398	4190840409	5000.0	0.001	7.05e-05	-0.066476	0.9468994201159768,0.050364167166566685,0.0027342931413717256,2.1195760847830435e-06
400	3391231579	5000.0	0.001	7.05e-05	-0.079266	0.965608598280344,0.03436616676664667,2.523495300939812e-05
392	1834544688	5000.0	0.001	7.05e-05	-0.024198	0.9710542291541692,0.028873225354929016,7.254549090181963e-05
383	1595184661	5000.0	0.001	7.05e-05	0.208510	0.951017476504699,0.048886582683463305,9.594081183763247e-05
389	4145712679	5000.0	0.001	7.05e-05	0.064008	0.9211192161567686,0.07821631673665266,0.0006644271145770846,3.9992001599680065e-08
402	1426861660	5000.0	0.001	7.05e-05	-1.275872	0.8578452709458109,0.13396660667866428,0.008169726054789042,1.839632073585283e-05
385	4143318550	5000.0	0.001	7.05e-05	-0.442467	0.9286389122175565,0.07029706058788242,0.0010625474905018996,1.4797040591881624e-06
404	4261418600	5000.0	0.001	7.05e-05	0.160387	0.9478643871225755,0.05030461907618476,0.0018302739452109578,7.198560287942411e-07
394	3514560057	5000.0	0.001	7.05e-05	-0.175867	0.9387352529494101,0.06077356528694261,0.0004908218356328735,3.5992801439712056e-07
408	760143475	5000.0	0.001	7.05e-05	-0.047631	0.9656349930013998,0.03386074785042991,0.0005042591481703659
386	2262089239	5000.0	0.001	7.05e-05	0.295310	0.9115282543491302,0.08407046590681863,0.00440115976804639,1.199760047990402e-07
407	3111900785	5000.0	0.001	7.05e-05	-0.009189	0.9551591281743651,0.04468982203559288,0.0001510497900419916
395	4007034434	5000.0	0.001	7.05e-05	-0.023489	0.9880059588082384,0.011984163167366526,9.878024395120976e-06
405	1159081580	5000.0	0.001	7.05e-05	0.072947	0.9708120775844831,0.02908262347530494,0.00010529894021195761
403	1399475814	5000.0	0.001	7.05e-05	0.996257	0.7815802039592081,0.2003623675264947,0.017509098180363926,0.0005480103979204159,3.199360127974405e-07
399	204451419	5000.0	0.001	7.05e-05	-0.004613	0.9423814437112578,0.0575125774845031,0.00010597880423915217
406	3908896366	5000.0	0.001	7.05e-05	-0.238709	0.8532763047390521,0.14582079584083182,0.0009028194361127774,7.998400319936013e-08
409	2519694974	5000.0	0.001	7.05e-05	0.108281	0.9711210957808438,0.028290781843631273,0.0003891621675664867,0.00019892021595680864,3.9992001599680065e-08
415	310662811	5000.0	0.001	7.05e-05	0.374681	0.9455722455508898,0.04959140171965607,0.004835432913417316,9.198160367926415e-07
401	2250059357	5000.0	0.001	7.05e-05	0.067472	0.9703925214957009,0.025650349930013996,0.003937692461507699,1.943611277744451e-05
412	253922959	5000.0	0.001	7.05e-05	0.308188	0.9428598680263948,0.05556380723855229,0.001575884823035393,4.399120175964807e-07
410	3046098567	5000.0	0.001	7.05e-05	1.131974	0.8962567486502699,0.0797126174765047,0.004745530893821236,0.019164407118576286,0.00012053589282143572,1.5996800639872026e-07
418	800351915	5000.0	0.001	7.05e-05	0.336599	0.9274691861627674,0.06942139572085583,0.0031024595080983803,6.958608278344331e-06
417	4093202086	5000.0	0.001	7.05e-05	0.180142	0.965728574285143,0.03422399520095981,4.743051389722056e-05
411	4101045898	5000.0	0.001	7.05e-05	-0.375783	0.9084154369126175,0.09090441911617676,0.0006801039792041592,3.9992001599680065e-08
397	1343047248	5000.0	0.001	7.05e-05	-0.900073	0.8901395320935813,0.10932693461307738,0.0005335332933413317
414	2029588123	5000.0	0.001	7.05e-05	0.102122	0.952011197760448,0.04744747050589882,0.0005412917416516697,3.9992001599680065e-08
421	792471231	5000.0	0.001	7.05e-05	-0.258127	0.9420514697060588,0.055826394721055786,0.0020133973205358926,0.0001087382523495301
413	3035360917	5000.0	0.001	7.05e-05	-0.191478	0.97105174965007,0.02831977604479104,0.0006284743051389722
423	497983172	5000.0	0.001	7.05e-05	-0.013554	0.9757594881023796,0.024227274545090983,1.3237352529494102e-05
419	416896684	5000.0	0.001	7.05e-05	-0.182177	0.883554449110178,0.11435668866226754,0.0020881823635272947,6.798640271945611e-07
420	1401523898	5000.0	0.001	7.05e-05	-0.110533	0.970997400519896,0.028987082583483304,1.5516896620675863e-05
427	3725117136	5000.0	0.001	7.05e-05	0.253935	0.8805634473105379,0.11484195160967807,0.004580603879224155,1.3997200559888023e-05
426	3971428045	5000.0	0.001	7.05e-05	-0.173906	0.939169326134773,0.060624235152969407,0.0002064387122575485
429	1788528345	5000.0	0.001	7.05e-05	0.784056	0.9096345130973805,0.08970309938012397,0.0006622675464907019,1.199760047990402e-07
416	4175349408	5000.0	0.001	7.05e-05	-1.415818	0.8659385722855429,0.08479576084783043,0.04862583483303339,0.0006398320335932814
424	2825240267	5000.0	0.001	7.05e-05	0.115195	0.9549972405518896,0.04488294341131774,0.00011977604479104179,3.9992001599680065e-08
430	2950168285	5000.0	0.001	7.05e-05	-0.117514	0.9585160967806439,0.041095620875824836,0.00038828234353129374
433	1593003773	5000.0	0.001	7.05e-05	0.518455	0.9208158768246351,0.07734685062987402,0.0018329934013197361,4.2791441711657665e-06
434	3003401984	5000.0	0.001	7.05e-05	-1.160471	0.8513158568286343,0.1460629474105179,0.002620715856828634,4.799040191961608e-07
432	3438632698	5000.0	0.001	7.05e-05	-0.707315	0.8774795040991802,0.1138495900819836,0.00860759848030394,6.330733853229354e-05
428	104703704	5000.0	0.001	7.05e-05	0.452036	0.910987602479504,0.08861971605678864,0.00039268146370725855
436	2853154574	5000.0	0.001	7.05e-05	-0.103228	0.9351469306138772,0.05691029794041192,0.007939412117576485,3.359328134373125e-06
431	2199351032	5000.0	0.001	7.05e-05	0.290546	0.9486402319536092,0.05125370925814837,0.00010605878824235152
425	812123851	5000.0	0.001	7.05e-05	-0.178248	0.9644173965206959,0.03555272945410918,2.987402519496101e-05
437	3246647056	5000.0	0.001	7.05e-05	0.477563	0.9164484303139372,0.08261067786442712,0.0009403319336132774,5.598880223955209e-07
422	3486281409	5000.0	0.001	7.05e-05	-0.451859	0.9061929614077184,0.07623851229754049,0.016510897820435914,0.0010365126974605078,2.1115776844631073e-05
444	40578858	5000.0	0.001	7.05e-05	0.015658	0.971566126774645,0.028070545890821835,0.0003628874225154969,4.399120175964807e-07
439	4116793112	5000.0	0.001	7.05e-05	-0.101901	0.9732428314337133,0.02665598880223955,0.00010117976404719056
443	419862309	5000.0	0.001	7.05e-05	-0.517843	0.8737832833433313,0.12440243951209758,0.0018139572085582884,3.199360127974405e-07
442	2995218207	5000.0	0.001	7.05e-05	-0.267714	0.9597760847830434,0.03922159568086383,0.0010021595680863827,1.5996800639872026e-07
440	169101081	5000.0	0.001	7.05e-05	0.043817	0.8505056588682264,0.13918400319936014,0.010279024195160968,3.131373725254949e-05
449	1952362317	5000.0	0.001	7.05e-05	-0.112269	0.9717888022395521,0.026901059788042393,0.0013090981803639272,1.0397920415916818e-06
438	3444262679	5000.0	0.001	7.05e-05	0.103214	0.9278892221555689,0.06404871025794841,0.008039432113577284,2.2635472905418915e-05
447	2087083845	5000.0	0.001	7.05e-05	-0.524503	0.8037649270145971,0.19473933213357328,0.0014940211957608477,1.7196560687862428e-06
435	4237864706	5000.0	0.001	7.05e-05	-0.066624	0.9601409718056388,0.039533093381323735,0.0003121775644871026,1.3757248550289942e-05
451	2097266514	5000.0	0.001	7.05e-05	-0.381945	0.9255579284143172,0.07128234353129374,0.0031566486702659467,3.079384123175365e-06
450	3043606349	5000.0	0.001	7.05e-05	-0.302325	0.9251424515096981,0.07115096980603879,0.0034714657068586285,0.0002351129774045191
448	2643093321	5000.0	0.001	7.05e-05	-0.031442	0.9384581083783243,0.058593281343731256,0.002948010397920416,5.99880023995201e-07
453	2030110548	5000.0	0.001	7.05e-05	2.124994	0.6924849830033993,0.2919136172765447,0.015420475904819037,0.0001809238152369526
455	3816572765	5000.0	0.001	7.05e-05	0.112486	0.9712587082583484,0.028662987402519498,7.830433913217357e-05
445	2069479211	5000.0	0.001	7.05e-05	0.766277	0.8590005598880224,0.1407351329734053,0.00026430713857228557
441	3821258524	5000.0	0.001	7.05e-05	-0.343043	0.9461624875024995,0.05354393121375725,0.00029358128374325134
446	1492354879	5000.0	0.001	7.05e-05	-0.082823	0.9697397320535893,0.02995864827034593,0.0003014597080583883,1.5996800639872026e-07
452	4157630292	5000.0	0.001	7.05e-05	0.814613	0.8269803239352129,0.1481859628074385,0.02475764847030594,7.606478704259148e-05
458	3014334307	5000.0	0.001	7.05e-05	-0.119576	0.9260161167766446,0.07382991401719656,0.00015396920615876825
457	2332213089	5000.0	0.001	7.05e-05	0.734741	0.8999716456708658,0.09745890821835633,0.0025386922615476906,3.075384923015397e-05
461	1814640499	5000.0	0.001	7.05e-05	-0.000435	0.9362803839232153,0.06203347330533893,0.0016855428914217157,5.99880023995201e-07
459	2851968881	5000.0	0.001	7.05e-05	-0.395431	0.9217098180363927,0.0776506298740252,0.0006395520895820836
462	158566259	5000.0	0.001	7.05e-05	-0.065087	0.9645093381323735,0.035129374125174966,0.0003612877424515097
463	2824671099	5000.0	0.001	7.05e-05	-0.178278	0.9763037792441511,0.023674305138972205,2.1915616876624675e-05
464	2723917693	5000.0	0.001	7.05e-05	-0.231843	0.9421312537492501,0.057298380323935215,0.0005700859828034393,2.7994401119776043e-07
466	424947584	5000.0	0.001	7.05e-05	-0.736524	0.8788510297940412,0.11744975004999,0.003697340531893621,1.879624075184963e-06
454	2458713944	5000.0	0.001	7.05e-05	-0.576514	0.9487722055588882,0.05073529294141172,0.0004919016196760648,5.99880023995201e-07
460	2417663858	5000.0	0.001	7.05e-05	-0.093653	0.9689455308938212,0.030994361127774445,6.010797840431914e-05
468	2664789909	5000.0	0.001	7.05e-05	-0.224291	0.9418315936812638,0.057426634673065385,0.0007414117176564687,3.5992801439712056e-07
469	3582152602	5000.0	0.001	7.05e-05	0.019024	0.9659074985002999,0.033945410917816436,0.00014701059788042392,7.998400319936013e-08
474	809007022	5000.0	0.001	7.05e-05	1.249082	0.8080909818036393,0.1885616876624675,0.003321735652869426,2.5594881023795242e-05
470	2257440668	5000.0	0.001	7.05e-05	-0.151213	0.9553501299740051,0.04375636872625475,0.0008932613477304539,2.399520095980804e-07
456	1135400799	5000.0	0.001	7.05e-05	0.709697	0.8596355928814237,0.13532717456508697,0.004291661667666467,0.000745370925814837,1.9996000799840033e-07
465	2751633279	5000.0	0.001	7.05e-05	-0.124180	0.9161468906218756,0.08343447310537892,0.00041679664067186564,1.839632073585283e-06
475	3494641583	5000.0	0.001	7.05e-05	-0.195430	0.94339600079984,0.05155924815036993,0.005041831633673265,2.9194161167766445e-06
479	1455525815	5000.0	0.001	7.05e-05	-0.534871	0.902336852629474,0.09519556088782244,0.0022296740651869627,0.0002379124175164967
481	1803345856	5000.0	0.001	7.05e-05	0.143260	0.9039663667266546,0.09523867226554689,0.0007949610077984403
477	1864703925	5000.0	0.001	7.05e-05	0.023422	0.9408098780243951,0.058849750049990004,0.000340371925614877
467	890914690	5000.0	0.001	7.05e-05	-1.711248	0.8390390721855628,0.14289690061987603,0.013749570085982803,0.004296700659868026,1.775644871025795e-05
476	1898153902	5000.0	0.001	7.05e-05	-0.545393	0.8733569286142772,0.12313025394921016,0.0035106978604279144,2.1195760847830435e-06
472	989493158	5000.0	0.001	7.05e-05	-0.025903	0.9032877424515097,0.09619336132773446,0.0005188962207558488
482	2641438665	5000.0	0.001	7.05e-05	0.585334	0.9031188962207558,0.09519684063187363,0.0016837832433513297,4.799040191961608e-07
478	1618505655	5000.0	0.001	7.05e-05	2.030764	0.7367538892221556,0.26142347530493903,0.001762127574485103,6.026794641071786e-05,2.399520095980804e-07
480	1059755966	5000.0	0.001	7.05e-05	0.164485	0.915380723855229,0.08406874625074985,0.0005505298940211957
484	3079174096	5000.0	0.001	7.05e-05	-0.200613	0.9454823835232954,0.05424151169766047,0.0002761047790441912
471	1666361249	5000.0	0.001	7.05e-05	0.132712	0.9604145570885823,0.039520575884823037,6.486702659468106e-05
473	1020542887	5000.0	0.001	7.05e-05	-0.136793	0.9261648870225955,0.06985782843431314,0.0039739652069586085,3.319336132773445e-06
486	3190884304	5000.0	0.001	7.05e-05	1.462354	0.8556617876424715,0.12693245350929813,0.01679140171965607,0.0006143571285742852
485	3668815825	5000.0	0.001	7.05e-05	-0.349329	0.918024275144971,0.08185234953009399,0.000123375324935013
488	3679172570	5000.0	0.001	7.05e-05	0.146950	0.9586095980803839,0.04135868826234753,3.171365726854629e-05
487	3496044503	5000.0	0.001	7.05e-05	-0.100956	0.8496337932413517,0.13498932213557288,0.015341971605678864,3.4913017396520696e-05
494	2528989167	5000.0	0.001	7.05e-05	0.088533	0.96529850029994,0.03453173365326934,0.00016976604679064188
492	166969319	5000.0	0.001	7.05e-05	-0.281179	0.9392749850029994,0.060529014197160565,0.00019600079984003198
493	3398842350	5000.0	0.001	7.05e-05	-0.099868	0.939625674865027,0.05948670265946811,0.0008875424915016996,7.998400319936013e-08
483	1281736649	5000.0	0.001	7.05e-05	0.483303	0.9132285542891422,0.07476936612677465,0.01199492101579684,7.1585682863427314e-06
495	2870489075	5000.0	0.001	7.05e-05	0.062462	0.9743694061187762,0.025524015196960608,0.00010657868426314737
490	1187538911	5000.0	0.001	7.05e-05	-0.202667	0.9254147170565887,0.06833613277344532,0.006237832433513298,1.1317736452709458e-05
499	306479103	5000.0	0.001	7.05e-05	0.000476	0.9727951609678065,0.02700983803239352,0.00019500099980003998
498	808677371	5000.0	0.001	7.05e-05	-0.164475	0.9505782843431314,0.044924415116976604,0.00445498900219956,4.231153769246151e-05
491	1858336739	5000.0	0.001	7.05e-05	0.094129	0.9668039592081583,0.033158128374325135,3.79124175164967e-05
489	202797020	5000.0	0.001	7.05e-05	0.123825	0.8280711457708458,0.16905158968206357,0.0019850429914017196,0.0008910617876424715,1.159768046390722e-06
496	973703158	5000.0	0.001	7.05e-05	0.697782	0.9049118576284743,0.09400207958408319,0.001085742851429714,3.199360127974405e-07
497	44259318	5000.0	0.001	7.05e-05	-0.347422	0.9023744051189762,0.09383087382523496,0.00378372325534893,1.0997800439912018e-05
