sim_id	seed	popsize	selcoef	mutrate	velocity	profile
0	2070065164	5000.0	0.001	0.0001165	0.083992	0.9624928614277145,0.03666966606678664,0.0008372725454909018,1.9996000799840033e-07
10	1273792562	5000.0	0.001	0.0001165	0.301068	0.9275143771245751,0.07100359928014398,0.0014699060187962408,1.2117576484703059e-05
7	4898860	5000.0	0.001	0.0001165	0.232566	0.8597992401519696,0.13420735852829435,0.005891101779644071,0.0001022995400919816
4	2930063386	5000.0	0.001	0.0001165	0.025667	0.9366840231953609,0.06301599680063988,0.0002999000199960008,7.998400319936013e-08
12	2794545205	5000.0	0.001	0.0001165	0.079416	0.8330705058988203,0.16136760647870427,0.005555288942211557,6.598680263947211e-06
1	523755540	5000.0	0.001	0.0001165	-0.456057	0.8322874225154969,0.15840675864827033,0.009188322335532894,0.00011749650069986003
18	1147717705	5000.0	0.001	0.0001165	-0.380588	0.8498516696660667,0.14768318336332734,0.0024615076984603078,3.639272145570886e-06
13	1290932279	5000.0	0.001	0.0001165	-0.391012	0.890185122975405,0.10565878824235153,0.003278344331133773,0.0008771845630873825,5.598880223955209e-07
8	3606964268	5000.0	0.001	0.0001165	0.139902	0.9310613477304539,0.06813669266146771,0.0007994801039792041,2.4795040991801638e-06
3	352069657	5000.0	0.001	0.0001165	0.433229	0.8798023195360928,0.09974717056588682,0.019843671265746852,0.0006052389522095581,1.5996800639872026e-06
15	3429826629	5000.0	0.001	0.0001165	0.018260	0.9333676864627075,0.06491673665266946,0.0017145370925814836,1.0397920415916818e-06
5	1968508956	5000.0	0.001	0.0001165	-0.045252	0.9396356728654269,0.060228114377124574,0.00013009398120375924,6.11877624475105e-06
6	1676072992	5000.0	0.001	0.0001165	-0.349104	0.9312168766246751,0.06302027594481104,0.005746370725854829,1.6476704659068186e-05
17	3582128199	5000.0	0.001	0.0001165	0.933671	0.7766750649870026,0.20692177564487102,0.01628246350729854,0.00012069586082783444
16	1746176069	5000.0	0.001	0.0001165	-0.847682	0.6735614877024595,0.3093633673265347,0.016937252549490103,0.00013789242151569686
2	1388744724	5000.0	0.001	0.0001165	0.110772	0.9357175364927015,0.04984395120975805,0.014385482903419317,5.302939412117576e-05
9	282785840	5000.0	0.001	0.0001165	-0.042396	0.938920975804839,0.05698640271945611,0.004091501699660068,1.1197760447910417e-06
19	471679053	5000.0	0.001	0.0001165	-0.200472	0.9087588082383523,0.08170885822835433,0.009308178364327135,0.00019964007198560287,2.451509698060388e-05
14	1905623100	5000.0	0.001	0.0001165	0.141466	0.9288835432913417,0.06958876224755049,0.00152749450109978,1.9996000799840033e-07
11	4192710706	5000.0	0.001	0.0001165	-0.088104	0.8626761047790442,0.12919740051989603,0.007585522895420916,0.0005407718456308738,1.9996000799840033e-07
20	939995222	5000.0	0.001	0.0001165	0.100940	0.8716294341131774,0.12396120775844831,0.004401439712057588,7.918416316736653e-06
21	211589208	5000.0	0.001	0.0001165	-0.440534	0.9085553689262148,0.06949922015596881,0.021240871825634874,0.0007044191161767647,1.199760047990402e-07
22	1011693657	5000.0	0.001	0.0001165	0.129102	0.9536967806438712,0.04536848630273945,0.0008944211157768447,4.031193761247751e-05
23	191813725	5000.0	0.001	0.0001165	-0.120446	0.9222774645070986,0.07517900419916017,0.002520895820835833,2.2635472905418915e-05
28	1240287340	5000.0	0.001	0.0001165	-0.076784	0.9342979804039192,0.06411985602879425,0.0015809238152369525,1.2397520495900819e-06
29	3632683118	5000.0	0.001	0.0001165	-0.524815	0.8680941411717656,0.12264439112177565,0.009229274145170966,3.2033593281343733e-05,1.5996800639872026e-07
35	3628759170	5000.0	0.001	0.0001165	0.488291	0.9087168966206759,0.09048338332333533,0.0007996800639872026,3.9992001599680065e-08
39	1085370514	5000.0	0.001	0.0001165	0.581920	0.8606946210757849,0.13456144771045792,0.004738012397520496,5.91881623675265e-06
27	2716467301	5000.0	0.001	0.0001165	-0.211403	0.9035175364927015,0.09172565486902619,0.004654389122175565,0.00010241951609678064
36	54429829	5000.0	0.001	0.0001165	-0.387336	0.891864427114577,0.10380171965606878,0.0042750649870026,5.8588282343531295e-05,1.9996000799840033e-07
30	677253232	5000.0	0.001	0.0001165	0.239211	0.9362449910017996,0.05905754849030194,0.004684623075384923,1.2837432513497301e-05
33	1860601979	5000.0	0.001	0.0001165	-0.404970	0.8246428714257149,0.15401659668066386,0.02042415516896621,0.0009162967406518696,7.998400319936013e-08
32	3974856819	5000.0	0.001	0.0001165	-0.162825	0.8896328734253149,0.10875384923015396,0.0016064387122575485,6.838632273545291e-06
25	381730911	5000.0	0.001	0.0001165	0.100368	0.9317192961407719,0.0668751049790042,0.00140499900019996,5.99880023995201e-07
34	2004254848	5000.0	0.001	0.0001165	-0.030441	0.8321382523495301,0.15994369126174765,0.007903979204159169,1.4077184563087382e-05
37	512340104	5000.0	0.001	0.0001165	-0.245961	0.728300099980004,0.26009538092381523,0.011325694861027795,0.0002788242351529694
38	3812567179	5000.0	0.001	0.0001165	-0.293906	0.886196800639872,0.1125867626474705,0.0012143171365726854,2.1195760847830435e-06
26	266649697	5000.0	0.001	0.0001165	-0.028874	0.9420772645470906,0.05768314337132573,0.0002393121375724855,2.7994401119776043e-07
24	3489247326	5000.0	0.001	0.0001165	0.063738	0.8788548690261948,0.11966282743451309,0.0014820635872825434,2.399520095980804e-07
31	2182656114	5000.0	0.001	0.0001165	-0.556961	0.8219126174765047,0.14201923615276946,0.03517864427114577,0.0008892621475704859,2.399520095980804e-07
43	2582134937	5000.0	0.001	0.0001165	-0.023998	0.9576825834833034,0.04023595280943811,0.0020624275144971007,1.903619276144771e-05
41	322672788	5000.0	0.001	0.0001165	1.328453	0.4589155368926215,0.49375420915816837,0.04568662267546491,0.001641991601679664,1.6396720655868826e-06
42	1847253144	5000.0	0.001	0.0001165	-0.405475	0.7082236352729454,0.2781831633673265,0.01348366326734653,0.00010953809238152369
44	1287284890	5000.0	0.001	0.0001165	0.031321	0.8276079584083184,0.16593501299740052,0.006098620275944811,0.0003584083183363327
49	1132705951	5000.0	0.001	0.0001165	-0.767833	0.7841589282143572,0.2114375124975005,0.0043904419116176764,1.307738452309538e-05,3.9992001599680065e-08
53	1874780354	5000.0	0.001	0.0001165	0.057482	0.9415925214957008,0.0580377924415117,0.00036880623875224953,8.798240351929614e-07
45	4121952415	5000.0	0.001	0.0001165	-0.358975	0.928317176564687,0.0619126574685063,0.009700419916016797,6.946610677864426e-05,2.7994401119776043e-07
40	104145043	5000.0	0.001	0.0001165	0.080188	0.7182551889622075,0.2679430913817237,0.013527254549090182,0.0002744651069786043
57	1977944266	5000.0	0.001	0.0001165	0.459109	0.8526347530493901,0.13531925614877024,0.011781003799240151,0.00014501099780043992,0.0001199760047990402
47	191998113	5000.0	0.001	0.0001165	-0.057110	0.9049608878224356,0.09401135772845431,0.0010271545690861829,5.99880023995201e-07
56	3447064770	5000.0	0.001	0.0001165	0.216565	0.9197597680463907,0.05893933213357329,0.0212249150169966,7.598480303939213e-05
50	3357788329	5000.0	0.001	0.0001165	-0.034195	0.9191805638872226,0.07676580683863227,0.004039072185562887,1.4557088582283544e-05
48	1611438242	5000.0	0.001	0.0001165	-0.165058	0.907897700459908,0.08199200159968006,0.010039032193561288,7.126574685062987e-05
51	1217321134	5000.0	0.001	0.0001165	0.221640	0.8840111177764447,0.10933369326134773,0.006623955208958208,3.123375324935013e-05
46	765579424	5000.0	0.001	0.0001165	-0.113213	0.897755448910218,0.09621739652069586,0.006007998400319936,1.915616876624675e-05
52	1920553142	5000.0	0.001	0.0001165	0.121761	0.9578919816036793,0.041933373325334936,0.00017464507098580284
54	3304270019	5000.0	0.001	0.0001165	0.006199	0.6373362527494502,0.3438787042591482,0.017690141971605677,0.001094621075784843,2.7994401119776043e-07
55	2667399362	5000.0	0.001	0.0001165	0.484329	0.6343750849830034,0.2933392121575685,0.06949062187562488,0.002792401519696061,2.679464107178564e-06
58	975669463	5000.0	0.001	0.0001165	0.303345	0.8732058788242352,0.12595740851829634,0.0008296340731853629,7.0785842831433715e-06
59	2088192217	5000.0	0.001	0.0001165	0.010685	0.9480594281143772,0.051778444311137775,0.000162127574485103
60	2040449247	5000.0	0.001	0.0001165	0.254258	0.8487455708858228,0.14825398920215957,0.002998520295940812,1.919616076784643e-06
62	3044958439	5000.0	0.001	0.0001165	0.191362	0.8952289142171566,0.1037880823835233,0.0009815636872625474,1.4397120575884822e-06
61	226965734	5000.0	0.001	0.0001165	-0.024000	0.9446237552489503,0.05438108378324335,0.0009950809838032394,7.998400319936013e-08
63	1667817707	5000.0	0.001	0.0001165	-0.426057	0.8402760647870426,0.1392270345930814,0.020472745450909817,2.4155168966206757e-05
64	4224153840	5000.0	0.001	0.0001165	-0.511291	0.8907962807438512,0.10341483703259348,0.0019061387722455509,0.003020755848830234,0.0008618276344731054,1.5996800639872026e-07
66	1089171698	5000.0	0.001	0.0001165	0.111878	0.925577524495101,0.0698883023395321,0.0023011797640471905,0.002232113577284543,8.798240351929614e-07
65	1913233649	5000.0	0.001	0.0001165	0.065867	0.9650184363127374,0.03454381123775245,0.0004375124975004999,2.399520095980804e-07
69	2619975939	5000.0	0.001	0.0001165	0.099578	0.9582175964807038,0.041503059388122376,0.00027930413917216557,3.9992001599680065e-08
70	3624737036	5000.0	0.001	0.0001165	-0.105529	0.9125993201359728,0.08671041791641672,0.0006884623075384923,1.7196560687862428e-06,7.998400319936013e-08
71	3660044558	5000.0	0.001	0.0001165	0.109710	0.9019653669266147,0.09249266146770646,0.005444631073785243,9.734053189362127e-05
67	2930561276	5000.0	0.001	0.0001165	0.137581	0.9425922415516896,0.056279584083183364,0.0011280143971205759,1.5996800639872026e-07
73	452217111	5000.0	0.001	0.0001165	-0.148070	0.9533145370925815,0.046499380123975205,0.00018608278344331135
74	2250209575	5000.0	0.001	0.0001165	0.202955	0.8440315936812638,0.15319476104779045,0.0027609678064387123,1.267746450709858e-05
72	473874704	5000.0	0.001	0.0001165	0.069303	0.9247763647270546,0.06999548090381924,0.0052240751849630075,4.079184163167366e-06
68	2775867645	5000.0	0.001	0.0001165	-0.009316	0.8888181563687263,0.10986962607478504,0.001288382323535293,2.3835232953409317e-05
75	2058035496	5000.0	0.001	0.0001165	-0.100546	0.866054949010198,0.12340631873625275,0.01045486902619476,8.386322735452909e-05
76	1169455407	5000.0	0.001	0.0001165	-0.056620	0.9252221155768846,0.07243675264947011,0.002326774645070986,1.4357128574285143e-05
77	502024499	5000.0	0.001	0.0001165	0.206457	0.892049150169966,0.10668070385922815,0.001261627674465107,8.398320335932813e-06,1.199760047990402e-07
78	2300811578	5000.0	0.001	0.0001165	-0.185915	0.8756237552489502,0.12229618076384723,0.0020781843631273744,1.879624075184963e-06
79	3772989756	5000.0	0.001	0.0001165	-0.106546	0.9105758448310338,0.0822243551289742,0.00716628674265147,3.351329734053189e-05
81	4056826184	5000.0	0.001	0.0001165	0.062573	0.8889280943811237,0.10988506298740253,0.0011863227354529094,5.198960207958409e-07
80	1587806531	5000.0	0.001	0.0001165	0.205479	0.8816916216756648,0.10067978404319136,0.017578524295140972,5.006998600279944e-05
82	1834428748	5000.0	0.001	0.0001165	0.331399	0.8886143171365727,0.10673253349330133,0.004611717656468706,4.1431713657268545e-05
91	1110153593	5000.0	0.001	0.0001165	0.315549	0.8233038592281544,0.16579060187962408,0.010896340731853629,9.198160367926415e-06
92	2962127234	5000.0	0.001	0.0001165	0.225904	0.9192200359928014,0.08012293541291741,0.0006570285942811438
87	135117143	5000.0	0.001	0.0001165	-1.346075	0.7155326534693062,0.16512169566086782,0.087324775044991,0.03079752049590082,0.0012232753449310139,7.998400319936013e-08
95	3744936328	5000.0	0.001	0.0001165	0.293822	0.8643322535492901,0.10603107378524296,0.02946602679464107,0.00017064587082583484
86	892447062	5000.0	0.001	0.0001165	-0.035189	0.9501902019596081,0.04799660067986403,0.0018111177764447112,2.0795840831833635e-06
94	2981630342	5000.0	0.001	0.0001165	0.119328	0.9551697660467906,0.041741491701659666,0.0030779444111177765,1.0797840431913617e-05
89	748257652	5000.0	0.001	0.0001165	-0.049734	0.9478084383123375,0.05213493301339732,5.662867426514697e-05
88	4189155700	5000.0	0.001	0.0001165	0.182540	0.9342331933613277,0.06531313737252549,0.00045166966606678666,1.999600079984003e-06
85	3052079443	5000.0	0.001	0.0001165	0.364221	0.8598377124575085,0.13792905418916218,0.0022321535692861427,1.0797840431913617e-06
90	504353144	5000.0	0.001	0.0001165	-0.081612	0.9106565086982603,0.0889252149570086,0.0004182763447310538
84	1013406033	5000.0	0.001	0.0001165	0.175097	0.9234333933213358,0.07453889222155569,0.0020266746650669867,1.0397920415916818e-06
98	1308459402	5000.0	0.001	0.0001165	-0.503171	0.8471438112377524,0.14965686862627475,0.003198640271945611,6.798640271945611e-07
83	3895288143	5000.0	0.001	0.0001165	-0.249924	0.9081170165966806,0.08879136172765446,0.0030839032193561286,7.718456308738253e-06
97	798105993	5000.0	0.001	0.0001165	-0.532902	0.8706825834833033,0.11007654469106179,0.01917648470305939,6.43871225754849e-05
96	2611638665	5000.0	0.001	0.0001165	0.055902	0.8909430513897221,0.10558384323135372,0.0020531893621275744,4.399120175964807e-06,0.0014143171365726855,1.199760047990402e-06
93	2222154114	5000.0	0.001	0.0001165	0.244448	0.9451619676064787,0.05456744651069786,0.00027054589082183564,3.9992001599680065e-08
99	2178670991	5000.0	0.001	0.0001165	0.286708	0.8421026594681064,0.14941003799240152,0.00848238352329534,4.919016196760648e-06
100	103178640	5000.0	0.001	0.0001165	-0.081225	0.9263567286542691,0.07064403119376125,0.0029976804639072186,1.5596880623875224e-06
101	412144016	5000.0	0.001	0.0001165	-0.042913	0.9496441111777645,0.049769246150769844,0.0005866026794641071,3.9992001599680065e-08
102	2919549332	5000.0	0.001	0.0001165	0.290802	0.7333621275744852,0.2400903819236153,0.026244311137772446,0.0003031393721255749,3.9992001599680065e-08
116	3285496261	5000.0	0.001	0.0001165	-0.224251	0.9250131973605279,0.05671721655668866,0.008145090981803639,0.010097300539892022,2.7194561087782445e-05
110	1531261353	5000.0	0.001	0.0001165	-0.282013	0.9335392521495701,0.06569790041991602,0.0007628074385122975,3.9992001599680065e-08
109	366598569	5000.0	0.001	0.0001165	0.119181	0.9511993201359729,0.0483369726054789,0.00046370725854829036
106	1641066913	5000.0	0.001	0.0001165	0.134362	0.9400666266746651,0.058645470905818835,0.001270865826834633,1.703659268146371e-05
104	16914843	5000.0	0.001	0.0001165	-0.173881	0.8881900819836033,0.10876348730253949,0.0030421115776844633,4.319136172765447e-06
103	246473109	5000.0	0.001	0.0001165	-0.078235	0.9477352129574085,0.05159248150369926,0.0006722255548890222,7.998400319936013e-08
113	2763891127	5000.0	0.001	0.0001165	-0.013322	0.9682489902019596,0.030949410117976403,6.566686662667467e-05,0.0007358528294341131,7.998400319936013e-08
117	3749452230	5000.0	0.001	0.0001165	-0.240519	0.9106021595680864,0.08651281743651269,0.0028819436112777447,3.079384123175365e-06
108	1869025703	5000.0	0.001	0.0001165	-0.241639	0.9259290141971606,0.06280619876024796,0.011203559288142371,6.122775444911017e-05
112	4164458931	5000.0	0.001	0.0001165	0.685544	0.8051295340931813,0.16590449910017996,0.026987642471505698,0.0019646870625874826,1.3637272545490901e-05
115	1013105085	5000.0	0.001	0.0001165	-0.395678	0.8898181163767247,0.10890913817236553,0.0012722255548890222,5.198960207958409e-07
114	52246972	5000.0	0.001	0.0001165	0.205415	0.8244361527694462,0.1632140771845631,0.012271105778844231,7.858428314337133e-05,7.998400319936013e-08
105	2706153889	5000.0	0.001	0.0001165	-0.223489	0.8664352729454109,0.1260237952409518,0.007527814437112578,1.311737652469506e-05
107	3845992869	5000.0	0.001	0.0001165	0.250429	0.6689748050389922,0.2827407318536293,0.047352369526094784,0.0009317736452709458,3.199360127974405e-07
111	3402543532	5000.0	0.001	0.0001165	-0.063009	0.8984285142971405,0.10026374725054989,0.001307738452309538
118	4078252492	5000.0	0.001	0.0001165	0.245983	0.8927455308938212,0.10582947410517897,0.001423635272945411,1.3597280543891223e-06
119	1412438476	5000.0	0.001	0.0001165	-0.135486	0.7967644871025795,0.1886879824035193,0.014461627674465106,8.590281943611277e-05
121	3623971298	5000.0	0.001	0.0001165	0.053118	0.8434285542891422,0.1361376124775045,0.02025978804239152,0.00017404519096180765
120	512598491	5000.0	0.001	0.0001165	-0.090886	0.9095322535492901,0.08640995800839832,0.004051069786042792,6.71865626874625e-06
122	2263458278	5000.0	0.001	0.0001165	0.101753	0.9412005598880224,0.058148210357928415,0.0006509898020395921,2.399520095980804e-07
123	2079363560	5000.0	0.001	0.0001165	0.392140	0.8842781843631273,0.11495676864627075,0.000764367126574685,6.798640271945611e-07
127	3226604020	5000.0	0.001	0.0001165	0.209621	0.9064835832833433,0.09126630673865227,0.0020413117376524696,0.0002087982403519296
124	3955671531	5000.0	0.001	0.0001165	0.159311	0.9229272945410918,0.07515756848630274,0.0019147370525894822,3.9992001599680065e-07
138	3217760801	5000.0	0.001	0.0001165	0.156888	0.8891375324935012,0.09702539492101579,0.013586842631473705,0.00025022995400919817
135	1885835801	5000.0	0.001	0.0001165	0.325841	0.8792924615076985,0.11979356128774245,0.0009132573485302939,7.198560287942411e-07
125	979866091	5000.0	0.001	0.0001165	0.003733	0.9343727654469106,0.06517268546290741,0.0004543891221755649,1.5996800639872026e-07
126	4237304303	5000.0	0.001	0.0001165	-0.095108	0.9030243151369726,0.09394757048590283,0.0030278344331133773,2.7994401119776043e-07
130	2766965253	5000.0	0.001	0.0001165	-0.113871	0.842832873425315,0.1513901219756049,0.005401759648070386,0.00037496500699860027,2.7994401119776043e-07
132	1544307218	5000.0	0.001	0.0001165	0.032900	0.9328024395120976,0.06656824635072986,0.0006283943211357728,9.198160367926415e-07
134	3985682967	5000.0	0.001	0.0001165	-0.075328	0.904555648870226,0.08742071585682863,0.008012717456508698,1.0917816436712657e-05
137	905282077	5000.0	0.001	0.0001165	-0.212049	0.8445262147570486,0.15416880623875226,0.0013049390121975604,3.9992001599680065e-08
136	4017945116	5000.0	0.001	0.0001165	-0.043466	0.9319453709258149,0.06624771045790842,0.0018061587682463506,7.598480303939212e-07
140	3729332771	5000.0	0.001	0.0001165	0.164813	0.9079508098380324,0.08325758848230354,0.00876116776644671,3.0433913217356527e-05
139	1231143457	5000.0	0.001	0.0001165	0.364001	0.764251549690062,0.22726894621075786,0.007856548690261948,0.0006221555688862227,7.998400319936013e-07
128	438714882	5000.0	0.001	0.0001165	0.064520	0.9561587282543491,0.03874365126974605,0.00509246150769846,5.158968206358728e-06
129	3611511300	5000.0	0.001	0.0001165	-0.266582	0.8131824035192962,0.1777974805038992,0.008291461707658468,0.0007286542691461708
133	2450704916	5000.0	0.001	0.0001165	0.716629	0.8461424115176964,0.12745494901019797,0.024947050589882024,0.0014553489302139573,2.399520095980804e-07
131	99111440	5000.0	0.001	0.0001165	0.202103	0.724578924215157,0.20798108378324334,0.06667374525094981,0.0007660067986402719,2.399520095980804e-07
141	550842917	5000.0	0.001	0.0001165	-0.077532	0.9292350329934013,0.06304975004999,0.007708498300339932,6.71865626874625e-06
142	2634553898	5000.0	0.001	0.0001165	0.433116	0.8586408718256349,0.13692077584483103,0.004436312737452509,2.039592081583683e-06
143	264184365	5000.0	0.001	0.0001165	-0.036456	0.8663884823035393,0.13163075384923015,0.001979764047190562,9.998000399920016e-07
146	3420428863	5000.0	0.001	0.0001165	0.099173	0.8671131773645271,0.13085966806638671,0.002025994801039792,1.159768046390722e-06
145	3463346742	5000.0	0.001	0.0001165	-0.300928	0.9271372125574885,0.07117624475104979,0.0016250749850029993,6.146770645870826e-05
144	436671026	5000.0	0.001	0.0001165	-0.021191	0.91995524895021,0.07894593081383723,0.0010976204759048191,1.199760047990402e-06
148	1563613767	5000.0	0.001	0.0001165	-0.293740	0.9166093581283743,0.0758998600279944,0.007456908618276345,3.387322535492901e-05
149	199076441	5000.0	0.001	0.0001165	0.432763	0.78479900019996,0.20704795040991802,0.008102939412117576,5.010997800439912e-05
147	874869312	5000.0	0.001	0.0001165	0.444197	0.8794200359928014,0.117800199960008,0.0027648070385922815,1.4957008598280344e-05
160	1479162486	5000.0	0.001	0.0001165	0.307886	0.8576225554889022,0.1374515096980604,0.004923175364927015,2.7594481103779245e-06
159	1691685486	5000.0	0.001	0.0001165	-0.148227	0.9283523695260948,0.0710364727054589,0.0006095980803839232,1.5596880623875224e-06
152	673049183	5000.0	0.001	0.0001165	-0.331551	0.9104515096980604,0.08744067186562687,0.0021052989402119576,2.519496100779844e-06
150	4246024794	5000.0	0.001	0.0001165	-0.164249	0.8434603479304139,0.15541955608878225,0.0011197360527894422,3.5992801439712056e-07
158	4008569454	5000.0	0.001	0.0001165	-0.032541	0.9306577484503099,0.06812825434913017,0.0012139172165566887,7.998400319936013e-08
154	626807394	5000.0	0.001	0.0001165	0.665855	0.7856003599280144,0.17964391121775644,0.03440267946410718,0.0003530493901219756
153	726329951	5000.0	0.001	0.0001165	0.239353	0.9358489502099581,0.060752009598080386,0.00339628074385123,2.7594481103779245e-06
151	3682501211	5000.0	0.001	0.0001165	0.136839	0.7117547690461907,0.27873149370125977,0.009490261947610478,2.3475304939012197e-05
155	1436482146	5000.0	0.001	0.0001165	0.550085	0.857053949210158,0.13413673265346931,0.008308178364327134,0.0004730653869226155,2.8074385122975403e-05
157	3250952810	5000.0	0.001	0.0001165	-0.169334	0.944303899220156,0.05290253949210158,0.002792401519696061,1.159768046390722e-06
156	3579984486	5000.0	0.001	0.0001165	-0.099188	0.9360931413717256,0.055153209358128376,0.008689902019596081,6.374725054989002e-05
161	3167646326	5000.0	0.001	0.0001165	-0.085591	0.9200117176564687,0.07878408318336333,0.0012040391921615678,1.5996800639872026e-07
162	3131519607	5000.0	0.001	0.0001165	0.027409	0.9484309138172365,0.05045170965806839,0.001117376524695061
163	63181433	5000.0	0.001	0.0001165	-0.729377	0.8295263347330534,0.14655124975005,0.020635992801439712,0.0027865226954609077,0.0004998600279944012,3.9992001599680065e-08
166	1400371844	5000.0	0.001	0.0001165	0.300413	0.9279106578684263,0.07048914217156568,0.0015983203359328133,1.879624075184963e-06
167	4242842251	5000.0	0.001	0.0001165	-0.028109	0.9414087182563488,0.05687642471505699,0.0017140171965606878,8.398320335932813e-07
165	3364233857	5000.0	0.001	0.0001165	-0.390437	0.9182759048190362,0.06850657868426314,0.013158408318336333,5.910817836432714e-05
164	4083352187	5000.0	0.001	0.0001165	0.421885	0.7911603679264148,0.18644639072185562,0.02080239952009598,0.0015865226954609078,4.319136172765447e-06
168	2067716748	5000.0	0.001	0.0001165	-0.228503	0.8965962807438512,0.10150709858028395,0.0018964607078584283,1.5996800639872026e-07
169	1963022994	5000.0	0.001	0.0001165	-0.117427	0.8759017396520696,0.1214261547690462,0.0026475104979004197,2.459508098380324e-05
170	2053005972	5000.0	0.001	0.0001165	-0.383543	0.9105091381723656,0.07032229554089182,0.019063787242551488,0.00010477904419116176
174	2875255458	5000.0	0.001	0.0001165	0.351202	0.8119482903419316,0.1797739652069586,0.008004959008198361,0.0002714257148570286,1.3597280543891223e-06
173	3393196703	5000.0	0.001	0.0001165	0.357150	0.7916934213157368,0.20474597080583884,0.003555128974205159,5.478904219156169e-06
177	1955414703	5000.0	0.001	0.0001165	0.586559	0.852575524895021,0.13780787842431513,0.009567646470705859,4.89502099580084e-05
172	3643044502	5000.0	0.001	0.0001165	0.000814	0.9428496300739853,0.05625498900219956,0.000895380923815237
179	1192821426	5000.0	0.001	0.0001165	-0.288545	0.9088034393121376,0.08231869626074785,0.008700339932013598,0.0001775244951009798
181	2599060152	5000.0	0.001	0.0001165	0.091022	0.8596583483303339,0.13751177764447112,0.0028177964407118576,1.2077584483103379e-05
171	1478722196	5000.0	0.001	0.0001165	-0.108703	0.9097427714457108,0.08822323535292942,0.0020125174965007,2.1475704859028193e-05
175	238400169	5000.0	0.001	0.0001165	1.410631	0.47010301939612076,0.49361723655268946,0.03461635672865427,0.0016572685462907417,6.11877624475105e-06
176	2592486058	5000.0	0.001	0.0001165	0.560686	0.8405352129574085,0.09955776844631074,0.057642191561687664,0.0022622675464907017,2.559488102379524e-06
180	3352918711	5000.0	0.001	0.0001165	-0.223756	0.9042285942811438,0.09334481103779244,0.0024239952009598082,2.599480103979204e-06
178	553988785	5000.0	0.001	0.0001165	0.124616	0.8210341531693661,0.17113389322135572,0.007825274945010998,6.678664267146571e-06
182	562365113	5000.0	0.001	0.0001165	0.023977	0.9745771645670865,0.024935492901419717,0.0004869026194761048,4.399120175964807e-07
183	2848430787	5000.0	0.001	0.0001165	0.016256	0.908277224555089,0.09106950609878024,0.00048614277144571087,0.000167126574685063
184	2116377294	5000.0	0.001	0.0001165	0.078568	0.8971931613677264,0.1015630073985203,0.00124375124975005,7.998400319936013e-08
185	2314611409	5000.0	0.001	0.0001165	-0.070465	0.9113665266946611,0.08634577084583084,0.0022872625474905017,4.399120175964807e-07
189	3808520930	5000.0	0.001	0.0001165	0.045125	0.9272207558488302,0.07187854429114177,0.0008838232353529294,1.6876624675064987e-05
187	555932380	5000.0	0.001	0.0001165	0.207533	0.8919378524295141,0.09152201559688063,0.01641371725654869,0.000126374725054989,3.9992001599680065e-08
186	431586005	5000.0	0.001	0.0001165	-0.079532	0.9229526894621076,0.07389790041991602,0.0031460907818436313,3.319336132773445e-06
188	2718335709	5000.0	0.001	0.0001165	-0.334612	0.894903699260148,0.09685294941011797,0.008210397920415917,3.295340931813637e-05
190	3354329827	5000.0	0.001	0.0001165	-0.062215	0.9281261347730454,0.06924667066586683,0.0026266746650669866,5.198960207958409e-07
192	1220391667	5000.0	0.001	0.0001165	-0.084278	0.9614813037392521,0.037613477304539095,0.0009049790041991602,2.399520095980804e-07
191	2735860463	5000.0	0.001	0.0001165	0.414350	0.8087338532293541,0.18282411517696462,0.008408558288342331,3.3473305338932215e-05
195	664910595	5000.0	0.001	0.0001165	0.289014	0.7698816636672665,0.2150985802839432,0.01435488902219556,0.000664747050589882,1.199760047990402e-07
198	379640589	5000.0	0.001	0.0001165	-0.104904	0.8660891421715657,0.13103239352129575,0.0028543491301739653,2.411517696460708e-05
199	633627412	5000.0	0.001	0.0001165	0.569073	0.8921605278944211,0.10638060387922416,0.0014583083383323335,5.598880223955209e-07
193	2865013494	5000.0	0.001	0.0001165	0.211906	0.8690629074185163,0.12760723855228953,0.00330497900419916,2.4875024995001e-05
197	3966436105	5000.0	0.001	0.0001165	0.078495	0.8918481903619276,0.10685630873825235,0.0012827034593081385,1.2797440511897621e-05
200	1318591253	5000.0	0.001	0.0001165	0.548961	0.864152449510098,0.1332366726654669,0.002609358128374325,1.5196960607878424e-06
201	881875734	5000.0	0.001	0.0001165	0.243564	0.9142418316336732,0.08462055588882224,0.0011374125174965007,1.9996000799840033e-07
194	2092389115	5000.0	0.001	0.0001165	-0.069403	0.9729998400319936,0.02688498300339932,0.00011517696460707859
196	2003211011	5000.0	0.001	0.0001165	0.358775	0.8859629274145171,0.1076984603079384,0.00632745450909818,1.1157768446310738e-05
202	2203589401	5000.0	0.001	0.0001165	0.077387	0.9300977804439112,0.06841727654469106,0.0014829434113177364,1.999600079984003e-06
203	3670321951	5000.0	0.001	0.0001165	-0.510413	0.8589480503899221,0.12656892621475704,0.014453709258148371,2.9314137172565486e-05
207	890606388	5000.0	0.001	0.0001165	-0.319366	0.8799013797240552,0.11593077384523096,0.0037758048390321938,0.00038968206358728255,2.359528094381124e-06
204	2422627111	5000.0	0.001	0.0001165	0.242710	0.8647662867426514,0.13414613077384524,0.001078504299140172,9.078184363127375e-06
206	3774403378	5000.0	0.001	0.0001165	-0.134379	0.8260091581683663,0.16875196960607877,0.005008598280343932,0.0002302739452109578
208	1998306101	5000.0	0.001	0.0001165	0.246651	0.8484484303139372,0.14714181163767245,0.004398880223955209,1.0877824435112978e-05
209	284676916	5000.0	0.001	0.0001165	0.033870	0.9466940611877624,0.0518251549690062,0.0014804639072185564,3.199360127974405e-07
205	3063571244	5000.0	0.001	0.0001165	-0.007786	0.9121329334133174,0.07859372125574884,0.009122295540891822,0.00015056988602279544,4.799040191961608e-07
210	275311416	5000.0	0.001	0.0001165	-0.037214	0.8614133173365327,0.13551629674065188,0.00210373925214957,0.0002208358328334333,0.0007438112377524495,1.999600079984003e-06
214	4004301637	5000.0	0.001	0.0001165	0.040551	0.9343234953009398,0.06135280943811238,0.004273385322935413,5.030993801239752e-05
212	3758852928	5000.0	0.001	0.0001165	0.308807	0.9156450309938012,0.08254129174165167,0.0018131973605278943,4.799040191961608e-07
215	2027113292	5000.0	0.001	0.0001165	0.065879	0.9699439712057588,0.029803159368126376,0.00025286942611477706
211	2461516606	5000.0	0.001	0.0001165	-0.476836	0.8618385122975405,0.12865774845030994,0.009385842831433714,0.00011789642071585683
213	4222346052	5000.0	0.001	0.0001165	0.029296	0.7842317136572685,0.2082373525294941,0.0070905818836232756,0.0001757248550289942,0.0002645870825834833,3.9992001599680065e-08
216	1736498000	5000.0	0.001	0.0001165	0.158674	0.9263627674465107,0.07257972405518896,0.0010113977204559087,3.535292941411718e-05,1.0757848430313937e-05
220	2311271280	5000.0	0.001	0.0001165	-0.504888	0.8029248950209958,0.18705666866626675,0.010001639672065587,1.6796640671865626e-05
218	1312762729	5000.0	0.001	0.0001165	0.058684	0.9108467906418716,0.08504315136972605,0.004105778844231154,4.2791441711657665e-06
219	4227380078	5000.0	0.001	0.0001165	0.226121	0.6756407918416317,0.3027024995001,0.02048510297940412,0.0011710857828434312,5.198960207958409e-07
217	3342566233	5000.0	0.001	0.0001165	-0.043447	0.8563264147170566,0.1313752049590082,0.012258508298340331,3.9872025594881026e-05
221	4103537526	5000.0	0.001	0.0001165	0.382809	0.6915548890221955,0.2744126774645071,0.03379248150369926,0.0002399520095980804
222	3752268668	5000.0	0.001	0.0001165	0.355208	0.9135663267346531,0.08323543291341731,0.0031977204559088183,5.198960207958409e-07
224	1952078720	5000.0	0.001	0.0001165	-0.142638	0.9097332533493301,0.08846774645070986,0.0017976004799040192,1.3997200559888023e-06
226	1668555651	5000.0	0.001	0.0001165	0.193230	0.8826107178564288,0.10177320535892821,0.015582083583283344,3.3993201359728057e-05
223	2374009728	5000.0	0.001	0.0001165	-0.130154	0.8942213557288542,0.10050797840431913,0.005254789042191562,1.5876824635072987e-05
225	1150260098	5000.0	0.001	0.0001165	-0.217720	0.9153865626874625,0.08401995600879825,0.0005934013197360528,7.998400319936013e-08
227	542049157	5000.0	0.001	0.0001165	-0.500684	0.8803336132773445,0.11300387922415517,0.006155848830233953,0.0005064187162567487,2.399520095980804e-07
229	3546495883	5000.0	0.001	0.0001165	-0.076637	0.9066254349130174,0.07938032393521295,0.013954249150169965,3.9992001599680064e-05
230	3957535631	5000.0	0.001	0.0001165	0.495807	0.8269350129974005,0.146600799840032,0.026417956408718257,4.6230753849230153e-05
237	1476520872	5000.0	0.001	0.0001165	-0.086586	0.944600599880024,0.051982803439312136,0.0033592081583683265,5.738852229554089e-05
232	2965259155	5000.0	0.001	0.0001165	-0.172200	0.9489834833033394,0.04973097380523895,0.0012854229154169166,1.199760047990402e-07
238	4055573416	5000.0	0.001	0.0001165	0.148216	0.9182929014197161,0.07823243351329734,0.0033587282543491304,0.0001159368126374725
234	1525382044	5000.0	0.001	0.0001165	-0.113626	0.8990143971205758,0.09364667066586682,0.007226034793041391,0.00011285742851429715,3.9992001599680065e-08
240	2242257841	5000.0	0.001	0.0001165	-0.251246	0.9288833033393321,0.06988554289142171,0.0012206358728254348,1.0517896420715856e-05
236	931537830	5000.0	0.001	0.0001165	-1.037545	0.7180782643471306,0.2622410317936413,0.019528974205158967,0.00015172965406918615
235	2352456611	5000.0	0.001	0.0001165	0.014533	0.9450172365526894,0.05413905218956209,0.0008431113777244551,5.99880023995201e-07
231	3082988435	5000.0	0.001	0.0001165	-0.392999	0.8652253549290142,0.1323756448710258,0.0022549490101979605,0.00014369126174765048,3.5992801439712056e-07
241	797295548	5000.0	0.001	0.0001165	0.044536	0.8989740851829634,0.09908090381923615,0.0019448510297940412,1.5996800639872026e-07
242	4286972861	5000.0	0.001	0.0001165	-0.776039	0.6716903419316137,0.32119412117576485,0.00706878624275145,4.6750649870025995e-05
239	1384524715	5000.0	0.001	0.0001165	0.026636	0.928569926014797,0.07030517896420715,0.0011248150369926014,7.998400319936013e-08
228	483185544	5000.0	0.001	0.0001165	-0.012560	0.941999400119976,0.05736164767046591,0.0006371925614877024,1.7596480703859228e-06
233	227816342	5000.0	0.001	0.0001165	0.118808	0.8842076784643071,0.11055696860627874,0.0048174365126974605,0.00041239752049590083,5.518896220755849e-06
243	2389906367	5000.0	0.001	0.0001165	0.159039	0.7270751849630074,0.2664263947210558,0.00649626074785043,2.1595680863827235e-06
244	3506764736	5000.0	0.001	0.0001165	-0.035662	0.8993125774845031,0.09857428514297141,0.0021120975804839034,1.0397920415916818e-06
246	743613381	5000.0	0.001	0.0001165	-0.086309	0.959209398120376,0.04060391921615677,0.00018668266346730654
247	4239647702	5000.0	0.001	0.0001165	0.307521	0.922229274145171,0.07405626874625075,0.0036468306338732254,6.762647470505899e-05
245	1683893185	5000.0	0.001	0.0001165	0.073940	0.8854751049790042,0.10952901419716057,0.0049108178364327135,8.50629874025195e-05
248	2044900313	5000.0	0.001	0.0001165	0.405482	0.9051144971005799,0.09315684863027394,0.0017275344931013798,1.1197760447910417e-06
250	4070450144	5000.0	0.001	0.0001165	-0.074307	0.9022201159768046,0.09389418116376724,0.003878384323135373,7.318536292741451e-06
252	1484895201	5000.0	0.001	0.0001165	0.009273	0.9350613477304539,0.0641506898620276,0.0007867226554689063,1.2397520495900819e-06
257	85724141	5000.0	0.001	0.0001165	0.107377	0.9485152169566087,0.05108314337132573,0.0004015596880623875,7.998400319936013e-08
253	658834403	5000.0	0.001	0.0001165	-0.482092	0.8807584483103379,0.11823259348130374,0.0010046790641871626,4.2791441711657665e-06
254	2756189156	5000.0	0.001	0.0001165	0.245995	0.8286185562887423,0.1591762047590482,0.012011437712457508,0.00019380123975204958
258	145193971	5000.0	0.001	0.0001165	0.153636	0.9517456108778244,0.045887062587482506,0.0023645670865826834,2.7594481103779245e-06
249	264645599	5000.0	0.001	0.0001165	-0.037680	0.8552693461307739,0.14307842431513698,0.0016516296740651869,5.99880023995201e-07
259	1513815030	5000.0	0.001	0.0001165	-0.109118	0.9207147370525894,0.0784487102579484,0.0007428114377124575,9.374125174965007e-05
255	531651560	5000.0	0.001	0.0001165	0.410502	0.9176579484103179,0.08164595080983804,0.0006814237152569486,1.4677064587082583e-05
260	1981420541	5000.0	0.001	0.0001165	-0.179755	0.9349520495900819,0.05810485902819436,0.006865906818636273,7.718456308738252e-05
251	1025629153	5000.0	0.001	0.0001165	-0.253206	0.8566629474105178,0.13375544891021796,0.00920631873625275,0.00037528494301139774
256	3175707626	5000.0	0.001	0.0001165	-0.145380	0.9417990401919616,0.05640831833633273,0.0017890821835632874,3.5592881423715255e-06
261	193723390	5000.0	0.001	0.0001165	0.020321	0.909536172765447,0.08456044791041792,0.005818916216756649,8.446310737852429e-05
262	3528911875	5000.0	0.001	0.0001165	0.099937	0.85795724855029,0.1337368926214757,0.008130493901219756,0.00017524495100979803,1.199760047990402e-07
263	986506250	5000.0	0.001	0.0001165	0.006174	0.9135992401519696,0.0841130973805239,0.002282743451309738,4.919016196760648e-06
264	2481064973	5000.0	0.001	0.0001165	-0.069583	0.9042912617476505,0.08790253949210158,0.00775376924615077,5.238952209558088e-05,3.9992001599680065e-08
265	926426130	5000.0	0.001	0.0001165	0.041661	0.8460888222355529,0.14952445510897822,0.004376844631073786,9.878024395120976e-06
270	2818575404	5000.0	0.001	0.0001165	0.150718	0.935578924215157,0.06333489302139572,0.0010689862027594482,1.7196560687862427e-05
271	2011677745	5000.0	0.001	0.0001165	0.220028	0.9023129774045191,0.09478568286342731,0.0028937012597480506,7.638472305538892e-06
269	2200673321	5000.0	0.001	0.0001165	0.620609	0.8798961807638472,0.11678912217556489,0.0028935412917416516,0.00042111577684463106,3.9992001599680065e-08
267	2772212759	5000.0	0.001	0.0001165	0.526974	0.8259582083583283,0.12275848830233953,0.04791457708458308,0.0033602879424115177,8.438312337532494e-06
274	334201927	5000.0	0.001	0.0001165	-0.086251	0.9433838832233553,0.05561551689662068,0.0009986002799440112,1.999600079984003e-06
276	1721402443	5000.0	0.001	0.0001165	-0.152502	0.8698801039792041,0.1198373925214957,0.010219636072785443,6.286742651469706e-05
266	598531090	5000.0	0.001	0.0001165	-0.742250	0.8402309138172366,0.10844239152169566,0.0503250949810038,0.0010014797040591881,1.199760047990402e-07
268	2069302306	5000.0	0.001	0.0001165	0.194104	0.8101695660867826,0.14307038592281543,0.046612357528494304,0.00014753049390121975,1.5996800639872026e-07
272	1499911221	5000.0	0.001	0.0001165	0.442570	0.9163137772445511,0.07610453909218157,0.00737132573485303,0.00020523895220955809,5.118976204759048e-06
273	1100676151	5000.0	0.001	0.0001165	-0.194947	0.8488123975204959,0.12301615676864627,0.027490901819636072,0.0006797840431913617,7.598480303939212e-07
278	2086544477	5000.0	0.001	0.0001165	-0.054727	0.8855992401519696,0.10487626474705058,0.009482383523295342,4.211157768446311e-05
280	4246971488	5000.0	0.001	0.0001165	0.019458	0.8800800239952009,0.11861991601679664,0.0012993001399720055,7.598480303939212e-07
275	821607497	5000.0	0.001	0.0001165	-0.151999	0.9089194961007798,0.08465406918616276,0.006400599880023995,2.583483303339332e-05
279	2017518687	5000.0	0.001	0.0001165	0.326263	0.8561728454309138,0.13264131173765248,0.011171765646870627,1.4077184563087382e-05
281	1481792613	5000.0	0.001	0.0001165	0.268730	0.8512519096180764,0.10986350729854029,0.038650389922015596,0.00023415316936612677,3.9992001599680065e-08
277	3638680666	5000.0	0.001	0.0001165	-0.639037	0.8700366726654669,0.11868514297140571,0.011258308338332334,1.987602479504099e-05
282	1713052776	5000.0	0.001	0.0001165	0.086492	0.9311941611677664,0.06484871025794842,0.003791881623675265,0.00016524695060987803
283	3182306412	5000.0	0.001	0.0001165	-0.073211	0.9442615076984603,0.051848190361927615,0.0037269746050789844,0.00016332733453309337
284	2820838508	5000.0	0.001	0.0001165	0.619821	0.8306139972005598,0.15987426514697062,0.00897992401519696,0.0005314137172565486,3.9992001599680065e-07
285	2511367283	5000.0	0.001	0.0001165	-0.176384	0.8590602679464108,0.13912037592481505,0.0018172765446910618,2.0795840831833635e-06
286	878031989	5000.0	0.001	0.0001165	-0.636551	0.7378331533693261,0.2558251149770046,0.00633621275744851,5.518896220755849e-06
287	3051965557	5000.0	0.001	0.0001165	-0.417090	0.8790651869626075,0.11828066386722655,0.0026496700659868026,4.479104179164167e-06
291	405507202	5000.0	0.001	0.0001165	0.019981	0.9399681663667266,0.05336844631073785,0.006657268546290742,6.11877624475105e-06
299	933864610	5000.0	0.001	0.0001165	0.069536	0.9319255348930214,0.06746542691461707,0.0006089182163567286,1.199760047990402e-07
293	2339601547	5000.0	0.001	0.0001165	0.662251	0.8349648470305939,0.1622629874025195,0.0027699660067986402,2.1995600879824035e-06
292	620293257	5000.0	0.001	0.0001165	0.049118	0.9191100579884023,0.07960175964807038,0.0012875824835032993,5.99880023995201e-07
288	1207256184	5000.0	0.001	0.0001165	0.235485	0.8548387922415517,0.13374949010197962,0.010296580683863228,0.00111501699660068,1.199760047990402e-07
294	4150901908	5000.0	0.001	0.0001165	0.021810	0.9157844431113777,0.08363875224955009,0.0005766846630673865,1.199760047990402e-07
302	2040337575	5000.0	0.001	0.0001165	0.067677	0.8342203959208159,0.16174177164567086,0.004035232953409318,2.599480103979204e-06
297	2241588380	5000.0	0.001	0.0001165	0.114625	0.896651949610078,0.09771561687662468,0.005622835432913417,9.598080383923215e-06
290	1365083262	5000.0	0.001	0.0001165	0.221660	0.8773006198760248,0.10889354129174166,0.013730573885222955,7.526494701059789e-05
289	4285152380	5000.0	0.001	0.0001165	-0.104223	0.8773110977804439,0.1127760047990402,0.00983515296940612,7.774445110977804e-05
298	2735301787	5000.0	0.001	0.0001165	0.040909	0.9447931613677265,0.05454169166166767,0.0006650669866026795,7.998400319936013e-08
300	3791137955	5000.0	0.001	0.0001165	-0.421926	0.8486669866026795,0.14762123575284944,0.003638472305538892,7.330533893221356e-05
296	1512037531	5000.0	0.001	0.0001165	-0.326736	0.7940107978404319,0.1746982603479304,0.030985482903419317,0.00030533893221355727,1.199760047990402e-07
301	67828900	5000.0	0.001	0.0001165	-0.226214	0.8961839632073585,0.09905598880223955,0.004744131173765247,1.5916816636672664e-05
295	771646618	5000.0	0.001	0.0001165	-0.391957	0.7855193761247751,0.206848950209958,0.0072375524895021,0.0003847230553889222,9.398120375924815e-06
303	523752624	5000.0	0.001	0.0001165	-0.449444	0.7710611877624475,0.22246974605078984,0.006454109178164367,1.4957008598280344e-05
304	2517828794	5000.0	0.001	0.0001165	0.385173	0.8095354129174165,0.1671731653669266,0.02154253149370126,0.001748850229954009,3.9992001599680065e-08
305	2672204989	5000.0	0.001	0.0001165	-0.230502	0.822949450109978,0.1669125374925015,0.009268346330733854,0.0008682663467306539,1.3997200559888023e-06
306	1573997759	5000.0	0.001	0.0001165	0.481195	0.8353236952609479,0.16104011197760448,0.0036260747850429915,1.0117976404719055e-05
307	1038464192	5000.0	0.001	0.0001165	0.213698	0.9066707458508299,0.07835236952609478,0.014799040191961607,0.00017784443111377725
314	3968306399	5000.0	0.001	0.0001165	0.035333	0.8630831833633273,0.13164447110577884,0.005077584483103379,0.0001947610477904419
308	3946529991	5000.0	0.001	0.0001165	0.031291	0.9432735852829434,0.05640767846430714,0.00031873625274945013
309	109944014	5000.0	0.001	0.0001165	-0.204868	0.9178901819636073,0.08074265146970606,0.0013669666066786642,1.9996000799840033e-07
313	3274298591	5000.0	0.001	0.0001165	-0.280292	0.8669254149170166,0.13095544891021796,0.0021122175564887023,6.878624275144971e-06,3.9992001599680065e-08
311	3043261653	5000.0	0.001	0.0001165	0.099544	0.7277279744051189,0.26319436112777445,0.009004839032193561,7.282543491301739e-05
315	4150889698	5000.0	0.001	0.0001165	-0.347384	0.8617568486302739,0.12679532093581283,0.011032073585282944,0.00041415716856628676,1.5996800639872026e-06
312	3050863832	5000.0	0.001	0.0001165	-0.308095	0.8152088782243552,0.1794243951209758,0.005325214957008598,4.1231753649270146e-05,2.7994401119776043e-07
318	1182614773	5000.0	0.001	0.0001165	-0.295708	0.9228647070585883,0.07601023795240952,0.0011249350129974005,1.199760047990402e-07
320	3455184126	5000.0	0.001	0.0001165	0.222162	0.8157602879424115,0.17880843831233753,0.00542131573685263,9.958008398320336e-06
310	2354638037	5000.0	0.001	0.0001165	0.072179	0.9548103179364127,0.04504759048190362,0.00014209158168366326
317	531399924	5000.0	0.001	0.0001165	-0.032576	0.9500665866826634,0.04947414517096581,0.0004588282343531294,4.399120175964807e-07
319	475122942	5000.0	0.001	0.0001165	-0.097657	0.9340183163367326,0.05583187362527495,0.009668066386722655,0.00048170365926814636,3.9992001599680065e-08
316	3426192614	5000.0	0.001	0.0001165	-0.104506	0.8546976204759048,0.1433628474305139,0.0019391721655668867,3.5992801439712056e-07
321	13694212	5000.0	0.001	0.0001165	0.008639	0.7667979204159168,0.22650869826034792,0.006678144371125775,1.5236952609478104e-05
322	232606980	5000.0	0.001	0.0001165	-0.037027	0.8942374725054989,0.10318212357528495,0.002573005398920216,7.398520295940812e-06
323	2531798278	5000.0	0.001	0.0001165	-0.194550	0.8687135372925415,0.12730829834033194,0.003945770845830834,3.235352929414117e-05,3.9992001599680065e-08
324	4048053524	5000.0	0.001	0.0001165	-0.427226	0.8594064387122575,0.12871029794041192,0.011837672465506899,4.5590881823635274e-05
325	2401082645	5000.0	0.001	0.0001165	0.125968	0.9401348130373925,0.0579378124375125,0.0019270945810837832,2.7994401119776043e-07
326	3039608089	5000.0	0.001	0.0001165	0.181998	0.9331157768446311,0.06547094581083783,0.0014124775044991001,7.998400319936013e-07
328	2147067174	5000.0	0.001	0.0001165	0.074333	0.928406598680264,0.06865742851429714,0.002931613677264547,4.359128174365127e-06
327	4204096799	5000.0	0.001	0.0001165	0.143657	0.695522375524895,0.2492002399520096,0.05244087182563487,0.0016967406518696262,0.0011332133573285343,6.55868826234753e-06
332	3109193011	5000.0	0.001	0.0001165	0.058828	0.9305412917416517,0.06498884223155368,0.004467626474705059,2.2395520895820834e-06
329	3516235047	5000.0	0.001	0.0001165	-0.368955	0.8741410517896421,0.12482643471305739,0.0010318336332733452,6.798640271945611e-07
334	1899687222	5000.0	0.001	0.0001165	0.041273	0.9469191761647671,0.051623475304939014,0.0014567086582683464,6.39872025594881e-07
339	678006090	5000.0	0.001	0.0001165	0.020175	0.9396273545290942,0.0543874025194961,0.005856948610277944,0.00012821435712857427,7.998400319936013e-08
336	3362755906	5000.0	0.001	0.0001165	-0.239536	0.9257898820235952,0.07181055788842232,0.0023968006398720257,2.7594481103779245e-06
342	3311029599	5000.0	0.001	0.0001165	-0.585166	0.8506727454509099,0.14311449710057988,0.005254109178164367,0.0009586482703459309
335	2738705720	5000.0	0.001	0.0001165	-0.157666	0.8940163967206559,0.10235548890221956,0.0035987202559488105,2.9394121175764847e-05
331	2977961268	5000.0	0.001	0.0001165	-0.188931	0.9214615076984604,0.07775580883823235,0.0007817636472705459,9.198160367926415e-07
341	3647122779	5000.0	0.001	0.0001165	0.766064	0.8314664667066587,0.16647918416316737,0.0018332333533293342,0.00022111577684463108
330	701998387	5000.0	0.001	0.0001165	0.086769	0.8753316936612677,0.1234991401719656,0.0011690861827634473,7.998400319936013e-08
338	4162954570	5000.0	0.001	0.0001165	0.102850	0.8525332933413318,0.13759156168766246,0.009847510497900419,2.7634473105378926e-05
333	455558451	5000.0	0.001	0.0001165	-0.131417	0.8225353729254149,0.16652545490901818,0.010721495700859828,0.0002176364727054589,3.9992001599680065e-08
337	524848458	5000.0	0.001	0.0001165	0.203060	0.8908622275544891,0.10684539092181564,0.0021807238552289544,0.00011165766846630674
344	2992252259	5000.0	0.001	0.0001165	0.319112	0.84955024995001,0.12638320335932812,0.023843271345730853,0.00022327534493101378
340	2897157454	5000.0	0.001	0.0001165	0.213002	0.8774420315936813,0.11066070785842831,0.011883503299340133,1.3757248550289942e-05
343	2093823328	5000.0	0.001	0.0001165	-0.125173	0.939151449710058,0.06033485302939412,0.00047334533093381325,4.0351929614077184e-05
345	757247347	5000.0	0.001	0.0001165	0.795262	0.7859084583083383,0.17571465706858627,0.03820195960807839,0.0001749250149970006
347	777500037	5000.0	0.001	0.0001165	0.410414	0.8426044391121775,0.15323043391321736,0.004110817836432713,5.430913817236553e-05
346	1845609855	5000.0	0.001	0.0001165	0.098066	0.9178552289542091,0.06941463707258548,0.012439392121575684,0.0002875024995001,3.239352129574085e-06
348	3451663757	5000.0	0.001	0.0001165	-0.209861	0.8270488702259549,0.17083431313737252,0.0021150969806038793,1.7196560687862428e-06
352	4156902822	5000.0	0.001	0.0001165	0.048239	0.9431568086382723,0.056053109378124376,0.0007897620475904819,3.199360127974405e-07
356	3344643498	5000.0	0.001	0.0001165	-0.202540	0.9092537092581484,0.0872498300339932,0.002183003399320136,0.001312137572485503,1.319736052789442e-06
351	591150502	5000.0	0.001	0.0001165	0.161203	0.892649350129974,0.10531797640471906,0.0020086382723455308,2.403519296140772e-05
358	3031467439	5000.0	0.001	0.0001165	-0.016708	0.9097317336532693,0.08756768646270746,0.002697620475904819,2.959408118376325e-06
355	4011357608	5000.0	0.001	0.0001165	0.040706	0.8632957408518296,0.12174821035792842,0.014803399320135973,0.00015248950209958008,1.5996800639872026e-07
349	3373022611	5000.0	0.001	0.0001165	0.008403	0.8970979404119176,0.1003999200159968,0.002501739652069586,3.9992001599680065e-07
361	760425923	5000.0	0.001	0.0001165	-0.878275	0.7633859228154369,0.2134775844831034,0.022867986402719455,0.00026822635472905417,2.7994401119776043e-07
354	888763814	5000.0	0.001	0.0001165	-0.025603	0.9035131373725255,0.09428066386722656,0.0022059188162367525,2.7994401119776043e-07
357	2812495273	5000.0	0.001	0.0001165	-0.453271	0.8557230153969206,0.13274505098980205,0.011272585482903419,0.0002591881623675265,1.5996800639872026e-07
350	379571613	5000.0	0.001	0.0001165	-0.638131	0.8273937212557488,0.14708162367526495,0.025318976204759047,0.00020567886422715457
359	1785884086	5000.0	0.001	0.0001165	-0.223708	0.9297345330933813,0.06666746650669866,0.0021378924215156967,0.0014398320335932814,2.027594481103779e-05
360	4216856003	5000.0	0.001	0.0001165	-0.076554	0.8923889222155569,0.10512025594881023,0.0024884223155368927,2.399520095980804e-06
353	3643016615	5000.0	0.001	0.0001165	0.554525	0.8456729854029195,0.15141967606478704,0.0029045790841831635,2.7594481103779245e-06
363	4165094856	5000.0	0.001	0.0001165	0.142397	0.9354317936412717,0.06386502699460107,0.0006901819636072785,1.2997400519896021e-05
362	4001998279	5000.0	0.001	0.0001165	0.343518	0.8913101379724055,0.10497036592681463,0.003717736452709458,1.7596480703859228e-06
365	1940309456	5000.0	0.001	0.0001165	-0.372432	0.897294101179764,0.09705314937012598,0.005627394521095781,2.535492901419716e-05
364	964107723	5000.0	0.001	0.0001165	0.418708	0.8624169166166766,0.13526498700259948,0.0023164567086582685,1.6396720655868826e-06
366	3336261073	5000.0	0.001	0.0001165	-0.252204	0.8908593481303739,0.1068623475304939,0.0022777044591081783,5.99880023995201e-07
368	883002840	5000.0	0.001	0.0001165	-0.411238	0.9086915416916617,0.08238656268746251,0.008759648070385923,0.00016224755048990203
367	3604258257	5000.0	0.001	0.0001165	0.295504	0.7510305938812237,0.23562735452909417,0.013320655868826236,2.1395720855828833e-05
375	109092327	5000.0	0.001	0.0001165	-0.021171	0.9327607678464307,0.06704475104979005,0.00019448110377924416
369	2494256601	5000.0	0.001	0.0001165	-0.140681	0.9470213557288543,0.04864147170565887,0.004325574885022995,1.1597680463907219e-05
371	479247836	5000.0	0.001	0.0001165	-0.031402	0.8076515096980604,0.18767210557888422,0.004642871425714857,3.351329734053189e-05
376	1812575726	5000.0	0.001	0.0001165	-0.046715	0.9173834833033393,0.08226742651469707,0.0003490901819636073
374	2648821223	5000.0	0.001	0.0001165	-0.263624	0.7092121975604879,0.26942107578484303,0.019349290141971606,0.001982043591281744,3.5392921415716854e-05
377	4235630066	5000.0	0.001	0.0001165	0.137204	0.94334925014997,0.05613229354129174,0.0005184163167366527,3.9992001599680065e-08
372	185167332	5000.0	0.001	0.0001165	0.126339	0.8855134173165367,0.1101139372125575,0.004344291141771646,2.8354329134173166e-05
379	3736464895	5000.0	0.001	0.0001165	-0.011600	0.9517136972605479,0.047488982203559287,0.0007929614077184563,4.359128174365127e-06
373	3857755623	5000.0	0.001	0.0001165	-0.290943	0.9406771045790842,0.05794017196560688,0.0013823235352929415,3.9992001599680065e-07
378	3631332859	5000.0	0.001	0.0001165	-0.029645	0.820263427314537,0.14251573685262947,0.03617780443911218,0.0010424715056988603,5.598880223955209e-07
380	1962028546	5000.0	0.001	0.0001165	-0.046486	0.949755648870226,0.04251421715656869,0.007649030193961208,8.110377924415117e-05
381	252741123	5000.0	0.001	0.0001165	-0.448487	0.9124925414917017,0.06850209958008398,0.018487182563487303,0.0005176564687062587,5.198960207958409e-07
370	1321819608	5000.0	0.001	0.0001165	1.526852	0.5012685862827434,0.45145538892221554,0.04228622275544891,0.004720615876824635,0.00026918616276744653
383	3738129938	5000.0	0.001	0.0001165	0.034318	0.9135466506698661,0.08538444311137773,0.001068866226754649,3.9992001599680065e-08
385	4077069846	5000.0	0.001	0.0001165	-0.122654	0.9357624075184963,0.06260463907218557,0.0016180763847230555,1.4877024595080984e-05
382	1538027018	5000.0	0.001	0.0001165	0.540913	0.8473419716056788,0.1473869226154769,0.005264867026594681,6.23875224955009e-06
384	443289110	5000.0	0.001	0.0001165	-0.145331	0.9067638072385523,0.09057680463907218,0.0026277944411117775,3.159368126374725e-05
386	2698765849	5000.0	0.001	0.0001165	-0.246667	0.8963881223755249,0.1012007198560288,0.002408998200359928,2.1595680863827235e-06
387	1643400734	5000.0	0.001	0.0001165	0.081528	0.929372125574885,0.06914525094981004,0.001480263947210558,2.359528094381124e-06
388	3720746529	5000.0	0.001	0.0001165	0.094986	0.894268426314737,0.10127686462707458,0.003857748450309938,0.0005969606078784244
393	2189725247	5000.0	0.001	0.0001165	-0.257791	0.9141971605678865,0.08518512297540493,0.0006176364727054589,7.998400319936013e-08
389	3934080555	5000.0	0.001	0.0001165	0.005034	0.9109458908218356,0.08819300139972006,0.0008610277944411117,7.998400319936013e-08
392	294735421	5000.0	0.001	0.0001165	0.092340	0.9431163767246551,0.054437272545490904,0.0024404319136172767,5.91881623675265e-06
390	1750783537	5000.0	0.001	0.0001165	0.540085	0.9108012397520496,0.08595836832633473,0.0028116776644671066,0.0004287142571485703
395	2378477123	5000.0	0.001	0.0001165	0.070179	0.9385078984203159,0.059982043591281745,0.0015090581883623274,9.998000399920016e-07
391	3535306298	5000.0	0.001	0.0001165	-0.332144	0.9111755648870226,0.0816874225154969,0.007130853829234153,6.15876824635073e-06
396	971972167	5000.0	0.001	0.0001165	-0.262938	0.8982498700259948,0.09445602879424116,0.0072391921615676865,5.490901819636073e-05
397	3271368265	5000.0	0.001	0.0001165	0.117241	0.8700733453309338,0.12414009198160368,0.0057784843031393725,8.078384323135373e-06
399	3440774740	5000.0	0.001	0.0001165	0.960811	0.36550569886022793,0.5487928014397121,0.08476364727054589,0.0009378524295140972
398	2453182028	5000.0	0.001	0.0001165	-0.151488	0.9079215356928614,0.0874625874825035,0.004604119176164767,1.1757648470305939e-05
394	8568385	5000.0	0.001	0.0001165	0.013622	0.7685181363727255,0.22172085582883425,0.009116056788642272,0.0006449510097980404
400	3945924181	5000.0	0.001	0.0001165	-0.006120	0.9446083583283343,0.05165778844231154,0.003727014597080584,6.838632273545291e-06
401	350352983	5000.0	0.001	0.0001165	-0.248653	0.8785497300539892,0.11955516896620676,0.0018929814037192561,2.1195760847830435e-06
402	377900635	5000.0	0.001	0.0001165	-0.082434	0.9264209158168366,0.07203107378524296,0.001540131973605279,7.878424315136973e-06
403	3589240413	5000.0	0.001	0.0001165	0.268905	0.8523872025594881,0.14223507298540292,0.005261627674465107,0.00011517696460707859,9.198160367926415e-07
404	95385195	5000.0	0.001	0.0001165	-0.107202	0.9477496100779844,0.05217220555888822,7.818436312737452e-05
405	3907073648	5000.0	0.001	0.0001165	-0.410679	0.8814605478904219,0.11591885622875425,0.0025386122775444913,8.198360327934413e-05
407	3951339122	5000.0	0.001	0.0001165	0.158440	0.7745607278544291,0.21332601479704058,0.002550889822035593,0.009510897820435913,5.146970605878824e-05
406	297492082	5000.0	0.001	0.0001165	0.111285	0.9464901819636072,0.053119496100779845,0.00039028194361127774,3.9992001599680065e-08
408	3202147957	5000.0	0.001	0.0001165	0.060625	0.8889641671665667,0.1079759648070386,0.003039632073585283,2.023595280943811e-05
410	2037565047	5000.0	0.001	0.0001165	-0.215707	0.9079712457508499,0.09018916216756649,0.001838872225554889,7.198560287942411e-07
409	4272791158	5000.0	0.001	0.0001165	0.558077	0.8158308338332334,0.17533921215756848,0.008703339332133573,0.00012661467706458709
414	2124164741	5000.0	0.001	0.0001165	-0.140539	0.9447861227754449,0.05243063387322536,0.0027545290941811637,2.8714257148570287e-05
411	3399151224	5000.0	0.001	0.0001165	0.042594	0.8742837832433513,0.11483635272945411,0.010848110377924415,3.1753649270145974e-05
412	185863805	5000.0	0.001	0.0001165	0.076452	0.9159598480303939,0.08218400319936013,0.001837992401519696,1.815636872625475e-05
413	3872018050	5000.0	0.001	0.0001165	-0.372824	0.8639829634073185,0.13133157368526294,0.004666666666666667,1.879624075184963e-05
422	1998468775	5000.0	0.001	0.0001165	0.009886	0.9116510697860428,0.07836628674265148,0.009941971605678864,4.067186562687463e-05
415	3681609350	5000.0	0.001	0.0001165	-0.096730	0.8810450309938013,0.11707870425914817,0.0018760247950409918,2.399520095980804e-07
416	1290364556	5000.0	0.001	0.0001165	0.014930	0.9626957408518296,0.03688654269146171,0.000416876624675065,8.398320335932813e-07
417	646667917	5000.0	0.001	0.0001165	-0.146183	0.9348891021795641,0.06338376324735052,0.00172373525294941,3.3993201359728056e-06
418	1525581459	5000.0	0.001	0.0001165	-0.074693	0.7999370125974805,0.15875288942211557,0.039711857628474304,0.0015728454309138172,2.539492101579684e-05
419	167663254	5000.0	0.001	0.0001165	-0.441010	0.8884774645070986,0.10649250149970006,0.0050050789842031596,2.495500899820036e-05
421	3676841638	5000.0	0.001	0.0001165	-0.115311	0.9298559088182363,0.06608494301139772,0.003998120375924815,6.1027794441111776e-05
420	1262628506	5000.0	0.001	0.0001165	1.201505	0.7509131773645271,0.240247950409918,0.008791441711657669,4.743051389722056e-05
424	1739634361	5000.0	0.001	0.0001165	0.277125	0.871294301139772,0.11746086782643471,0.01122003599280144,2.479504099180164e-05
423	4272154283	5000.0	0.001	0.0001165	-1.011698	0.7764040391921616,0.19170697860427915,0.030526854629074184,0.001361487702459508,6.39872025594881e-07
425	2167502523	5000.0	0.001	0.0001165	0.031908	0.8658285542891422,0.12971657668466308,0.004239912017596481,0.00021495700859828034
426	3144754875	5000.0	0.001	0.0001165	0.149430	0.9359820835832834,0.059593361327734455,0.004419676064787043,4.879024195160968e-06
427	1231249087	5000.0	0.001	0.0001165	0.251439	0.7918309938012398,0.1957122975404919,0.01151997600479904,0.0009347730453909218,1.959608078384323e-06
428	2911422145	5000.0	0.001	0.0001165	-0.319316	0.8923947610477905,0.10133997200559888,0.006196160767846431,6.910617876424715e-05
431	1552271059	5000.0	0.001	0.0001165	-0.671384	0.8661252549490102,0.10329090181963607,0.0302249950009998,0.0003586882623475305,1.5996800639872026e-07
430	368490179	5000.0	0.001	0.0001165	-0.220650	0.841367726454709,0.13658016396720657,0.02122843431313737,0.0007563287342531494,6.734653069386123e-05
432	835864276	5000.0	0.001	0.0001165	-0.016760	0.9232063587282543,0.07283187362527495,0.003960207958408318,1.5596880623875224e-06
437	3819589340	5000.0	0.001	0.0001165	-0.048360	0.9690434713057389,0.030800199960007997,0.0001562887422515497,3.9992001599680065e-08
434	144506584	5000.0	0.001	0.0001165	0.140107	0.9302145570885823,0.06882043591281743,0.0009588882223555289,6.11877624475105e-06
429	1116651202	5000.0	0.001	0.0001165	-0.389580	0.9162707858428314,0.06865298940211957,0.013523375324935014,0.0015510897820435912,1.7596480703859228e-06
435	759232217	5000.0	0.001	0.0001165	0.024522	0.9027466906618676,0.08933933213357328,0.007868546290741851,4.543091381723655e-05
436	3848167131	5000.0	0.001	0.0001165	0.075900	0.9421976804639072,0.054241711657668466,0.003550249950009998,1.0357928414317136e-05
439	1766881004	5000.0	0.001	0.0001165	0.060464	0.9473976004799041,0.04829730053989202,0.004301779644071186,3.319336132773445e-06
441	4243597040	5000.0	0.001	0.0001165	0.538515	0.8810713457308539,0.10656828634273145,0.012325734853029393,3.407318536292742e-05,5.598880223955209e-07
433	4141942485	5000.0	0.001	0.0001165	0.127685	0.9264453109378125,0.06756324735052989,0.0059844031193761246,7.038592281543691e-06
438	1010999012	5000.0	0.001	0.0001165	-0.205762	0.9276291541691661,0.06913969206158768,0.0032299940011997603,1.159768046390722e-06
440	311959278	5000.0	0.001	0.0001165	-0.039117	0.8628355128974206,0.13493097380523894,0.0022330333933213357,4.799040191961608e-07
442	1764130544	5000.0	0.001	0.0001165	-0.303344	0.9252672265546891,0.061188402319536095,0.013478704259148171,6.566686662667467e-05
443	1289854705	5000.0	0.001	0.0001165	0.302655	0.8360712657468506,0.15558280343931213,0.00826386722655469,8.20635872825435e-05
444	3755415286	5000.0	0.001	0.0001165	-0.611551	0.9029924015196961,0.07175248950209959,0.02405254949010198,0.0011748050389922015,2.7754449110177964e-05
445	3051069182	5000.0	0.001	0.0001165	-0.211604	0.9199562887422515,0.07831745650869826,0.0017232953409318137,2.959408118376325e-06
446	2141720321	5000.0	0.001	0.0001165	-0.010594	0.903735372925415,0.0932113577284543,0.003052269546090782,9.998000399920016e-07
447	4080072451	5000.0	0.001	0.0001165	0.149394	0.9089746450709858,0.0838253149370126,0.007159608078384323,4.0431913617276545e-05
448	759494406	5000.0	0.001	0.0001165	-0.118006	0.893872025594881,0.10235816836632673,0.003752729454109178,1.7076584683063386e-05
452	2087061278	5000.0	0.001	0.0001165	0.002531	0.8717290941811637,0.12415476904619076,0.004003839232153569,0.00011229754049190161
453	422496032	5000.0	0.001	0.0001165	-0.240815	0.6974163967206559,0.25760591881623673,0.04370773845230954,0.001240991801639672,2.8834233153369324e-05,1.199760047990402e-07
454	1426013989	5000.0	0.001	0.0001165	0.793487	0.8332860627874425,0.1545394121175765,0.012030113977204559,0.0001444111177764447
450	1136715532	5000.0	0.001	0.0001165	0.526451	0.8282619076184763,0.1420765446910618,0.029629034193161367,3.251349730053989e-05
451	2104592148	5000.0	0.001	0.0001165	-0.161109	0.9319728854229155,0.06367266546690661,0.004262787442511498,9.166166766646671e-05
460	517781316	5000.0	0.001	0.0001165	-0.066615	0.8773502899420116,0.11617248550289942,0.00647378524295141,3.4393121375724856e-06
449	328601352	5000.0	0.001	0.0001165	0.324185	0.812300899820036,0.17592125574885023,0.01174237152569486,3.5472905418916215e-05
458	4084842304	5000.0	0.001	0.0001165	-0.573572	0.7955873625274945,0.17968714257148571,0.0246123975204959,0.00011309738052389522
455	394782502	5000.0	0.001	0.0001165	-0.378185	0.9334185162967407,0.06325794841031794,0.0033199360127974405,3.599280143971206e-06
459	972916546	5000.0	0.001	0.0001165	-1.034380	0.7567076984603079,0.20570817836432714,0.037273745250949814,0.00031037792441511696
456	3649181484	5000.0	0.001	0.0001165	-0.020940	0.8733047390521895,0.12110485902819436,0.005561807638472306,2.8594281143771245e-05
457	35026737	5000.0	0.001	0.0001165	-0.698286	0.840380923815237,0.1456385522895421,0.01381751649670066,0.00016216756648670266,8.398320335932813e-07
462	889665353	5000.0	0.001	0.0001165	-0.323291	0.9357934813037393,0.05804667066586683,0.0061475704859028195,1.2277544491101779e-05
461	3115450183	5000.0	0.001	0.0001165	-0.109755	0.9593705258948211,0.040488222355528895,0.0001412117576484703,3.9992001599680065e-08
463	837508940	5000.0	0.001	0.0001165	-0.329077	0.8505481303739252,0.14460983803239352,0.004836192761447711,5.838832233553289e-06
464	1365235533	5000.0	0.001	0.0001165	0.125420	0.9411039392121575,0.05847106578684263,0.0004249550089982004,3.9992001599680065e-08
465	792719182	5000.0	0.001	0.0001165	0.223276	0.9214366326734653,0.07696708658268346,0.0015874025194961008,8.878224355128975e-06
466	1100308306	5000.0	0.001	0.0001165	0.205600	0.9049141371725655,0.0801377324535093,0.014927054589082183,2.1075784843031393e-05
467	2679000915	5000.0	0.001	0.0001165	-0.966637	0.7083308938212357,0.255920975804839,0.02710497900419916,0.008627994401119776,1.5156968606278745e-05
469	2554910552	5000.0	0.001	0.0001165	-0.021876	0.8925935212957409,0.09837060587882424,0.009023275344931013,1.259748050389922e-05
468	1684637525	5000.0	0.001	0.0001165	0.128089	0.901626274745051,0.09166070785842831,0.00670365926814637,9.358128374325134e-06
475	4090619751	5000.0	0.001	0.0001165	0.050198	0.9457449710057988,0.0541500099980004,0.00010501899620075985
476	2037649276	5000.0	0.001	0.0001165	-0.143443	0.8900613077384523,0.09452081583683264,0.015262787442511498,0.00015496900619876025,1.199760047990402e-07
480	556244889	5000.0	0.001	0.0001165	-0.283435	0.9045168566286743,0.09051489702059588,0.004963967206558688,4.2791441711657665e-06
482	4118443933	5000.0	0.001	0.0001165	0.445493	0.8390832233553289,0.15090541891621675,0.0097875224955009,0.00022383523295340933
477	575133572	5000.0	0.001	0.0001165	0.220959	0.7875378924215157,0.20752845430913816,0.004851549690061988,8.210357928414317e-05
474	4227569505	5000.0	0.001	0.0001165	0.084838	0.8822907418516297,0.11658080383923215,0.0011268946210757848,1.5596880623875224e-06
471	2984646493	5000.0	0.001	0.0001165	-0.050807	0.9334593081383723,0.0645385722855429,0.0019999600079984004,2.1595680863827235e-06
472	922070881	5000.0	0.001	0.0001165	-0.296609	0.9184558288342332,0.07987374525094981,0.0016701859628074384,2.399520095980804e-07
479	337252246	5000.0	0.001	0.0001165	0.025125	0.9291713657268547,0.07020427914417117,0.0006243551289742052
481	972752796	5000.0	0.001	0.0001165	0.026745	0.8446872625474905,0.13792897420515896,0.012550369926014797,0.004823275344931014,1.0117976404719055e-05
470	724303707	5000.0	0.001	0.0001165	-0.047064	0.8735157368526295,0.12180827834433114,0.004663867226554689,1.2117576484703059e-05
473	3616180065	5000.0	0.001	0.0001165	0.079899	0.8363076584683063,0.04146530693861228,0.11671573685262947,0.005388042391521695,0.00012325534893021394
483	1079203740	5000.0	0.001	0.0001165	0.163556	0.8678775044991002,0.12583663267346532,0.006209398120375925,7.646470705858828e-05
484	3650852769	5000.0	0.001	0.0001165	-0.229142	0.9371972805438912,0.05663675264947011,0.006161927614477105,4.039192161567687e-06
478	2376290182	5000.0	0.001	0.0001165	0.136928	0.9128425914817037,0.08589302139572086,0.0012635872825434913,7.998400319936013e-07
485	1751539618	5000.0	0.001	0.0001165	0.262869	0.9191099380123975,0.07915672865426915,0.001715976804639072,1.735652869426115e-05
486	1023461288	5000.0	0.001	0.0001165	-0.237845	0.8297046190761848,0.13935092981403718,0.02754253149370126,0.003398600279944011,3.319336132773445e-06
488	1737775037	5000.0	0.001	0.0001165	0.073843	0.9124504699060187,0.08666362727454509,0.0008812237552489502,4.679064187162567e-06
487	1802117045	5000.0	0.001	0.0001165	-0.078353	0.9208680263947211,0.05964883023395321,0.019229314137172566,0.00025378924215156966,3.9992001599680065e-08
490	982212550	5000.0	0.001	0.0001165	0.198530	0.9022553889222156,0.09563051389722056,0.002110497900419916,3.599280143971206e-06
493	3564351442	5000.0	0.001	0.0001165	-0.634685	0.8589380923815237,0.13519840031993602,0.005781043791241751,8.154369126174765e-05,9.198160367926415e-07
491	1008099273	5000.0	0.001	0.0001165	-0.094783	0.9442059588082383,0.05541675664867027,0.0003771645670865827,1.199760047990402e-07
494	970422239	5000.0	0.001	0.0001165	-0.222189	0.8970223155368926,0.10219420115976804,0.0007833233353329335,1.5996800639872026e-07
498	4080820213	5000.0	0.001	0.0001165	0.051434	0.9481246950609878,0.05177592481503699,9.938012397520495e-05
495	4140261349	5000.0	0.001	0.0001165	-0.263275	0.8470371125774845,0.12902195560887822,0.022643191361727655,0.001295740851829634,1.999600079984003e-06
497	1687031793	5000.0	0.001	0.0001165	0.262539	0.8793306938612278,0.11124347130573885,0.008863187362527494,0.0005606078784243151,2.039592081583683e-06
499	3510554622	5000.0	0.001	0.0001165	-0.039559	0.9161549690061987,0.08307718456308738,0.0007673265346930613,5.198960207958409e-07
489	3666722749	5000.0	0.001	0.0001165	-0.116249	0.9345864027194561,0.06327750449910018,0.002130333933213357,5.758848230353929e-06
492	2565279689	5000.0	0.001	0.0001165	0.125608	0.8847894021195761,0.11384155168966206,0.0013568086382723455,1.22375524895021e-05
496	4229097457	5000.0	0.001	0.0001165	-0.091347	0.8177070985802839,0.1794601879624075,0.0028294341131773646,3.279344131173765e-06
