sim_id	seed	popsize	selcoef	mutrate	velocity	profile
1	108941335	5000.0	0.001	1.55845e-05	0.492124	0.9914249950009998,0.008574925014997,7.998400319936013e-08
0	346677251	5000.0	0.001	1.55845e-05	0.063614	0.9946735852829434,0.005325414917016597,9.998000399920016e-07
5	4262092830	5000.0	0.001	1.55845e-05	0.258434	0.9788509098180364,0.021136012797440512,1.307738452309538e-05
6	312094756	5000.0	0.001	1.55845e-05	2.676480	0.9468279544091182,0.05316332733453309,8.718256348730255e-06
4	2324025371	5000.0	0.001	1.55845e-05	-0.005316	0.9949697660467907,0.005030193961207759,3.9992001599680065e-08
14	84398141	5000.0	0.001	1.55845e-05	-0.119532	0.9954638672265547,0.004536132773445311
15	4219119682	5000.0	0.001	1.55845e-05	1.228330	0.9698085982803439,0.030108258348330336,8.314337132573485e-05
12	1444560951	5000.0	0.001	1.55845e-05	0.918149	0.9775465706858628,0.022446990601879623,6.43871225754849e-06
3	4175927324	5000.0	0.001	1.55845e-05	-0.247634	0.9908689862027594,0.009005758848230353,0.00012525494901019797
18	2954561611	5000.0	0.001	1.55845e-05	-0.056527	0.9967859628074385,0.0032135572885422918,4.799040191961608e-07
9	1567621169	5000.0	0.001	1.55845e-05	-0.017667	0.9973290941811638,0.002669386122775445,1.5196960607878424e-06
19	3843051597	5000.0	0.001	1.55845e-05	0.043726	0.9981605278944211,0.0018394721055788842
11	3504082998	5000.0	0.001	1.55845e-05	0.094987	0.9963127774445111,0.003686982603479304,2.399520095980804e-07
20	3001413709	5000.0	0.001	1.55845e-05	-0.016818	0.9965174565086983,0.0034824235152969406,1.199760047990402e-07
7	2786680874	5000.0	0.001	1.55845e-05	-0.079220	0.9967909218156369,0.0032089582083583285,1.199760047990402e-07
2	4000561179	5000.0	0.001	1.55845e-05	-0.856611	0.9653204159168166,0.0346623475304939,1.7236552689462107e-05
10	2651547700	5000.0	0.001	1.55845e-05	-0.032259	0.9979593681263748,0.0018194761047790442,0.00022115576884623075
16	3138775110	5000.0	0.001	1.55845e-05	0.004543	0.9985894421115776,0.001409518096380724,1.0397920415916818e-06
17	2428401736	5000.0	0.001	1.55845e-05	0.761224	0.9826826634673066,0.017251389722055588,6.594681063787243e-05
13	633716794	5000.0	0.001	1.55845e-05	0.447538	0.9893736052789442,0.010613917216556688,1.247750449910018e-05
8	951298096	5000.0	0.001	1.55845e-05	0.047807	0.9963286142771446,0.003670865826834633,5.198960207958409e-07
22	2050289748	5000.0	0.001	1.55845e-05	-0.007143	0.9973124575084983,0.0026875424915017
21	1794381903	5000.0	0.001	1.55845e-05	-0.014850	0.9987649270145971,0.0012350729854029195
23	691851349	5000.0	0.001	1.55845e-05	-0.117855	0.9942932613477304,0.005705778844231154,9.598080383923216e-07
24	4031178838	5000.0	0.001	1.55845e-05	-0.025442	0.9970563887222555,0.0029374925014997,6.11877624475105e-06
25	3388735581	5000.0	0.001	1.55845e-05	-0.449592	0.9809142571485703,0.01905770845830834,2.8034393121375726e-05
26	2147108969	5000.0	0.001	1.55845e-05	0.031901	0.9975904019196161,0.0024095980803839233
28	2028861561	5000.0	0.001	1.55845e-05	0.074471	0.9976191161767647,0.0023808438312337534,3.9992001599680065e-08
30	2387134592	5000.0	0.001	1.55845e-05	-0.177717	0.9952172365526895,0.004782723455308938,3.9992001599680065e-08
34	3251415175	5000.0	0.001	1.55845e-05	0.019669	0.9991219356128774,0.0008780643871225754
31	1276258434	5000.0	0.001	1.55845e-05	-0.273109	0.9894293541291742,0.010570245950809838,3.9992001599680065e-07
29	2349740158	5000.0	0.001	1.55845e-05	0.046798	0.9984483103379325,0.0015516896620675865
27	3473449071	5000.0	0.001	1.55845e-05	-0.008132	0.9977906018796241,0.002209398120375925
32	3692294275	5000.0	0.001	1.55845e-05	-0.038873	0.9976849830033994,0.00231497700459908,3.9992001599680065e-08
33	3156957318	5000.0	0.001	1.55845e-05	-2.931693	0.9117600879824035,0.0879372525494901,0.00030265946810637874
43	1916766377	5000.0	0.001	1.55845e-05	0.148070	0.9558483903219356,0.04391997600479904,0.00023163367326534693
36	2718720138	5000.0	0.001	1.55845e-05	-0.231672	0.9938217556488702,0.006178204359128175,3.9992001599680065e-08
37	3187056778	5000.0	0.001	1.55845e-05	0.292565	0.991006798640272,0.008992841431713658,3.5992801439712056e-07
42	3418847395	5000.0	0.001	1.55845e-05	4.920433	0.867551449710058,0.13230257948410318,0.00014597080583883223
41	858198176	5000.0	0.001	1.55845e-05	-0.513956	0.9553583683263347,0.044367006598680266,0.000274625074985003
39	854562966	5000.0	0.001	1.55845e-05	-0.003591	0.9992917816436713,0.0007082183563287342
44	2096720043	5000.0	0.001	1.55845e-05	0.408110	0.9694043591281744,0.030575164967006598,2.0475904819036193e-05
40	2643474586	5000.0	0.001	1.55845e-05	-0.533969	0.9873160567886423,0.01268254349130174,1.3997200559888023e-06
38	3273119893	5000.0	0.001	1.55845e-05	-0.502841	0.9811729654069186,0.018732653469306138,9.438112377524495e-05
35	4146585734	5000.0	0.001	1.55845e-05	-0.094102	0.996121375724855,0.0038783443311337733,2.7994401119776043e-07
45	2889021623	5000.0	0.001	1.55845e-05	0.000280	0.9983599680063987,0.0016400319936012797
46	3928676540	5000.0	0.001	1.55845e-05	-0.054581	0.9979422915416917,0.002057668466306739,3.9992001599680065e-08
47	402268350	5000.0	0.001	1.55845e-05	0.012810	0.9986539492101579,0.0013459708058388322,7.998400319936013e-08
48	2135990464	5000.0	0.001	1.55845e-05	0.133956	0.9890856628674265,0.010913857228554289,4.799040191961608e-07
58	4233599210	5000.0	0.001	1.55845e-05	-0.730814	0.9846059988002399,0.015386442711457709,7.558488302339532e-06
55	2765996255	5000.0	0.001	1.55845e-05	-0.425297	0.986216876624675,0.013782763447310538,3.5992801439712056e-07
49	2743398592	5000.0	0.001	1.55845e-05	-0.651286	0.9874211157768447,0.012567686462707459,1.1197760447910418e-05
53	1948670170	5000.0	0.001	1.55845e-05	0.149261	0.9947352529494101,0.005264747050589882
51	3422580947	5000.0	0.001	1.55845e-05	0.242201	0.9847456908618276,0.015246950609878025,7.358528294341132e-06
52	396826840	5000.0	0.001	1.55845e-05	-0.996193	0.9774831433713257,0.0225125374925015,4.319136172765447e-06
54	690211035	5000.0	0.001	1.55845e-05	-0.099413	0.9919750849830034,0.008024875024995002,3.9992001599680065e-08
50	1561493699	5000.0	0.001	1.55845e-05	-0.819622	0.9548427514497101,0.04515120975804839,6.038792241551689e-06
56	1519620323	5000.0	0.001	1.55845e-05	0.022300	0.9981224555088982,0.0018753449310137972,2.1995600879824035e-06
64	4247558397	5000.0	0.001	1.55845e-05	-0.688634	0.9720220355928815,0.02797612477504499,1.839632073585283e-06
59	3896017132	5000.0	0.001	1.55845e-05	-0.889344	0.9765438112377525,0.023446710657868425,9.478104379124176e-06
63	2732933363	5000.0	0.001	1.55845e-05	0.172541	0.977049150169966,0.022947130573885224,3.719256148770246e-06
61	4166410481	5000.0	0.001	1.55845e-05	3.135759	0.885349450109978,0.11459176164767046,5.8788242351529694e-05
60	3696832752	5000.0	0.001	1.55845e-05	0.538001	0.9711774045190962,0.028792161567686464,3.0433913217356527e-05
57	1016787174	5000.0	0.001	1.55845e-05	-0.167177	0.9947113377324535,0.005288622275544891,3.9992001599680065e-08
62	2555470067	5000.0	0.001	1.55845e-05	-0.830917	0.9678277544491102,0.03216516696660668,7.0785842831433715e-06
66	363405568	5000.0	0.001	1.55845e-05	0.003219	0.9970712257548491,0.0029286542691461708,1.199760047990402e-07
65	1637898496	5000.0	0.001	1.55845e-05	-0.056725	0.9963606478704259,0.0036392321535692863,1.199760047990402e-07
70	2649385237	5000.0	0.001	1.55845e-05	-0.017280	0.998223675264947,0.0017763247350529893
67	1330344194	5000.0	0.001	1.55845e-05	0.042452	0.9961559688062388,0.0037964007198560286,4.763047390521896e-05
69	3049328908	5000.0	0.001	1.55845e-05	0.314962	0.9916068786242751,0.00839236152769446,7.598480303939212e-07
68	2075627788	5000.0	0.001	1.55845e-05	0.000095	0.9994664667066586,0.000533493301339732,3.9992001599680065e-08
72	3271295258	5000.0	0.001	1.55845e-05	2.765378	0.9013837232553489,0.09860151969606079,1.4757048590281944e-05
84	1648306503	5000.0	0.001	1.55845e-05	0.101844	0.9959098980203959,0.00408998200359928,1.199760047990402e-07
73	3297927478	5000.0	0.001	1.55845e-05	-0.221854	0.9942803439312138,0.005719616076784643,3.9992001599680065e-08
76	284406078	5000.0	0.001	1.55845e-05	-0.195046	0.9934823035392921,0.006517656468706259,3.9992001599680065e-08
74	4292307258	5000.0	0.001	1.55845e-05	0.190209	0.9591062587482504,0.04088262347530494,1.1117776444711057e-05
79	2210785601	5000.0	0.001	1.55845e-05	0.147008	0.9645289742051589,0.03546614677064587,4.879024195160968e-06
77	1809342782	5000.0	0.001	1.55845e-05	0.480296	0.9671150969806038,0.03287022595480904,1.4677064587082583e-05
75	1992352060	5000.0	0.001	1.55845e-05	0.168898	0.9921457308538293,0.007715616876624675,0.00013865226954609078
71	3505781015	5000.0	0.001	1.55845e-05	0.111019	0.9118059588082383,0.08816352729454109,3.0513897220555888e-05
78	2127919424	5000.0	0.001	1.55845e-05	0.013002	0.9954743451309738,0.004524735052989402,9.198160367926415e-07
82	1675934021	5000.0	0.001	1.55845e-05	-3.145160	0.9163111777644471,0.08363015396920616,5.8668266346730656e-05
83	911073606	5000.0	0.001	1.55845e-05	0.060714	0.9964795840831834,0.003519136172765447,1.279744051189762e-06
85	471679302	5000.0	0.001	1.55845e-05	-0.074765	0.9976855028994202,0.0023144171165766845,7.998400319936013e-08
86	541538634	5000.0	0.001	1.55845e-05	0.211073	0.9760437512497501,0.023944451109778043,1.1797640471905619e-05
81	1376229700	5000.0	0.001	1.55845e-05	0.545829	0.9638946610677864,0.03511489702059588,0.0009904419116176764
80	2656366913	5000.0	0.001	1.55845e-05	-0.444663	0.9899406518696261,0.010059308138372325,3.9992001599680065e-08
87	887935314	5000.0	0.001	1.55845e-05	0.071567	0.9825822835432914,0.017415596880623874,2.1195760847830435e-06
88	1087363410	5000.0	0.001	1.55845e-05	0.141853	0.9891330133973205,0.010866626674665068,3.5992801439712056e-07
89	2595195226	5000.0	0.001	1.55845e-05	0.203890	0.9920206358728254,0.007979084183163367,2.7994401119776043e-07
90	3356531037	5000.0	0.001	1.55845e-05	-0.473379	0.9920241551689662,0.00797004599080184,5.798840231953609e-06
91	493623647	5000.0	0.001	1.55845e-05	-2.587477	0.9384913417316537,0.061433633273345334,7.50249950009998e-05
93	3032688996	5000.0	0.001	1.55845e-05	-0.007080	0.9981378124375125,0.0018621875624875025
96	3304094073	5000.0	0.001	1.55845e-05	0.003839	0.9973326134773045,0.0026670665866826634,3.199360127974405e-07
98	31981953	5000.0	0.001	1.55845e-05	0.062039	0.9979081783643271,0.002091501699660068,3.199360127974405e-07
99	610824580	5000.0	0.001	1.55845e-05	-0.002777	0.9953391721655669,0.004660507898420316,3.199360127974405e-07
95	3838214511	5000.0	0.001	1.55845e-05	-0.398541	0.9914543091381723,0.008544131173765247,1.5596880623875224e-06
100	1323909516	5000.0	0.001	1.55845e-05	-0.052717	0.9969767646470706,0.0030231953609278143,3.9992001599680065e-08
92	1256595810	5000.0	0.001	1.55845e-05	-0.048847	0.997744651069786,0.0022545490901819637,7.998400319936013e-07
101	3802478990	5000.0	0.001	1.55845e-05	0.138454	0.9942741851629674,0.005725654869026195,1.5996800639872026e-07
94	1241608552	5000.0	0.001	1.55845e-05	-0.182923	0.9866809838032393,0.013315336932613477,3.679264147170566e-06
103	270944664	5000.0	0.001	1.55845e-05	1.287944	0.9740700259948011,0.02592869426114777,1.279744051189762e-06
104	3070763420	5000.0	0.001	1.55845e-05	-0.107907	0.9939041391721656,0.006092541491701659,3.319336132773445e-06
107	845920685	5000.0	0.001	1.55845e-05	1.054917	0.9808650269946011,0.01907246550689862,6.250749850029993e-05
105	3367209384	5000.0	0.001	1.55845e-05	-0.117743	0.994643151369726,0.005356568686262747,2.7994401119776043e-07
102	2836920721	5000.0	0.001	1.55845e-05	-0.695885	0.980851149770046,0.01914785042991402,9.998000399920016e-07
110	3003654592	5000.0	0.001	1.55845e-05	0.040951	0.9833267346530694,0.016673065386922616,1.9996000799840033e-07
106	2647519659	5000.0	0.001	1.55845e-05	1.576966	0.963984323135373,0.03587562487502499,0.0001400519896020796
97	851329408	5000.0	0.001	1.55845e-05	-0.053199	0.9969226154769046,0.003077384523095381
109	4059613626	5000.0	0.001	1.55845e-05	0.221711	0.9950605478904219,0.004924815036992602,1.4637072585482903e-05
108	3685444016	5000.0	0.001	1.55845e-05	-0.475690	0.9888955808838232,0.011103939212157568,4.799040191961608e-07
111	3915395520	5000.0	0.001	1.55845e-05	0.075122	0.9929746450709858,0.0069049790041991604,0.000120375924815037
112	2267974084	5000.0	0.001	1.55845e-05	0.021905	0.9984319136172766,0.0015680863827234554
114	2309300678	5000.0	0.001	1.55845e-05	-0.018154	0.9957028194361128,0.004297180563887223
113	1170579909	5000.0	0.001	1.55845e-05	-1.498675	0.9492641471705658,0.050473945210957806,0.00026190761847630475
117	3951704543	5000.0	0.001	1.55845e-05	-1.740992	0.9235152169566087,0.07647222555488903,1.255748850229954e-05
123	2395847161	5000.0	0.001	1.55845e-05	-0.195929	0.9958042391521695,0.004195680863827235,7.998400319936013e-08
115	3223747017	5000.0	0.001	1.55845e-05	-0.000116	0.9983587282543491,0.0016412717456508697
120	2797795816	5000.0	0.001	1.55845e-05	-0.551141	0.9749969206158768,0.024925454909018197,7.7624475104979e-05
121	2744844786	5000.0	0.001	1.55845e-05	0.018523	0.9975386922615477,0.0024608278344331134,4.799040191961608e-07
119	1712241126	5000.0	0.001	1.55845e-05	-0.253389	0.9810456308738252,0.018953009398120377,1.3597280543891223e-06
128	2821329423	5000.0	0.001	1.55845e-05	0.025582	0.998452949410118,0.0015470505898820236
116	914221517	5000.0	0.001	1.55845e-05	-0.077882	0.9949544491101779,0.005045470905818836,7.998400319936013e-08
122	3967115763	5000.0	0.001	1.55845e-05	-0.129942	0.9942223155368927,0.0057720455908818235,5.6388722255548894e-06
124	2646499835	5000.0	0.001	1.55845e-05	0.215397	0.9914544691061787,0.00854513097380524,3.9992001599680065e-07
126	3472484869	5000.0	0.001	1.55845e-05	0.025867	0.9976992201559688,0.0023007798440311937
129	3902116367	5000.0	0.001	1.55845e-05	1.404054	0.9637340131973605,0.036247990401919616,1.799640071985603e-05
118	2658666977	5000.0	0.001	1.55845e-05	0.003048	0.9971125774845031,0.0028874225154969005
125	543687172	5000.0	0.001	1.55845e-05	0.209750	0.9953824035192962,0.004617596480703859
127	1091355149	5000.0	0.001	1.55845e-05	0.034364	0.9941471705658869,0.005852749450109978,7.998400319936013e-08
130	2037885465	5000.0	0.001	1.55845e-05	-0.118587	0.9946442311537692,0.005355288942211558,4.799040191961608e-07
133	630426142	5000.0	0.001	1.55845e-05	-0.081909	0.9977846430713857,0.002215356928614277
134	1639455270	5000.0	0.001	1.55845e-05	0.117345	0.9962499900019997,0.0037500099980004
131	2767092250	5000.0	0.001	1.55845e-05	-1.542663	0.9245902819436113,0.07538508298340332,2.463507298540292e-05
132	2380431899	5000.0	0.001	1.55845e-05	0.029577	0.994369126174765,0.005629794041191761,1.0797840431913617e-06
135	1268830758	5000.0	0.001	1.55845e-05	0.192409	0.9894619476104779,0.01051637672465507,2.1675664867026596e-05
136	3546974760	5000.0	0.001	1.55845e-05	-0.107723	0.9951242151569686,0.004874905018996201,8.798240351929614e-07
140	347898413	5000.0	0.001	1.55845e-05	0.052613	0.9975182963407319,0.002481703659268146
137	767343144	5000.0	0.001	1.55845e-05	-1.221742	0.9508801439712058,0.04911013797240552,9.718056388722255e-06
139	2574342700	5000.0	0.001	1.55845e-05	-0.129741	0.9793587282543491,0.02063967206558688,1.5996800639872026e-06
147	2778045012	5000.0	0.001	1.55845e-05	-0.062186	0.9734681463707259,0.026514657068586283,1.7196560687862427e-05
142	393132593	5000.0	0.001	1.55845e-05	0.011680	0.9974301139772046,0.002569886022795441
146	1595970129	5000.0	0.001	1.55845e-05	0.305423	0.9752208758248351,0.024285382923415318,0.0004937412517496501
138	902773289	5000.0	0.001	1.55845e-05	-0.252301	0.9878938612277545,0.012105898820235952,2.399520095980804e-07
148	3834280536	5000.0	0.001	1.55845e-05	-0.100141	0.9954655468906218,0.0045344131173765245,3.9992001599680065e-08
144	1555026500	5000.0	0.001	1.55845e-05	-0.073825	0.996445150969806,0.003554849030193961
143	669227572	5000.0	0.001	1.55845e-05	0.453981	0.9749500899820036,0.025048390321935614,1.5196960607878424e-06
156	2312807026	5000.0	0.001	1.55845e-05	-0.592244	0.9783925614877025,0.021584723055388923,2.2715456908618276e-05
145	1735533129	5000.0	0.001	1.55845e-05	0.013257	0.9988512697460508,0.0011487302539492101
149	2436743770	5000.0	0.001	1.55845e-05	-0.308736	0.9842749050189962,0.015723015396920614,2.0795840831833635e-06
152	3203617381	5000.0	0.001	1.55845e-05	-0.055209	0.9907627274545091,0.009236992601479704,2.7994401119776043e-07
155	772885099	5000.0	0.001	1.55845e-05	0.336616	0.9727548490301939,0.027210517896420715,3.4633073385322936e-05
151	1408678496	5000.0	0.001	1.55845e-05	-0.012485	0.9981547290541891,0.0018452309538092382,3.9992001599680065e-08
154	846283366	5000.0	0.001	1.55845e-05	0.010201	0.9979027394521096,0.002096980603879224,2.7994401119776043e-07
150	1820207711	5000.0	0.001	1.55845e-05	-0.144495	0.9966996200759848,0.002141011797640472,0.001159368126374725
153	3541365350	5000.0	0.001	1.55845e-05	0.030175	0.9940525094981004,0.00594749050189962
141	2396201520	5000.0	0.001	1.55845e-05	-0.011553	0.9932781043791242,0.006720335932813438,1.5596880623875224e-06
157	3424428665	5000.0	0.001	1.55845e-05	-0.247267	0.98986274745051,0.010133573285342931,3.679264147170566e-06
159	3152970371	5000.0	0.001	1.55845e-05	0.019396	0.9953908818236352,0.004608918216356729,1.9996000799840033e-07
163	2817221261	5000.0	0.001	1.55845e-05	0.319557	0.9880783843231353,0.011888062387522496,3.3553289342131575e-05
162	933720716	5000.0	0.001	1.55845e-05	3.643976	0.8963946410717857,0.10350697860427914,9.838032393521295e-05
164	3431072400	5000.0	0.001	1.55845e-05	0.027734	0.9974709058188362,0.002529094181163767
161	4204655240	5000.0	0.001	1.55845e-05	0.972530	0.9811559688062388,0.018840431913617277,3.599280143971206e-06
158	1641509506	5000.0	0.001	1.55845e-05	-0.032310	0.9977407318536293,0.0022591081783643273,1.5996800639872026e-07
160	1099207304	5000.0	0.001	1.55845e-05	-0.123685	0.9969374525094981,0.003062107578484303,4.399120175964807e-07
165	4212050579	5000.0	0.001	1.55845e-05	0.049064	0.9932096380723855,0.00673245350929814,5.790841831633673e-05
166	1500013203	5000.0	0.001	1.55845e-05	-0.073986	0.9907047390521896,0.00929498100379924,2.7994401119776043e-07
168	1225329310	5000.0	0.001	1.55845e-05	-0.028390	0.9956747050589883,0.0043252949410117975
173	609372847	5000.0	0.001	1.55845e-05	0.343703	0.992109298140372,0.00788622275544891,4.479104179164167e-06
172	3790162606	5000.0	0.001	1.55845e-05	0.021178	0.9985844431113777,0.0014155568886222755
170	1280107174	5000.0	0.001	1.55845e-05	0.509398	0.9907708458308339,0.009228194361127774,9.598080383923216e-07
171	4125604521	5000.0	0.001	1.55845e-05	-0.056031	0.9983286542691462,0.0016713057388522295,3.9992001599680065e-08
167	1059201692	5000.0	0.001	1.55845e-05	0.076154	0.9963326934613077,0.0036672665466906617,3.9992001599680065e-08
169	149418661	5000.0	0.001	1.55845e-05	0.040995	0.9985622875424915,0.0014377124575084984
179	186915556	5000.0	0.001	1.55845e-05	-4.349896	0.9225040191961608,0.07743063387322535,6.534693061387723e-05
174	4148196028	5000.0	0.001	1.55845e-05	0.043376	0.9984993401319736,0.0015005798840231953,7.998400319936013e-08
178	854794962	5000.0	0.001	1.55845e-05	0.170618	0.9947604879024196,0.005204639072185563,3.487302539492102e-05
177	1913805521	5000.0	0.001	1.55845e-05	-0.079662	0.9919778444311138,0.008021795640871826,3.5992801439712056e-07
175	451736267	5000.0	0.001	1.55845e-05	0.565087	0.9859242551489702,0.014075544891021795,1.9996000799840033e-07
176	4111014607	5000.0	0.001	1.55845e-05	0.003049	0.993772325534893,0.0062275544891021795,1.199760047990402e-07
182	3172670194	5000.0	0.001	1.55845e-05	-0.014044	0.998608798240352,0.0013912017596480705
183	3675542263	5000.0	0.001	1.55845e-05	0.188426	0.9909129374125175,0.009087062587482504
181	3507145448	5000.0	0.001	1.55845e-05	-0.718008	0.9554074385122976,0.044546530693861226,4.6030793841231755e-05
180	2874929893	5000.0	0.001	1.55845e-05	0.758997	0.9845704059188163,0.015424155168966208,5.438912217556489e-06
185	204505854	5000.0	0.001	1.55845e-05	-0.333247	0.9845509698060388,0.015444231153769247,4.799040191961608e-06
184	1661782780	5000.0	0.001	1.55845e-05	-0.051990	0.9971392121575685,0.0028607878424315135
189	365656859	5000.0	0.001	1.55845e-05	-0.084041	0.9935993601279745,0.006396080783843231,4.559088182363528e-06
190	292410140	5000.0	0.001	1.55845e-05	0.132266	0.9934616676664667,0.006537412517496501,9.198160367926415e-07
192	658043679	5000.0	0.001	1.55845e-05	0.403309	0.9906842631473706,0.009303699260147971,1.20375924815037e-05
196	3925961508	5000.0	0.001	1.55845e-05	0.001722	0.9960737052589482,0.0039250549890021995,1.2397520495900819e-06
191	2093060891	5000.0	0.001	1.55845e-05	0.035906	0.9957909618076385,0.004207838432313538,1.199760047990402e-06
187	2461557507	5000.0	0.001	1.55845e-05	0.549673	0.9875975604879024,0.012401639672065586,7.998400319936013e-07
188	3645952772	5000.0	0.001	1.55845e-05	-0.962276	0.9746012797440512,0.025397200559888023,1.5196960607878424e-06
199	3133889322	5000.0	0.001	1.55845e-05	0.136144	0.984341651669666,0.01565766846630674,6.798640271945611e-07
197	3838948134	5000.0	0.001	1.55845e-05	4.091779	0.9151523295340932,0.08155100979804039,0.003296620675864827,3.9992001599680065e-08
195	2367433507	5000.0	0.001	1.55845e-05	-0.021102	0.9954652669466106,0.004534653069386123,7.998400319936013e-08
194	3612209953	5000.0	0.001	1.55845e-05	-0.440676	0.8554991801639672,0.14442935412917415,7.146570685862828e-05
200	1819861804	5000.0	0.001	1.55845e-05	-0.128807	0.9909554889022195,0.009044111177764448,3.9992001599680065e-07
198	1016738600	5000.0	0.001	1.55845e-05	0.301424	0.9938929014197161,0.005840111977604479,0.0002669866026794641
186	1358076671	5000.0	0.001	1.55845e-05	0.993128	0.9612297540491902,0.03855628874225155,0.00021395720855828834
193	2627367712	5000.0	0.001	1.55845e-05	1.176192	0.9695812837432514,0.030418036392721455,6.798640271945611e-07
201	1159787311	5000.0	0.001	1.55845e-05	-0.094804	0.9972091581683663,0.002790401919616077,4.399120175964807e-07
202	3812999984	5000.0	0.001	1.55845e-05	0.070148	0.9926095580883824,0.007221675664867026,0.00016876624675064988
203	4092472117	5000.0	0.001	1.55845e-05	0.315194	0.9905938812237552,0.009405878824235154,2.399520095980804e-07
204	3507088183	5000.0	0.001	1.55845e-05	-0.023064	0.995542051589682,0.004456628674265147,1.319736052789442e-06
205	707693369	5000.0	0.001	1.55845e-05	-0.107640	0.9955929214157169,0.0044070385922815435,3.9992001599680065e-08
211	2050489175	5000.0	0.001	1.55845e-05	0.184912	0.99520399920016,0.004795960807838433,3.9992001599680065e-08
217	2856936304	5000.0	0.001	1.55845e-05	-0.041692	0.9952954609078184,0.004703979204159168,5.598880223955209e-07
223	1108642709	5000.0	0.001	1.55845e-05	-0.344099	0.984937772445511,0.015061827634473106,3.9992001599680065e-07
216	2235595627	5000.0	0.001	1.55845e-05	-0.667466	0.987540051989602,0.012458308338332334,1.6396720655868826e-06
221	305744782	5000.0	0.001	1.55845e-05	0.055654	0.9129867226554689,0.08641171765646871,0.0006015596880623875
218	3739253623	5000.0	0.001	1.55845e-05	0.116000	0.9955425314937013,0.004456348730253949,1.1197760447910417e-06
222	3638088595	5000.0	0.001	1.55845e-05	-0.005750	0.9983709658068386,0.0016290341931613677
207	1345833787	5000.0	0.001	1.55845e-05	0.050352	0.9906968606278744,0.009302299540091982,8.398320335932813e-07
206	854162234	5000.0	0.001	1.55845e-05	0.252950	0.979929774045191,0.02006778644271146,2.439512097580484e-06
220	969231241	5000.0	0.001	1.55845e-05	0.386475	0.9912058788242352,0.008793881223755249,2.399520095980804e-07
215	2706021218	5000.0	0.001	1.55845e-05	-1.202851	0.9734886622675465,0.026508098380323936,3.239352129574085e-06
210	192699209	5000.0	0.001	1.55845e-05	0.000835	0.9971429714057188,0.0028565086982603478,5.198960207958409e-07
209	195040071	5000.0	0.001	1.55845e-05	-1.588478	0.8663252149570086,0.13283091381723655,0.000843871225754849
208	3562214210	5000.0	0.001	1.55845e-05	0.764361	0.9684991401719656,0.03141435712857429,8.650269946010798e-05
212	1300915036	5000.0	0.001	1.55845e-05	1.576048	0.9679304939012198,0.03194889022195561,0.0001201359728054389,4.799040191961608e-07
213	634866526	5000.0	0.001	1.55845e-05	0.053223	0.9936084783043392,0.006391081783643272,4.399120175964807e-07
219	4082205576	5000.0	0.001	1.55845e-05	-0.517741	0.9817667666466706,0.018230633873225356,2.599480103979204e-06
214	2187625311	5000.0	0.001	1.55845e-05	0.023216	0.9971304139172166,0.0028695860827834432
224	1076075418	5000.0	0.001	1.55845e-05	-0.076651	0.9972415516896621,0.0027566886622675466,1.7596480703859228e-06
229	82621383	5000.0	0.001	1.55845e-05	0.175157	0.8895920415916817,0.11038588282343531,2.2075584883023396e-05
227	3992632241	5000.0	0.001	1.55845e-05	0.003735	0.9990445910817837,0.0009554089182163567
226	1586674608	5000.0	0.001	1.55845e-05	0.133772	0.9957672065586882,0.004232753449310138,3.9992001599680065e-08
232	2866082768	5000.0	0.001	1.55845e-05	-0.361186	0.976554849030194,0.02344467106578684,4.799040191961608e-07
228	1157999539	5000.0	0.001	1.55845e-05	0.091421	0.9939768046390722,0.00601751649670066,5.678864227154569e-06
225	1778721710	5000.0	0.001	1.55845e-05	0.065264	0.9980931813637273,0.0019067786442711458,3.9992001599680065e-08
234	2876181463	5000.0	0.001	1.55845e-05	-0.080753	0.9561792441511697,0.04379556088782244,2.519496100779844e-05
230	1404101579	5000.0	0.001	1.55845e-05	-0.169078	0.9949989202159568,0.005001079784043192
238	836588515	5000.0	0.001	1.55845e-05	0.803216	0.9849766046790642,0.015023395320935813
233	609602515	5000.0	0.001	1.55845e-05	0.884891	0.9585285742851429,0.041023195360927814,0.00044823035392921415
235	621452248	5000.0	0.001	1.55845e-05	-0.140448	0.9890702259548091,0.01091497700459908,1.4797040591881624e-05
237	2697550818	5000.0	0.001	1.55845e-05	0.004436	0.9948657868426315,0.005076584683063387,5.762847430513897e-05
236	1025995744	5000.0	0.001	1.55845e-05	0.059507	0.9928912617476505,0.005646150769846031,0.0014625874825034994
241	674106346	5000.0	0.001	1.55845e-05	-0.100539	0.9909168966206758,0.009082183563287343,9.198160367926415e-07
240	261790697	5000.0	0.001	1.55845e-05	-0.154867	0.9940412317536492,0.0059587682463507295
231	3533128651	5000.0	0.001	1.55845e-05	-0.053572	0.994419076184763,0.005580923815236952
239	1356002277	5000.0	0.001	1.55845e-05	-0.791070	0.9827774445110978,0.017080703859228153,0.0001418516296740652
242	2094023660	5000.0	0.001	1.55845e-05	0.058407	0.9920707858428315,0.007584683063387322,0.00034453109378124376
243	3463144434	5000.0	0.001	1.55845e-05	-0.217342	0.9903247350529893,0.009653189362127574,2.2075584883023396e-05
244	3544554484	5000.0	0.001	1.55845e-05	0.362873	0.8943721655668866,0.10471941611677664,0.0009079784043191362,4.399120175964807e-07
251	3926803465	5000.0	0.001	1.55845e-05	-0.030723	0.9973076184763048,0.0026923015396920617,7.998400319936013e-08
252	3414602762	5000.0	0.001	1.55845e-05	-0.962014	0.9792915016996601,0.02070597880423915,2.519496100779844e-06
249	1264722942	5000.0	0.001	1.55845e-05	-0.269455	0.9839225354929014,0.016077064587082582,3.9992001599680065e-07
245	2586801145	5000.0	0.001	1.55845e-05	0.126279	0.9937562087582483,0.006243471305738852,3.199360127974405e-07
256	628839442	5000.0	0.001	1.55845e-05	-0.171428	0.9930306738652269,0.006969246150769846,7.998400319936013e-08
248	1992651776	5000.0	0.001	1.55845e-05	-0.068382	0.9969671665666867,0.0030320335932813437,7.998400319936013e-07
247	634153982	5000.0	0.001	1.55845e-05	-0.024419	0.9972979404119177,0.0026921815636872628,9.878024395120976e-06
260	1884015647	5000.0	0.001	1.55845e-05	0.671628	0.988197600479904,0.011685302939412117,0.00011709658068386322
246	1962623998	5000.0	0.001	1.55845e-05	-0.113229	0.997751649670066,0.0022483503299340134
253	1700410379	5000.0	0.001	1.55845e-05	3.037516	0.8568479104179164,0.14309114177164567,6.0947810437912415e-05
254	1939987467	5000.0	0.001	1.55845e-05	-1.450430	0.9749397720455909,0.025047230553889223,1.2997400519896021e-05
259	1333355543	5000.0	0.001	1.55845e-05	-0.041137	0.9973515696860628,0.002646390721855629,2.039592081583683e-06
261	2642973728	5000.0	0.001	1.55845e-05	-0.253942	0.9924735452909418,0.007493541291741652,3.2913417316536696e-05
258	1816652822	5000.0	0.001	1.55845e-05	-0.034984	0.9978956208758248,0.002104379124175165
255	1292784650	5000.0	0.001	1.55845e-05	-0.054646	0.9974022795440912,0.0025976804639072184,3.9992001599680065e-08
250	2580564997	5000.0	0.001	1.55845e-05	-1.411996	0.969701699660068,0.030288342331533692,9.958008398320336e-06
257	3845905429	5000.0	0.001	1.55845e-05	-0.073491	0.9966647470505898,0.0033345330933813237,7.198560287942411e-07
262	3433505	5000.0	0.001	1.55845e-05	0.923053	0.9820606278744252,0.017938932213557288,4.399120175964807e-07
263	2284860461	5000.0	0.001	1.55845e-05	0.708052	0.9773301339732053,0.022623195360927814,4.6670665866826635e-05
264	2700837941	5000.0	0.001	1.55845e-05	-0.023306	0.9974773445310938,0.002522135572885423,5.198960207958409e-07
266	1291217978	5000.0	0.001	1.55845e-05	-0.108173	0.9965159768046391,0.003483983203359328,3.9992001599680065e-08
265	3954228281	5000.0	0.001	1.55845e-05	-0.262871	0.9746234353129374,0.02535228954209158,2.42751449710058e-05
268	975207486	5000.0	0.001	1.55845e-05	-0.507312	0.9904787442511498,0.009519616076784643,1.6396720655868826e-06
267	3892356156	5000.0	0.001	1.55845e-05	0.800519	0.9769646470705858,0.022997040591881623,3.83123375324935e-05
276	2071397463	5000.0	0.001	1.55845e-05	-1.506332	0.9577086582683463,0.04226570685862827,2.5634873025394922e-05
274	3160519762	5000.0	0.001	1.55845e-05	0.206671	0.994275624875025,0.0057226154769046194,1.7596480703859228e-06
279	3025683550	5000.0	0.001	1.55845e-05	0.962039	0.9804263547290542,0.019570645870825836,2.999400119976005e-06
275	2408844372	5000.0	0.001	1.55845e-05	0.401799	0.9716599880023995,0.02833521295740852,4.799040191961608e-06
277	1099764825	5000.0	0.001	1.55845e-05	1.166503	0.9498488702259548,0.05014921015796841,1.919616076784643e-06
271	265059404	5000.0	0.001	1.55845e-05	-0.157107	0.9930768646270746,0.006922935412917416,1.9996000799840033e-07
280	4279200864	5000.0	0.001	1.55845e-05	0.099352	0.9957907618476305,0.004206278744251149,2.959408118376325e-06
281	212933732	5000.0	0.001	1.55845e-05	-3.303649	0.9088569086182764,0.09083859228154369,0.000304499100179964
272	677635151	5000.0	0.001	1.55845e-05	0.369236	0.9824477504499101,0.01755124975004999,9.998000399920016e-07
270	3221644363	5000.0	0.001	1.55845e-05	-0.051119	0.9959169366126774,0.004079144171165767,3.919216156768646e-06
269	1129028672	5000.0	0.001	1.55845e-05	0.237455	0.9761927214557089,0.023223435312937413,0.0005838432313537293
278	611730524	5000.0	0.001	1.55845e-05	-0.006350	0.9946069986002799,0.005391961607678465,1.0397920415916818e-06
283	1894212712	5000.0	0.001	1.55845e-05	-0.286608	0.9909938812237552,0.009004799040191962,1.319736052789442e-06
282	1899531365	5000.0	0.001	1.55845e-05	0.115851	0.9940538292341532,0.005945570885822835,5.99880023995201e-07
273	2677609553	5000.0	0.001	1.55845e-05	0.714277	0.975278824235153,0.024651829634073186,6.934613077384523e-05
284	3499428970	5000.0	0.001	1.55845e-05	1.508663	0.9718658668266347,0.028111857628474304,2.2275544891021795e-05
286	3112088682	5000.0	0.001	1.55845e-05	-2.139956	0.9514044391121775,0.04857744451109778,1.811637672465507e-05
285	651986026	5000.0	0.001	1.55845e-05	0.802024	0.9842502299540092,0.01574125174965007,8.518296340731854e-06
287	8240235	5000.0	0.001	1.55845e-05	3.952699	0.9321615676864627,0.06774161167766447,9.682063587282543e-05
288	537519217	5000.0	0.001	1.55845e-05	-0.007639	0.9992811037792442,0.0007188962207558488
290	541703282	5000.0	0.001	1.55845e-05	2.360380	0.9511704059188162,0.04881427714457109,1.5316936612677465e-05
289	1836059762	5000.0	0.001	1.55845e-05	0.239011	0.993081023795241,0.0069180563887222555,9.198160367926415e-07
293	3281982586	5000.0	0.001	1.55845e-05	-2.960805	0.9453899220155969,0.05363931213757248,0.0009707658468306339
291	544072817	5000.0	0.001	1.55845e-05	0.413228	0.9747387722455509,0.025260747850429914,4.799040191961608e-07
301	1987671219	5000.0	0.001	1.55845e-05	0.899294	0.9785416516696661,0.021394081183763246,6.426714657068586e-05
294	2091959421	5000.0	0.001	1.55845e-05	-0.133902	0.9949178164367126,0.005082183563287343
296	2890976386	5000.0	0.001	1.55845e-05	-0.353150	0.9909270145970805,0.009068266346730653,4.719056188762248e-06
292	1617216633	5000.0	0.001	1.55845e-05	0.086833	0.9059650069986003,0.09403139372125575,3.599280143971206e-06
300	4142208167	5000.0	0.001	1.55845e-05	-0.236387	0.9672500299940012,0.03240739852029594,0.00034257148570285945
297	187704474	5000.0	0.001	1.55845e-05	-0.585934	0.9695418516296741,0.027839232153569288,0.0026170765846830635,1.839632073585283e-06
303	3750937782	5000.0	0.001	1.55845e-05	-0.061626	0.9926045590881823,0.007394721055788842,7.198560287942411e-07
298	3991223459	5000.0	0.001	1.55845e-05	0.618209	0.9791489302139572,0.020841991601679665,9.078184363127375e-06
302	4156855477	5000.0	0.001	1.55845e-05	-0.142308	0.9932365526894621,0.006607918416316736,0.00015552889422115577
304	257756345	5000.0	0.001	1.55845e-05	-0.041722	0.9982728654269146,0.0017270945810837833,3.9992001599680065e-08
295	274748545	5000.0	0.001	1.55845e-05	0.682741	0.9896432313537292,0.010351569686062788,5.198960207958408e-06
299	815183013	5000.0	0.001	1.55845e-05	-1.405730	0.9606048390321935,0.03925522895420916,0.00013993201359728056
305	3980661945	5000.0	0.001	1.55845e-05	-0.016817	0.9966114377124575,0.003388122375524895,4.399120175964807e-07
306	1112220859	5000.0	0.001	1.55845e-05	0.708689	0.9872955408918216,0.01269866026794641,5.798840231953609e-06
307	2009160892	5000.0	0.001	1.55845e-05	-0.507725	0.9811104979004199,0.018887022595480904,2.4795040991801638e-06
308	2784398525	5000.0	0.001	1.55845e-05	0.017808	0.9976849830033994,0.00231501699660068
309	1126016192	5000.0	0.001	1.55845e-05	-0.006378	0.997950449910018,0.0020491901619676066,3.5992801439712056e-07
315	1106265313	5000.0	0.001	1.55845e-05	0.309238	0.9908591481703659,0.009140651869626076,1.9996000799840033e-07
312	291499214	5000.0	0.001	1.55845e-05	0.028641	0.9985180963807239,0.0014818236352729453,7.998400319936013e-08
313	3053489372	5000.0	0.001	1.55845e-05	0.450582	0.948077024595081,0.05189730053989202,2.5674865026994603e-05
310	1811018945	5000.0	0.001	1.55845e-05	-0.296992	0.9933170565886823,0.006547970405918816,0.00013497300539892023
314	4169637087	5000.0	0.001	1.55845e-05	-0.357018	0.9136225554889023,0.08625218956208758,0.00012525494901019797
316	2800377057	5000.0	0.001	1.55845e-05	-0.062297	0.9977932813437312,0.0022067186562687463
311	4005467338	5000.0	0.001	1.55845e-05	-0.148517	0.9691013797240552,0.03076740651869626,0.0001312137572485503
317	1088349412	5000.0	0.001	1.55845e-05	0.993817	0.8724890621875625,0.12745386922615476,5.706858628274345e-05
319	2428398832	5000.0	0.001	1.55845e-05	0.296555	0.9938031193761248,0.00619508098380324,1.799640071985603e-06
323	332760325	5000.0	0.001	1.55845e-05	0.142348	0.9966407118576285,0.0033569686062787443,2.319536092781444e-06
322	987514109	5000.0	0.001	1.55845e-05	-0.145855	0.9878175564887023,0.01218244351129774
318	3035186416	5000.0	0.001	1.55845e-05	0.713025	0.9663850429914017,0.0336128374325135,2.1195760847830435e-06
325	3598015756	5000.0	0.001	1.55845e-05	0.269959	0.9844866226754649,0.015366126774645071,0.000147250549890022
324	2598569225	5000.0	0.001	1.55845e-05	0.588949	0.9749367326534693,0.025061747650469906,1.5196960607878424e-06
320	2518068468	5000.0	0.001	1.55845e-05	-0.600582	0.9841382923415317,0.01585882823435313,2.8794241151769645e-06
321	538275065	5000.0	0.001	1.55845e-05	0.086349	0.9955906818636273,0.0044009198160367925,8.398320335932813e-06
326	2088383756	5000.0	0.001	1.55845e-05	0.017402	0.997179324135173,0.002820635872825435,3.9992001599680065e-08
328	2711616800	5000.0	0.001	1.55845e-05	-0.195709	0.9957144971005799,0.004285422915416916,7.998400319936013e-08
330	3324859694	5000.0	0.001	1.55845e-05	0.259176	0.9808203959208158,0.019178284343131374,1.319736052789442e-06
329	2971395360	5000.0	0.001	1.55845e-05	0.589803	0.9879045390921816,0.012091421715656869,4.039192161567687e-06
331	3294625074	5000.0	0.001	1.55845e-05	-0.217068	0.9798263547290542,0.01982855428914217,0.00034293141371725657,2.1595680863827235e-06
327	1830706454	5000.0	0.001	1.55845e-05	-0.081833	0.9915170965806839,0.008482903419316137
335	1446380869	5000.0	0.001	1.55845e-05	-0.092158	0.9958503899220156,0.004149530093981204,7.998400319936013e-08
334	1853154621	5000.0	0.001	1.55845e-05	-0.027433	0.9965228554289142,0.00347126574685063,5.878824235152969e-06
332	932660538	5000.0	0.001	1.55845e-05	0.051236	0.996055948810238,0.003943891221755649,1.5996800639872026e-07
333	2365216060	5000.0	0.001	1.55845e-05	-1.507469	0.9213576084783044,0.07827254549090182,0.00036984603079384123
344	4094911838	5000.0	0.001	1.55845e-05	-0.417605	0.986218076384723,0.01369378124375125,8.814237152569486e-05
336	3013928264	5000.0	0.001	1.55845e-05	0.054797	0.9971996800639872,0.0028000799840031993,2.399520095980804e-07
342	2547840343	5000.0	0.001	1.55845e-05	-1.509747	0.9537087782443512,0.04628642271545691,4.799040191961608e-06
339	1446384972	5000.0	0.001	1.55845e-05	0.009752	0.9937121775644872,0.006286462707458508,1.3597280543891223e-06
341	2944767316	5000.0	0.001	1.55845e-05	-1.319430	0.8891313337332534,0.11002711457708458,0.0008415116976604679,3.9992001599680065e-08
337	1091036491	5000.0	0.001	1.55845e-05	-0.810736	0.9511379324135173,0.04831985602879424,0.0005420115976804639,1.9996000799840033e-07
340	3574037841	5000.0	0.001	1.55845e-05	0.731742	0.98319700059988,0.016772205558888222,3.079384123175365e-05
338	4179979595	5000.0	0.001	1.55845e-05	0.546093	0.9907645670865827,0.006857108578284343,0.002377124575084983,1.199760047990402e-06
343	2927121757	5000.0	0.001	1.55845e-05	0.219889	0.9881414917016597,0.011857668466306738,8.398320335932813e-07
345	3403697508	5000.0	0.001	1.55845e-05	-1.125343	0.9710165966806639,0.028971645670865825,1.1757648470305939e-05
350	2481456488	5000.0	0.001	1.55845e-05	-0.013712	0.9981403319336133,0.0018596680663867226
346	3459202404	5000.0	0.001	1.55845e-05	-0.004332	0.9988803439312137,0.0011196560687862427
349	1213074790	5000.0	0.001	1.55845e-05	-0.240328	0.988398600279944,0.011599360127974405,2.039592081583683e-06
348	2690985318	5000.0	0.001	1.55845e-05	0.090942	0.9860078384323135,0.013992161567686463
347	2480440676	5000.0	0.001	1.55845e-05	2.696924	0.8641879624075185,0.13563359328134372,0.00017844431113777243
351	828796268	5000.0	0.001	1.55845e-05	0.144192	0.9285354529094181,0.0713748050389922,8.974205158968207e-05
354	43814256	5000.0	0.001	1.55845e-05	-0.012720	0.9975062187562488,0.0024932213557288543,5.598880223955209e-07
352	853124460	5000.0	0.001	1.55845e-05	-0.187105	0.9919692461507699,0.008030353929214157,3.9992001599680065e-07
355	1367438706	5000.0	0.001	1.55845e-05	0.092765	0.9951282543491302,0.004871425714857029,3.199360127974405e-07
353	3710524783	5000.0	0.001	1.55845e-05	-0.751760	0.9489960807838432,0.05099052189562087,1.3397320535892822e-05
356	2718422402	5000.0	0.001	1.55845e-05	-0.037601	0.9976362327534493,0.0022978204359128175,6.594681063787243e-05
357	3194322316	5000.0	0.001	1.55845e-05	0.823252	0.9671160967806439,0.03286074785042992,2.3155368926214757e-05
358	322186637	5000.0	0.001	1.55845e-05	-0.402530	0.9931894821035793,0.006763567286542691,4.6950609878024394e-05
369	642125290	5000.0	0.001	1.55845e-05	-0.050082	0.995102899420116,0.004895260947810438,1.839632073585283e-06
363	2789707186	5000.0	0.001	1.55845e-05	-0.318684	0.9863578884223155,0.013641791641671666,3.199360127974405e-07
359	2761188761	5000.0	0.001	1.55845e-05	0.239036	0.9652799840031994,0.03461131773645271,0.00010869826034793041
360	3785344418	5000.0	0.001	1.55845e-05	0.162762	0.9904457108578284,0.009551089782043592,3.1993601279744052e-06
362	737547697	5000.0	0.001	1.55845e-05	0.031123	0.996371325734853,0.0036283543291341733,3.199360127974405e-07
361	2773329321	5000.0	0.001	1.55845e-05	0.026314	0.9952709858028395,0.0047290141971605675
368	2357042658	5000.0	0.001	1.55845e-05	-0.031556	0.9957083783243351,0.004291621675664867
364	186467762	5000.0	0.001	1.55845e-05	0.041156	0.9968525894821035,0.0031473305338932216,7.998400319936013e-08
366	4038729163	5000.0	0.001	1.55845e-05	0.212578	0.9922527894421116,0.007734333133373326,1.287742451509698e-05
365	1450075578	5000.0	0.001	1.55845e-05	-0.267026	0.9921583283343332,0.007841671665666867
373	935886324	5000.0	0.001	1.55845e-05	-0.338923	0.9825101779644071,0.017469106178764248,2.0715856828634272e-05
367	2388098517	5000.0	0.001	1.55845e-05	-0.005519	0.9988283543291342,0.0011716456708658269
370	1117967851	5000.0	0.001	1.55845e-05	-1.188920	0.9487209358128375,0.05124691061787642,3.215356928614277e-05
371	2821414384	5000.0	0.001	1.55845e-05	-0.978080	0.9797137372525495,0.02028226354729054,3.999200159968006e-06
374	3771407870	5000.0	0.001	1.55845e-05	0.414573	0.9921338932213557,0.007865826834633074,2.7994401119776043e-07
372	207164914	5000.0	0.001	1.55845e-05	0.070010	0.997604599080184,0.0023952809438112376,1.199760047990402e-07
375	537654788	5000.0	0.001	1.55845e-05	0.729504	0.980723175364927,0.019269706058788243,7.118576284743051e-06
376	943877639	5000.0	0.001	1.55845e-05	0.054084	0.9984779044191162,0.0015220955808838232
377	3997978126	5000.0	0.001	1.55845e-05	0.267826	0.991910897820436,0.008082383523295341,6.71865626874625e-06
379	260285972	5000.0	0.001	1.55845e-05	-0.068457	0.9830183963207358,0.01697872425514897,2.8794241151769645e-06
378	3435748879	5000.0	0.001	1.55845e-05	-0.015697	0.9988906218756248,0.001109378124375125
381	2384107030	5000.0	0.001	1.55845e-05	-0.098195	0.9971507698460308,0.00284251149770046,6.71865626874625e-06
380	1977927190	5000.0	0.001	1.55845e-05	0.163384	0.9926650269946011,0.007334533093381323,4.399120175964807e-07
394	959057483	5000.0	0.001	1.55845e-05	-0.014349	0.9989735652869426,0.0010264347130573884
386	3760395810	5000.0	0.001	1.55845e-05	-2.635936	0.9215655668866227,0.07764759048190362,0.0007868426314737053
382	3871122968	5000.0	0.001	1.55845e-05	-0.317185	0.930625074985003,0.06937008598280343,4.839032193561288e-06
385	1229723168	5000.0	0.001	1.55845e-05	-0.558751	0.9821442111577684,0.01785270945810838,3.079384123175365e-06
387	3961146923	5000.0	0.001	1.55845e-05	-3.307911	0.9180986202759448,0.08186994601079783,3.143371325734853e-05
391	4274013756	5000.0	0.001	1.55845e-05	-3.910425	0.8691971205758848,0.13074373125374925,5.9148170365926814e-05
392	3474036285	5000.0	0.001	1.55845e-05	0.030866	0.998314777044591,0.0016760247950409917,9.198160367926415e-06
393	2412559934	5000.0	0.001	1.55845e-05	0.009077	0.9994099980003999,0.00059000199960008
383	1095267867	5000.0	0.001	1.55845e-05	0.105465	0.9944171165766846,0.005582843431313737,3.9992001599680065e-08
390	2157850161	5000.0	0.001	1.55845e-05	-0.332616	0.9891224955008998,0.01086382723455309,1.3677264547090581e-05
388	1452045871	5000.0	0.001	1.55845e-05	-0.279354	0.9919557288542291,0.00803255348930214,1.1717656468706258e-05
389	1129051695	5000.0	0.001	1.55845e-05	0.028380	0.9976417916416717,0.002358088382323535,1.199760047990402e-07
395	683812433	5000.0	0.001	1.55845e-05	0.004517	0.999374325134973,0.0006256748650269946
384	2048820765	5000.0	0.001	1.55845e-05	0.010538	0.9987998400319936,0.0012000399920015998,1.199760047990402e-07
396	2673120850	5000.0	0.001	1.55845e-05	-0.285067	0.9926745850829835,0.007325414917016597
397	1643054681	5000.0	0.001	1.55845e-05	-0.155671	0.9911355328934213,0.008863027394521095,1.4397120575884822e-06
398	3985663578	5000.0	0.001	1.55845e-05	-0.036933	0.9905374525094981,0.009461067786442711,1.4797040591881624e-06
400	1862334046	5000.0	0.001	1.55845e-05	-0.267184	0.9952026794641072,0.004797280543891222,3.9992001599680065e-08
399	2943964765	5000.0	0.001	1.55845e-05	-0.104031	0.9954676264747051,0.004532333533293341,3.9992001599680065e-08
401	1379901024	5000.0	0.001	1.55845e-05	0.012993	0.9903655268946211,0.009633033393321336,1.4397120575884822e-06
407	129836664	5000.0	0.001	1.55845e-05	0.604972	0.9862147170565887,0.013783163367326535,2.1195760847830435e-06
402	2773900899	5000.0	0.001	1.55845e-05	1.595405	0.9556207558488302,0.044354609078184365,2.463507298540292e-05
405	3239939694	5000.0	0.001	1.55845e-05	-0.038937	0.9939780043991202,0.006021875624875025,1.199760047990402e-07
404	2235383399	5000.0	0.001	1.55845e-05	0.236989	0.9915024195160967,0.00849746050789842,1.199760047990402e-07
403	1631573606	5000.0	0.001	1.55845e-05	-0.019946	0.9976481903619276,0.002351649670065987,1.5996800639872026e-07
406	3233900143	5000.0	0.001	1.55845e-05	-0.549399	0.9819243351329734,0.0180750649870026,5.99880023995201e-07
408	3763646078	5000.0	0.001	1.55845e-05	0.055638	0.9935272545490902,0.0064715856828634274,1.159768046390722e-06
411	2518918794	5000.0	0.001	1.55845e-05	1.429911	0.9681898420315936,0.03180203959208158,8.118376324735054e-06
412	3467527821	5000.0	0.001	1.55845e-05	-2.688649	0.8292330333933213,0.15821463707258548,0.012530253949210158,2.2075584883023396e-05
416	2076939931	5000.0	0.001	1.55845e-05	-0.303028	0.9860796640671866,0.013918096380723855,2.2395520895820834e-06
414	1914035854	5000.0	0.001	1.55845e-05	-0.121592	0.9961366126774646,0.003858348330333933,5.038992201559688e-06
410	3662681736	5000.0	0.001	1.55845e-05	-3.564399	0.9357900819836033,0.04895116976604679,0.01525758848230354,1.159768046390722e-06
409	323946110	5000.0	0.001	1.55845e-05	-0.374881	0.9866368326334733,0.013204639072185564,0.00015852829434113177
417	3431675548	5000.0	0.001	1.55845e-05	0.387026	0.9858649870025995,0.014134493101379724,5.198960207958409e-07
413	2106697358	5000.0	0.001	1.55845e-05	0.030582	0.9962793041391722,0.0037206958608278344
415	70391440	5000.0	0.001	1.55845e-05	0.755785	0.9597086982603479,0.0402873825234953,3.919216156768646e-06
421	2934654637	5000.0	0.001	1.55845e-05	-0.002264	0.9988497900419916,0.0011502099580083982
418	3848412836	5000.0	0.001	1.55845e-05	-0.103485	0.99095324935013,0.009046510697860428,2.399520095980804e-07
419	490907304	5000.0	0.001	1.55845e-05	-1.303960	0.9742545090981803,0.025742091581683665,3.3993201359728056e-06
420	3840237225	5000.0	0.001	1.55845e-05	-0.527035	0.9807912017596481,0.019177364527094582,3.143371325734853e-05
422	1211203249	5000.0	0.001	1.55845e-05	0.026898	0.9986939812037593,0.0013060187962407519
423	3438354102	5000.0	0.001	1.55845e-05	-0.022022	0.997218676264747,0.0027812837432513496,3.9992001599680065e-08
424	2737825463	5000.0	0.001	1.55845e-05	-0.187785	0.9868019196160768,0.013196720655868827,1.3597280543891223e-06
425	915447479	5000.0	0.001	1.55845e-05	3.140972	0.9420500699860028,0.057857268546290745,9.262147570485903e-05,3.9992001599680065e-08
426	3349042877	5000.0	0.001	1.55845e-05	0.050703	0.9861164967006598,0.01388250349930014,9.998000399920016e-07
427	525938377	5000.0	0.001	1.55845e-05	1.542625	0.9689593681263747,0.031039672065586884,9.598080383923216e-07
430	559609556	5000.0	0.001	1.55845e-05	0.257881	0.9940625474905019,0.005937212557488502,2.399520095980804e-07
432	1524289247	5000.0	0.001	1.55845e-05	0.705998	0.9846928214357129,0.015283983203359329,2.3195360927814438e-05
428	3583557322	5000.0	0.001	1.55845e-05	-0.006426	0.9971541691661667,0.002845750849830034,7.998400319936013e-08
431	3926359765	5000.0	0.001	1.55845e-05	-0.158639	0.9942532693461308,0.0057464907018596285,2.399520095980804e-07
436	1955675888	5000.0	0.001	1.55845e-05	3.236481	0.7293478904219156,0.2655136172765447,0.005138132373525295,3.5992801439712056e-07
435	526202599	5000.0	0.001	1.55845e-05	0.021425	0.9990232353529294,0.0009767646470705859
441	3733516029	5000.0	0.001	1.55845e-05	-0.016686	0.9942534293141372,0.0057435312937412514,3.039392121575685e-06
437	3371132657	5000.0	0.001	1.55845e-05	-0.171739	0.9775274145170966,0.02243407318536293,3.85122975404919e-05
434	2443034338	5000.0	0.001	1.55845e-05	0.384180	0.9854637072585483,0.014534933013397321,1.3597280543891223e-06
433	1062762208	5000.0	0.001	1.55845e-05	5.525696	0.8368851829634073,0.16275808838232353,0.0003567286542691462
429	2406373072	5000.0	0.001	1.55845e-05	-0.086973	0.994534173165367,0.0054657868426314735,3.9992001599680065e-08
442	1477183231	5000.0	0.001	1.55845e-05	-0.771786	0.9841316536692661,0.015865106978604278,3.239352129574085e-06
440	282443517	5000.0	0.001	1.55845e-05	-0.008376	0.9968825034993002,0.00311749650069986
443	1973290750	5000.0	0.001	1.55845e-05	0.009683	0.9974830633873225,0.0025169366126774643
444	2318051069	5000.0	0.001	1.55845e-05	-0.021996	0.9945185362927415,0.005478064387122576,3.3993201359728056e-06
446	3002140421	5000.0	0.001	1.55845e-05	0.407574	0.9876506698660268,0.012348170365926815,1.159768046390722e-06
438	512761590	5000.0	0.001	1.55845e-05	2.232254	0.9531368926214757,0.04671401719656069,0.00014909018196360727
439	2260041463	5000.0	0.001	1.55845e-05	-0.002055	0.9848839832033593,0.015115376924615077,6.39872025594881e-07
445	3547019005	5000.0	0.001	1.55845e-05	0.000930	0.9987467706458708,0.001250869826034793,2.359528094381124e-06
452	2803306268	5000.0	0.001	1.55845e-05	2.371019	0.9563471305738852,0.04364803039392121,4.839032193561288e-06
448	2526828305	5000.0	0.001	1.55845e-05	0.098967	0.991122375524895,0.008877304539092181,3.199360127974405e-07
453	868601633	5000.0	0.001	1.55845e-05	-2.258425	0.9399844031193761,0.05741467706458708,0.002600879824035193,3.9992001599680065e-08
447	728901387	5000.0	0.001	1.55845e-05	0.055175	0.9828651869626075,0.017128334333133374,6.47870425914817e-06
449	337327892	5000.0	0.001	1.55845e-05	-2.710200	0.9487861227754449,0.0509374925014997,5.934813037392521e-05,0.0002170365926814637
450	3444360980	5000.0	0.001	1.55845e-05	-0.521852	0.979534173165367,0.020209278144371127,0.0002565486902619476
451	1053765404	5000.0	0.001	1.55845e-05	0.231549	0.9837979204159168,0.016024715056988603,0.0001773645270945811
455	283428653	5000.0	0.001	1.55845e-05	-0.253402	0.9887742851429714,0.011176764647070585,4.89502099580084e-05
454	344698660	5000.0	0.001	1.55845e-05	0.319243	0.9717575684863028,0.019219196160767848,0.00897756448710258,4.5670865826834635e-05
457	706084669	5000.0	0.001	1.55845e-05	0.136057	0.9942288342331533,0.005770725854829034,4.399120175964807e-07
456	33337139	5000.0	0.001	1.55845e-05	-0.074222	0.9907960807838432,0.00920247950409918,1.4397120575884822e-06
458	32972612	5000.0	0.001	1.55845e-05	-0.101320	0.9928083583283344,0.00718632273545291,5.318936212757449e-06
462	739483495	5000.0	0.001	1.55845e-05	0.808776	0.9651821635672866,0.03480615876824635,1.1677664467106578e-05
463	1846413165	5000.0	0.001	1.55845e-05	0.041528	0.9934112777444511,0.00658872225554889
460	371152723	5000.0	0.001	1.55845e-05	0.673998	0.9789416516696661,0.020988082383523295,7.026594681063787e-05
459	3831193423	5000.0	0.001	1.55845e-05	0.631975	0.989655948810238,0.01034377124575085,2.7994401119776043e-07
464	515340151	5000.0	0.001	1.55845e-05	0.552647	0.9876682663467307,0.012330773845230954,9.598080383923216e-07
461	1728864090	5000.0	0.001	1.55845e-05	1.863568	0.8798140371925615,0.1200250349930014,0.00016092781443711259
466	3848191875	5000.0	0.001	1.55845e-05	0.809907	0.955051349730054,0.04493185362927415,1.6796640671865626e-05
467	3897870214	5000.0	0.001	1.55845e-05	-0.013124	0.9959396520695861,0.0040559488102379524,4.399120175964807e-06
465	2757318519	5000.0	0.001	1.55845e-05	-0.141722	0.9842359528094381,0.01574001199760048,2.403519296140772e-05
468	3084824456	5000.0	0.001	1.55845e-05	1.197536	0.9462055588882223,0.0537748450309938,1.959608078384323e-05
469	227708808	5000.0	0.001	1.55845e-05	-1.063655	0.9722727454509098,0.027719256148770247,7.998400319936012e-06
470	2152087435	5000.0	0.001	1.55845e-05	-0.058132	0.9968477904419116,0.0031469706058788243,5.238952209558089e-06
472	1153275787	5000.0	0.001	1.55845e-05	-0.057030	0.9888129574085183,0.01118628274345131,7.598480303939212e-07
471	2207125387	5000.0	0.001	1.55845e-05	-0.003502	0.9950139172165567,0.004985722855428914,3.5992801439712056e-07
473	3079325583	5000.0	0.001	1.55845e-05	-0.028033	0.9976509098180364,0.0023425714857028593,6.518696260747851e-06
474	1858041752	5000.0	0.001	1.55845e-05	0.177841	0.9860563487302539,0.013937332533493302,6.3187362527494505e-06
477	2784597920	5000.0	0.001	1.55845e-05	-0.071468	0.9976175964807038,0.0023824035192961408
478	2113398691	5000.0	0.001	1.55845e-05	0.320249	0.9909008598280344,0.009030273945210958,6.886622675464908e-05
476	1406398364	5000.0	0.001	1.55845e-05	-0.175926	0.9869139372125575,0.01308490301939612,1.159768046390722e-06
475	2796779419	5000.0	0.001	1.55845e-05	0.056908	0.9939557288542291,0.006031073785242951,1.3197360527894422e-05
479	716119971	5000.0	0.001	1.55845e-05	0.044953	0.998108698260348,0.0018898220355928815,1.4797040591881624e-06
480	29841320	5000.0	0.001	1.55845e-05	0.050276	0.9972660667866426,0.002732773445310938,1.159768046390722e-06
484	3467896769	5000.0	0.001	1.55845e-05	0.510493	0.987362447510498,0.012599320135972805,3.823235352929414e-05
482	4165312430	5000.0	0.001	1.55845e-05	-0.150619	0.9914895020995801,0.008510177964407119,3.199360127974405e-07
483	925104060	5000.0	0.001	1.55845e-05	-0.054106	0.9976600679864027,0.002339012197560488,9.198160367926415e-07
486	2431643591	5000.0	0.001	1.55845e-05	-0.086980	0.997343651269746,0.00265622875424915,1.199760047990402e-07
485	2131797955	5000.0	0.001	1.55845e-05	0.692185	0.9819944411117777,0.01795624875024995,4.931013797240552e-05
489	2671538124	5000.0	0.001	1.55845e-05	-0.562450	0.9782173565286942,0.02177752449510098,5.118976204759048e-06
488	1755869131	5000.0	0.001	1.55845e-05	-0.407140	0.9903103779244151,0.009687822435512897,1.799640071985603e-06
491	2998147042	5000.0	0.001	1.55845e-05	-0.084847	0.9942082383523295,0.005790761847630474,9.998000399920016e-07
481	2789486509	5000.0	0.001	1.55845e-05	0.916459	0.9619938812237553,0.037588642271545694,0.00041747650469906017
487	3808825289	5000.0	0.001	1.55845e-05	-0.408693	0.987103099380124,0.012880863827234553,1.6036792641471705e-05
492	3494385637	5000.0	0.001	1.55845e-05	1.560104	0.9342311137772445,0.06572593481303739,4.295140971805639e-05
494	914294762	5000.0	0.001	1.55845e-05	0.542649	0.8305622075584883,0.1692013197360528,0.00023647270545890822
493	2800420840	5000.0	0.001	1.55845e-05	0.005566	0.9905446510697861,0.009455268946210758,7.998400319936013e-08
497	3210067952	5000.0	0.001	1.55845e-05	0.340638	0.9847145370925815,0.015285262947410517,1.9996000799840033e-07
495	1512581098	5000.0	0.001	1.55845e-05	1.037133	0.9802773445310938,0.019721855628874223,7.998400319936013e-07
490	3152322514	5000.0	0.001	1.55845e-05	0.001411	0.9988611077784443,0.0011388922215556888
496	2499221486	5000.0	0.001	1.55845e-05	-0.088680	0.9931593681263747,0.006840111977604479,5.198960207958409e-07
498	2147362806	5000.0	0.001	1.55845e-05	0.131437	0.9967093781243751,0.003290581883623275,3.9992001599680065e-08
499	1779654651	5000.0	0.001	1.55845e-05	-0.398140	0.9910017596480704,0.00895628874225155,4.195160967806439e-05
