sim_id	seed	popsize	selcoef	mutrate	velocity	profile
5	465891347	5000.0	0.001	3.2e-05	-0.231888	0.9853735652869426,0.014594601079784043,3.183363327334533e-05
17	3075782715	5000.0	0.001	3.2e-05	0.157667	0.978929574085183,0.021063107378524296,7.318536292741451e-06
2	4153772040	5000.0	0.001	3.2e-05	0.112982	0.9816967806438712,0.01830097980403919,2.2395520895820834e-06
16	1518788660	5000.0	0.001	3.2e-05	-0.007318	0.9936941011797641,0.006224475104979004,8.142371525694861e-05
9	3967461411	5000.0	0.001	3.2e-05	-0.060127	0.9912068786242751,0.008788362327534494,4.759048190361927e-06
4	1486161937	5000.0	0.001	3.2e-05	0.051186	0.9899271745650869,0.010071545690861827,1.279744051189762e-06
3	837318670	5000.0	0.001	3.2e-05	0.143499	0.9448127174565087,0.05514697060587882,4.031193761247751e-05
7	2944999450	5000.0	0.001	3.2e-05	0.197209	0.9730824635072985,0.026887102579484103,3.0433913217356527e-05
0	1760600071	5000.0	0.001	3.2e-05	-0.662055	0.9361146170765847,0.06387358528294342,1.1797640471905619e-05
10	3596767272	5000.0	0.001	3.2e-05	0.660923	0.8701470905818837,0.12973069386122776,0.00012221555688862227
6	1883955225	5000.0	0.001	3.2e-05	-0.583937	0.9647306138772246,0.03476120775844831,0.0005081783643271346
12	144664618	5000.0	0.001	3.2e-05	-0.167409	0.9835274545090982,0.01644359128174365,2.8954209158168366e-05
19	2252716099	5000.0	0.001	3.2e-05	0.131766	0.9656357528494302,0.03390113977204559,0.0004631073785242951
13	321220651	5000.0	0.001	3.2e-05	0.003844	0.9893080583883224,0.01068502299540092,6.918616276744651e-06
11	969928746	5000.0	0.001	3.2e-05	-0.114625	0.8781558088382323,0.12173245350929814,0.0001117376524695061
14	4125296685	5000.0	0.001	3.2e-05	-0.279778	0.9790227954409119,0.02097404519096181,3.1593681263747252e-06
18	3220344893	5000.0	0.001	3.2e-05	0.898159	0.9480671465706859,0.05164855028994201,0.00028430313937212557
1	1737052168	5000.0	0.001	3.2e-05	-0.051434	0.988136772645471,0.011860547890421916,2.679464107178564e-06
8	2384508960	5000.0	0.001	3.2e-05	-0.908493	0.9373434913017397,0.0626009198160368,5.558888222355529e-05
15	4132474924	5000.0	0.001	3.2e-05	0.282125	0.9714408318336333,0.02851533693261348,4.347130573885223e-05,3.5992801439712056e-07
20	361379921	5000.0	0.001	3.2e-05	0.061328	0.9740098780243951,0.02598232353529294,7.798440311937612e-06
21	498210902	5000.0	0.001	3.2e-05	0.548124	0.9326274345130974,0.06685830833833234,0.0005142571485702859
23	2766708825	5000.0	0.001	3.2e-05	0.335079	0.9833615676864627,0.016635672865426915,2.7594481103779245e-06
27	1012285551	5000.0	0.001	3.2e-05	0.632519	0.9137320535892821,0.0860495100979804,0.00021843631273745252
31	766072947	5000.0	0.001	3.2e-05	0.078366	0.9886786642671466,0.011284263147370526,3.707258548290342e-05
33	2247067766	5000.0	0.001	3.2e-05	1.334140	0.887014677064587,0.11258540291941611,0.0003996400719856029,2.7994401119776043e-07
29	511469678	5000.0	0.001	3.2e-05	-0.244887	0.9841907618476304,0.01580135972805439,7.878424315136973e-06
34	269949049	5000.0	0.001	3.2e-05	0.109996	0.9797443311337732,0.020243351329734052,1.231753649270146e-05
32	3868194932	5000.0	0.001	3.2e-05	0.088425	0.98999400119976,0.010004439112177564,1.5596880623875224e-06
26	1853243502	5000.0	0.001	3.2e-05	0.095238	0.9908434313137372,0.009153889222155568,2.679464107178564e-06
36	1380063356	5000.0	0.001	3.2e-05	0.197466	0.976177524495101,0.023774205158968206,4.827034593081384e-05
40	3498569868	5000.0	0.001	3.2e-05	-0.541299	0.968129774045191,0.03185854829034193,1.1677664467106578e-05
28	3010314351	5000.0	0.001	3.2e-05	-0.147548	0.9921459708058389,0.007853469306138772,5.598880223955209e-07
41	2494072978	5000.0	0.001	3.2e-05	0.032869	0.9932454309138172,0.006738652269546091,1.5916816636672664e-05
42	3512137886	5000.0	0.001	3.2e-05	-0.140699	0.9905732053589282,0.009426394721055789,3.9992001599680065e-07
22	4059068502	5000.0	0.001	3.2e-05	-0.084507	0.9931884023195361,0.006808598280343931,2.999400119976005e-06
37	3757211778	5000.0	0.001	3.2e-05	-0.015617	0.9902271945610878,0.00977264547090582,1.5996800639872026e-07
35	223516795	5000.0	0.001	3.2e-05	-0.244911	0.982397800439912,0.017597000599880026,5.198960207958408e-06
43	3302846626	5000.0	0.001	3.2e-05	-0.393109	0.9762623875224955,0.022029354129174165,0.001707738452309538,5.198960207958409e-07
38	1388580998	5000.0	0.001	3.2e-05	-0.012310	0.9941754049190162,0.005823435312937412,1.159768046390722e-06
45	2673467565	5000.0	0.001	3.2e-05	0.291996	0.9769688862227555,0.02301639672065587,1.4717056588682264e-05
24	437203035	5000.0	0.001	3.2e-05	-0.008625	0.992724175164967,0.007269626074785043,6.19876024795041e-06
30	3355795570	5000.0	0.001	3.2e-05	-0.228518	0.9880365526894621,0.011955208958208358,8.238352329534093e-06
39	1079111819	5000.0	0.001	3.2e-05	-0.202444	0.9850835432913417,0.01490993801239752,6.518696260747851e-06
47	698984630	5000.0	0.001	3.2e-05	-1.167067	0.9350431913617276,0.0648614677064587,9.534093181363727e-05
49	3693963451	5000.0	0.001	3.2e-05	0.010411	0.9641523295340931,0.03576856628674265,7.910417916416717e-05
46	3139840178	5000.0	0.001	3.2e-05	-0.020918	0.9871295340931814,0.012233633273345331,0.0006368326334733053
25	2551806058	5000.0	0.001	3.2e-05	-0.457542	0.9788721455708859,0.021081103779244152,4.6750649870025995e-05
48	2949105850	5000.0	0.001	3.2e-05	-0.076565	0.9870920615876825,0.012898180363927215,9.758048390321935e-06
44	1457100972	5000.0	0.001	3.2e-05	-0.054564	0.9723653669266147,0.02760995800839832,2.46750649870026e-05
51	1845346496	5000.0	0.001	3.2e-05	-0.010399	0.9575377724455109,0.0419256548690262,0.0005365726854629074
50	2637537471	5000.0	0.001	3.2e-05	-0.082832	0.983700699860028,0.016291461707658467,7.838432313537292e-06
54	3438280904	5000.0	0.001	3.2e-05	0.212984	0.9808309938012397,0.01913257348530294,3.643271345730854e-05
53	882825415	5000.0	0.001	3.2e-05	0.197604	0.9655814837032594,0.0337126174765047,0.0007058988202359528
58	3613880544	5000.0	0.001	3.2e-05	0.094416	0.9914110777844432,0.008584443111377724,4.479104179164167e-06
59	1357945059	5000.0	0.001	3.2e-05	0.419106	0.946790601879624,0.05182827434513097,0.0013809638072385523,1.5996800639872026e-07
64	1742326002	5000.0	0.001	3.2e-05	-0.005394	0.9939184963007398,0.006073905218956209,7.5984803039392126e-06
65	2495021300	5000.0	0.001	3.2e-05	1.296634	0.9177132573485303,0.08016768646270746,0.0021190161967606477,3.9992001599680065e-08
60	3912251620	5000.0	0.001	3.2e-05	-0.214364	0.9504985402919416,0.04949630073985203,5.158968206358728e-06
66	2161778933	5000.0	0.001	3.2e-05	0.892476	0.9354575084983003,0.05921507698460308,0.005323655268946211,3.759248150369926e-06
63	2582614252	5000.0	0.001	3.2e-05	-0.013922	0.7837780443911218,0.21125254949010197,0.004875544891021795,9.38612277544491e-05
68	982634748	5000.0	0.001	3.2e-05	0.093792	0.9303582883423316,0.06961527694461107,2.6434713057388524e-05
52	162230470	5000.0	0.001	3.2e-05	0.043002	0.9917426914617077,0.00825110977804439,6.19876024795041e-06
69	2474662154	5000.0	0.001	3.2e-05	0.042493	0.9590059588082384,0.04075576884623076,0.0002382723455308938
72	3171985687	5000.0	0.001	3.2e-05	-0.134469	0.966879624075185,0.033104459108178365,1.5916816636672664e-05
73	3937892633	5000.0	0.001	3.2e-05	-0.851267	0.9581052989402119,0.04186126774645071,3.343331333733253e-05
55	589000909	5000.0	0.001	3.2e-05	-1.229893	0.9353160567886423,0.06442807438512298,0.00025586882623475306
57	1751130325	5000.0	0.001	3.2e-05	-0.089652	0.9726958608278344,0.027248670265946812,5.546890621875625e-05
75	2291349791	5000.0	0.001	3.2e-05	-0.080523	0.9863358928214357,0.01364499100179964,1.911617676464707e-05
74	3318946078	5000.0	0.001	3.2e-05	0.017353	0.9924818236352729,0.007515936812637473,2.2395520895820834e-06
62	1693354216	5000.0	0.001	3.2e-05	0.307984	0.9531811637672466,0.0467874825034993,3.135372925414917e-05
71	435636500	5000.0	0.001	3.2e-05	0.030410	0.9946880623875225,0.005311697660467907,2.399520095980804e-07
70	3017650448	5000.0	0.001	3.2e-05	-0.126703	0.9863081383723256,0.013640831833633273,5.102979404119176e-05
56	831850708	5000.0	0.001	3.2e-05	-0.048273	0.9888755048990202,0.011122735452909418,1.7596480703859228e-06
67	516581624	5000.0	0.001	3.2e-05	-0.006352	0.9699827234553089,0.029995680863827236,2.1595680863827235e-05
61	1337118949	5000.0	0.001	3.2e-05	0.016428	0.9933914417116577,0.006583523295340932,2.503499300139972e-05
80	1078931762	5000.0	0.001	3.2e-05	0.018331	0.937057148570286,0.06280927814437112,0.00013345330933813238,1.199760047990402e-07
78	835266859	5000.0	0.001	3.2e-05	0.297277	0.9736574285142972,0.024367766446710657,0.001974765046990602,3.9992001599680065e-08
79	401887534	5000.0	0.001	3.2e-05	1.633184	0.9399187762447511,0.06004223155368926,3.8992201559688064e-05
76	2506418464	5000.0	0.001	3.2e-05	-0.024049	0.9926571885622876,0.007329814037192561,1.2997400519896021e-05
77	3509565730	5000.0	0.001	3.2e-05	-0.104372	0.9814032393521296,0.01859496100779844,1.799640071985603e-06
81	38334771	5000.0	0.001	3.2e-05	0.014915	0.9969013797240552,0.003098460307938412,1.5996800639872026e-07
83	2724405560	5000.0	0.001	3.2e-05	-0.144311	0.9734113177364527,0.026585802839432113,2.8794241151769645e-06
84	1909029177	5000.0	0.001	3.2e-05	0.084715	0.9839081783643271,0.01599144171165767,0.00010037992401519697
85	345792841	5000.0	0.001	3.2e-05	-1.869435	0.9204148370325935,0.07778152369526095,0.001803639272145571
89	1697266023	5000.0	0.001	3.2e-05	0.001553	0.9886455108978205,0.011323095380923815,3.139372125574885e-05
88	1350265188	5000.0	0.001	3.2e-05	-0.170398	0.9753882023595281,0.024603239352129574,8.558288342331533e-06
91	1301557610	5000.0	0.001	3.2e-05	-0.254506	0.9716581083783243,0.028329534093181365,1.235752849430114e-05
92	525504874	5000.0	0.001	3.2e-05	-1.834555	0.8758735852829435,0.12391873625274945,0.00020767846430713857
82	2082257207	5000.0	0.001	3.2e-05	0.182680	0.9869659668066386,0.013027234553089382,6.798640271945611e-06
99	1614346617	5000.0	0.001	3.2e-05	0.197558	0.9733359728054389,0.02661975604879024,4.427114577084583e-05
100	1431452026	5000.0	0.001	3.2e-05	0.718953	0.9535824435112977,0.046384003199360126,3.3553289342131575e-05
86	4121850190	5000.0	0.001	3.2e-05	0.027726	0.9929287342531494,0.007070625874825035,6.39872025594881e-07
96	3492465011	5000.0	0.001	3.2e-05	0.015501	0.9765993601279744,0.023299300139972005,9.91001799640072e-05,2.2395520895820834e-06
97	2164476277	5000.0	0.001	3.2e-05	-1.196103	0.8269339332133573,0.1715881623675265,0.0014778244351129773,7.998400319936013e-08
105	2667006360	5000.0	0.001	3.2e-05	0.160233	0.9865162567486503,0.01347866426714657,5.078984203159368e-06
90	3651451240	5000.0	0.001	3.2e-05	0.554185	0.9513330133973206,0.04860659868026395,6.0387922415516896e-05
87	1200580962	5000.0	0.001	3.2e-05	0.160201	0.9821784443111378,0.017815556888622276,5.99880023995201e-06
103	869890453	5000.0	0.001	3.2e-05	0.130853	0.9890419516096781,0.010956808638272345,1.2397520495900819e-06
104	3240864149	5000.0	0.001	3.2e-05	0.019386	0.9892777444511098,0.01071641671665667,5.838832233553289e-06
95	2227693937	5000.0	0.001	3.2e-05	-0.035898	0.9938229554089182,0.006165646870625875,1.1397720455908818e-05
94	2773242225	5000.0	0.001	3.2e-05	-0.039669	0.9791604879024195,0.020806878624275146,3.263347330533893e-05
106	1213458841	5000.0	0.001	3.2e-05	-0.057025	0.9921642071585682,0.007783923215356928,5.186962607478504e-05
102	1314728334	5000.0	0.001	3.2e-05	2.498240	0.8092723055388922,0.18943399320135973,0.0012937012597480503
108	2142040478	5000.0	0.001	3.2e-05	0.983508	0.908522375524895,0.09143255348930214,4.507098580283943e-05
107	1718616475	5000.0	0.001	3.2e-05	0.029938	0.9936268746250749,0.006372765446910618,3.5992801439712056e-07
101	687223164	5000.0	0.001	3.2e-05	0.024866	0.9951842031593682,0.004813037392521495,2.7594481103779245e-06
93	716169580	5000.0	0.001	3.2e-05	0.103701	0.9920539092181564,0.007944331133773245,1.7596480703859228e-06
98	2639485301	5000.0	0.001	3.2e-05	0.195172	0.9771234553089382,0.022710777844431113,0.00016576684663067388
110	427588002	5000.0	0.001	3.2e-05	-0.646921	0.9612004399120176,0.03876772645470906,3.183363327334533e-05
114	2900920765	5000.0	0.001	3.2e-05	-0.268244	0.9868794641071785,0.01311637672465507,4.159168166366727e-06
113	257409467	5000.0	0.001	3.2e-05	-0.933757	0.8321361727654469,0.16725938812237554,0.0006044391121775645
115	2373810628	5000.0	0.001	3.2e-05	0.016633	0.9799886422715457,0.019986842631473704,2.451509698060388e-05
123	1987764704	5000.0	0.001	3.2e-05	-0.383838	0.9463306938612277,0.0536121575684863,5.7148570285942814e-05
119	1973680587	5000.0	0.001	3.2e-05	-0.443712	0.9741156568686262,0.025659508098380322,0.00022483503299340133
122	1428261337	5000.0	0.001	3.2e-05	1.061772	0.8891859628074386,0.10946574685062987,0.001348130373925215,1.5996800639872026e-07
118	2239871434	5000.0	0.001	3.2e-05	-0.119734	0.9658367926414717,0.03373097380523895,0.00043223355328934215
109	666311073	5000.0	0.001	3.2e-05	-0.053093	0.8355738052389522,0.16312825434913017,0.0012979404119176166
124	1214290403	5000.0	0.001	3.2e-05	0.055591	0.9765192961407718,0.023458108378324335,2.2595480903819235e-05
125	1503971813	5000.0	0.001	3.2e-05	0.121085	0.9892371525694861,0.010757048590281943,5.798840231953609e-06
126	3019031015	5000.0	0.001	3.2e-05	0.850827	0.9576010797840432,0.042112097580483905,0.0002868226354729054
117	3275766218	5000.0	0.001	3.2e-05	-0.136979	0.9878607478504299,0.011918056388722256,0.00022115576884623075,3.9992001599680065e-08
112	32154040	5000.0	0.001	3.2e-05	-0.101128	0.8583160167966407,0.141399600079984,0.00028438312337532496
111	1525066147	5000.0	0.001	3.2e-05	0.331536	0.9827190961807638,0.017276424715056988,4.479104179164167e-06
129	1693843950	5000.0	0.001	3.2e-05	1.408740	0.9116374325134973,0.08729006198760247,0.0010724655068986202,3.9992001599680065e-08
116	74338760	5000.0	0.001	3.2e-05	-0.086272	0.9553784443111377,0.04443819236152769,0.0001833633273345331
130	3917185519	5000.0	0.001	3.2e-05	0.001880	0.9894959808038393,0.010502779444111177,1.2397520495900819e-06
128	709671405	5000.0	0.001	3.2e-05	0.173005	0.9429862827434513,0.056476624675064986,0.0005370925814837033
132	1423872499	5000.0	0.001	3.2e-05	-0.113160	0.976333373325335,0.02348282343531294,0.00018380323935212958
120	2656578004	5000.0	0.001	3.2e-05	-0.084002	0.9911360527894421,0.00848250349930014,0.0003813637272545491,7.998400319936013e-08
133	1982597621	5000.0	0.001	3.2e-05	0.060731	0.9810205158968206,0.018976644671065787,2.8394321135772845e-06
121	1983517144	5000.0	0.001	3.2e-05	0.070221	0.9913114977004599,0.008681703659268146,6.798640271945611e-06
135	2667102709	5000.0	0.001	3.2e-05	0.377480	0.9290477504499101,0.06855524895020995,0.0023968406318736254,1.5996800639872026e-07
134	2624283125	5000.0	0.001	3.2e-05	-0.065654	0.9891844031193762,0.010813237352529493,2.359528094381124e-06
139	2701654525	5000.0	0.001	3.2e-05	0.616497	0.9568719056188763,0.043122135572885426,5.958808238352329e-06
136	801724920	5000.0	0.001	3.2e-05	-0.191699	0.9844024395120976,0.015572245550889822,2.531493701259748e-05
127	695273961	5000.0	0.001	3.2e-05	0.031913	0.989000599880024,0.010995520895820836,3.879224155168966e-06
138	3355904502	5000.0	0.001	3.2e-05	-0.007017	0.995275624875025,0.004724175164967007,1.9996000799840033e-07
131	29430256	5000.0	0.001	3.2e-05	0.019029	0.9950758648270346,0.004807278544291142,0.00011685662867426515
146	617429529	5000.0	0.001	3.2e-05	0.006532	0.9950685862827434,0.0049302939412117575,1.1197760447910417e-06
144	2509642261	5000.0	0.001	3.2e-05	-0.203557	0.9886210357928414,0.011376964607078585,1.999600079984003e-06
143	451590675	5000.0	0.001	3.2e-05	0.023648	0.9774022395520896,0.022555648870225955,4.211157768446311e-05
147	518763039	5000.0	0.001	3.2e-05	-0.263307	0.8963926814637072,0.10343123375324935,0.00017608478304339132
137	279081464	5000.0	0.001	3.2e-05	-0.874583	0.9563769646070786,0.04244399120175965,0.0011775244951009799,1.5196960607878424e-06
145	2306062871	5000.0	0.001	3.2e-05	-0.063325	0.9941718856228754,0.005824075184963007,4.039192161567687e-06
141	3408230915	5000.0	0.001	3.2e-05	0.028754	0.9844974605078984,0.015499180163967207,3.359328134373125e-06
155	4130912819	5000.0	0.001	3.2e-05	-0.049929	0.992373925214957,0.007624875024995001,1.199760047990402e-06
157	310846008	5000.0	0.001	3.2e-05	-0.119897	0.988227874425115,0.011769406118776245,2.7194561087782445e-06
153	3747920433	5000.0	0.001	3.2e-05	0.004858	0.9919564087182563,0.008040511897620476,3.079384123175365e-06
148	3751039528	5000.0	0.001	3.2e-05	0.348319	0.9265674465106979,0.07133329334133173,0.0020991801639672065,7.998400319936013e-08
150	694104620	5000.0	0.001	3.2e-05	-0.064047	0.9775172965406919,0.022474025194961007,8.678264347130574e-06
140	3788155391	5000.0	0.001	3.2e-05	-0.086118	0.9766095180963807,0.02334129174165167,4.919016196760648e-05
152	3701975598	5000.0	0.001	3.2e-05	0.178449	0.9746471905618876,0.02512613477304539,0.0002266746650669866
158	1835946554	5000.0	0.001	3.2e-05	-0.041740	0.9891856028794241,0.010810317936412718,4.079184163167366e-06
154	723245618	5000.0	0.001	3.2e-05	-0.158181	0.9640303939212158,0.035951169766046794,1.843631273745251e-05
149	2211508778	5000.0	0.001	3.2e-05	0.037809	0.9774983803239352,0.022168046390721854,0.00033353329334133175,3.9992001599680065e-08
160	4277445183	5000.0	0.001	3.2e-05	0.325773	0.9710920215956809,0.028895460907818436,1.251749650069986e-05
151	1496838700	5000.0	0.001	3.2e-05	0.082825	0.9888881423715257,0.01108874225154969,2.3115376924615077e-05
161	389034562	5000.0	0.001	3.2e-05	1.502905	0.9385767646470706,0.06133981203759248,8.342331533693261e-05
162	2207588931	5000.0	0.001	3.2e-05	0.191203	0.9913655668866227,0.008626874625074984,7.558488302339532e-06
142	866025998	5000.0	0.001	3.2e-05	-0.265811	0.9696815836832633,0.03029494101179764,2.3475304939012197e-05
156	2179768882	5000.0	0.001	3.2e-05	0.815717	0.9429884423115377,0.05698488302339532,2.6674665066986603e-05
159	957985342	5000.0	0.001	3.2e-05	-0.525888	0.9654203959208159,0.03446726654669066,0.0001123375324935013
173	1540618857	5000.0	0.001	3.2e-05	-0.792971	0.9368377124575085,0.06305238952209558,0.00010977804439112178,1.199760047990402e-07
166	3811093082	5000.0	0.001	3.2e-05	-0.060379	0.990025074985003,0.009443311337732454,0.0005316136772645471
170	464065122	5000.0	0.001	3.2e-05	-0.197027	0.9046713057388522,0.09509466106778644,0.00023403319336132774
172	1467863653	5000.0	0.001	3.2e-05	0.165358	0.9882606278744251,0.011734373125374925,4.999000199960008e-06
174	1033497193	5000.0	0.001	3.2e-05	-0.383186	0.9782596280743852,0.021707538492301538,3.2833433313337335e-05
169	2221757025	5000.0	0.001	3.2e-05	-0.343703	0.9697891221755649,0.030191841631673665,1.903619276144771e-05
176	2331269742	5000.0	0.001	3.2e-05	0.243548	0.9852167166566687,0.014781603679264147,1.6796640671865626e-06
171	2350099044	5000.0	0.001	3.2e-05	-0.297784	0.982950449910018,0.017040471905618877,9.078184363127375e-06
164	2728759886	5000.0	0.001	3.2e-05	-0.317385	0.9561525294941012,0.04202247550489902,0.0018248350329934013,1.5996800639872026e-07
167	3095595614	5000.0	0.001	3.2e-05	-0.148865	0.9894580683863228,0.01054125174965007,6.798640271945611e-07
178	2546133627	5000.0	0.001	3.2e-05	0.947263	0.8627874425114977,0.13653261347730453,0.0006799440111977604
165	3301200463	5000.0	0.001	3.2e-05	-1.378754	0.9385446910617876,0.06110865826834633,0.0003466506698660268
179	1314073218	5000.0	0.001	3.2e-05	-0.131646	0.9641212157568486,0.035748090381923614,0.00013069386122775445
168	1115546207	5000.0	0.001	3.2e-05	0.277354	0.9834403119376125,0.016544011197760448,1.5676864627074585e-05
163	1231800904	5000.0	0.001	3.2e-05	0.040794	0.9912426314737053,0.008477864427114576,0.00027950409918016395
182	4221389465	5000.0	0.001	3.2e-05	-2.980171	0.7655098180363927,0.2338873025394921,0.000602879424115177
183	2286736039	5000.0	0.001	3.2e-05	-2.280239	0.9108765846830634,0.04309714057188562,0.045630793841231754,0.00039548090381923617
184	3522071207	5000.0	0.001	3.2e-05	0.923331	0.9489939212157569,0.049815236952609476,0.0011908418316336732
185	2156180139	5000.0	0.001	3.2e-05	0.194865	0.9878219156168766,0.012015796840631874,0.0001622875424915017
181	3128404629	5000.0	0.001	3.2e-05	0.044714	0.9694789842031594,0.024080343931213756,0.006427194561087783,1.3477304539092181e-05
175	222005870	5000.0	0.001	3.2e-05	0.002770	0.9956757048590282,0.00432121575684863,3.079384123175365e-06
186	1718950578	5000.0	0.001	3.2e-05	1.162150	0.9433987202559488,0.05558492301539692,0.0010159568086382724,3.9992001599680065e-07
187	1432378034	5000.0	0.001	3.2e-05	-0.229017	0.986125174965007,0.013847630473905219,2.7194561087782445e-05
189	2431707836	5000.0	0.001	3.2e-05	0.017404	0.9935911617676465,0.006403319336132774,5.518896220755849e-06
180	2413904532	5000.0	0.001	3.2e-05	-0.003652	0.9936145970805839,0.006381883623275345,3.5192961407718455e-06
177	1897052789	5000.0	0.001	3.2e-05	0.128192	0.988479024195161,0.011518256348730254,2.7194561087782445e-06
193	2997830344	5000.0	0.001	3.2e-05	-0.802225	0.9659812437512497,0.033999240151969604,1.951609678064387e-05
195	3504104141	5000.0	0.001	3.2e-05	0.543087	0.9737948410317936,0.026154849030193963,5.030993801239752e-05
192	1762532039	5000.0	0.001	3.2e-05	-0.131593	0.9849421715656869,0.01504767046590682,1.0157968406318736e-05
188	1793022645	5000.0	0.001	3.2e-05	0.035510	0.9863391721655669,0.013649710057988403,1.1117776444711057e-05
194	4229309131	5000.0	0.001	3.2e-05	0.041201	0.9831070585882823,0.016885662867426515,7.278544291141772e-06
190	3025932989	5000.0	0.001	3.2e-05	0.123738	0.9847178564287142,0.015231673665266947,5.046990601879624e-05
200	4034228961	5000.0	0.001	3.2e-05	-0.021173	0.965396200759848,0.03458992201559688,1.3877224555088982e-05
198	3652201176	5000.0	0.001	3.2e-05	0.797340	0.8702037192561488,0.1288494301139772,0.0009468106378724255,3.9992001599680065e-08
196	1949887184	5000.0	0.001	3.2e-05	-0.063214	0.9901821635672865,0.009810517896420717,7.318536292741451e-06
206	2952635119	5000.0	0.001	3.2e-05	-0.177600	0.9897940811837632,0.01020387922415517,2.039592081583683e-06
199	2726175450	5000.0	0.001	3.2e-05	-0.869566	0.962896900619876,0.03655648870225955,0.0005465706858628274,3.9992001599680065e-08
204	4226247401	5000.0	0.001	3.2e-05	2.428252	0.8791406518696261,0.12067482503499301,0.00018404319136172765,4.799040191961608e-07
201	4159470312	5000.0	0.001	3.2e-05	0.169493	0.9851899220155969,0.014777684463107378,3.2393521295740854e-05
191	304583358	5000.0	0.001	3.2e-05	-0.057084	0.9930555888822236,0.006941851629674065,2.559488102379524e-06
209	1557525239	5000.0	0.001	3.2e-05	0.254344	0.9854835832833433,0.014425314937012598,9.110177964407118e-05
210	2751021824	5000.0	0.001	3.2e-05	0.343468	0.9392265546890622,0.060690461907618475,8.298340331933613e-05
211	4054504202	5000.0	0.001	3.2e-05	-0.078956	0.9748992201559689,0.024933293341331732,0.0001674865026994601
205	3762338542	5000.0	0.001	3.2e-05	0.098133	0.9672543091381723,0.032638112377524495,0.00010757848430313937
214	2869564177	5000.0	0.001	3.2e-05	0.567790	0.9592436312737452,0.04073921215756848,1.7156568686262747e-05
216	1787716378	5000.0	0.001	3.2e-05	0.090263	0.9920640671865627,0.007933253349330134,2.679464107178564e-06
202	2867610345	5000.0	0.001	3.2e-05	-0.006353	0.9901881223755249,0.009809078184363128,2.7994401119776045e-06
203	3668916970	5000.0	0.001	3.2e-05	0.420882	0.942469626074785,0.05720363927214557,0.00032673465306938613
215	3779713811	5000.0	0.001	3.2e-05	-0.084269	0.9897380123975205,0.01009754049190162,0.00016444711057788443
197	785046227	5000.0	0.001	3.2e-05	-0.527511	0.9659008598280344,0.034066426714657067,3.271345730853829e-05
217	6337314	5000.0	0.001	3.2e-05	-0.134868	0.9846518296340732,0.015345410917816436,2.7594481103779245e-06
212	528507659	5000.0	0.001	3.2e-05	-0.113945	0.986094701059788,0.013333773245350929,0.0005715256948610278
213	2753717008	5000.0	0.001	3.2e-05	0.141391	0.9853167766446711,0.014681903619276146,1.319736052789442e-06
220	632423218	5000.0	0.001	3.2e-05	3.657952	0.826102699460108,0.1719258148370326,0.0019713257348530295,1.5996800639872026e-07
219	1704377129	5000.0	0.001	3.2e-05	-0.031188	0.9830693461307738,0.01665502899420116,0.00027558488302339534,3.9992001599680065e-08
218	948253474	5000.0	0.001	3.2e-05	0.009087	0.9756393921215757,0.023930413917216557,0.00043019396120775845
221	4053484342	5000.0	0.001	3.2e-05	-0.004884	0.995475224955009,0.004503979204159168,2.0795840831833633e-05
207	312830709	5000.0	0.001	3.2e-05	-0.021148	0.9869651669666066,0.013028514297140572,6.3187362527494505e-06
208	28429046	5000.0	0.001	3.2e-05	-0.076032	0.9862903819236153,0.013709338132373525,2.7994401119776043e-07
225	3109956420	5000.0	0.001	3.2e-05	0.485300	0.9663176564687063,0.033638112377524496,4.423115376924615e-05
223	2998743868	5000.0	0.001	3.2e-05	-0.111695	0.9884201559688063,0.011530573885222956,4.927014597080584e-05
224	1704508225	5000.0	0.001	3.2e-05	-0.239866	0.9662850229954009,0.033650149970005996,6.482703459308138e-05
227	3333618501	5000.0	0.001	3.2e-05	-1.839898	0.914692901419716,0.0851760047990402,0.00013109378124375124
226	1745769285	5000.0	0.001	3.2e-05	-0.307647	0.9825532893421316,0.017430433913217358,1.6276744651069788e-05
231	212884315	5000.0	0.001	3.2e-05	0.082720	0.9933222555488902,0.006667666466706659,1.0077984403119377e-05
234	2223238002	5000.0	0.001	3.2e-05	0.115481	0.9856723855228954,0.014277864427114578,4.9750049990002e-05
233	3948684132	5000.0	0.001	3.2e-05	0.021349	0.9827097780443911,0.01701027794441112,0.00027990401919616076,3.9992001599680065e-08
236	609694582	5000.0	0.001	3.2e-05	-0.148499	0.9923872025594881,0.007599520095980804,1.327734453109378e-05
239	2708577146	5000.0	0.001	3.2e-05	0.263480	0.9685680863827234,0.03142235552889422,9.558088382323535e-06
238	1470653304	5000.0	0.001	3.2e-05	-0.010173	0.9900676664667066,0.009930773845230953,1.5596880623875224e-06
235	1928297334	5000.0	0.001	3.2e-05	-1.260226	0.8538153169366127,0.1459136572685463,0.0002710257948410318
222	1335794490	5000.0	0.001	3.2e-05	-0.281562	0.9778233953209358,0.022168166366726656,8.438312337532494e-06
242	2817788801	5000.0	0.001	3.2e-05	0.906096	0.9358095180963807,0.06416532693461308,2.515496900619876e-05
243	3627680644	5000.0	0.001	3.2e-05	1.172026	0.8951344131173765,0.10424599080183963,0.0006195560887822435,3.9992001599680065e-08
237	652702584	5000.0	0.001	3.2e-05	0.223995	0.9716575884823035,0.028265226954609077,7.718456308738252e-05
228	2120311623	5000.0	0.001	3.2e-05	-0.717753	0.9613372925414917,0.03764887022595481,0.0010138372325534893
244	2332277640	5000.0	0.001	3.2e-05	-0.149555	0.9791458108378325,0.020785682863427316,6.850629874025195e-05
229	1379142480	5000.0	0.001	3.2e-05	-0.281544	0.9717507298540292,0.02824511097780444,4.159168166366727e-06
232	4014299998	5000.0	0.001	3.2e-05	-0.013540	0.9873194561087782,0.012678104379124176,2.439512097580484e-06
245	911577997	5000.0	0.001	3.2e-05	-2.525728	0.8344469106178765,0.1645604879024195,0.0009924415116976605,1.5996800639872026e-07
230	2760278870	5000.0	0.001	3.2e-05	-0.019484	0.9925472905418916,0.007450709858028395,1.999600079984003e-06
240	3775431551	5000.0	0.001	3.2e-05	-0.193831	0.9893123375324935,0.010681463707258549,6.19876024795041e-06
246	4014246806	5000.0	0.001	3.2e-05	0.076635	0.990868426314737,0.00908258348330334,4.899020195960808e-05
248	2590239640	5000.0	0.001	3.2e-05	0.136208	0.9852313137372526,0.014129174165166966,0.0006389922015596881,5.198960207958409e-07
241	647322497	5000.0	0.001	3.2e-05	-0.009551	0.9972686662667467,0.0027311337732453507,1.9996000799840033e-07
250	3790334878	5000.0	0.001	3.2e-05	-0.244607	0.9759491701659668,0.023738092381523697,0.0003127374525094981
247	4002329495	5000.0	0.001	3.2e-05	0.027308	0.9874793441311738,0.012520175964807038,4.799040191961608e-07
258	53646255	5000.0	0.001	3.2e-05	1.409405	0.9229254549090182,0.07689574085182964,0.00017880423915216958
257	3475356591	5000.0	0.001	3.2e-05	2.067418	0.8668412317536492,0.12747070585882825,0.005686342731453709,1.7196560687862428e-06
255	2135630765	5000.0	0.001	3.2e-05	0.109441	0.9190757048590282,0.08078416316736653,0.00014013197360527893
249	152578969	5000.0	0.001	3.2e-05	-0.386964	0.9724130373925215,0.027564047190561887,2.2915416916616678e-05
259	1499528113	5000.0	0.001	3.2e-05	0.263537	0.9896721055788842,0.010321895620875824,5.99880023995201e-06
252	1969384359	5000.0	0.001	3.2e-05	0.135096	0.9865076184763047,0.01348614277144571,6.23875224955009e-06
256	3355689901	5000.0	0.001	3.2e-05	-1.478270	0.9399280143971206,0.05979308138372325,0.00027890421915616876
251	1969752998	5000.0	0.001	3.2e-05	1.563469	0.9299719256148771,0.06973461307738452,0.0002934613077384523
262	1321298876	5000.0	0.001	3.2e-05	1.130639	0.9409118976204759,0.05849410117976405,0.000594001199760048
265	2537401282	5000.0	0.001	3.2e-05	-0.886366	0.924598600279944,0.07524587082583484,0.00015552889422115577
253	458847144	5000.0	0.001	3.2e-05	1.106058	0.9047850029994001,0.09399172165566887,0.001223235352929414,3.9992001599680065e-08
254	3451655081	5000.0	0.001	3.2e-05	0.128692	0.9867485302939412,0.01298616276744651,0.00026530693861227757
269	192113620	5000.0	0.001	3.2e-05	-0.094290	0.9903115376924615,0.009685342931413717,3.119376124775045e-06
270	2773537748	5000.0	0.001	3.2e-05	0.052594	0.9946805038992201,0.005243871225754849,7.5624875024995e-05
261	3877254074	5000.0	0.001	3.2e-05	-0.493501	0.9468601879624076,0.053013317336532695,0.00012649470105978805
260	1727351734	5000.0	0.001	3.2e-05	-0.095530	0.989862227554489,0.010137092581483704,6.798640271945611e-07
263	2558995390	5000.0	0.001	3.2e-05	0.078695	0.9799762447510498,0.019497100579884023,0.0005265746850629874,7.998400319936013e-08
272	3251635159	5000.0	0.001	3.2e-05	0.167638	0.9837911217756449,0.016203239352129573,5.6388722255548894e-06
275	3832988647	5000.0	0.001	3.2e-05	-0.768988	0.8439401719656069,0.15593337332533494,0.00012645470905818835
271	1165611989	5000.0	0.001	3.2e-05	-0.007156	0.9954071185762847,0.0045914817036592686,1.3997200559888023e-06
278	3955375093	5000.0	0.001	3.2e-05	0.018970	0.9951858828234353,0.004262227554489103,0.0005518896220755849
273	3475428317	5000.0	0.001	3.2e-05	0.150089	0.9840791041791642,0.0158998200359928,2.1075784843031393e-05
274	2883394533	5000.0	0.001	3.2e-05	0.057064	0.9905958408318336,0.009403439312137572,7.198560287942411e-07
264	3551792064	5000.0	0.001	3.2e-05	-0.277455	0.9818679064187162,0.01800975804839032,0.0001223355328934213
268	2402886606	5000.0	0.001	3.2e-05	0.171066	0.975201199760048,0.024792921415716856,5.878824235152969e-06
266	183978949	5000.0	0.001	3.2e-05	-1.249699	0.9042203959208158,0.056144131173765245,0.03860491901619676,0.0010302739452109579,2.7994401119776043e-07
276	727964656	5000.0	0.001	3.2e-05	0.535024	0.9633069786042792,0.03660759848030394,8.542291541691662e-05
280	23989244	5000.0	0.001	3.2e-05	1.365367	0.8797491301739652,0.12008842231553689,0.0001624475104979004
277	1761983475	5000.0	0.001	3.2e-05	0.159987	0.9841668066386723,0.015823595280943813,9.598080383923215e-06
279	2313395195	5000.0	0.001	3.2e-05	0.054477	0.9892789842031594,0.010668906218756248,5.210957808438312e-05
283	1030960130	5000.0	0.001	3.2e-05	0.100821	0.9847111377724456,0.01528626274745051,2.599480103979204e-06
267	3537392585	5000.0	0.001	3.2e-05	0.099624	0.9899320135972806,0.010064067186562687,3.839232153569286e-06,7.998400319936013e-08
287	2550723594	5000.0	0.001	3.2e-05	0.014498	0.9635615276944611,0.03641387722455509,2.459508098380324e-05
288	2266233874	5000.0	0.001	3.2e-05	0.103331	0.9863467306538692,0.013651029794041192,2.2395520895820834e-06
289	3134862361	5000.0	0.001	3.2e-05	0.068597	0.9897772445510897,0.010222035592881424,7.198560287942411e-07
292	1216875545	5000.0	0.001	3.2e-05	-0.043016	0.9890317536492701,0.010967206558688262,1.0397920415916818e-06
282	3974489088	5000.0	0.001	3.2e-05	0.604084	0.9715149770045991,0.026256068786242752,0.00222875424915017,1.9996000799840033e-07
291	598410267	5000.0	0.001	3.2e-05	0.030469	0.9923603679264147,0.007635152969406119,4.479104179164167e-06
281	2508039163	5000.0	0.001	3.2e-05	-0.024731	0.9832855828834233,0.01670633873225355,8.078384323135373e-06
295	2465680436	5000.0	0.001	3.2e-05	0.234901	0.9769178564287142,0.023077104579084184,5.038992201559688e-06
290	2565098522	5000.0	0.001	3.2e-05	-0.090827	0.9851559688062388,0.014835632873425314,8.398320335932813e-06
296	1512782902	5000.0	0.001	3.2e-05	0.616549	0.9695198560287942,0.030064507098580284,0.0004156368726254749
294	3573701672	5000.0	0.001	3.2e-05	0.115644	0.9610152369526095,0.03740495900819836,0.0015798040391921616
285	1064446982	5000.0	0.001	3.2e-05	0.509727	0.8971079384123175,0.10238284343131374,0.0005092181563687262
284	4267138052	5000.0	0.001	3.2e-05	0.147392	0.9914909018196361,0.008507778444311137,1.319736052789442e-06
299	2874915902	5000.0	0.001	3.2e-05	0.392937	0.9751610477904419,0.02471997600479904,0.00011869626074785043,2.7994401119776043e-07
293	4152536102	5000.0	0.001	3.2e-05	-0.109979	0.9907314537092582,0.009168126374725055,0.00010041991601679664
286	3938003976	5000.0	0.001	3.2e-05	-0.641954	0.9657848030393921,0.03420655868826235,8.638272345530894e-06
300	1187750977	5000.0	0.001	3.2e-05	0.040224	0.9560444711057788,0.04357920415916817,0.0003748050389922016,1.5196960607878424e-06
303	1899920479	5000.0	0.001	3.2e-05	0.225882	0.9861444111177764,0.013851989602079584,3.599280143971206e-06
297	3990094902	5000.0	0.001	3.2e-05	-1.613084	0.9662346330733853,0.011987642471505699,0.021764367126574685,1.3357328534293142e-05
302	662359127	5000.0	0.001	3.2e-05	0.035265	0.9912170365926815,0.008772645470905819,1.0317936412717456e-05
306	2107202665	5000.0	0.001	3.2e-05	0.035337	0.9896613877224555,0.010335692861427714,2.9194161167766445e-06
304	2493342817	5000.0	0.001	3.2e-05	0.063682	0.9706049990001999,0.029104539092181563,0.00029034193161367726,1.199760047990402e-07
309	3382580340	5000.0	0.001	3.2e-05	-0.018919	0.9780423115376925,0.021946690661867628,1.0997800439912018e-05
307	3338896497	5000.0	0.001	3.2e-05	-0.404048	0.9534409118176365,0.04647442511497701,8.46630673865227e-05
298	706892856	5000.0	0.001	3.2e-05	0.000462	0.9915200959808038,0.00845758848230354,2.2315536892621475e-05
305	3714120803	5000.0	0.001	3.2e-05	-0.097641	0.9915439712057589,0.008447030593881223,8.998200359928014e-06
311	3028491386	5000.0	0.001	3.2e-05	0.236809	0.9884914617076584,0.011506818636272745,1.7196560687862428e-06
312	1545616507	5000.0	0.001	3.2e-05	-0.255084	0.9849530893821236,0.014887862427514498,0.00015904819036192762
310	2701368437	5000.0	0.001	3.2e-05	-0.039027	0.9946668666266747,0.004953089382123575,0.0003797640471905619,2.7994401119776043e-07
315	2991332486	5000.0	0.001	3.2e-05	0.144473	0.9801403719256149,0.01854221155768846,0.0013174165166966606
308	1503786099	5000.0	0.001	3.2e-05	0.533890	0.9741092181563688,0.02274613077384523,0.0031440911817636474,5.598880223955209e-07
301	713593929	5000.0	0.001	3.2e-05	-0.000421	0.9975630473905219,0.0024363127374525096,6.39872025594881e-07
321	2125210766	5000.0	0.001	3.2e-05	-0.099843	0.9863761647670466,0.013618516296740652,5.318936212757449e-06
319	1021815946	5000.0	0.001	3.2e-05	-0.105479	0.9921332133573285,0.00786618676264747,5.99880023995201e-07
320	1728031886	5000.0	0.001	3.2e-05	0.098433	0.9901583283343331,0.009829074185162967,1.259748050389922e-05
313	1375536252	5000.0	0.001	3.2e-05	0.003116	0.9970001199760048,0.002999720055988802,1.5996800639872026e-07
326	3801593007	5000.0	0.001	3.2e-05	0.027531	0.9780550289942012,0.021918696260747852,2.6274745050989802e-05
327	4105311410	5000.0	0.001	3.2e-05	0.129031	0.9791806038792241,0.020815836832633473,3.5592881423715255e-06
314	1377737853	5000.0	0.001	3.2e-05	0.104586	0.886952849430114,0.11270489902019597,0.000342251549690062
329	1992238281	5000.0	0.001	3.2e-05	-0.241044	0.9331558888222355,0.06576588682263547,0.0010782243551289742
328	1571570868	5000.0	0.001	3.2e-05	1.270382	0.9301526094781044,0.06943219356128774,0.0004151969606078784
322	3562058915	5000.0	0.001	3.2e-05	-0.008348	0.994696100779844,0.005302379524095181,1.5196960607878424e-06
316	3913780360	5000.0	0.001	3.2e-05	-0.157010	0.9565670465906818,0.043338172365526895,9.478104379124175e-05
317	1180269704	5000.0	0.001	3.2e-05	1.202148	0.9681882023595281,0.0061376524695060984,0.025295060987802438,0.0003790841831633673
318	3104302218	5000.0	0.001	3.2e-05	0.029134	0.9849285342931414,0.015047110577884423,2.435512897420516e-05
330	3278259402	5000.0	0.001	3.2e-05	-0.033521	0.9915199360127974,0.008479384123175365,6.798640271945611e-07
323	2845951140	5000.0	0.001	3.2e-05	-0.202900	0.9891433313337332,0.010852229554089182,4.439112177564487e-06
331	3896077515	5000.0	0.001	3.2e-05	-0.914815	0.9434568686262748,0.056350889822035594,0.00019212157568486302,1.199760047990402e-07
325	1893106861	5000.0	0.001	3.2e-05	-0.771842	0.9516828634273146,0.048256988602279546,6.0147970405918814e-05
332	4182445257	5000.0	0.001	3.2e-05	1.087960	0.8880808238352329,0.11092325534893022,0.0009949610077984402,9.598080383923216e-07
324	3684238506	5000.0	0.001	3.2e-05	0.298573	0.9719810437912417,0.02794005198960208,7.890421915616876e-05
334	3978683604	5000.0	0.001	3.2e-05	-0.002158	0.983322375524895,0.016673825234953008,3.7992401519696063e-06
335	2578586836	5000.0	0.001	3.2e-05	0.218515	0.9576614277144571,0.04232149570085983,1.7076584683063386e-05
342	2967432480	5000.0	0.001	3.2e-05	-0.117331	0.9921997600479904,0.007799600079984003,6.39872025594881e-07
339	3662697709	5000.0	0.001	3.2e-05	-0.593813	0.9398226354729055,0.060045710857828435,0.00013165366926614678
343	3019140384	5000.0	0.001	3.2e-05	-0.082484	0.9914249150169966,0.008574125174965006,9.598080383923216e-07
347	191049009	5000.0	0.001	3.2e-05	-0.326488	0.9862918616276745,0.013689222155568887,1.891621675664867e-05
346	435453233	5000.0	0.001	3.2e-05	-0.730969	0.9685702859428115,0.031381923615276947,4.779044191161768e-05
348	4074358070	5000.0	0.001	3.2e-05	-0.214005	0.9473834433113377,0.05224859028194361,0.00036796640671865627
349	2702576957	5000.0	0.001	3.2e-05	-0.360574	0.9272513897220556,0.07255988802239552,0.0001887222555488902
333	1051325647	5000.0	0.001	3.2e-05	0.013279	0.992808398320336,0.007180163967206559,1.1437712457508499e-05
350	1982688574	5000.0	0.001	3.2e-05	-0.514727	0.9697174965006998,0.030245590881823634,3.6912617476504696e-05
338	3804046569	5000.0	0.001	3.2e-05	-0.038395	0.9943181763647271,0.0056784243151369726,3.3993201359728056e-06
352	3076894018	5000.0	0.001	3.2e-05	-0.092269	0.9880984603079385,0.011896660667866427,4.879024195160968e-06
336	425628894	5000.0	0.001	3.2e-05	-0.027758	0.9907366126774645,0.009260507898420317,2.8794241151769645e-06
341	4125216017	5000.0	0.001	3.2e-05	-0.080705	0.9877587282543492,0.012240911817636473,3.5992801439712056e-07
337	82832616	5000.0	0.001	3.2e-05	0.616454	0.9179292941411717,0.08115900819836033,0.0009116976604679064
353	337712453	5000.0	0.001	3.2e-05	0.196484	0.9609848430313938,0.037716456708658266,0.0012891021795640872,9.598080383923215e-06
345	2277559600	5000.0	0.001	3.2e-05	-0.477847	0.9243752449510098,0.07549514097180564,0.00012961407718456309
340	790508791	5000.0	0.001	3.2e-05	-0.009821	0.9941523295340932,0.00584751049790042,1.5996800639872026e-07
351	2546974016	5000.0	0.001	3.2e-05	-0.044739	0.9927344131173765,0.007265226954609078,3.5992801439712056e-07
344	3835213090	5000.0	0.001	3.2e-05	-0.015319	0.969369726054789,0.030593561287742453,3.67126574685063e-05
355	133735772	5000.0	0.001	3.2e-05	-0.124706	0.9818483103379324,0.018093981203759248,5.770845830833833e-05
359	1771883890	5000.0	0.001	3.2e-05	0.645087	0.9722027194561088,0.027584163167366525,0.00021311737652469505
358	1903439218	5000.0	0.001	3.2e-05	-0.042454	0.995625474905019,0.004374525094981004
360	171568502	5000.0	0.001	3.2e-05	0.803765	0.9587298540291942,0.040990601879624076,0.00027934413117376526,1.9996000799840033e-07
361	1914019190	5000.0	0.001	3.2e-05	0.058941	0.9760869426114777,0.02372973405318936,0.00018332333533293342
365	3898637709	5000.0	0.001	3.2e-05	-0.062148	0.9930145170965807,0.00694253149370126,4.295140971805639e-05
367	3342708113	5000.0	0.001	3.2e-05	0.424700	0.9759816036792641,0.024012037592481505,6.35872825434913e-06
366	3099792782	5000.0	0.001	3.2e-05	0.007721	0.9936652269546091,0.006328294341131774,6.47870425914817e-06
354	3576429911	5000.0	0.001	3.2e-05	0.066808	0.9867081383723255,0.01328254349130174,9.318136372725454e-06
356	1702231395	5000.0	0.001	3.2e-05	0.148099	0.988725174965007,0.011121735652869426,0.0001530893821235753
369	3038049695	5000.0	0.001	3.2e-05	0.131237	0.9888083183363328,0.011191001799640072,6.798640271945611e-07
364	2033798535	5000.0	0.001	3.2e-05	-0.000148	0.9934852629474105,0.006514137172565487,5.99880023995201e-07
363	1172190595	5000.0	0.001	3.2e-05	0.620116	0.9646555088982204,0.03414609078184363,0.0011984003199360129
357	3330688366	5000.0	0.001	3.2e-05	0.117143	0.9902049990002,0.00969502099580084,9.998000399920016e-05
377	4232203716	5000.0	0.001	3.2e-05	-0.795562	0.9681306538692261,0.031754609078184365,0.00011473705258948211
374	2547645882	5000.0	0.001	3.2e-05	0.086957	0.9859964407118577,0.013953129374125175,5.042991401719656e-05
372	1107848629	5000.0	0.001	3.2e-05	-0.975002	0.9005884423115377,0.09842935412917417,0.000982123575284943,7.998400319936013e-08
370	4237127080	5000.0	0.001	3.2e-05	-0.214958	0.9743583683263347,0.025624195160967807,1.743651269746051e-05
362	2510466430	5000.0	0.001	3.2e-05	0.191552	0.990202799440112,0.009774125174965008,2.3075384923015396e-05
380	4222832082	5000.0	0.001	3.2e-05	0.044974	0.989027474505099,0.010788002399520095,0.0001845230953809238
368	1497535893	5000.0	0.001	3.2e-05	0.017466	0.973894101179764,0.026066866626674665,3.903219356128774e-05
375	3128903103	5000.0	0.001	3.2e-05	0.830721	0.9298341531693661,0.07004731053789243,0.0001185362927414517
378	4065420752	5000.0	0.001	3.2e-05	-0.179510	0.9400770645870826,0.059732933413317334,0.00019000199960007998
381	3365299666	5000.0	0.001	3.2e-05	-0.583731	0.9678093981203759,0.03217384523095381,1.6756648670265946e-05
384	1467731435	5000.0	0.001	3.2e-05	1.562615	0.8723192561487703,0.12480811837632473,0.0028584283143371324,1.4197160567886423e-05
379	1037235664	5000.0	0.001	3.2e-05	0.000438	0.9855443311337733,0.014448030393921216,7.638472305538892e-06
371	517352884	5000.0	0.001	3.2e-05	-0.396102	0.8898653869226155,0.1086892221555689,0.0014453909218156368
382	1803318756	5000.0	0.001	3.2e-05	1.171975	0.943104899020196,0.05638260347930414,0.0005122575484903019,2.399520095980804e-07
373	2007608758	5000.0	0.001	3.2e-05	0.364607	0.9810979404119177,0.018880863827234553,2.1195760847830434e-05
383	2624933352	5000.0	0.001	3.2e-05	-0.702759	0.9185648470305939,0.08101439712057588,0.00042075584883023394
385	3201795572	5000.0	0.001	3.2e-05	-1.040642	0.9140125174965007,0.08576584683063387,0.00022155568886222756,7.998400319936013e-08
376	758238658	5000.0	0.001	3.2e-05	-0.194902	0.9822492701459709,0.017591121775644872,0.00015960807838432314
387	706141704	5000.0	0.001	3.2e-05	0.153517	0.9334355128974205,0.0665130173965207,5.146970605878824e-05
388	646051337	5000.0	0.001	3.2e-05	-0.254706	0.9705546090781844,0.02937632473505299,6.906618676264747e-05
386	87148028	5000.0	0.001	3.2e-05	-0.213034	0.9774087182563488,0.022509538092381525,8.174365126974605e-05
390	1201620491	5000.0	0.001	3.2e-05	-0.054583	0.9946070785842831,0.005391561687662467,1.3597280543891223e-06
393	3552435744	5000.0	0.001	3.2e-05	-0.174728	0.9418064387122576,0.05809442111577685,9.914017196560688e-05
396	503801385	5000.0	0.001	3.2e-05	-0.081786	0.9938041991601679,0.00619372125574885,2.0795840831833635e-06
398	1352703533	5000.0	0.001	3.2e-05	-0.008762	0.9956933813237353,0.004306458708258349,1.5996800639872026e-07
399	60802607	5000.0	0.001	3.2e-05	-1.010260	0.9596406718656268,0.04033209358128374,2.7234553089382125e-05
389	3414930953	5000.0	0.001	3.2e-05	-0.122150	0.9862499100179964,0.013742771445710858,7.318536292741451e-06
395	2809142822	5000.0	0.001	3.2e-05	-0.370924	0.9444337132573485,0.05378636272745451,0.0017797640471905619,1.5996800639872026e-07
404	1144290870	5000.0	0.001	3.2e-05	0.387693	0.9792957408518297,0.020581483703259348,0.0001227754449110178
405	650495545	5000.0	0.001	3.2e-05	-0.197128	0.9923586882623475,0.006759448110377924,0.0008817036592681463,1.5996800639872026e-07
403	1303127606	5000.0	0.001	3.2e-05	-0.188818	0.9731001799640072,0.02689266146770646,7.1585682863427314e-06
406	1993922108	5000.0	0.001	3.2e-05	0.116589	0.9877234153169366,0.012267066586682663,9.518096380723854e-06
397	297612845	5000.0	0.001	3.2e-05	0.040929	0.992669426114777,0.007323255348930214,7.318536292741451e-06
408	376188481	5000.0	0.001	3.2e-05	0.687350	0.9292500699860028,0.070324975004999,0.00042355528894221157,1.3997200559888023e-06
410	2476414541	5000.0	0.001	3.2e-05	-0.704302	0.8863417716456709,0.1135380123975205,0.00012021595680863827
411	3135489617	5000.0	0.001	3.2e-05	-0.133242	0.9925028194361127,0.007481863627274545,1.5316936612677465e-05
391	400498201	5000.0	0.001	3.2e-05	0.053406	0.9761900819836032,0.0184371925614877,0.005368566286742651,4.159168166366727e-06
407	896869949	5000.0	0.001	3.2e-05	-0.078283	0.9883762047590482,0.01162139572085583,2.399520095980804e-06
412	2856093272	5000.0	0.001	3.2e-05	1.528171	0.9235258948210358,0.07629466106778644,0.00017944411117776444
392	2788376093	5000.0	0.001	3.2e-05	-0.035343	0.8970703459308138,0.08638272345530894,0.016521895620875825,2.503499300139972e-05
413	115074648	5000.0	0.001	3.2e-05	0.022004	0.9857469306138772,0.01419632073585283,5.674865026994601e-05
400	422034992	5000.0	0.001	3.2e-05	0.505132	0.9529546090781844,0.04650953809238152,0.000535372925414917,4.799040191961608e-07
409	2637403718	5000.0	0.001	3.2e-05	-0.156836	0.9888481903619276,0.011146850629874026,4.9590081983603276e-06
394	4018122273	5000.0	0.001	3.2e-05	-0.795953	0.9264235952809438,0.07328586282743452,0.00029054189162167564
415	2370129506	5000.0	0.001	3.2e-05	0.016153	0.9937163367326535,0.006273145370925815,1.0517896420715856e-05
414	1885382240	5000.0	0.001	3.2e-05	-0.076712	0.9876667866426715,0.0119375324935013,0.00039248150369926017,3.1993601279744052e-06
402	3564002869	5000.0	0.001	3.2e-05	-0.061047	0.975416676664667,0.024258148370325933,0.0003251749650069986
416	1873075816	5000.0	0.001	3.2e-05	0.553161	0.9726359528094382,0.026544731053789242,0.0008193161367726455
401	3413325360	5000.0	0.001	3.2e-05	-0.015472	0.9909824035192961,0.009015716856628674,1.879624075184963e-06
419	4065433198	5000.0	0.001	3.2e-05	0.117818	0.9871560087982404,0.012837752449510098,6.23875224955009e-06
422	4153667195	5000.0	0.001	3.2e-05	-0.305636	0.9414843431313737,0.0583622875424915,0.00015336932613477304
421	2723620468	5000.0	0.001	3.2e-05	-0.016254	0.9938242351529694,0.006175524895020996,2.399520095980804e-07
417	1062485610	5000.0	0.001	3.2e-05	-0.230657	0.95955424915017,0.0402624275144971,0.00018332333533293342
423	1798841984	5000.0	0.001	3.2e-05	0.956707	0.9110436312737452,0.0882635072985403,0.0006928614277144571
420	2756894318	5000.0	0.001	3.2e-05	0.635732	0.9529964807038592,0.04692913417316537,7.438512297540492e-05
425	2023739020	5000.0	0.001	3.2e-05	-0.070078	0.984369926014797,0.015619836032793441,1.0237952409518097e-05
426	2428962448	5000.0	0.001	3.2e-05	1.079659	0.9338446310737852,0.06502963407318536,0.001125734853029394
428	4096173716	5000.0	0.001	3.2e-05	-0.031745	0.9929356128774245,0.007064387122575485
432	1849321118	5000.0	0.001	3.2e-05	-0.086506	0.9757692061587683,0.024217756448710256,1.3037392521495702e-05
433	4229369504	5000.0	0.001	3.2e-05	-0.030180	0.9955666466706659,0.004433153369326134,1.9996000799840033e-07
418	833140332	5000.0	0.001	3.2e-05	-1.051616	0.9485748450309938,0.05140799840031993,1.7156568686262747e-05
437	1000992446	5000.0	0.001	3.2e-05	-0.037160	0.9885601679664067,0.011438432313537292,1.3997200559888023e-06
439	2764977867	5000.0	0.001	3.2e-05	-0.225247	0.9640103179364127,0.03596416716656669,2.551489702059588e-05
435	2831517365	5000.0	0.001	3.2e-05	-0.188889	0.9623991201759649,0.03758936212757449,1.1517696460707858e-05
430	3967188634	5000.0	0.001	3.2e-05	-0.018788	0.9974337932413517,0.0025499300139972007,1.6276744651069788e-05
424	1953787520	5000.0	0.001	3.2e-05	-1.412897	0.859500899820036,0.1392028794241152,0.0012962207558488302
427	4266854034	5000.0	0.001	3.2e-05	0.014696	0.992472825434913,0.006636872625474905,0.0008889422115576885,1.3597280543891223e-06
445	1848334038	5000.0	0.001	3.2e-05	0.288731	0.958304099180164,0.041594121175764845,0.00010177964407118576
436	4067892923	5000.0	0.001	3.2e-05	0.792424	0.8783512097580484,0.12084427114577084,0.0008041991601679664,3.199360127974405e-07
431	2047348379	5000.0	0.001	3.2e-05	0.378726	0.9671776044791042,0.03279652069586083,2.5874825034993e-05
444	3799023313	5000.0	0.001	3.2e-05	0.007760	0.9924958608278345,0.007503819236152769,3.199360127974405e-07
443	2828629713	5000.0	0.001	3.2e-05	-0.141175	0.9599565686862628,0.03998856228754249,5.486902619476105e-05
441	3963264719	5000.0	0.001	3.2e-05	-0.136063	0.9893460507898421,0.010653109378124375,8.398320335932813e-07
442	2490769104	5000.0	0.001	3.2e-05	0.005038	0.9887198960207958,0.011274425114977005,5.678864227154569e-06
447	2511126247	5000.0	0.001	3.2e-05	-0.290052	0.9678547090581884,0.03203203359328134,0.00011325734853029394
446	10919653	5000.0	0.001	3.2e-05	0.253381	0.9775882423515297,0.0223751649670066,3.659268146370726e-05
440	3040579276	5000.0	0.001	3.2e-05	-0.338529	0.9390090781843631,0.06096468706258748,2.623475304939012e-05
438	1192453822	5000.0	0.001	3.2e-05	-0.062363	0.985849150169966,0.014115976804639073,3.487302539492102e-05
429	548609687	5000.0	0.001	3.2e-05	-0.203178	0.9854107578484304,0.01458380323935213,5.438912217556489e-06
434	2102126257	5000.0	0.001	3.2e-05	-0.056708	0.9897611677664467,0.010218636272745451,2.0195960807838434e-05
448	1894911720	5000.0	0.001	3.2e-05	0.013870	0.9819604479104179,0.017980203959208158,5.934813037392521e-05
449	2633567977	5000.0	0.001	3.2e-05	-0.202064	0.9550915416916617,0.04484643071385723,6.202759448110378e-05
450	1737979630	5000.0	0.001	3.2e-05	-1.172573	0.9293031393721256,0.07058736252749451,0.00010949810037992402
455	3106854671	5000.0	0.001	3.2e-05	0.182449	0.987328774245151,0.012664627074585082,6.598680263947211e-06
461	1115160374	5000.0	0.001	3.2e-05	-0.810067	0.9543202959408118,0.04565462907418516,2.50749850029994e-05
459	498265904	5000.0	0.001	3.2e-05	-0.761352	0.9639148970205959,0.03604111177764447,4.399120175964807e-05
460	3701511985	5000.0	0.001	3.2e-05	-0.200636	0.988615076984603,0.01127238552289542,0.0001125374925014997
462	2195226428	5000.0	0.001	3.2e-05	-0.110045	0.9777140971805639,0.02224127174565087,4.463107378524295e-05
458	2781703982	5000.0	0.001	3.2e-05	-0.068374	0.9781482103579284,0.021718176364727053,0.00013361327734453109
451	1494462197	5000.0	0.001	3.2e-05	-0.055758	0.986978124375125,0.013010477904419115,1.1397720455908818e-05
464	127194948	5000.0	0.001	3.2e-05	-0.092777	0.9783316136772645,0.021665746850629875,2.639472105578884e-06
463	3206750018	5000.0	0.001	3.2e-05	0.369907	0.9814335932813437,0.0184874625074985,7.894421115776844e-05
465	3979716421	5000.0	0.001	3.2e-05	0.534209	0.9608837432513497,0.03909134173165367,2.4915016996600678e-05
457	3388706584	5000.0	0.001	3.2e-05	0.331408	0.963177924415117,0.03644303139372126,0.00037900419916016796,3.9992001599680065e-08
468	2772471634	5000.0	0.001	3.2e-05	0.637406	0.9345686462707459,0.056745090981803636,0.008675464907018596,1.0797840431913617e-05
452	1917673219	5000.0	0.001	3.2e-05	-0.961469	0.9380648670265946,0.058632233553289344,0.003285422915416917,1.7476504699060186e-05
453	1630039814	5000.0	0.001	3.2e-05	-1.541921	0.8821680863827235,0.11705402919416116,0.0007778844231153769
454	4283252490	5000.0	0.001	3.2e-05	-0.020289	0.9966259148170366,0.003371125774845031,2.959408118376325e-06
471	2395756382	5000.0	0.001	3.2e-05	1.048244	0.9554537492501499,0.044400319936012796,0.00014593081383723256
456	3757305616	5000.0	0.001	3.2e-05	-0.100444	0.9928532293541291,0.007140691861627675,6.07878424315137e-06
473	1060153202	5000.0	0.001	3.2e-05	1.694542	0.9268620675864827,0.05692397520495901,0.016210517896420716,3.4393121375724856e-06
472	392509285	5000.0	0.001	3.2e-05	-0.351727	0.9726126374725055,0.02735140971805639,3.595280943811238e-05
470	3188727637	5000.0	0.001	3.2e-05	-0.899232	0.8791007798440312,0.12075936812637472,0.0001398520295940812
476	1065482101	5000.0	0.001	3.2e-05	0.190194	0.9732577884423116,0.02671877624475105,2.3435312937412517e-05
466	4214763342	5000.0	0.001	3.2e-05	2.650887	0.8312379524095181,0.16841427714457108,0.00034777044591081783
475	2923202420	5000.0	0.001	3.2e-05	0.034833	0.9950367526494701,0.004961087782443511,2.1595680863827235e-06
479	899635072	5000.0	0.001	3.2e-05	1.019764	0.9448925014997,0.05440095980803839,0.0007062587482503499,2.7994401119776043e-07
474	1606430578	5000.0	0.001	3.2e-05	-0.218110	0.9687217356528695,0.031251869626074784,2.6394721055788843e-05
469	1333657429	5000.0	0.001	3.2e-05	-0.003817	0.9964377124575085,0.003562127574485103,1.5996800639872026e-07
480	125722502	5000.0	0.001	3.2e-05	0.225968	0.9868054389122175,0.013192801439712057,1.7596480703859228e-06
467	2411831121	5000.0	0.001	3.2e-05	0.235044	0.9689604079184163,0.030993481303739252,4.6110777844431116e-05
477	2828877688	5000.0	0.001	3.2e-05	-0.017279	0.9807734853029394,0.01919412117576485,3.2393521295740854e-05
482	2336659338	5000.0	0.001	3.2e-05	0.001048	0.9951850829834034,0.004814077184563087,8.398320335932813e-07
478	198852474	5000.0	0.001	3.2e-05	-0.407113	0.9788801039792041,0.020842111577684463,0.000277744451109778,3.9992001599680065e-08
484	2447931291	5000.0	0.001	3.2e-05	0.973401	0.9150923415316936,0.08408886222755449,0.0008183963207358528,3.9992001599680065e-07
481	1946609545	5000.0	0.001	3.2e-05	-1.310833	0.8586137572485503,0.1394632273545291,0.0019230153969206159
488	2581321659	5000.0	0.001	3.2e-05	0.150450	0.9810107578484303,0.018912537492501498,7.670465906818637e-05
486	542570406	5000.0	0.001	3.2e-05	1.474871	0.9154364327134573,0.08442251549690062,0.0001402119576084783,8.398320335932813e-07
489	279578556	5000.0	0.001	3.2e-05	-0.321798	0.9785657268546291,0.02139892021595681,3.535292941411718e-05
483	665016217	5000.0	0.001	3.2e-05	0.324270	0.9677037792441512,0.032253349330133976,4.2871425714857026e-05
490	4144984011	5000.0	0.001	3.2e-05	-0.237213	0.9861531693661267,0.013453229354129174,0.0003936012797440512
485	3115573155	5000.0	0.001	3.2e-05	0.134041	0.922003399320136,0.07186950609878025,0.006126814637072585,2.7994401119776043e-07
491	915902413	5000.0	0.001	3.2e-05	0.146144	0.8037163367326535,0.18352893421315736,0.012580123975204959,0.00017460507898420317
494	4159635416	5000.0	0.001	3.2e-05	0.077120	0.9583785642871425,0.04158228354329134,3.9152169566086785e-05
499	37388284	5000.0	0.001	3.2e-05	2.369179	0.8907112177564487,0.1026365126974605,0.005882903419316137,0.0007693661267746451
496	15052773	5000.0	0.001	3.2e-05	0.130151	0.9895552889422116,0.010435512897420516,9.198160367926415e-06
497	3300374503	5000.0	0.001	3.2e-05	1.199385	0.9463475704859028,0.053543371325734855,0.00010905818836232754
487	1625626546	5000.0	0.001	3.2e-05	-0.662787	0.9521132173565287,0.046049030193961206,0.0018373525294941011,3.9992001599680065e-07
492	1977810896	5000.0	0.001	3.2e-05	-0.024166	0.9926633873225355,0.0073342931413717255,2.319536092781444e-06
498	52668400	5000.0	0.001	3.2e-05	0.644199	0.8991254949010198,0.10033193361327734,0.0005425314937012597,3.9992001599680065e-08
495	1841997791	5000.0	0.001	3.2e-05	-0.020100	0.981293101379724,0.01869886022795441,8.038392321535693e-06
493	179029968	5000.0	0.001	3.2e-05	0.269208	0.9836483103379324,0.01634517096580684,6.518696260747851e-06
