sim_id	seed	popsize	selcoef	mutrate	velocity	profile
1	2079102983	5000.0	0.001	1.7083e-05	-0.065199	0.9931210557888422,0.006754449110177964,0.00012409518096380724,3.9992001599680065e-07
18	1272055874	5000.0	0.001	1.7083e-05	-0.371153	0.9858936212757449,0.014105258948210358,1.1197760447910417e-06
13	2773940268	5000.0	0.001	1.7083e-05	-0.495237	0.9853867226554689,0.0146123175364927,9.598080383923216e-07
19	3529130053	5000.0	0.001	1.7083e-05	-0.213559	0.9942547890421916,0.00574509098180364,1.199760047990402e-07
8	2680393762	5000.0	0.001	1.7083e-05	-0.214850	0.9918802639472105,0.008112657468506299,7.0785842831433715e-06
5	3822487574	5000.0	0.001	1.7083e-05	-0.104851	0.9848966606678664,0.015101579684063187,1.7596480703859228e-06
6	1447682071	5000.0	0.001	1.7083e-05	-0.057783	0.9971634073185363,0.0028365526894621076,3.9992001599680065e-08
12	946323499	5000.0	0.001	1.7083e-05	-1.291517	0.9749388122375525,0.025046950609878025,1.4237152569486102e-05
3	3125733393	5000.0	0.001	1.7083e-05	2.136782	0.9382139172165567,0.0617627674465107,2.331533693261348e-05
0	3381536771	5000.0	0.001	1.7083e-05	-0.847136	0.9519907218556288,0.046238112377524496,0.0017711657668466306
11	1840058408	5000.0	0.001	1.7083e-05	0.173182	0.9859200559888023,0.01407886422715457,1.0797840431913617e-06
4	143108117	5000.0	0.001	1.7083e-05	-0.091163	0.9947398920215956,0.005259908018396321,1.9996000799840033e-07
2	2353395727	5000.0	0.001	1.7083e-05	-0.254949	0.9735691261747651,0.02640475904819036,2.611477704459108e-05
16	580681793	5000.0	0.001	1.7083e-05	0.187796	0.9936108378324335,0.0063887222555488905,4.399120175964807e-07
10	440309800	5000.0	0.001	1.7083e-05	0.173692	0.9848621075784844,0.015123855228954208,1.4037192561487702e-05
15	2929328187	5000.0	0.001	1.7083e-05	0.041039	0.9973012197560488,0.00269878024395121
7	2760667166	5000.0	0.001	1.7083e-05	-0.559148	0.9185494101179764,0.08140139972005599,4.919016196760648e-05
14	1974417467	5000.0	0.001	1.7083e-05	-0.029325	0.998889702059588,0.0011102579484103179,3.9992001599680065e-08
9	2665891876	5000.0	0.001	1.7083e-05	0.094483	0.9912347930413917,0.00876496700659868,2.399520095980804e-07
17	3450439746	5000.0	0.001	1.7083e-05	0.135823	0.9945531293741252,0.005445870825834833,9.998000399920016e-07
23	2943811689	5000.0	0.001	1.7083e-05	0.519333	0.9645500899820036,0.034889822035592884,0.0005600879824035193
24	1390645357	5000.0	0.001	1.7083e-05	-0.172447	0.9604738252349531,0.039519096180763845,7.0785842831433715e-06
22	3296987234	5000.0	0.001	1.7083e-05	0.017387	0.9929848430313937,0.007014397120575885,7.598480303939212e-07
36	2986305678	5000.0	0.001	1.7083e-05	-0.004649	0.9968123975204959,0.0031752049590081984,1.239752049590082e-05
30	1262909565	5000.0	0.001	1.7083e-05	-0.594953	0.9861426914617076,0.013855748850229953,1.5596880623875224e-06
34	1211545736	5000.0	0.001	1.7083e-05	0.035669	0.9970099180163967,0.0029900819836032795
25	3031588975	5000.0	0.001	1.7083e-05	-0.816396	0.9719970405918816,0.026676864627074585,0.0013260947810437912
29	3836014714	5000.0	0.001	1.7083e-05	0.089811	0.9966845030993802,0.0033154969006198762
35	140529802	5000.0	0.001	1.7083e-05	-0.020001	0.9987645670865827,0.001234873025394921,5.598880223955209e-07
31	2138245248	5000.0	0.001	1.7083e-05	0.205314	0.9786845030993802,0.021314177164567086,1.319736052789442e-06
33	1557330053	5000.0	0.001	1.7083e-05	0.134399	0.981066426714657,0.018925414917016596,8.158368326334732e-06
39	3581085848	5000.0	0.001	1.7083e-05	0.395641	0.9861385322935413,0.01385874825034993,2.7194561087782445e-06
28	2081450101	5000.0	0.001	1.7083e-05	3.255571	0.715374125174965,0.28444431113777247,0.0001815636872625475
26	1153736819	5000.0	0.001	1.7083e-05	-1.607355	0.9349899620075984,0.0649762047590482,3.3833233353329335e-05
21	1169023052	5000.0	0.001	1.7083e-05	-1.043656	0.948880223955209,0.051109818036392723,9.958008398320336e-06
32	1533075588	5000.0	0.001	1.7083e-05	2.000700	0.8839133373325335,0.1159746050789842,0.00011205758848230354
38	767791253	5000.0	0.001	1.7083e-05	-0.022469	0.9921537692461507,0.007845830833833233,3.9992001599680065e-07
27	3210905717	5000.0	0.001	1.7083e-05	0.097467	0.9947285342931413,0.005269306138772246,2.1595680863827235e-06
37	2454888593	5000.0	0.001	1.7083e-05	0.220923	0.9878385922815437,0.012156488702259547,4.919016196760648e-06
20	521517126	5000.0	0.001	1.7083e-05	-0.021968	0.9973310937812437,0.0026689062187562488
45	3939162300	5000.0	0.001	1.7083e-05	0.011213	0.990835072985403,0.009163527294541092,1.3997200559888023e-06
42	1190238370	5000.0	0.001	1.7083e-05	0.112471	0.9937254949010198,0.006232313537292542,4.219156168766247e-05
54	2477662419	5000.0	0.001	1.7083e-05	-0.488846	0.9823534093181364,0.017644591081783643,1.999600079984003e-06
51	4141512908	5000.0	0.001	1.7083e-05	0.024387	0.9879962407518497,0.012003439312137572,3.199360127974405e-07
44	2642358459	5000.0	0.001	1.7083e-05	0.099516	0.9848663067386523,0.015131773645270945,1.919616076784643e-06
52	3888550094	5000.0	0.001	1.7083e-05	-0.171560	0.987850149970006,0.012149570085982803,2.7994401119776043e-07
46	3037046973	5000.0	0.001	1.7083e-05	-0.768162	0.973369126174765,0.026571765646870627,5.910817836432714e-05
40	1079322781	5000.0	0.001	1.7083e-05	-0.386021	0.9834497900419916,0.016547850429914017,2.359528094381124e-06
43	297875642	5000.0	0.001	1.7083e-05	-0.039186	0.99419800039992,0.005800119976004799,1.879624075184963e-06
41	2390984863	5000.0	0.001	1.7083e-05	0.063107	0.9801362927414518,0.019848030393921214,1.5676864627074585e-05
47	2666680510	5000.0	0.001	1.7083e-05	-0.761658	0.9713772445510898,0.028609478104379124,1.327734453109378e-05
50	1565731019	5000.0	0.001	1.7083e-05	-0.114536	0.9955010197960408,0.0044989802039592085
57	2585114842	5000.0	0.001	1.7083e-05	-0.525207	0.9853868026394721,0.011022715456908617,0.0035902019596080782,2.7994401119776043e-07
53	3107719378	5000.0	0.001	1.7083e-05	-0.495736	0.985574725054989,0.014425274945010998
55	2308030676	5000.0	0.001	1.7083e-05	-0.039747	0.9981009398120376,0.0017381723655268946,0.0001608878224355129
49	2437499074	5000.0	0.001	1.7083e-05	0.040386	0.9932386322735453,0.0067604479104179166,9.198160367926415e-07
56	4166271191	5000.0	0.001	1.7083e-05	0.064115	0.9984655868826234,0.0015344131173765246
48	1349441728	5000.0	0.001	1.7083e-05	0.026135	0.9958072385522896,0.004192121575684863,6.39872025594881e-07
58	2343780572	5000.0	0.001	1.7083e-05	0.138012	0.9951813237352529,0.004810957808438312,7.718456308738253e-06
59	2797451490	5000.0	0.001	1.7083e-05	-1.283610	0.968226474705059,0.031760607878424316,1.291741651669666e-05
60	4285677794	5000.0	0.001	1.7083e-05	-0.159929	0.9652057988402319,0.03452905418916217,0.00026514697060587883
61	3453851876	5000.0	0.001	1.7083e-05	0.089864	0.9959657668466306,0.004034033193361328,1.9996000799840033e-07
63	3643494639	5000.0	0.001	1.7083e-05	-0.074659	0.9866099580083983,0.01338992201559688,1.199760047990402e-07
78	1378210081	5000.0	0.001	1.7083e-05	0.029792	0.9984719056188762,0.0015280943811237751
62	3176102121	5000.0	0.001	1.7083e-05	-0.007724	0.9982078384323135,0.0017921615676864627
67	781998329	5000.0	0.001	1.7083e-05	-0.106626	0.9860570685862827,0.013942251549690062,6.798640271945611e-07
76	369500441	5000.0	0.001	1.7083e-05	-0.101651	0.9822147970405919,0.0176123975204959,0.00017280543891221755
68	2797129986	5000.0	0.001	1.7083e-05	0.209570	0.9920845830833833,0.007915016996600679,3.9992001599680065e-07
70	2488697098	5000.0	0.001	1.7083e-05	-0.490415	0.9869174565086982,0.013078304339132174,4.239152169566087e-06
79	2915412257	5000.0	0.001	1.7083e-05	0.282753	0.9863317736452709,0.01366622675464907,1.999600079984003e-06
65	2597761267	5000.0	0.001	1.7083e-05	1.069439	0.9554592281543691,0.04445970805838832,8.10637872425515e-05
66	3537170674	5000.0	0.001	1.7083e-05	-0.069019	0.9949791641671666,0.005020555888822236,2.7994401119776043e-07
75	95797529	5000.0	0.001	1.7083e-05	0.439892	0.990850549890022,0.009148490301939613,9.598080383923216e-07
64	2748571890	5000.0	0.001	1.7083e-05	-1.258665	0.9679700459908018,0.03201991601679664,1.0037992401519696e-05
73	254689550	5000.0	0.001	1.7083e-05	0.244173	0.9913070585882824,0.008688062387522495,4.879024195160968e-06
72	31863052	5000.0	0.001	1.7083e-05	-0.145439	0.9920675464907018,0.00791749650069986,1.4957008598280344e-05
69	3142275336	5000.0	0.001	1.7083e-05	-0.705526	0.964168126374725,0.03582219556088782,9.678064387122576e-06
71	1298731275	5000.0	0.001	1.7083e-05	0.027046	0.9950313137372525,0.004968246350729854,4.399120175964807e-07
74	2064105742	5000.0	0.001	1.7083e-05	0.066447	0.9960884223155368,0.003908538292341532,3.039392121575685e-06
77	2439098655	5000.0	0.001	1.7083e-05	0.101430	0.9951428914217156,0.004856988602279544,1.199760047990402e-07
80	1455872297	5000.0	0.001	1.7083e-05	0.038344	0.9944198360327935,0.005580043991201759,1.199760047990402e-07
81	3430205740	5000.0	0.001	1.7083e-05	0.203690	0.9960409118176364,0.003959088182363527
84	3600283982	5000.0	0.001	1.7083e-05	0.171000	0.9654199560087983,0.03457872425514897,1.319736052789442e-06
96	4211911042	5000.0	0.001	1.7083e-05	-0.064991	0.9973224155168966,0.002677584483103379
90	2942626147	5000.0	0.001	1.7083e-05	0.031842	0.9931059788042391,0.0068939412117576485,7.998400319936013e-08
82	2524600640	5000.0	0.001	1.7083e-05	0.052076	0.9964242351529694,0.003575764847030594
89	2501054813	5000.0	0.001	1.7083e-05	-0.946861	0.9720395120975804,0.027954809038192363,5.678864227154569e-06
91	3898564965	5000.0	0.001	1.7083e-05	-0.797750	0.9821734053189363,0.017814157168566287,1.24375124975005e-05
93	443666798	5000.0	0.001	1.7083e-05	0.167398	0.9907486102779444,0.009249390121975605,1.999600079984003e-06
86	4228598099	5000.0	0.001	1.7083e-05	-0.107810	0.9911162167566486,0.008881423715256949,2.359528094381124e-06
85	2492508496	5000.0	0.001	1.7083e-05	-0.007162	0.9982498300339931,0.0017500899820035993,7.998400319936013e-08
83	2962014530	5000.0	0.001	1.7083e-05	0.701206	0.9838107578484303,0.01618852229554089,7.198560287942411e-07
99	3786805644	5000.0	0.001	1.7083e-05	0.004674	0.9977424915016997,0.002254509098180364,2.999400119976005e-06
94	3381188977	5000.0	0.001	1.7083e-05	0.453884	0.9831564887022596,0.016842231553689264,1.279744051189762e-06
92	3203418471	5000.0	0.001	1.7083e-05	-0.256643	0.9824633473305339,0.017514737052589484,2.1915616876624675e-05
97	2895884674	5000.0	0.001	1.7083e-05	-0.094952	0.9970634273145371,0.0029364127174565085,1.5996800639872026e-07
95	429283708	5000.0	0.001	1.7083e-05	0.198052	0.991389602079584,0.008607758448310339,2.639472105578884e-06
87	1227684180	5000.0	0.001	1.7083e-05	-0.200235	0.9937218956208759,0.006277384523095381,7.198560287942411e-07
88	1600276821	5000.0	0.001	1.7083e-05	-0.129924	0.9918002399520096,0.008193561287742452,6.19876024795041e-06
98	1470935426	5000.0	0.001	1.7083e-05	1.121599	0.974225074985003,0.025769486102779442,5.438912217556489e-06
100	2902450578	5000.0	0.001	1.7083e-05	-0.093561	0.9960076784643072,0.003992281543691262,3.9992001599680065e-08
102	2246840735	5000.0	0.001	1.7083e-05	0.150684	0.9855093381323735,0.014490501899620076,1.5996800639872026e-07
101	1616249242	5000.0	0.001	1.7083e-05	0.967203	0.9786853029394121,0.021312977404519096,1.7196560687862428e-06
111	1854919097	5000.0	0.001	1.7083e-05	0.240680	0.9314399120175965,0.0651122975404919,0.0034474305138972204,3.5992801439712056e-07
110	3313582520	5000.0	0.001	1.7083e-05	0.184209	0.9941660467906419,0.005832753449310138,1.199760047990402e-06
117	100481470	5000.0	0.001	1.7083e-05	0.044702	0.9972584683063387,0.002737612477504499,3.919216156768646e-06
113	2389270971	5000.0	0.001	1.7083e-05	-0.059786	0.9387244951009798,0.061230913817236554,4.4591081783643274e-05
109	337660343	5000.0	0.001	1.7083e-05	-0.140920	0.9933369326134773,0.006662747450509898,3.199360127974405e-07
108	3793418675	5000.0	0.001	1.7083e-05	-0.063848	0.9906400719856029,0.009359728054389123,1.9996000799840033e-07
104	66220451	5000.0	0.001	1.7083e-05	-0.170111	0.977275824835033,0.022716456708658267,7.718456308738253e-06
114	3133968827	5000.0	0.001	1.7083e-05	-0.009515	0.9973183763247351,0.002681623675264947
116	2000210366	5000.0	0.001	1.7083e-05	0.758605	0.9365778444311138,0.0634120375924815,1.0117976404719055e-05
103	4121366943	5000.0	0.001	1.7083e-05	-0.375221	0.9905909218156369,0.009401999600079983,7.0785842831433715e-06
105	1800163755	5000.0	0.001	1.7083e-05	0.005906	0.9988076384723056,0.0011923615276944611
115	2809665975	5000.0	0.001	1.7083e-05	-0.001471	0.998829274145171,0.0011705258948210358,1.9996000799840033e-07
118	3475145153	5000.0	0.001	1.7083e-05	-0.185451	0.9900380723855229,0.009960887822435514,1.0397920415916818e-06
106	3300049328	5000.0	0.001	1.7083e-05	0.132899	0.9946207958408319,0.005379124175164967,7.998400319936013e-08
119	3816972742	5000.0	0.001	1.7083e-05	0.013763	0.9976742651469706,0.0023256948610277943,3.9992001599680065e-08
107	1995116977	5000.0	0.001	1.7083e-05	3.836615	0.9028239552089582,0.09717036592681463,5.678864227154569e-06
112	935643578	5000.0	0.001	1.7083e-05	-1.655299	0.8104523095380923,0.17374013197360527,0.015501059788042391,0.000306498700259948
122	417503693	5000.0	0.001	1.7083e-05	0.266176	0.9912807038592282,0.008715496900619875,3.7992401519696063e-06
121	295023053	5000.0	0.001	1.7083e-05	-0.119578	0.9901335332933413,0.009862787442511498,3.679264147170566e-06
120	127713735	5000.0	0.001	1.7083e-05	-0.061795	0.9938343931213757,0.006165366926614677,2.399520095980804e-07
139	1367702021	5000.0	0.001	1.7083e-05	0.288003	0.9832191961607678,0.016698660267946412,8.214357128574285e-05
135	3584649722	5000.0	0.001	1.7083e-05	0.052789	0.9946754649070186,0.00523003399320136,9.450109978004399e-05
133	1780611570	5000.0	0.001	1.7083e-05	0.322555	0.9841432113577284,0.015820795840831833,3.599280143971206e-05
124	234262997	5000.0	0.001	1.7083e-05	0.025483	0.9929608078384323,0.00703503299340132,4.159168166366727e-06
130	2948549092	5000.0	0.001	1.7083e-05	-0.877159	0.9585378124375125,0.04145198960207958,1.0197960407918416e-05
136	1819988476	5000.0	0.001	1.7083e-05	0.671999	0.9845979204159169,0.015401479704059189,5.99880023995201e-07
132	2299070955	5000.0	0.001	1.7083e-05	0.936480	0.9775527694461108,0.022379204159168168,6.802639472105578e-05
126	2594849241	5000.0	0.001	1.7083e-05	0.066203	0.997226474705059,0.0027734053189362126,1.199760047990402e-07
125	3731235286	5000.0	0.001	1.7083e-05	-0.017876	0.9954467106578684,0.004553289342131573
123	790372818	5000.0	0.001	1.7083e-05	0.088547	0.9964621875624875,0.0035378124375124976
134	71891448	5000.0	0.001	1.7083e-05	0.735340	0.9831519296140772,0.01680631873625275,4.175164967006599e-05
138	706660864	5000.0	0.001	1.7083e-05	0.203770	0.9948666266746651,0.0051330133973205355,3.5992801439712056e-07
129	1014567391	5000.0	0.001	1.7083e-05	-0.837475	0.9835760047990402,0.016409798040391922,1.4197160567886423e-05
127	3404370394	5000.0	0.001	1.7083e-05	-2.895757	0.9200269946010798,0.0798117176564687,0.0001612877424515097
137	2187323900	5000.0	0.001	1.7083e-05	0.747712	0.9769290541891622,0.02160863827234553,0.0014509498100379924,1.1357728454309138e-05
128	432337375	5000.0	0.001	1.7083e-05	0.025351	0.9950705458908219,0.004928654269146171,7.998400319936013e-07
131	2004972009	5000.0	0.001	1.7083e-05	4.063911	0.9131938812237552,0.08608582283543291,0.0007202959408118376
140	1829691916	5000.0	0.001	1.7083e-05	0.021532	0.9856881023795241,0.014303059388122376,8.838232353529294e-06
141	2195669517	5000.0	0.001	1.7083e-05	-2.097346	0.9362959808038392,0.06369666066786643,7.358528294341132e-06
142	3265094159	5000.0	0.001	1.7083e-05	1.121562	0.9392145170965807,0.06072777444511098,5.770845830833833e-05
143	2170630671	5000.0	0.001	1.7083e-05	0.081840	0.9871871225754849,0.012760847830433913,5.202959408118376e-05
145	1458926100	5000.0	0.001	1.7083e-05	0.510857	0.9727972405518897,0.027108098380323936,9.466106778644271e-05
144	435571219	5000.0	0.001	1.7083e-05	1.349952	0.9448403519296141,0.05512381523695261,3.5832833433313335e-05
148	1927676456	5000.0	0.001	1.7083e-05	0.052245	0.9976254349130174,0.0023745250949810037,3.9992001599680065e-08
147	456581672	5000.0	0.001	1.7083e-05	0.206633	0.9940169566086783,0.0059829634073185365,7.998400319936013e-08
146	3161188901	5000.0	0.001	1.7083e-05	0.754773	0.9764442311537692,0.023552209558088382,3.5592881423715255e-06
151	3708955193	5000.0	0.001	1.7083e-05	0.096829	0.9947993201359728,0.005199880023995201,7.998400319936013e-07
149	349921848	5000.0	0.001	1.7083e-05	-0.255927	0.9901164167166566,0.009857068586282743,2.651469706058788e-05
153	4187331137	5000.0	0.001	1.7083e-05	0.825186	0.9763901619676065,0.023594281143771247,1.5556888622275544e-05
152	2324965952	5000.0	0.001	1.7083e-05	1.033803	0.971082223555289,0.02874769046190762,0.00017008598280343932
150	418116152	5000.0	0.001	1.7083e-05	0.448768	0.9851933213357329,0.01480263947210558,4.039192161567687e-06
154	3083801152	5000.0	0.001	1.7083e-05	0.047524	0.9955698060387922,0.004429514097180564,6.798640271945611e-07
157	2992421462	5000.0	0.001	1.7083e-05	0.030134	0.9853216956608678,0.014678024395120975,2.7994401119776043e-07
159	2245390947	5000.0	0.001	1.7083e-05	-0.014198	0.9850838632273545,0.01486746650669866,4.8670265946810635e-05
158	1679155807	5000.0	0.001	1.7083e-05	0.422992	0.9450083983203359,0.0546869826034793,0.00030461907618476304
156	1131194954	5000.0	0.001	1.7083e-05	0.221940	0.9922499100179965,0.007747210557888422,2.8794241151769645e-06
155	4195533380	5000.0	0.001	1.7083e-05	1.222761	0.970280023995201,0.0297124975004999,7.478504299140172e-06
160	133679715	5000.0	0.001	1.7083e-05	-0.094974	0.995871425714857,0.0041269346130773845,1.6396720655868826e-06
162	1531855470	5000.0	0.001	1.7083e-05	0.672321	0.9846845830833834,0.015262907418516297,5.250949810037993e-05
161	1928952420	5000.0	0.001	1.7083e-05	0.655135	0.9812755848830234,0.018537252549490103,0.0001871625674865027
164	1399806579	5000.0	0.001	1.7083e-05	0.499962	0.9859989202159568,0.013999840031993602,1.2397520495900819e-06
163	1277954671	5000.0	0.001	1.7083e-05	0.032961	0.9943592481503699,0.005638832233553289,1.919616076784643e-06
165	1579506300	5000.0	0.001	1.7083e-05	0.031998	0.9985024595080984,0.0014975404919016196
167	1733399168	5000.0	0.001	1.7083e-05	-0.129191	0.9959677264547091,0.004032273545290942
166	1972322943	5000.0	0.001	1.7083e-05	0.016152	0.9962279144171166,0.0037207758448310336,5.130973805238952e-05
168	109312639	5000.0	0.001	1.7083e-05	0.149853	0.9904711057788442,0.00952861427714457,2.7994401119776043e-07
172	4257524367	5000.0	0.001	1.7083e-05	-0.244577	0.9906465906818637,0.009353249350129975,1.5996800639872026e-07
173	2100683415	5000.0	0.001	1.7083e-05	0.164942	0.9897283343331333,0.010270905818836234,7.598480303939212e-07
171	1881930382	5000.0	0.001	1.7083e-05	0.646198	0.9801094181163768,0.019862747450509897,2.7834433113377324e-05
175	2546743966	5000.0	0.001	1.7083e-05	0.575171	0.9866924215156969,0.013303019396120776,4.559088182363528e-06
176	3317402272	5000.0	0.001	1.7083e-05	2.456156	0.9345390521895621,0.0654377924415117,2.3155368926214757e-05
170	3604851339	5000.0	0.001	1.7083e-05	0.257543	0.9944269546090782,0.005573045390921815
169	1467269769	5000.0	0.001	1.7083e-05	-0.144923	0.9945742451509698,0.00540507898420316,2.0675864827034592e-05
177	567970471	5000.0	0.001	1.7083e-05	-0.215562	0.9929043391321736,0.0070949410117976406,7.198560287942411e-07
174	241302174	5000.0	0.001	1.7083e-05	0.008716	0.9936529894021195,0.006346890621875625,1.199760047990402e-07
179	1472621243	5000.0	0.001	1.7083e-05	-0.025728	0.9973892821435713,0.002610517896420716,1.9996000799840033e-07
178	2428490424	5000.0	0.001	1.7083e-05	-0.008473	0.9990701859628074,0.0009298140371925615
182	3868601036	5000.0	0.001	1.7083e-05	-0.227856	0.9919935612877424,0.00800623875224955,1.9996000799840033e-07
185	190845653	5000.0	0.001	1.7083e-05	-0.874789	0.9798481903619276,0.020150969806038792,8.398320335932813e-07
183	244564687	5000.0	0.001	1.7083e-05	0.039828	0.9890176364727055,0.010975764847030594,6.598680263947211e-06
181	3708859076	5000.0	0.001	1.7083e-05	-0.290179	0.983179324135173,0.016796680663867226,2.399520095980804e-05
184	3722482384	5000.0	0.001	1.7083e-05	0.386469	0.9772875424915017,0.022708378324335133,4.079184163167366e-06
180	581221058	5000.0	0.001	1.7083e-05	-0.612031	0.9356425114977005,0.06236384723055389,0.001993401319736053,2.399520095980804e-07
186	2340463323	5000.0	0.001	1.7083e-05	0.561311	0.9813588082383523,0.01863883223355329,2.359528094381124e-06
188	216523492	5000.0	0.001	1.7083e-05	2.050618	0.9497925614877024,0.05012261547690462,8.482303539292142e-05
187	948282083	5000.0	0.001	1.7083e-05	0.009628	0.9920321535692861,0.007957608478304339,1.0237952409518097e-05
190	326712040	5000.0	0.001	1.7083e-05	-1.179314	0.9588605078984204,0.04111673665266947,2.2755448910217956e-05
194	1316659957	5000.0	0.001	1.7083e-05	-0.004793	0.9968074785042992,0.00319252149570086
189	702286565	5000.0	0.001	1.7083e-05	0.407787	0.9879060987802439,0.012093341331733653,5.598880223955209e-07
191	348228328	5000.0	0.001	1.7083e-05	0.459333	0.9685584083183363,0.031439312137572485,2.279544091181764e-06
192	2845819627	5000.0	0.001	1.7083e-05	-0.225769	0.98870449910018,0.011060267946410718,0.00023523295340931814
193	1742328562	5000.0	0.001	1.7083e-05	-0.097945	0.96400399920016,0.03588622275544891,0.00010977804439112178
195	2714585854	5000.0	0.001	1.7083e-05	0.049179	0.9836304339132174,0.013856348730253949,0.002512977404519096,2.399520095980804e-07
198	1712397059	5000.0	0.001	1.7083e-05	-0.200033	0.9877494901019797,0.012250509898020396
196	700027649	5000.0	0.001	1.7083e-05	0.745508	0.9781584483103379,0.021806558688262347,3.499300139972006e-05
199	3523240725	5000.0	0.001	1.7083e-05	-0.072236	0.995854949010198,0.00414505098980204
197	952464130	5000.0	0.001	1.7083e-05	-0.002431	0.9987033393321336,0.0012966606678664267
200	2755167001	5000.0	0.001	1.7083e-05	0.087284	0.9964964207158569,0.0035035392921415717,3.9992001599680065e-08
202	528444190	5000.0	0.001	1.7083e-05	-0.731943	0.9819581683663268,0.017919656068786243,0.0001221355728854229,3.9992001599680065e-08
203	1906119460	5000.0	0.001	1.7083e-05	0.093803	0.9944202759448111,0.005579564087182564,1.5996800639872026e-07
201	1621910300	5000.0	0.001	1.7083e-05	0.356669	0.9787987602479504,0.02119492101579684,6.3187362527494505e-06
204	234502950	5000.0	0.001	1.7083e-05	-0.795575	0.9460467106578684,0.053919656068786244,3.3633273345330936e-05
209	3447427888	5000.0	0.001	1.7083e-05	0.006390	0.9948725054989003,0.0051272145570885825,2.7994401119776043e-07
205	2555456296	5000.0	0.001	1.7083e-05	0.675863	0.98195024995001,0.018021755648870225,2.7994401119776046e-05
212	1052789562	5000.0	0.001	1.7083e-05	0.015150	0.9983565686862628,0.0016433513297340531,7.998400319936013e-08
213	3496319803	5000.0	0.001	1.7083e-05	-0.075986	0.9943448110377925,0.005654869026194761,3.199360127974405e-07
214	4235008835	5000.0	0.001	1.7083e-05	-0.311127	0.9812539092181564,0.018743091381723656,2.999400119976005e-06
217	1248133963	5000.0	0.001	1.7083e-05	0.005398	0.9971602479504099,0.0028364727054589083,3.279344131173765e-06
208	2301328172	5000.0	0.001	1.7083e-05	-0.054221	0.9963830833833234,0.0036167966406718656,1.199760047990402e-07
206	1669550888	5000.0	0.001	1.7083e-05	0.309553	0.9516501899620076,0.047262227554489104,0.0010875824835032994
210	1943796532	5000.0	0.001	1.7083e-05	-0.102562	0.9948887822435513,0.0051112177564487105
207	2311666475	5000.0	0.001	1.7083e-05	0.023457	0.9980249150169966,0.001974925014997001,1.5996800639872026e-07
211	1477915445	5000.0	0.001	1.7083e-05	0.347231	0.9841797240551889,0.015816876624675066,3.3993201359728056e-06
215	2747921221	5000.0	0.001	1.7083e-05	-0.181558	0.9950300339932013,0.004969446110777844,5.198960207958409e-07
218	2736661322	5000.0	0.001	1.7083e-05	-0.718862	0.9807598880223956,0.019141691661667667,9.842031593681264e-05
216	3310443338	5000.0	0.001	1.7083e-05	0.151393	0.9934207558488303,0.006563287342531494,1.5956808638272344e-05
219	2232746829	5000.0	0.001	1.7083e-05	-0.324987	0.9875570485902819,0.01244255148970206,3.9992001599680065e-07
220	2041760602	5000.0	0.001	1.7083e-05	0.105846	0.9848588682263547,0.015129054189162168,1.2077584483103379e-05
221	2026689370	5000.0	0.001	1.7083e-05	0.138185	0.988273025394921,0.011726934613077385,3.9992001599680065e-08
222	3166202717	5000.0	0.001	1.7083e-05	-0.000397	0.9992001199760048,0.000799880023995201
223	2763387741	5000.0	0.001	1.7083e-05	-0.031008	0.9984913417316537,0.001508258348330334,3.9992001599680065e-07
224	1104073568	5000.0	0.001	1.7083e-05	-0.716774	0.9790233553289343,0.020966726654669067,9.918016396720655e-06
226	3058234211	5000.0	0.001	1.7083e-05	0.304816	0.99605174965007,0.0017045790841831634,0.0022436712657468508
225	4227332962	5000.0	0.001	1.7083e-05	-0.024767	0.998870425914817,0.0011295740851829635
228	2568809315	5000.0	0.001	1.7083e-05	0.139519	0.9926551889622076,0.007344731053789242,7.998400319936013e-08
236	840543113	5000.0	0.001	1.7083e-05	-0.013180	0.9986197960407919,0.0013785642871425715,1.6396720655868826e-06
227	3498189668	5000.0	0.001	1.7083e-05	-0.097258	0.9904958608278345,0.009503859228154369,2.7994401119776043e-07
230	556579688	5000.0	0.001	1.7083e-05	-0.001787	0.9955799640071986,0.004419876024795041,1.5996800639872026e-07
233	1925581688	5000.0	0.001	1.7083e-05	-0.104369	0.977211797640472,0.022775284943011398,1.291741651669666e-05
238	1886464907	5000.0	0.001	1.7083e-05	-3.619782	0.904253149370126,0.09299576084783043,0.0027509698060387924,1.199760047990402e-07
229	4032582503	5000.0	0.001	1.7083e-05	-0.127921	0.9879878424315137,0.012011917616476705,2.399520095980804e-07
234	1163780985	5000.0	0.001	1.7083e-05	0.023589	0.9978075584883024,0.0021924415116976606
235	3161248634	5000.0	0.001	1.7083e-05	-0.960135	0.9791571685662868,0.020834113177364527,8.718256348730255e-06
239	824001422	5000.0	0.001	1.7083e-05	-0.146070	0.9880488302339532,0.0119501299740052,1.0397920415916818e-06
231	312212328	5000.0	0.001	1.7083e-05	1.443817	0.9685478104379124,0.031450349930014,1.839632073585283e-06
232	3046382450	5000.0	0.001	1.7083e-05	0.666309	0.9485506098780244,0.05136520695860828,8.418316336732653e-05
237	1508916107	5000.0	0.001	1.7083e-05	-7.927301	0.8605941611677664,0.1127612077584483,0.026644111177764447,5.198960207958409e-07
240	3378762644	5000.0	0.001	1.7083e-05	0.434239	0.9852103579284143,0.014781603679264147,8.038392321535693e-06
241	1630448533	5000.0	0.001	1.7083e-05	1.062904	0.9604927814437113,0.03950277944411118,4.439112177564487e-06
242	1094472598	5000.0	0.001	1.7083e-05	-0.288617	0.9882607478504299,0.011736572685462908,2.679464107178564e-06
243	3976866714	5000.0	0.001	1.7083e-05	0.009145	0.9959005798840231,0.004099380123975205,3.9992001599680065e-08
244	243727263	5000.0	0.001	1.7083e-05	0.909257	0.9801535692861427,0.01983487302539492,1.1557688462307538e-05
245	3210007461	5000.0	0.001	1.7083e-05	4.236877	0.8495106578684263,0.14979088182363529,0.0006984603079384123
246	791626662	5000.0	0.001	1.7083e-05	0.402297	0.9807955208958208,0.019160607878424316,4.387122575484903e-05
248	1516194734	5000.0	0.001	1.7083e-05	0.095099	0.9964668266346731,0.0035328934213157367,2.7994401119776043e-07
247	1821809581	5000.0	0.001	1.7083e-05	-0.959880	0.941728174365127,0.05787602479504099,0.0003958008398320336
250	3592266672	5000.0	0.001	1.7083e-05	-0.152405	0.9791806038792241,0.020801439712057588,1.7956408718256348e-05
249	1742996397	5000.0	0.001	1.7083e-05	0.323643	0.9728936212757449,0.027105258948210358,1.1197760447910417e-06
252	3353881528	5000.0	0.001	1.7083e-05	0.189737	0.9892717056588682,0.010727454509098181,8.398320335932813e-07
253	2144881605	5000.0	0.001	1.7083e-05	0.297590	0.9818419916016796,0.018157968406318736,3.9992001599680065e-08
259	551158751	5000.0	0.001	1.7083e-05	-0.945021	0.9817762047590481,0.018219756048790243,4.039192161567687e-06
251	2949731250	5000.0	0.001	1.7083e-05	2.403487	0.9059501699660067,0.09095640871825635,0.0030934213157368527
256	235148237	5000.0	0.001	1.7083e-05	-0.033635	0.9953743651269746,0.004625354929014197,2.7994401119776043e-07
257	1988617168	5000.0	0.001	1.7083e-05	0.244080	0.9922478304339132,0.007745810837832433,6.35872825434913e-06
255	172829643	5000.0	0.001	1.7083e-05	0.768797	0.9496632273545291,0.05031761647670466,1.915616876624675e-05
254	377908165	5000.0	0.001	1.7083e-05	-0.022900	0.9987775644871025,0.0012224355128974205
258	2647436242	5000.0	0.001	1.7083e-05	0.561261	0.9638971805638872,0.0361000599880024,2.7594481103779245e-06
261	2876351457	5000.0	0.001	1.7083e-05	-2.617750	0.9409973205358928,0.058784123175364925,0.00021855628874225156
262	126663653	5000.0	0.001	1.7083e-05	0.505456	0.9861458508298341,0.013849350129974005,4.799040191961608e-06
265	316593145	5000.0	0.001	1.7083e-05	-0.011984	0.9972163967206559,0.002782723455308938,8.798240351929614e-07
260	2604241888	5000.0	0.001	1.7083e-05	0.270276	0.9727892421515697,0.027208118376324735,2.639472105578884e-06
263	1863934967	5000.0	0.001	1.7083e-05	-0.433648	0.988226674665067,0.01176864627074585,4.679064187162567e-06
264	2819132408	5000.0	0.001	1.7083e-05	0.026194	0.994547450509898,0.0054523895220955805,1.5996800639872026e-07
266	2007499769	5000.0	0.001	1.7083e-05	0.031190	0.9966951009798041,0.003304899020195961
267	1767642104	5000.0	0.001	1.7083e-05	0.029184	0.9976272345530894,0.002357208558288342,1.5556888622275544e-05
271	2171839495	5000.0	0.001	1.7083e-05	1.677251	0.7565810037992402,0.24325330933813238,0.0001656868626274745
270	3558771716	5000.0	0.001	1.7083e-05	-0.362925	0.9813519296140771,0.01864735052989402,7.198560287942411e-07
269	988539902	5000.0	0.001	1.7083e-05	-2.094036	0.9483690861827635,0.051498340331933616,0.00013257348530293942
279	570045475	5000.0	0.001	1.7083e-05	0.051761	0.9916411917616477,0.007936492701459708,0.0004223155368926215
268	4051809271	5000.0	0.001	1.7083e-05	-0.270973	0.9902787842431514,0.009714577084583084,6.63867226554689e-06
280	2884277285	5000.0	0.001	1.7083e-05	-0.211196	0.9873022595480904,0.012689702059588082,8.038392321535693e-06
276	2675430429	5000.0	0.001	1.7083e-05	-1.870180	0.9314177164567087,0.027851829634073184,0.04072233553289342,8.118376324735054e-06
274	2790335515	5000.0	0.001	1.7083e-05	-0.189623	0.9937922815436913,0.00620755848830234,1.5996800639872026e-07
281	574807087	5000.0	0.001	1.7083e-05	0.041137	0.9863276944611078,0.013648870225954809,2.3435312937412517e-05
283	1803660346	5000.0	0.001	1.7083e-05	0.020272	0.9781339332133573,0.021850829834033192,1.5196960607878425e-05,3.9992001599680065e-08
278	2147349538	5000.0	0.001	1.7083e-05	0.069859	0.9972383523295341,0.0027615276944611077,1.199760047990402e-07
273	322372622	5000.0	0.001	1.7083e-05	0.093920	0.9942866626674665,0.005707898420315937,5.438912217556489e-06
284	3201901628	5000.0	0.001	1.7083e-05	0.209417	0.9936151169766047,0.0063831633673265345,1.7196560687862428e-06
272	3708670983	5000.0	0.001	1.7083e-05	0.102911	0.9917913217356529,0.00813361327734453,7.506498700259948e-05
282	3773090867	5000.0	0.001	1.7083e-05	0.028256	0.9977366926614677,0.0022633073385322933
286	2271005768	5000.0	0.001	1.7083e-05	0.144534	0.9948321935612877,0.005167726454709058,7.998400319936013e-08
275	160171036	5000.0	0.001	1.7083e-05	-0.714324	0.9504975004999,0.04869686062787443,0.0008056388722255549
277	489389089	5000.0	0.001	1.7083e-05	0.446956	0.9815192161567686,0.01845226954609078,2.8514297140571885e-05
285	2668127293	5000.0	0.001	1.7083e-05	-0.604711	0.9890951409718056,0.008640231953609278,0.0022645470905818836,7.998400319936013e-08
287	3240240201	5000.0	0.001	1.7083e-05	-0.000186	0.977422875424915,0.0224873025394921,8.982203559288142e-05
289	3376757858	5000.0	0.001	1.7083e-05	0.142019	0.992034873025395,0.007962207558488303,2.9194161167766445e-06
288	697224280	5000.0	0.001	1.7083e-05	-0.019745	0.9925672065586882,0.007409198160367926,2.3595280943811238e-05
290	763530339	5000.0	0.001	1.7083e-05	-0.002820	0.9984887822435513,0.001511017796440712,1.9996000799840033e-07
291	1871377508	5000.0	0.001	1.7083e-05	-0.228249	0.9771196560687863,0.022878384323135374,1.959608078384323e-06
293	2337397862	5000.0	0.001	1.7083e-05	-0.063849	0.9840371925614877,0.01591149770045991,5.130973805238952e-05
292	2666042469	5000.0	0.001	1.7083e-05	0.128803	0.996174725054989,0.0038249150169966007,3.5992801439712056e-07
298	1092736114	5000.0	0.001	1.7083e-05	0.013661	0.9975719656068787,0.0024279544091181764,7.998400319936013e-08
296	346111082	5000.0	0.001	1.7083e-05	0.076911	0.9946195160967807,0.005380323935212958,1.5996800639872026e-07
306	1237570690	5000.0	0.001	1.7083e-05	0.070714	0.9962645870825835,0.003735412917416517
299	860335218	5000.0	0.001	1.7083e-05	-0.009621	0.9969845630873825,0.0030153569286142773,7.998400319936013e-08
302	4059143292	5000.0	0.001	1.7083e-05	0.034995	0.9935003399320136,0.006499620075984803,3.9992001599680065e-08
297	1170789482	5000.0	0.001	1.7083e-05	0.045178	0.9968713857228554,0.0031285742851429716,3.9992001599680065e-08
300	1979929716	5000.0	0.001	1.7083e-05	0.873915	0.9577890821835633,0.04142843431313737,0.0007824835032993401
301	2071227508	5000.0	0.001	1.7083e-05	0.102145	0.9938109578084383,0.0061885622875424914,4.799040191961608e-07
304	142414975	5000.0	0.001	1.7083e-05	0.044397	0.9986297540491902,0.001370245950809838
303	1237585022	5000.0	0.001	1.7083e-05	0.042342	0.9895112577484503,0.010488262347530494,4.799040191961608e-07
295	1830003818	5000.0	0.001	1.7083e-05	0.563365	0.9745894421115777,0.025400959808038394,9.598080383923215e-06
305	4246584448	5000.0	0.001	1.7083e-05	0.030230	0.9810851829634073,0.01889858028394321,1.6236752649470107e-05
294	3981114471	5000.0	0.001	1.7083e-05	1.527405	0.9491579284143171,0.05083675264947011,5.318936212757449e-06
307	3618182275	5000.0	0.001	1.7083e-05	-0.797039	0.9769193361327735,0.022983203359328134,9.746050789842032e-05
308	1747430537	5000.0	0.001	1.7083e-05	1.471641	0.952257148570286,0.047722095580883826,2.0755848830233953e-05
309	3600391309	5000.0	0.001	1.7083e-05	0.020510	0.9987324135172966,0.0012675864827034593
310	2495865998	5000.0	0.001	1.7083e-05	-0.249802	0.9820792641471706,0.017919096180763847,1.6396720655868826e-06
311	390300823	5000.0	0.001	1.7083e-05	-0.017531	0.9990277144571086,0.0009722855428914217
312	1336652953	5000.0	0.001	1.7083e-05	1.177587	0.9706421915616876,0.02924111177764447,0.00011669666066786642
318	154070195	5000.0	0.001	1.7083e-05	-0.117993	0.9970861427714457,0.0029138172365526893,3.9992001599680065e-08
317	1782736048	5000.0	0.001	1.7083e-05	-0.011608	0.9969742051589682,0.003024515096980604,1.279744051189762e-06
314	775081124	5000.0	0.001	1.7083e-05	0.138745	0.9924731053789242,0.007526654669066187,2.399520095980804e-07
315	2640585898	5000.0	0.001	1.7083e-05	-0.245729	0.9932371525694861,0.006759368126374725,3.4793041391721655e-06
313	3650362524	5000.0	0.001	1.7083e-05	-0.086323	0.9778271545690862,0.022170805838832235,2.039592081583683e-06
319	2526233786	5000.0	0.001	1.7083e-05	0.074019	0.9597676864627075,0.04022319536092781,9.118176364727055e-06
316	3943675055	5000.0	0.001	1.7083e-05	0.019811	0.9939086582683463,0.00609126174765047,7.998400319936013e-08
321	2582506688	5000.0	0.001	1.7083e-05	-0.573721	0.9242624675064987,0.07573089382123575,6.63867226554689e-06
323	2480211151	5000.0	0.001	1.7083e-05	-0.638099	0.9782281943611277,0.02177108578284343,7.198560287942411e-07
325	3081112789	5000.0	0.001	1.7083e-05	-0.371159	0.9910735852829434,0.008925374925014997,1.0397920415916818e-06
320	3847703744	5000.0	0.001	1.7083e-05	-0.086143	0.992389402119576,0.007609798040391922,7.998400319936013e-07
324	2425109711	5000.0	0.001	1.7083e-05	-0.270826	0.9886169566086782,0.011239192161567687,0.0001438512297540492
322	4215786696	5000.0	0.001	1.7083e-05	0.124290	0.9929785642871426,0.00702123575284943,1.9996000799840033e-07
326	503133409	5000.0	0.001	1.7083e-05	-0.000398	0.9960288342331534,0.003931853629274145,3.93121375724855e-05
327	3988247792	5000.0	0.001	1.7083e-05	0.078079	0.9708759448110378,0.02908258348330334,4.147170565886823e-05
328	3819787509	5000.0	0.001	1.7083e-05	-0.359285	0.9567190161967607,0.04051537692461508,0.002765526894621076,7.998400319936013e-08
329	423974134	5000.0	0.001	1.7083e-05	0.491628	0.9876374725054989,0.0123624075184963,1.199760047990402e-07
330	2518709494	5000.0	0.001	1.7083e-05	0.059520	0.9944827034593081,0.005516536692661468,7.598480303939212e-07
331	3433069815	5000.0	0.001	1.7083e-05	0.106859	0.9840112377524495,0.015988162367526496,5.99880023995201e-07
334	268289288	5000.0	0.001	1.7083e-05	0.143209	0.9899443711257748,0.010052029594081184,3.599280143971206e-06
333	931450119	5000.0	0.001	1.7083e-05	-0.132083	0.9919433713257348,0.008055588882223555,1.0397920415916818e-06
335	11402507	5000.0	0.001	1.7083e-05	-0.041874	0.9981905618876225,0.0018094381123775244
332	1550742776	5000.0	0.001	1.7083e-05	-0.180867	0.9691517296540691,0.030813597280543892,3.4673065386922613e-05
338	752913683	5000.0	0.001	1.7083e-05	0.121677	0.9915258148370326,0.00847370525894821,4.799040191961608e-07
336	3843134732	5000.0	0.001	1.7083e-05	-0.466477	0.9825433713257349,0.017455708858228353,9.198160367926415e-07
341	1445672222	5000.0	0.001	1.7083e-05	0.502463	0.9635668066386722,0.03637240551889622,6.07878424315137e-05
337	5963024	5000.0	0.001	1.7083e-05	-0.363200	0.9842371125774845,0.015762167566486702,7.198560287942411e-07
339	3336879380	5000.0	0.001	1.7083e-05	0.716918	0.9863663267346531,0.013633273345330934,3.9992001599680065e-07
340	4215991575	5000.0	0.001	1.7083e-05	-0.337575	0.9914606678664267,0.0085374925014997,1.839632073585283e-06
344	4282084681	5000.0	0.001	1.7083e-05	-0.120401	0.9917206958608278,0.0082749450109978,4.359128174365127e-06
345	1136729421	5000.0	0.001	1.7083e-05	3.293090	0.9257290541891622,0.07426834633073386,2.599480103979204e-06
343	582974788	5000.0	0.001	1.7083e-05	-0.054971	0.9971421315736853,0.002857868426314737
342	1399606585	5000.0	0.001	1.7083e-05	-0.452548	0.9699506898620276,0.030045670865826834,3.639272145570886e-06
346	3916598611	5000.0	0.001	1.7083e-05	0.003635	0.9987337332533494,0.00126626674665067
351	3747157364	5000.0	0.001	1.7083e-05	-0.012574	0.9948985802839432,0.005098940211957608,2.4795040991801638e-06
349	1624079721	5000.0	0.001	1.7083e-05	0.613310	0.9870546690661868,0.012935692861427714,9.638072385522896e-06
348	2456659302	5000.0	0.001	1.7083e-05	0.556581	0.9891061787642471,0.010893421315736852,3.9992001599680065e-07
358	4009303438	5000.0	0.001	1.7083e-05	0.018399	0.9970000799840032,0.0029999200159968008
354	3821389183	5000.0	0.001	1.7083e-05	-0.181919	0.990854949010198,0.009143531293741252,1.5196960607878424e-06
362	2411963810	5000.0	0.001	1.7083e-05	-1.885983	0.9517702859428114,0.04809266146770646,0.00013705258948210357
360	3726310815	5000.0	0.001	1.7083e-05	-0.489886	0.9892167566486703,0.010781643671265747,1.5996800639872026e-06
363	2099742114	5000.0	0.001	1.7083e-05	0.056078	0.9967884423115377,0.003210717856428714,8.398320335932813e-07
353	1373277563	5000.0	0.001	1.7083e-05	-2.340905	0.7746332733453309,0.2251118576284743,0.00025486902619476106
352	1559410041	5000.0	0.001	1.7083e-05	-0.013475	0.9963070585882824,0.0036921815636872623,7.598480303939212e-07
350	985886066	5000.0	0.001	1.7083e-05	-0.468436	0.9892348730253949,0.010755248950209958,9.878024395120976e-06
347	4048940381	5000.0	0.001	1.7083e-05	-0.745206	0.9839950809838033,0.01600263947210558,2.279544091181764e-06
357	2889356684	5000.0	0.001	1.7083e-05	0.014717	0.9982376324735053,0.0017622875424915018,7.998400319936013e-08
361	3877502367	5000.0	0.001	1.7083e-05	-0.034843	0.9970144371125775,0.0029855628874225154
356	73454985	5000.0	0.001	1.7083e-05	-0.083704	0.9972753849230154,0.002724255148970206,3.5992801439712056e-07
355	2618215814	5000.0	0.001	1.7083e-05	1.273640	0.9747603679264147,0.02523487302539492,4.759048190361927e-06
359	3017471388	5000.0	0.001	1.7083e-05	0.121343	0.9966201159768047,0.003378004399120176,1.879624075184963e-06
365	1438862769	5000.0	0.001	1.7083e-05	-0.074170	0.9900129574085182,0.009986482703459308,5.598880223955209e-07
364	869070252	5000.0	0.001	1.7083e-05	2.321885	0.9458972605478905,0.054069146170765844,3.359328134373125e-05
366	2508303800	5000.0	0.001	1.7083e-05	1.201610	0.7486523095380924,0.2496745850829834,0.0016731053789242152
367	3154390459	5000.0	0.001	1.7083e-05	-0.009102	0.9990299540091981,0.0009700459908018397
369	2196069822	5000.0	0.001	1.7083e-05	-0.033684	0.9853475704859028,0.014651029794041192,1.3997200559888023e-06
368	435912124	5000.0	0.001	1.7083e-05	0.395510	0.9768907418516297,0.023104259148170367,4.999000199960008e-06
371	1714165194	5000.0	0.001	1.7083e-05	0.378794	0.9891586482703459,0.010760127974405119,8.12237552489502e-05
373	3432144332	5000.0	0.001	1.7083e-05	0.080696	0.9936113177364527,0.00638624275144971,2.439512097580484e-06
376	3953184226	5000.0	0.001	1.7083e-05	-1.386617	0.9478135572885423,0.05217760447910418,8.838232353529294e-06
372	382586315	5000.0	0.001	1.7083e-05	-0.212617	0.9637921615676864,0.03618504299140172,2.2795440911817637e-05
370	3719318979	5000.0	0.001	1.7083e-05	2.528488	0.942971325734853,0.057023155368926215,5.518896220755849e-06
374	1943356882	5000.0	0.001	1.7083e-05	0.695620	0.904678624275145,0.09458096380723856,0.0007404119176164767
377	1565507044	5000.0	0.001	1.7083e-05	0.880861	0.9683607678464307,0.03157880423915217,6.0427914417116573e-05
380	2940507623	5000.0	0.001	1.7083e-05	-0.531901	0.989026674665067,0.01097264547090582,6.798640271945611e-07
375	193359330	5000.0	0.001	1.7083e-05	-0.239225	0.9551093781243751,0.04488530293941212,5.318936212757449e-06
378	1296666086	5000.0	0.001	1.7083e-05	0.021367	0.9967501299740053,0.0032498300339932015,3.9992001599680065e-08
379	454659559	5000.0	0.001	1.7083e-05	0.202668	0.991778524295141,0.008220715856828634,7.598480303939212e-07
382	3506488811	5000.0	0.001	1.7083e-05	-0.151506	0.9941246950609878,0.005874585082983403,7.198560287942411e-07
383	2056807918	5000.0	0.001	1.7083e-05	0.029162	0.9977188562287542,0.0022811437712457507
381	988403174	5000.0	0.001	1.7083e-05	2.334854	0.9208655868826234,0.07895640871825635,0.00017800439912017595
384	3955987953	5000.0	0.001	1.7083e-05	0.160802	0.9806796240751849,0.01931745650869826,2.9194161167766445e-06
385	1962186230	5000.0	0.001	1.7083e-05	-0.066882	0.9817436912617477,0.017617356528694263,0.0006389522095580884
386	965877246	5000.0	0.001	1.7083e-05	0.063483	0.9945426914617077,0.005457308538292341
389	4134979077	5000.0	0.001	1.7083e-05	0.273520	0.9819651669666066,0.018033193361327735,1.6396720655868826e-06
388	901611011	5000.0	0.001	1.7083e-05	0.088818	0.9871422115576884,0.012857268546290742,5.198960207958409e-07
387	757974527	5000.0	0.001	1.7083e-05	0.006787	0.9980823835232954,0.001917616476704659
391	354391570	5000.0	0.001	1.7083e-05	-0.117416	0.9940307138572285,0.005969046190761848,2.399520095980804e-07
390	647785996	5000.0	0.001	1.7083e-05	-0.064058	0.9963482103579284,0.0036479104179164166,3.879224155168966e-06
393	913452571	5000.0	0.001	1.7083e-05	0.029981	0.9971263747250549,0.002873625274945011
392	1400446490	5000.0	0.001	1.7083e-05	-0.028538	0.9978450309938013,0.0021549290141971607,3.9992001599680065e-08
399	648642101	5000.0	0.001	1.7083e-05	0.616554	0.9517090581883624,0.04827042591481703,2.0515896820635874e-05
395	3597620769	5000.0	0.001	1.7083e-05	0.121411	0.9898098380323935,0.010189802039592081,3.5992801439712056e-07
396	109082148	5000.0	0.001	1.7083e-05	0.059082	0.9954466306738652,0.004552129574085183,1.2397520495900819e-06
394	284550687	5000.0	0.001	1.7083e-05	0.014258	0.995183723255349,0.0048162767446510695
398	4161406517	5000.0	0.001	1.7083e-05	0.120583	0.9967147770445911,0.003285222955408918
397	2266697258	5000.0	0.001	1.7083e-05	-0.387519	0.9876017596480704,0.012397840431913618,3.9992001599680065e-07
402	1445049915	5000.0	0.001	1.7083e-05	-3.986055	0.8475193361327734,0.15244251149770047,3.815236952609478e-05
401	1045640762	5000.0	0.001	1.7083e-05	-0.556848	0.9873310137972405,0.012668226354729055,7.598480303939212e-07
400	317074999	5000.0	0.001	1.7083e-05	-0.301641	0.980443551289742,0.019555488902219555,9.598080383923216e-07
403	604409408	5000.0	0.001	1.7083e-05	-0.508022	0.9732852629474105,0.026713217356528693,1.5196960607878424e-06
404	420294209	5000.0	0.001	1.7083e-05	-0.102047	0.9937888422315537,0.006207678464307138,3.4793041391721655e-06
406	3275347526	5000.0	0.001	1.7083e-05	1.361105	0.9708551089782044,0.029129614077184562,1.5276944611077784e-05
405	1177015878	5000.0	0.001	1.7083e-05	0.664212	0.9732728654269146,0.026457188562287542,0.00026994601079784045
407	996517448	5000.0	0.001	1.7083e-05	0.015882	0.9985598080383923,0.0014401919616076784
409	1385590357	5000.0	0.001	1.7083e-05	-0.028999	0.9980153569286143,0.0019845630873825235,7.998400319936013e-08
408	3653377607	5000.0	0.001	1.7083e-05	0.047709	0.9964831833633273,0.0035167766446710658,3.9992001599680065e-08
410	144868954	5000.0	0.001	1.7083e-05	-0.418881	0.9866220355928814,0.01337120575884823,6.758648270345931e-06
411	3156344411	5000.0	0.001	1.7083e-05	-0.135834	0.9906446310737852,0.009355208958208358,1.5996800639872026e-07
413	2410129000	5000.0	0.001	1.7083e-05	-0.027280	0.9987134973005399,0.0012864627074585084,3.9992001599680065e-08
412	4277186146	5000.0	0.001	1.7083e-05	-1.213379	0.971770925814837,0.028223195360927815,5.878824235152969e-06
414	2702071401	5000.0	0.001	1.7083e-05	0.046173	0.996692101579684,0.0033078984203159367
416	3654567545	5000.0	0.001	1.7083e-05	-0.192035	0.9963450509898021,0.003475504899020196,0.00017944411117776444
417	3613527674	5000.0	0.001	1.7083e-05	0.149329	0.9233946810637872,0.0764624275144971,0.00014289142171565686
415	1009972848	5000.0	0.001	1.7083e-05	-1.388485	0.9484659068186363,0.05153105378924215,3.039392121575685e-06
421	2033942154	5000.0	0.001	1.7083e-05	-0.019206	0.9973878024395121,0.0026121975604879023
420	4106053256	5000.0	0.001	1.7083e-05	0.050149	0.9978405918816237,0.0021594081183763246
419	4207603335	5000.0	0.001	1.7083e-05	0.184459	0.9850906218756249,0.014907258548290342,2.1195760847830435e-06
422	2350915211	5000.0	0.001	1.7083e-05	0.012739	0.9988669466106779,0.00113249350129974,5.598880223955209e-07
423	1703714442	5000.0	0.001	1.7083e-05	0.023883	0.9854643071385722,0.014527254549090181,8.438312337532494e-06
425	4055905941	5000.0	0.001	1.7083e-05	0.261077	0.9925236552689463,0.007475824835032993,5.198960207958409e-07
426	2982891160	5000.0	0.001	1.7083e-05	0.013602	0.995341051789642,0.0046589082183563285,3.9992001599680065e-08
418	1955550852	5000.0	0.001	1.7083e-05	-0.006180	0.9976143971205759,0.0023856028794241152
424	2248365715	5000.0	0.001	1.7083e-05	1.701141	0.9557118576284743,0.04418000399920016,0.00010813837232553489
429	484564665	5000.0	0.001	1.7083e-05	-0.101972	0.9809261347730454,0.019066546690661868,7.318536292741451e-06
428	2841777840	5000.0	0.001	1.7083e-05	-1.805229	0.9504169566086783,0.04025362927414517,0.009329014197160567,3.9992001599680065e-07
427	211240611	5000.0	0.001	1.7083e-05	1.033682	0.9721060987802439,0.027881103779244153,1.2797440511897621e-05
430	954568387	5000.0	0.001	1.7083e-05	-0.912566	0.9797141371725655,0.020281903619276145,3.959208158368327e-06
432	315915981	5000.0	0.001	1.7083e-05	1.625293	0.9498064387122576,0.04925894821035793,0.0009339332133573285,6.798640271945611e-07
431	706031306	5000.0	0.001	1.7083e-05	0.083649	0.9976422715456909,0.0023570485902819436,6.798640271945611e-07
433	1207312079	5000.0	0.001	1.7083e-05	-0.127641	0.9940772645470906,0.005921935612877425,7.998400319936013e-07
434	4248897231	5000.0	0.001	1.7083e-05	-0.079693	0.9935856028794241,0.006414357128574285,3.9992001599680065e-08
437	4007907038	5000.0	0.001	1.7083e-05	0.066352	0.9939955608878225,0.005996160767846431,8.278344331133774e-06
436	1858914002	5000.0	0.001	1.7083e-05	-0.718976	0.978874625074985,0.021073265346930613,5.210957808438312e-05
435	1786560209	5000.0	0.001	1.7083e-05	0.016402	0.9976307538492302,0.002368166366726655,1.0797840431913617e-06
439	1981116131	5000.0	0.001	1.7083e-05	1.068501	0.9725180163967206,0.027475984803039394,5.99880023995201e-06
438	972502753	5000.0	0.001	1.7083e-05	0.007407	0.9968277544491102,0.003171885622875425,3.5992801439712056e-07
445	709560075	5000.0	0.001	1.7083e-05	-0.207183	0.9924863827234554,0.007513337332533493,2.7994401119776043e-07
440	2652131050	5000.0	0.001	1.7083e-05	0.129133	0.9902158768246351,0.009783323335332933,7.998400319936013e-07
441	227374836	5000.0	0.001	1.7083e-05	-0.153627	0.9822997800439912,0.0177000599880024,1.5996800639872026e-07
442	3603543804	5000.0	0.001	1.7083e-05	-2.449814	0.9451369326134773,0.05485410917816437,8.958208358328334e-06
446	1558894351	5000.0	0.001	1.7083e-05	-0.051000	0.9955718456308739,0.004423155368926215,4.999000199960008e-06
444	1131177736	5000.0	0.001	1.7083e-05	-1.233862	0.9672510697860428,0.03273993201359728,8.998200359928014e-06
443	84264709	5000.0	0.001	1.7083e-05	0.071591	0.9882399520095981,0.011759288142371526,7.598480303939212e-07
447	3002181391	5000.0	0.001	1.7083e-05	-0.041021	0.9979083783243351,0.002091621675664867
448	2589972253	5000.0	0.001	1.7083e-05	0.763026	0.9620069586082783,0.03798280343931214,1.0237952409518097e-05
450	3761207082	5000.0	0.001	1.7083e-05	0.056392	0.9980553089382124,0.0019445710857828435,1.199760047990402e-07
451	490047280	5000.0	0.001	1.7083e-05	0.560978	0.9789483703259348,0.021051069786042792,5.598880223955209e-07
449	4189720351	5000.0	0.001	1.7083e-05	-0.610502	0.9667903619276145,0.033175804839032194,3.3833233353329335e-05
454	3250587450	5000.0	0.001	1.7083e-05	0.233403	0.9860423915216957,0.013937092581483703,2.0515896820635874e-05
452	3145236273	5000.0	0.001	1.7083e-05	-0.660804	0.9747952409518096,0.025203319336132773,1.4397120575884822e-06
453	3425650489	5000.0	0.001	1.7083e-05	-1.606229	0.9636085182963408,0.03637960407918416,1.1877624475104978e-05
458	4279768914	5000.0	0.001	1.7083e-05	0.068248	0.9952653469306139,0.0047322135572885424,2.439512097580484e-06
456	3359608645	5000.0	0.001	1.7083e-05	-0.062360	0.9936593081383723,0.006340291941611678,3.9992001599680065e-07
457	1152200525	5000.0	0.001	1.7083e-05	0.097999	0.9963905618876224,0.0036066386722655467,2.7994401119776045e-06
461	3313033067	5000.0	0.001	1.7083e-05	0.000647	0.9954144771045791,0.004584123175364927,1.3997200559888023e-06
455	2498778942	5000.0	0.001	1.7083e-05	-0.004965	0.9966362327534493,0.0033634873025394922,2.7994401119776043e-07
462	1363531627	5000.0	0.001	1.7083e-05	0.059095	0.9586633073385323,0.04133213357328534,4.559088182363528e-06
459	3117958998	5000.0	0.001	1.7083e-05	0.456287	0.9789419716056789,0.021050349930013996,7.678464307138573e-06
460	895620970	5000.0	0.001	1.7083e-05	-2.012109	0.9604637072585482,0.016003479304139173,0.023455468906218756,7.734453109378124e-05
465	2609727350	5000.0	0.001	1.7083e-05	-0.264054	0.9708952609478104,0.029103179364127176,1.5596880623875224e-06
466	4102516605	5000.0	0.001	1.7083e-05	0.011209	0.9967993201359728,0.003200639872025595,3.9992001599680065e-08
463	1227659123	5000.0	0.001	1.7083e-05	0.160618	0.9911820035992801,0.008817716456708658,2.7994401119776043e-07
464	1500444531	5000.0	0.001	1.7083e-05	0.009247	0.9984779044191162,0.0015220955808838232
467	1860435838	5000.0	0.001	1.7083e-05	-0.106939	0.9831364127174566,0.016863387322535492,1.9996000799840033e-07
468	2516027263	5000.0	0.001	1.7083e-05	0.638052	0.9703832433513297,0.029615596880623877,1.159768046390722e-06
469	2987986819	5000.0	0.001	1.7083e-05	0.125506	0.9957499300139973,0.0042500699860028
470	412442504	5000.0	0.001	1.7083e-05	-0.470643	0.9707384923015397,0.029250669866026795,1.0837832433513298e-05
471	582223753	5000.0	0.001	1.7083e-05	-1.048456	0.9451002599480104,0.05475360927814437,0.00014613077384523096
472	401710995	5000.0	0.001	1.7083e-05	0.004267	0.9967244951009798,0.0032754249150169965,7.998400319936013e-08
473	317110163	5000.0	0.001	1.7083e-05	-0.192346	0.9875860827834433,0.01240639872025595,7.518496300739852e-06
474	4117460884	5000.0	0.001	1.7083e-05	-0.448443	0.9891873625274945,0.0108125574885023,7.998400319936013e-08
476	894439324	5000.0	0.001	1.7083e-05	-1.833515	0.9290537092581483,0.07090949810037993,3.679264147170566e-05
475	1800011670	5000.0	0.001	1.7083e-05	-0.126812	0.9547122575484903,0.045268146370725855,1.959608078384323e-05
477	3391694755	5000.0	0.001	1.7083e-05	-0.012779	0.9944690261947611,0.0055309738052389526
478	2726557610	5000.0	0.001	1.7083e-05	-0.078254	0.9961065786842631,0.003884383123375325,9.038192361527695e-06
479	3411640239	5000.0	0.001	1.7083e-05	-0.096828	0.9936659468106379,0.0063334133173365325,6.39872025594881e-07
480	917823412	5000.0	0.001	1.7083e-05	1.029852	0.9606632673465307,0.03933569286142771,1.0397920415916818e-06
482	3937142718	5000.0	0.001	1.7083e-05	-0.634638	0.9895862427514497,0.010412197560487902,1.5596880623875224e-06
484	3010912207	5000.0	0.001	1.7083e-05	-0.442477	0.9531569286142771,0.046688902219556086,0.00015416916616676666
481	9957305	5000.0	0.001	1.7083e-05	-0.128552	0.9874138772245551,0.012583403319336132,2.7194561087782445e-06
483	3292141504	5000.0	0.001	1.7083e-05	-1.019197	0.982169126174765,0.017827994401119776,2.8794241151769645e-06
486	1104443347	5000.0	0.001	1.7083e-05	0.006913	0.9983885222955409,0.0016113177364527095,1.5996800639872026e-07
485	2742570962	5000.0	0.001	1.7083e-05	-0.151541	0.988545650869826,0.011448510297940412,5.838832233553289e-06
487	1132349395	5000.0	0.001	1.7083e-05	-0.545134	0.9799894821035793,0.02000459908018396,5.91881623675265e-06
488	3296550874	5000.0	0.001	1.7083e-05	-0.012935	0.9977798040391922,0.002220155968806239,3.9992001599680065e-08
490	1637525477	5000.0	0.001	1.7083e-05	1.394780	0.9712010397920416,0.028765526894621075,3.343331333733253e-05
489	1396023261	5000.0	0.001	1.7083e-05	-0.334866	0.95504975004999,0.0449129374125175,3.73125374925015e-05
496	3418417139	5000.0	0.001	1.7083e-05	-0.050325	0.9944863427314538,0.005513657268546291
495	2227030003	5000.0	0.001	1.7083e-05	0.267933	0.9866121175764847,0.013378404319136172,9.478104379124176e-06
492	653795311	5000.0	0.001	1.7083e-05	-0.086173	0.9964478704259149,0.003552089582083583,3.9992001599680065e-08
499	1086003194	5000.0	0.001	1.7083e-05	-0.088794	0.9949033393321336,0.005096340731853629,3.199360127974405e-07
491	163055592	5000.0	0.001	1.7083e-05	0.019948	0.9980988202359528,0.0019011797640471906
494	3255533554	5000.0	0.001	1.7083e-05	-2.152981	0.9500007598480303,0.0499501699660068,4.907018596280744e-05
493	1144129521	5000.0	0.001	1.7083e-05	-0.579210	0.988053949210158,0.011945410917816437,6.39872025594881e-07
497	545380343	5000.0	0.001	1.7083e-05	-0.043625	0.9964672265546891,0.0035326934613077385,7.998400319936013e-08
498	1732884472	5000.0	0.001	1.7083e-05	-0.070707	0.9979538892221556,0.002046110777844431
