sim_id	seed	popsize	selcoef	mutrate	velocity	profile
18	3432568922	5000.0	0.001	0.0001015	-0.015577	0.972669226154769,0.027129294141171767,0.00020147970405918816
4	3611406357	5000.0	0.001	0.0001015	-0.166317	0.9399586882623475,0.059230473905218954,0.0008103179364127175,5.198960207958409e-07
3	2882830354	5000.0	0.001	0.0001015	-0.144434	0.9409315336932613,0.058986802639472105,8.166366726654668e-05
6	2374506525	5000.0	0.001	0.0001015	0.005553	0.9682536292741452,0.028396680663867226,0.003283663267346531,6.602679464107178e-05
17	2119452762	5000.0	0.001	0.0001015	0.188020	0.9506722255548891,0.04275136972605479,0.006495060987802439,8.134373125374925e-05
0	2451564544	5000.0	0.001	0.0001015	-0.067500	0.9806597080583883,0.017914377124575085,0.0014251549690061987,7.598480303939212e-07
7	3355492394	5000.0	0.001	0.0001015	0.251643	0.901385922815437,0.09794541091781643,0.0006685862827434514,7.998400319936013e-08
12	563494974	5000.0	0.001	0.0001015	-0.054385	0.9741864827034593,0.025539372125574885,0.00027414517096580683
10	1833762876	5000.0	0.001	0.0001015	-0.033296	0.9452711857628474,0.054426514697060585,0.0003022995400919816
2	3271233548	5000.0	0.001	0.0001015	-0.071527	0.9522146370725855,0.04522179564087182,0.002562847430513897,7.198560287942411e-07
5	339773462	5000.0	0.001	0.0001015	0.141830	0.957478224355129,0.04190469906018796,0.0006157968406318736,1.279744051189762e-06
19	1530386530	5000.0	0.001	0.0001015	-0.465707	0.9224654669066187,0.07475148970205958,0.00271377724455109,6.922615476904619e-05,3.9992001599680065e-08
13	1483851842	5000.0	0.001	0.0001015	-0.282190	0.8648745850829834,0.12618192361527694,0.008933133373325335,1.0357928414317136e-05
14	796145741	5000.0	0.001	0.0001015	0.107123	0.8710863427314537,0.12429442111577685,0.0046179164167166565,1.319736052789442e-06
1	3772411915	5000.0	0.001	0.0001015	0.026258	0.944717176564687,0.05452229554089182,0.0007604879024195161,3.9992001599680065e-08
15	402311246	5000.0	0.001	0.0001015	0.396979	0.9258093181363727,0.06916680663867227,0.00500495900819836,1.891621675664867e-05
11	91392061	5000.0	0.001	0.0001015	-0.079174	0.8598702659468106,0.13844063187362526,0.00164623075384923,4.2871425714857026e-05
16	2394845265	5000.0	0.001	0.0001015	0.308723	0.9270656668666267,0.07051829634073185,0.0024149170165966806,1.1197760447910417e-06
8	2480646189	5000.0	0.001	0.0001015	0.006703	0.9309137372525494,0.06752385522895421,0.001562127574485103,2.7994401119776043e-07
9	1413015611	5000.0	0.001	0.0001015	-0.123783	0.9634400319936013,0.035967126574685065,0.0005928414317136573
20	3833383011	5000.0	0.001	0.0001015	-0.200221	0.9226234353129374,0.0771367326534693,0.00023983203359328133
22	1310869624	5000.0	0.001	0.0001015	0.134825	0.9533031793641272,0.04581815636872626,0.000878504299140172,1.5996800639872026e-07
21	2372548723	5000.0	0.001	0.0001015	0.262944	0.8920625874825034,0.106825274945011,0.0011096180763847231,2.519496100779844e-06
26	2249605269	5000.0	0.001	0.0001015	0.056315	0.9423521695660868,0.05646414717056589,0.0011830833833233352,5.99880023995201e-07
28	942201003	5000.0	0.001	0.0001015	-0.247794	0.9357246550689862,0.06270309938012397,0.0015717256548690261,5.198960207958409e-07
23	2159564930	5000.0	0.001	0.0001015	-0.087114	0.938804599080184,0.0574997400519896,0.003643911217756449,5.1749650069986e-05
25	2883651729	5000.0	0.001	0.0001015	0.146260	0.9327054189162167,0.06684659068186363,0.0004477904419116177,1.9996000799840033e-07
24	3592984712	5000.0	0.001	0.0001015	-0.244804	0.9338959408118376,0.0652989802039592,0.0008043991201759648,6.798640271945611e-07
29	2580680876	5000.0	0.001	0.0001015	0.225654	0.9519664067186563,0.04752565486902619,0.0005079384123175365
34	2249994427	5000.0	0.001	0.0001015	0.370613	0.8584391521695661,0.13569554089182165,0.005852789442111578,1.251749650069986e-05
37	3661670596	5000.0	0.001	0.0001015	0.003449	0.9590071985602879,0.04076716656668666,0.00022563487302539492
35	941248706	5000.0	0.001	0.0001015	-0.191571	0.9319499700059988,0.06597984403119377,0.002033113377324535,3.707258548290342e-05
36	3596163268	5000.0	0.001	0.0001015	0.099876	0.9489080183963208,0.05009586082783443,0.0009956808638272347,4.399120175964807e-07
32	2452304053	5000.0	0.001	0.0001015	-0.456784	0.8005642071585682,0.19508186362727453,0.004334933013397321,1.8996200759848032e-05
38	178903238	5000.0	0.001	0.0001015	0.858836	0.8682683463307338,0.12846970605878824,0.003258868226354729,3.079384123175365e-06
30	3820992688	5000.0	0.001	0.0001015	-0.358620	0.8613845230953809,0.13239528094381123,0.006208318336332733,1.1877624475104978e-05
33	1102713019	5000.0	0.001	0.0001015	0.205276	0.8737786842631474,0.11893321335732854,0.007264667066586683,2.3435312937412517e-05
39	977397958	5000.0	0.001	0.0001015	0.003604	0.9455765646870626,0.05273877224555089,0.001489142171565687,0.00019552089582083583
27	1297197223	5000.0	0.001	0.0001015	-0.471916	0.9161274145170966,0.07432333533293341,0.009427914417116576,0.00012129574085182963,3.9992001599680065e-08
31	4143747251	5000.0	0.001	0.0001015	-0.121721	0.8813175764847031,0.11279308138372325,0.005822715456908619,6.662667466506699e-05
40	2248499402	5000.0	0.001	0.0001015	0.075224	0.8807472905418916,0.11371637672465507,0.005508938212357529,2.7394521095780843e-05
42	2953593041	5000.0	0.001	0.0001015	-0.038806	0.9338252349530094,0.0650992201559688,0.0010690661867626475,6.47870425914817e-06
43	2165958867	5000.0	0.001	0.0001015	-0.109243	0.9294463907218556,0.0693257348530294,0.0012269146170765847,9.598080383923216e-07
46	87406812	5000.0	0.001	0.0001015	-0.178834	0.8866187162567486,0.11066010797840432,0.002711497700459908,9.678064387122576e-06
47	2337622243	5000.0	0.001	0.0001015	-0.007927	0.9222629874025194,0.07546590681863627,0.0022324735052989403,3.8632273545290943e-05
41	795156683	5000.0	0.001	0.0001015	0.072110	0.9122321135772845,0.08454445110977804,0.0032227154569086183,7.198560287942411e-07
53	3113136374	5000.0	0.001	0.0001015	0.111414	0.8734474305138972,0.1232755848830234,0.0032614677064587085,1.5516896620675863e-05
52	2153036016	5000.0	0.001	0.0001015	-0.146931	0.8038087182563487,0.19336640671865626,0.002824475104979004,3.9992001599680065e-07
44	2924298452	5000.0	0.001	0.0001015	-0.084695	0.8326412317536492,0.16479064187162568,0.002567766446710658,3.5992801439712056e-07
45	3874638043	5000.0	0.001	0.0001015	0.421355	0.8840413917216556,0.11062795440911817,0.0051795640871825635,0.00015020995800839833,8.798240351929614e-07
50	4153186538	5000.0	0.001	0.0001015	-0.237422	0.8948848630273946,0.10371965606878625,0.0013884823035392921,6.9986002799440115e-06
48	3039205606	5000.0	0.001	0.0001015	-0.040362	0.7281121775644871,0.26038132373525297,0.011281703659268146,0.00022479504099180163
51	655718638	5000.0	0.001	0.0001015	0.741248	0.8489776844631074,0.14314121175764846,0.007845110977804439,3.599280143971206e-05
49	3252742377	5000.0	0.001	0.0001015	0.620710	0.7542911817636473,0.23573453309338133,0.009904139172165568,6.998600279944011e-05,1.5996800639872026e-07
58	2427152648	5000.0	0.001	0.0001015	0.381826	0.8747492901419716,0.11749662067586483,0.007739092181563687,1.4997000599880025e-05
56	475531517	5000.0	0.001	0.0001015	-0.200771	0.9352115576884623,0.058086862627474506,0.0015966806638672267,0.005093941211757648,1.0957808438312337e-05
55	2837631229	5000.0	0.001	0.0001015	0.004916	0.9062242751449711,0.08881935612877424,0.0049358128374325135,2.0555888822235554e-05
54	3264323835	5000.0	0.001	0.0001015	0.048452	0.6957228554289142,0.29090873825234953,0.013340931813637272,2.7474505098980204e-05
59	1494053134	5000.0	0.001	0.0001015	0.114627	0.9577258948210358,0.04141711657668466,0.000856748650269946,2.399520095980804e-07
57	940286207	5000.0	0.001	0.0001015	-0.105637	0.9016045590881824,0.09731985602879424,0.0010753449310137973,2.399520095980804e-07
60	1966870805	5000.0	0.001	0.0001015	-0.009558	0.852156648670266,0.14743195360927813,0.00041115776844631076,2.399520095980804e-07
61	735420698	5000.0	0.001	0.0001015	0.318525	0.9160563887222556,0.08347710457908418,0.0004664667066586683,3.9992001599680065e-08
66	4274954532	5000.0	0.001	0.0001015	0.010254	0.8990935412917417,0.09843895220955809,0.0024664667066586683,1.0397920415916818e-06
72	37329212	5000.0	0.001	0.0001015	-0.028747	0.9117001799640072,0.08685754849030194,0.001435752849430114,6.518696260747851e-06
75	2099575105	5000.0	0.001	0.0001015	0.129272	0.9385628874225155,0.05905186962607478,0.0023844031193761247,8.398320335932813e-07
64	3217113376	5000.0	0.001	0.0001015	-0.062668	0.919091701659668,0.0755641271745651,0.005287702459508098,5.646870625874825e-05
67	1911626021	5000.0	0.001	0.0001015	-0.779835	0.8258477904419116,0.17273189362127575,0.001419756048790242,5.598880223955209e-07
62	3856951579	5000.0	0.001	0.0001015	0.743808	0.8715705658868227,0.08141039792041592,0.04637388522295541,0.0006450309938012398,1.199760047990402e-07
70	2903040301	5000.0	0.001	0.0001015	-0.662772	0.6898005598880224,0.30536816636672665,0.004815236952609478,1.6036792641471705e-05
68	457957672	5000.0	0.001	0.0001015	-0.084446	0.9023543691261747,0.09521091781643672,0.00243371325734853,9.998000399920016e-07
65	3051888931	5000.0	0.001	0.0001015	0.038108	0.9799794041191762,0.019951649670065987,6.894621075784843e-05
69	2701756715	5000.0	0.001	0.0001015	0.724234	0.859266426714657,0.13404391121775644,0.0066848230353929216,4.839032193561288e-06
63	941594908	5000.0	0.001	0.0001015	-0.097030	0.9367056188762247,0.061584323135372925,0.0011705258948210358,0.0005069386122775445,3.259348130373925e-05
77	1287850309	5000.0	0.001	0.0001015	-0.098012	0.8963964807038592,0.10067990401919616,0.002921855628874225,1.7596480703859228e-06
76	2665001282	5000.0	0.001	0.0001015	-0.390029	0.9232555088982204,0.07585166966606678,0.0008489502099580083,4.387122575484903e-05
79	1302137163	5000.0	0.001	0.0001015	0.162368	0.8656721455708858,0.13307998400319937,0.0012350329934013198,1.2837432513497301e-05
71	3728431405	5000.0	0.001	0.0001015	-0.392833	0.8811649670065986,0.10814621075784843,0.010365206958608278,0.0003236152769446111
74	3127241021	5000.0	0.001	0.0001015	0.881840	0.8459280143971206,0.15125478904219156,0.00281627674465107,9.198160367926415e-07
73	4203139389	5000.0	0.001	0.0001015	-0.431141	0.89704375124975,0.10225458908218356,0.0007012997400519896,3.5992801439712056e-07
78	955425096	5000.0	0.001	0.0001015	-0.260563	0.9297391721655669,0.06993049390121976,0.00032885422915416917,1.4797040591881624e-06
80	921416012	5000.0	0.001	0.0001015	0.012278	0.9695914417116577,0.030334453109378125,7.410517896420717e-05
81	877769037	5000.0	0.001	0.0001015	0.022577	0.9279642471505699,0.07177488502299541,0.00026086782643471306
93	679178630	5000.0	0.001	0.0001015	0.218510	0.9538606678664268,0.03390205958808239,0.012163127374525094,7.414517096580684e-05
86	1777473892	5000.0	0.001	0.0001015	-0.144573	0.9388417916416717,0.05706346730653869,0.004080823835232953,1.3917216556688662e-05
88	3484711273	5000.0	0.001	0.0001015	0.335325	0.901003799240152,0.09160543891221756,0.007360927814437113,2.8794241151769647e-05,1.0397920415916818e-06
83	2763266388	5000.0	0.001	0.0001015	-0.043667	0.9668225154969006,0.03205102979404119,0.00111497700459908,1.1477704459108178e-05
87	202158439	5000.0	0.001	0.0001015	0.204159	0.8866369926014797,0.10677188562287543,0.006517176564687062,7.394521095780844e-05
100	976302481	5000.0	0.001	0.0001015	0.129661	0.6298665466906619,0.35316516696660666,0.016346770645870826,0.0006215156968606279
101	3980149144	5000.0	0.001	0.0001015	0.152432	0.92974325134973,0.06928398320335932,0.0009727654469106179
90	3159886199	5000.0	0.001	0.0001015	0.075910	0.8930693461307738,0.101725374925015,0.005197560487902419,7.718456308738253e-06
94	1591427469	5000.0	0.001	0.0001015	-0.170316	0.8172764647070586,0.16762879424115176,0.014905778844231153,0.0001889622075584883
85	3057219931	5000.0	0.001	0.0001015	0.049299	0.963141851629674,0.035895820835832835,0.0009621675664867027,1.5996800639872026e-07
89	1453416811	5000.0	0.001	0.0001015	0.401543	0.8867626874625075,0.10939708058388323,0.003625514897020596,0.00021471705658868226
92	1803039107	5000.0	0.001	0.0001015	0.034434	0.9118974205158968,0.08586766646670665,0.002232753449310138,2.1595680863827235e-06
82	1498448206	5000.0	0.001	0.0001015	0.252280	0.8966470705858828,0.10261451709658069,0.0007382923415316936,1.199760047990402e-07
98	2247907731	5000.0	0.001	0.0001015	-0.030770	0.8992169966006799,0.09917196560687862,0.0015989602079584083,1.2077584483103379e-05
84	3036180824	5000.0	0.001	0.0001015	-0.009948	0.9717678064387123,0.025229674065186964,0.0030017996400719857,7.198560287942411e-07
95	806762894	5000.0	0.001	0.0001015	0.280412	0.9075535692861427,0.08981991601679665,0.0026254749050189964,1.0397920415916818e-06
96	3705411985	5000.0	0.001	0.0001015	0.067893	0.957426674665067,0.04193121375724855,0.0006421115776844631
97	2279743890	5000.0	0.001	0.0001015	0.220121	0.8537182963407318,0.14475172965406918,0.0015296540691861627,3.199360127974405e-07
99	2247573906	5000.0	0.001	0.0001015	0.119528	0.953161847630474,0.04481679664067187,0.00202123575284943,1.199760047990402e-07
91	1118372219	5000.0	0.001	0.0001015	-0.449843	0.8953389722055589,0.10211945610877825,0.0025348530293941214,6.71865626874625e-06
102	1022984602	5000.0	0.001	0.0001015	-0.026905	0.9677826434713057,0.03161487702459508,0.0005870825834833033,1.5396920615876825e-05
104	3294075298	5000.0	0.001	0.0001015	-0.183014	0.9478267946410718,0.05031701659668066,0.0018560687862427515,1.199760047990402e-07
103	3283679646	5000.0	0.001	0.0001015	0.454780	0.8462604679064187,0.15049842031593683,0.0032375124975005,3.599280143971206e-06
108	2473259437	5000.0	0.001	0.0001015	-0.059298	0.8672534693061388,0.12997196560687863,0.0026697860427914418,0.000104499100179964,2.7994401119776043e-07
109	3691004339	5000.0	0.001	0.0001015	-0.152587	0.9611923615276945,0.03859480103979204,0.0002128374325134973
106	1738187175	5000.0	0.001	0.0001015	0.163913	0.9195678064387123,0.07688362327534493,0.00354753049390122,1.0397920415916818e-06
110	2629427636	5000.0	0.001	0.0001015	-0.029407	0.9404861427714457,0.058601359728054386,0.0009121375724855029,3.5992801439712056e-07
111	1111114166	5000.0	0.001	0.0001015	0.135371	0.7587142171565687,0.23639260147970406,0.00488130373925215,1.1877624475104978e-05
113	1741326784	5000.0	0.001	0.0001015	0.056399	0.9082847830433913,0.09099824035192962,0.0007158168366326735,1.159768046390722e-06
114	3606960578	5000.0	0.001	0.0001015	0.606298	0.8192389522095581,0.14474873025394921,0.03556340731853629,0.00044867026594681066,2.399520095980804e-07
105	1869463974	5000.0	0.001	0.0001015	0.818347	0.7047713657268546,0.2858586282743451,0.0065399720055988805,0.002829914017196561,1.199760047990402e-07
116	70132164	5000.0	0.001	0.0001015	0.500454	0.8527980803839232,0.14318048390321936,0.003944171165766846,7.726454709058189e-05
107	657645994	5000.0	0.001	0.0001015	0.057192	0.9531171765646871,0.04653617276544691,0.00034653069386122776,1.199760047990402e-07
115	3076022723	5000.0	0.001	0.0001015	-0.411953	0.8888403919216157,0.10290569886022795,0.008250389922015596,3.5192961407718455e-06
117	4013752779	5000.0	0.001	0.0001015	0.638547	0.8675589682063587,0.13076516696660667,0.0016753449310137971,5.198960207958409e-07
119	3848903121	5000.0	0.001	0.0001015	-0.041503	0.9697086182763447,0.028424475104979006,0.0018641871625674866,2.7194561087782445e-06
118	2709107148	5000.0	0.001	0.0001015	-0.039748	0.8718955808838232,0.12464519096180764,0.0034527894421115778,6.43871225754849e-06
112	1219426751	5000.0	0.001	0.0001015	-0.053636	0.8460718656268746,0.12557116576684663,0.027898140371925614,0.00045758848230353927,1.2397520495900819e-06
120	1580128723	5000.0	0.001	0.0001015	0.175797	0.857897300539892,0.134947450509898,0.00713253349330134,2.2715456908618276e-05
121	1442224602	5000.0	0.001	0.0001015	0.471093	0.8298832233553289,0.16670457908418315,0.003406638672265547,5.558888222355529e-06
122	911475163	5000.0	0.001	0.0001015	0.386536	0.8477821235752849,0.1463133773245351,0.0058767846430713856,2.7714457108578283e-05
123	3540724186	5000.0	0.001	0.0001015	0.474885	0.9047335332933414,0.09423667266546691,0.0010291541691661668,6.39872025594881e-07
124	3494349283	5000.0	0.001	0.0001015	0.307227	0.9296900219956009,0.06788910217956409,0.0023354129174165167,8.542291541691662e-05,3.9992001599680065e-08
125	280592869	5000.0	0.001	0.0001015	-0.462822	0.9218157968406319,0.07368562287542492,0.0044320335932813435,6.654669066186763e-05
134	4249141790	5000.0	0.001	0.0001015	0.080157	0.9394085182963408,0.056417316536692665,0.0041519296140771845,2.2235552889422114e-05
126	2291108334	5000.0	0.001	0.0001015	0.000310	0.7954870225954809,0.1549622075584883,0.042874545090981805,0.006510777844431114,0.00016544691061787643
138	3005159981	5000.0	0.001	0.0001015	0.222177	0.9386472305538892,0.060107898420315935,0.001236512697460508,8.358328334333133e-06
127	607977972	5000.0	0.001	0.0001015	-0.430881	0.8598269546090782,0.1291365726854629,0.01102879424115177,7.678464307138573e-06
131	118948369	5000.0	0.001	0.0001015	-0.285205	0.8968383123375325,0.09865986802639472,0.004403639272145571,9.818036392721456e-05
130	2358385156	5000.0	0.001	0.0001015	-0.452903	0.8760131973605279,0.11995484903019396,0.0040306738652269546,1.279744051189762e-06
140	1968005681	5000.0	0.001	0.0001015	-0.179158	0.8216213157368526,0.16782871425714857,0.010530853829234153,1.911617676464707e-05
128	3022717434	5000.0	0.001	0.0001015	-0.140772	0.9159324935012998,0.08279148170365927,0.0012756648670265948,3.5992801439712056e-07
136	3316351530	5000.0	0.001	0.0001015	0.247370	0.9292719856028794,0.06355956808638272,0.007163327334533094,5.118976204759048e-06
141	2488646193	5000.0	0.001	0.0001015	-0.081012	0.962086702659468,0.03772261547690462,0.00019068186362727454
132	1842317847	5000.0	0.001	0.0001015	0.011557	0.8694401519696061,0.12168526294741051,0.008858268346330734,1.6316736652669465e-05
143	3578505782	5000.0	0.001	0.0001015	-0.256274	0.9482281143771246,0.0443625274945011,0.007405998800239952,3.359328134373125e-06
133	3824427549	5000.0	0.001	0.0001015	0.011544	0.9716091581683663,0.02829890021995601,9.194161167766447e-05
142	3218207284	5000.0	0.001	0.0001015	0.818565	0.7265456908618276,0.2677366926614677,0.005715536892621476,2.0795840831833635e-06
144	980781626	5000.0	0.001	0.0001015	-0.902580	0.8457915616876625,0.1485614877024595,0.005640831833633273,6.11877624475105e-06
129	2548480512	5000.0	0.001	0.0001015	-0.580581	0.9343147370525895,0.042885462907418515,0.020017036592681465,0.0027769246150769846,5.838832233553289e-06
139	955443759	5000.0	0.001	0.0001015	-0.295578	0.9289015796840632,0.07048930213957208,0.0006083983203359328,7.198560287942411e-07
137	446313005	5000.0	0.001	0.0001015	-0.093744	0.6497610077984403,0.31462923415316935,0.03511121775644871,0.0004977004599080184,8.398320335932813e-07
135	1428146726	5000.0	0.001	0.0001015	0.098436	0.8213650069986003,0.17164611077784442,0.00696124775044991,2.7634473105378926e-05
145	4286337597	5000.0	0.001	0.0001015	-0.023154	0.9773068586282744,0.021996720655868825,0.0006963807238552289,3.9992001599680065e-08
146	1399347777	5000.0	0.001	0.0001015	0.017247	0.8082313137372525,0.1892753449310138,0.002475264947010598,1.807638472305539e-05
161	2267075189	5000.0	0.001	0.0001015	-0.303244	0.8766114777044591,0.12138896220755849,0.001999400119976005,1.5996800639872026e-07
147	4010259011	5000.0	0.001	0.0001015	0.001860	0.9648985802839433,0.03248846230753849,0.0026121975604879023,7.598480303939212e-07
148	4101304903	5000.0	0.001	0.0001015	0.213839	0.9398153969206159,0.05813225354929014,0.0020517096580683863,6.39872025594881e-07
154	2024249949	5000.0	0.001	0.0001015	-0.153733	0.8947256548690262,0.09719056188762247,0.008079704059188163,4.079184163167366e-06
153	780599897	5000.0	0.001	0.0001015	0.386988	0.8854040391921616,0.11432601479704059,0.0002689862027594481,9.598080383923216e-07
151	1029462604	5000.0	0.001	0.0001015	-0.047109	0.9525896020795841,0.04726770645870826,0.00012261547690461908,2.0075984803039393e-05
162	1526792826	5000.0	0.001	0.0001015	0.113365	0.9356533893221356,0.05188482303539292,0.01243011397720456,3.167366526694661e-05
163	450251388	5000.0	0.001	0.0001015	0.437888	0.9064739052189562,0.09234597080583883,0.001170125974805039,9.998000399920016e-06
159	3811703406	5000.0	0.001	0.0001015	-0.139429	0.9301835232953409,0.06889494101179765,0.000919376124775045,2.1595680863827235e-06
155	3593562718	5000.0	0.001	0.0001015	-0.101333	0.8518379124175165,0.1454235952809438,0.002733533293341332,4.9590081983603276e-06
157	2549805672	5000.0	0.001	0.0001015	0.435182	0.9090139172165567,0.0860758648270346,0.004908938212357528,1.279744051189762e-06
150	2955383369	5000.0	0.001	0.0001015	0.067084	0.9262113977204559,0.07336488702259548,0.0004236752649470106,3.9992001599680065e-08
152	3015336530	5000.0	0.001	0.0001015	-0.279193	0.9368647470505899,0.06101799640071986,0.0021146970605878824,2.559488102379524e-06
160	2657745523	5000.0	0.001	0.0001015	-0.600761	0.8718370325934813,0.11920991801639672,0.00884491101779644,0.00010813837232553489
164	3378147968	5000.0	0.001	0.0001015	0.071291	0.9386898220355929,0.05995292941411717,0.001356368726254749,8.798240351929614e-07
158	3711562349	5000.0	0.001	0.0001015	0.371664	0.8924695460907819,0.10639292141571685,0.0011374925014997,3.9992001599680065e-08
156	304333416	5000.0	0.001	0.0001015	0.651131	0.9142659068186363,0.08119172165566886,0.0038745450909818038,0.0006677864427114577,3.9992001599680065e-08
149	4205130313	5000.0	0.001	0.0001015	0.392792	0.9032815436912618,0.06992025594881024,0.01946350729854029,0.007326654669066187,8.038392321535693e-06
165	2560322179	5000.0	0.001	0.0001015	0.170868	0.8947784843031393,0.10120403919216157,0.003974085182963407,4.339132173565287e-05
166	3850136196	5000.0	0.001	0.0001015	-0.181384	0.8724514297140572,0.11926818636272746,0.006929654069186162,0.0013428514297140572,7.878424315136973e-06
167	2954986118	5000.0	0.001	0.0001015	0.192867	0.7781462107578484,0.19710625874825036,0.024623395320935812,0.00012361527694461108,5.198960207958409e-07
169	369668747	5000.0	0.001	0.0001015	0.366294	0.9063836832633473,0.09017300539892022,0.0034399120175964805,3.3993201359728056e-06
168	990818952	5000.0	0.001	0.0001015	1.031767	0.8248057188562288,0.17055636872625474,0.004637232553489302,6.798640271945611e-07
171	1082348177	5000.0	0.001	0.0001015	-0.072001	0.9020532293541291,0.08680679864027195,0.011128494301139772,1.1477704459108178e-05
177	408367790	5000.0	0.001	0.0001015	-0.494729	0.889847350529894,0.10380987802439512,0.006340531893621276,2.2395520895820834e-06
173	2941993620	5000.0	0.001	0.0001015	-0.313708	0.8919557288542291,0.10443511297740452,0.003608638272345531,5.198960207958409e-07
180	3331601080	5000.0	0.001	0.0001015	-0.108421	0.890611197760448,0.0942013197360528,0.015119896020795841,6.75864827034593e-05
179	3729963704	5000.0	0.001	0.0001015	0.105677	0.95444275144971,0.04142207558488303,0.004115776844631074,1.9396120775844833e-05
181	2204312254	5000.0	0.001	0.0001015	0.280418	0.8548895420915816,0.13828586282743452,0.006775284943011398,4.931013797240552e-05
182	3475223230	5000.0	0.001	0.0001015	0.162138	0.8912099980003999,0.10483939212157568,0.003805758848230354,0.0001448510297940412
183	2451223232	5000.0	0.001	0.0001015	0.236688	0.9000176364727055,0.09117028594281144,0.00860379924015197,0.00020827834433113378
184	2866803406	5000.0	0.001	0.0001015	-0.472817	0.8239408118376325,0.1725901219756049,0.0034638272345530892,5.238952209558089e-06
174	3379167893	5000.0	0.001	0.0001015	-0.245054	0.8914032393521296,0.10705446910617876,0.001540491901619676,1.799640071985603e-06
186	1072470740	5000.0	0.001	0.0001015	0.235482	0.9465547690461907,0.05204071185762847,0.001382883423315337,2.1635672865426915e-05
187	1819759319	5000.0	0.001	0.0001015	-0.794691	0.8547319336132774,0.11954877024595081,0.025699620075984805,1.9676064787042592e-05
189	3880813277	5000.0	0.001	0.0001015	-0.582653	0.8860906218756249,0.1118881023795241,0.0020182363527294542,3.039392121575685e-06
185	3248399060	5000.0	0.001	0.0001015	-0.081346	0.8962618676264748,0.10243451309738053,0.0013033393321335732,2.7994401119776043e-07
190	629387999	5000.0	0.001	0.0001015	0.000739	0.8158482303539292,0.1773128174365127,0.0067746450709858025,6.430713857228554e-05
188	818655962	5000.0	0.001	0.0001015	0.132396	0.9337202159568087,0.06501567686462707,0.0012607078584283143,3.3993201359728056e-06
193	997243631	5000.0	0.001	0.0001015	0.041276	0.9627427314537093,0.034634193161367725,0.002622595480903819,4.799040191961608e-07
199	2573120266	5000.0	0.001	0.0001015	0.051156	0.8271102579484103,0.16837316536692662,0.004509298140371926,7.278544291141772e-06
195	1993904883	5000.0	0.001	0.0001015	0.137245	0.7805931613677265,0.20984603079384123,0.00950997800439912,5.082983403319336e-05
197	1244920571	5000.0	0.001	0.0001015	0.222821	0.8396418316336732,0.15784227154569086,0.0025150569886022794,8.398320335932813e-07
200	803351313	5000.0	0.001	0.0001015	0.124975	0.9694788642271546,0.029652109578084382,0.0008685462907418516,4.799040191961608e-07
191	66630367	5000.0	0.001	0.0001015	0.137213	0.9207676864627075,0.0789119776044791,0.0003203359328134373
196	1173879541	5000.0	0.001	0.0001015	-0.550034	0.8410127974405119,0.1508608678264347,0.00812141571685663,4.919016196760648e-06
202	988701472	5000.0	0.001	0.0001015	0.006701	0.9355955608878225,0.0637371325734853,0.0006672665466906618,3.9992001599680065e-08
194	1758059248	5000.0	0.001	0.0001015	0.090510	0.9374518296340731,0.06203879224155169,0.0005088182363527295,5.598880223955209e-07
192	863832812	5000.0	0.001	0.0001015	-0.047972	0.9049917616476705,0.09327946410717856,0.0017186962607478504,1.0077984403119377e-05
175	3750877847	5000.0	0.001	0.0001015	0.011308	0.7836493101379725,0.19970885822835432,0.016605158968206357,3.667266546690662e-05
170	57776784	5000.0	0.001	0.0001015	-0.173247	0.9472774645070986,0.05247998400319936,0.00024255148970205959
176	2169014942	5000.0	0.001	0.0001015	-0.654705	0.8503260547890422,0.1429497700459908,0.006616836632673465,0.0001073385322935413
204	2333100843	5000.0	0.001	0.0001015	0.073934	0.9619238152369526,0.037831833633273346,0.0002443111377724455,3.9992001599680065e-08
203	1135522598	5000.0	0.001	0.0001015	-0.244535	0.9270413917216557,0.0725869226154769,0.0003713657268546291,3.199360127974405e-07
172	2406056595	5000.0	0.001	0.0001015	-0.281920	0.8085268946210757,0.18314657068586282,0.008252149570085982,7.426514697060587e-05,1.199760047990402e-07
201	3943846680	5000.0	0.001	0.0001015	-0.133654	0.9179321335732853,0.0792759048190362,0.0027916816636672664,2.7994401119776043e-07
205	3432979245	5000.0	0.001	0.0001015	-0.019902	0.8730064787042592,0.1243117376524695,0.0026744251149770047,7.358528294341132e-06
198	1311435522	5000.0	0.001	0.0001015	0.085079	0.9530677064587083,0.04685242951409718,7.986402719456109e-05
207	2986691377	5000.0	0.001	0.0001015	-0.123078	0.9457613677264547,0.04011465706858628,0.012916736652669467,0.0012028394321135774,4.399120175964807e-06
210	1817711431	5000.0	0.001	0.0001015	0.035198	0.8926992201559688,0.10485466906618676,0.002445750849830034,3.5992801439712056e-07
208	2034666292	5000.0	0.001	0.0001015	-0.040045	0.8987758448310338,0.09956076784643071,0.0015938412317536492,6.954609078184363e-05
206	3913542446	5000.0	0.001	0.0001015	0.266179	0.9080863427314537,0.08300647870425915,0.008894821035792842,1.235752849430114e-05
209	4231256902	5000.0	0.001	0.0001015	-0.261603	0.8897977204559088,0.10282687462507499,0.0073537692461507695,2.1635672865426915e-05
178	3293844150	5000.0	0.001	0.0001015	0.411744	0.9231038592281544,0.07490149970005999,0.0019887222555488903,5.91881623675265e-06
216	642814808	5000.0	0.001	0.0001015	-0.000688	0.9582015596880624,0.0405625274945011,0.00123375324935013,2.1595680863827235e-06
213	2005975884	5000.0	0.001	0.0001015	-0.170864	0.8897532893421316,0.10935852829434113,0.0008881823635272946
212	2928999238	5000.0	0.001	0.0001015	-0.007148	0.9809016196760648,0.019039312137572484,5.906818636272745e-05
215	48143191	5000.0	0.001	0.0001015	0.234973	0.9400753849230153,0.05826458708258348,0.0006126374725054989,0.0010473505298940213,3.9992001599680065e-08
217	333290329	5000.0	0.001	0.0001015	-0.058570	0.9451066586682664,0.05281895620875825,0.002071985602879424,2.399520095980804e-06
218	2706662232	5000.0	0.001	0.0001015	-0.025007	0.9413050189962008,0.05287362527494501,0.005764647070585883,5.670865826834633e-05
211	3485354822	5000.0	0.001	0.0001015	0.424521	0.8749238952209558,0.12018152369526094,0.004871345730853829,2.3235352929414118e-05
219	4078369628	5000.0	0.001	0.0001015	-0.183895	0.957792201559688,0.04171657668466307,0.0004899020195960808,1.319736052789442e-06
220	1750616926	5000.0	0.001	0.0001015	-0.068288	0.9213580083983204,0.0739013797240552,0.004730853829234153,9.758048390321935e-06
214	2624510799	5000.0	0.001	0.0001015	-0.382092	0.7454169166166766,0.2524962207558488,0.002083143371325735,3.719256148770246e-06
221	1514724194	5000.0	0.001	0.0001015	-0.599116	0.8773337732453509,0.10498620275944812,0.01730397920415917,0.00037604479104179166
222	3721018211	5000.0	0.001	0.0001015	0.279167	0.9132455908818237,0.08629226154769046,0.0004621475704859028
223	728759143	5000.0	0.001	0.0001015	0.051950	0.9531240951809639,0.046696100779844034,0.00017980403919216158
224	3906354030	5000.0	0.001	0.0001015	-0.447820	0.9108674665066987,0.07434105178964207,0.01365386922615477,0.001119376124775045,1.823635272945411e-05
225	4057244529	5000.0	0.001	0.0001015	-0.792477	0.8412908618276345,0.15479264147170566,0.003910697860427914,5.798840231953609e-06
227	1812859766	5000.0	0.001	0.0001015	0.867677	0.8625812437512498,0.11174061187762448,0.02079756048790242,0.004761647670465907,0.00011893621275744851
226	2146003830	5000.0	0.001	0.0001015	0.250414	0.9356441911617677,0.06325286942611477,0.0011016196760647871,1.319736052789442e-06
229	1605968767	5000.0	0.001	0.0001015	-0.133823	0.9214783043391321,0.07481051789642072,0.0036921815636872623,1.8996200759848032e-05
228	1427938174	5000.0	0.001	0.0001015	-0.133437	0.8839514097180564,0.1149001799640072,0.0011461707658468306,2.2395520895820834e-06
230	2867260286	5000.0	0.001	0.0001015	0.380965	0.9089212157568486,0.08964371125774845,0.0014340731853629274,9.998000399920016e-07
235	218467214	5000.0	0.001	0.0001015	-0.070378	0.9581148170365927,0.041291181763647274,0.0005938012397520496,1.9996000799840033e-07
242	895474610	5000.0	0.001	0.0001015	0.010791	0.9619945210957809,0.03628222355528894,0.001718376324735053,4.879024195160968e-06
232	3000904579	5000.0	0.001	0.0001015	0.052066	0.9544618676264747,0.03230985802839432,0.013216996600679863,1.1277744451109779e-05
236	1214182294	5000.0	0.001	0.0001015	0.344665	0.847476224755049,0.14429642071585683,0.008207838432313538,1.9396120775844833e-05,1.199760047990402e-07
234	970271630	5000.0	0.001	0.0001015	-0.034358	0.9468759448110378,0.053019636072785446,0.00010441911617676465
238	3277734808	5000.0	0.001	0.0001015	-0.273224	0.8316702659468106,0.16665698860227954,0.001671625674865027,1.1197760447910417e-06
241	2503500721	5000.0	0.001	0.0001015	0.157793	0.9218703859228154,0.07625598880223955,0.0014263947210557887,0.0004471505698860228,7.998400319936013e-08
233	398508941	5000.0	0.001	0.0001015	-0.132373	0.946177724455109,0.05232277544491102,0.0014993401319736053,1.5996800639872026e-07
239	1347527581	5000.0	0.001	0.0001015	-0.007074	0.9427545690861827,0.055660827834433116,0.0015844831033793242,1.199760047990402e-07
231	1962896259	5000.0	0.001	0.0001015	-0.145247	0.8925790441911617,0.10609330133973205,0.0013238952209558088,3.759248150369926e-06
237	3560934296	5000.0	0.001	0.0001015	0.589745	0.8898937812437513,0.10773893221355729,0.002367086582683463,1.9996000799840033e-07
240	2620812194	5000.0	0.001	0.0001015	-0.647260	0.9074717056588683,0.08049622075584884,0.011988082383523295,4.399120175964807e-05
243	2369194935	5000.0	0.001	0.0001015	-0.552214	0.8156745850829834,0.16914485102979404,0.015087662467506499,9.290141971605679e-05
244	4015375289	5000.0	0.001	0.0001015	-0.247824	0.9542130773845231,0.03942115576884623,0.006347330533893221,1.843631273745251e-05
245	3813749689	5000.0	0.001	0.0001015	-0.458998	0.8775750049990002,0.1191015796840632,0.0033214557088582283,1.959608078384323e-06
252	2662632399	5000.0	0.001	0.0001015	0.288057	0.861928574285143,0.1355386122775445,0.002532653469306139,1.5996800639872026e-07
248	2100716487	5000.0	0.001	0.0001015	-0.268757	0.8847861627674465,0.11304119176164767,0.002172005598880224,6.39872025594881e-07
246	3391286211	5000.0	0.001	0.0001015	0.254565	0.8823978404319136,0.11652657468506299,0.0010744651069786043,1.1197760447910417e-06
256	323734500	5000.0	0.001	0.0001015	0.329168	0.89680099980004,0.097650349930014,0.005502939412117576,4.571085782843431e-05
250	824275917	5000.0	0.001	0.0001015	-0.048540	0.9666475104979004,0.03289006198760248,0.00045870825834833036,3.719256148770246e-06
257	1606667237	5000.0	0.001	0.0001015	0.869381	0.7702157168566287,0.19735088982203558,0.031200679864027196,0.0012036792641471705,2.9034193161367726e-05
249	2664891338	5000.0	0.001	0.0001015	-0.079548	0.913918376324735,0.07300167966406719,0.012633473305338932,0.0004350729854029194,1.1397720455908818e-05
254	1139575775	5000.0	0.001	0.0001015	-0.009612	0.8931549690061987,0.1031494101179764,0.00364127174565087,4.859028194361128e-05,5.758848230353929e-06
255	1737665506	5000.0	0.001	0.0001015	-0.099353	0.9511846430713857,0.044883943211357726,0.003923815236952609,7.5984803039392126e-06
259	790367225	5000.0	0.001	0.0001015	0.336597	0.7748343531293741,0.18525730853829234,0.03965946810637872,0.00024887022595480906
247	2331753414	5000.0	0.001	0.0001015	-0.344332	0.7792239552089583,0.2040245950809838,0.016594561087782445,0.0001568886222755449
260	3944467452	5000.0	0.001	0.0001015	-0.204512	0.9124995400919816,0.08442771445710857,0.0030709458108378325,1.799640071985603e-06
262	479169543	5000.0	0.001	0.0001015	0.049816	0.9617486102779444,0.03699468106378724,0.0012566686662667467,3.9992001599680065e-08
258	8627186	5000.0	0.001	0.0001015	1.054264	0.7300925414917017,0.2540375124975005,0.014424715056988602,0.001443991201759648,1.2397520495900819e-06
251	94870478	5000.0	0.001	0.0001015	0.645409	0.8470759048190362,0.1504875824835033,0.0024351529694061186,1.3597280543891223e-06
261	1142031360	5000.0	0.001	0.0001015	0.763707	0.8590807438512298,0.13293437312537493,0.007973285342931414,1.1597680463907219e-05
253	25854926	5000.0	0.001	0.0001015	0.278272	0.9185100179964008,0.07809026194761048,0.0033985202959408117,1.199760047990402e-06
264	3065644045	5000.0	0.001	0.0001015	0.269593	0.916223475304939,0.0719003399320136,0.011841431713657268,3.4753049390121974e-05
263	4200367111	5000.0	0.001	0.0001015	0.048760	0.8906707858428314,0.10787738452309538,0.0014518296340731854
265	4005415949	5000.0	0.001	0.0001015	0.234832	0.8757964807038592,0.12180147970405919,0.00240123975204959,7.998400319936013e-07
272	132224048	5000.0	0.001	0.0001015	0.201915	0.939802199560088,0.05967290541891622,0.0005222155568886223,2.679464107178564e-06
266	3814794256	5000.0	0.001	0.0001015	-0.231225	0.8764093981203759,0.09891465706858628,0.024522975404919017,0.00015296940611877625
274	3707520058	5000.0	0.001	0.0001015	0.099714	0.8925972405518896,0.10242979404119176,0.004969126174765047,3.839232153569286e-06
267	1340128273	5000.0	0.001	0.0001015	-0.029389	0.8517747650469906,0.14136888622275545,0.006851109778044391,5.238952209558089e-06
271	583951403	5000.0	0.001	0.0001015	0.459903	0.89700799840032,0.09008426314737053,0.01289118176364727,1.6556688662267547e-05
273	3906653232	5000.0	0.001	0.0001015	-0.016321	0.9454102779444111,0.05377672465506898,0.0008126774645070986,3.199360127974405e-07
270	2011698213	5000.0	0.001	0.0001015	0.173850	0.8978435912817436,0.10018960207958408,0.0019659268146370724,8.798240351929614e-07
280	3507366991	5000.0	0.001	0.0001015	0.042758	0.9529782443511298,0.04664463107378524,0.0003769246150769846,1.9996000799840033e-07
269	304872482	5000.0	0.001	0.0001015	0.050411	0.8452323935212958,0.1424103179364127,0.010174845030993801,0.0021395320935812838,4.291141771645671e-05
268	1656300577	5000.0	0.001	0.0001015	0.982241	0.7578320735852829,0.23604099180163968,0.006070985802839432,5.594881023795241e-05
283	758533204	5000.0	0.001	0.0001015	0.427649	0.909694101179764,0.089775524895021,0.0005303739252149571
275	1624210491	5000.0	0.001	0.0001015	-0.502632	0.8648499100179964,0.1308247150569886,0.0042755848830233955,4.979004199160168e-05
284	3980932192	5000.0	0.001	0.0001015	0.288196	0.9170012397520496,0.08077800439912018,0.0022171565686862627,3.599280143971206e-06
279	2998742088	5000.0	0.001	0.0001015	-0.573867	0.8707274145170966,0.12809702059588082,0.0011755648870225954
277	2836927554	5000.0	0.001	0.0001015	0.321810	0.9306609878024396,0.06888290341931613,0.000455748850229954,3.5992801439712056e-07
276	2267339840	5000.0	0.001	0.0001015	-0.978719	0.7917690861827634,0.17740615876824636,0.029662987402519495,0.0011606878624275145,1.0797840431913617e-06
281	2079990864	5000.0	0.001	0.0001015	0.238205	0.91955724855029,0.07822791441711657,0.0022089582083583284,5.878824235152969e-06
278	3628528706	5000.0	0.001	0.0001015	0.102301	0.8635112577484503,0.12055868826234753,0.015922815436912617,7.238552289542091e-06
282	679220305	5000.0	0.001	0.0001015	0.029390	0.9255134973005399,0.07346866626674665,0.0010165166966606678,1.319736052789442e-06
285	817599588	5000.0	0.001	0.0001015	1.467177	0.6568137172565487,0.2705398520295941,0.07156728654269146,0.0010771445710857828,1.999600079984003e-06
286	4275782770	5000.0	0.001	0.0001015	-0.213691	0.9207387722455509,0.07663659268146371,0.0026125574885022995,1.2077584483103379e-05
294	1543814283	5000.0	0.001	0.0001015	-0.050507	0.9507158168366326,0.048922575484903016,0.00036052789442111576,1.0797840431913617e-06
288	4125398139	5000.0	0.001	0.0001015	-0.307666	0.9285888022395521,0.0673872025594881,0.003930533893221355,9.346130773845231e-05
289	3009410178	5000.0	0.001	0.0001015	0.102540	0.9481770045990802,0.05145762847430514,0.0003653669266146771
287	1492561014	5000.0	0.001	0.0001015	-0.157263	0.8790186762647471,0.1200116376724655,0.0009696860627874425
290	3886855299	5000.0	0.001	0.0001015	0.303193	0.8778755048990202,0.1187626474705059,0.0030578284343131374,0.00029898020395920815,5.038992201559688e-06
292	2603340934	5000.0	0.001	0.0001015	-0.594006	0.9005933213357329,0.09703275344931014,0.0023732453509298142,6.798640271945611e-07
293	2688369799	5000.0	0.001	0.0001015	0.367062	0.9024194361127774,0.09374237152569487,0.003421475704859028,0.00041651669666066787,1.9996000799840033e-07
295	1645141135	5000.0	0.001	0.0001015	0.254414	0.8734785042991402,0.12428422315536893,0.00222375524895021,1.3517296540691861e-05
296	2817852564	5000.0	0.001	0.0001015	0.010794	0.9329048590281943,0.06444587082583483,0.0026489102179564085,3.5992801439712056e-07
291	3454807171	5000.0	0.001	0.0001015	-0.044676	0.8951274545090981,0.10174309138172366,0.0029649270145970805,0.00016452709458108377
298	1388512415	5000.0	0.001	0.0001015	0.070459	0.9445137772445511,0.048775524895020995,0.006689422115576884,2.1275744851029795e-05
297	3714886807	5000.0	0.001	0.0001015	-0.442544	0.7957965606878624,0.19258080383923215,0.006468266346730654,0.005024115176964607,0.00013025394921015797
302	3469540532	5000.0	0.001	0.0001015	0.522665	0.8856888622275545,0.11236860627874425,0.0019409718056388721,1.5596880623875224e-06
299	3301977253	5000.0	0.001	0.0001015	0.066700	0.9300715056988602,0.0672263947210558,0.0027012997400519896,7.998400319936013e-07
303	2635695299	5000.0	0.001	0.0001015	-0.578551	0.7810632673465306,0.21609618076384723,0.0028300739852029594,1.0477904419116177e-05
301	2902471859	5000.0	0.001	0.0001015	-0.172524	0.9094959408118376,0.0750256348730254,0.01530373925214957,0.00017448510297940413,1.9996000799840033e-07
300	3354328231	5000.0	0.001	0.0001015	0.582691	0.7992782643471306,0.19552981403719255,0.005108818236352729,8.310337932413518e-05
304	595745991	5000.0	0.001	0.0001015	-0.591121	0.8049804439112177,0.17551393721255748,0.019460707858428315,4.491101779644071e-05
306	679027918	5000.0	0.001	0.0001015	0.939349	0.8245569286142771,0.17237072585482904,0.0030657068586282745,6.63867226554689e-06
305	2724148429	5000.0	0.001	0.0001015	1.227146	0.807118176364727,0.18898072385522896,0.0038897820435912817,1.1317736452709458e-05
307	1309095124	5000.0	0.001	0.0001015	0.021782	0.9784422315536893,0.021499300139972005,5.846830633873225e-05
310	2464505050	5000.0	0.001	0.0001015	-0.607546	0.9223147770445911,0.06445954809038193,0.01320239952009598,2.32753449310138e-05
308	3649271002	5000.0	0.001	0.0001015	0.128468	0.8039798040391921,0.18147838432313537,0.014531973605278943,9.838032393521296e-06
309	1452594395	5000.0	0.001	0.0001015	-0.135721	0.9570842631473705,0.041106458708258346,0.0017786842631473704,3.059388122375525e-05
311	2139192543	5000.0	0.001	0.0001015	0.060477	0.9250105578884223,0.07188310337932413,0.003105858828234353,4.799040191961608e-07
312	1742560485	5000.0	0.001	0.0001015	0.162872	0.9202954209158168,0.07922787442511497,0.000476624675064987,7.998400319936013e-08
315	590154988	5000.0	0.001	0.0001015	-0.035665	0.8913558888222356,0.10720351929614078,0.0014333933213357328,7.198560287942412e-06
313	977790184	5000.0	0.001	0.0001015	-0.085074	0.9556177964407119,0.04408586282743451,0.00029622075584883023,1.199760047990402e-07
314	4154195177	5000.0	0.001	0.0001015	0.034491	0.9100269146170766,0.08814433113377325,0.0017967606478704258,3.199360127974405e-05
317	357827834	5000.0	0.001	0.0001015	0.020881	0.9677892021595681,0.032047070585882825,0.00016372725454909018
316	1495590124	5000.0	0.001	0.0001015	0.048663	0.8873086182763448,0.10358528294341132,0.009097140571885622,8.958208358328334e-06
318	1497050362	5000.0	0.001	0.0001015	-0.061147	0.8836361127774445,0.11379304139172165,0.002420755848830234,0.0001500899820035993
319	569187580	5000.0	0.001	0.0001015	0.152043	0.927913977204559,0.06434149170165966,0.007723335332933413,2.1195760847830434e-05
320	1888287999	5000.0	0.001	0.0001015	-0.091212	0.9433042191561688,0.047917816436712654,0.00876996600679864,7.998400319936012e-06
322	1576254721	5000.0	0.001	0.0001015	0.135815	0.9110675464907019,0.08429598080383924,0.004635272945410918,1.199760047990402e-06
323	3122607375	5000.0	0.001	0.0001015	0.146419	0.9200829834033193,0.07610285942811437,0.003810637872425515,3.5192961407718455e-06
321	136539392	5000.0	0.001	0.0001015	-0.305047	0.9375691261747651,0.057536452709458105,0.004869746050789842,2.46750649870026e-05
324	227185938	5000.0	0.001	0.0001015	0.044879	0.9318905018996201,0.06736436712657469,0.0007451309738052389
327	1206013208	5000.0	0.001	0.0001015	-0.122886	0.9310675064987003,0.06715948810237952,0.0017726854629074185,3.199360127974405e-07
329	1753885979	5000.0	0.001	0.0001015	0.017171	0.9317676064787043,0.06559084183163368,0.002610637872425515,3.091381723655269e-05
328	3321443611	5000.0	0.001	0.0001015	-0.096274	0.9307777644471106,0.06697820435912817,0.002210877824435113,3.299340131973605e-05,1.5996800639872026e-07
325	1737854227	5000.0	0.001	0.0001015	0.152920	0.8885033793241351,0.11045502899420116,0.0009649670065986802,7.6624675064987e-05
326	1336532243	5000.0	0.001	0.0001015	0.146590	0.9445570885822835,0.05457616476704659,0.0008666666666666666,7.998400319936013e-08
331	2004376865	5000.0	0.001	0.0001015	0.130961	0.9585076184763047,0.03710657868426315,0.004377804439112178,7.998400319936012e-06
330	928083229	5000.0	0.001	0.0001015	0.770882	0.7971236152769446,0.18874617076584682,0.014056828634273145,7.338532293541291e-05
332	851393827	5000.0	0.001	0.0001015	-0.812614	0.6589866826634673,0.33080671865626876,0.010187962407518496,1.8636272745450908e-05
334	253447470	5000.0	0.001	0.0001015	-0.383303	0.9321048190361928,0.0647252949410118,0.003158968206358728,1.0917816436712657e-05
333	3701376299	5000.0	0.001	0.0001015	0.072134	0.9027586882623475,0.09637272545490902,0.0008684663067386523,1.199760047990402e-07
335	1980126514	5000.0	0.001	0.0001015	-0.008757	0.8674134373125375,0.12681871625674865,0.005757368526294741,1.0477904419116177e-05
338	4119588169	5000.0	0.001	0.0001015	-0.040475	0.9399908818236353,0.059375444911017795,0.0006325134973005399,1.159768046390722e-06
336	222723380	5000.0	0.001	0.0001015	0.196888	0.9423824435112977,0.057325694861027794,0.0002918616276744651
337	4088976696	5000.0	0.001	0.0001015	-0.474823	0.9071314137172566,0.08815200959808038,0.004714857028594281,1.7196560687862428e-06
339	953451849	5000.0	0.001	0.0001015	-0.091319	0.8884376724655069,0.11051029794041192,0.0010518296340731855,1.9996000799840033e-07
340	3714393422	5000.0	0.001	0.0001015	-0.078029	0.8572277544491101,0.13380751849630074,0.007853029394121176,0.001111377724455109,3.199360127974405e-07
341	542049617	5000.0	0.001	0.0001015	-0.083407	0.9553666466706658,0.04365094981003799,0.0009821635672865427,2.399520095980804e-07
343	4106020184	5000.0	0.001	0.0001015	0.005421	0.918611797640472,0.07326602679464107,0.007270345930813838,0.0008513097380523896,5.198960207958409e-07
342	102241624	5000.0	0.001	0.0001015	0.576794	0.9005848830233953,0.09265726854629074,0.006663947210557889,9.382123575284943e-05,7.998400319936013e-08
347	2264214876	5000.0	0.001	0.0001015	-0.197442	0.8940528294341131,0.10380443911217757,0.002138412317536493,4.319136172765447e-06
344	2471253336	5000.0	0.001	0.0001015	0.864128	0.7804597480503899,0.20250573885222956,0.01652253549290142,0.0005113377324535092,6.39872025594881e-07
348	402685278	5000.0	0.001	0.0001015	-0.128776	0.9312916216756648,0.0680878624275145,0.0006205158968206359
346	683283801	5000.0	0.001	0.0001015	-0.162160	0.9158709458108378,0.0825251349730054,0.0015985602879424116,5.358928214357128e-06
345	527607131	5000.0	0.001	0.0001015	-0.577487	0.7308418716256748,0.25732097580483904,0.011793401319736052,4.375124975004999e-05
350	1230937439	5000.0	0.001	0.0001015	-0.178363	0.9183546890621875,0.07619880023995201,0.0054404719056188764,6.038792241551689e-06
356	270247294	5000.0	0.001	0.0001015	0.081013	0.940129174165167,0.05938968206358728,0.00048110377924415117,3.9992001599680065e-08
353	609203565	5000.0	0.001	0.0001015	-0.147846	0.9619738452309539,0.03621787642471506,0.0018059188162367526,2.359528094381124e-06
358	3329420677	5000.0	0.001	0.0001015	0.148816	0.8056025994801039,0.19119188162367526,0.0031939212157568488,1.1597680463907219e-05
357	888886659	5000.0	0.001	0.0001015	-0.305705	0.9146687862427515,0.06988310337932413,0.014194881023795241,0.0012517096580683864,1.5196960607878424e-06
352	3117540707	5000.0	0.001	0.0001015	0.082561	0.940179924015197,0.05830437912417517,0.0015138572285542892,1.839632073585283e-06
349	3273067870	5000.0	0.001	0.0001015	0.479769	0.8370140371925615,0.15688086382723454,0.006086382723455309,1.871625674865027e-05
355	358665596	5000.0	0.001	0.0001015	0.465858	0.7289517696460708,0.2572998200359928,0.008444151169766047,0.0053020195960807835,2.2395520895820834e-06
359	4164148616	5000.0	0.001	0.0001015	-0.157412	0.7857163367326535,0.2002968206358728,0.013733533293341331,0.0002533093381323735
354	1435434354	5000.0	0.001	0.0001015	-0.911793	0.8549026594681064,0.13909582083583283,0.0059820835832833435,1.943611277744451e-05
351	3204592994	5000.0	0.001	0.0001015	0.184022	0.8986261947610478,0.09965474905018996,0.0015836832633473305,0.000135372925414917
360	3141379469	5000.0	0.001	0.0001015	0.259407	0.9179662067586483,0.080475224955009,0.0015264147170565886,3.215356928614277e-05
361	1090168211	5000.0	0.001	0.0001015	-0.148412	0.917781923615277,0.08007978404319137,0.0021282143571285743,1.0077984403119377e-05
362	791872920	5000.0	0.001	0.0001015	-0.239674	0.9154580683863227,0.08411285742851429,0.0004290741851629674
366	3460074925	5000.0	0.001	0.0001015	-0.000180	0.9121968406318737,0.08691653669266147,0.0008865426914617077,7.998400319936013e-08
363	4228097440	5000.0	0.001	0.0001015	-0.402574	0.9316873025394921,0.057667026594681065,0.01060631873625275,3.9352129574085184e-05
373	3566763456	5000.0	0.001	0.0001015	0.185730	0.8877282143571286,0.11026862627474505,0.0020027194561087784,4.399120175964807e-07
374	1614288326	5000.0	0.001	0.0001015	-0.001717	0.9579400919816037,0.04179232153569286,0.0002675864827034593
372	2341064127	5000.0	0.001	0.0001015	-0.008165	0.9641575284943011,0.033248230353929216,0.002588122375524895,6.11877624475105e-06
369	4069922234	5000.0	0.001	0.0001015	0.839739	0.8155421315736853,0.18019776044791042,0.00425878824235153,1.319736052789442e-06
367	2451522995	5000.0	0.001	0.0001015	0.017010	0.8706653469306139,0.12645662867426516,0.002877104579084183,9.198160367926415e-07
368	315403703	5000.0	0.001	0.0001015	0.300414	0.8939984403119376,0.10503983203359328,0.0009617276544691062
365	3642578336	5000.0	0.001	0.0001015	0.246107	0.9113002199560089,0.08550797840431913,0.0031860427914417117,5.758848230353929e-06
364	2581554593	5000.0	0.001	0.0001015	-0.012998	0.9423113777244551,0.0568379524095181,0.0008493901219756049,1.279744051189762e-06
371	1181953469	5000.0	0.001	0.0001015	0.808804	0.7852321935612877,0.1735606478704259,0.03976816636672666,0.0014385122975404919,4.799040191961608e-07
370	1591942588	5000.0	0.001	0.0001015	0.003372	0.9275827234553089,0.06865174965006998,0.00375624875024995,9.278144371125775e-06
377	3997566421	5000.0	0.001	0.0001015	0.080639	0.9671299340131974,0.032503419316136775,0.0003657668466306739,8.798240351929614e-07
375	1755190730	5000.0	0.001	0.0001015	-0.040077	0.945379524095181,0.05292869426114777,0.0013774445110977804,0.0002828234353129374,3.151369726054789e-05
376	3328421325	5000.0	0.001	0.0001015	0.376422	0.8438255948810238,0.1551732453509298,0.0010007998400319935,3.5992801439712056e-07
379	1060052442	5000.0	0.001	0.0001015	0.266261	0.8923206158768247,0.10572949410117977,0.0007872825434913017,0.0011621675664867026,4.399120175964807e-07
378	3791001047	5000.0	0.001	0.0001015	0.758198	0.8756239152169566,0.12274237152569487,0.001631513697260548,2.1995600879824035e-06
380	1116265952	5000.0	0.001	0.0001015	0.005848	0.9139628074385123,0.08446382723455309,0.0015638472305538893,9.518096380723854e-06
381	4167091689	5000.0	0.001	0.0001015	0.025963	0.8891078584283143,0.07674317136572685,0.029868346330733854,0.0042246750649870025,5.594881023795241e-05
383	1482429930	5000.0	0.001	0.0001015	-0.906423	0.7858443911217756,0.2075885222955409,0.006527694461107778,3.939212157568486e-05
382	1038747114	5000.0	0.001	0.0001015	0.199931	0.9001129774045191,0.09702071585682863,0.002865226954609078,1.0797840431913617e-06
384	4201575918	5000.0	0.001	0.0001015	0.431328	0.9222421915616876,0.07391557688462308,0.0038414317136572684,7.998400319936013e-07
389	1667825144	5000.0	0.001	0.0001015	0.221789	0.8540361127774445,0.1389377324535093,0.006986482703459308,3.967206558688262e-05
387	2189886966	5000.0	0.001	0.0001015	-0.087294	0.9090003199360128,0.06424783043391322,0.02657732453509298,0.0001745250949810038
396	3974540834	5000.0	0.001	0.0001015	-0.031485	0.9274941811637673,0.07165962807438513,0.0008457908418316337,3.9992001599680065e-07
398	2208126519	5000.0	0.001	0.0001015	0.432431	0.8319896820635873,0.1629011797640472,0.005096180763847231,1.295740851829634e-05
388	258153976	5000.0	0.001	0.0001015	-0.459803	0.9263924415116976,0.07340987802439512,0.00019752049590081983,1.5996800639872026e-07
386	2388798966	5000.0	0.001	0.0001015	0.181819	0.9588955808838232,0.04093041391721656,0.00017400519896020795
399	4251969081	5000.0	0.001	0.0001015	0.046989	0.956128574285143,0.04305918816236753,0.0008121575684863027,7.998400319936013e-08
397	3329324587	5000.0	0.001	0.0001015	0.016173	0.9524455908818237,0.0458873825234953,0.001666746650669866,2.7994401119776043e-07
392	1148108313	5000.0	0.001	0.0001015	0.553617	0.668326574685063,0.3010118376324735,0.029998600279944013,0.0006629874025194961
395	3909983774	5000.0	0.001	0.0001015	-0.087262	0.9386365126974605,0.06041607678464307,0.0009468906218756249,5.198960207958409e-07
401	2889006676	5000.0	0.001	0.0001015	-0.121975	0.9179351729654069,0.08121439712057589,0.0008428714257148571,7.558488302339532e-06
400	1303569998	5000.0	0.001	0.0001015	0.085709	0.9236133573285343,0.07572245550889822,0.000663627274545091,5.598880223955209e-07
394	929832475	5000.0	0.001	0.0001015	0.168864	0.8982735852829434,0.09896136772645471,0.0027601679664067185,4.879024195160968e-06
390	3855097338	5000.0	0.001	0.0001015	0.008679	0.9550877024595081,0.04466874625074985,0.00024355128974205159
393	2243900954	5000.0	0.001	0.0001015	0.100482	0.9413803639272146,0.05178120375924815,0.006814677064587083,2.3755248950209957e-05
385	1456700914	5000.0	0.001	0.0001015	0.073793	0.8916803439312138,0.10637448510297941,0.001944371125774845,7.998400319936013e-07
391	2120738301	5000.0	0.001	0.0001015	-0.146598	0.9474120775844831,0.05184291141771646,0.0006383523295340932,0.00010665866826634673
402	2534379094	5000.0	0.001	0.0001015	0.023343	0.8810137572485502,0.11401023795240951,0.00480627874425115,0.00016760647870425914,2.1195760847830435e-06
403	893302362	5000.0	0.001	0.0001015	-0.703346	0.9081507698460308,0.0773124575084983,0.014267226554689063,0.0002653469306138772,4.1991601679664066e-06
406	3090855523	5000.0	0.001	0.0001015	-0.104024	0.9020293141371726,0.09224063187362527,0.005725094981003799,4.9590081983603276e-06
404	2831689310	5000.0	0.001	0.0001015	0.205854	0.9443398120375924,0.053445310937812435,0.0022141971605678865,6.798640271945611e-07
407	1697480292	5000.0	0.001	0.0001015	-0.298088	0.8714370325934813,0.11667074585082983,0.011843991201759649,4.823035392921416e-05
417	1077606033	5000.0	0.001	0.0001015	-0.160856	0.9619537292541491,0.03784539092181564,0.00020087982403519297
405	2059992673	5000.0	0.001	0.0001015	0.082980	0.9133503299340132,0.07490793841231753,0.011068266346730653,0.0006732653469306138,1.9996000799840033e-07
419	3555937952	5000.0	0.001	0.0001015	0.156059	0.9250229154169166,0.07472057588482303,0.00025650869826034794
413	3134928514	5000.0	0.001	0.0001015	-0.395987	0.8839928414317136,0.11408434313137372,0.0019216956608678263,1.1197760447910417e-06
409	1675200109	5000.0	0.001	0.0001015	0.290732	0.9138353929214157,0.08301271745650869,0.0031510897820435915,7.998400319936013e-07
414	1934866053	5000.0	0.001	0.0001015	0.144866	0.8671523295340932,0.13202851429714058,0.0008067186562687463,1.24375124975005e-05
410	1611425391	5000.0	0.001	0.0001015	0.132726	0.9349665666866627,0.056900859828034396,0.008010677864427114,0.00012189562087582483
421	2251536036	5000.0	0.001	0.0001015	0.216877	0.9223081783643271,0.07592769446110778,0.0017562887422515497,7.838432313537292e-06
418	573757075	5000.0	0.001	0.0001015	0.273090	0.8843113777244551,0.10902679464107179,0.006650789842031594,1.1037792441511698e-05
412	672126589	5000.0	0.001	0.0001015	0.320558	0.9304366726654669,0.06833385322935413,0.001229354129174165,1.199760047990402e-07
411	1856829049	5000.0	0.001	0.0001015	-0.075658	0.8600893021395721,0.13002983403319335,0.009216076784643071,0.0006647870425914817
408	249593446	5000.0	0.001	0.0001015	0.284147	0.9075942811437713,0.07004859028194362,0.022109618076384722,0.00024747050589882025,3.9992001599680065e-08
415	2063718026	5000.0	0.001	0.0001015	0.176138	0.899822875424915,0.09530597880423915,0.004833193361327735,3.795240951809638e-05
416	1254323855	5000.0	0.001	0.0001015	0.104699	0.8769857228554289,0.11887262547490501,0.004137572485502899,4.079184163167366e-06
420	824739491	5000.0	0.001	0.0001015	-0.426702	0.9031677264547091,0.09593381323735253,0.0008973005398920216,1.159768046390722e-06
422	901736103	5000.0	0.001	0.0001015	0.015722	0.9336356328734253,0.06488478304339132,0.0014706658668266347,8.918216356728655e-06
423	2254548653	5000.0	0.001	0.0001015	-0.455879	0.8944851829634073,0.09879804039192161,0.006664587082583483,5.214957008598281e-05,3.9992001599680065e-08
425	1331236531	5000.0	0.001	0.0001015	0.366330	0.9198632673465307,0.07073221355728854,0.009380243951209758,2.42751449710058e-05
426	1722318519	5000.0	0.001	0.0001015	-0.300781	0.9446556688662268,0.05526046790641872,8.386322735452909e-05
424	4195286706	5000.0	0.001	0.0001015	0.418667	0.9106484303139372,0.08795896820635873,0.001357008598280344,3.559288142371526e-05
429	1455158984	5000.0	0.001	0.0001015	0.193512	0.9422467106578685,0.055935692861427716,0.0017966006798640272,2.0995800839832032e-05
430	2405721810	5000.0	0.001	0.0001015	0.236013	0.9027068186362728,0.09557756448710258,0.0017139772045590882,1.6396720655868826e-06
428	3676567233	5000.0	0.001	0.0001015	0.465403	0.7875138972205559,0.1943630873825235,0.017678024395120975,0.0004449510097980404,3.9992001599680065e-08
440	479129376	5000.0	0.001	0.0001015	0.021093	0.9668585882823435,0.03254509098180364,0.0005962807438512298,3.9992001599680065e-08
431	803950307	5000.0	0.001	0.0001015	0.391629	0.9181484903019396,0.0812626274745051,0.0005736452709458108,1.5236952609478104e-05
433	3901628153	5000.0	0.001	0.0001015	-0.004414	0.949871625674865,0.049482263547290545,0.0006457908418316336,3.199360127974405e-07
427	3295962809	5000.0	0.001	0.0001015	0.398119	0.9046931413717256,0.08950317936412718,0.0057872025594881025,1.6476704659068186e-05
432	98504438	5000.0	0.001	0.0001015	-0.778656	0.9014617476504699,0.08953273345330934,0.0073773645270945815,0.001614877024595081,1.327734453109378e-05
439	2404347676	5000.0	0.001	0.0001015	-0.154806	0.9432785442911418,0.05596636672665467,0.0007550489902019596,3.9992001599680065e-08
437	3914051340	5000.0	0.001	0.0001015	0.033309	0.9151045790841832,0.08237724455108979,0.0025156968606278745,2.4795040991801638e-06
442	368561957	5000.0	0.001	0.0001015	-0.184311	0.9121606078784243,0.07665822835432913,0.010760767846430715,0.0004193161367726455,1.0797840431913617e-06
438	4163907347	5000.0	0.001	0.0001015	0.437937	0.6449804439112178,0.3220211557688462,0.027681663667266546,0.005290421915616877,2.6314737052589482e-05
435	962834172	5000.0	0.001	0.0001015	-0.113864	0.9484041191761647,0.04299736052789442,0.008533493301339732,6.502699460107978e-05
441	2129776418	5000.0	0.001	0.0001015	-0.058628	0.8929033393321336,0.09768410317936413,0.009060747850429913,0.00035180963807238553
434	1324609275	5000.0	0.001	0.0001015	-0.332785	0.6440809038192361,0.34805514897020595,0.007857028594281144,6.918616276744651e-06
436	3685928713	5000.0	0.001	0.0001015	0.538510	0.8784767046590682,0.11788170365926814,0.0036007198560287943,4.067186562687463e-05,1.9996000799840033e-07
443	2651711278	5000.0	0.001	0.0001015	-0.430095	0.9351830433913217,0.04624747050589882,0.010528294341131774,0.005976484703059388,0.002064107178564287,5.99880023995201e-07
444	298282798	5000.0	0.001	0.0001015	-0.558493	0.5404415916816636,0.42188106378724255,0.03430297940411917,0.003372885422915417,1.4797040591881624e-06
445	3225032496	5000.0	0.001	0.0001015	-0.366433	0.835971325734853,0.15891377724455108,0.005109538092381524,5.358928214357128e-06
446	1798926133	5000.0	0.001	0.0001015	0.006040	0.944929774045191,0.051219516096780646,0.003849470105978804,1.2397520495900819e-06
447	1523255094	5000.0	0.001	0.0001015	0.166682	0.7822362727454509,0.21160443911217758,0.005689102179564087,0.0004563487302539492,1.3837232553489301e-05
449	3644571464	5000.0	0.001	0.0001015	0.273751	0.9024784243151369,0.09671069786042791,0.0008104379124175165,4.399120175964807e-07
448	1786206017	5000.0	0.001	0.0001015	0.462412	0.8461292541491702,0.14504223155368925,0.008818076384723055,1.0437912417516497e-05
453	24229720	5000.0	0.001	0.0001015	-0.341626	0.8849795640871826,0.11353005398920216,0.0014895820835832832,7.998400319936013e-07
450	38068044	5000.0	0.001	0.0001015	0.272752	0.8824471905618876,0.11034661067786443,0.007203039392121575,3.1593681263747252e-06
457	3569235808	5000.0	0.001	0.0001015	-0.645806	0.8648999800039991,0.13293801239752048,0.002162007598480304
454	1107523417	5000.0	0.001	0.0001015	0.892865	0.8815020595880824,0.10934465106978604,0.008877224555088983,0.0002760647870425915
451	229879631	5000.0	0.001	0.0001015	-0.103350	0.9585560087982403,0.040269186162767444,0.0011714457108578285,3.359328134373125e-06
456	582328159	5000.0	0.001	0.0001015	-0.181274	0.94070149970006,0.05359420115976805,0.005690261947610478,1.4037192561487702e-05
452	2498340690	5000.0	0.001	0.0001015	0.060173	0.9033581683663268,0.08464655068986203,0.011981523695260949,1.3757248550289942e-05
458	1834571617	5000.0	0.001	0.0001015	-0.195778	0.8920907818436312,0.10431637672465507,0.003577084583083383,1.5756848630273946e-05
455	1818818398	5000.0	0.001	0.0001015	-0.434203	0.8516734253149371,0.14506386722655468,0.003246510697860428,1.6196760647870427e-05
464	856321913	5000.0	0.001	0.0001015	-0.207870	0.9383239352129574,0.061421595680863826,0.00025442911417716455,3.9992001599680065e-08
461	1840265075	5000.0	0.001	0.0001015	0.184402	0.9258225554889022,0.0644744651069786,0.009659748050389922,4.3231353729254146e-05
460	346425199	5000.0	0.001	0.0001015	0.753005	0.8138826634673065,0.17713261347730455,0.008977964407118576,6.758648270345931e-06
459	2438920037	5000.0	0.001	0.0001015	-0.019026	0.9176841831633673,0.08139416116776645,0.0009209758048390322,6.798640271945611e-07
463	561975161	5000.0	0.001	0.0001015	0.411343	0.8979284143171365,0.10093289342131574,0.0011385722855428914,1.199760047990402e-07
466	3472312188	5000.0	0.001	0.0001015	-0.514769	0.9052052389522096,0.08290817836432714,0.01149494101179764,0.0003916016796640672,3.9992001599680065e-08
462	3234535288	5000.0	0.001	0.0001015	0.017439	0.8938571885622876,0.10445246950609878,0.0016453509298140372,4.499100179964007e-05
467	3066957693	5000.0	0.001	0.0001015	0.297647	0.9363896820635873,0.062000519896020796,0.0016097980403919215
465	1426329467	5000.0	0.001	0.0001015	0.122947	0.9112420715856828,0.08816688662267547,0.0005834433113377324,7.5984803039392126e-06
468	2060455807	5000.0	0.001	0.0001015	-0.182569	0.9542500299940012,0.04429514097180564,0.0014521095780843831,2.7194561087782445e-06
470	3435071369	5000.0	0.001	0.0001015	0.011156	0.9662114377124575,0.03197068586282743,0.0018071985602879424,1.0677864427114578e-05
469	1424109440	5000.0	0.001	0.0001015	-0.040405	0.9109126574685062,0.08850757848430314,0.0005792441511697661,5.198960207958409e-07
471	2242092943	5000.0	0.001	0.0001015	0.239604	0.855972325534893,0.13488398320335931,0.009049950009998,9.374125174965007e-05
472	1907300241	5000.0	0.001	0.0001015	0.058985	0.9361217356528694,0.06306930613877225,0.0008086782643471306,2.7994401119776043e-07
473	2471221139	5000.0	0.001	0.0001015	0.590606	0.8167325734853029,0.18207270545890822,0.0011942811437712457,4.399120175964807e-07
476	2436558749	5000.0	0.001	0.0001015	0.366086	0.8870887822435513,0.11184563087382524,0.0010654669066186763,1.199760047990402e-07
474	672458644	5000.0	0.001	0.0001015	0.369489	0.7980491901619676,0.19908150369926014,0.00286870625874825,5.99880023995201e-07
475	1238517660	5000.0	0.001	0.0001015	0.201936	0.9104318736252749,0.08827226554689062,0.0012777044591081783,1.815636872625475e-05
481	340336554	5000.0	0.001	0.0001015	0.112807	0.94425174965007,0.05455924815036993,0.0011864427114577085,2.559488102379524e-06
479	1802274723	5000.0	0.001	0.0001015	0.127155	0.8895577284543091,0.10686126774645072,0.0035790841831633675,1.919616076784643e-06
482	2300889003	5000.0	0.001	0.0001015	-0.195805	0.9386916616676665,0.05946970605878824,0.0018376724655068987,9.598080383923216e-07
483	358885294	5000.0	0.001	0.0001015	-0.236465	0.91409950009998,0.08183979204159168,0.004053389322135573,7.318536292741451e-06
480	917571497	5000.0	0.001	0.0001015	0.715402	0.7986413517296541,0.1908868626274745,0.01043251349730054,3.927214557088582e-05
477	3300439964	5000.0	0.001	0.0001015	-0.055291	0.8395219356128775,0.15700491901619676,0.003462387522495501,1.0757848430313937e-05
484	3212570544	5000.0	0.001	0.0001015	-0.312189	0.9159427314537093,0.07812033593281344,0.005934893021395721,2.039592081583683e-06
478	1573734303	5000.0	0.001	0.0001015	-0.472674	0.9100703459308138,0.07929770045990801,0.0105999600079984,3.199360127974405e-05
485	3635736499	5000.0	0.001	0.0001015	-0.027644	0.9550547890421915,0.04385286942611478,0.0010750249950009997,1.7316536692661468e-05
486	1359663031	5000.0	0.001	0.0001015	0.183031	0.8919734453109378,0.08998436312737453,0.017599120175964808,0.0004430713857228554
489	51748799	5000.0	0.001	0.0001015	-0.606597	0.7467200559888022,0.242125774845031,0.011128854229154168,2.531493701259748e-05
491	3134480333	5000.0	0.001	0.0001015	0.023579	0.9652623475304939,0.03441843631273745,0.0003192161567686463
492	1424549845	5000.0	0.001	0.0001015	-0.290905	0.8802683863227354,0.11728966206758648,0.0024381123775244953,3.839232153569286e-06
490	3602264006	5000.0	0.001	0.0001015	0.225294	0.8941069386122775,0.10244259148170366,0.0034440311937612477,6.43871225754849e-06
487	979568571	5000.0	0.001	0.0001015	-0.045587	0.970485422915417,0.028551649670065987,0.0009617676464707058,1.159768046390722e-06
488	2845149119	5000.0	0.001	0.0001015	0.366883	0.8389349330133973,0.1585630473905219,0.0024660267946410718,3.599280143971206e-05
493	2804031449	5000.0	0.001	0.0001015	-0.171892	0.8904175564887022,0.104499900019996,0.00507622475504899,6.3187362527494505e-06
495	4094910432	5000.0	0.001	0.0001015	0.276622	0.888643951209758,0.1074502299540092,0.0038929414117176565,1.287742451509698e-05
497	4022808555	5000.0	0.001	0.0001015	0.001768	0.8115306538692262,0.18041115776844632,0.00805366926614677,4.519096180763847e-06
496	3956426723	5000.0	0.001	0.0001015	-0.028808	0.961469026194761,0.03850289942011598,2.8074385122975403e-05
494	914657244	5000.0	0.001	0.0001015	0.382907	0.8472277144571085,0.14980247950409917,0.002969406118776245,3.9992001599680065e-07
498	1357461493	5000.0	0.001	0.0001015	-0.115209	0.9290962207558489,0.06912717456508698,0.001770765846830634,5.838832233553289e-06
499	625727487	5000.0	0.001	0.0001015	-0.099945	0.9637746050789842,0.03579680063987203,0.00042839432113577283,1.9996000799840033e-07
