sim_id	seed	popsize	selcoef	mutrate	velocity	profile
4	2929958925	5000.0	0.001	9e-06	0.043265	0.9983872425514897,0.001612757448510298
0	884514817	5000.0	0.001	9e-06	0.135602	0.9982651469706059,0.0017348530293941212
1	770500611	5000.0	0.001	9e-06	3.116992	0.9062962607478504,0.09369490101979604,8.838232353529294e-06
7	993566763	5000.0	0.001	9e-06	-0.060730	0.9984773045390922,0.0015226954609078183
5	1196302357	5000.0	0.001	9e-06	-0.138365	0.9982558288342331,0.0017441711657668467
12	985804861	5000.0	0.001	9e-06	4.052523	0.892665826834633,0.07847082583483303,0.028863107378524294,2.399520095980804e-07
18	2806149204	5000.0	0.001	9e-06	-0.019383	0.9994555088982203,0.0005444911017796441
9	1417730094	5000.0	0.001	9e-06	0.239468	0.9880639072185563,0.011935892821435713,1.9996000799840033e-07
14	2765623367	5000.0	0.001	9e-06	-0.123818	0.9835559688062387,0.016280183963207358,0.00016384723055388922
17	3632410701	5000.0	0.001	9e-06	2.113307	0.971634873025395,0.028360327934413117,4.799040191961608e-06
19	3919163477	5000.0	0.001	9e-06	0.135565	0.9975005798840232,0.0024994201159768046
11	561295413	5000.0	0.001	9e-06	0.005195	0.9994169966006798,0.000583003399320136
10	846774322	5000.0	0.001	9e-06	0.188525	0.9903764047190562,0.009621995600879825,1.5996800639872026e-06
15	1316198474	5000.0	0.001	9e-06	-3.501893	0.964115176964607,0.035737132573485306,0.00014769046190761848
8	2423765036	5000.0	0.001	9e-06	0.364312	0.9962594681063788,0.0037405318936212756
6	4211273749	5000.0	0.001	9e-06	0.319347	0.9922448710257948,0.007755088982203559,3.9992001599680065e-08
13	4289882178	5000.0	0.001	9e-06	0.051531	0.9979465306938612,0.0020533093381323734,1.5996800639872026e-07
16	4211966026	5000.0	0.001	9e-06	0.433844	0.9863379724055189,0.013661587682463507,4.399120175964807e-07
3	1702197261	5000.0	0.001	9e-06	0.085536	0.9980344331133774,0.0019655668866226756
2	3787446284	5000.0	0.001	9e-06	-0.039722	0.9995084183163367,0.0004256748650269946,6.590681863627275e-05
20	3147184213	5000.0	0.001	9e-06	-0.502232	0.9852692661467707,0.014730493901219756,2.399520095980804e-07
21	4060057685	5000.0	0.001	9e-06	0.070102	0.9987978804239153,0.0012021195760847831
23	3157123174	5000.0	0.001	9e-06	0.075277	0.9974263147370526,0.0025736452709458108,3.9992001599680065e-08
22	690372709	5000.0	0.001	9e-06	0.818039	0.9832976204759049,0.016700659868026393,1.7196560687862428e-06
25	554813547	5000.0	0.001	9e-06	0.114739	0.9976261147770445,0.002373885222955409
26	3175471212	5000.0	0.001	9e-06	0.011387	0.9992337932413518,0.0007662067586482704
31	474437754	5000.0	0.001	9e-06	0.057456	0.9974030393921216,0.0025966806638672265,2.7994401119776043e-07
24	3981891688	5000.0	0.001	9e-06	0.165600	0.9974967406518697,0.002502899420115977,3.5992801439712056e-07
30	367466615	5000.0	0.001	9e-06	0.436061	0.9892312337532494,0.010768526294741051,2.399520095980804e-07
35	1526939796	5000.0	0.001	9e-06	-0.000849	0.9993842831433714,0.0006156768646270746,3.9992001599680065e-08
37	2442086556	5000.0	0.001	9e-06	0.271640	0.9975318536292741,0.002468106378724255,3.9992001599680065e-08
27	3708313708	5000.0	0.001	9e-06	-0.017721	0.999180123975205,0.000819876024795041
39	1235026093	5000.0	0.001	9e-06	0.039802	0.9990144371125775,0.0009855228954209158,3.9992001599680065e-08
29	3560667252	5000.0	0.001	9e-06	-0.044723	0.9960605478904219,0.003939092181563688,3.5992801439712056e-07
40	1428654258	5000.0	0.001	9e-06	-0.075253	0.99730149970006,0.002698500299940012
28	2680479855	5000.0	0.001	9e-06	0.046374	0.9991961607678465,0.0008038392321535692
32	817705090	5000.0	0.001	9e-06	-0.356438	0.9880651869626075,0.011926854629074186,7.958408318336332e-06
38	3545315497	5000.0	0.001	9e-06	-1.530265	0.935227074585083,0.06477168566286742,1.2397520495900819e-06
41	3513252019	5000.0	0.001	9e-06	-0.026725	0.999152449510098,0.0008475504899020196
42	3663233204	5000.0	0.001	9e-06	0.774873	0.9896213957208558,0.010378604279144171
43	343031988	5000.0	0.001	9e-06	-0.033279	0.9980851029794041,0.0019148970205958807
36	1598369941	5000.0	0.001	9e-06	-0.071724	0.995773925214957,0.004225674865026995,3.9992001599680065e-07
47	947513562	5000.0	0.001	9e-06	-0.012516	0.9992641071785643,0.0007358928214357129
34	2216048779	5000.0	0.001	9e-06	0.024880	0.9990343531293742,0.0009656068786242752,3.9992001599680065e-08
44	447766716	5000.0	0.001	9e-06	-0.041049	0.9986363127374525,0.0013636472705458908,3.9992001599680065e-08
50	2393884904	5000.0	0.001	9e-06	-0.026206	0.9995024595080984,0.0004975404919016197
49	370290918	5000.0	0.001	9e-06	0.078854	0.9987467306538692,0.0012532693461307738
46	1751521497	5000.0	0.001	9e-06	-0.013165	0.9992139172165567,0.0007856828634273146,3.9992001599680065e-07
48	128516315	5000.0	0.001	9e-06	-0.003437	0.998680023995201,0.0013199760047990401
45	1426247892	5000.0	0.001	9e-06	-0.021082	0.9996395520895821,0.0003604479104179164
33	2583769220	5000.0	0.001	9e-06	0.190441	0.9976628274345131,0.002337132573485303,3.9992001599680065e-08
52	1524254957	5000.0	0.001	9e-06	-0.488952	0.9878563887222556,0.012143491301739652,1.199760047990402e-07
58	2712383767	5000.0	0.001	9e-06	-0.055832	0.9984233553289342,0.0015766446710657868
54	573767946	5000.0	0.001	9e-06	1.139282	0.9808197560487902,0.019177884423115375,2.359528094381124e-06
60	3255105829	5000.0	0.001	9e-06	-0.076956	0.9975171365726855,0.00247746450709858,5.398920215956809e-06
55	3463784714	5000.0	0.001	9e-06	-0.052745	0.9991213357328534,0.0008786642671465707
66	2277998926	5000.0	0.001	9e-06	0.533816	0.9899794041191762,0.00999120175964807,2.9394121175764847e-05
57	4212711697	5000.0	0.001	9e-06	-0.064270	0.9874401919616077,0.012558048390321935,1.7596480703859228e-06
65	3528821060	5000.0	0.001	9e-06	-0.043903	0.9989726454709058,0.001027354529094181
56	2285095182	5000.0	0.001	9e-06	-0.427290	0.9939999200159968,0.006000039992001599,3.9992001599680065e-08
59	2819037465	5000.0	0.001	9e-06	-0.013138	0.9993810437912417,0.0006189562087582484
67	2438811984	5000.0	0.001	9e-06	-0.006407	0.9994249150169966,0.0005750849830033993
69	3681575248	5000.0	0.001	9e-06	-1.317690	0.9829385722855429,0.017060467906418717,9.598080383923216e-07
68	286427473	5000.0	0.001	9e-06	2.682101	0.7200777844431113,0.27975976804639074,0.0001624475104979004
62	2537406762	5000.0	0.001	9e-06	-0.026740	0.9993586482703459,0.0006413517296540692
51	1392845033	5000.0	0.001	9e-06	-0.010020	0.9889700859828034,0.011029754049190162,1.5996800639872026e-07
64	3574812993	5000.0	0.001	9e-06	-0.021252	0.9942851429714057,0.005714857028594281
53	3509784840	5000.0	0.001	9e-06	0.044808	0.9837086182763447,0.01629086182763447,5.198960207958409e-07
61	3767197992	5000.0	0.001	9e-06	-1.534044	0.9829381323735253,0.017048310337932415,1.3557288542291542e-05
71	690209108	5000.0	0.001	9e-06	-0.025827	0.9994479104179164,0.0005520895820835832
73	3380891991	5000.0	0.001	9e-06	0.013902	0.9982686662667466,0.0017313337332533494
72	4207757651	5000.0	0.001	9e-06	0.016739	0.9988937012597481,0.0011011797640471906,5.118976204759048e-06
80	176275836	5000.0	0.001	9e-06	-0.969023	0.9298081583683263,0.07017000599880024,2.1835632873425314e-05
63	2755563834	5000.0	0.001	9e-06	0.034003	0.9986783043391322,0.0013215756848630274,1.199760047990402e-07
77	3639359847	5000.0	0.001	9e-06	-0.165979	0.9973296140771846,0.002670385922815437
74	2346639703	5000.0	0.001	9e-06	-3.893538	0.932898100379924,0.06695464907018596,0.000147250549890022
76	1151215965	5000.0	0.001	9e-06	0.134481	0.9974907818436313,0.0025092181563687263
82	1643020679	5000.0	0.001	9e-06	-0.328482	0.9874039192161568,0.012592881423715258,3.1993601279744052e-06
83	3276753297	5000.0	0.001	9e-06	0.002752	0.9914721455708858,0.008527734453109378,1.199760047990402e-07
81	3828152707	5000.0	0.001	9e-06	6.387811	0.881884423115377,0.1180869826034793,2.8594281143771245e-05
70	229652819	5000.0	0.001	9e-06	0.003876	0.9987968806238752,0.0012030793841231755,3.9992001599680065e-08
84	2467563922	5000.0	0.001	9e-06	0.097581	0.9983893621275745,0.001610637872425515
78	35244399	5000.0	0.001	9e-06	0.688294	0.9699881623675265,0.029967926414717058,4.391121775644871e-05
86	1837300115	5000.0	0.001	9e-06	-0.006075	0.9990367526494701,0.000963247350529894
75	3256846682	5000.0	0.001	9e-06	-0.026298	0.9993432113577284,0.0006567886422715457
85	1193750931	5000.0	0.001	9e-06	-0.019452	0.9991899620075985,0.0008100379924015197
79	3952914810	5000.0	0.001	9e-06	-0.036771	0.9975152969406119,0.0024847030593881225
90	2219415960	5000.0	0.001	9e-06	-1.345828	0.9799046590681864,0.020093261347730453,2.0795840831833635e-06
89	2333569431	5000.0	0.001	9e-06	-0.080985	0.998794201159768,0.0012057988402319536
87	3374219669	5000.0	0.001	9e-06	-0.010350	0.9964609078184363,0.0035383323335332934,7.598480303939212e-07
92	1219324314	5000.0	0.001	9e-06	0.063316	0.9981201759648071,0.0018798240351929614
94	4140849568	5000.0	0.001	9e-06	-0.140870	0.9955814837032594,0.004418516296740652
98	658262453	5000.0	0.001	9e-06	0.063866	0.998615476904619,0.0013825634873025395,1.959608078384323e-06
95	1834174886	5000.0	0.001	9e-06	0.002686	0.9961479304139172,0.003851869626074785,1.9996000799840033e-07
102	779547067	5000.0	0.001	9e-06	-0.061064	0.9973797240551889,0.0026202759448110376
97	2287313327	5000.0	0.001	9e-06	-1.902431	0.9792591081783644,0.02073489302139572,5.99880023995201e-06
99	2990803382	5000.0	0.001	9e-06	-0.523602	0.9950977404519096,0.004902179564087183,7.998400319936013e-08
91	2535457171	5000.0	0.001	9e-06	0.074152	0.9573333333333334,0.04265830833833233,8.358328334333133e-06
103	1960360380	5000.0	0.001	9e-06	-0.181154	0.9954836632673465,0.0045158568286342736,4.799040191961608e-07
96	3866687912	5000.0	0.001	9e-06	0.832868	0.9877571285742851,0.01224247150569886,3.9992001599680065e-07
101	1981923769	5000.0	0.001	9e-06	-0.056980	0.9986661067786443,0.0013329734053189363,9.198160367926415e-07
88	2940643733	5000.0	0.001	9e-06	0.960243	0.9868201559688062,0.013179684063187362,1.5996800639872026e-07
93	3646974360	5000.0	0.001	9e-06	0.163282	0.9980991801639673,0.0019008198360327935
108	1270471112	5000.0	0.001	9e-06	0.042029	0.9984050389922016,0.0015940811837632473,8.798240351929614e-07
110	195510741	5000.0	0.001	9e-06	-0.066124	0.9984037592481504,0.0015962407518496302
112	2701431262	5000.0	0.001	9e-06	0.084449	0.9958061587682463,0.00419376124775045,7.998400319936013e-08
109	1436156364	5000.0	0.001	9e-06	0.211859	0.990126974605079,0.009872825434913017,1.9996000799840033e-07
113	2604014050	5000.0	0.001	9e-06	0.645808	0.9885763647270546,0.011423235352929413,3.9992001599680065e-07
106	1613617602	5000.0	0.001	9e-06	-0.104467	0.9901953609278145,0.009796920615876824,7.718456308738253e-06
111	2815134173	5000.0	0.001	9e-06	0.345243	0.9958829034193162,0.004116976604679064,1.199760047990402e-07
114	2304657893	5000.0	0.001	9e-06	0.163505	0.9941834433113377,0.0058165566886622675
117	884343289	5000.0	0.001	9e-06	0.124168	0.997178324335133,0.0028216756648670265
115	2471377400	5000.0	0.001	9e-06	-0.089938	0.9987906018796241,0.001209398120375925
100	759241141	5000.0	0.001	9e-06	-0.030093	0.998952649470106,0.0010455908818236353,1.7596480703859228e-06
105	2615359936	5000.0	0.001	9e-06	0.000880	0.9996886622675465,0.0003113377324535093
118	3138517498	5000.0	0.001	9e-06	0.549886	0.9910166366726655,0.00898240351929614,9.598080383923216e-07
119	1420843520	5000.0	0.001	9e-06	0.103543	0.9981108178364327,0.0018891021795640873,7.998400319936013e-08
107	2613862851	5000.0	0.001	9e-06	-0.034235	0.9975436912617477,0.0024563087382523494
104	1144080830	5000.0	0.001	9e-06	0.012715	0.9990918216356729,0.0009081783643271346
120	3983165953	5000.0	0.001	9e-06	0.870493	0.973897100579884,0.02610269946010798,1.9996000799840033e-07
116	2435039736	5000.0	0.001	9e-06	-0.016029	0.9996167966406718,0.0003832033593281344
126	3567761941	5000.0	0.001	9e-06	-0.003095	0.99919900019996,0.000800999800039992
125	2548077075	5000.0	0.001	9e-06	-0.008428	0.9996830233953209,0.0003169366126774645,3.9992001599680065e-08
124	84470289	5000.0	0.001	9e-06	0.251041	0.995369926014797,0.004630073985202959
129	316453401	5000.0	0.001	9e-06	-0.932327	0.991623075384923,0.008376884623075384,3.9992001599680065e-08
130	1648448032	5000.0	0.001	9e-06	-0.240216	0.9911913217356528,0.00880751849630074,1.159768046390722e-06
127	1361281561	5000.0	0.001	9e-06	-0.322167	0.9950983803239352,0.004901619676064787
121	1203945992	5000.0	0.001	9e-06	0.074038	0.9991482903419316,0.0008517096580683863
132	866089509	5000.0	0.001	9e-06	0.273832	0.9900604279144171,0.009935852829434114,3.719256148770246e-06
131	1842180642	5000.0	0.001	9e-06	-0.037967	0.9953619276144771,0.004638072385522896
122	3960234509	5000.0	0.001	9e-06	0.074737	0.998226274745051,0.0017737252549490101
135	1246749252	5000.0	0.001	9e-06	-0.078559	0.9975836432713457,0.002415876824635073,4.799040191961608e-07
137	1176701515	5000.0	0.001	9e-06	-1.243775	0.985918376324735,0.014080743851229755,8.798240351929614e-07
136	1730349642	5000.0	0.001	9e-06	0.071876	0.9983650869826035,0.0016349130173965206
123	2703299086	5000.0	0.001	9e-06	0.066332	0.9978643071385723,0.0021356928614277145
139	1174895191	5000.0	0.001	9e-06	-0.451117	0.991647950409918,0.008351769646070786,2.7994401119776043e-07
128	2437575194	5000.0	0.001	9e-06	0.094341	0.9983276944611078,0.0016723055388922217
133	34253356	5000.0	0.001	9e-06	0.101904	0.9974257148570286,0.0025740851829634073,1.9996000799840033e-07
134	4242338372	5000.0	0.001	9e-06	-0.189263	0.9974964207158569,0.0025035792841431714
143	499995229	5000.0	0.001	9e-06	-0.159951	0.9899607278544291,0.010028154369126175,1.1117776444711057e-05
142	4001063516	5000.0	0.001	9e-06	0.062985	0.9957368926214757,0.004262227554489103,8.798240351929614e-07
144	3032676958	5000.0	0.001	9e-06	0.073359	0.9972229554089183,0.0027770445910817836
145	1966266976	5000.0	0.001	9e-06	0.019960	0.9989819236152769,0.0010180763847230554
141	4054948439	5000.0	0.001	9e-06	-1.700309	0.965484623075385,0.0345127374525095,2.639472105578884e-06
149	2171456105	5000.0	0.001	9e-06	-0.018032	0.9988235152969406,0.001176484703059388
151	2072392303	5000.0	0.001	9e-06	1.022205	0.9745506898620276,0.025448430313937214,8.798240351929614e-07
148	2609082980	5000.0	0.001	9e-06	0.010543	0.9987411317736453,0.001258868226354729
140	1997472344	5000.0	0.001	9e-06	0.067459	0.9972415116976605,0.0027582883423315336,1.9996000799840033e-07
154	580633213	5000.0	0.001	9e-06	0.026136	0.9950489902019596,0.004951009798040392
152	2552420981	5000.0	0.001	9e-06	2.854214	0.917173125374925,0.08281023795240952,1.6636672665466908e-05
138	3858115157	5000.0	0.001	9e-06	0.417212	0.9784434313137372,0.021555528894221156,1.0397920415916818e-06
146	1324606050	5000.0	0.001	9e-06	0.919876	0.9904920215956808,0.009507978404319136
153	692695676	5000.0	0.001	9e-06	0.021631	0.9991977204559088,0.0008022795440911818
155	1006652049	5000.0	0.001	9e-06	-0.053696	0.9992000799840032,0.0007999200159968006
160	3481277097	5000.0	0.001	9e-06	0.061522	0.9988735452909419,0.001126374725054989,7.998400319936013e-08
162	1736338101	5000.0	0.001	9e-06	-0.055009	0.9986149170165967,0.0013850829834033194
163	1456530104	5000.0	0.001	9e-06	-1.787576	0.9343025794841032,0.06569530093981203,2.1195760847830435e-06
150	3315260014	5000.0	0.001	9e-06	-0.010700	0.9992681463707258,0.0007318536292741451
161	2365608620	5000.0	0.001	9e-06	0.029893	0.9979948410317936,0.0020051589682063588
147	3232297571	5000.0	0.001	9e-06	-0.051392	0.9986383523295341,0.0013616476704659069
156	3863186	5000.0	0.001	9e-06	-0.010244	0.9995382923415317,0.00046170765846830636
159	821998248	5000.0	0.001	9e-06	0.106678	0.9978022795440912,0.0021977204559088183
168	3589765832	5000.0	0.001	9e-06	0.032928	0.9985102579484103,0.001489742051589682
166	870232763	5000.0	0.001	9e-06	-0.258617	0.9710406718656269,0.028941971605678865,1.735652869426115e-05
169	1939792598	5000.0	0.001	9e-06	-1.352472	0.9862020395920816,0.013797400519896022,5.598880223955209e-07
171	2557194972	5000.0	0.001	9e-06	0.272977	0.9954697460507899,0.00453001399720056,2.399520095980804e-07
165	989799098	5000.0	0.001	9e-06	-0.084965	0.9984376324735053,0.001562367526494701
164	2639717050	5000.0	0.001	9e-06	-2.997905	0.9634857828434313,0.0365128174365127,1.3997200559888023e-06
172	3450514142	5000.0	0.001	9e-06	0.006262	0.9996855428914218,0.00031445710857828436
173	1084578526	5000.0	0.001	9e-06	-0.818931	0.9668882623475304,0.03307726454709058,3.4473105378924215e-05
167	202990278	5000.0	0.001	9e-06	0.024310	0.9970270345930814,0.002972965406918616
174	1432701667	5000.0	0.001	9e-06	-1.832242	0.9734729454109178,0.02652645470905819,5.99880023995201e-07
158	1830447780	5000.0	0.001	9e-06	0.242318	0.9959884023195361,0.004011597680463907
176	184478451	5000.0	0.001	9e-06	-0.090803	0.9982850629874025,0.0017149370125974805
157	2677377681	5000.0	0.001	9e-06	0.187881	0.9956319536092781,0.0043680463907218555
178	1108990714	5000.0	0.001	9e-06	0.452739	0.9942460707858428,0.005753929214157168
182	3099818763	5000.0	0.001	9e-06	0.078220	0.996499700059988,0.003500259948010398,3.9992001599680065e-08
181	1806349060	5000.0	0.001	9e-06	0.239336	0.9962484703059388,0.003751489702059588,3.9992001599680065e-08
183	1380952844	5000.0	0.001	9e-06	3.138643	0.9523080183963207,0.047689422115576884,2.559488102379524e-06
170	1802865369	5000.0	0.001	9e-06	-1.824728	0.9798572285542891,0.020121895620875824,2.0875824835032994e-05
186	3073284882	5000.0	0.001	9e-06	-0.171156	0.9975664067186563,0.002422875424915017,1.0717856428714257e-05
187	2228261655	5000.0	0.001	9e-06	-1.450429	0.984835672865427,0.01516372725454909,5.99880023995201e-07
179	1200820988	5000.0	0.001	9e-06	-0.025868	0.9955375324935013,0.004462387522495501,7.998400319936013e-08
175	957227759	5000.0	0.001	9e-06	-3.971970	0.944196400719856,0.05578324335132973,2.0355928814237152e-05
185	3788362510	5000.0	0.001	9e-06	0.460752	0.9941782043591282,0.005821675664867027,1.199760047990402e-07
188	3384474392	5000.0	0.001	9e-06	-0.037014	0.9980314337132573,0.0019685662867426515
189	1978196764	5000.0	0.001	9e-06	-0.545487	0.9912690661867627,0.008730893821235753,3.9992001599680065e-08
177	1812208372	5000.0	0.001	9e-06	0.084578	0.9987549290141972,0.0012450709858028393
190	2385275683	5000.0	0.001	9e-06	-0.009892	0.9989828434313137,0.0010171565686862628
184	619995917	5000.0	0.001	9e-06	0.009867	0.9995394121175765,0.0004605878824235153
191	1278698276	5000.0	0.001	9e-06	-0.000963	0.9991337332533493,0.0008662667466506699
195	2529016624	5000.0	0.001	9e-06	0.443237	0.9824261147770446,0.017568086382723454,5.798840231953609e-06
193	2579813163	5000.0	0.001	9e-06	-0.050413	0.9959773645270946,0.004022635472905419
197	1266330421	5000.0	0.001	9e-06	0.004120	0.9995060187962408,0.0004939812037592482
196	2400734001	5000.0	0.001	9e-06	2.138256	0.9620185562887422,0.03795752849430114,2.3915216956608678e-05
180	1187138300	5000.0	0.001	9e-06	-0.115043	0.9967096580683863,0.0032903419316136773
203	1128469320	5000.0	0.001	9e-06	-1.688742	0.9784873425314937,0.0215124975004999,1.5996800639872026e-07
200	1840358202	5000.0	0.001	9e-06	-0.137113	0.9981489702059588,0.0018510297940411919
201	2384276285	5000.0	0.001	9e-06	-0.004143	0.9994874625074985,0.0005125374925014997
204	2915134281	5000.0	0.001	9e-06	-0.573781	0.966150849830034,0.033835272945410916,1.3877224555088982e-05
198	603185975	5000.0	0.001	9e-06	0.090058	0.9833001399720056,0.016670625874825033,2.9234153169366125e-05
199	3913093946	5000.0	0.001	9e-06	0.084088	0.9977620075984803,0.0022379924015196962
206	3804638030	5000.0	0.001	9e-06	-0.485136	0.9917129774045191,0.008286502699460107,5.198960207958409e-07
194	1594317612	5000.0	0.001	9e-06	-1.838489	0.9586739052189562,0.04132585482903419,2.399520095980804e-07
205	1591196492	5000.0	0.001	9e-06	-0.014474	0.9995681663667266,0.00043183363327334534
208	4092136281	5000.0	0.001	9e-06	-0.004294	0.9996187562487503,0.00038124375124975004
210	58086235	5000.0	0.001	9e-06	-0.024227	0.9993986402719456,0.0006013597280543891
212	2300056417	5000.0	0.001	9e-06	-0.046505	0.9985220555888822,0.0014779444111177765
213	2513245033	5000.0	0.001	9e-06	-0.495386	0.9817687662467507,0.018210917816436713,2.0315936812637472e-05
192	863050538	5000.0	0.001	9e-06	-0.185819	0.9973767646470706,0.0026185562887422516,4.679064187162567e-06
202	3238234947	5000.0	0.001	9e-06	-0.000958	0.99815224955009,0.001847750449910018
219	3659692916	5000.0	0.001	9e-06	0.405831	0.9947382123575285,0.005261627674465107,1.5996800639872026e-07
218	2135047028	5000.0	0.001	9e-06	0.031252	0.9991272945410918,0.0008727054589082184
211	4272878428	5000.0	0.001	9e-06	-0.036399	0.9983744051189762,0.0016255948810237953
209	939993946	5000.0	0.001	9e-06	0.086456	0.9985100579884023,0.0014898620275944812,7.998400319936013e-08
217	2593532788	5000.0	0.001	9e-06	-0.004285	0.9884724655068986,0.01151881623675265,8.718256348730255e-06
214	2307511148	5000.0	0.001	9e-06	0.091634	0.9976165566886622,0.002383363327334533,7.998400319936013e-08
220	1529312118	5000.0	0.001	9e-06	0.030201	0.9972990601879624,0.0027008998200359928,3.9992001599680065e-08
216	3074337649	5000.0	0.001	9e-06	1.040144	0.9855924415116977,0.01440747850429914,7.998400319936013e-08
222	2882812800	5000.0	0.001	9e-06	-0.080415	0.9959359728054389,0.004063987202559488,3.9992001599680065e-08
225	2626216856	5000.0	0.001	9e-06	-0.032369	0.9990889422115576,0.0009110577884423115
224	1684327319	5000.0	0.001	9e-06	0.020938	0.9992569086182763,0.0007430913817236553
207	358925138	5000.0	0.001	9e-06	0.133809	0.9970729054189162,0.0029268946210757847,1.9996000799840033e-07
226	3234014120	5000.0	0.001	9e-06	-0.049225	0.9979801639672066,0.0020198360327934413
215	331453294	5000.0	0.001	9e-06	0.643162	0.9800357928414317,0.01996332733453309,8.798240351929614e-07
228	1142064052	5000.0	0.001	9e-06	0.146869	0.9874191561687663,0.012580443911217756,3.9992001599680065e-07
233	1384399810	5000.0	0.001	9e-06	0.065226	0.992126774645071,0.007872825434913017,3.9992001599680065e-07
231	1581386688	5000.0	0.001	9e-06	-0.039148	0.9985178964207159,0.0014819036192761448,1.9996000799840033e-07
227	118776753	5000.0	0.001	9e-06	0.050737	0.9991959208158369,0.0008040791841631673
236	4272126929	5000.0	0.001	9e-06	-0.005002	0.9994139972005599,0.000586002799440112
235	1267649478	5000.0	0.001	9e-06	0.527343	0.9883473705258948,0.011651949610077985,6.798640271945611e-07
232	3858588610	5000.0	0.001	9e-06	-0.095930	0.9947110977804439,0.005277944411117777,1.0957808438312337e-05
239	784616411	5000.0	0.001	9e-06	0.090794	0.9947494901019795,0.005250469906018796,3.9992001599680065e-08
237	1910092759	5000.0	0.001	9e-06	0.479570	0.9929665666866627,0.007033433313337332
223	2785614732	5000.0	0.001	9e-06	0.178404	0.9972317136572686,0.0027681663667266545,1.199760047990402e-07
221	1246653309	5000.0	0.001	9e-06	0.378268	0.9958419116176764,0.004157928414317137,1.5996800639872026e-07
230	481285056	5000.0	0.001	9e-06	0.048234	0.9980005598880224,0.0019994401119776046
229	3775411129	5000.0	0.001	9e-06	0.094524	0.997218876224755,0.002781123775244951
241	1886051298	5000.0	0.001	9e-06	-2.087449	0.9747492901419716,0.025044111177764446,0.0002065986802639472
238	3812570072	5000.0	0.001	9e-06	0.462101	0.9947104979004199,0.005289502099580084
234	4193878981	5000.0	0.001	9e-06	0.044885	0.9988930613877225,0.0011069386122775444
245	2980176883	5000.0	0.001	9e-06	-0.004673	0.9973230153969206,0.0026769046190761848,7.998400319936013e-08
243	3443553259	5000.0	0.001	9e-06	-1.500426	0.9868831833633274,0.013109178164367127,7.638472305538892e-06
240	2157030364	5000.0	0.001	9e-06	-0.280260	0.9966593481303739,0.003340611877624475,3.9992001599680065e-08
246	706479098	5000.0	0.001	9e-06	0.113652	0.9984183963207358,0.001581603679264147
247	2199837696	5000.0	0.001	9e-06	-0.090186	0.9979208558288343,0.0020791441711657667
242	2182347750	5000.0	0.001	9e-06	0.049247	0.9971474105178965,0.0028525894821035793
244	493806574	5000.0	0.001	9e-06	-0.508740	0.9820267546490702,0.01766614677064587,0.0003070985802839432
248	708031489	5000.0	0.001	9e-06	0.337163	0.9864496300739852,0.013545410917816436,4.9590081983603276e-06
250	3585522690	5000.0	0.001	9e-06	0.007920	0.998033473305339,0.001966526694661068
249	3392379906	5000.0	0.001	9e-06	-0.138200	0.9982981803639273,0.0017018196360727854
252	3534208009	5000.0	0.001	9e-06	-0.006164	0.999623875224955,0.000376124775044991
251	662240264	5000.0	0.001	9e-06	-0.085167	0.9976012397520496,0.0023970805838832232,1.6796640671865626e-06
253	4159695890	5000.0	0.001	9e-06	0.131536	0.9974274345130973,0.0025725654869026195
258	2239870016	5000.0	0.001	9e-06	-0.007328	0.9994076784643071,0.0005923215356928614
256	4168193056	5000.0	0.001	9e-06	0.000468	0.9996785442911418,0.00032145570885822836
259	234157125	5000.0	0.001	9e-06	-0.977886	0.9897912417516497,0.010206638672265548,2.1195760847830435e-06
263	702438482	5000.0	0.001	9e-06	-0.015388	0.9978442311537693,0.0021556888622275543,7.998400319936013e-08
261	3566212173	5000.0	0.001	9e-06	0.071105	0.9958755048990202,0.0041170565886822635,7.438512297540492e-06
262	24177744	5000.0	0.001	9e-06	0.185748	0.9951271345730854,0.004872745450909818,1.199760047990402e-07
264	255099988	5000.0	0.001	9e-06	0.036762	0.9962811837632474,0.00371873625274945,7.998400319936013e-08
265	3070612565	5000.0	0.001	9e-06	0.004717	0.9996501899620076,0.00034981003799240153
255	4014545949	5000.0	0.001	9e-06	-0.040130	0.9983245350929814,0.0016754649070185963
268	3561829472	5000.0	0.001	9e-06	-0.454267	0.9857649670065987,0.014234193161367726,8.398320335932813e-07
254	4184984600	5000.0	0.001	9e-06	-0.120739	0.9980800639872026,0.0019199360127974405
257	3828366383	5000.0	0.001	9e-06	-0.011758	0.9991704059188162,0.0008295940811837633
273	3452189817	5000.0	0.001	9e-06	-0.007323	0.9992070385922815,0.0007929614077184563
271	3233543285	5000.0	0.001	9e-06	0.019051	0.9993762047590482,0.0006237952409518096
269	4237292643	5000.0	0.001	9e-06	2.019340	0.9302197160567887,0.06977372525494902,6.55868826234753e-06
274	1800240252	5000.0	0.001	9e-06	-2.848752	0.9342151169766046,0.06578084383123375,4.039192161567687e-06
260	2185485381	5000.0	0.001	9e-06	-0.370372	0.9932201159768046,0.006779564087182563,3.199360127974405e-07
275	1488835709	5000.0	0.001	9e-06	0.067285	0.9982624275144971,0.0017375724855028993
266	3674795095	5000.0	0.001	9e-06	0.020715	0.9977570085982803,0.002242991401719656
277	3894236295	5000.0	0.001	9e-06	-0.022617	0.9994449110177964,0.0005550889822035593
270	1713820786	5000.0	0.001	9e-06	0.104152	0.9902211157768447,0.00977884423115377,3.9992001599680065e-08
276	2035076228	5000.0	0.001	9e-06	0.064105	0.9970863427314537,0.0029136572685462907
280	1717116051	5000.0	0.001	9e-06	-0.756243	0.9435832833433313,0.056406518696260746,1.0197960407918416e-05
279	1620251795	5000.0	0.001	9e-06	-1.077261	0.987958048390322,0.012032913417316536,9.038192361527695e-06
272	2692078710	5000.0	0.001	9e-06	0.021980	0.9972979004199161,0.002700979804039192,1.1197760447910417e-06
278	2236605583	5000.0	0.001	9e-06	-0.667292	0.9676536692661468,0.03209214157168566,0.0002541891621675665
267	2413536350	5000.0	0.001	9e-06	-0.334415	0.9953442511497701,0.004655748850229954
281	3412296855	5000.0	0.001	9e-06	-0.001806	0.9995662467506499,0.00043375324935013
287	981961895	5000.0	0.001	9e-06	-0.140578	0.9984062387522495,0.0015885622875424915,5.198960207958408e-06
286	1831898278	5000.0	0.001	9e-06	-1.897643	0.9765700059988003,0.023426554689062188,3.4393121375724856e-06
288	4178572456	5000.0	0.001	9e-06	-0.083991	0.9980167166566687,0.0019832833433313336
283	3821710492	5000.0	0.001	9e-06	-0.038987	0.9985422915416916,0.0014577084583083384
291	177052853	5000.0	0.001	9e-06	-0.179973	0.9961118576284743,0.0038880623875224953,7.998400319936013e-08
293	4077378747	5000.0	0.001	9e-06	0.045318	0.9984356728654269,0.0015643271345730854
289	2237621419	5000.0	0.001	9e-06	-0.031568	0.9985555688862228,0.0014443911217756449,3.9992001599680065e-08
296	2529219783	5000.0	0.001	9e-06	0.055944	0.9990569086182763,0.0009430913817236552
298	1685753041	5000.0	0.001	9e-06	-0.016808	0.9989842431513697,0.001015756848630274
282	2822145177	5000.0	0.001	9e-06	-1.674268	0.9828379124175165,0.017158608278344332,3.4793041391721655e-06
294	886252740	5000.0	0.001	9e-06	0.016312	0.9989910017996401,0.001008998200359928
299	3319610587	5000.0	0.001	9e-06	0.266886	0.9932184363127374,0.006781523695260948,3.9992001599680065e-08
285	1401803937	5000.0	0.001	9e-06	-1.175949	0.9897449310137972,0.010254269146170766,7.998400319936013e-07
297	3387045067	5000.0	0.001	9e-06	-0.059814	0.9985929614077185,0.0014070385922815437
295	3935562948	5000.0	0.001	9e-06	0.375978	0.9958046390721855,0.0041952809438112375,7.998400319936013e-08
284	3493223584	5000.0	0.001	9e-06	-0.056276	0.9988005198960208,0.001199480103979204
302	2757563624	5000.0	0.001	9e-06	-0.532765	0.9938974205158968,0.00610257948410318
301	2236513506	5000.0	0.001	9e-06	-0.000354	0.9993624475104979,0.0006375524895020996
303	153550069	5000.0	0.001	9e-06	0.086436	0.9974230353929214,0.0025766846630673867,2.7994401119776043e-07
304	1418171639	5000.0	0.001	9e-06	1.197751	0.9776685062987402,0.022330573885222957,9.198160367926415e-07
292	1220619451	5000.0	0.001	9e-06	-6.060842	0.8682349130173965,0.13113613277344532,0.0006289542091581684
307	886027519	5000.0	0.001	9e-06	0.091180	0.9967155368926215,0.0032844231153769245,3.9992001599680065e-08
306	477119738	5000.0	0.001	9e-06	0.907287	0.9866411117776445,0.013358128374325135,7.598480303939212e-07
290	488209580	5000.0	0.001	9e-06	-0.061203	0.9992797440511898,0.000720255948810238
309	200201476	5000.0	0.001	9e-06	-0.056184	0.9962298740251949,0.003740571885622875,2.955408918216357e-05
305	3134991607	5000.0	0.001	9e-06	0.020142	0.998809398120376,0.001190601879624075
313	3325332749	5000.0	0.001	9e-06	-0.123689	0.998320375924815,0.001679624075184963
300	1518576864	5000.0	0.001	9e-06	0.096815	0.9978183563287343,0.002181643671265747
315	1409101082	5000.0	0.001	9e-06	0.036924	0.9973488902219556,0.0026508698260347932,2.399520095980804e-07
308	4070329601	5000.0	0.001	9e-06	0.128135	0.9980153569286143,0.0019846430713857228
310	4253150469	5000.0	0.001	9e-06	0.055642	0.9985799640071985,0.0014200359928014396
312	76520716	5000.0	0.001	9e-06	1.893344	0.9794805438912217,0.02051649670065987,2.959408118376325e-06
319	2192538924	5000.0	0.001	9e-06	0.032259	0.999274225154969,0.0007257348530293941,3.9992001599680065e-08
318	2522346786	5000.0	0.001	9e-06	-1.131999	0.8806493101379724,0.11934413117376524,6.55868826234753e-06
316	1053072667	5000.0	0.001	9e-06	-0.031790	0.9989163367326535,0.0010836632673465307
320	4224982333	5000.0	0.001	9e-06	-0.035142	0.9976505898820236,0.002349370125974805,3.9992001599680065e-08
314	3248803090	5000.0	0.001	9e-06	1.709411	0.9573340531893622,0.042664627074585085,1.319736052789442e-06
322	398173514	5000.0	0.001	9e-06	-0.005475	0.9995216156768646,0.00047830433913217355,7.998400319936013e-08
323	2211568979	5000.0	0.001	9e-06	0.108360	0.9961804039192161,0.0038195960807838433
327	824647024	5000.0	0.001	9e-06	-0.058425	0.9991146570685863,0.0008853429314137172
311	1082211592	5000.0	0.001	9e-06	-0.170402	0.9900323935212958,0.009967206558688262,3.9992001599680065e-07
324	309822813	5000.0	0.001	9e-06	1.332759	0.9868181563687263,0.013180683863227355,1.159768046390722e-06
321	1854559553	5000.0	0.001	9e-06	0.015126	0.9977145770845831,0.002285422915416917
330	3915545977	5000.0	0.001	9e-06	-0.130050	0.9984214757048591,0.0015658868226354728,1.2637472505498901e-05
317	1728025889	5000.0	0.001	9e-06	-0.018219	0.999321775644871,0.0006782243551289742
331	721730947	5000.0	0.001	9e-06	-0.583105	0.9929846830633873,0.0068293541291741654,0.00018596280743851228
332	1063445893	5000.0	0.001	9e-06	-0.001958	0.9995092581483703,0.0004907418516296741
328	1416404336	5000.0	0.001	9e-06	5.877195	0.8569078984203159,0.14285446910617877,0.00023763247350529895
334	3502341516	5000.0	0.001	9e-06	0.122258	0.9963651669666067,0.003634833033393321
333	975035785	5000.0	0.001	9e-06	1.127114	0.9825633673265347,0.01743639272145571,2.399520095980804e-07
335	3815667087	5000.0	0.001	9e-06	0.049807	0.9989279344131173,0.0010720655868826235
337	2314505619	5000.0	0.001	9e-06	-0.004886	0.9991614877024595,0.0008385122975404919
329	2286245239	5000.0	0.001	9e-06	-0.123502	0.9960187962407518,0.003980603879224155,5.99880023995201e-07
326	874233199	5000.0	0.001	9e-06	0.011402	0.9993472905418916,0.0006527094581083783
325	2099410274	5000.0	0.001	9e-06	-0.437304	0.9935816036792642,0.0064169166166766645,1.4797040591881624e-06
336	51479951	5000.0	0.001	9e-06	-0.015087	0.9991570085982804,0.0008429914017196561
341	260398497	5000.0	0.001	9e-06	-0.034901	0.9969022195560888,0.0030977804439112177
340	1735327135	5000.0	0.001	9e-06	-0.059056	0.9985842031593681,0.0014157968406318736
343	997709221	5000.0	0.001	9e-06	-0.014840	0.9915673665266946,0.008432473505298941,1.5996800639872026e-07
345	1223099819	5000.0	0.001	9e-06	0.577159	0.9766099980003999,0.02338596280743851,4.039192161567687e-06
348	265645492	5000.0	0.001	9e-06	0.335341	0.9611343331333734,0.03886366726654669,1.999600079984003e-06
338	2130081172	5000.0	0.001	9e-06	0.334175	0.9684288342331534,0.03156900619876025,2.1595680863827235e-06
350	361708981	5000.0	0.001	9e-06	-0.120526	0.9983078584283144,0.0016877824435112977,4.359128174365127e-06
339	2129831323	5000.0	0.001	9e-06	0.867825	0.9820467906418716,0.017947930413917217,5.278944211157768e-06
349	471831988	5000.0	0.001	9e-06	0.038275	0.9985480103979204,0.001451989602079584
352	3156243898	5000.0	0.001	9e-06	1.014883	0.9622240351929614,0.03774505098980204,3.091381723655269e-05
347	2967809457	5000.0	0.001	9e-06	1.083817	0.976442951409718,0.023550249950009997,6.798640271945611e-06
353	2112325050	5000.0	0.001	9e-06	0.288978	0.9952360327934413,0.004763967206558689
351	3867172279	5000.0	0.001	9e-06	-0.048574	0.9958765846830634,0.004123375324935013,3.9992001599680065e-08
344	3209901478	5000.0	0.001	9e-06	-0.455803	0.9611317336532693,0.03833173365326935,0.0005365326934613077
355	2556351938	5000.0	0.001	9e-06	0.183127	0.9931062987402519,0.006893101379724056,5.99880023995201e-07
359	603809239	5000.0	0.001	9e-06	0.574426	0.951135372925415,0.04877608478304339,8.854229154169166e-05
358	3247545813	5000.0	0.001	9e-06	-0.123986	0.9978078784243152,0.002192121575684863
360	3306169818	5000.0	0.001	9e-06	0.287296	0.9939641671665667,0.006035472905418916,3.5992801439712056e-07
361	3180283363	5000.0	0.001	9e-06	1.020821	0.9803178164367127,0.01968106378724255,1.1197760447910417e-06
346	270046639	5000.0	0.001	9e-06	-0.143345	0.9778520695860827,0.022146690661867627,1.2397520495900819e-06
357	3467998672	5000.0	0.001	9e-06	0.233162	0.9928509098180364,0.007094541091781643,5.4549090181963604e-05
342	452019620	5000.0	0.001	9e-06	-0.010079	0.9991898820235953,0.0008101179764047191
362	4188724711	5000.0	0.001	9e-06	-0.020844	0.9991878824235153,0.0008121175764847031
366	3126500847	5000.0	0.001	9e-06	0.428545	0.9889526894621076,0.011047030593881223,2.7994401119776043e-07
354	101143999	5000.0	0.001	9e-06	-0.529598	0.99434825034993,0.005640231953609278,1.1517696460707858e-05
365	1276136941	5000.0	0.001	9e-06	0.190583	0.9968383923215357,0.003161367726454709,2.399520095980804e-07
367	3914270194	5000.0	0.001	9e-06	-0.036540	0.9952577884423115,0.0047400519896020794,2.1595680863827235e-06
368	2050835959	5000.0	0.001	9e-06	0.255792	0.9923991201759648,0.007600719856028794,1.5996800639872026e-07
370	1113896454	5000.0	0.001	9e-06	0.125548	0.9977759648070386,0.0022240351929614078
372	416603678	5000.0	0.001	9e-06	-0.053665	0.9963807638472305,0.003618996200759848,2.399520095980804e-07
356	2433961421	5000.0	0.001	9e-06	-0.192753	0.996924775044991,0.003075224955008998
363	514741736	5000.0	0.001	9e-06	-0.007891	0.9997528894221156,0.00024711057788442313
364	1423336939	5000.0	0.001	9e-06	0.065683	0.9985596880623875,0.0014400719856028795,2.399520095980804e-07
373	4201825835	5000.0	0.001	9e-06	0.542918	0.9404049190161967,0.0595880423915217,7.038592281543691e-06
375	1114420789	5000.0	0.001	9e-06	-8.230881	0.8542699860027995,0.14472789442111578,0.0010017596480703858,3.5992801439712056e-07
369	3483444728	5000.0	0.001	9e-06	0.124260	0.9978733453309339,0.002126654669066187
376	3877080632	5000.0	0.001	9e-06	0.001631	0.9994509898020396,0.0005490101979604079
378	3333107258	5000.0	0.001	9e-06	0.361830	0.9454885022995401,0.054500259948010395,1.1237752449510098e-05
380	3858212414	5000.0	0.001	9e-06	0.261220	0.9954949810037993,0.004504899020195961,1.199760047990402e-07
381	1123456585	5000.0	0.001	9e-06	0.048515	0.9990401119776045,0.0009598880223955209
374	2401205812	5000.0	0.001	9e-06	0.618533	0.9928332333533293,0.007166526694661068,2.399520095980804e-07
371	2784980493	5000.0	0.001	9e-06	0.112687	0.9949170965806838,0.005039712057588483,4.319136172765447e-05
383	2214170193	5000.0	0.001	9e-06	0.029453	0.9957507298540292,0.0042491101779644075,1.5996800639872026e-07
384	4134377055	5000.0	0.001	9e-06	-0.057374	0.9986266346730653,0.0013733253349330133,3.9992001599680065e-08
379	1963841086	5000.0	0.001	9e-06	0.342885	0.9948578684263147,0.005142011597680464,1.199760047990402e-07
387	3639012972	5000.0	0.001	9e-06	0.583284	0.991793801239752,0.008205878824235152,3.199360127974405e-07
386	631705196	5000.0	0.001	9e-06	0.384171	0.9925423315336933,0.007457668466306739
377	3708399161	5000.0	0.001	9e-06	0.198719	0.996251149770046,0.00374877024595081,7.998400319936013e-08
392	898092661	5000.0	0.001	9e-06	0.368858	0.993663627274545,0.006336372725454909
390	729517679	5000.0	0.001	9e-06	0.038268	0.9960314737052589,0.003968526294741052
385	3849750120	5000.0	0.001	9e-06	1.389698	0.986943051389722,0.013056948610277945
394	4131995259	5000.0	0.001	9e-06	-0.112424	0.9983744051189762,0.0016255948810237953
393	3726700153	5000.0	0.001	9e-06	-0.019226	0.9991369326134774,0.0008377124575084983,2.535492901419716e-05
395	1990157948	5000.0	0.001	9e-06	-0.379857	0.9934211957608479,0.006577804439112178,9.998000399920016e-07
396	4145792640	5000.0	0.001	9e-06	0.229629	0.9968480703859228,0.003151889622075585,3.9992001599680065e-08
391	1591762549	5000.0	0.001	9e-06	-0.811349	0.9919326934613077,0.00806730653869226
382	1894061644	5000.0	0.001	9e-06	-0.096262	0.9985154569086183,0.0014844631073785244,7.998400319936013e-08
400	3052904076	5000.0	0.001	9e-06	-0.278962	0.9829632073585283,0.017036592681463708,1.9996000799840033e-07
401	625845900	5000.0	0.001	9e-06	-0.064876	0.9990027994401119,0.0009972005598880224
389	706182767	5000.0	0.001	9e-06	0.566472	0.991950449910018,0.008049550089982004
398	1789247111	5000.0	0.001	9e-06	-0.079504	0.9971952809438113,0.002804719056188762
397	1377644162	5000.0	0.001	9e-06	-0.015281	0.998368726254749,0.0016312737452509499
388	2001720942	5000.0	0.001	9e-06	-0.282630	0.994883623275345,0.005116336732653469,3.9992001599680065e-08
403	636966544	5000.0	0.001	9e-06	0.010969	0.9981378124375125,0.0018621875624875025
402	3127076494	5000.0	0.001	9e-06	0.455202	0.9935468106378724,0.006453189362127574
404	3013035670	5000.0	0.001	9e-06	0.866440	0.9910737452509498,0.008926094781043791,1.5996800639872026e-07
407	2714502811	5000.0	0.001	9e-06	0.179803	0.9942127974405119,0.005785562887422516,1.6396720655868826e-06
406	3587485338	5000.0	0.001	9e-06	-0.070756	0.9952095180963807,0.004790321935612877,1.5996800639872026e-07
399	3894742664	5000.0	0.001	9e-06	-0.118499	0.9833218956208758,0.016677024595080983,1.0797840431913617e-06
408	3680454307	5000.0	0.001	9e-06	-0.892056	0.9833154969006199,0.016683063387322537,1.4397120575884822e-06
409	1717735076	5000.0	0.001	9e-06	0.378671	0.9818450709858029,0.018141731653669266,1.3197360527894422e-05
412	1592842238	5000.0	0.001	9e-06	-0.007430	0.995219876024795,0.00478000399920016,1.199760047990402e-07
405	862533274	5000.0	0.001	9e-06	-0.024112	0.9889569686062788,0.011042951409718057,7.998400319936013e-08
415	2027843272	5000.0	0.001	9e-06	-0.247407	0.996855348930214,0.002877984403119376,0.0002666666666666667
413	1132136120	5000.0	0.001	9e-06	0.830630	0.9794317536492702,0.020563327334533095,4.919016196760648e-06
416	1328940747	5000.0	0.001	9e-06	-0.163211	0.9970456308738253,0.002954369126174765
411	921497259	5000.0	0.001	9e-06	-0.100139	0.836640951809638,0.1624149970005999,0.0009423315336932614,1.7196560687862428e-06
418	2523551445	5000.0	0.001	9e-06	0.305619	0.9942238352329534,0.005776164767046591
410	3778920103	5000.0	0.001	9e-06	0.581612	0.9877328134373126,0.012266626674665068,5.598880223955209e-07
421	228908763	5000.0	0.001	9e-06	0.012309	0.9989066186762647,0.001093381323735253
419	614315734	5000.0	0.001	9e-06	-0.013094	0.998670625874825,0.0013291341731653669,2.399520095980804e-07
424	629882599	5000.0	0.001	9e-06	0.252745	0.9958474705058988,0.0041525294941011795
425	3342913270	5000.0	0.001	9e-06	2.668750	0.9672726654669066,0.03272689462107579,4.399120175964807e-07
414	3681066681	5000.0	0.001	9e-06	4.223572	0.9466522695460908,0.05334621075784843,1.5196960607878424e-06
428	2675283710	5000.0	0.001	9e-06	-0.451921	0.994429474105179,0.005570365926814637,1.5996800639872026e-07
423	4035149541	5000.0	0.001	9e-06	-3.782070	0.928655148970206,0.07133961207758448,5.238952209558089e-06
420	3870779099	5000.0	0.001	9e-06	-0.005204	0.9979570085982803,0.0020429514097180562,3.9992001599680065e-08
417	3142065872	5000.0	0.001	9e-06	0.633220	0.9918588282343531,0.008140731853629275,4.399120175964807e-07
429	1152378624	5000.0	0.001	9e-06	1.382282	0.9874548290341931,0.01254249150169966,2.679464107178564e-06
432	551409421	5000.0	0.001	9e-06	-0.012299	0.9992321935612878,0.0007678064387122575
431	3708069642	5000.0	0.001	9e-06	0.077598	0.993054549090182,0.00694501099780044,4.399120175964807e-07
427	11081469	5000.0	0.001	9e-06	-0.171708	0.9966817836432713,0.003318096380723855,1.199760047990402e-07
436	1514405654	5000.0	0.001	9e-06	3.952601	0.9625576084783043,0.03722255548890222,0.0002198360327934413
437	3496730393	5000.0	0.001	9e-06	0.005389	0.9997125774845032,0.0002874225154969006
438	2953889570	5000.0	0.001	9e-06	-0.018240	0.9974397920415917,0.0025554489102179562,4.759048190361927e-06
435	246394646	5000.0	0.001	9e-06	0.013567	0.9990553089382124,0.0009446910617876425
426	1528162039	5000.0	0.001	9e-06	0.047452	0.9972940611877624,0.0027058188362327536,1.199760047990402e-07
433	3542837007	5000.0	0.001	9e-06	0.087530	0.9987855228954209,0.0012144771045790842
434	2779418385	5000.0	0.001	9e-06	-0.046496	0.9992931813637272,0.000706738652269546,7.998400319936013e-08
422	1674553055	5000.0	0.001	9e-06	-0.021918	0.9995224555088982,0.0004775444911017796
430	519077639	5000.0	0.001	9e-06	3.436145	0.930413877224555,0.06949890021995601,8.722255548890222e-05
442	2873145138	5000.0	0.001	9e-06	0.093329	0.9969774845030994,0.0030215956808638273,9.198160367926415e-07
440	3075749677	5000.0	0.001	9e-06	-0.026427	0.9993182963407319,0.0006817036592681463
443	99104568	5000.0	0.001	9e-06	-0.028517	0.9992439512097581,0.0007560487902419516
439	3237752616	5000.0	0.001	9e-06	0.008729	0.9995046590681863,0.0004953409318136372
446	1164726085	5000.0	0.001	9e-06	-0.097238	0.9957771645670865,0.004222835432913417
447	2818809670	5000.0	0.001	9e-06	-0.097410	0.9980750649870026,0.0019235352929414117,1.3997200559888023e-06
444	181679938	5000.0	0.001	9e-06	-0.003080	0.999631873625275,0.000368126374725055
451	3442020172	5000.0	0.001	9e-06	0.214405	0.996840951809638,0.0031587282543491303,3.199360127974405e-07
450	1257035595	5000.0	0.001	9e-06	-0.154997	0.9979051789642072,0.0020948210357928415
452	332306253	5000.0	0.001	9e-06	-0.139162	0.9964100779844031,0.003589802039592082,1.199760047990402e-07
455	1966094177	5000.0	0.001	9e-06	0.032634	0.9966645870825834,0.0033354129174165167
453	2922123085	5000.0	0.001	9e-06	-0.176990	0.9964393521295741,0.003550249950009998,1.0397920415916817e-05
441	2481858354	5000.0	0.001	9e-06	0.011099	0.999098100379924,0.0009018996200759848
449	1673611082	5000.0	0.001	9e-06	-0.018172	0.9993208958208358,0.0006791041791641672
460	1359009645	5000.0	0.001	9e-06	0.523407	0.9951168966206758,0.004883103379324135
448	214865737	5000.0	0.001	9e-06	0.172358	0.9981386922615477,0.0018613077384523095
459	3000143724	5000.0	0.001	9e-06	-0.093841	0.9975011397720456,0.002498860227954409
445	2123802436	5000.0	0.001	9e-06	-0.163137	0.9972276344731054,0.002765726854629074,6.63867226554689e-06
461	953896813	5000.0	0.001	9e-06	-0.048102	0.9962015596880623,0.0037982003599280143,2.399520095980804e-07
465	3219240837	5000.0	0.001	9e-06	0.071461	0.9976350729854029,0.002364607078584283,3.199360127974405e-07
462	3089368953	5000.0	0.001	9e-06	-1.088861	0.9877896420715857,0.01220999800039992,3.5992801439712056e-07
456	606177124	5000.0	0.001	9e-06	1.448671	0.9337354129174165,0.06623255348930214,3.2033593281343733e-05
464	3926642564	5000.0	0.001	9e-06	-7.404721	0.9251672865426914,0.07213989202159568,0.0026928214357128575
454	3470587729	5000.0	0.001	9e-06	-0.397287	0.9886152369526094,0.01137628474305139,8.478304339132174e-06
467	3734886280	5000.0	0.001	9e-06	0.092226	0.9983948410317937,0.0016051589682063588
463	4282099583	5000.0	0.001	9e-06	-0.252225	0.9973320535892821,0.002667866426714657,7.998400319936013e-08
458	4257425257	5000.0	0.001	9e-06	-0.099122	0.997953049390122,0.0020469506098780245
468	1124601742	5000.0	0.001	9e-06	-0.196512	0.9957921215756849,0.004207718456308738,1.5996800639872026e-07
469	2488080273	5000.0	0.001	9e-06	-0.025470	0.996443951209758,0.003555968806238752,7.998400319936013e-08
457	408917863	5000.0	0.001	9e-06	-0.094321	0.9925814437112578,0.007418436312737453,1.199760047990402e-07
470	848254867	5000.0	0.001	9e-06	-0.362528	0.99169950009998,0.008290981803639273,9.518096380723854e-06
472	4264908694	5000.0	0.001	9e-06	0.284123	0.9966795440911818,0.0033204559088182363
474	3298269085	5000.0	0.001	9e-06	0.065328	0.994745850829834,0.005253349330133973,7.998400319936013e-07
466	1402107782	5000.0	0.001	9e-06	1.204345	0.9860273145370926,0.013965686862627474,6.9986002799440115e-06
475	1109702564	5000.0	0.001	9e-06	-0.017984	0.9994013597280544,0.0005986402719456109
478	3266987949	5000.0	0.001	9e-06	1.108634	0.9830393921215757,0.01695992801439712,6.798640271945611e-07
473	3197874069	5000.0	0.001	9e-06	-4.442904	0.947018276344731,0.052903179364127174,7.854429114177165e-05
471	3672854421	5000.0	0.001	9e-06	-0.013888	0.9975144571085783,0.002485382923415317,1.5996800639872026e-07
484	2597875650	5000.0	0.001	9e-06	6.650886	0.9323409718056389,0.0676510297940412,7.998400319936012e-06
477	351326122	5000.0	0.001	9e-06	0.093206	0.996368126374725,0.0036318336332733453,3.9992001599680065e-08
480	3943864240	5000.0	0.001	9e-06	-0.237434	0.9920155568886223,0.007984203159368127,2.399520095980804e-07
483	2732240831	5000.0	0.001	9e-06	0.002789	0.9984175564887022,0.0015823235352929413,1.199760047990402e-07
479	1487460271	5000.0	0.001	9e-06	0.004672	0.9978509098180364,0.002149090181963607
487	1308391376	5000.0	0.001	9e-06	-6.669217	0.9095253349330134,0.09043303339332133,4.1631673665266944e-05
481	3893776303	5000.0	0.001	9e-06	0.062019	0.9987882823435313,0.0012117176564687062
489	1447587797	5000.0	0.001	9e-06	-0.001398	0.9993304939012198,0.0006695060987802439
486	1164271561	5000.0	0.001	9e-06	-0.353940	0.9919744451109778,0.008025434913017396,1.199760047990402e-07
491	1740650465	5000.0	0.001	9e-06	0.027258	0.9972315136972606,0.002768486302739452
490	970184664	5000.0	0.001	9e-06	-1.270680	0.9766090781843632,0.023390521895620877,3.9992001599680065e-07
493	1327044579	5000.0	0.001	9e-06	0.063338	0.9970185162967407,0.002981483703259348
476	2928056232	5000.0	0.001	9e-06	15.949253	0.7035762847430513,0.2950016796640672,0.001421875624875025,1.5996800639872026e-07
492	649777122	5000.0	0.001	9e-06	-0.078151	0.9986657468506299,0.001331493701259748,2.7594481103779245e-06
494	2298263524	5000.0	0.001	9e-06	-0.144314	0.9950683063387322,0.004924415116976604,7.278544291141772e-06
488	1944446931	5000.0	0.001	9e-06	0.207425	0.9852321135772846,0.014759368126374725,8.518296340731854e-06
495	571944933	5000.0	0.001	9e-06	-0.002754	0.9986921815636872,0.0013078184363127375
482	1263472570	5000.0	0.001	9e-06	0.009929	0.9988307538492301,0.0011692461507698461
485	1426659270	5000.0	0.001	9e-06	0.007612	0.9990271945610878,0.0009728054389122175
497	33191926	5000.0	0.001	9e-06	-1.128338	0.9840447910417917,0.015955048990201958,1.5996800639872026e-07
496	3333603303	5000.0	0.001	9e-06	-0.492628	0.9937060587882424,0.006293941211757649
498	141508606	5000.0	0.001	9e-06	0.015056	0.9934511097780444,0.006548010397920416,8.798240351929614e-07
499	1337217023	5000.0	0.001	9e-06	-0.461808	0.9883990401919616,0.011600199960007999,7.598480303939212e-07
