sim_id	seed	popsize	selcoef	mutrate	velocity	profile
17	382840928	5000.0	0.001	0.000132	0.244857	0.8970251949610077,0.09871573685262948,0.004232073585282943,2.6674665066986603e-05,3.199360127974405e-07
2	1324077065	5000.0	0.001	0.000132	0.051892	0.9516985802839432,0.04635744851029794,0.0019268146370725854,1.7156568686262747e-05
4	3992823819	5000.0	0.001	0.000132	-0.112990	0.9426735052989402,0.056438112377524496,0.0008872225554889022,1.159768046390722e-06
9	1569732657	5000.0	0.001	0.000132	0.262182	0.8769272545490902,0.11969802039592081,0.003308618276344731,6.610677864427115e-05
13	3047886937	5000.0	0.001	0.000132	-0.265458	0.903734973005399,0.09244367126574685,0.003808358328334333,1.2997400519896021e-05
14	3662424157	5000.0	0.001	0.000132	-0.005760	0.9170281543691262,0.08060767846430714,0.002350489902019596,1.3677264547090581e-05
19	2649153635	5000.0	0.001	0.000132	-0.064078	0.9437198960207959,0.05217208558288342,0.003677104579084183,0.0004299540091981604,9.598080383923216e-07
10	939198539	5000.0	0.001	0.000132	0.092025	0.905126774645071,0.09360859828034393,0.0012520695860827834,1.255748850229954e-05
11	2350872651	5000.0	0.001	0.000132	-0.328701	0.8256230353929214,0.16247110577884424,0.01169742051589682,0.00020807838432313538,3.5992801439712056e-07
3	1389377546	5000.0	0.001	0.000132	0.223084	0.8497751649670066,0.14807890421915618,0.0021436112777444513,2.319536092781444e-06
5	1812789268	5000.0	0.001	0.000132	-0.189029	0.9150892221555689,0.08410981803639273,0.0007644471105778844,3.65126974605079e-05
7	133447710	5000.0	0.001	0.000132	-0.293679	0.8495752049590082,0.1344095580883823,0.014798000399920016,0.0012167166566686663,5.198960207958409e-07
16	4175366237	5000.0	0.001	0.000132	-0.450719	0.866155848830234,0.10376928614277145,0.015518976204759049,0.014492781443711258,6.302739452109578e-05,7.998400319936013e-08
8	900153378	5000.0	0.001	0.000132	0.176059	0.9250895020995801,0.07080159968006398,0.0040249550089982,8.394321135772846e-05
0	949166082	5000.0	0.001	0.000132	-0.229515	0.8833904419116176,0.11303903219356129,0.0035334133173365325,3.71125774845031e-05
6	1769207836	5000.0	0.001	0.000132	0.489357	0.8889976404719057,0.09851385722855428,0.011813277344531093,0.0006692261547690462,5.958808238352329e-06,3.9992001599680065e-08
12	326795349	5000.0	0.001	0.000132	0.234471	0.8563439712057589,0.14223051389722055,0.0014254749050189963,3.9992001599680065e-08
15	3840428126	5000.0	0.001	0.000132	0.472103	0.811544851029794,0.1764741051789642,0.008551969606078784,0.0034225154969006197,6.55868826234753e-06
18	3489867873	5000.0	0.001	0.000132	0.113252	0.8976927814437112,0.09299092181563687,0.007908618276344731,0.0014063187362527495,1.3597280543891223e-06
1	1065232388	5000.0	0.001	0.000132	-0.142352	0.8538026394721056,0.14438204359128173,0.001814637072585483,6.798640271945611e-07
21	1413390451	5000.0	0.001	0.000132	0.101843	0.9522111577684463,0.041703379324135176,0.006076864627074585,8.518296340731854e-06,7.998400319936013e-08
20	4035962986	5000.0	0.001	0.000132	0.027036	0.9335613277344531,0.0640259148170366,0.0024120775844831033,6.798640271945611e-07
23	1294774389	5000.0	0.001	0.000132	0.136749	0.8756507098580284,0.10948554289142172,0.014749570085982804,0.00011417716456708658
22	3710517363	5000.0	0.001	0.000132	0.324519	0.9149737652469506,0.08340399920015996,0.0016170765846830633,5.158968206358728e-06
28	4168485006	5000.0	0.001	0.000132	0.314509	0.8712579884023195,0.12616608678264346,0.002574365126974605,1.5596880623875224e-06
26	67414143	5000.0	0.001	0.000132	-0.342394	0.9055181763647271,0.09346434713057389,0.0010173565286942612,1.199760047990402e-07
25	2642223227	5000.0	0.001	0.000132	0.089109	0.8929225354929015,0.10036116776644671,0.0066714257148570285,4.487102579484103e-05
24	828346489	5000.0	0.001	0.000132	-0.061648	0.9144159968006399,0.08105514897020596,0.004519056188762248,9.798040391921616e-06
27	2856200324	5000.0	0.001	0.000132	-0.045996	0.9289708058388322,0.07038528294341131,0.0006438312337532494,7.998400319936013e-08
29	1483821209	5000.0	0.001	0.000132	-0.515119	0.8337286542691462,0.13139512097580483,0.034753129374125176,0.00012309538092381524
31	3822436515	5000.0	0.001	0.000132	-0.084466	0.8930671865626875,0.09870173965206959,0.008159808038392322,7.086582683463308e-05,3.9992001599680065e-07
33	1253271731	5000.0	0.001	0.000132	0.054878	0.8483774445110978,0.14729554089182165,0.0041321735652869425,0.00019484103179364127
40	2536501453	5000.0	0.001	0.000132	0.132924	0.895917976404719,0.10142159568086383,0.0026585482903419316,1.879624075184963e-06
36	3023747256	5000.0	0.001	0.000132	0.034970	0.8070150369926015,0.1875361727654469,0.0054064787042591485,4.231153769246151e-05
35	4291977399	5000.0	0.001	0.000132	0.090621	0.8985334933013397,0.09100443911217757,0.010357208558288342,0.00010485902819436113
39	3255294146	5000.0	0.001	0.000132	-0.407219	0.8714757048590281,0.11829658068386323,0.009370325934813037,0.0008569086182763447,4.799040191961608e-07
34	1694542003	5000.0	0.001	0.000132	-0.071719	0.9477852429514098,0.04950761847630474,0.002685142971405719,2.1995600879824035e-05
38	3503413433	5000.0	0.001	0.000132	0.396639	0.8859426514697061,0.09959908018396321,0.014328374325134972,0.00012989402119576086
41	3277142239	5000.0	0.001	0.000132	0.331058	0.7168946610677864,0.26915952809438115,0.013637112577484503,0.00030869826034793043
30	3271370914	5000.0	0.001	0.000132	-0.884836	0.3055163767246551,0.6325108978204359,0.061698100379924015,0.0002743851229754049,2.399520095980804e-07
37	1277573305	5000.0	0.001	0.000132	-0.242131	0.9035517296540692,0.08960503899220155,0.0068377924415116975,5.438912217556489e-06
32	713058469	5000.0	0.001	0.000132	-0.108210	0.8566507898420316,0.14035340931813636,0.0028514697060587884,0.00014433113377324534
42	2397995231	5000.0	0.001	0.000132	-0.293762	0.8228889022195561,0.17040723855228954,0.0059340931813637275,0.0007649670065986802,4.759048190361927e-06,3.9992001599680065e-08
43	558362852	5000.0	0.001	0.000132	0.180886	0.8751905218956209,0.12221083783243351,0.0025972805438912215,1.3597280543891223e-06
44	2640384231	5000.0	0.001	0.000132	0.877595	0.774009198160368,0.20190813837232555,0.023885302939412118,0.00019736052789442112
47	2983411950	5000.0	0.001	0.000132	0.006001	0.9627080583883223,0.03551917616476705,0.0017452909418116376,2.7474505098980204e-05
45	3088318696	5000.0	0.001	0.000132	-0.383057	0.892884423115377,0.06513993201359727,0.04156784643071386,0.0004077984403119376
52	3398861054	5000.0	0.001	0.000132	-0.109169	0.9046351529694061,0.09447566486702659,0.0008877824435112977,1.3997200559888023e-06
49	1323387131	5000.0	0.001	0.000132	0.147006	0.8177925214957008,0.1674099580083983,0.014647110577884422,0.00014993001399720056,4.799040191961608e-07
46	3017894119	5000.0	0.001	0.000132	-0.093886	0.9010647070585883,0.09107154569086183,0.007784603079384124,7.914417116576685e-05
58	2892714261	5000.0	0.001	0.000132	0.074165	0.9253525694861028,0.07097972405518896,0.0035761647670465905,9.154169166166766e-05
48	2824003829	5000.0	0.001	0.000132	0.160658	0.9265231353729254,0.0725484903019396,0.0009282143571285742,1.5996800639872026e-07
56	1119525125	5000.0	0.001	0.000132	-0.316785	0.8763006598680264,0.12270397920415917,0.0009951609678064386,1.9996000799840033e-07
50	3441381629	5000.0	0.001	0.000132	0.076385	0.9226597080583884,0.07429826034793041,0.003037832433513297,4.1991601679664066e-06
57	2959759629	5000.0	0.001	0.000132	0.049803	0.8931025794841032,0.10168662267546491,0.005204799040191961,5.99880023995201e-06
51	1489758462	5000.0	0.001	0.000132	0.506380	0.8811569686062788,0.11652025594881024,0.0021629274145170967,0.00014733053389322137,1.251749650069986e-05
54	3946373380	5000.0	0.001	0.000132	0.221956	0.7423735652869426,0.24489638072385522,0.012519376124775045,0.00021051789642071586,1.5996800639872026e-07
53	216535299	5000.0	0.001	0.000132	-0.556208	0.8147122975404919,0.16722099580083982,0.018048150369926016,1.855628874225155e-05
62	2458810680	5000.0	0.001	0.000132	-0.128140	0.7675487302539492,0.1783268946210758,0.04864887022595481,0.005469386122775445,6.11877624475105e-06
61	1212125494	5000.0	0.001	0.000132	1.623604	0.47481559688062386,0.40782151569686065,0.10552857428514296,0.011718616276744651,0.00011569686062787442
59	2025070892	5000.0	0.001	0.000132	1.264981	0.7031342131573686,0.20320619876024795,0.0827862027594481,0.010838272345530893,3.5112977404519095e-05
55	2801359109	5000.0	0.001	0.000132	0.151249	0.8989171365726855,0.09316600679864027,0.0077798840231953605,0.00013693261347730453,3.9992001599680065e-08
60	1558755630	5000.0	0.001	0.000132	-0.148124	0.753827474505099,0.23904211157768446,0.00658992201559688,0.0005404919016196761
68	2614012229	5000.0	0.001	0.000132	0.058032	0.9254284343131374,0.06930201959608079,0.0051874025194961005,8.214357128574285e-05
69	2046564678	5000.0	0.001	0.000132	-0.402828	0.9200413117376525,0.06818324335132973,0.011719456108778245,5.598880223955209e-05
66	1944373567	5000.0	0.001	0.000132	0.120712	0.9073875224955009,0.08680223955208959,0.005802079584083184,8.158368326334732e-06
67	2655099205	5000.0	0.001	0.000132	0.262395	0.9227785642871426,0.0682869826034793,0.008503379324135174,0.0004310337932413517,3.9992001599680065e-08
64	2174910780	5000.0	0.001	0.000132	-0.016097	0.8915350529894022,0.10656176764647071,0.001901379724055189,1.799640071985603e-06
65	2608838973	5000.0	0.001	0.000132	-0.018407	0.8648170365926815,0.13316964607078585,0.0020127974405118976,4.399120175964807e-07,7.998400319936013e-08
63	3709931832	5000.0	0.001	0.000132	0.120785	0.9493778844231153,0.0500869826034793,0.0005350929814037193,3.9992001599680065e-08
71	1378455887	5000.0	0.001	0.000132	0.031504	0.9106108378324335,0.08819948010397921,0.001189362127574485,3.199360127974405e-07
70	109594954	5000.0	0.001	0.000132	0.077221	0.8991519296140772,0.08712149570085982,0.013707058588282344,1.951609678064387e-05
72	1840965970	5000.0	0.001	0.000132	0.394716	0.7807234153169366,0.21634213157368526,0.0029316936612677463,2.7594481103779245e-06
73	1719210323	5000.0	0.001	0.000132	-0.219376	0.9146049590081984,0.08284299140171966,0.002532733453309338,1.9316136772645472e-05
76	79151450	5000.0	0.001	0.000132	-0.244585	0.8187474905018997,0.1681877624475105,0.01222259548090382,0.0008397920415916817,2.359528094381124e-06
74	1257623892	5000.0	0.001	0.000132	1.044033	0.7266497100579884,0.23134333133373325,0.04183943211357728,0.00016656668666266747,9.598080383923216e-07
77	1813713248	5000.0	0.001	0.000132	0.474278	0.8422339132173565,0.15188178364327135,0.005881703659268146,2.599480103979204e-06
75	3899543894	5000.0	0.001	0.000132	0.094943	0.9106997800439912,0.08862243551289742,0.0006774245150969806,3.5992801439712056e-07
79	3190778218	5000.0	0.001	0.000132	0.266593	0.8980247550489902,0.09897116576684663,0.003003959208158368,1.199760047990402e-07
80	3353309552	5000.0	0.001	0.000132	0.037826	0.8859285742851429,0.10590665866826635,0.008146730653869226,1.6516696660667867e-05,1.5196960607878424e-06
78	950700386	5000.0	0.001	0.000132	0.040986	0.8700487102579484,0.12605062987402518,0.003824395120975805,7.626474705058989e-05
81	468787573	5000.0	0.001	0.000132	0.191449	0.9365866026794641,0.06137420515896821,0.0020338332333533294,5.358928214357128e-06
85	2593798536	5000.0	0.001	0.000132	0.203455	0.9336891821635673,0.06602939412117577,0.0002814237152569486
83	3850920312	5000.0	0.001	0.000132	0.015269	0.7758723855228954,0.21486694661067787,0.008969446110777844,0.0002911417716456709,7.998400319936013e-08
82	2878708087	5000.0	0.001	0.000132	0.568434	0.7360561487702459,0.2552115176964607,0.008721735652869426,1.0597880423915217e-05
86	3922897288	5000.0	0.001	0.000132	-0.452961	0.8214084783043392,0.17671961607678463,0.001871865626874625,3.9992001599680065e-08
87	2355104140	5000.0	0.001	0.000132	-0.297234	0.8029559688062388,0.17679080183963208,0.02002631473705259,0.00022691461707658467
84	2666486141	5000.0	0.001	0.000132	0.076059	0.7576683863227355,0.23013025394921016,0.012140371925614877,6.062787442511498e-05,3.5992801439712056e-07
88	2231558543	5000.0	0.001	0.000132	0.123308	0.9631184163167367,0.035604199160167965,0.0012769046190761848,4.799040191961608e-07
89	78246292	5000.0	0.001	0.000132	0.443757	0.7809480103979204,0.19431093781243752,0.02373261347730454,0.0010072385522895422,1.199760047990402e-06
97	201849276	5000.0	0.001	0.000132	0.081631	0.9447910817836432,0.05447622475504899,0.0007288942211557688,3.7992401519696063e-06
91	4088306082	5000.0	0.001	0.000132	0.057716	0.9176416316736653,0.0707755648870226,0.01140751849630074,0.00017528494301139773
90	789225882	5000.0	0.001	0.000132	-0.391610	0.725771525694861,0.24378484303139372,0.02974749050189962,0.0006959408118376324,1.9996000799840033e-07
96	823804336	5000.0	0.001	0.000132	0.172309	0.9017367326534693,0.08827122575484903,0.009982643471305739,9.398120375924815e-06
92	673186211	5000.0	0.001	0.000132	0.285755	0.8740289942011598,0.09964547090581884,0.02559104179164167,0.0007284943011397721,5.99880023995201e-06
93	1464093103	5000.0	0.001	0.000132	0.154485	0.8739819236152769,0.12082311537692461,0.005191481703659268,3.4793041391721655e-06
95	192803248	5000.0	0.001	0.000132	-0.079661	0.9453262147570486,0.05237736452709458,0.0022902219556088783,6.19876024795041e-06
98	3853709761	5000.0	0.001	0.000132	0.017790	0.8829069386122775,0.11225586882623476,0.004733213357328534,0.00010393921215756849,3.9992001599680065e-08
94	1755093424	5000.0	0.001	0.000132	-0.071738	0.9112763047390522,0.08738212357528494,0.0013412917416516696,2.7994401119776043e-07
102	866388430	5000.0	0.001	0.000132	0.044095	0.9157952809438112,0.08228506298740251,0.0019165766846630675,3.079384123175365e-06
99	1600293313	5000.0	0.001	0.000132	-0.174223	0.9125706458708258,0.08441943611277744,0.003008238352329534,1.6796640671865626e-06
101	3569844685	5000.0	0.001	0.000132	-0.158839	0.9032531893621276,0.0927241351729654,0.003975924815036992,4.651069786042791e-05,2.399520095980804e-07
106	4071283168	5000.0	0.001	0.000132	-0.340320	0.8701352129574085,0.11390869826034793,0.015905738852229553,5.03499300139972e-05
100	1362555340	5000.0	0.001	0.000132	0.395813	0.666192401519696,0.31308106378724254,0.020478104379124173,0.00024839032193561285,3.9992001599680065e-08
104	2880944606	5000.0	0.001	0.000132	-0.097324	0.7331905218956208,0.25568690261947613,0.010855308938212358,0.00026726654669066187
103	724077007	5000.0	0.001	0.000132	0.118911	0.9159318536292741,0.08331029794041192,0.0007552889422115577,2.559488102379524e-06
107	3152511457	5000.0	0.001	0.000132	0.049921	0.9176866626674665,0.06769418116376724,0.014568526294741051,5.022995400919816e-05,3.9992001599680065e-07
108	750076387	5000.0	0.001	0.000132	-0.743560	0.8255647670465907,0.14409130173965207,0.02517392521495701,0.005126454709058188,4.351129774045191e-05,3.9992001599680065e-08
109	1713719784	5000.0	0.001	0.000132	0.301997	0.8523336132773446,0.13427774445110977,0.01329002199560088,9.854029194161167e-05,7.998400319936013e-08
105	4148062688	5000.0	0.001	0.000132	-0.190242	0.8402826634673065,0.1565860427914417,0.0030808238352329534,5.046990601879624e-05
112	1237858814	5000.0	0.001	0.000132	-0.181773	0.853792201559688,0.14049238152369525,0.0056682263547290545,4.7190561887622477e-05
110	427399666	5000.0	0.001	0.000132	0.030434	0.9206436312737453,0.07745874825034993,0.0018675464907018597,2.9834033193361328e-05,2.399520095980804e-07
118	2433870373	5000.0	0.001	0.000132	0.168191	0.8669032193561288,0.12436412717456509,0.00867994401119776,5.2709458108378326e-05
113	232126979	5000.0	0.001	0.000132	-0.682346	0.8888370325934813,0.0487750849830034,0.06201047790441912,0.00037724455108978204,1.5996800639872026e-07
116	2562540046	5000.0	0.001	0.000132	-0.043493	0.9151732453509298,0.07197892421515698,0.012794241151769647,5.358928214357129e-05
117	2039581203	5000.0	0.001	0.000132	-0.540813	0.8009333333333334,0.19186638672265546,0.007096460707858429,0.00010381923615276945
114	607453708	5000.0	0.001	0.000132	0.028477	0.8603430113977204,0.13147026594681063,0.008167086582683463,1.963607278544291e-05
122	546480693	5000.0	0.001	0.000132	-0.027761	0.9173437312537492,0.07992249550089982,0.002676584683063387,5.718856228754249e-05
120	3549884976	5000.0	0.001	0.000132	0.102293	0.7981260147970406,0.19309130173965208,0.008703939212157568,7.874425114977005e-05
121	2044795441	5000.0	0.001	0.000132	-0.146489	0.9245664067186563,0.07386678664267146,0.0015662867426514697,5.198960207958409e-07
125	1101050435	5000.0	0.001	0.000132	-0.154974	0.9291231353729255,0.0659121775644871,0.004959288142371526,5.398920215956809e-06
111	2940006899	5000.0	0.001	0.000132	-0.187701	0.8919535692861428,0.10520479904019196,0.0028281543691261748,1.3477304539092181e-05
115	1352040972	5000.0	0.001	0.000132	0.194846	0.9166216756648671,0.07730965806838633,0.00593369326134773,0.00013489302139572086,7.998400319936013e-08
119	3894544933	5000.0	0.001	0.000132	0.320562	0.8619262947410518,0.12775824835032992,0.010109538092381524,0.00020575884823035393,1.5996800639872026e-07
123	4095613498	5000.0	0.001	0.000132	-0.157349	0.9372006398720256,0.061099140171965605,0.0016999000199960008,3.199360127974405e-07
126	2202651207	5000.0	0.001	0.000132	0.056593	0.9403416516696661,0.05641831633673265,0.003230753849230154,9.278144371125775e-06
124	3197471298	5000.0	0.001	0.000132	-0.508884	0.8547143771245751,0.12958052389522096,0.015600879824035192,0.00010421915616876625
127	443736651	5000.0	0.001	0.000132	0.029787	0.9030671065786843,0.09203567286542691,0.004633393321335733,0.0002637072585482903,1.199760047990402e-07
128	772876876	5000.0	0.001	0.000132	-0.294940	0.8128335532893421,0.18271437712457508,0.004437312537492502,1.4757048590281944e-05
131	2931436125	5000.0	0.001	0.000132	0.356393	0.817284823035393,0.17044499100179963,0.012119416116776645,0.00015076984603079385
130	2408149583	5000.0	0.001	0.000132	0.020572	0.9306167966406719,0.06559576084783043,0.003782843431313737,4.599080183963207e-06
129	1661301326	5000.0	0.001	0.000132	-0.214955	0.8176360727854429,0.1740631473705259,0.008286942611477704,1.3757248550289942e-05,7.998400319936013e-08
132	4017916513	5000.0	0.001	0.000132	0.950852	0.6096011197760448,0.37194433113377323,0.017684663067386523,0.0007693661267746451,5.198960207958409e-07
144	1056404100	5000.0	0.001	0.000132	0.083532	0.8726369526094782,0.11819552089582083,0.00912889422115577,3.8632273545290943e-05
135	3992687207	5000.0	0.001	0.000132	0.359663	0.7587570085982803,0.23561703659268146,0.005612357528494301,1.3597280543891222e-05
145	911862403	5000.0	0.001	0.000132	0.047659	0.8167378524295141,0.18098132373525294,0.0022330733853229354,4.7750449910017995e-05
137	886786668	5000.0	0.001	0.000132	0.186011	0.8990297940411918,0.09783415316936613,0.0031352929414117177,7.598480303939212e-07
146	3663127178	5000.0	0.001	0.000132	-0.154063	0.863171925614877,0.13370941811637674,0.003100339932013597,1.8316336732653468e-05
134	2883951206	5000.0	0.001	0.000132	0.055311	0.9356451909618076,0.06391609678064387,0.00043847230553889223,2.399520095980804e-07
151	1108581014	5000.0	0.001	0.000132	0.287064	0.8965258548290342,0.09710637872425515,0.006363447310537893,4.319136172765447e-06
150	3493081749	5000.0	0.001	0.000132	-0.070251	0.9084115176964607,0.0896006798640272,0.0019856428714257147,2.1195760847830435e-06,3.9992001599680065e-08
143	4013935235	5000.0	0.001	0.000132	0.288961	0.8661148570285943,0.13212245550889823,0.0017533693261347731,9.318136372725454e-06
133	806206052	5000.0	0.001	0.000132	0.173266	0.9251236952609478,0.07029862027594481,0.00457380523895221,3.879224155168966e-06
136	1614049895	5000.0	0.001	0.000132	-0.429732	0.773122375524895,0.21720611877624474,0.009575324935012997,9.618076384723055e-05
147	1381976719	5000.0	0.001	0.000132	-0.122141	0.896383723255349,0.09424955008998201,0.009340291941611678,2.6434713057388524e-05
142	2404024961	5000.0	0.001	0.000132	-0.035994	0.9436689462107578,0.05313105378924215,0.003154009198160368,4.599080183963207e-05
140	3024411261	5000.0	0.001	0.000132	0.053543	0.9392631073785243,0.05767778444311138,0.002020875824835033,0.0010375524895020996,6.798640271945611e-07
138	2092403310	5000.0	0.001	0.000132	-0.010811	0.914393601279744,0.08378068386322736,0.0018254349130173966,2.7994401119776043e-07
152	1205475995	5000.0	0.001	0.000132	0.071032	0.8908377924415117,0.10358020395920815,0.0055737252549490105,8.278344331133774e-06
139	2050718330	5000.0	0.001	0.000132	-0.141089	0.8539025394921016,0.13596964607078585,0.010036592681463707,9.122175564887023e-05
149	4155472529	5000.0	0.001	0.000132	0.047909	0.943278024395121,0.055504619076184765,0.001217116576684663,2.399520095980804e-07
141	1997894273	5000.0	0.001	0.000132	0.021477	0.9027666466706659,0.09419012197560488,0.0029495700859828032,9.366126774645071e-05
148	1178407567	5000.0	0.001	0.000132	-0.034172	0.935481223755249,0.062025394921015796,0.0024921015796840634,1.279744051189762e-06
154	3661079210	5000.0	0.001	0.000132	0.203026	0.8274326734653069,0.15912985402919416,0.013295900819836034,0.00014157168566286742
159	2476526268	5000.0	0.001	0.000132	-0.464307	0.8644147970405919,0.12404391121775644,0.011443991201759648,9.73005398920216e-05
153	128627369	5000.0	0.001	0.000132	0.171464	0.8976372325534893,0.09715180963807239,0.0051394121175764845,7.022595480903819e-05,1.319736052789442e-06
155	2191372975	5000.0	0.001	0.000132	-0.330584	0.8937194961007798,0.09928494301139772,0.005232153569286143,0.0017629674065186964,4.399120175964807e-07
158	2975709882	5000.0	0.001	0.000132	-0.078604	0.8186553889222156,0.17789574085182963,0.003447630473905219,1.159768046390722e-06,7.998400319936013e-08
160	1950593727	5000.0	0.001	0.000132	-0.005511	0.8806138372325535,0.11717728454309138,0.0022070785842831435,1.799640071985603e-06
163	1404232400	5000.0	0.001	0.000132	-0.887256	0.6804319136172765,0.3077110177964407,0.011700499900019996,0.00015656868626274744
161	4068065989	5000.0	0.001	0.000132	-0.126532	0.8551828834233154,0.12998232353529293,0.014360327934413117,0.00047430513897220555,1.5996800639872026e-07
164	2754511569	5000.0	0.001	0.000132	-0.035194	0.8890357528494301,0.10971345730853829,0.0012492701459708058,1.5196960607878424e-06
170	3224193767	5000.0	0.001	0.000132	-0.255687	0.855115176964607,0.1396124375124975,0.005234673065386923,3.77124575084983e-05
169	3575112422	5000.0	0.001	0.000132	0.460670	0.8719557288542291,0.112249150169966,0.012449230153969206,0.0033364527094581083,9.438112377524495e-06
162	778810055	5000.0	0.001	0.000132	-0.807079	0.6870022795440912,0.2873885622875425,0.025499620075984802,0.00010953809238152369
167	873011937	5000.0	0.001	0.000132	0.139988	0.9220818236352729,0.07357348530293942,0.004339132173565287,5.558888222355529e-06
156	1532566195	5000.0	0.001	0.000132	-0.060043	0.9326434713057389,0.06306770645870825,0.0042418316336732655,4.699060187962408e-05
168	871932644	5000.0	0.001	0.000132	-0.082834	0.9021360527894421,0.07922199560087982,0.01859848030393921,4.347130573885223e-05
166	309005013	5000.0	0.001	0.000132	-0.556482	0.8718386322735453,0.1084015196960608,0.019624075184963008,0.00013565286942611478,1.199760047990402e-07
165	1129720531	5000.0	0.001	0.000132	-0.033057	0.9494484303139372,0.049538412317536494,0.0010033193361327734,9.838032393521296e-06
157	2347109043	5000.0	0.001	0.000132	0.120748	0.8822703459308139,0.11005894821035793,0.007635232953409318,3.5472905418916215e-05
172	232430314	5000.0	0.001	0.000132	-0.143095	0.8800903019396121,0.11662387522495501,0.0032637872425514895,2.2035592881423716e-05
171	3990332136	5000.0	0.001	0.000132	0.762416	0.7972053189362127,0.19579172165566885,0.006844791041791642,0.00015816836632673466
174	3787281132	5000.0	0.001	0.000132	-0.046463	0.8903404119176165,0.09154745050989802,0.017155248950209957,0.0009568486302739452,3.9992001599680065e-08
173	456790762	5000.0	0.001	0.000132	-0.040977	0.9002871425714857,0.09892457508498301,0.0007879624075184963,3.199360127974405e-07
184	1007143685	5000.0	0.001	0.000132	0.301091	0.8970405118976205,0.09300107978404319,0.009894061187762447,6.430713857228554e-05,3.9992001599680065e-08
180	3704961783	5000.0	0.001	0.000132	-0.066190	0.8735049390121976,0.12387022595480904,0.0026133573285342933,1.1477704459108178e-05
178	1080195829	5000.0	0.001	0.000132	0.029069	0.8880837032593482,0.09785926814637072,0.013956568686262747,8.350329934013198e-05,1.6956608678264348e-05
175	2096650989	5000.0	0.001	0.000132	0.338733	0.8716315936812637,0.12744491101779645,0.000914257148570286,9.238152369526095e-06
179	1991418614	5000.0	0.001	0.000132	-0.225440	0.7805667666466707,0.19517004599080184,0.023988042391521695,0.0002750649870025995,7.998400319936013e-08
176	1293849330	5000.0	0.001	0.000132	-0.137094	0.7643750049990002,0.22879072185562888,0.006829714057188563,4.559088182363528e-06
185	896819974	5000.0	0.001	0.000132	0.687167	0.829914577084583,0.1615892021595681,0.008242151569686064,5.670865826834633e-05,0.00019736052789442112
183	1978862334	5000.0	0.001	0.000132	0.137610	0.837244551089782,0.14774073185362926,0.014995280943811237,1.943611277744451e-05
182	65966843	5000.0	0.001	0.000132	-0.096157	0.8645866026794641,0.10123503299340132,0.032561647670465904,0.0016147170565886822,1.999600079984003e-06
181	4093004536	5000.0	0.001	0.000132	-0.492640	0.8335554489102179,0.151125974805039,0.013493821235752849,0.0018239552089582083,7.998400319936013e-07
177	781513459	5000.0	0.001	0.000132	0.025966	0.9415815636872625,0.05795780843831234,0.0004605478904219156,7.998400319936013e-08
186	2421064461	5000.0	0.001	0.000132	0.309559	0.8400946210757848,0.13119680063987202,0.027699300139972006,0.0009748450309938013,3.443311337732454e-05
188	4283687704	5000.0	0.001	0.000132	-0.160836	0.8959133373325335,0.10300667866426715,0.0010784243151369726,1.5596880623875224e-06
187	836643602	5000.0	0.001	0.000132	0.005598	0.9245192161567687,0.07310737852429514,0.0023581683663267345,1.5236952609478104e-05
190	913570591	5000.0	0.001	0.000132	0.039014	0.9406771845630874,0.054103979204159165,0.005199800039992002,1.903619276144771e-05
189	3573033758	5000.0	0.001	0.000132	0.137348	0.822921975604879,0.16430465906818637,0.011746450709858029,0.0010080783843231353,1.883623275344931e-05
191	1808280356	5000.0	0.001	0.000132	0.250879	0.8754365126974605,0.09914877024595081,0.025096620675864826,0.0003179364127174565,1.5996800639872026e-07
193	1940753193	5000.0	0.001	0.000132	1.051793	0.6444990201959608,0.31539440111977607,0.03966162767446511,0.00044487102579484104,7.998400319936013e-08
192	1054034728	5000.0	0.001	0.000132	0.113801	0.9392954609078185,0.05640803839232154,0.0042150369926014794,8.146370725854829e-05
194	1401498408	5000.0	0.001	0.000132	0.099999	0.9544164767046591,0.04327242551489702,0.0023099380123975206,1.159768046390722e-06
204	1076632390	5000.0	0.001	0.000132	-0.027024	0.8618973805238952,0.10583215356928614,0.03103119376124775,0.0012387522495500899,5.198960207958409e-07
200	606300987	5000.0	0.001	0.000132	0.173847	0.9098402319536093,0.08849486102779444,0.0016635472905418916,1.3597280543891223e-06
207	3311051604	5000.0	0.001	0.000132	0.187385	0.9013995200959808,0.08290113977204559,0.015539092181563687,0.00016020795840831833,3.9992001599680065e-08
199	4026862392	5000.0	0.001	0.000132	0.081325	0.9396306738652269,0.059537772445510895,0.0008315536892621475
198	2070432566	5000.0	0.001	0.000132	-0.311514	0.7255554889022195,0.26791389722055586,0.005170805838832233,0.0013513297340531894,8.478304339132174e-06
196	729379634	5000.0	0.001	0.000132	0.110828	0.6236759448110378,0.3625609678064387,0.013565046990601879,0.00019804039192161568
202	3321480000	5000.0	0.001	0.000132	0.095178	0.8482212357528495,0.13902383523295342,0.012696420715856829,5.846830633873225e-05,3.9992001599680065e-08
210	1838955367	5000.0	0.001	0.000132	-0.107724	0.9565654469106178,0.040859268146370725,0.0022547090581883623,0.0003205758848230354
203	1971778369	5000.0	0.001	0.000132	-0.397865	0.7629068586282743,0.2234491901619676,0.012499500099980004,0.0011198960207958407,2.4555088982203558e-05
205	2365301582	5000.0	0.001	0.000132	-0.162451	0.9273155768846231,0.07107706458708259,0.0015988402319536093,8.518296340731854e-06
201	548688700	5000.0	0.001	0.000132	-0.363419	0.781103699260148,0.2102755048990202,0.008586602679464107,3.4193161367726455e-05
206	1891695442	5000.0	0.001	0.000132	-0.195975	0.8105677264547091,0.1772033193361328,0.0070481103779244155,0.005170765846830634,1.0077984403119377e-05
197	449151798	5000.0	0.001	0.000132	-0.234518	0.919269626074785,0.07104015196960609,0.009661987602479504,2.8234353129374125e-05
211	4080513901	5000.0	0.001	0.000132	0.457218	0.8067165366926614,0.175023675264947,0.017352329534093183,0.0009070985802839432,3.5992801439712056e-07
195	416232239	5000.0	0.001	0.000132	0.411143	0.814744051189762,0.17429618076384723,0.010850709858028395,0.00010905818836232754
208	107170646	5000.0	0.001	0.000132	0.797725	0.6955142971405719,0.2841283343331334,0.019175924815036993,0.0011808438312337533,5.99880023995201e-07
212	288592751	5000.0	0.001	0.000132	-0.116550	0.9511812437512498,0.048084703059388126,0.0007336132773445311,4.399120175964807e-07
213	597982067	5000.0	0.001	0.000132	0.147329	0.832375724855029,0.1241375324935013,0.04307546490701859,0.0004112777444511098
209	3259808612	5000.0	0.001	0.000132	0.462177	0.8412093581283743,0.1369360127974405,0.021756768646270744,9.694061187762447e-05,9.198160367926415e-07
214	3681655669	5000.0	0.001	0.000132	0.097645	0.9103267346530693,0.08876204759048191,0.0009078984203159368,3.319336132773445e-06
232	1688839104	5000.0	0.001	0.000132	-0.971953	0.4320336332733453,0.47540407918416316,0.08961027794441112,0.0029378524295140974,1.4157168566286743e-05
221	2519952280	5000.0	0.001	0.000132	-0.051129	0.9494508698260348,0.05002215556888622,0.0005267346530693862,2.399520095980804e-07
222	3976678296	5000.0	0.001	0.000132	-0.061852	0.9463349330133973,0.05149850029994001,0.0021659268146370725,6.39872025594881e-07
223	161231768	5000.0	0.001	0.000132	0.009278	0.9492764647070586,0.05048302339532094,0.0002402719456108778,2.399520095980804e-07
216	1497609089	5000.0	0.001	0.000132	-0.403672	0.6934929414117177,0.2976767446510698,0.008559528094381123,0.00027026594681063787,5.198960207958409e-07
228	3106808762	5000.0	0.001	0.000132	-0.193438	0.9177905218956208,0.07399336132773446,0.008181763647270546,3.435312937412518e-05
215	753124222	5000.0	0.001	0.000132	0.036973	0.9433782043591282,0.05490865826834633,0.0017119376124775044,1.199760047990402e-06
231	1469027264	5000.0	0.001	0.000132	-0.689748	0.73884675064987,0.2530821035792841,0.007749890021995601,0.00032125574885023
218	3101137811	5000.0	0.001	0.000132	-0.189277	0.8801853629274146,0.11754757048590282,0.002263107378524295,3.959208158368327e-06
220	3258954646	5000.0	0.001	0.000132	-0.507725	0.8421474905018996,0.13894677064587083,0.018687062587482504,0.0002186762647470506
217	919067535	5000.0	0.001	0.000132	-0.148130	0.8446062787442512,0.13870793841231754,0.01661367726454709,7.210557888422315e-05
219	2719521685	5000.0	0.001	0.000132	0.259140	0.8250350329934013,0.1670139572085583,0.007943371325734853,7.638472305538892e-06
227	3416597428	5000.0	0.001	0.000132	-0.118497	0.8756133973205359,0.10997272545490902,0.013355808838232354,0.0010578284343131373,2.399520095980804e-07
224	2052561820	5000.0	0.001	0.000132	-0.178371	0.9550131573685263,0.04430113977204559,0.0006853029394121176,3.9992001599680065e-07
226	3495664554	5000.0	0.001	0.000132	0.206160	0.8625090581883623,0.13321375724855028,0.004224475104979004,5.1629674065186965e-05,1.0797840431913617e-06
230	2504375228	5000.0	0.001	0.000132	0.015785	0.8661809638072385,0.11236724655068986,0.02008250349930014,0.001368646270745851,6.39872025594881e-07
229	2884670395	5000.0	0.001	0.000132	0.232590	0.889047950409918,0.09897324535092981,0.011905538892221556,7.326534693061387e-05
225	351972262	5000.0	0.001	0.000132	-0.050289	0.882368326334733,0.10483863227354528,0.0105750049990002,0.002217636472705459,3.9992001599680065e-07
233	1111829460	5000.0	0.001	0.000132	-0.164954	0.9071086182763447,0.08289638072385523,0.009974285142971405,2.0715856828634272e-05
235	2488482778	5000.0	0.001	0.000132	-0.060454	0.9472881023795241,0.05182803439312138,0.0008815836832633473,2.279544091181764e-06
248	1147833339	5000.0	0.001	0.000132	-0.564782	0.8269635272945411,0.16076664667066587,0.01193509298140372,0.0003346130773845231,1.199760047990402e-07
250	1841366021	5000.0	0.001	0.000132	-0.660425	0.6769002199560088,0.28753133373325335,0.0351747650469906,0.00039348130373925217,1.9996000799840033e-07
238	2445114336	5000.0	0.001	0.000132	-0.079884	0.8744080783843231,0.12439676064787042,0.0011940411917616476,1.1197760447910417e-06
252	1229913110	5000.0	0.001	0.000132	-0.167908	0.8883374925014997,0.10913633273345331,0.0025244951009798042,1.6796640671865626e-06
243	836604906	5000.0	0.001	0.000132	-0.355159	0.8396002399520096,0.13009242151569686,0.030236872625474906,6.886622675464908e-05,1.5996800639872026e-06
237	3431476190	5000.0	0.001	0.000132	-0.308375	0.8391596880623875,0.15472217556488702,0.006053589282143571,6.454709058188362e-05
251	918211600	5000.0	0.001	0.000132	0.178817	0.9023976804639072,0.09602699460107979,0.0015610477904419117,1.4277144571085782e-05
244	1375407085	5000.0	0.001	0.000132	-0.039577	0.9114513097380524,0.08616508698260347,0.0023700459908018398,1.3557288542291542e-05
247	2285700087	5000.0	0.001	0.000132	-0.671818	0.841860947810438,0.14810949810037993,0.0054669466106778645,0.004540971805638872,2.1635672865426915e-05
236	1881871324	5000.0	0.001	0.000132	0.501974	0.8885908818236353,0.09883795240951809,0.008535972805438913,0.004020315936812638,1.4877024595080984e-05
241	1174627303	5000.0	0.001	0.000132	-0.022290	0.9090952209558089,0.07130949810037993,0.01628846230753849,0.0033048190361927615,1.999600079984003e-06
240	116472806	5000.0	0.001	0.000132	0.230383	0.8784604279144171,0.1162372325534893,0.005256468706258748,4.5830833833233356e-05,3.9992001599680065e-08
246	3067393006	5000.0	0.001	0.000132	-0.034799	0.7921145770845831,0.19598188362327534,0.01124007198560288,0.0006633873225354929,7.998400319936013e-08
239	1898748900	5000.0	0.001	0.000132	-0.197536	0.8203489302139572,0.14497632473505298,0.03426526694661068,0.00040935812837432513,1.199760047990402e-07
242	3379387366	5000.0	0.001	0.000132	-0.015870	0.8664060787842431,0.1323868426314737,0.0012069586082783443,1.199760047990402e-07
245	1062235118	5000.0	0.001	0.000132	-0.216875	0.9022233953209358,0.09326694661067786,0.00439376124775045,0.00011589682063587283
249	451156990	5000.0	0.001	0.000132	0.326213	0.8773640071985603,0.11943991201759648,0.0031944411117776446,1.6396720655868826e-06
253	2326631447	5000.0	0.001	0.000132	-0.073473	0.9512321135772845,0.047417236552689465,0.0013505298940211957,1.199760047990402e-07
254	2955944989	5000.0	0.001	0.000132	-0.130109	0.9372775444911018,0.06229514097180564,0.00042719456108778245,1.199760047990402e-07
255	4269747231	5000.0	0.001	0.000132	-0.210356	0.9323485302939412,0.06234893021395721,0.0053005798840231955,1.959608078384323e-06
234	41059284	5000.0	0.001	0.000132	-0.536112	0.6144841431713657,0.3608959408118376,0.02453533293341332,8.370325934813037e-05,8.798240351929614e-07
266	3906892882	5000.0	0.001	0.000132	-0.126383	0.9521718856228755,0.04721963607278544,0.0005620075984803039,4.6470705858828236e-05
260	3186455612	5000.0	0.001	0.000132	0.092997	0.8948215556888622,0.09655832833433313,0.008601759648070386,1.835632873425315e-05
261	732105790	5000.0	0.001	0.000132	-0.140662	0.8867440911817637,0.09741855628874226,0.015055868826234753,0.0007793241351729655,2.1595680863827235e-06
258	4142638130	5000.0	0.001	0.000132	0.815122	0.6319293741251749,0.3578874225154969,0.010160167966406718,2.3035392921415716e-05
257	3591361579	5000.0	0.001	0.000132	-0.027628	0.9116111177764447,0.0726128374325135,0.015345170965806839,0.00043083383323335334,3.9992001599680065e-08
265	1180568654	5000.0	0.001	0.000132	-0.097242	0.8958529094181163,0.10012809438112377,0.0039800439912017595,3.895220955808838e-05
262	1026774081	5000.0	0.001	0.000132	-0.045111	0.916878224355129,0.07793873225354929,0.005156968606278744,2.6074785042991403e-05
256	316261407	5000.0	0.001	0.000132	-0.036379	0.9272139572085583,0.0682876224755049,0.004495540891821636,2.8794241151769645e-06
264	3661425740	5000.0	0.001	0.000132	0.148438	0.8950282343531294,0.09860251949610079,0.0062455908818236355,0.00012365526894621076
259	1819044923	5000.0	0.001	0.000132	0.029122	0.9061082183563287,0.09267810437912417,0.0012125974805038992,1.0797840431913617e-06
263	243330121	5000.0	0.001	0.000132	0.262559	0.857683823235353,0.12975524895020996,0.012427914417116577,0.0001330133973205359
267	2027656284	5000.0	0.001	0.000132	0.051237	0.8131219356128774,0.16935276944611077,0.017426674665066987,9.862027594481104e-05
269	3297342563	5000.0	0.001	0.000132	0.069167	0.9038423915216957,0.08848922215556888,0.0075905218956208755,7.7624475104979e-05,2.399520095980804e-07
276	3535328376	5000.0	0.001	0.000132	0.066376	0.9329180163967207,0.06191905618876225,0.004475624875024995,0.000686622675464907,6.798640271945611e-07
268	21382238	5000.0	0.001	0.000132	0.258715	0.8661710857828434,0.1260016396720656,0.005593321335732853,0.002233633273345331,3.199360127974405e-07
272	4215764077	5000.0	0.001	0.000132	-0.102359	0.9085674065186963,0.08908606278744251,0.0023461707658468307,3.5992801439712056e-07
271	76004457	5000.0	0.001	0.000132	-0.076068	0.8428919016196761,0.15228530293941211,0.004796040791841632,2.6754649070185963e-05
277	243367038	5000.0	0.001	0.000132	0.623262	0.8452936212757448,0.14898980203959208,0.005550529894021196,0.0001652869426114777,7.598480303939212e-07
273	275561587	5000.0	0.001	0.000132	-0.018415	0.9026287542491501,0.09307850429914018,0.004288702259548091,4.039192161567687e-06
270	1568978023	5000.0	0.001	0.000132	-0.188148	0.8460086382723455,0.14582839432113578,0.008158128374325136,4.839032193561288e-06
274	2608342131	5000.0	0.001	0.000132	-0.092407	0.9266861427714457,0.0649126574685063,0.008373005398920216,2.8194361127774445e-05
275	3554169973	5000.0	0.001	0.000132	0.046491	0.9550321135772846,0.04477684463107379,0.00019100179964007198,3.9992001599680065e-08
278	1174152321	5000.0	0.001	0.000132	0.121279	0.8225646470705859,0.1706125574885023,0.006757168566286742,6.562687462507499e-05
283	2197968025	5000.0	0.001	0.000132	-0.304997	0.8802576284743051,0.11268102379524095,0.006969806038792241,9.150169966006799e-05,3.9992001599680065e-08
284	3049065626	5000.0	0.001	0.000132	-0.114185	0.9347818036392721,0.06010193961207758,0.005111097780443911,5.158968206358728e-06
279	1894833287	5000.0	0.001	0.000132	-0.221084	0.6338876224755049,0.31963579284143173,0.0453497700459908,0.0011264547090581883,3.5992801439712056e-07
286	1785926832	5000.0	0.001	0.000132	0.187135	0.9220790641871626,0.07089666066786643,0.007017676464707059,6.598680263947211e-06
281	4268625043	5000.0	0.001	0.000132	0.177746	0.8870161567686463,0.10733089382123576,0.005651629674065187,1.319736052789442e-06
282	12391572	5000.0	0.001	0.000132	0.011317	0.5118083183363328,0.4438081983603279,0.04391637672465507,0.0004670265946810638,7.998400319936013e-08
285	559449256	5000.0	0.001	0.000132	-0.207159	0.89719900019996,0.09454237152569486,0.007927774445110978,0.00033085382923415317
280	1871402129	5000.0	0.001	0.000132	0.031220	0.7286909418116376,0.2597618476304739,0.011357248550289942,0.0001899620075984803
287	3634752693	5000.0	0.001	0.000132	-0.280100	0.9332631073785242,0.06088622275544891,0.005827874425114977,2.2795440911817637e-05
294	3079976136	5000.0	0.001	0.000132	0.049150	0.8657703259348131,0.12005250949810038,0.01416508698260348,1.2077584483103379e-05
296	2378149067	5000.0	0.001	0.000132	0.160590	0.9083908018396321,0.07314521095780843,0.015914337132573484,0.0025489702059588084,6.798640271945611e-07
291	4045896901	5000.0	0.001	0.000132	-0.251646	0.8930457908418317,0.10607166566686663,0.0008824635072985403,7.998400319936013e-08
292	3273501893	5000.0	0.001	0.000132	-0.568459	0.8382189962007599,0.15118928214357127,0.010584523095380924,7.198560287942412e-06
289	467489976	5000.0	0.001	0.000132	-0.236282	0.8202575884823036,0.16905534893021396,0.010149370125974805,0.0005376124775044991,7.998400319936013e-08
297	4072076490	5000.0	0.001	0.000132	0.344395	0.7186481103779244,0.25957068586282744,0.021741411717656468,3.9792041591681665e-05
288	994299063	5000.0	0.001	0.000132	0.063417	0.8757066586682664,0.11854009198160367,0.005501739652069586,0.0002509098180363927,5.99880023995201e-07
295	2904151242	5000.0	0.001	0.000132	0.058644	0.8807751649670066,0.11518184363127375,0.003962127574485103,8.078384323135374e-05,7.998400319936013e-08
299	2659775705	5000.0	0.001	0.000132	-0.034468	0.9339242951409719,0.06420419916016797,0.0018679464107178565,3.239352129574085e-06,3.199360127974405e-07
290	3548972227	5000.0	0.001	0.000132	0.233713	0.8686018396320736,0.1273113777244551,0.003590401919616077,7.5984803039392126e-06,0.0004795840831833633,9.198160367926415e-06
298	617192661	5000.0	0.001	0.000132	-0.379973	0.8612715856828634,0.13321711657668467,0.005505218956208758,6.07878424315137e-06
300	3603315934	5000.0	0.001	0.000132	-0.188962	0.8910100779844031,0.10766386722655469,0.001325254949010198,7.998400319936013e-07
301	1477184735	5000.0	0.001	0.000132	0.260878	0.9130441111777644,0.08350357928414318,0.003434913017396521,1.739652069586083e-05
293	1244865734	5000.0	0.001	0.000132	-0.362369	0.8213136972605479,0.15579064187162567,0.00663003399320136,0.015781643671265746,0.00048394321135772844,3.9992001599680065e-08
306	4056747264	5000.0	0.001	0.000132	0.352098	0.9222561087782444,0.07634549090181963,0.0013966006798640273,1.799640071985603e-06
304	4234396908	5000.0	0.001	0.000132	-0.665979	0.8093640071985603,0.18258312337532492,0.00779000199960008,0.00026286742651469706
305	3457963245	5000.0	0.001	0.000132	-0.057636	0.9422573885222956,0.05655620875824835,0.0011840431913617278,2.359528094381124e-06
302	1957815521	5000.0	0.001	0.000132	0.215049	0.8288833833233353,0.16636708658268345,0.004691101779644071,5.842831433713257e-05
303	4001504488	5000.0	0.001	0.000132	-0.057377	0.926473225354929,0.07224627074585083,0.0012798240351929613,6.798640271945611e-07
307	1609854210	5000.0	0.001	0.000132	-0.289744	0.8915668466306739,0.10691505698860228,0.0015084583083383324,9.638072385522896e-06
308	771464452	5000.0	0.001	0.000132	0.017025	0.9188641471705659,0.07841495700859828,0.0027199360127974407,9.598080383923216e-07
309	2453757195	5000.0	0.001	0.000132	0.045051	0.935450549890022,0.05828866226754649,0.005595240951809638,0.0006653469306138772,1.9996000799840033e-07
310	2364755219	5000.0	0.001	0.000132	0.120482	0.9356835432913417,0.0633622075584883,0.0009536092781443712,6.39872025594881e-07
312	1005012258	5000.0	0.001	0.000132	0.395859	0.7871808438312338,0.2033602479504099,0.009379164167166566,7.88242351529694e-05,9.198160367926415e-07
313	1271102763	5000.0	0.001	0.000132	1.506346	0.389223675264947,0.5207005398920216,0.08590649870025995,0.004144051189762047,2.523495300939812e-05
311	731878683	5000.0	0.001	0.000132	-0.245912	0.8653984403119376,0.13292809438112377,0.0016733453309338132,1.199760047990402e-07
314	1947915564	5000.0	0.001	0.000132	-0.644698	0.7730160767846431,0.21340779844031194,0.013565406918616277,1.0717856428714257e-05
315	430843186	5000.0	0.001	0.000132	0.003419	0.9234584683063387,0.07546666666666667,0.0010675064987002599,7.358528294341132e-06
316	2279486772	5000.0	0.001	0.000132	0.655766	0.8518849430113977,0.09868530293941212,0.04567422515496901,0.00032905418916216755,0.0033963607278544292,3.0113977204559087e-05
317	1964023101	5000.0	0.001	0.000132	-1.051254	0.7576516696660668,0.20639380123975204,0.027046390721855627,0.00890497900419916,3.1593681263747252e-06
323	4239328590	5000.0	0.001	0.000132	0.440004	0.8133912817436513,0.17203983203359327,0.014545570885822836,2.331533693261348e-05
324	2562256210	5000.0	0.001	0.000132	0.179815	0.8504306338732254,0.14513349330133973,0.004430153969206159,5.718856228754249e-06
331	1865854304	5000.0	0.001	0.000132	-0.167247	0.9143374925014996,0.061690421915616876,0.023235992801439714,0.0007344131173765247,1.6796640671865626e-06
330	3987305821	5000.0	0.001	0.000132	0.108345	0.7850654669066187,0.20023387322535494,0.014587842431513696,0.00011281743651269746
319	78898496	5000.0	0.001	0.000132	0.030905	0.9205692061587682,0.07882927414517096,0.0005998000399920016,1.6796640671865626e-06,3.9992001599680065e-08
320	2530960705	5000.0	0.001	0.000132	0.354337	0.6351217356528694,0.3498034393121376,0.013289142171565687,0.001781763647270546,3.919216156768646e-06
322	1115626830	5000.0	0.001	0.000132	-0.372061	0.8472147970405919,0.14618288342331534,0.006410117976404719,0.00019128174365126975,9.198160367926415e-07
318	346633534	5000.0	0.001	0.000132	0.002507	0.9535479704059188,0.045571805638872226,0.0006183563287342532,0.00026186762647470506
321	2994273603	5000.0	0.001	0.000132	0.034551	0.9184453909218157,0.07792985402919417,0.002647870425914817,0.0009752849430113977,1.5996800639872026e-06
327	2909848919	5000.0	0.001	0.000132	-0.005696	0.920227474505099,0.050445110977804436,0.029114217156568686,0.00021291741651669667,2.7994401119776043e-07
326	3473669460	5000.0	0.001	0.000132	0.557489	0.8285138172365527,0.1628771045790842,0.008590321935612877,1.875624875024995e-05
325	2100354388	5000.0	0.001	0.000132	-0.287987	0.8715582483503299,0.10672309538092381,0.02152757448510298,0.00019104179164167168,3.9992001599680065e-08
328	2555393369	5000.0	0.001	0.000132	-0.081043	0.9443602079584084,0.0523502099580084,0.0032730653869226154,1.6516696660667867e-05
329	1315812701	5000.0	0.001	0.000132	-0.205289	0.8715145770845831,0.12737164567086584,0.0011121375724855028,1.6396720655868826e-06
332	233391457	5000.0	0.001	0.000132	-0.303511	0.8854981403719256,0.11049410117976405,0.0040050389922015595,2.7194561087782445e-06
334	3766553956	5000.0	0.001	0.000132	-0.193516	0.922283423315337,0.07625242951409718,0.0014593481303739253,4.799040191961608e-06
333	314692961	5000.0	0.001	0.000132	-0.025846	0.916774125174965,0.08082171565686863,0.0023990401919616075,5.118976204759048e-06
336	1336925546	5000.0	0.001	0.000132	0.120205	0.940230473905219,0.05942211557688462,0.000347370525894821,3.9992001599680065e-08
335	2414630245	5000.0	0.001	0.000132	0.093413	0.8664363927214557,0.11434301139772046,0.019134133173365327,8.646270745850829e-05
337	2323142003	5000.0	0.001	0.000132	0.574356	0.8367687662467507,0.16002035592881425,0.003202719456108778,8.158368326334732e-06
348	899978654	5000.0	0.001	0.000132	0.058145	0.9051220155968807,0.08771513697260548,0.0071333333333333335,2.9514097180563888e-05
351	2191596968	5000.0	0.001	0.000132	-0.048511	0.8892499100179964,0.09847722455508898,0.0122251149770046,4.7750449910017995e-05
350	2138906019	5000.0	0.001	0.000132	0.298154	0.5172397920415917,0.45199448110377927,0.02894905018996201,0.001815876824635073,7.998400319936013e-07
338	3471793533	5000.0	0.001	0.000132	-0.054816	0.8338899020195961,0.1351391321735653,0.030494861027794442,0.0004748250349930014,1.279744051189762e-06
344	1166194066	5000.0	0.001	0.000132	-0.562023	0.826006198760248,0.16079612077584482,0.01300875824835033,0.00018892221555688861
339	1016032640	5000.0	0.001	0.000132	-0.352624	0.8228509098180364,0.16509234153169366,0.009759288142371526,0.0022863427314537095,1.1117776444711057e-05
342	2110533006	5000.0	0.001	0.000132	-0.024514	0.9349957608478304,0.06435444911017796,0.000649750049990002,3.9992001599680065e-08
340	1216490884	5000.0	0.001	0.000132	-0.631030	0.7841634473105379,0.1974617076584683,0.018345730853829234,2.9114177164567087e-05
347	3306227100	5000.0	0.001	0.000132	-0.033090	0.888721375724855,0.10053397320535892,0.01065130973805239,9.334133173365327e-05
349	840779166	5000.0	0.001	0.000132	0.119205	0.8296908618276345,0.14473269346130774,0.025141891621675665,0.0004343131373725255,2.399520095980804e-07
346	3116148124	5000.0	0.001	0.000132	0.109842	0.9150387522495501,0.08340443911217757,0.0012291941611677665,0.0003276144771045791
354	4161332653	5000.0	0.001	0.000132	0.067045	0.9167816036792642,0.0828500699860028,0.00036828634273145374,3.9992001599680065e-08
341	4141159822	5000.0	0.001	0.000132	0.063765	0.9351475704859028,0.06407758448310338,0.0007708858228354329,3.959208158368327e-06
353	3665081768	5000.0	0.001	0.000132	0.129319	0.9199401319736052,0.07924539092181564,0.0008144771045790842
343	3844343182	5000.0	0.001	0.000132	-0.011058	0.9459894821035792,0.0527248950209958,0.0012835832833433313,2.039592081583683e-06
352	853917097	5000.0	0.001	0.000132	-0.057455	0.9247807238552289,0.06302163567286542,0.012176684663067386,2.0955808838232355e-05
355	3670801844	5000.0	0.001	0.000132	0.034646	0.9400390321935613,0.05816800639872025,0.0017927214557088582,2.399520095980804e-07
345	627111320	5000.0	0.001	0.000132	0.216665	0.9112263547290542,0.06801047790441912,0.02060871825634873,0.0001544491101779644
356	4150650293	5000.0	0.001	0.000132	0.131042	0.8648401919616077,0.12844519096180765,0.006654269146170766,6.034793041391722e-05
357	344602037	5000.0	0.001	0.000132	-0.049374	0.9342769446110778,0.05928482303539292,0.006416636672665467,2.1595680863827235e-05
358	2032799172	5000.0	0.001	0.000132	-0.087330	0.8086895020995801,0.18679576084783042,0.0044393521295740855,7.534493101379724e-05,3.9992001599680065e-08
359	2503876039	5000.0	0.001	0.000132	-0.065079	0.9535928814237152,0.04600367926414717,0.0004034393121375725
360	1656802764	5000.0	0.001	0.000132	-0.207036	0.8638455508898221,0.13101895620875825,0.00509506098780244,4.0431913617276545e-05
366	1721091568	5000.0	0.001	0.000132	-0.343199	0.8771992801439712,0.11632709458108378,0.006277864427114577,0.0001957608478304339
373	4056565253	5000.0	0.001	0.000132	0.117858	0.8457962807438513,0.15236036792641472,0.0018155168966206758,2.7834433113377324e-05
365	909143519	5000.0	0.001	0.000132	0.048616	0.9237324535092981,0.07564839032193561,0.000619116176764647,3.9992001599680065e-08
362	4216683993	5000.0	0.001	0.000132	0.099435	0.8599875224955009,0.11746502699460108,0.022278944211157767,0.00026810637872425513,3.9992001599680065e-07
368	679405049	5000.0	0.001	0.000132	-0.421448	0.831698300339932,0.1512478304339132,0.01641867626474705,0.0006319936012797441,3.1993601279744052e-06
371	1019334142	5000.0	0.001	0.000132	-0.071456	0.8910843431313737,0.10741815636872626,0.0014963007398520296,1.199760047990402e-06
364	2801919455	5000.0	0.001	0.000132	-0.098833	0.8853838832233554,0.10567938412317536,0.008927054589082184,9.678064387122576e-06
361	3670132179	5000.0	0.001	0.000132	0.049062	0.8842159168166367,0.11389294141171766,0.0018901419716056789,9.998000399920016e-07
369	3209182713	5000.0	0.001	0.000132	0.204942	0.8910607078584283,0.1073120975804839,0.0015696460707858427,5.754849030193961e-05
367	141635063	5000.0	0.001	0.000132	-0.123820	0.7992668266346731,0.17882183563287343,0.021714537092581483,0.00019672065586882624,7.998400319936013e-08
372	2136405507	5000.0	0.001	0.000132	-0.002422	0.9555380923815237,0.04344763047390522,0.0010128374325134974,1.4397120575884822e-06
370	4180237818	5000.0	0.001	0.000132	-0.563298	0.8012803039392121,0.17308958208358327,0.020921815636872624,0.0036980603879224155,0.0010063587282543491,3.879224155168966e-06
377	2926050830	5000.0	0.001	0.000132	0.020663	0.9140403519296141,0.0854749450109978,0.00046606678664267147,1.8636272745450908e-05
374	443753993	5000.0	0.001	0.000132	0.385174	0.8019718856228755,0.1786617876424715,0.015953089382123576,0.003402119576084783,1.1117776444711057e-05
376	1000011278	5000.0	0.001	0.000132	-0.238312	0.9120397520495901,0.08625834833033394,0.0017013397320535893,5.598880223955209e-07
363	3328335322	5000.0	0.001	0.000132	0.126856	0.9042908218356329,0.08734177164567086,0.007907178564287142,0.00045990801839632074,3.199360127974405e-07
375	1694109197	5000.0	0.001	0.000132	-0.106930	0.9392540691861627,0.04623951209758048,0.014284503099380124,0.00021855628874225156,3.359328134373125e-06
384	988352028	5000.0	0.001	0.000132	0.225248	0.8693370125974805,0.12583407318536294,0.0048122375524895025,1.6676664667066585e-05
379	550753815	5000.0	0.001	0.000132	-0.003059	0.937838552289542,0.060969686062787444,0.0011916016796640672,1.5996800639872026e-07
385	3516618274	5000.0	0.001	0.000132	0.569564	0.8884014797040591,0.11090789842031594,0.0006905818836232754,3.9992001599680065e-08
378	4040408594	5000.0	0.001	0.000132	-0.034098	0.8179045390921815,0.1751019396120776,0.006424555088982204,0.0005686062787442511,3.5992801439712056e-07
380	2876638745	5000.0	0.001	0.000132	0.499366	0.7706642671465707,0.21980395920815837,0.009183323335332933,0.0003484503099380124
386	1954567720	5000.0	0.001	0.000132	-0.028305	0.7466970205958808,0.22675308938212357,0.02595504899020196,0.0005942011597680464,6.39872025594881e-07
387	2727429672	5000.0	0.001	0.000132	-0.295974	0.7400287942411518,0.24566850629874026,0.012646550689862028,0.0016555488902219556,5.99880023995201e-07
383	2901427740	5000.0	0.001	0.000132	0.167135	0.8395139772045591,0.13891481703659267,0.020085662867426513,0.0014853029394121175,2.399520095980804e-07
391	3207052855	5000.0	0.001	0.000132	0.317399	0.8537065386922615,0.13338444311137773,0.012340451909618076,0.0005680463907218556,5.198960207958409e-07
381	1839064601	5000.0	0.001	0.000132	0.503438	0.8523730853829234,0.12423955208958208,0.023175244951009796,0.0002108378324335133,1.279744051189762e-06
389	2440203821	5000.0	0.001	0.000132	0.077328	0.8477620875824835,0.13306858628274346,0.019117736452709456,5.158968206358728e-05
390	3246956083	5000.0	0.001	0.000132	0.218395	0.8765220155968806,0.11987026594681063,0.0036040791841631674,3.639272145570886e-06
388	620885544	5000.0	0.001	0.000132	-0.009879	0.9435742451509698,0.055563487302539495,0.0008616276744651069,6.39872025594881e-07
394	3836388935	5000.0	0.001	0.000132	-0.086811	0.903590601879624,0.08540987802439512,0.010900859828034393,9.866026794641071e-05
393	382492217	5000.0	0.001	0.000132	-0.305726	0.8912680663867226,0.10733981203759248,0.0013916816636672666,4.399120175964807e-07
382	3603090971	5000.0	0.001	0.000132	0.271722	0.7220556288742251,0.27096972605478903,0.0069689662067586484,5.678864227154569e-06
396	190346823	5000.0	0.001	0.000132	0.025805	0.9054363127374525,0.09180295940811838,0.002759328134373125,1.3997200559888023e-06
395	1011338824	5000.0	0.001	0.000132	0.042355	0.8684302339532094,0.12943363327334534,0.0020941811637672464,4.195160967806439e-05
392	2419267128	5000.0	0.001	0.000132	0.482052	0.7217881623675265,0.2557996800639872,0.022309738052389522,0.00010241951609678064
398	135312973	5000.0	0.001	0.000132	0.507624	0.685325374925015,0.3023592081583683,0.012269306138772246,4.6110777844431116e-05
399	2214506061	5000.0	0.001	0.000132	-0.223153	0.7988611077784443,0.15426506698660267,0.04558140371925615,0.0012862227554489103,6.19876024795041e-06
403	1088929388	5000.0	0.001	0.000132	0.146874	0.9242321535692861,0.0742259548090382,0.0015375324935012998,4.359128174365127e-06
397	4092698183	5000.0	0.001	0.000132	-0.828525	0.797171525694861,0.19091625674865026,0.011464307138572286,0.00044791041791641674
404	1434132083	5000.0	0.001	0.000132	0.193298	0.8358167166566687,0.1604117576484703,0.0036059588082383524,0.00016552689462107577,3.9992001599680065e-08
400	607655503	5000.0	0.001	0.000132	-0.010505	0.8643945610877825,0.1287378524295141,0.00684747050589882,2.0115976804639073e-05
401	511448670	5000.0	0.001	0.000132	-0.313593	0.8914974605078985,0.10443983203359328,0.0040582683463307335,4.439112177564487e-06
406	681037432	5000.0	0.001	0.000132	-0.056616	0.9353342931413717,0.06233445310937812,0.0023068986202759447,2.435512897420516e-05
402	683286120	5000.0	0.001	0.000132	-0.018420	0.9070229954009198,0.09107094581083783,0.0019057788442311539,2.7994401119776043e-07
408	2076143232	5000.0	0.001	0.000132	-0.098650	0.9371375324935013,0.052056908618276346,0.010769526094781044,3.603279344131174e-05
409	2211563138	5000.0	0.001	0.000132	0.203219	0.9224763447310538,0.07337968406318736,0.004135132973405319,8.838232353529294e-06
412	667178629	5000.0	0.001	0.000132	0.216136	0.9154695460907818,0.07527866426714656,0.00912113577284543,0.00013053389322135572,1.199760047990402e-07
413	4238462605	5000.0	0.001	0.000132	-0.169349	0.8623194161167766,0.1292009598080384,0.008079224155168966,0.0004003999200159968
411	501390981	5000.0	0.001	0.000132	-0.154652	0.9425919616076784,0.047073145370925815,0.01013129374125175,0.00020335932813437312,2.399520095980804e-07
414	815050381	5000.0	0.001	0.000132	-0.263575	0.9187215356928614,0.07419900019996001,0.007074745050989802,4.719056188762248e-06
405	3184684661	5000.0	0.001	0.000132	-0.281642	0.8882234753049391,0.10966910617876424,0.0020567886422715458,5.062987402519496e-05
407	3281110651	5000.0	0.001	0.000132	0.284230	0.9377091781643672,0.05454873025394921,0.006192241551689662,0.0015498100379924015,3.9992001599680065e-08
410	4104625796	5000.0	0.001	0.000132	0.353726	0.8772845830833833,0.11906702659468106,0.003645510897820436,2.8794241151769645e-06
415	3366538895	5000.0	0.001	0.000132	0.137635	0.9034171565686863,0.0952003199360128,0.0013820435912817437,4.799040191961608e-07
416	2287355536	5000.0	0.001	0.000132	-0.119894	0.9180607078584283,0.07679556088782244,0.005136572685462908,7.1585682863427314e-06
418	3597108903	5000.0	0.001	0.000132	-0.278801	0.8450121175764848,0.14374805038992203,0.011218116376724655,2.1355728854229156e-05,3.5992801439712056e-07
419	3778944682	5000.0	0.001	0.000132	-0.249684	0.623129774045191,0.3445322535492901,0.03170681863627275,0.0005858028394321136,4.535092981403719e-05
421	328199853	5000.0	0.001	0.000132	0.152865	0.8973015796840632,0.09828362327534493,0.004411757648470306,3.039392121575685e-06
420	1470070443	5000.0	0.001	0.000132	-0.069429	0.871301899620076,0.12496056788642272,0.0035524495100979804,0.00018504299140171965,3.9992001599680065e-08
417	672655000	5000.0	0.001	0.000132	0.049019	0.8928461107778445,0.10487110577884423,0.0022814237152569486,1.3597280543891223e-06
424	4121323196	5000.0	0.001	0.000132	0.469690	0.8191507698460307,0.169274825034993,0.010722575484903019,0.0008514297140571886,3.9992001599680065e-07
423	190570168	5000.0	0.001	0.000132	-0.021941	0.8969419716056789,0.10218048390321936,0.0008773045390921816,2.399520095980804e-07
422	1395396277	5000.0	0.001	0.000132	-0.195061	0.8856918616276744,0.11170829834033193,0.002596400719856029,3.4393121375724856e-06
426	232478407	5000.0	0.001	0.000132	0.084178	0.942831073785243,0.05629006198760248,0.00027894421115776845,0.0005974805038992202,2.439512097580484e-06
425	2923679428	5000.0	0.001	0.000132	-0.055665	0.9503375324935013,0.04926930613877224,0.0003931613677264547
427	2007365329	5000.0	0.001	0.000132	-0.092325	0.9275526894621076,0.061152009598080384,0.009763007398520296,0.0010544691061787643,0.0004777844431113777,3.9992001599680065e-08
431	2950350556	5000.0	0.001	0.000132	0.002454	0.9459508098380324,0.052466026794641074,0.00158000399920016,3.1593681263747252e-06
435	415762155	5000.0	0.001	0.000132	-0.239882	0.8211107778444311,0.16549286142771447,0.013363487302539492,3.287342531493701e-05
429	3774463702	5000.0	0.001	0.000132	0.325687	0.8386662267546491,0.15626982603479303,0.005032073585282943,3.187362527494501e-05
432	2791528164	5000.0	0.001	0.000132	0.115057	0.8867013397320536,0.11125290941811637,0.0020441911617676465,1.5596880623875224e-06
428	956763858	5000.0	0.001	0.000132	0.653178	0.7326757448510298,0.24626118776244751,0.0206250349930014,0.00043519296140771845,2.8394321135772845e-06
434	2429157098	5000.0	0.001	0.000132	0.663456	0.8655258148370326,0.12035940811837632,0.013765806838632273,0.00034897020595880826
436	4042532588	5000.0	0.001	0.000132	0.890415	0.7153093781243751,0.2611482103579284,0.023234553089382125,0.0003077784443111378,7.998400319936013e-08
433	2081337061	5000.0	0.001	0.000132	-0.172056	0.8297605678864227,0.12780335932813439,0.041909058188362325,0.0005270145970805839
430	2661199577	5000.0	0.001	0.000132	-0.359924	0.8674948210357929,0.1281390921815637,0.003081983603279344,0.001276144771045791,7.958408318336332e-06
438	3499403001	5000.0	0.001	0.000132	-0.023827	0.9193618076384723,0.077301299740052,0.003171405718856229,0.0001654869026194761
439	1343672063	5000.0	0.001	0.000132	0.187448	0.9106055588882224,0.08678156368726254,0.0025969206158768248,1.5956808638272344e-05
441	4127659788	5000.0	0.001	0.000132	0.009076	0.8072837832433514,0.18329530093981203,0.009275624875024995,0.00014529094181163767
437	3684214515	5000.0	0.001	0.000132	0.071200	0.8529297340531894,0.14071861627674465,0.006340291941611678,1.1357728454309138e-05
443	2954723085	5000.0	0.001	0.000132	-0.431020	0.7547467306538692,0.24012361527694462,0.005128574285142971,1.0797840431913617e-06
444	2645204751	5000.0	0.001	0.000132	0.205687	0.9446285542891422,0.04985914817036593,0.003640871825634873,0.0014540291941611677,0.00041739652069586083
440	142124809	5000.0	0.001	0.000132	-0.370660	0.6266721855628874,0.3603246950609878,0.012970765846830634,3.235352929414117e-05
442	316874509	5000.0	0.001	0.000132	-0.000821	0.9483473305338932,0.047717776444711056,0.003918816236752649,1.6076784643071386e-05
445	2929403670	5000.0	0.001	0.000132	0.283957	0.8899509698060388,0.10703635272945411,0.002974525094981004,3.815236952609478e-05
446	1240737562	5000.0	0.001	0.000132	0.697837	0.6183699660067986,0.35966486702659467,0.01733249350129974,0.004631553689262147,1.1197760447910417e-06
447	3682182941	5000.0	0.001	0.000132	-0.067293	0.8844298740251949,0.09754253149370126,0.01653897220555889,0.0009936812637472506,0.0004949410117976405
460	4080887634	5000.0	0.001	0.000132	0.015684	0.9207694461107778,0.0663505298940212,0.012761767646470705,0.00011825634873025394
448	2276278049	5000.0	0.001	0.000132	0.056151	0.9364818636272746,0.061409598080383924,0.0021056988602279544,2.8394321135772845e-06
453	3496785718	5000.0	0.001	0.000132	0.036746	0.9193623275344931,0.07683567286542692,0.003800479904019196,1.5196960607878424e-06
451	128659246	5000.0	0.001	0.000132	0.089646	0.9269120175964807,0.07002719456108779,0.00304879024195161,1.199760047990402e-05
449	262643490	5000.0	0.001	0.000132	-0.215265	0.8149082583483304,0.1719387722455509,0.011777004599080184,0.001372005598880224,3.959208158368327e-06
452	1306101557	5000.0	0.001	0.000132	-0.454228	0.8340379924015197,0.16050389922015598,0.005319456108778244,0.00013865226954609078
455	1301774138	5000.0	0.001	0.000132	-0.042792	0.8781100179964008,0.11165894821035793,0.010203039392121575,2.7994401119776046e-05
457	1008584520	5000.0	0.001	0.000132	0.020179	0.9092912217556489,0.08946858628274346,0.0012147970405918815,2.539492101579684e-05
458	2257588044	5000.0	0.001	0.000132	-0.485118	0.65685774845031,0.327377924415117,0.01367770445910818,0.0020838232353529293,2.7994401119776045e-06
454	4074479415	5000.0	0.001	0.000132	-0.271156	0.8476742651469706,0.14190297940411917,0.010017716456708658,0.00040503899220155966
450	2900338471	5000.0	0.001	0.000132	0.103260	0.8233108178364327,0.17157112577484504,0.005099100179964007,1.895620875824835e-05
461	1851909974	5000.0	0.001	0.000132	0.234884	0.8871999200159968,0.11032241551689662,0.0024749850029994,2.679464107178564e-06
456	2101872447	5000.0	0.001	0.000132	0.441177	0.7546991801639672,0.24196684663067386,0.003328654269146171,5.318936212757449e-06
459	3792363341	5000.0	0.001	0.000132	0.288129	0.9124179164167167,0.08435956808638273,0.0031859228154369128,3.659268146370726e-05
464	3753041767	5000.0	0.001	0.000132	0.043076	0.8906464307138572,0.08248046390721855,0.01828614277144571,0.006143451309738052,0.0023718456308738254,7.166566686662667e-05
463	231937889	5000.0	0.001	0.000132	-0.105562	0.8490946210757848,0.1472627074585083,0.0036378324335132974,4.839032193561288e-06
465	4035061608	5000.0	0.001	0.000132	-0.144010	0.8724385122975405,0.12488358328334333,0.0025829234153169366,9.486102779444112e-05,1.199760047990402e-07
467	1908250473	5000.0	0.001	0.000132	0.126988	0.9404319536092781,0.057834553089382124,0.0017328134373125375,6.798640271945611e-07
466	3200495465	5000.0	0.001	0.000132	-0.306250	0.8660749050189962,0.12369234153169366,0.010225674865026995,7.0785842831433715e-06
462	4154238811	5000.0	0.001	0.000132	-0.100892	0.9140725454909018,0.07802119576084783,0.0077650469906018794,0.00014093181363727256,2.7994401119776043e-07
468	2807025523	5000.0	0.001	0.000132	0.097103	0.8695704059188163,0.12880923815236953,0.0016023995200959808,1.7956408718256348e-05
469	2198497150	5000.0	0.001	0.000132	0.116297	0.9024323535292942,0.0937875224955009,0.0037624475104979004,1.767646470705859e-05
470	69748610	5000.0	0.001	0.000132	-0.070669	0.8437203359328135,0.1454241151769646,0.010768166366726655,8.738252349530094e-05
475	1441959838	5000.0	0.001	0.000132	0.295305	0.861807798440312,0.134474225154969,0.003706378724255149,1.1597680463907219e-05
473	1069524890	5000.0	0.001	0.000132	-0.808258	0.8779102579484103,0.09081635672865426,0.010224835032993401,0.02079592081583683,0.0002409518096380724,1.1677664467106578e-05
472	1386327958	5000.0	0.001	0.000132	0.012533	0.9118749850029993,0.07934193161367727,0.008750729854029193,3.235352929414117e-05
471	1151414154	5000.0	0.001	0.000132	-0.032472	0.9485852429514097,0.04924611077784443,0.0021294541091781646,3.919216156768646e-05
474	882515869	5000.0	0.001	0.000132	0.414228	0.836099100179964,0.15870297940411918,0.005190881823635273,7.038592281543691e-06
476	3703574431	5000.0	0.001	0.000132	-0.540476	0.8457634473105379,0.14817360527894421,0.006058828234353129,4.119176164767047e-06
478	3870111653	5000.0	0.001	0.000132	-0.003359	0.8956690261947611,0.09905606878624275,0.005269666066786642,5.238952209558089e-06
481	255338417	5000.0	0.001	0.000132	-0.117049	0.8139410917816436,0.17987882423515297,0.006151849630073985,2.8234353129374125e-05
477	3528079267	5000.0	0.001	0.000132	-0.099457	0.9437760447910418,0.049552849430113975,0.006634633073385323,3.647270545890822e-05
480	3408199599	5000.0	0.001	0.000132	0.556960	0.842745650869826,0.14924559088182363,0.00782131573685263,0.00018744251149770046
479	388358061	5000.0	0.001	0.000132	-0.943398	0.7411002199560088,0.22180475904819036,0.036149890021995604,0.0009448910217956409,2.399520095980804e-07
482	3422803890	5000.0	0.001	0.000132	0.152427	0.9399726854629075,0.05278648270345931,0.007203599280143971,3.703259348130374e-05,1.9996000799840033e-07
484	3045093309	5000.0	0.001	0.000132	0.052004	0.9344511897620476,0.06315676864627075,0.0023309338132373523,6.110777844431114e-05
483	451870648	5000.0	0.001	0.000132	-0.162337	0.6908930213957208,0.3040225954809038,0.003438472305538892,0.001190121975604879,0.0004557888422315537
487	171923391	5000.0	0.001	0.000132	0.383135	0.873399600079984,0.12350817836432713,0.0030857828434313135,6.43871225754849e-06
485	1336960958	5000.0	0.001	0.000132	0.082536	0.8835305738852229,0.10732381523695261,0.008964087182563488,0.0001815236952609478
486	3476309951	5000.0	0.001	0.000132	-0.393652	0.8397152569486103,0.15632273545290942,0.003955288942211557,6.71865626874625e-06
488	2704969668	5000.0	0.001	0.000132	-0.261642	0.8440379524095181,0.14347078584283143,0.012159368126374725,0.0003232153569286143,8.118376324735054e-06,5.598880223955209e-07
489	1008474052	5000.0	0.001	0.000132	-0.365040	0.7421866826634673,0.19284635072985404,0.03764211157768446,0.02709118176364727,0.00023363327334533093,3.9992001599680065e-08
490	4172928980	5000.0	0.001	0.000132	-0.059150	0.8802741451709658,0.11537156568686263,0.004348210357928414,6.07878424315137e-06
491	3684003797	5000.0	0.001	0.000132	0.035678	0.9034607078584284,0.09367922415516897,0.002829914017196561,3.0153969206158768e-05
493	496164830	5000.0	0.001	0.000132	0.026458	0.9115273345330934,0.0739363727254549,0.014416916616676665,0.000119376124775045
494	406007778	5000.0	0.001	0.000132	-0.003472	0.9399667666466707,0.05715260947810438,0.0028639072185562887,1.6716656668666265e-05
496	3625799654	5000.0	0.001	0.000132	0.140041	0.8959599280143972,0.09592445510897821,0.008082703459308139,3.2913417316536696e-05
498	4107132913	5000.0	0.001	0.000132	-0.133407	0.9160875024995001,0.08269286142771445,0.0012164767046590683,3.1593681263747252e-06
497	2069530599	5000.0	0.001	0.000132	-0.253636	0.8139142571485702,0.18264411117776444,0.003439632073585283,1.999600079984003e-06
492	273842137	5000.0	0.001	0.000132	0.269461	0.8753427714457108,0.12325490901819636,0.0014002799440111977,2.039592081583683e-06
499	3660449787	5000.0	0.001	0.000132	0.037238	0.9407200559888023,0.05713489302139572,0.0021368126374725054,8.238352329534093e-06
495	3273215973	5000.0	0.001	0.000132	0.255113	0.8732725454909018,0.10663639272145571,0.01960779844031194,0.0004830633873225355,1.9996000799840033e-07
