sim_id	seed	popsize	selcoef	mutrate	velocity	profile
7	3870998576	5000.0	0.001	1e-05	-0.022842	0.999548050389922,0.0004517096580683863,2.399520095980804e-07
8	2017935419	5000.0	0.001	1e-05	-0.394767	0.9944939412117576,0.005504819036192762,1.2397520495900819e-06
2	986818571	5000.0	0.001	1e-05	0.694734	0.9497262147570485,0.05015108978204359,0.00012269546090781843
10	3058645059	5000.0	0.001	1e-05	0.009427	0.9994563887222555,0.0005435712857428514,3.9992001599680065e-08
5	3683276833	5000.0	0.001	1e-05	0.547992	0.9948482703459308,0.005151729654069186
9	272130108	5000.0	0.001	1e-05	1.199510	0.9878445110977805,0.012155168966206758,3.199360127974405e-07
3	3166048273	5000.0	0.001	1e-05	-0.060877	0.9941442911417716,0.005842231553689262,1.3477304539092181e-05
11	2056818773	5000.0	0.001	1e-05	-0.036564	0.9971123775244951,0.0028874225154969005,1.9996000799840033e-07
6	1838981158	5000.0	0.001	1e-05	3.114384	0.9673452909418117,0.032622075584883024,3.263347330533893e-05
17	958083164	5000.0	0.001	1e-05	-0.024201	0.9984541091781644,0.0015458908218356328
13	962738262	5000.0	0.001	1e-05	-0.139080	0.9947936412717456,0.0052019596080783844,4.399120175964807e-06
1	376281093	5000.0	0.001	1e-05	0.912246	0.9874121575684863,0.012587722455508899,1.199760047990402e-07
19	659466360	5000.0	0.001	1e-05	0.165089	0.995314977004599,0.004684943011397721,7.998400319936013e-08
4	1909274643	5000.0	0.001	1e-05	0.003335	0.9992517896420716,0.0007482103579284144
18	3467640949	5000.0	0.001	1e-05	0.006524	0.9970947810437912,0.002905138972205559,7.998400319936013e-08
15	1919412310	5000.0	0.001	1e-05	-1.099632	0.9666167566486703,0.03338184363127374,1.3997200559888023e-06
16	3839008858	5000.0	0.001	1e-05	0.270131	0.9905898820235953,0.009409678064387122,4.399120175964807e-07
0	996372485	5000.0	0.001	1e-05	0.429773	0.9933857228554289,0.006613437312537492,8.398320335932813e-07
14	580096088	5000.0	0.001	1e-05	0.731880	0.9896969806038792,0.010302899420115978,1.199760047990402e-07
12	2449127510	5000.0	0.001	1e-05	0.587023	0.9926271945610878,0.007372805438912218
32	3141384376	5000.0	0.001	1e-05	0.024144	0.9984182363527294,0.0015817636472705459
27	4211325090	5000.0	0.001	1e-05	0.074852	0.9959318536292742,0.004063867226554689,4.2791441711657665e-06
26	1013297304	5000.0	0.001	1e-05	-0.081127	0.9987196160767846,0.0012773045390921816,3.079384123175365e-06
33	4025706684	5000.0	0.001	1e-05	0.344848	0.9955830833833234,0.0044169166166766645
28	3182106789	5000.0	0.001	1e-05	4.714928	0.9231413317336533,0.07280267946410718,0.004055828834233153,1.5996800639872026e-07
36	1832741066	5000.0	0.001	1e-05	-0.005775	0.9973849630073985,0.0026150369926014796
35	567544007	5000.0	0.001	1e-05	-0.022764	0.9994646670665867,0.0005353329334133174
31	3390156981	5000.0	0.001	1e-05	-0.184379	0.9926239552089582,0.007376044791041792
30	3235356843	5000.0	0.001	1e-05	0.062520	0.998061947610478,0.0019380523895220956
29	2378012843	5000.0	0.001	1e-05	-0.386714	0.9943279344131174,0.005665866826634673,6.19876024795041e-06
34	1166827710	5000.0	0.001	1e-05	-0.526866	0.9892391121775644,0.009353329334133173,0.0014075584883023395
25	1886556311	5000.0	0.001	1e-05	0.008629	0.9994247950409918,0.0005752049590081983
21	2690553992	5000.0	0.001	1e-05	0.091325	0.9981201759648071,0.0018797840431913617,3.9992001599680065e-08
20	1713934461	5000.0	0.001	1e-05	0.230691	0.9946316336732653,0.005368366326734653
23	462114963	5000.0	0.001	1e-05	0.043566	0.9967322535492902,0.0032675864827034595,1.5996800639872026e-07
24	516147346	5000.0	0.001	1e-05	0.004488	0.9991896020795841,0.0008103979204159168
37	1618268363	5000.0	0.001	1e-05	0.160840	0.9978581083783243,0.002141891621675665
22	692125842	5000.0	0.001	1e-05	0.090566	0.9940871425714857,0.005911537692461508,1.319736052789442e-06
40	2374566105	5000.0	0.001	1e-05	0.231366	0.9939299340131974,0.006067986402719456,2.0795840831833635e-06
38	2449440972	5000.0	0.001	1e-05	0.000096	0.9990468706258748,0.000953129374125175
42	1872423140	5000.0	0.001	1e-05	0.017794	0.9966446310737852,0.003355248950209958,1.199760047990402e-07
43	587077862	5000.0	0.001	1e-05	-0.023078	0.9995714857028595,0.00042851429714057187
41	3627501791	5000.0	0.001	1e-05	0.001638	0.9982973005398921,0.001702379524095181,3.199360127974405e-07
45	1811828972	5000.0	0.001	1e-05	0.944784	0.9830594281143771,0.016939252149570087,1.319736052789442e-06
51	1105168647	5000.0	0.001	1e-05	-1.539369	0.962634673065387,0.03734781043791242,1.7516496700659867e-05
50	1296836869	5000.0	0.001	1e-05	-0.390741	0.9940245150969806,0.005974605078984203,8.798240351929614e-07
44	1359984871	5000.0	0.001	1e-05	-0.540128	0.9847887222555489,0.015211037792441512,2.399520095980804e-07
48	2158448893	5000.0	0.001	1e-05	1.611978	0.9781325334933013,0.02149870025994801,0.0003687662467506499
49	3061264640	5000.0	0.001	1e-05	0.735592	0.9928476304739052,0.007152129574085183,2.399520095980804e-07
47	774775037	5000.0	0.001	1e-05	0.468078	0.9937184163167366,0.006281143771245751,4.399120175964807e-07
39	4251252947	5000.0	0.001	1e-05	0.061512	0.9979324535092982,0.0020675464907018598
46	2126483706	5000.0	0.001	1e-05	0.064958	0.9968659068186363,0.003134013197360528,7.998400319936013e-08
58	3176544538	5000.0	0.001	1e-05	-0.064453	0.9957598080383924,0.004240111977604479,7.998400319936013e-08
62	223295778	5000.0	0.001	1e-05	0.105979	0.9978877024595081,0.0020987002599480104,1.3597280543891222e-05
60	4258474270	5000.0	0.001	1e-05	0.018306	0.9977755648870226,0.0022244351129774046
61	3867670817	5000.0	0.001	1e-05	-0.127087	0.9979349730053989,0.0020650269946010796
66	2179496231	5000.0	0.001	1e-05	-0.000625	0.9993091381723656,0.0006908618276344731
65	73963812	5000.0	0.001	1e-05	1.109327	0.9701961207758448,0.0297875224955009,1.6356728654269145e-05
64	645232933	5000.0	0.001	1e-05	0.012157	0.9981911217756448,0.0018056388722255548,3.239352129574085e-06
67	1632792873	5000.0	0.001	1e-05	-1.395675	0.9821806438712257,0.01781903619276145,3.199360127974405e-07
68	1815013679	5000.0	0.001	1e-05	0.186941	0.9971399720055989,0.00285998800239952,3.9992001599680065e-08
69	1600004400	5000.0	0.001	1e-05	0.011995	0.9993004199160168,0.0006995800839832033
63	2283620644	5000.0	0.001	1e-05	0.824965	0.9882718656268746,0.01172749450109978,6.39872025594881e-07
71	2355798331	5000.0	0.001	1e-05	-2.027024	0.9364475904819036,0.06354569086182764,6.71865626874625e-06
54	698521875	5000.0	0.001	1e-05	-2.232755	0.9604187162567487,0.039574005198960205,7.278544291141772e-06
52	2910929163	5000.0	0.001	1e-05	-0.839232	0.9829678464307139,0.01703111377724455,1.0397920415916818e-06
53	1920848145	5000.0	0.001	1e-05	-1.822016	0.9789972805438912,0.020989522095580884,1.3197360527894422e-05
56	2183719189	5000.0	0.001	1e-05	-0.065582	0.9985915616876625,0.0014084383123375325
72	861436224	5000.0	0.001	1e-05	0.062586	0.9980891821635672,0.0019108178364327134
55	1634228499	5000.0	0.001	1e-05	-0.412957	0.994896100779844,0.005103859228154369,3.9992001599680065e-08
57	822493459	5000.0	0.001	1e-05	-0.083018	0.9990465906818636,0.0009534093181363727
59	2183989532	5000.0	0.001	1e-05	-4.248663	0.9362929814037193,0.06370545890821835,1.5596880623875224e-06
70	3359547705	5000.0	0.001	1e-05	-0.006853	0.9989893621275745,0.0010106378724255149
73	166564169	5000.0	0.001	1e-05	-0.001360	0.9993245350929814,0.0006751049790041992,3.5992801439712056e-07
76	2512771411	5000.0	0.001	1e-05	0.003974	0.9984780643871226,0.0015216556688662267,2.7994401119776043e-07
74	2880397647	5000.0	0.001	1e-05	2.348064	0.9120129974005199,0.08784791041791641,0.00013909218156368726
75	2495013201	5000.0	0.001	1e-05	-0.920626	0.9904299940011998,0.00956992601479704,7.998400319936013e-08
80	825377122	5000.0	0.001	1e-05	-0.148929	0.9974139572085583,0.002586042791441712
79	3657615714	5000.0	0.001	1e-05	-0.183926	0.9957200559888022,0.004274505098980204,5.438912217556489e-06
82	1250369914	5000.0	0.001	1e-05	0.059392	0.9981661667666467,0.001833513297340532,3.199360127974405e-07
77	2033357142	5000.0	0.001	1e-05	-1.785540	0.8952199160167966,0.10338616276744651,0.0013939212157568486
83	3764582783	5000.0	0.001	1e-05	-2.704358	0.9733714457108579,0.026628274345130973,2.7994401119776043e-07
78	3695128918	5000.0	0.001	1e-05	-0.020530	0.9993537292541492,0.0006462707458508299
81	2248767856	5000.0	0.001	1e-05	0.114900	0.9978397920415917,0.00215996800639872,2.399520095980804e-07
88	3644385675	5000.0	0.001	1e-05	0.292261	0.9955380523895221,0.004449070185962807,1.287742451509698e-05
93	2852137376	5000.0	0.001	1e-05	0.496552	0.9912019196160767,0.008791681663667266,6.3987202559488104e-06
91	1159451033	5000.0	0.001	1e-05	-1.879174	0.9625634073185363,0.037432873425314935,3.719256148770246e-06
96	2816553380	5000.0	0.001	1e-05	0.011496	0.9992301939612077,0.0007697660467906419,3.9992001599680065e-08
84	4158378372	5000.0	0.001	1e-05	0.884910	0.9757408918216357,0.02425842831433713,6.798640271945611e-07
97	2664444333	5000.0	0.001	1e-05	-0.025598	0.997798600279944,0.002201399720055989
89	3847149966	5000.0	0.001	1e-05	0.031863	0.9962444711057789,0.003754249150169966,1.279744051189762e-06
95	909629859	5000.0	0.001	1e-05	-0.085176	0.9924690661867627,0.007530453909218156,4.799040191961608e-07
100	2146879930	5000.0	0.001	1e-05	0.004400	0.9993658468306339,0.0006341531693661267
85	2440851845	5000.0	0.001	1e-05	0.023877	0.9981871625674865,0.0018127974405118977,3.9992001599680065e-08
102	2879609274	5000.0	0.001	1e-05	-1.496125	0.9568813837232554,0.043115816836632674,2.7994401119776045e-06
101	3075150266	5000.0	0.001	1e-05	3.037978	0.9596880223955209,0.040297980403919215,1.3997200559888023e-05
99	3146135993	5000.0	0.001	1e-05	0.040268	0.9979998800239952,0.002000119976004799
86	1827457412	5000.0	0.001	1e-05	-1.748451	0.9742809038192362,0.025695660867826434,2.3435312937412517e-05
98	3449469366	5000.0	0.001	1e-05	-0.024774	0.992491301739652,0.007506578684263148,2.1195760847830435e-06
94	3549501857	5000.0	0.001	1e-05	-1.877134	0.9712654669066186,0.028731373725254947,3.1593681263747252e-06
87	1226514823	5000.0	0.001	1e-05	0.198617	0.9974961407718457,0.0025038592281543693
92	2757327258	5000.0	0.001	1e-05	-0.016999	0.9904440311937612,0.009555808838232354,1.5996800639872026e-07
90	2524660115	5000.0	0.001	1e-05	0.389598	0.9888313137372525,0.011167806438712258,8.798240351929614e-07
105	550740415	5000.0	0.001	1e-05	-0.365414	0.9805912017596481,0.01940867826434713,1.199760047990402e-07
103	1237479870	5000.0	0.001	1e-05	-0.025912	0.9990349930013998,0.00096500699860028
104	2406750655	5000.0	0.001	1e-05	0.187330	0.9921756848630274,0.007824115176964607,1.9996000799840033e-07
106	3252605378	5000.0	0.001	1e-05	-0.008051	0.9986427114577084,0.0013572885422915416
109	569432530	5000.0	0.001	1e-05	0.768941	0.9772535092981404,0.02274037192561488,6.11877624475105e-06
111	3226085847	5000.0	0.001	1e-05	-0.092547	0.9948104779044191,0.005189402119576084,1.199760047990402e-07
107	2227012034	5000.0	0.001	1e-05	-0.161069	0.9960924215156969,0.003905498900219956,2.0795840831833635e-06
115	2589186535	5000.0	0.001	1e-05	0.675750	0.9775942811437712,0.022402679464107178,3.039392121575685e-06
112	3541809627	5000.0	0.001	1e-05	-0.022406	0.9957972005598881,0.004202319536092782,4.799040191961608e-07
114	1973983714	5000.0	0.001	1e-05	-0.001554	0.9996825434913017,0.00031745650869826036
119	2853405164	5000.0	0.001	1e-05	0.011686	0.9987720455908818,0.0012279544091181765
116	3894811113	5000.0	0.001	1e-05	-0.495723	0.9884517896420716,0.011545970805838832,2.2395520895820834e-06
118	724070890	5000.0	0.001	1e-05	0.008107	0.9992024395120975,0.0007975604879024195
117	2689618410	5000.0	0.001	1e-05	0.284420	0.9409102179564087,0.059088942211557687,8.398320335932813e-07
124	849209865	5000.0	0.001	1e-05	-0.194513	0.9868125974805039,0.013187122575484904,2.7994401119776043e-07
126	2281277964	5000.0	0.001	1e-05	0.016514	0.9987542091581684,0.0012457908418316336
123	2312622600	5000.0	0.001	1e-05	0.073168	0.9986625074985003,0.0013374925014997
110	2480751061	5000.0	0.001	1e-05	-1.277250	0.9838374725054989,0.016162047590481905,4.799040191961608e-07
113	2243889631	5000.0	0.001	1e-05	1.602417	0.9732814237152569,0.02665738852229554,6.110777844431114e-05,7.998400319936013e-08
127	966482447	5000.0	0.001	1e-05	-0.004154	0.9987364127174565,0.0012635872825434913
108	2741268939	5000.0	0.001	1e-05	-0.026170	0.9950560287942412,0.0049439712057588485
129	656097817	5000.0	0.001	1e-05	-0.255954	0.9970504699060188,0.0029495300939812036
128	3566072342	5000.0	0.001	1e-05	0.686215	0.9924258348330334,0.007574125174965007,3.9992001599680065e-08
130	2521791002	5000.0	0.001	1e-05	0.188093	0.9952824235152969,0.004714897020595881,2.679464107178564e-06
120	1282685441	5000.0	0.001	1e-05	2.197608	0.9314770645870826,0.06841583683263347,0.00010709858028394321
135	3209695785	5000.0	0.001	1e-05	-0.022277	0.9993584883023395,0.0006415116976604679
134	1429389862	5000.0	0.001	1e-05	0.405947	0.9956136772645471,0.00438628274345131,3.9992001599680065e-08
131	2188214813	5000.0	0.001	1e-05	-0.029067	0.9991306138772246,0.0008693461307738452,3.9992001599680065e-08
132	3328133662	5000.0	0.001	1e-05	-1.027790	0.9851846830633874,0.014761847630473906,5.346930613877224e-05
133	2040136225	5000.0	0.001	1e-05	-0.002110	0.9997154569086183,0.00028454309138172364
136	1473088043	5000.0	0.001	1e-05	0.156321	0.9977125774845031,0.002287382523495301,3.9992001599680065e-08
125	3813847563	5000.0	0.001	1e-05	-0.309522	0.9923178564287143,0.007682023595280944,1.199760047990402e-07
121	223355397	5000.0	0.001	1e-05	0.001897	0.999548450309938,0.0004515496900619876
122	2160136711	5000.0	0.001	1e-05	0.081800	0.9985333333333334,0.0014666666666666667
137	3603311148	5000.0	0.001	1e-05	-0.222070	0.9918746650669866,0.008124535092981404,7.998400319936013e-07
142	1913571920	5000.0	0.001	1e-05	0.248015	0.9966852629474106,0.0033145770845830836,1.5996800639872026e-07
144	163103318	5000.0	0.001	1e-05	-0.015884	0.997323175364927,0.0026768246350729855
138	324336178	5000.0	0.001	1e-05	0.009884	0.999341651669666,0.0006583483303339332
145	3258475096	5000.0	0.001	1e-05	1.677743	0.9781769646070786,0.021820555888822236,2.4795040991801638e-06
140	952001082	5000.0	0.001	1e-05	-0.033293	0.9970597880423915,0.0029401319736052788,7.998400319936013e-08
152	2178681449	5000.0	0.001	1e-05	-0.006054	0.9990800239952009,0.0009199760047990402
149	1585762913	5000.0	0.001	1e-05	-0.737938	0.9886998200359928,0.011299260147970405,9.198160367926415e-07
146	3418948187	5000.0	0.001	1e-05	0.040334	0.9985856428714257,0.001414357128574285
150	140466788	5000.0	0.001	1e-05	-0.051584	0.9980394321135773,0.0019605678864227155
148	3504884319	5000.0	0.001	1e-05	-0.734431	0.9879953609278145,0.012003879224155169,7.598480303939212e-07
153	2038909551	5000.0	0.001	1e-05	0.401296	0.9946619476104779,0.005338012397520496,3.9992001599680065e-08
141	4234912333	5000.0	0.001	1e-05	-0.326304	0.9939561687662467,0.00604383123375325
139	2334341687	5000.0	0.001	1e-05	0.007187	0.9889742051589682,0.011025754849030194,3.9992001599680065e-08
151	2014214759	5000.0	0.001	1e-05	-0.342459	0.9957651269746051,0.0042348330333933214,3.9992001599680065e-08
154	3920976497	5000.0	0.001	1e-05	0.146056	0.9968883823235353,0.003111577684463107,3.9992001599680065e-08
157	3737631356	5000.0	0.001	1e-05	-0.344038	0.9910471905618876,0.008910377924415116,4.2431513697260545e-05
147	2885309020	5000.0	0.001	1e-05	-0.205219	0.9973354929014198,0.0026644671065786845,3.9992001599680065e-08
161	2866809481	5000.0	0.001	1e-05	-0.325349	0.9962152769446111,0.0037836432713457308,1.0797840431913617e-06
143	633539152	5000.0	0.001	1e-05	0.035046	0.9991474105178965,0.0008525894821035792
158	98386556	5000.0	0.001	1e-05	-0.045267	0.9956877024595081,0.004312297540491902
159	1684726398	5000.0	0.001	1e-05	0.099049	0.997102699460108,0.002897220555888822,7.998400319936013e-08
160	3089451654	5000.0	0.001	1e-05	0.766394	0.991902299540092,0.00809498100379924,2.7194561087782445e-06
162	3781008017	5000.0	0.001	1e-05	-0.171959	0.9898905418916216,0.010109018196360727,4.399120175964807e-07
155	1190171254	5000.0	0.001	1e-05	0.052048	0.9989023395320936,0.0010976604679064188
156	2604509817	5000.0	0.001	1e-05	0.045097	0.9989378924215156,0.001061627674465107,4.799040191961608e-07
163	1234930326	5000.0	0.001	1e-05	0.009664	0.996449550089982,0.0035296940611877626,2.0755848830233953e-05
168	1534513824	5000.0	0.001	1e-05	0.011270	0.9983178164367127,0.0016821835632873426
167	991589022	5000.0	0.001	1e-05	-0.734226	0.9916903819236152,0.008307898420315938,1.7196560687862428e-06
171	1481099949	5000.0	0.001	1e-05	0.286458	0.9920983403319336,0.007901499700059988,1.5996800639872026e-07
164	1108001430	5000.0	0.001	1e-05	0.002873	0.9983664467106579,0.0016335132973405318,3.9992001599680065e-08
165	3511501468	5000.0	0.001	1e-05	0.040332	0.9991859228154369,0.0008139572085582884,1.199760047990402e-07
172	1041775280	5000.0	0.001	1e-05	-1.604595	0.9791340131973605,0.02086366726654669,2.319536092781444e-06
170	43633315	5000.0	0.001	1e-05	-0.021283	0.9891179764047191,0.009999320135972805,0.0008827034593081384
166	3746579101	5000.0	0.001	1e-05	-0.156568	0.9944499900019996,0.005549770045990802,2.399520095980804e-07
173	4062874288	5000.0	0.001	1e-05	-0.145382	0.996994401119776,0.003005518896220756,7.998400319936013e-08
175	852189876	5000.0	0.001	1e-05	-0.119190	0.9974545090981803,0.002545490901819636
180	3686767304	5000.0	0.001	1e-05	-0.323761	0.9946052389522095,0.005391601679664067,3.1593681263747252e-06
179	2269881031	5000.0	0.001	1e-05	0.238301	0.9897977604479105,0.010191281743651269,1.0957808438312337e-05
178	714861252	5000.0	0.001	1e-05	0.609436	0.958024475104979,0.04185582883423315,0.00011969606078784243
169	1333133984	5000.0	0.001	1e-05	-2.645751	0.9571621675664868,0.042828514297140574,9.318136372725454e-06
185	3263445739	5000.0	0.001	1e-05	0.042386	0.9973297340531894,0.002670265946810638
174	66863795	5000.0	0.001	1e-05	0.041157	0.9986225554889022,0.0013774445110977804
183	276187868	5000.0	0.001	1e-05	-0.100572	0.9958755048990202,0.004124495100979804
177	1930791609	5000.0	0.001	1e-05	1.812331	0.9819612877424515,0.018038112377524496,5.99880023995201e-07
191	480652044	5000.0	0.001	1e-05	0.004498	0.9914981803639272,0.008500099980003999,1.7196560687862428e-06
188	1693541126	5000.0	0.001	1e-05	0.031664	0.9916753049390122,0.008203959208158368,0.00012073585282943411
186	1967878904	5000.0	0.001	1e-05	-0.015536	0.9937303739252149,0.006269626074785043
176	3781245622	5000.0	0.001	1e-05	0.161738	0.9909270545890821,0.009072825434913017,1.199760047990402e-07
187	2376153859	5000.0	0.001	1e-05	0.469083	0.9837524095180964,0.01622239552089582,2.519496100779844e-05
181	3672986311	5000.0	0.001	1e-05	-0.039981	0.9982864627074585,0.0017135372925414917
189	2391440136	5000.0	0.001	1e-05	-0.126201	0.9968745050989802,0.003125494901019796
190	1594106633	5000.0	0.001	1e-05	-0.021197	0.9972709058188363,0.0027290541891621676,3.9992001599680065e-08
184	4097987295	5000.0	0.001	1e-05	0.036371	0.9986779044191162,0.0013220955808838232
193	2268531479	5000.0	0.001	1e-05	-4.529317	0.9265586082783444,0.07342395520895821,1.743651269746051e-05
182	2093429454	5000.0	0.001	1e-05	0.206096	0.9960721055788843,0.003927894421115777
194	1878604570	5000.0	0.001	1e-05	-0.095735	0.9976865426914617,0.0023134573085382922
196	2062340892	5000.0	0.001	1e-05	0.043657	0.9989199360127975,0.0010800639872025595
195	1203884827	5000.0	0.001	1e-05	-0.002310	0.999130773845231,0.0008692261547690462
192	461880087	5000.0	0.001	1e-05	2.811291	0.9458121575684864,0.053799040191961606,0.0003888022395520896
198	2904812323	5000.0	0.001	1e-05	1.981857	0.9790382723455309,0.020961127774445112,5.99880023995201e-07
200	15158076	5000.0	0.001	1e-05	1.469150	0.9759730053989202,0.024026674665066985,3.199360127974405e-07
209	2105318248	5000.0	0.001	1e-05	-0.036331	0.9989065386922615,0.0010934613077384523
208	3842270055	5000.0	0.001	1e-05	0.017590	0.9983117376524695,0.0016882623475304938
206	3947703134	5000.0	0.001	1e-05	-0.108736	0.9982301539692061,0.0017698460307938413
203	2435812167	5000.0	0.001	1e-05	0.001347	0.9913194961007799,0.008680503899220156
210	3576601454	5000.0	0.001	1e-05	0.122846	0.9960628674265147,0.003937092581483703,3.9992001599680065e-08
211	2514496374	5000.0	0.001	1e-05	0.027201	0.9991870025994801,0.000812997400519896
204	4019901277	5000.0	0.001	1e-05	-0.094531	0.9980583483303339,0.0019416516696660667
215	3489891208	5000.0	0.001	1e-05	-0.062609	0.9972003199360128,0.0027996800639872024
197	902437662	5000.0	0.001	1e-05	0.435455	0.9913109778044391,0.008688342331533693,6.798640271945611e-07
213	3941299071	5000.0	0.001	1e-05	2.444522	0.9585230953809238,0.04147630473905219,5.99880023995201e-07
202	1469989701	5000.0	0.001	1e-05	-3.991597	0.9505399720055989,0.04945734853029394,2.679464107178564e-06
214	3036480385	5000.0	0.001	1e-05	-1.181611	0.9807850029994001,0.01921467706458708,3.199360127974405e-07
216	2455073672	5000.0	0.001	1e-05	2.119778	0.9740642671465707,0.025931333733253348,4.399120175964807e-06
199	1101493038	5000.0	0.001	1e-05	0.107777	0.9822547090581883,0.01774153169366127,3.759248150369926e-06
201	1610781504	5000.0	0.001	1e-05	0.325741	0.9954183963207358,0.004581603679264148
205	2217143133	5000.0	0.001	1e-05	-0.521424	0.9897081783643271,0.010291821635672865
218	36137869	5000.0	0.001	1e-05	-0.075929	0.9893900419916016,0.010609038192361527,9.198160367926415e-07
217	3280888716	5000.0	0.001	1e-05	0.009469	0.9959249350129974,0.004075064987002599
207	1860498275	5000.0	0.001	1e-05	0.014915	0.9979061787642471,0.0020938212357528496
220	648307605	5000.0	0.001	1e-05	-0.214816	0.9963598080383923,0.0036401919616076786
219	3300520851	5000.0	0.001	1e-05	0.167128	0.9954904619076185,0.0045094181163767245,1.199760047990402e-07
224	3974679459	5000.0	0.001	1e-05	-0.071419	0.9973719656068786,0.0026277944411117775,2.399520095980804e-07
222	311884704	5000.0	0.001	1e-05	-0.029997	0.9973150569886022,0.0026849430113977204
212	540158841	5000.0	0.001	1e-05	-0.120663	0.9943294941011798,0.005670305938812238,1.9996000799840033e-07
221	3464039326	5000.0	0.001	1e-05	0.528961	0.9924115576884623,0.007588402319536093,3.9992001599680065e-08
223	4258108321	5000.0	0.001	1e-05	-0.010833	0.9970137972405518,0.0029853629274145172,8.398320335932813e-07
226	3351554989	5000.0	0.001	1e-05	0.008619	0.9974212757448511,0.00257872425514897
225	1595126692	5000.0	0.001	1e-05	-6.009064	0.9173193361327735,0.08267822435512898,2.439512097580484e-06
233	2329433032	5000.0	0.001	1e-05	-0.051355	0.9986219156168766,0.0013780843831233754
231	1998326713	5000.0	0.001	1e-05	0.009196	0.9989990401919616,0.0010009598080383923
228	2871622578	5000.0	0.001	1e-05	-0.208676	0.9949555688862227,0.005044111177764447,3.199360127974405e-07
229	193639346	5000.0	0.001	1e-05	-0.625321	0.9907110177964407,0.00928882223555289,1.5996800639872026e-07
230	1710320569	5000.0	0.001	1e-05	0.197172	0.9903153369326135,0.009683983203359328,6.798640271945611e-07
232	274066363	5000.0	0.001	1e-05	0.000352	0.9994434313137373,0.0005564487102579485,1.199760047990402e-07
243	1612665843	5000.0	0.001	1e-05	0.393002	0.9828813437312538,0.01709138172365527,2.7274545090981802e-05
244	1565242356	5000.0	0.001	1e-05	0.073862	0.9985158568286343,0.0014841431713657268
235	4151761872	5000.0	0.001	1e-05	0.096646	0.9951214157168566,0.004878304339132174,2.7994401119776043e-07
240	3767256034	5000.0	0.001	1e-05	-0.236399	0.994683823235353,0.00531617676464707
236	538962905	5000.0	0.001	1e-05	0.189172	0.9951414517096581,0.004855348930213957,3.1993601279744052e-06
246	4132381690	5000.0	0.001	1e-05	0.157234	0.9967881623675265,0.0032112377524495103,5.99880023995201e-07
227	584588209	5000.0	0.001	1e-05	-2.260807	0.9520705058988203,0.047928494301139775,9.998000399920016e-07
245	1926034425	5000.0	0.001	1e-05	0.314425	0.9935630873825235,0.006406758648270346,3.0153969206158768e-05
248	2880476161	5000.0	0.001	1e-05	0.447243	0.9828786642671465,0.017120495900819835,8.398320335932813e-07
237	421342170	5000.0	0.001	1e-05	0.222596	0.9938545090981804,0.006145490901819636
250	930722821	5000.0	0.001	1e-05	-0.136805	0.9971800839832033,0.0028199160167966405
242	1313493996	5000.0	0.001	1e-05	-0.016219	0.994609798040392,0.005390121975604879,7.998400319936013e-08
241	2960253926	5000.0	0.001	1e-05	-0.193593	0.9962211557688462,0.003682903419316137,9.594081183763247e-05
234	317352910	5000.0	0.001	1e-05	-0.343220	0.9904414317136573,0.009558408318336332,1.5996800639872026e-07
249	3814755331	5000.0	0.001	1e-05	-0.164798	0.9966408718256349,0.0033590481903619275,7.998400319936013e-08
247	2713512957	5000.0	0.001	1e-05	-0.009789	0.9982813437312538,0.0017185762847430515,7.998400319936013e-08
239	4129459169	5000.0	0.001	1e-05	2.538576	0.9581296540691862,0.041869346130773845,9.998000399920016e-07
238	4010734555	5000.0	0.001	1e-05	-0.686956	0.9822253949210158,0.017773285342931412,1.319736052789442e-06
251	709536776	5000.0	0.001	1e-05	-0.003953	0.9996188762247551,0.0003805638872225555,5.598880223955209e-07
254	2713109534	5000.0	0.001	1e-05	-0.023716	0.9986881023795241,0.0013118976204759048
253	1218862091	5000.0	0.001	1e-05	0.004604	0.9992845830833833,0.0007154169166166766
255	396803104	5000.0	0.001	1e-05	-0.473704	0.9928496300739852,0.0071458508298340336,4.519096180763847e-06
257	960027682	5000.0	0.001	1e-05	0.462578	0.991910097980404,0.008089782043591282,1.199760047990402e-07
260	1753816112	5000.0	0.001	1e-05	0.072298	0.9958601079784043,0.004139852029594081,3.9992001599680065e-08
261	768316468	5000.0	0.001	1e-05	0.703653	0.9929065786842631,0.0070925814837032594,8.398320335932813e-07
258	3597456421	5000.0	0.001	1e-05	0.251159	0.9961417316536693,0.003858268346330734
256	3978757153	5000.0	0.001	1e-05	0.041940	0.9976409118176365,0.002359088182363527
263	4206971971	5000.0	0.001	1e-05	-0.021776	0.9991709658068386,0.0008290341931613677
267	3438216270	5000.0	0.001	1e-05	-0.028054	0.9993570085982804,0.0006429914017196561
265	4206660679	5000.0	0.001	1e-05	0.077805	0.9980897820435913,0.0019102179564087184
270	3840627806	5000.0	0.001	1e-05	0.761090	0.9877583283343331,0.012238392321535693,3.279344131173765e-06
268	2526164054	5000.0	0.001	1e-05	0.461958	0.9915862027594481,0.008412917416516697,8.798240351929614e-07
269	2748279901	5000.0	0.001	1e-05	0.032355	0.9976482703459308,0.0023517296540691863
273	1507538021	5000.0	0.001	1e-05	0.140988	0.9875445710857829,0.012455148970205958,2.7994401119776043e-07
272	2647866464	5000.0	0.001	1e-05	-0.011263	0.9987834833033393,0.001216516696660668
252	2961980424	5000.0	0.001	1e-05	-6.167428	0.9082496700659868,0.09173117376524695,1.915616876624675e-05
262	2943423555	5000.0	0.001	1e-05	0.024612	0.9993864427114577,0.0006135572885422915
266	359545930	5000.0	0.001	1e-05	-0.002905	0.9995903219356129,0.00040967806438712255
275	1118194799	5000.0	0.001	1e-05	1.526626	0.8867910017996401,0.11302683463307339,0.0001821635672865427
278	3070758009	5000.0	0.001	1e-05	3.499514	0.9536257148570286,0.0458375124975005,0.0005367726454709058
276	317224048	5000.0	0.001	1e-05	0.806326	0.9905839632073585,0.0093748850229954,4.1151769646070786e-05
277	753822839	5000.0	0.001	1e-05	-0.001905	0.9994691461707659,0.0005308538292341532
271	1032645727	5000.0	0.001	1e-05	-0.297738	0.9292583083383323,0.07067010597880424,7.158568286342732e-05
259	3022677031	5000.0	0.001	1e-05	0.664840	0.9665225354929015,0.03345810837832434,1.9356128774245152e-05
279	1723251835	5000.0	0.001	1e-05	-0.095556	0.9963186562687463,0.003681343731253749
264	486741062	5000.0	0.001	1e-05	-0.016977	0.9994987402519496,0.00050125974805039
282	2522838144	5000.0	0.001	1e-05	-0.154376	0.9926115176964607,0.007388082383523295,3.9992001599680065e-07
274	1230740590	5000.0	0.001	1e-05	0.034438	0.9891623675264947,0.010837432513497301,1.9996000799840033e-07
285	402621591	5000.0	0.001	1e-05	0.004301	0.9960924215156969,0.003907378524295141,1.9996000799840033e-07
287	4012287134	5000.0	0.001	1e-05	-0.107526	0.9972473905218956,0.002752409518096381,1.9996000799840033e-07
281	1163248768	5000.0	0.001	1e-05	3.469951	0.9587357328534293,0.041257028594281146,7.238552289542091e-06
284	2554799240	5000.0	0.001	1e-05	0.227289	0.9948769846030794,0.0051225354929014194,4.799040191961608e-07
283	3127274628	5000.0	0.001	1e-05	-0.010613	0.9994415116976605,0.0005584883023395321
292	542674087	5000.0	0.001	1e-05	0.092175	0.99730049990002,0.0026982603479304137,1.2397520495900819e-06
291	1776499878	5000.0	0.001	1e-05	1.335203	0.9740758648270346,0.025923135372925416,9.998000399920016e-07
294	1136008361	5000.0	0.001	1e-05	-0.025908	0.9980589482103579,0.0019410517896420716
295	4161141933	5000.0	0.001	1e-05	0.514846	0.9910527094581084,0.008945770845830835,1.5196960607878424e-06
293	3057898662	5000.0	0.001	1e-05	-0.865159	0.9726610677864427,0.02643287342531494,0.0009060587882423515
280	3693573244	5000.0	0.001	1e-05	-0.012489	0.999239952009598,0.0007570485902819436,2.999400119976005e-06
297	467266737	5000.0	0.001	1e-05	-0.038250	0.9947324135172966,0.005265306938612277,2.279544091181764e-06
286	3478361245	5000.0	0.001	1e-05	0.394975	0.9920254349130174,0.007974485102979404,7.998400319936013e-08
298	363074741	5000.0	0.001	1e-05	-0.000179	0.9835414517096581,0.016456508698260347,2.039592081583683e-06
296	2208404655	5000.0	0.001	1e-05	-0.090020	0.9975686462707458,0.002431353729254149
300	3308240057	5000.0	0.001	1e-05	-0.174397	0.9972488302339532,0.0027502099580083983,9.598080383923216e-07
299	1963400376	5000.0	0.001	1e-05	0.328605	0.9905168566286743,0.009483143371325735
289	3019367587	5000.0	0.001	1e-05	-0.386311	0.9956437112577484,0.00435628874225155
288	3576347805	5000.0	0.001	1e-05	-0.413133	0.9908021195760848,0.009197320535892822,5.598880223955209e-07
306	174312655	5000.0	0.001	1e-05	-4.003155	0.9562161167766446,0.04378276344731054,1.1197760447910417e-06
309	2356348121	5000.0	0.001	1e-05	-0.662743	0.9855258948210358,0.014394601079784044,7.950409918016396e-05
290	1769424036	5000.0	0.001	1e-05	-0.037886	0.9988885022995401,0.001111497700459908
301	765801660	5000.0	0.001	1e-05	-0.022855	0.9874625074985003,0.012536652669466106,8.398320335932813e-07
308	2231971032	5000.0	0.001	1e-05	-0.064927	0.9982275944811038,0.0017722855428914217,1.199760047990402e-07
310	52655322	5000.0	0.001	1e-05	-0.068479	0.9964677864427115,0.0035315336932613475,6.798640271945611e-07
305	1510100174	5000.0	0.001	1e-05	2.798453	0.9485500899820036,0.05144859028194361,1.319736052789442e-06
302	587719879	5000.0	0.001	1e-05	1.006851	0.9868935412917417,0.01310513897220556,1.319736052789442e-06
307	3833162965	5000.0	0.001	1e-05	-0.012845	0.9986723055388922,0.0013276944611077784
313	1144298730	5000.0	0.001	1e-05	0.922590	0.9865418516296741,0.013458028394321135,1.199760047990402e-07
304	3927362764	5000.0	0.001	1e-05	-0.050795	0.9983334933013397,0.001666506698660268
311	3400295652	5000.0	0.001	1e-05	-1.105999	0.9669041391721656,0.03307874425114977,1.7116576684663066e-05
312	2155726055	5000.0	0.001	1e-05	-0.349867	0.9834615876824635,0.016534533093381324,3.879224155168966e-06
315	1719534833	5000.0	0.001	1e-05	-0.059280	0.9961250149970006,0.0038741851629674065,7.998400319936013e-07
303	1315499208	5000.0	0.001	1e-05	-0.127423	0.99420299940012,0.005797000599880024
317	660835578	5000.0	0.001	1e-05	1.121037	0.9821820035992801,0.008012037592481504,0.009804319136172765,1.6396720655868826e-06
316	2224487666	5000.0	0.001	1e-05	-5.277728	0.8459190161967607,0.15387182563487303,0.00020915816836632675
320	2715006213	5000.0	0.001	1e-05	-0.209831	0.997362327534493,0.0026376724655068984
314	1394095342	5000.0	0.001	1e-05	0.129887	0.9973399720055989,0.00265998800239952,3.9992001599680065e-08
325	2110481687	5000.0	0.001	1e-05	0.346497	0.99355224955009,0.006447670465906818,7.998400319936013e-08
318	762918139	5000.0	0.001	1e-05	-0.368709	0.9911453309338132,0.008853869226154769,7.998400319936013e-07
326	2087122206	5000.0	0.001	1e-05	0.069867	0.9981195760847831,0.0018804239152169567
323	2832524558	5000.0	0.001	1e-05	-0.142963	0.9980674665066986,0.0019318536292741452,6.798640271945611e-07
330	639255870	5000.0	0.001	1e-05	0.343034	0.9939237352529494,0.00607622475504899,3.9992001599680065e-08
329	2905806131	5000.0	0.001	1e-05	-0.155998	0.9827846030793841,0.01721527694461108,1.199760047990402e-07
327	2451584300	5000.0	0.001	1e-05	0.044405	0.9900913017396521,0.009908618276344731,7.998400319936013e-08
328	2417964335	5000.0	0.001	1e-05	-1.035858	0.9811196560687863,0.01888022395520896,1.199760047990402e-07
324	807712021	5000.0	0.001	1e-05	-0.025790	0.9983507298540292,0.001649230153969206,3.9992001599680065e-08
321	3489606920	5000.0	0.001	1e-05	0.120248	0.9971415716856629,0.0028557088582283545,2.7194561087782445e-06
331	1562359103	5000.0	0.001	1e-05	1.399163	0.9836908618276344,0.01630733853229354,1.799640071985603e-06
319	281580796	5000.0	0.001	1e-05	2.650056	0.9574021195760848,0.042596520695860826,1.3597280543891223e-06
332	2117369157	5000.0	0.001	1e-05	-0.219931	0.9911610477904419,0.00883891221755649,3.9992001599680065e-08
335	2183198031	5000.0	0.001	1e-05	0.068391	0.9977537692461508,0.002245630873825235,5.99880023995201e-07
333	4166376777	5000.0	0.001	1e-05	-0.287014	0.986147450509898,0.01384875024995001,3.7992401519696063e-06
322	3889011978	5000.0	0.001	1e-05	2.158611	0.9676122375524895,0.032385682863427315,2.0795840831833635e-06
339	1753716077	5000.0	0.001	1e-05	-1.853154	0.9764281143771246,0.023571765646870625,1.199760047990402e-07
336	3491659088	5000.0	0.001	1e-05	0.035576	0.9977506898620276,0.0022493101379724057
346	2389630351	5000.0	0.001	1e-05	-0.010683	0.9995826834633074,0.0004173165366926615
342	3111263610	5000.0	0.001	1e-05	-0.076971	0.9973434113177364,0.0026565886822635474
344	4283581829	5000.0	0.001	1e-05	-0.021942	0.9973600479904019,0.0026399520095980802
343	2097134975	5000.0	0.001	1e-05	0.026750	0.9993176564687063,0.0006823435312937413
345	673596807	5000.0	0.001	1e-05	-0.230319	0.9964265146970606,0.003572645470905819,8.398320335932813e-07
347	2887001497	5000.0	0.001	1e-05	-0.043985	0.9992276344731054,0.000772365526894621
337	631749980	5000.0	0.001	1e-05	-1.015074	0.9862567886422715,0.013743131373725254,7.998400319936013e-08
349	841020826	5000.0	0.001	1e-05	-0.251398	0.9941624475104979,0.0058375124975004996,3.9992001599680065e-08
334	319028554	5000.0	0.001	1e-05	0.254797	0.9933493301339732,0.0066504699060187964,1.9996000799840033e-07
348	945534362	5000.0	0.001	1e-05	0.185658	0.9948292341531694,0.005170205958808238,5.598880223955209e-07
351	4068099485	5000.0	0.001	1e-05	1.027861	0.955689302139572,0.04430741851629674,3.279344131173765e-06
353	3533170080	5000.0	0.001	1e-05	0.104134	0.996567526494701,0.0034321935612877425,2.7994401119776043e-07
338	4281744740	5000.0	0.001	1e-05	0.004315	0.9985084583083383,0.0014915416916616677
340	2352491886	5000.0	0.001	1e-05	0.624745	0.9900505898820235,0.00994873025394921,6.798640271945611e-07
341	2569395572	5000.0	0.001	1e-05	4.753923	0.9384134373125375,0.061575124975005,1.1437712457508499e-05
350	3665911196	5000.0	0.001	1e-05	-0.034865	0.9965419316136772,0.0034579484103179365,1.199760047990402e-07
352	1790993821	5000.0	0.001	1e-05	0.333573	0.980903299340132,0.019091621675664867,5.078984203159368e-06
356	1201640875	5000.0	0.001	1e-05	-0.833863	0.8603644071185763,0.1355985202959408,0.004035112977404519,1.959608078384323e-06
355	4220487083	5000.0	0.001	1e-05	-0.305810	0.989330373925215,0.010669386122775446,2.399520095980804e-07
357	2690006445	5000.0	0.001	1e-05	-0.134103	0.9952613877224555,0.004738612277544491
354	2637557153	5000.0	0.001	1e-05	-0.013732	0.9995540891821636,0.00044591081783643274
361	3647153606	5000.0	0.001	1e-05	-0.080333	0.993828474305139,0.006171525694861028
359	438674877	5000.0	0.001	1e-05	0.045144	0.9973535692861427,0.0026464307138572285
364	1901067730	5000.0	0.001	1e-05	1.378461	0.9864340731853629,0.013563647270545891,2.279544091181764e-06
358	4130915764	5000.0	0.001	1e-05	-0.198115	0.9946745850829835,0.005324095180963807,1.319736052789442e-06
360	1464384962	5000.0	0.001	1e-05	0.017506	0.9986531093781243,0.0013468906218756249
363	3258240459	5000.0	0.001	1e-05	-0.022570	0.999013477304539,0.000986522695460908
362	475655623	5000.0	0.001	1e-05	0.570520	0.9936213557288542,0.006377604479104179,1.0397920415916818e-06
366	2285852115	5000.0	0.001	1e-05	-0.162291	0.9899305338932214,0.010063307338532293,6.15876824635073e-06
367	311848405	5000.0	0.001	1e-05	-0.016595	0.9992507098580284,0.0007477304539092182,1.5596880623875224e-06
372	1403487720	5000.0	0.001	1e-05	-0.141809	0.993978724255149,0.006020995800839832,2.7994401119776043e-07
368	715140565	5000.0	0.001	1e-05	-0.106166	0.9895242551489702,0.010474185162967407,1.5596880623875224e-06
375	1777544686	5000.0	0.001	1e-05	0.328625	0.9956072785442911,0.004392281543691262,4.399120175964807e-07
373	1724108265	5000.0	0.001	1e-05	-0.017898	0.9981776844631074,0.0018223155368926214
365	144997843	5000.0	0.001	1e-05	-0.063977	0.9986002799440112,0.0013997200559888023
374	3803586024	5000.0	0.001	1e-05	-0.025916	0.9992741851629674,0.0007258148370325935
378	1217033718	5000.0	0.001	1e-05	-1.336521	0.9796699860027994,0.020304659068186362,2.535492901419716e-05
371	44951012	5000.0	0.001	1e-05	-0.004504	0.9988413917216556,0.0011585682863427314,3.9992001599680065e-08
369	1956535772	5000.0	0.001	1e-05	0.019680	0.9994762247550489,0.0005237752449510098
370	3015618015	5000.0	0.001	1e-05	-0.081677	0.9977253349330134,0.002274665066986603
376	3525987824	5000.0	0.001	1e-05	1.789780	0.9768756648670266,0.022747250549890023,0.0003770845830833833
385	1507587592	5000.0	0.001	1e-05	1.811612	0.9717937612477504,0.028206078784243152,1.5996800639872026e-07
383	2101411333	5000.0	0.001	1e-05	-0.287593	0.9959309338132374,0.004068946210757848,1.199760047990402e-07
384	727457287	5000.0	0.001	1e-05	-0.991891	0.9873947610477904,0.012604079184163168,1.159768046390722e-06
379	3488767482	5000.0	0.001	1e-05	0.322408	0.9945384123175365,0.005459508098380324,2.0795840831833635e-06
386	4073391625	5000.0	0.001	1e-05	0.034064	0.9956677464507099,0.004331613677264547,6.39872025594881e-07
382	799993344	5000.0	0.001	1e-05	-0.292977	0.9964461907618476,0.0035534093181363727,3.9992001599680065e-07
388	2297619978	5000.0	0.001	1e-05	0.190684	0.9956399520095981,0.00436004799040192
380	1914162685	5000.0	0.001	1e-05	0.414276	0.9945389322135573,0.005461067786442711
381	3520495102	5000.0	0.001	1e-05	0.549902	0.9752366326734653,0.024760527894421114,2.8394321135772845e-06
377	3447150068	5000.0	0.001	1e-05	-0.017830	0.9994399120175965,0.0005600879824035193
387	1715824138	5000.0	0.001	1e-05	-0.049579	0.9986217556488702,0.001378244351129774
390	1708547606	5000.0	0.001	1e-05	-6.859415	0.8506511897620476,0.14902999400119976,0.00031881623675264947
389	1651723797	5000.0	0.001	1e-05	0.312523	0.9872146770645871,0.012784283143371326,1.0397920415916818e-06
392	1682185752	5000.0	0.001	1e-05	0.425804	0.9938193161367727,0.006180683863227354
393	4103822874	5000.0	0.001	1e-05	-0.037605	0.9991200559888023,0.0008799440111977604
397	1488098870	5000.0	0.001	1e-05	-0.164142	0.9905186162767446,0.00948138372325535
398	3701589563	5000.0	0.001	1e-05	0.261959	0.99589950009998,0.004100419916016796,7.998400319936013e-08
399	1125379649	5000.0	0.001	1e-05	-0.073051	0.9963138972205559,0.0036861027794441114
401	2473125452	5000.0	0.001	1e-05	0.757024	0.985203599280144,0.014786602679464108,9.798040391921616e-06
400	270442056	5000.0	0.001	1e-05	0.305857	0.9931445310937812,0.006854789042191562,6.798640271945611e-07
402	883310161	5000.0	0.001	1e-05	-0.088120	0.9979275744851029,0.002072385522895421,3.9992001599680065e-08
405	2117910100	5000.0	0.001	1e-05	0.004031	0.999301699660068,0.0006983003399320136
391	4287311383	5000.0	0.001	1e-05	0.102106	0.9957094181163767,0.004290261947610478,3.199360127974405e-07
404	4149517909	5000.0	0.001	1e-05	-0.031691	0.9977403319336132,0.0022596680663867228
406	3877373527	5000.0	0.001	1e-05	0.017717	0.9987752849430114,0.0012246750649870027,3.9992001599680065e-08
394	1462263327	5000.0	0.001	1e-05	1.256737	0.9848072785442912,0.015103539292141572,8.918216356728655e-05
403	1529773652	5000.0	0.001	1e-05	0.005645	0.9996539092181563,0.00034609078184363125
396	1053562414	5000.0	0.001	1e-05	0.418029	0.9935907218556289,0.006409118176364727,1.5996800639872026e-07
414	1371260550	5000.0	0.001	1e-05	-0.260746	0.996720775844831,0.00327874425114977,4.799040191961608e-07
412	3652359800	5000.0	0.001	1e-05	5.054567	0.8513242551489703,0.14865330933813237,2.2435512897420517e-05
409	4279729770	5000.0	0.001	1e-05	-0.002099	0.9987164567086583,0.0012835432913417316
410	2404580975	5000.0	0.001	1e-05	-1.557280	0.9342805438912217,0.06571609678064387,3.359328134373125e-06
418	4220069530	5000.0	0.001	1e-05	0.311990	0.9935100179964007,0.00648998200359928
415	4143165065	5000.0	0.001	1e-05	-0.793129	0.9911098180363928,0.008890141971605679,3.9992001599680065e-08
395	4070811174	5000.0	0.001	1e-05	-0.034316	0.9983351329734054,0.001664867026594681
411	3561596534	5000.0	0.001	1e-05	0.019075	0.99775524895021,0.002244751049790042
417	1042513561	5000.0	0.001	1e-05	-0.224792	0.9961229354129174,0.0038770645870825834
421	1224984236	5000.0	0.001	1e-05	0.101785	0.9955582883423315,0.004426554689062188,1.5156968606278745e-05
419	3642650274	5000.0	0.001	1e-05	0.038050	0.9990585482903419,0.0009410917816436712,3.5992801439712056e-07
413	471787131	5000.0	0.001	1e-05	0.191906	0.9972699060187963,0.0027300539892021595,3.9992001599680065e-08
407	2527415902	5000.0	0.001	1e-05	0.798465	0.9877069786042791,0.012291381723655268,1.6396720655868826e-06
408	3458463338	5000.0	0.001	1e-05	-0.216846	0.9962097980403919,0.0037888022395520895,1.3997200559888023e-06
422	3054452406	5000.0	0.001	1e-05	0.571106	0.9937355728854229,0.006264267146570686,1.5996800639872026e-07
416	3122550414	5000.0	0.001	1e-05	0.019560	0.9981525294941012,0.0018469106178764247,5.598880223955209e-07
420	3790442155	5000.0	0.001	1e-05	0.019910	0.9982846230753849,0.0017153369326134774,3.9992001599680065e-08
429	3877693131	5000.0	0.001	1e-05	0.196438	0.9961810437912417,0.003806398720255949,1.255748850229954e-05
433	1927409379	5000.0	0.001	1e-05	-0.061960	0.9951517696460708,0.004848230353929214
428	3279472328	5000.0	0.001	1e-05	-0.259972	0.9955782043591281,0.004421555688862227,2.399520095980804e-07
426	2920044223	5000.0	0.001	1e-05	0.370621	0.9930813837232554,0.006918416316736653,1.9996000799840033e-07
434	902743782	5000.0	0.001	1e-05	5.438822	0.8905675264947011,0.10939100179964008,4.147170565886823e-05
427	3941494466	5000.0	0.001	1e-05	2.315044	0.969328774245151,0.030670465906818635,7.598480303939212e-07
431	3418859213	5000.0	0.001	1e-05	0.133193	0.997480223955209,0.002519496100779844,2.7994401119776043e-07
435	3240439527	5000.0	0.001	1e-05	0.007722	0.9979494901019796,0.0020505098980203957
437	1884927724	5000.0	0.001	1e-05	0.257374	0.9895246150769846,0.010475224955008999,1.5996800639872026e-07
423	772841144	5000.0	0.001	1e-05	-0.003347	0.9991856028794242,0.0008143971205758848
432	3954706129	5000.0	0.001	1e-05	0.085494	0.9976077984403119,0.0023922015596880624
425	628405944	5000.0	0.001	1e-05	0.113185	0.997271825634873,0.0027280943811237753,7.998400319936013e-08
430	800532172	5000.0	0.001	1e-05	-2.852937	0.9509527294541091,0.04862151569686063,0.00042575484903019395
424	2430207673	5000.0	0.001	1e-05	-0.009431	0.9970605078984203,0.002939492101579684
440	1540597498	5000.0	0.001	1e-05	-0.022448	0.9994818636272745,0.0005177364527094581,3.9992001599680065e-07
443	1969362693	5000.0	0.001	1e-05	0.041172	0.9991292141571686,0.0008683863227354529,2.399520095980804e-06
444	1530906377	5000.0	0.001	1e-05	-0.001521	0.9995473305338932,0.00045266946610677866
436	2788151018	5000.0	0.001	1e-05	0.635757	0.9930153169366127,0.006984203159368127,4.799040191961608e-07
439	4056999671	5000.0	0.001	1e-05	-0.048525	0.9985785642871425,0.0014214357128574284
438	2346639095	5000.0	0.001	1e-05	-0.038348	0.9988400719856029,0.0011595280943811237,3.9992001599680065e-07
447	4230168349	5000.0	0.001	1e-05	0.006459	0.9991625274945011,0.0008374725054989002
445	14237454	5000.0	0.001	1e-05	0.991364	0.9894061187762447,0.01059380123975205,7.998400319936013e-08
448	2855915295	5000.0	0.001	1e-05	0.009235	0.9991250549890022,0.0008749050189962008,3.9992001599680065e-08
449	4027717414	5000.0	0.001	1e-05	0.199727	0.9972325534893022,0.0027674465106978605
446	2242410266	5000.0	0.001	1e-05	0.084127	0.9981328534293141,0.0018671465706858628
442	3880603392	5000.0	0.001	1e-05	0.006205	0.9990628674265147,0.0009371325734853029
450	3488186168	5000.0	0.001	1e-05	-0.445436	0.9769007398520296,0.023097860427914417,1.3997200559888023e-06
451	1555754811	5000.0	0.001	1e-05	-0.339062	0.9742619876024795,0.025735972805438913,2.039592081583683e-06
456	681549644	5000.0	0.001	1e-05	-0.031200	0.9990961807638472,0.0009036992601479704,1.199760047990402e-07
455	2593079114	5000.0	0.001	1e-05	-1.231681	0.9874444711057788,0.01255512897420516,3.9992001599680065e-07
441	3767478013	5000.0	0.001	1e-05	0.146388	0.9965952809438112,0.0034046790641871624,3.9992001599680065e-08
457	903395149	5000.0	0.001	1e-05	-0.136955	0.9972069186162767,0.002793081383723255
452	3149395771	5000.0	0.001	1e-05	-0.220868	0.9802241551689662,0.019775524895020997,3.199360127974405e-07
458	404535116	5000.0	0.001	1e-05	-0.965375	0.9791332933413317,0.02086602679464107,6.798640271945611e-07
453	2555944771	5000.0	0.001	1e-05	-0.003977	0.9994887822435513,0.0005111377724455109,7.998400319936013e-08
459	3860842321	5000.0	0.001	1e-05	0.068910	0.9984209158168367,0.001579004199160168,7.998400319936013e-08
454	1603225418	5000.0	0.001	1e-05	-0.325800	0.9930505098980204,0.006942131573685263,7.358528294341132e-06
464	1947412333	5000.0	0.001	1e-05	-0.027722	0.9939144571085783,0.006085502899420116,3.9992001599680065e-08
467	885854073	5000.0	0.001	1e-05	-0.015309	0.9884297940411918,0.011566486702659468,3.719256148770246e-06
466	3268980591	5000.0	0.001	1e-05	-0.174882	0.9940919016196761,0.005706458708258348,0.00020163967206558687
470	3879049094	5000.0	0.001	1e-05	0.016712	0.9978654669066187,0.0021342131573685265,3.199360127974405e-07
465	1482168174	5000.0	0.001	1e-05	-0.422557	0.994120575884823,0.005864667066586683,1.4757048590281944e-05
472	731938703	5000.0	0.001	1e-05	0.174406	0.9962454309138172,0.0037544491101779644,1.199760047990402e-07
463	686716774	5000.0	0.001	1e-05	0.078124	0.997506898620276,0.0024931013797240553
471	3806756747	5000.0	0.001	1e-05	4.040508	0.8682020395920815,0.1317617676464707,3.6192761447710455e-05
469	639184771	5000.0	0.001	1e-05	-0.016397	0.9909202159568087,0.009079784043191362
461	4040890207	5000.0	0.001	1e-05	-0.080431	0.9954781843631274,0.004520895820835833,9.198160367926415e-07
474	1556617105	5000.0	0.001	1e-05	0.668049	0.9935278544291142,0.006471865626874625,2.7994401119776043e-07
476	1582321563	5000.0	0.001	1e-05	-0.043213	0.9973316136772645,0.002664867026594681,3.5192961407718455e-06
478	1644670878	5000.0	0.001	1e-05	-0.102391	0.9962457908418316,0.003754089182163567,1.199760047990402e-07
462	1085235040	5000.0	0.001	1e-05	0.035313	0.9992034793041392,0.0007964407118576284,7.998400319936013e-08
468	219455359	5000.0	0.001	1e-05	-0.933477	0.9846640271945611,0.015335172965406919,7.998400319936013e-07
460	1173180250	5000.0	0.001	1e-05	-0.147586	0.9968048790241951,0.003194881023795241,2.399520095980804e-07
473	3183087505	5000.0	0.001	1e-05	-0.245808	0.9234446310737853,0.07651621675664867,3.9152169566086785e-05
480	3063596989	5000.0	0.001	1e-05	0.001271	0.9991728454309138,0.0008271545690861828
481	209768385	5000.0	0.001	1e-05	0.205950	0.9948524695060987,0.005146650669866026,8.798240351929614e-07
482	2031163330	5000.0	0.001	1e-05	0.017504	0.9992691461707659,0.0007308538292341532
486	4027774931	5000.0	0.001	1e-05	0.202130	0.9817680863827235,0.018230273945210956,1.6396720655868826e-06
487	2642825171	5000.0	0.001	1e-05	-0.143832	0.9960070385922816,0.003992881423715257,7.998400319936013e-08
484	553308105	5000.0	0.001	1e-05	0.036058	0.9897986402719456,0.010200519896020796,8.398320335932813e-07
488	1996980185	5000.0	0.001	1e-05	-4.093693	0.949874625074985,0.05012005598880224,5.318936212757449e-06
485	3466862545	5000.0	0.001	1e-05	0.066307	0.9969841231753649,0.003015876824635073
483	1554726849	5000.0	0.001	1e-05	-2.875193	0.905626074785043,0.0943246950609878,4.923015396920616e-05
475	3088510873	5000.0	0.001	1e-05	-0.354787	0.9869684863027395,0.01303131373725255,1.9996000799840033e-07
477	1345165212	5000.0	0.001	1e-05	0.080216	0.9982411917616477,0.0017588082383523296
491	494565341	5000.0	0.001	1e-05	0.336232	0.9955294541091781,0.004470305938812238,2.399520095980804e-07
492	1274738660	5000.0	0.001	1e-05	0.025787	0.9993081783643272,0.0006918216356728654
479	1010196391	5000.0	0.001	1e-05	0.188606	0.9834890221955609,0.016510897820435914,7.998400319936013e-08
490	108560348	5000.0	0.001	1e-05	-0.542260	0.9900570285942811,0.009942771445710858,1.9996000799840033e-07
493	645253095	5000.0	0.001	1e-05	-0.116022	0.9974200759848031,0.002577004599080184,2.9194161167766445e-06
497	2145325037	5000.0	0.001	1e-05	1.361206	0.979171325734853,0.020822875424915017,5.798840231953609e-06
489	2680477658	5000.0	0.001	1e-05	0.040460	0.9987353729254149,0.001264627074585083
495	3284056042	5000.0	0.001	1e-05	-0.175108	0.9971748050389923,0.0028251949610077986
494	2856110058	5000.0	0.001	1e-05	-0.096860	0.9954189562087582,0.0045809638072385524,7.998400319936013e-08
498	725657581	5000.0	0.001	1e-05	0.487860	0.9812610677864427,0.01873889222155569,3.9992001599680065e-08
499	1618456567	5000.0	0.001	1e-05	-1.296191	0.9822729854029194,0.01772645470905819,5.598880223955209e-07
496	451190764	5000.0	0.001	1e-05	0.031031	0.9981604879024195,0.0018394321135772845,7.998400319936013e-08
