sim_id	seed	popsize	selcoef	mutrate	velocity	profile
19	354396241	5000.0	0.001	0.0001275	0.005749	0.9623635272945411,0.0363881623675265,0.0012481903619276145,1.199760047990402e-07
11	227481647	5000.0	0.001	0.0001275	1.521610	0.6044577084583084,0.36997712457508497,0.025483183363327333,8.198360327934413e-05
4	1978458141	5000.0	0.001	0.0001275	-0.188862	0.8632099580083983,0.11363507298540292,0.022955568886222754,0.00019928014397120576,1.199760047990402e-07
12	2896486467	5000.0	0.001	0.0001275	0.288546	0.8712905418916217,0.12216028794241152,0.005982203559288142,0.0005667266546690662,2.399520095980804e-07
18	3366240335	5000.0	0.001	0.0001275	0.198855	0.9180740651869627,0.07444507098580284,0.007259468106378724,0.00019712057588482305,2.42751449710058e-05
5	3635240990	5000.0	0.001	0.0001275	-0.433730	0.7330933413317337,0.24898708258348332,0.016954449110177964,0.0009644471105778844,6.798640271945611e-07
15	3124299850	5000.0	0.001	0.0001275	-0.010926	0.9451856828634273,0.054481743651269746,0.0003325734853029394
9	559667242	5000.0	0.001	0.0001275	0.090126	0.9522595080983803,0.041986802639472104,0.005716336732653469,3.735252949410118e-05
10	847079466	5000.0	0.001	0.0001275	0.308601	0.9022259148170366,0.09399388122375525,0.003507978404319136,0.00027218556288742253,3.9992001599680065e-08
8	4239915050	5000.0	0.001	0.0001275	0.126557	0.9198278744251149,0.07882755448910218,0.0013440911817636473,4.799040191961608e-07
13	3538522180	5000.0	0.001	0.0001275	-0.140440	0.9029060187962408,0.09528198360327934,0.0018064387122575486,5.558888222355529e-06
1	3836307467	5000.0	0.001	0.0001275	-0.175890	0.8554083583283343,0.13191785642871426,0.01265762847430514,1.6156768646270746e-05
7	2173976618	5000.0	0.001	0.0001275	-0.730349	0.7985454909018196,0.1516996200759848,0.045157928414317136,0.004587722455508899,9.238152369526095e-06
0	979546119	5000.0	0.001	0.0001275	0.712761	0.7350101179764047,0.25586146770645873,0.008515416916616676,0.0006129174165166966,7.998400319936013e-08
16	2448832587	5000.0	0.001	0.0001275	-0.259318	0.7806892621475705,0.18586818636272745,0.03267030593881224,0.0007719656068786243,2.7994401119776043e-07
3	3665629211	5000.0	0.001	0.0001275	-0.152213	0.8944130373925215,0.10296548690261947,0.0026147170565886824,6.758648270345931e-06
17	199905354	5000.0	0.001	0.0001275	0.101642	0.9204981403719256,0.07790857828434312,0.0015929214157168567,3.5992801439712056e-07
20	890933330	5000.0	0.001	0.0001275	-0.024763	0.9629683263347331,0.036775124975005,0.00025646870625874825,7.998400319936013e-08
14	2954063942	5000.0	0.001	0.0001275	-0.059186	0.9145560087982404,0.08014513097380524,0.0052933013397320535,5.558888222355529e-06
6	947576865	5000.0	0.001	0.0001275	-0.600981	0.6417390121975605,0.32059248150369923,0.0371125374925015,0.0005558088382323535,1.5996800639872026e-07
2	3385145360	5000.0	0.001	0.0001275	0.229880	0.8831885222955409,0.11043299340131973,0.006376604679064187,1.879624075184963e-06
21	1003542612	5000.0	0.001	0.0001275	-0.260721	0.8975554089182164,0.0994374725054989,0.0024869426114777046,0.0003853629274145171,0.0001348130373925215
22	3113353301	5000.0	0.001	0.0001275	-0.116152	0.874952449510098,0.115650949810038,0.009362927414517096,3.367326534693061e-05
23	2748938333	5000.0	0.001	0.0001275	-0.502994	0.7563485702859428,0.23969338132373524,0.003946170765846831,1.1877624475104978e-05
24	612417630	5000.0	0.001	0.0001275	-0.171388	0.9175548090381923,0.08021823635272946,0.002223995200959808,2.959408118376325e-06
25	1292855392	5000.0	0.001	0.0001275	0.196612	0.8363262147570486,0.1497990801839632,0.013749410117976405,0.00012505498900219957,2.399520095980804e-07
26	2825965664	5000.0	0.001	0.0001275	-0.010274	0.8794803039392122,0.11733541291741652,0.0030137972405518895,0.0001704859028194361
36	4224391303	5000.0	0.001	0.0001275	-0.054566	0.8294246350729854,0.16970821835632874,0.0008671465706858628
37	579072148	5000.0	0.001	0.0001275	0.059509	0.8693863627274545,0.12909734053189362,0.0015138572285542892,2.439512097580484e-06
28	3860746352	5000.0	0.001	0.0001275	-0.234325	0.8932345930813838,0.10466034793041391,0.0021019396120775845,3.119376124775045e-06
30	4090771573	5000.0	0.001	0.0001275	-0.566340	0.8333379324135173,0.164574525094981,0.0020134773045390924,7.406518696260748e-05
31	1912799350	5000.0	0.001	0.0001275	0.621085	0.809646950609878,0.1885857628474305,0.0017656468706258748,1.6396720655868826e-06
40	1237037230	5000.0	0.001	0.0001275	-0.035804	0.960860347930414,0.03664419116176765,0.0024174765046990603,7.798440311937613e-05
32	1080461432	5000.0	0.001	0.0001275	-0.556638	0.8899191361727654,0.10886598680263947,0.0012145570885822834,3.199360127974405e-07
29	1210501234	5000.0	0.001	0.0001275	0.899107	0.6237581683663267,0.36779364127174563,0.008407158568286343,4.103179364127175e-05
27	3060504678	5000.0	0.001	0.0001275	0.498429	0.8532771445710858,0.13822087582483503,0.00817620475904819,0.0003257748450309938
38	3656206495	5000.0	0.001	0.0001275	0.042017	0.9404344331133774,0.05935796840631874,0.00020723855228954209,3.5992801439712056e-07
33	681844859	5000.0	0.001	0.0001275	-0.161012	0.9046618276344731,0.09229426114777045,0.0030394321135772846,4.479104179164167e-06
34	648331393	5000.0	0.001	0.0001275	-0.012527	0.9155938412317537,0.07291741651669666,0.011468306338732253,2.0435912817436513e-05
39	3039602850	5000.0	0.001	0.0001275	0.190228	0.8749644871025795,0.11977128574285142,0.005220755848830234,4.347130573885223e-05
35	2217767043	5000.0	0.001	0.0001275	0.053670	0.5945062187562488,0.3356966606678664,0.06473061387722455,0.004957128574285143,0.00010937812437512498
41	368068783	5000.0	0.001	0.0001275	0.028914	0.918268826234753,0.08093513297340532,0.0007958408318336332,1.9996000799840033e-07
44	2349213879	5000.0	0.001	0.0001275	0.040806	0.9088655068986202,0.08723111377724455,0.0036130373925214957,0.0002898220355928814,5.198960207958409e-07
43	1101621428	5000.0	0.001	0.0001275	0.256836	0.9196330333933214,0.0796369526094781,0.0007282943411317736,1.7196560687862428e-06
42	2648684720	5000.0	0.001	0.0001275	-0.211845	0.9244417116576684,0.07179048190361928,0.0037626474705058986,5.158968206358728e-06
45	3870550203	5000.0	0.001	0.0001275	-0.140552	0.9600615876824635,0.03980403919216157,0.0001331733653269346,1.199760047990402e-06
46	2057525440	5000.0	0.001	0.0001275	0.060558	0.904800599880024,0.0925501699660068,0.0026483103379324135,9.198160367926415e-07
48	874367180	5000.0	0.001	0.0001275	0.562162	0.7645694861027794,0.2189750049990002,0.016011997600479905,0.0004407118576284743,2.7994401119776045e-06
47	3312124097	5000.0	0.001	0.0001275	-0.096102	0.8083039392121576,0.18799024195160968,0.0037001799640071988,5.6388722255548894e-06
57	2765957366	5000.0	0.001	0.0001275	-0.145155	0.9375466906618676,0.06054729054189162,0.0018767046590681864,2.9314137172565486e-05
50	448096464	5000.0	0.001	0.0001275	0.107393	0.9090659868026395,0.07616084783043392,0.014589642071585683,0.0001835232953409318
61	5370113	5000.0	0.001	0.0001275	0.220460	0.9017842431513697,0.09575872825434913,0.0024524295140971805,4.599080183963207e-06
49	26620111	5000.0	0.001	0.0001275	-0.102870	0.8700293541291741,0.12044007198560287,0.009413037392521495,0.0001175364927014597
51	2082762967	5000.0	0.001	0.0001275	0.339751	0.8455034593081384,0.1376494301139772,0.016285582883423317,0.0005614877024595082,3.9992001599680065e-08
55	1090908392	5000.0	0.001	0.0001275	-0.080265	0.8823790441911618,0.11503015396920616,0.0025843231353729255,6.47870425914817e-06
59	4012601599	5000.0	0.001	0.0001275	0.602001	0.8057051389722055,0.1851146570685863,0.0090873825234953,9.282143571285743e-05
52	723691737	5000.0	0.001	0.0001275	0.013233	0.926076624675065,0.07320771845630873,0.0007156168766246751,3.9992001599680065e-08
60	3035470080	5000.0	0.001	0.0001275	0.218840	0.9431392521495701,0.056561927614477106,0.0002988202359528094
56	1231974643	5000.0	0.001	0.0001275	-0.338600	0.7796025594881024,0.20208298340331934,0.01802635472905419,0.00028798240351929615,1.199760047990402e-07
53	3976900829	5000.0	0.001	0.0001275	-0.130413	0.9116655068986202,0.08329554089182163,0.005018876224755049,2.0075984803039393e-05
54	634126558	5000.0	0.001	0.0001275	-0.065805	0.822817476504699,0.17363115376924615,0.0034531093781243753,9.826034793041392e-05
58	564093176	5000.0	0.001	0.0001275	-1.740920	0.4092409118176365,0.49489210157968405,0.04454625074985003,0.0418755448910218,0.008673505298940213,0.00012785442911417716,0.00064375124975005,7.998400319936013e-08
66	3488669965	5000.0	0.001	0.0001275	0.101567	0.8548048790241951,0.13599128174365127,0.009143651269746051,6.01879624075185e-05
62	2572210435	5000.0	0.001	0.0001275	-0.165482	0.9154659068186363,0.08196784643071385,0.0025621675664867028,4.079184163167366e-06
65	511158538	5000.0	0.001	0.0001275	-0.119138	0.8706140371925615,0.12102799440111978,0.008303299340131973,5.466906618676265e-05
64	591042825	5000.0	0.001	0.0001275	0.064214	0.63219100179964,0.3334911817636473,0.031229434113177364,0.0017576884623075385,0.0013297340531893622,9.598080383923216e-07
63	1380561160	5000.0	0.001	0.0001275	0.325070	0.7695979604079184,0.2239619276144771,0.006419036192761448,2.1075784843031393e-05
68	3154678033	5000.0	0.001	0.0001275	0.194737	0.7805314537092581,0.20726602679464107,0.011970685862827435,0.00023155368926214756,2.7994401119776043e-07
67	1327483152	5000.0	0.001	0.0001275	0.488472	0.7992314737052589,0.1889001399720056,0.011240871825634872,0.0006275144971005799
69	3376414995	5000.0	0.001	0.0001275	0.267420	0.9207706858628274,0.07770049990002,0.0015276544691061788,1.159768046390722e-06
70	1906725140	5000.0	0.001	0.0001275	0.026748	0.9441690461907618,0.05424531093781244,0.0015812037592481505,4.439112177564487e-06
72	2794885409	5000.0	0.001	0.0001275	-0.045054	0.9446593881223755,0.055193001399720054,0.00014761047790441911
71	555321622	5000.0	0.001	0.0001275	-0.491955	0.8507142971405719,0.1283370925814837,0.018934533093381323,0.0020119176164767045,2.1595680863827235e-06
73	3077048611	5000.0	0.001	0.0001275	0.065372	0.8584317536492702,0.135100099980004,0.006449470105978804,1.867626474705059e-05
80	3902251319	5000.0	0.001	0.0001275	-0.047874	0.9503314937012598,0.049108058388322336,0.0005598080383923215,6.39872025594881e-07
83	3894090050	5000.0	0.001	0.0001275	0.163333	0.8769190561887622,0.11619240151969606,0.0067042991401719656,0.00018144371125774846,2.7994401119776045e-06
84	586146115	5000.0	0.001	0.0001275	-0.096565	0.9284191561687662,0.07125210957808438,0.00032869426114777044,3.9992001599680065e-08
81	2834168119	5000.0	0.001	0.0001275	-0.513947	0.8716585882823435,0.08678424315136972,0.040209438112377524,0.0013447310537892422,2.999400119976005e-06
75	1495861540	5000.0	0.001	0.0001275	-0.063537	0.9104754649070186,0.08064683063387322,0.008874225154969006,3.4793041391721655e-06
76	2096412967	5000.0	0.001	0.0001275	0.074786	0.8886951809638073,0.09842087582483504,0.011112257548490302,0.0017672865426914617,4.399120175964807e-06
79	1518162223	5000.0	0.001	0.0001275	0.122101	0.8814161967606479,0.11172681463707258,0.00679624075184963,6.074785042991402e-05
85	3514458436	5000.0	0.001	0.0001275	0.023813	0.940174925014997,0.05696832633473305,0.002856628674265147,1.199760047990402e-07
87	3136133464	5000.0	0.001	0.0001275	-0.128021	0.8972369526094781,0.10122871425714856,0.0015309738052389523,3.359328134373125e-06
77	1345270056	5000.0	0.001	0.0001275	0.136861	0.9568148770245951,0.04144683063387323,0.0017365726854629074,1.7196560687862428e-06
74	4066468131	5000.0	0.001	0.0001275	-0.281530	0.9106632673465307,0.08770885822835432,0.001623995200959808,3.879224155168966e-06
82	2162161979	5000.0	0.001	0.0001275	0.010050	0.8974983803239353,0.09652129574085183,0.00594877024595081,3.155368926214757e-05
78	2182521134	5000.0	0.001	0.0001275	-0.328511	0.8837567286542691,0.11118708258348331,0.005044071185762848,1.2117576484703059e-05
86	2142740819	5000.0	0.001	0.0001275	0.038848	0.8285476104779044,0.16637016596680665,0.005072265546890622,9.958008398320336e-06
91	580882780	5000.0	0.001	0.0001275	0.040697	0.9667452109578084,0.03209514097180564,0.0011218556288742252,3.779244151169766e-05
89	925356378	5000.0	0.001	0.0001275	-0.407563	0.7942116776644671,0.19160207958408318,0.013918056388722256,0.000267626474705059,5.598880223955209e-07
98	1510164846	5000.0	0.001	0.0001275	0.216352	0.840997200559888,0.15502187562487502,0.003977204559088183,3.719256148770246e-06
99	3688423791	5000.0	0.001	0.0001275	-0.182506	0.8155790841831634,0.17464623075384922,0.009735692861427715,3.8992201559688064e-05
93	1491026268	5000.0	0.001	0.0001275	0.684813	0.8772270345930814,0.1023633273345331,0.02028014397120576,0.00012949410117976405
101	7924087	5000.0	0.001	0.0001275	0.011890	0.9469029794041192,0.050957128574285145,0.002138892221555689,9.998000399920016e-07
102	2122264952	5000.0	0.001	0.0001275	-0.135148	0.7329386122775445,0.25221791641671665,0.013309098180363927,0.001533373325334933,9.998000399920016e-07
95	3654361448	5000.0	0.001	0.0001275	0.303928	0.9102102379524095,0.08878568286342732,0.001003999200159968,7.998400319936013e-08
92	4215310682	5000.0	0.001	0.0001275	0.264982	0.8888415916816637,0.1068631073785243,0.0039969206158768245,0.00029838032393521296
100	1646094710	5000.0	0.001	0.0001275	0.089442	0.8513018196360728,0.12981279744051188,0.018258468306338732,0.0006267946410717857,1.199760047990402e-07
90	1781533016	5000.0	0.001	0.0001275	-0.802306	0.7892453509298141,0.20311497700459907,0.007630873825234953,8.798240351929614e-06
96	2208219500	5000.0	0.001	0.0001275	-0.337252	0.9207559688062388,0.06155996800639872,0.01721627674465107,0.00046766646670665866,1.199760047990402e-07
88	700660057	5000.0	0.001	0.0001275	-0.139073	0.9258185562887422,0.06799224155168966,0.006188122375524895,1.0797840431913617e-06
97	4284539245	5000.0	0.001	0.0001275	0.034074	0.8691452109578084,0.11707226554689062,0.013687902419516097,9.462107578484303e-05
94	776847717	5000.0	0.001	0.0001275	-0.165051	0.8967983203359328,0.10205630873825235,0.001143011397720456,2.359528094381124e-06
104	3248832904	5000.0	0.001	0.0001275	-0.008804	0.948057548490302,0.05157372525494901,0.00036860627874425115,1.199760047990402e-07
103	2590716289	5000.0	0.001	0.0001275	0.083144	0.8401006198760248,0.14034229154169167,0.019076424715056987,0.00048034393121375725,3.199360127974405e-07
105	1693989258	5000.0	0.001	0.0001275	-0.082205	0.9323254949010198,0.06604303139372125,0.0015351729654069187,9.63007398520296e-05
106	533858702	5000.0	0.001	0.0001275	-0.278156	0.8514266346730653,0.14214489102179564,0.006218956208758248,0.00020951809638072386
107	1037005199	5000.0	0.001	0.0001275	0.218034	0.9064669466106778,0.09159348130373925,0.0013875224955008998,0.0005518496300739852,1.9996000799840033e-07
111	879671703	5000.0	0.001	0.0001275	-0.134952	0.937277624475105,0.061595880823835235,0.001125374925014997,1.1197760447910417e-06
109	1843970450	5000.0	0.001	0.0001275	0.068689	0.9152717456508698,0.083400199960008,0.001274625074985003,5.3429314137172566e-05
108	3272888720	5000.0	0.001	0.0001275	0.315652	0.8369938812237553,0.1353997600479904,0.02509598080383923,0.002502139572085583,8.238352329534093e-06
110	3736263061	5000.0	0.001	0.0001275	0.414439	0.7311776044791042,0.26320699860027996,0.005501459708058388,0.00011389722055588882,3.9992001599680065e-08
112	741523869	5000.0	0.001	0.0001275	0.259034	0.8988894221155769,0.06842707458508299,0.031063587282543492,0.0016139572085582883,5.758848230353929e-06,1.9996000799840033e-07
113	3853064613	5000.0	0.001	0.0001275	-0.109548	0.9080452709458109,0.09092637472505499,0.0010282743451309737,7.998400319936013e-08
114	4213848486	5000.0	0.001	0.0001275	-1.000371	0.7085766046790641,0.2639803639272146,0.023517776444711057,0.00392249550089982,2.7594481103779245e-06
116	2536804785	5000.0	0.001	0.0001275	-0.038248	0.8913124575084983,0.10241003799240152,0.0062711857628474305,6.3187362527494505e-06
118	2341308863	5000.0	0.001	0.0001275	0.242793	0.9120583883223355,0.08445666866626675,0.0034783043391321735,6.63867226554689e-06
115	331164080	5000.0	0.001	0.0001275	0.257192	0.7839858828234353,0.20932957408518296,0.006675544891021796,8.998200359928014e-06
117	2228769211	5000.0	0.001	0.0001275	0.630097	0.847277824435113,0.1490504699060188,0.0036422715456908617,2.9434113177364527e-05
119	3727061439	5000.0	0.001	0.0001275	-0.283272	0.901632073585283,0.09015716856628675,0.007910457908418315,0.0003000999800039992,1.9996000799840033e-07
129	460028430	5000.0	0.001	0.0001275	-0.093434	0.8798317536492701,0.11125170965806838,0.008882983403319337,3.3553289342131575e-05
136	855026203	5000.0	0.001	0.0001275	0.100787	0.8964140771845631,0.1020369926014797,0.0015486502699460108,2.7994401119776043e-07
128	2567193097	5000.0	0.001	0.0001275	-0.383476	0.8975778844231154,0.09805598880223955,0.00433249350129974,3.3633273345330936e-05
135	895144472	5000.0	0.001	0.0001275	-1.178043	0.4465657668466307,0.48106966606678664,0.07109446110777845,0.0012619076184763047,8.198360327934413e-06
126	2590900703	5000.0	0.001	0.0001275	0.057911	0.9288376324735053,0.0696503899220156,0.0015114577084583084,5.198960207958409e-07
131	2307082769	5000.0	0.001	0.0001275	0.180552	0.8355221355728855,0.15370821835632872,0.01027006598680264,0.0004967806438712257,2.7994401119776045e-06
122	671728080	5000.0	0.001	0.0001275	0.689966	0.807244551089782,0.18157840431913616,0.011140131973605279,3.6912617476504696e-05
127	1212434912	5000.0	0.001	0.0001275	0.120012	0.8779036592681464,0.11905966806638672,0.003035472905418916,1.199760047990402e-06
123	2706821585	5000.0	0.001	0.0001275	0.024729	0.894110897820436,0.10220319936012798,0.003681503699260148,4.399120175964807e-06
121	3600236997	5000.0	0.001	0.0001275	-0.038258	0.9011388522295541,0.09761979604079184,0.0012402719456108778,1.0797840431913617e-06
120	1902805444	5000.0	0.001	0.0001275	-0.227921	0.7930189962007599,0.20184611077784442,0.005089622075584883,4.527094581083783e-05
125	1935868375	5000.0	0.001	0.0001275	0.376422	0.8789342531493701,0.11988186362727454,0.0011836832633473305,1.9996000799840033e-07
132	1125032465	5000.0	0.001	0.0001275	-0.161429	0.9208505098980204,0.07688846230753849,0.002259468106378724,1.5596880623875224e-06
137	3145613851	5000.0	0.001	0.0001275	-0.116299	0.9055451309738053,0.08668870225954808,0.007732653469306139,3.351329734053189e-05
130	4013412879	5000.0	0.001	0.0001275	-0.341686	0.8569923215356928,0.09006342731453709,0.05160375924815037,0.0013382123575284943,2.279544091181764e-06
124	2355065298	5000.0	0.001	0.0001275	0.925322	0.7070080783843231,0.2809264547090582,0.011901179764047191,0.0001642871425714857
133	3339704851	5000.0	0.001	0.0001275	-0.021127	0.8978943011397721,0.09409586082783443,0.007945650869826034,6.41871625674865e-05
134	800414229	5000.0	0.001	0.0001275	-0.839485	0.8237592881423715,0.17049142171565687,0.005734773045390922,1.4517096580683863e-05
138	3506180638	5000.0	0.001	0.0001275	0.191347	0.9265260547890422,0.07122987402519496,0.0022375924815036994,6.47870425914817e-06
154	121250379	5000.0	0.001	0.0001275	-0.883079	0.817372125574885,0.1389376524695061,0.02016516696660668,0.023184043191361726,0.0003410117976404719
155	1789878865	5000.0	0.001	0.0001275	0.205687	0.8525835632873425,0.1391118976204759,0.008224275144971005,8.018396320735853e-05,7.998400319936013e-08
150	165696059	5000.0	0.001	0.0001275	0.164374	0.8569218156368726,0.13556468706258748,0.007277144571085783,0.0002360727854429114,2.7994401119776043e-07
152	830691907	5000.0	0.001	0.0001275	0.507542	0.8516579884023195,0.1452749450109978,0.003063627274545091,3.4393121375724856e-06
157	2180971094	5000.0	0.001	0.0001275	-0.482310	0.5465686462707459,0.44579252149570087,0.00759504099180164,4.375124975004999e-05,3.9992001599680065e-08
143	1442837035	5000.0	0.001	0.0001275	0.170999	0.814866426714657,0.18084819036192762,0.004282783443311337,2.599480103979204e-06
148	1737308722	5000.0	0.001	0.0001275	-0.032895	0.8960497900419916,0.1023009398120376,0.0016197160567886424,2.955408918216357e-05
158	1972929125	5000.0	0.001	0.0001275	0.071060	0.8416659868026395,0.1266871025794841,0.031365566886622676,0.00027830433913217357,3.039392121575685e-06
144	880364080	5000.0	0.001	0.0001275	0.129028	0.7951404519096181,0.19510881823635273,0.009681983603279345,6.870625874825035e-05,3.9992001599680065e-08
140	368452127	5000.0	0.001	0.0001275	0.384155	0.8798591881623675,0.11743171365726855,0.002694541091781644,1.4557088582283544e-05
156	1809283670	5000.0	0.001	0.0001275	-0.114821	0.9173388922215557,0.07822623475304939,0.0044262347530493905,8.638272345530894e-06
149	4205687352	5000.0	0.001	0.0001275	-0.126404	0.8604091581683663,0.10129722055588883,0.033858148370325934,0.004425874825034993,9.598080383923215e-06
146	1089481266	5000.0	0.001	0.0001275	-0.050845	0.9269376524695061,0.07031685662867426,0.0027422115576884623,3.279344131173765e-06
153	4187333194	5000.0	0.001	0.0001275	-0.005110	0.8629262947410518,0.13078008398320337,0.006247670465906819,4.5950809838032394e-05
139	1271333407	5000.0	0.001	0.0001275	0.009429	0.9043918816236752,0.09205162967406519,0.0035414117176564685,1.5076984603079384e-05
145	166666801	5000.0	0.001	0.0001275	0.661539	0.8534714657068586,0.1310143571285743,0.015451589682063588,6.25874825034993e-05
147	2585090611	5000.0	0.001	0.0001275	-0.284512	0.7501493301339732,0.22954245150969807,0.02002883423315337,0.0002793841231753649
142	6240806	5000.0	0.001	0.0001275	0.218565	0.8805814037192562,0.1177872425514897,0.0015694461107778445,6.190761847630475e-05
151	1132851774	5000.0	0.001	0.0001275	-0.078836	0.9233572485502899,0.07216788642271546,0.004357808438312337,0.00011673665266946611,3.199360127974405e-07
141	2590911012	5000.0	0.001	0.0001275	0.409290	0.8004067586482704,0.1710845430913817,0.027929734053189364,0.0005788042391521696,1.5996800639872026e-07
160	1090108011	5000.0	0.001	0.0001275	0.029745	0.887546450709858,0.10491809638072386,0.006879584083183363,0.0006557888422315537,7.998400319936013e-08
163	1295139449	5000.0	0.001	0.0001275	0.296108	0.8196737452509498,0.1710111977604479,0.009222675464907019,9.238152369526095e-05
167	348588679	5000.0	0.001	0.0001275	-0.096109	0.8603975604879024,0.10876324735052989,0.03064595080983803,0.00019324135172965406
168	1114008226	5000.0	0.001	0.0001275	-0.175727	0.8938674265146971,0.10335500899820035,0.002775604879024195,1.959608078384323e-06
159	1532463719	5000.0	0.001	0.0001275	0.559383	0.8594618276344731,0.12990421915616876,0.010558248350329934,7.570485902819437e-05
164	3390280317	5000.0	0.001	0.0001275	-0.060730	0.9557840031993601,0.043756848630273945,0.0004591481703659268
174	4282766032	5000.0	0.001	0.0001275	0.073627	0.9127212157568486,0.08605978804239152,0.0012183963207358529,5.99880023995201e-07
162	1202018936	5000.0	0.001	0.0001275	-0.023132	0.8645777644471105,0.1188755448910218,0.016499580083983202,4.7110577884423116e-05
171	2600782508	5000.0	0.001	0.0001275	0.121321	0.8980641871625675,0.10038052389522095,0.0015508098380323935,4.479104179164167e-06
172	3341802178	5000.0	0.001	0.0001275	0.265805	0.8425432513497301,0.14991945610877824,0.007470865826834633,6.642671465706858e-05
169	2595545766	5000.0	0.001	0.0001275	0.070762	0.9139256548690262,0.08270421915616877,0.003347650469906019,2.2475504899020197e-05
170	3072146088	5000.0	0.001	0.0001275	-0.211725	0.8181551689662068,0.1787137372525495,0.003129614077184563,1.4797040591881624e-06
165	1823349374	5000.0	0.001	0.0001275	0.012067	0.9024085982803439,0.0930615076984603,0.004462187562487502,6.770645870825835e-05
161	3159597686	5000.0	0.001	0.0001275	0.263694	0.7908692261547691,0.20275384923015397,0.0062577884423115375,0.00011897620475904818,1.5996800639872026e-07
176	3572968147	5000.0	0.001	0.0001275	0.404408	0.8862162767446511,0.10724719056188763,0.006486942611477704,4.943011397720456e-05,1.5996800639872026e-07
166	3556805250	5000.0	0.001	0.0001275	0.134317	0.8793987602479504,0.11792641471705659,0.002673905218956209,9.198160367926415e-07
173	3410653902	5000.0	0.001	0.0001275	0.025163	0.9105295340931814,0.08643299340131974,0.002986402719456109,5.106978604279144e-05
175	3814513360	5000.0	0.001	0.0001275	-0.167368	0.8992449510097981,0.09372089582083583,0.006932133573285343,0.00010201959608078384
177	2800722643	5000.0	0.001	0.0001275	-0.169498	0.8641722455508898,0.12996044791041791,0.005850989802039592,1.6316736652669465e-05
181	354087651	5000.0	0.001	0.0001275	0.002819	0.9624386322735453,0.035090861827634476,0.002468986202759448,1.5196960607878424e-06
184	2761607922	5000.0	0.001	0.0001275	0.167134	0.8712809038192362,0.12039632073585282,0.008295700859828035,2.7074585082983403e-05
179	3791792856	5000.0	0.001	0.0001275	0.127694	0.2750831833633273,0.5568640671865627,0.16081055788842233,0.007220435912817436,2.1755648870225956e-05
180	1545771743	5000.0	0.001	0.0001275	-0.030816	0.9261244151169766,0.07315392921415717,0.0007204159168166367,1.2397520495900819e-06
182	2900697834	5000.0	0.001	0.0001275	-0.325865	0.8827906018796241,0.10481567686462707,0.01238636272745451,7.358528294341132e-06
178	4277123797	5000.0	0.001	0.0001275	0.219537	0.9213264147170566,0.06577820435912818,0.012880343931213758,1.5036992601479703e-05
183	289104618	5000.0	0.001	0.0001275	-0.376911	0.8480023595280943,0.14653297340531893,0.0054105178964207155,5.414917016596681e-05
186	449456882	5000.0	0.001	0.0001275	-0.195724	0.8894460707858428,0.10214429114177165,0.008387642471505698,2.1995600879824035e-05
190	3619801861	5000.0	0.001	0.0001275	-0.177574	0.8729545690861827,0.10875812837432514,0.018197160567886422,9.014197160567886e-05
185	979436275	5000.0	0.001	0.0001275	0.084703	0.9087171765646871,0.09031793641271746,0.0009626074785042991,2.279544091181764e-06
187	412889845	5000.0	0.001	0.0001275	0.053526	0.9264661467706459,0.0696491901619676,0.0038448710257948412,3.967206558688262e-05,1.199760047990402e-07
189	2937770749	5000.0	0.001	0.0001275	-0.153458	0.946180923815237,0.05248238352329534,0.0013355328934213158,1.159768046390722e-06
195	623633181	5000.0	0.001	0.0001275	0.257461	0.8791122575484903,0.11600227954409119,0.004866906618676265,1.855628874225155e-05
192	290405138	5000.0	0.001	0.0001275	0.272512	0.9090307138572286,0.08926802639472106,0.0017010997800439912,1.5996800639872026e-07
191	4198325002	5000.0	0.001	0.0001275	-0.207238	0.8128542291541692,0.16347094581083782,0.011981523695260949,0.011571725654869027,0.0001215756848630274
188	207665915	5000.0	0.001	0.0001275	-0.099349	0.9017490901819636,0.09526902619476105,0.0029794041191761648,2.4795040991801638e-06
193	197729043	5000.0	0.001	0.0001275	0.848440	0.7588536292741451,0.21454437112577485,0.026348570285942813,0.00025342931413717255
196	3679230749	5000.0	0.001	0.0001275	-0.039418	0.8489182163567287,0.14748330333933213,0.0035954809038192363,2.999400119976005e-06
194	32787224	5000.0	0.001	0.0001275	0.130088	0.9019226554689063,0.08295584883023395,0.015060587882423515,6.090781843631274e-05
197	1201484575	5000.0	0.001	0.0001275	-0.147607	0.8283013797240552,0.16970465906818635,0.0019875224955008997,6.43871225754849e-06
198	3456647968	5000.0	0.001	0.0001275	0.114664	0.8032123575284943,0.18420939812037593,0.012438792241551689,0.00013945210957808438
202	1026450241	5000.0	0.001	0.0001275	-0.035826	0.9042033193361327,0.09509034193161368,0.0007062187562487502,1.199760047990402e-07
201	1177912124	5000.0	0.001	0.0001275	0.114846	0.8616760647870426,0.13530949810037993,0.0029904819036192763,2.395520895820836e-05
199	3611917113	5000.0	0.001	0.0001275	-0.243343	0.8551681663667267,0.14210729854029194,0.0027131773645270945,1.1357728454309138e-05
200	2017858361	5000.0	0.001	0.0001275	-0.125555	0.9147089782043591,0.08449582083583283,0.0007919616076784643,3.239352129574085e-06
203	711924547	5000.0	0.001	0.0001275	-0.162440	0.8761872025594881,0.10553421315736852,0.018250829834033193,2.7754449110177964e-05
204	1975954247	5000.0	0.001	0.0001275	0.095745	0.9355174565086982,0.06314573085382924,0.0013361727654469106,6.39872025594881e-07
207	2769040210	5000.0	0.001	0.0001275	-0.065601	0.9008038392321536,0.09273997200559889,0.00574869026194761,0.0007072985402919416,1.9996000799840033e-07
218	65688436	5000.0	0.001	0.0001275	-0.267490	0.8728364727054589,0.10397448510297941,0.02301383723255349,0.0001751649670065987,3.9992001599680065e-08
205	3208141648	5000.0	0.001	0.0001275	-0.641763	0.8578399520095981,0.13660455908818236,0.0055300939812037595,2.539492101579684e-05
210	4216148837	5000.0	0.001	0.0001275	-0.316079	0.7821079384123175,0.2040094381123775,0.013861107778444312,2.1515696860627874e-05
212	2051844969	5000.0	0.001	0.0001275	-0.052295	0.9098984203159368,0.08938300339932014,0.0007170165966806639,1.5596880623875224e-06
217	1144755057	5000.0	0.001	0.0001275	0.111850	0.9278795840831834,0.054618316336732656,0.016412837432513497,0.0010888222355528894,4.399120175964807e-07
215	3044516718	5000.0	0.001	0.0001275	0.333562	0.9131286942611477,0.08172089582083583,0.005142851429714057,7.558488302339532e-06
216	3984546670	5000.0	0.001	0.0001275	0.243728	0.8955099780043991,0.10322867426514697,0.0012610277944411117,3.199360127974405e-07
208	4139420505	5000.0	0.001	0.0001275	-0.162233	0.9067480903819236,0.09215528894221156,0.0010940611877624474,2.559488102379524e-06
214	4150905708	5000.0	0.001	0.0001275	0.091735	0.9589888422315537,0.040852109578084383,0.00015896820635872826,7.998400319936013e-08
209	3926512479	5000.0	0.001	0.0001275	-0.113886	0.9423317336532694,0.05152157568486303,0.006130533893221356,1.6156768646270746e-05
219	2294696828	5000.0	0.001	0.0001275	-0.044514	0.876972725454909,0.11990285942811438,0.003107418516296741,1.6996600679864028e-05
213	969552747	5000.0	0.001	0.0001275	-0.145673	0.9273429714057189,0.06923463307338533,0.0034160767846430715,6.3187362527494505e-06
211	3735001958	5000.0	0.001	0.0001275	0.084537	0.9429713657268546,0.056535892821435715,0.0004925414917016596,1.9996000799840033e-07
220	2404838276	5000.0	0.001	0.0001275	0.370251	0.7843858828234354,0.20265430913817237,0.012065866826634674,0.0008926614677064587,1.279744051189762e-06
221	468054916	5000.0	0.001	0.0001275	0.030470	0.9299278544291142,0.062045510897820434,0.008013237352529495,1.3397320535892822e-05
206	930466641	5000.0	0.001	0.0001275	-0.012921	0.9373959208158368,0.0623498100379924,0.000249750049990002,4.519096180763847e-06
223	890334092	5000.0	0.001	0.0001275	0.262645	0.8332157968406319,0.1603244951009798,0.006452829434113177,6.878624275144971e-06
222	140735371	5000.0	0.001	0.0001275	0.354934	0.8528760647870426,0.14308122375524895,0.003940451909618076,0.00010225954809038193
224	2952899471	5000.0	0.001	0.0001275	-0.418232	0.7913776444711058,0.20390385922815438,0.004712097580483903,6.3987202559488104e-06
233	342358957	5000.0	0.001	0.0001275	0.506517	0.5591397320535892,0.3264777044591082,0.08235376924615077,0.031550329934013195,0.0004784643071385723
232	3577234344	5000.0	0.001	0.0001275	0.147515	0.9061975204959009,0.0902111577684463,0.003584603079384123,6.71865626874625e-06
230	915729313	5000.0	0.001	0.0001275	-0.519417	0.8653828034393122,0.13288346330733852,0.0017078984203159368,2.583483303339332e-05
228	2284163995	5000.0	0.001	0.0001275	0.014176	0.885534373125375,0.10932677464507098,0.0051359728054389125,2.8794241151769645e-06
231	3272782756	5000.0	0.001	0.0001275	-0.310514	0.8822501899620075,0.11143011397720456,0.006311697660467907,7.998400319936012e-06
226	4154252178	5000.0	0.001	0.0001275	-0.120332	0.940242151569686,0.059351769646070786,0.0004055988802239552,4.799040191961608e-07
227	2195512214	5000.0	0.001	0.0001275	0.117296	0.9478756648670266,0.051585802839432114,0.0005385322935412917
240	3373669330	5000.0	0.001	0.0001275	-0.070009	0.8975460507898421,0.08767110577884422,0.013942131573685262,0.0008406718656268746,3.9992001599680065e-08
229	611247004	5000.0	0.001	0.0001275	-0.022955	0.8751609278144371,0.11969166166766647,0.005116416716656668,3.099380123975205e-05
235	1663572920	5000.0	0.001	0.0001275	-0.480802	0.9096934613077384,0.08150957808438312,0.008782883423315338,1.4077184563087382e-05
225	3843173265	5000.0	0.001	0.0001275	-0.174573	0.9360508698260348,0.061826714657068585,0.0021206958608278345,1.7196560687862428e-06
236	4267801531	5000.0	0.001	0.0001275	0.666493	0.72284175164967,0.2678405918816237,0.009181403719256149,0.00013625274945010997
239	1809109970	5000.0	0.001	0.0001275	-0.015903	0.8996038792241552,0.0711383323335333,0.029176924615076986,8.086382723455309e-05
237	393708478	5000.0	0.001	0.0001275	0.747074	0.6107183363327334,0.34104131173765245,0.048096420715856826,0.00014393121375724856
241	588360661	5000.0	0.001	0.0001275	0.069749	0.907356448710258,0.09002575484903019,0.0026175564887022597,2.399520095980804e-07
238	3218746307	5000.0	0.001	0.0001275	-0.071152	0.9368975804839033,0.05229142171565687,0.010778964207158568,3.2033593281343733e-05
242	1011858390	5000.0	0.001	0.0001275	0.032026	0.7004591081783643,0.2773758048390322,0.01944623075384923,0.002708978204359128,9.878024395120976e-06
244	1939059671	5000.0	0.001	0.0001275	0.192630	0.9148255148970206,0.08461563687262548,0.0005587682463507298,7.998400319936013e-08
234	436247474	5000.0	0.001	0.0001275	-0.031136	0.8687651669666067,0.12681943611277743,0.004106498700259948,0.00030745850829834036,1.4397120575884822e-06
245	4294394840	5000.0	0.001	0.0001275	-0.024591	0.9336389122175565,0.06279036192761447,0.003566126774645071,4.599080183963207e-06
243	2779288535	5000.0	0.001	0.0001275	0.172866	0.8545584883023395,0.13724491101779643,0.008176764647070586,1.983603279344131e-05
247	2172244956	5000.0	0.001	0.0001275	0.424955	0.8701328934213157,0.11807650469906018,0.011719216156768646,7.138572285542891e-05
246	4000148442	5000.0	0.001	0.0001275	0.012002	0.8652882623475305,0.1174619476104779,0.015488942211557688,0.0017468106378724256,1.4037192561487702e-05
248	3226239965	5000.0	0.001	0.0001275	0.140855	0.8728514697060588,0.1136867826434713,0.013267666466706659,0.00019404119176164768,3.9992001599680065e-08
249	648106974	5000.0	0.001	0.0001275	0.859925	0.7117961607678465,0.26893069386122775,0.01915356928614277,0.00011949610077984403,7.998400319936013e-08
252	2779175917	5000.0	0.001	0.0001275	0.125449	0.8674800639872026,0.13026130773845232,0.002256908618276345,1.7196560687862428e-06
258	993375235	5000.0	0.001	0.0001275	0.089881	0.9124356328734253,0.08000191961607679,0.00755628874225155,6.15876824635073e-06
259	1904643088	5000.0	0.001	0.0001275	-0.165490	0.9138437112577484,0.08450981803639272,0.001588122375524895,5.834833033393321e-05
250	3443833828	5000.0	0.001	0.0001275	0.096004	0.904623275344931,0.09165922815436912,0.0036688262347530495,4.8670265946810635e-05
257	1325593602	5000.0	0.001	0.0001275	0.593087	0.7856711857628474,0.21127770445910818,0.0030435112977404517,7.5984803039392126e-06
260	2720594964	5000.0	0.001	0.0001275	0.035290	0.9130884623075385,0.07307990401919616,0.013803279344131173,2.8354329134173166e-05
253	4115768302	5000.0	0.001	0.0001275	-0.195890	0.9324911817636473,0.0668504699060188,0.0006534693061387723,4.879024195160968e-06
262	4071224340	5000.0	0.001	0.0001275	-0.288213	0.7995057788442311,0.17261663667266547,0.027552049590081982,0.0003255348930213957
254	269951988	5000.0	0.001	0.0001275	0.205003	0.8927013797240552,0.10488158368326335,0.0023335332933413317,8.350329934013198e-05
255	3524111352	5000.0	0.001	0.0001275	0.166654	0.9110392321535693,0.0719756048790242,0.01633881223755249,0.0006463107378524295,3.9992001599680065e-08
256	1340312575	5000.0	0.001	0.0001275	-0.022239	0.9134675464907018,0.08441839632073585,0.002082343531293741,3.171365726854629e-05
261	3942491157	5000.0	0.001	0.0001275	0.168286	0.9180078384323135,0.07977544491101779,0.002212157568486303,4.559088182363528e-06
263	3223915549	5000.0	0.001	0.0001275	0.141147	0.8868574685062988,0.05689390121975605,0.05132805438912218,0.004895540891821636,2.503499300139972e-05
264	2235286560	5000.0	0.001	0.0001275	-0.140333	0.9228469106178764,0.07625130973805239,0.0009007398520295941,1.0397920415916818e-06
251	438182892	5000.0	0.001	0.0001275	-0.042896	0.9409714857028594,0.05512661467706459,0.003865866826634673,3.603279344131174e-05
265	2282740770	5000.0	0.001	0.0001275	-0.645837	0.7948387122575485,0.17521063787242552,0.029780683863227353,0.00016996600679864028
268	3626284069	5000.0	0.001	0.0001275	0.481538	0.8465128574285143,0.12892129574085184,0.023706978604279144,0.00085874825034993,1.199760047990402e-07
266	258055205	5000.0	0.001	0.0001275	-0.118360	0.9000305538892222,0.09213341331733653,0.007825674865026994,1.0357928414317136e-05
270	156789802	5000.0	0.001	0.0001275	-0.069622	0.8117555288942212,0.15651569686062788,0.021488222355528896,0.010084023195360928,0.00015620875824835033,3.199360127974405e-07
271	3205936170	5000.0	0.001	0.0001275	-0.021990	0.9225048190361927,0.07372629474105179,0.0037579284143171364,1.0877824435112978e-05,7.998400319936013e-08
267	1037517861	5000.0	0.001	0.0001275	0.001933	0.8050950209958009,0.18727794441111778,0.007617716456708658,9.318136372725454e-06
272	258196541	5000.0	0.001	0.0001275	0.478200	0.8625222955408918,0.13347054589082183,0.0039884823035392925,1.867626474705059e-05
273	1447380033	5000.0	0.001	0.0001275	-0.014570	0.9298946210757848,0.06940675864827034,0.0006977004599080183,9.198160367926415e-07
269	170218533	5000.0	0.001	0.0001275	-0.160726	0.9051196160767846,0.0932121175764847,0.0016647070585882823,3.5592881423715255e-06
274	3402863690	5000.0	0.001	0.0001275	0.584000	0.8330701859628075,0.16391385722855428,0.003014757048590282,1.199760047990402e-06
276	1382736974	5000.0	0.001	0.0001275	-0.086414	0.939167126574685,0.060369846030793844,0.0003626474705058988,0.00010037992401519697
279	3456179292	5000.0	0.001	0.0001275	0.115631	0.8029804439112178,0.18331973605278945,0.013472785442911417,0.00022691461707658467,1.199760047990402e-07
278	3358221393	5000.0	0.001	0.0001275	-0.349666	0.8233475704859028,0.16591625674865026,0.009507218556288742,0.0012283543291341731,5.99880023995201e-07
275	678059082	5000.0	0.001	0.0001275	-0.071743	0.9484337932413517,0.04724171165766847,0.0040871025794841035,0.00023723255348930214,1.5996800639872026e-07
277	535952462	5000.0	0.001	0.0001275	0.185917	0.9203648470305938,0.07924755048990202,0.00038760247950409915
285	819401862	5000.0	0.001	0.0001275	0.350336	0.8881073785242951,0.1091985602879424,0.002663387322535493,3.0673865226954606e-05
281	2373182568	5000.0	0.001	0.0001275	-0.049573	0.8702908618276345,0.11987266546690661,0.009677904419116177,0.00015856828634273144
280	3423867999	5000.0	0.001	0.0001275	-0.542592	0.7762181163767247,0.1918973405318936,0.029890821835632873,0.0019933213357328536,3.9992001599680065e-07
286	3417975943	5000.0	0.001	0.0001275	-0.396432	0.7622940611877624,0.23095568886222756,0.006727054589082184,2.3195360927814438e-05
282	1363682410	5000.0	0.001	0.0001275	-0.058288	0.946571325734853,0.05256720655868826,0.0008599480103979204,1.5196960607878424e-06
284	225694838	5000.0	0.001	0.0001275	0.153758	0.9238127174565087,0.07153981203759248,0.004634433113377324,1.3037392521495702e-05
288	3486622864	5000.0	0.001	0.0001275	0.191783	0.8940908218356328,0.09524571085782843,0.01044883023395321,0.0002146370725854829
283	3040156786	5000.0	0.001	0.0001275	-0.148386	0.8296172765446911,0.15379436112777445,0.01649738052389522,9.098180363927214e-05
287	441416844	5000.0	0.001	0.0001275	-0.147251	0.9386074785042992,0.05872781443711258,0.0026621875624875026,2.519496100779844e-06
289	2841160853	5000.0	0.001	0.0001275	1.128799	0.6759660067986403,0.30895360927814436,0.01470749850029994,0.0003728854229154169
290	2466741410	5000.0	0.001	0.0001275	-0.202347	0.9059469306138772,0.09099548090381923,0.002950049990002,0.00010753849230153969
291	2746180773	5000.0	0.001	0.0001275	-0.295355	0.8363190161967606,0.15812785442911417,0.005521415716856629,3.171365726854629e-05
293	728628391	5000.0	0.001	0.0001275	-0.083227	0.9171086182763447,0.08235368926214758,0.0005374125174965008,2.7994401119776043e-07
292	2546275494	5000.0	0.001	0.0001275	0.175916	0.8529467306538693,0.14277120575884822,0.004274585082983403,7.478504299140172e-06
294	61775018	5000.0	0.001	0.0001275	-0.101083	0.8778605478904219,0.11685322935412917,0.0052834233153369325,2.7994401119776045e-06
296	863734959	5000.0	0.001	0.0001275	1.296298	0.594352849430114,0.3760034393121376,0.029508338332333534,0.00013525294941011797,1.199760047990402e-07
295	979293357	5000.0	0.001	0.0001275	0.023168	0.9670119176164768,0.03280619876024795,0.00018188362327534494
297	3314228406	5000.0	0.001	0.0001275	-0.016779	0.8856187562487503,0.11235148970205959,0.002027634473105379,2.1195760847830435e-06
299	3566386383	5000.0	0.001	0.0001275	-0.066304	0.8182382323535293,0.16413097380523894,0.017215636872625475,0.0004150369926014797,1.199760047990402e-07
298	3026588865	5000.0	0.001	0.0001275	-0.129761	0.9057616476704659,0.0808997800439912,0.012310297940411918,0.0010275944811037792,6.798640271945611e-07
301	3251240147	5000.0	0.001	0.0001275	-0.057376	0.941736372725455,0.05467982403519296,0.0035626074785042993,2.1115776844631073e-05,7.998400319936013e-08
303	2726057184	5000.0	0.001	0.0001275	0.181509	0.8951105378924216,0.09542187562487503,0.009434793041391722,3.279344131173765e-05
302	4118811864	5000.0	0.001	0.0001275	-0.114272	0.9138689862027595,0.07938360327934413,0.006660387922415517,8.702259548090383e-05
300	903376080	5000.0	0.001	0.0001275	0.144382	0.7919081383723255,0.18673173365326934,0.02110361927614477,0.00025646870625874825,3.9992001599680065e-08
306	2859214055	5000.0	0.001	0.0001275	-0.190448	0.8962635872825435,0.08973053389322136,0.013952769446110777,5.310937812437512e-05
305	1950641381	5000.0	0.001	0.0001275	-0.249059	0.8797035392921416,0.10661583683263347,0.013662747450509898,1.7876424715056987e-05
304	3825814757	5000.0	0.001	0.0001275	-0.100788	0.9359656468706259,0.06268914217156568,0.0013446910617876426,5.198960207958409e-07
307	2688634091	5000.0	0.001	0.0001275	-0.064357	0.8166467106578684,0.17072585482903418,0.011930613877224555,0.0006963007398520296,5.198960207958409e-07
308	1163515119	5000.0	0.001	0.0001275	0.295472	0.8982549890021996,0.0993627674465107,0.0023774045190961806,4.839032193561288e-06
309	699960560	5000.0	0.001	0.0001275	-0.255863	0.8572121175764847,0.12404383123375325,0.018643311337732452,0.00010073985202959408
310	835505399	5000.0	0.001	0.0001275	0.108133	0.8595882423515296,0.1391370525894821,0.00126498700259948,9.718056388722255e-06
313	1829242118	5000.0	0.001	0.0001275	-0.022274	0.9586635072985403,0.04077696460707859,0.000559488102379524,3.9992001599680065e-08
311	784055549	5000.0	0.001	0.0001275	-0.702119	0.8028779844031194,0.14480471905618877,0.045951689662067585,0.00634501099780044,2.059588082383523e-05
317	36152600	5000.0	0.001	0.0001275	0.071648	0.9371815636872626,0.060241751649670064,0.0025673265346930615,9.358128374325134e-06
318	3452855579	5000.0	0.001	0.0001275	0.057517	0.9452245950809838,0.053697740451909615,0.0010533493301339732,2.431513697260548e-05
320	852219177	5000.0	0.001	0.0001275	0.543694	0.8158625474905019,0.1722880223955209,0.011772805438912218,7.6624675064987e-05
312	1661062405	5000.0	0.001	0.0001275	0.411559	0.7005970005998801,0.26024871025794843,0.03885746850629874,0.0002968206358728254
316	149857551	5000.0	0.001	0.0001275	-0.299585	0.8586402719456109,0.13446822635472905,0.006189242151569686,0.0007020595880823836,1.9996000799840033e-07
315	1939995913	5000.0	0.001	0.0001275	-0.083467	0.9133380123975205,0.08557160567886422,0.0010889822035592882,1.3997200559888023e-06
314	2803225863	5000.0	0.001	0.0001275	-0.460772	0.822922175564887,0.1622757848430314,0.014774245150969806,2.7794441111777644e-05
321	3805185323	5000.0	0.001	0.0001275	-0.042745	0.9237106578684263,0.0753871625674865,0.0008935412917416516,8.638272345530894e-06
319	4016823587	5000.0	0.001	0.0001275	-0.274433	0.9139440911817637,0.06252157568486302,0.019517736452709458,0.004014757048590282,1.839632073585283e-06
323	841708856	5000.0	0.001	0.0001275	-0.197020	0.7736360727854429,0.16378120375924815,0.05755512897420516,0.005024875024995001,2.7194561087782445e-06
325	1201714498	5000.0	0.001	0.0001275	-0.267650	0.9291943211357728,0.06886414717056588,0.0019398520295940812,1.6796640671865626e-06
327	990612818	5000.0	0.001	0.0001275	-0.007706	0.9004801439712058,0.09545794841031793,0.00404123175364927,2.0675864827034592e-05
324	859438398	5000.0	0.001	0.0001275	0.114485	0.863045350929814,0.13462983403319337,0.00232245550889822,2.359528094381124e-06
326	60257613	5000.0	0.001	0.0001275	0.545898	0.8801586882623476,0.11743011397720456,0.0024052389522095582,5.958808238352329e-06
322	3376438573	5000.0	0.001	0.0001275	-0.677983	0.7936611477704459,0.19061003799240153,0.015699540091981604,2.9274145170965806e-05
328	4068584786	5000.0	0.001	0.0001275	0.021823	0.876862827434513,0.12114333133373326,0.0019936412717456507,1.9996000799840033e-07
330	2976017770	5000.0	0.001	0.0001275	0.270870	0.8973880423915217,0.10190673865226954,0.0007048590281943611,3.5992801439712056e-07
339	1073520005	5000.0	0.001	0.0001275	0.020521	0.9021753649270146,0.09482255548890221,0.0029386522695460907,6.342731453709258e-05
329	3682796884	5000.0	0.001	0.0001275	0.120683	0.9364992601479704,0.06256024795040992,0.0009272145570885823,1.327734453109378e-05
336	96568697	5000.0	0.001	0.0001275	0.126367	0.8625146570685863,0.11969434113177364,0.015291421715656868,0.002498580283943211,9.998000399920016e-07
334	4177161589	5000.0	0.001	0.0001275	0.064758	0.9326349530093981,0.06659324135172966,0.0007715256948610278,2.7994401119776043e-07
338	1471944066	5000.0	0.001	0.0001275	0.144488	0.9376339532093582,0.06201931613677265,0.00034673065386922613
340	188376460	5000.0	0.001	0.0001275	-0.438390	0.8739015396920616,0.12015720855828835,0.005936652669466106,4.599080183963207e-06
332	914165109	5000.0	0.001	0.0001275	-0.078864	0.8963626874625075,0.09628902219556089,0.0072077584483103375,0.00014049190161967608,3.9992001599680065e-08
341	943367573	5000.0	0.001	0.0001275	1.032481	0.7313901219756049,0.26106690661867626,0.007533493301339732,9.478104379124176e-06
335	376503673	5000.0	0.001	0.0001275	-0.076193	0.9067024595080984,0.09221935612877424,0.001078104379124175,7.998400319936013e-08
331	4046132587	5000.0	0.001	0.0001275	0.344766	0.764145450909818,0.21829170165966807,0.0174375524895021,0.00012529494101179764
342	1690224022	5000.0	0.001	0.0001275	-1.210271	0.7419856428714258,0.24277232553489303,0.014822995400919817,0.0004190361927614477
333	3261459829	5000.0	0.001	0.0001275	-0.281707	0.8971917616476704,0.07792005598880224,0.024669226154769047,0.00021895620875824834
337	11009406	5000.0	0.001	0.0001275	0.299235	0.8568396720655869,0.14067774445110978,0.0024713857228554287,1.1197760447910418e-05
345	3456292254	5000.0	0.001	0.0001275	-0.210055	0.8272999800039992,0.15783503299340132,0.01291633673265347,0.0019472905418916216,1.3597280543891223e-06
344	1095196061	5000.0	0.001	0.0001275	0.249826	0.9139886422715456,0.08235528894221156,0.0036544291141771645,1.6396720655868826e-06
343	368940439	5000.0	0.001	0.0001275	0.096510	0.9294411917616476,0.0695998400319936,0.0009509698060387922,7.998400319936012e-06
346	3009248671	5000.0	0.001	0.0001275	0.043841	0.9422521895620876,0.04527918416316737,0.0026849030193961208,0.009776644671065787,7.0785842831433715e-06
356	3896040904	5000.0	0.001	0.0001275	-0.392558	0.8713531693661267,0.11549006198760248,0.011554929014197161,0.0015967206558688263,5.118976204759048e-06
347	269958572	5000.0	0.001	0.0001275	0.027624	0.94419800039992,0.0539871225754849,0.0018145570885822835,3.199360127974405e-07
348	3487200691	5000.0	0.001	0.0001275	-0.176301	0.9377534093181363,0.06117348530293941,0.0010687062587482503,4.399120175964807e-06
350	2602714550	5000.0	0.001	0.0001275	0.198794	0.8612730653869226,0.1132115576884623,0.025263987202559488,0.0002513897220555889
351	1610161596	5000.0	0.001	0.0001275	-0.810351	0.7092729854029194,0.28071877624475106,0.009984163167366526,2.40751849630074e-05
349	3877836211	5000.0	0.001	0.0001275	-0.060174	0.9246211157768446,0.07177380523895222,0.00360371925614877,1.3597280543891223e-06
355	3289458118	5000.0	0.001	0.0001275	-0.183034	0.9301569286142771,0.06857964407118576,0.0012610677864427116,2.359528094381124e-06
354	2467653060	5000.0	0.001	0.0001275	0.086691	0.8607925614877024,0.13391517696460709,0.0052854629074185165,6.798640271945611e-06
353	161197505	5000.0	0.001	0.0001275	-0.063191	0.8454812637472505,0.143649950009998,0.010376884623075384,0.0004919016196760648
360	618329560	5000.0	0.001	0.0001275	-0.466996	0.9018735852829434,0.09708134373125375,0.0010389522095580884,6.11877624475105e-06
352	1429745085	5000.0	0.001	0.0001275	0.129661	0.9331143771245751,0.06009646070785843,0.0067784443111377725,1.0717856428714257e-05
358	611110355	5000.0	0.001	0.0001275	0.077606	0.8336092381523695,0.1639110977804439,0.0024774245150969805,2.2395520895820834e-06
366	2429375979	5000.0	0.001	0.0001275	0.007941	0.9060804639072185,0.08727710457908418,0.006593561287742452,4.887022595480904e-05
365	1874892264	5000.0	0.001	0.0001275	-0.025953	0.8821101379724056,0.11328582283543291,0.004594201159768046,9.838032393521296e-06
357	59465164	5000.0	0.001	0.0001275	-0.094156	0.908227474505099,0.08222067586482704,0.006927014597080584,0.0026208358328334335,3.999200159968006e-06
361	86930909	5000.0	0.001	0.0001275	0.082608	0.9209444911017797,0.07602403519296141,0.0030140771845630875,1.739652069586083e-05
369	400690685	5000.0	0.001	0.0001275	0.121411	0.9109356128774245,0.07843563287342531,0.010137932413517297,0.0004895420915816837,1.279744051189762e-06
359	3688824275	5000.0	0.001	0.0001275	-0.443152	0.8848062387522495,0.11136744651069785,0.003824515096980604,1.799640071985603e-06
363	3658565090	5000.0	0.001	0.0001275	0.496677	0.7881859628074385,0.20659756048790243,0.005215436912617477,1.0397920415916818e-06
368	2103416315	5000.0	0.001	0.0001275	-0.024019	0.9082599080183963,0.09024507098580284,0.0014946610677864427,3.5992801439712056e-07
364	3305772515	5000.0	0.001	0.0001275	-0.170576	0.8449138572285543,0.14990845830833832,0.005164727054589082,1.295740851829634e-05
371	2486818304	5000.0	0.001	0.0001275	0.162966	0.8087395320935813,0.1830971805638872,0.008154049190161968,9.238152369526095e-06
370	1286622718	5000.0	0.001	0.0001275	0.020429	0.9021488502299541,0.09337304539092181,0.004466826634673065,1.1277744451109779e-05
362	3452612062	5000.0	0.001	0.0001275	0.244345	0.8748851429714057,0.11576956608678264,0.009336572685462908,8.718256348730255e-06
376	1823737361	5000.0	0.001	0.0001275	0.218997	0.8963866426714657,0.10190925814837033,0.0017025394921015796,1.5596880623875224e-06
374	2263150088	5000.0	0.001	0.0001275	-0.360837	0.8372940211957608,0.12719680063987202,0.03479456108778244,0.0006503099380123975,6.430713857228554e-05
373	2542009860	5000.0	0.001	0.0001275	-0.117192	0.8466904219156168,0.15010817836432713,0.003177644471105779,2.3755248950209957e-05
375	20698638	5000.0	0.001	0.0001275	-0.202570	0.9014313937212558,0.09511697660467906,0.003392001599680064,5.962807438512297e-05
367	1887051252	5000.0	0.001	0.0001275	0.370789	0.870525174965007,0.12110753849230153,0.008364727054589082,2.559488102379524e-06
372	3745433089	5000.0	0.001	0.0001275	-0.039104	0.9491389722055589,0.04593421315736853,0.004777724455108978,0.00014909018196360727
377	3538333205	5000.0	0.001	0.0001275	-0.104731	0.9374602279544091,0.06127982403519296,0.0012574685062987402,2.4795040991801638e-06
379	908221995	5000.0	0.001	0.0001275	0.195102	0.9194888222355528,0.07756900619876025,0.0028988202359528092,4.335132973405319e-05
378	3953641001	5000.0	0.001	0.0001275	-0.117283	0.9297615276944611,0.0699874425114977,0.00025102979404119174
382	2980144690	5000.0	0.001	0.0001275	0.006037	0.9501139372125574,0.049108498300339934,0.0007749650069986002,2.599480103979204e-06
394	2434803294	5000.0	0.001	0.0001275	-0.286332	0.9009830833833233,0.09512157568486303,0.003808278344331134,8.694261147770446e-05,1.199760047990402e-07
399	2731925108	5000.0	0.001	0.0001275	0.027134	0.8488944211157768,0.14861811637672465,0.002386882623475305,0.00010057988402319536
387	1282723407	5000.0	0.001	0.0001275	-0.001435	0.9228075184963007,0.07094637072585483,0.005757768446310738,0.0004873025394921016,1.0397920415916818e-06
395	404923998	5000.0	0.001	0.0001275	-0.019191	0.9546335132973406,0.0440874225154969,0.0012783843231353729,6.798640271945611e-07
391	957443670	5000.0	0.001	0.0001275	-0.108177	0.9068127574485103,0.09226974605078984,0.0009152569486102779,2.2395520895820834e-06
390	3623620178	5000.0	0.001	0.0001275	0.299122	0.9063680463907219,0.08930345930813838,0.004285662867426514,4.2791441711657665e-05,3.9992001599680065e-08
380	1173716525	5000.0	0.001	0.0001275	0.311438	0.82489450109978,0.16329378124375124,0.011518496300739853,0.00029318136372725453,3.9992001599680065e-08
383	1118359090	5000.0	0.001	0.0001275	0.302606	0.9037750449910018,0.09356772645470905,0.0026558288342331533,1.3997200559888023e-06
384	3032391223	5000.0	0.001	0.0001275	-0.227833	0.8247571685662868,0.16883019396120777,0.006397280543891222,1.5356928614277145e-05
397	1870397028	5000.0	0.001	0.0001275	-0.329843	0.8860798640271945,0.10922827434513098,0.004661947610477905,2.991401719656069e-05
381	1637439021	5000.0	0.001	0.0001275	-0.297152	0.8071897220555889,0.17655868826234752,0.014235512897420515,0.0020152769446110776,7.998400319936013e-07
398	3104304751	5000.0	0.001	0.0001275	-0.183953	0.9403720855828834,0.0485378524295141,0.011048150369926015,4.191161767646471e-05
392	2740362842	5000.0	0.001	0.0001275	0.109952	0.8536548690261948,0.1415848830233953,0.004755128974205159,5.118976204759048e-06
396	3368205923	5000.0	0.001	0.0001275	-0.076366	0.9398308338332334,0.05966942611477705,0.0004996600679864027,7.998400319936013e-08
386	3946767937	5000.0	0.001	0.0001275	-0.438236	0.8389583683263347,0.1390779444111178,0.0216625874825035,0.0003008198360327934,2.7994401119776043e-07
388	4050493009	5000.0	0.001	0.0001275	-0.427002	0.8403142971405719,0.1558729454109178,0.0038090781843631272,3.679264147170566e-06
393	1611023964	5000.0	0.001	0.0001275	-0.088528	0.8402937412517496,0.14125182963407318,0.017624195160967807,0.0007726854629074185,5.754849030193961e-05
385	209358393	5000.0	0.001	0.0001275	-0.514150	0.8630925414917017,0.13503275344931015,0.0018741851629674065,5.198960207958409e-07
389	716666450	5000.0	0.001	0.0001275	0.298953	0.829553849230154,0.15706718656268745,0.013312297540491902,6.654669066186763e-05,1.199760047990402e-07
400	328593014	5000.0	0.001	0.0001275	-0.145718	0.8737353329334133,0.12245550889822035,0.0037721655668866228,3.699260147970406e-05
402	2336720507	5000.0	0.001	0.0001275	0.064470	0.8923389322135573,0.09705398920215957,0.010595320935812837,1.1757648470305939e-05
406	2471122559	5000.0	0.001	0.0001275	-0.077251	0.9029422515496901,0.09430341931613677,0.0027518496300739854,2.4795040991801638e-06
401	3134723704	5000.0	0.001	0.0001275	-1.055399	0.8080258348330334,0.1248492701459708,0.06442315536892622,0.0026238352329534093,7.790441911617676e-05
408	3995342460	5000.0	0.001	0.0001275	0.172936	0.8341006598680264,0.16186398720255948,0.004033073385322936,2.279544091181764e-06
412	1662398101	5000.0	0.001	0.0001275	-0.091267	0.8973712057588482,0.0962260347930414,0.0063817236552689465,2.1035792841431712e-05
409	2928397962	5000.0	0.001	0.0001275	-0.016875	0.9274197160567886,0.0700870225954809,0.002492381523695261,8.798240351929614e-07
404	3904566909	5000.0	0.001	0.0001275	-0.468022	0.8642010797840431,0.1333482903419316,0.0024500699860027994,5.598880223955209e-07
413	1757791893	5000.0	0.001	0.0001275	0.164674	0.8645478104379124,0.13279560087982403,0.0026552289542091582,1.3597280543891223e-06
410	2114291344	5000.0	0.001	0.0001275	0.024718	0.9173292141571686,0.07896844631073785,0.003662667466506699,3.967206558688262e-05
414	3387756187	5000.0	0.001	0.0001275	0.424249	0.7393308538292341,0.231526574685063,0.028660387922415518,0.0004821835632873425
419	3614928562	5000.0	0.001	0.0001275	0.108525	0.9359020195960808,0.06267694461107778,0.0007728454309138172,0.0006470305938812238,1.159768046390722e-06
411	1004406419	5000.0	0.001	0.0001275	-0.400627	0.852669026194761,0.14231933613277345,0.00498628274345131,2.535492901419716e-05
418	1019573931	5000.0	0.001	0.0001275	-0.385553	0.8628871025794841,0.12408406318736252,0.01266878624275145,0.00036000799840031996,3.9992001599680065e-08
417	1507841704	5000.0	0.001	0.0001275	0.260348	0.8717545690861828,0.10949078184363127,0.018728614277144572,2.6034793041391723e-05
403	3124876923	5000.0	0.001	0.0001275	0.160668	0.9253997200559888,0.07085526894621076,0.0036579884023195362,8.702259548090383e-05
407	690912896	5000.0	0.001	0.0001275	0.396503	0.8137331733653269,0.17682579484103178,0.009257988402319535,0.00018292341531693661,1.199760047990402e-07
420	3938694838	5000.0	0.001	0.0001275	-0.125117	0.8853582883423315,0.10881115776844631,0.005828634273145371,1.919616076784643e-06
421	3087355578	5000.0	0.001	0.0001275	0.992509	0.7660102779444111,0.22786090781843632,0.006095500899820036,3.331333733253349e-05
405	3047196283	5000.0	0.001	0.0001275	-0.043703	0.8728994201159768,0.12259700059988002,0.004415876824635073,8.76624675064987e-05,3.9992001599680065e-08
423	2106345151	5000.0	0.001	0.0001275	0.189402	0.8777287342531493,0.1139874025194961,0.008229434113177364,5.4429114177164566e-05
422	1918088895	5000.0	0.001	0.0001275	-0.086300	0.7929240151969607,0.19672929414117177,0.009335412917416517,0.0010108378324335133,4.399120175964807e-07
415	1349275293	5000.0	0.001	0.0001275	-0.032387	0.952323775244951,0.0461747650469906,0.0014994201159768046,2.039592081583683e-06
416	3324016288	5000.0	0.001	0.0001275	0.069866	0.8706287542491502,0.12563391321735654,0.003733973205358928,3.359328134373125e-06
430	427761372	5000.0	0.001	0.0001275	0.261450	0.9155181763647271,0.08305414917016597,0.0014271545690861828,5.198960207958409e-07
424	1306648261	5000.0	0.001	0.0001275	-0.038250	0.856021075784843,0.14184939012197562,0.0021293341331733652,1.9996000799840033e-07
425	3709490894	5000.0	0.001	0.0001275	-0.107589	0.9102427914417116,0.08368906218756249,0.0059908018396320735,7.734453109378124e-05
426	4223330001	5000.0	0.001	0.0001275	-0.045136	0.9295415316936613,0.0688751849630074,0.0015824835032993401,7.998400319936013e-07
427	946859733	5000.0	0.001	0.0001275	0.024217	0.9384943011397721,0.05954281143771246,0.0019616476704659067,1.2397520495900819e-06
429	2108192471	5000.0	0.001	0.0001275	-0.101718	0.9113624075184963,0.08547938412317536,0.003151849630073985,6.35872825434913e-06
433	2201503462	5000.0	0.001	0.0001275	0.257927	0.7330091181763647,0.25584463107378524,0.010172685462907418,0.0009669666066786643,6.598680263947211e-06
428	756729557	5000.0	0.001	0.0001275	0.555513	0.867202399520096,0.1288973405318936,0.003894781043791242,5.478904219156169e-06
431	2865358562	5000.0	0.001	0.0001275	-0.141519	0.934941451709658,0.06405370925814836,0.0010043991201759649,4.399120175964807e-07
435	1359247088	5000.0	0.001	0.0001275	-0.268856	0.9307052189562087,0.06421015796840632,0.005067026594681064,1.7596480703859228e-05
438	2366408443	5000.0	0.001	0.0001275	-0.013750	0.9234522695460908,0.07334793041391721,0.0031962007598480306,3.599280143971206e-06
432	259964643	5000.0	0.001	0.0001275	-0.004592	0.7903709658068386,0.19849194161167766,0.010414277144571086,0.0007226154769046191,1.9996000799840033e-07
436	2734026481	5000.0	0.001	0.0001275	-0.025932	0.889671625674865,0.10142199560087982,0.008874625074985003,3.1753649270145974e-05
434	3145858799	5000.0	0.001	0.0001275	0.753140	0.5254819036192762,0.45318176364727053,0.02048122375524895,0.0008529494101179765,2.1595680863827235e-06
437	3821840116	5000.0	0.001	0.0001275	-0.120551	0.9125421315736852,0.08705946810637873,0.0003984003199360128
439	1400329982	5000.0	0.001	0.0001275	-0.172838	0.9462745450909819,0.053495700859828035,0.00022975404919016196
440	2593435392	5000.0	0.001	0.0001275	-0.223435	0.9380991801639672,0.05853469306138772,0.0033614077184563086,4.719056188762248e-06
443	535160589	5000.0	0.001	0.0001275	-0.069493	0.9328122775444911,0.06582411517696461,0.001363127374525095,4.799040191961608e-07
444	341458702	5000.0	0.001	0.0001275	0.164406	0.8891536892621476,0.11036904619076185,0.0004771845630873825,7.998400319936013e-08
442	1818384140	5000.0	0.001	0.0001275	0.554868	0.7356456308738253,0.23395652869426115,0.02807898420315937,0.0023124575084983003,6.3987202559488104e-06
445	2391564044	5000.0	0.001	0.0001275	-0.393270	0.8876685862827435,0.11106962607478504,0.001261387722455509,3.9992001599680065e-07
450	3577280300	5000.0	0.001	0.0001275	-0.023558	0.9658470705858828,0.03113385322935413,0.0030080783843231353,1.0997800439912018e-05
441	3951689475	5000.0	0.001	0.0001275	-0.368374	0.48785326934613077,0.38460135972805437,0.12222907418516296,0.005314697060587882,1.5996800639872026e-06
449	3415043871	5000.0	0.001	0.0001275	-0.161569	0.8651603679264147,0.11553665266946611,0.018940851829634075,0.0003620875824835033,3.9992001599680065e-08
446	712529681	5000.0	0.001	0.0001275	0.090654	0.9362023595280944,0.06345878824235153,0.00033877224555088983,7.998400319936013e-08
447	319575826	5000.0	0.001	0.0001275	0.134132	0.9299668066386723,0.06864411117776445,0.00138624275144971,2.8394321135772845e-06
448	777768723	5000.0	0.001	0.0001275	-0.396085	0.7740489902019596,0.22043355328934214,0.005405758848230354,0.00011169766046790642
456	317785929	5000.0	0.001	0.0001275	0.161314	0.8904899820035993,0.10727282543491301,0.00223623275344931,9.598080383923216e-07
451	3978790703	5000.0	0.001	0.0001275	0.100176	0.8296786242751449,0.16557320535892822,0.00474377124575085,4.319136172765447e-06,7.998400319936013e-08
454	331773764	5000.0	0.001	0.0001275	0.220313	0.8996002399520096,0.09920171965606879,0.0011979604079184164,7.998400319936013e-08
460	1528383338	5000.0	0.001	0.0001275	0.129049	0.8505834833033393,0.13845262947410517,0.010906658668266346,5.7228554289142175e-05
452	2254942003	5000.0	0.001	0.0001275	-0.163658	0.9281430513897221,0.07110869826034794,0.000748130373925215,1.199760047990402e-07
453	206651199	5000.0	0.001	0.0001275	0.529382	0.8721567686462708,0.12577776444711058,0.002044751049790042,2.059588082383523e-05,1.199760047990402e-07
458	3996444494	5000.0	0.001	0.0001275	0.328201	0.7851593281343732,0.1845610877824435,0.030070985802839432,0.00020859828034393123
457	3461404491	5000.0	0.001	0.0001275	-0.313993	0.8911252549490102,0.10616900619876025,0.00270245950809838,3.279344131173765e-06
455	3556880199	5000.0	0.001	0.0001275	-0.270636	0.8633424915016996,0.13005422915416917,0.006601159768046391,2.1195760847830435e-06
461	213518187	5000.0	0.001	0.0001275	0.288576	0.815001399720056,0.16295900819836032,0.021303259348130373,0.0007359328134373125,3.9992001599680065e-07
459	227620698	5000.0	0.001	0.0001275	-0.276562	0.8817538892221556,0.07800395920815836,0.03850837832433513,0.001728854229154169,4.919016196760648e-06
465	178624369	5000.0	0.001	0.0001275	-0.214789	0.9245969606078784,0.07389470105978804,0.0015077384523095381,5.99880023995201e-07
464	3105044337	5000.0	0.001	0.0001275	-0.050752	0.9179630073985203,0.08164035192961408,0.00039664067186562685
463	29724527	5000.0	0.001	0.0001275	0.162026	0.8875767646470706,0.1095882423515297,0.0027098180363927214,0.0001251749650069986
462	1283544939	5000.0	0.001	0.0001275	0.081215	0.9483374125174965,0.05074741051789642,0.0009139372125574885,1.2397520495900819e-06
467	1128886136	5000.0	0.001	0.0001275	0.195937	0.9079786442711457,0.07776020795840832,0.014048190361927615,0.00021127774445110978,1.6796640671865626e-06
468	3225241465	5000.0	0.001	0.0001275	0.988413	0.7406369126174766,0.2519589682063587,0.007252629474105179,0.00015132973405318937,1.5996800639872026e-07
466	1590335349	5000.0	0.001	0.0001275	0.137062	0.935989802039592,0.0617498100379924,0.002145370925814837,0.00011481703659268146,1.9996000799840033e-07
470	494872453	5000.0	0.001	0.0001275	0.039498	0.9355838032393521,0.060287302539492105,0.004125414917016596,3.4793041391721655e-06
469	204738436	5000.0	0.001	0.0001275	-0.029114	0.9633976804639072,0.03552793441311738,0.001073505298940212,8.798240351929614e-07
473	4280850322	5000.0	0.001	0.0001275	-0.358639	0.9047175764847031,0.09424435112977404,0.0010379124175164966,1.5996800639872026e-07
472	4155225993	5000.0	0.001	0.0001275	-0.059463	0.912127174565087,0.0869757648470306,0.0008931013797240551,3.959208158368327e-06
471	2003818375	5000.0	0.001	0.0001275	0.033264	0.8887608878224356,0.10958224355128975,0.0016557888422315536,1.0797840431913617e-06
478	1289668512	5000.0	0.001	0.0001275	0.258778	0.8956067586482703,0.1006255148970206,0.003477624475104979,0.00028990201959608076,1.9996000799840033e-07
476	2121922460	5000.0	0.001	0.0001275	0.008135	0.8730811037792442,0.12319300139972006,0.003670385922815437,5.550889822035593e-05
475	1381740443	5000.0	0.001	0.0001275	0.372356	0.8331394121175765,0.146723975204959,0.019892781443711257,0.00024383123375324936
477	1405511583	5000.0	0.001	0.0001275	-0.409120	0.891875024995001,0.09587970405918816,0.012205358928214357,3.99120175964807e-05
479	3702740901	5000.0	0.001	0.0001275	0.434476	0.7211324535092981,0.268173125374925,0.010308178364327134,0.00038624275144971004
474	968925075	5000.0	0.001	0.0001275	-0.228306	0.7877289342131574,0.1909132573485303,0.021017116576684664,0.0003400119976004799,6.798640271945611e-07
481	1503694764	5000.0	0.001	0.0001275	-0.345858	0.9186487902419516,0.07063187362527494,0.009937132573485302,0.0007780443911217757,4.159168166366727e-06
486	4028563387	5000.0	0.001	0.0001275	-0.665683	0.8603134173165367,0.13433381323735252,0.0038661867626474705,0.001484743051389722,1.839632073585283e-06
480	2165002149	5000.0	0.001	0.0001275	-1.550260	0.664147450509898,0.25654293141371726,0.06885658868226355,0.00996492701459708,0.00048810237952409517
484	511643575	5000.0	0.001	0.0001275	0.558841	0.8772177564487103,0.11697260547890422,0.005797840431913617,1.1797640471905619e-05
485	2385024954	5000.0	0.001	0.0001275	0.196060	0.8602077584483103,0.13688138372325534,0.002721095780843831,0.00018688262347530494,2.8794241151769645e-06
482	258496432	5000.0	0.001	0.0001275	0.289137	0.8983458108378324,0.09846146770645871,0.0031903219356128774,2.399520095980804e-06
483	1002991541	5000.0	0.001	0.0001275	0.093541	0.8990599480103979,0.09962139572085583,0.0013178964207158567,7.598480303939212e-07
487	3000760255	5000.0	0.001	0.0001275	-0.049067	0.8629050589882024,0.12577332533493302,0.011291101779644071,3.0513897220555888e-05
488	274720708	5000.0	0.001	0.0001275	-0.010345	0.9317768046390722,0.065698900219956,0.0021237752449510096,0.00039812037592481506,2.399520095980804e-06
489	3696013253	5000.0	0.001	0.0001275	-0.034020	0.9582403919216157,0.041526774645070985,0.00023283343331333733
490	2948589522	5000.0	0.001	0.0001275	0.188490	0.6784319936012797,0.3061888822235553,0.015371525694861029,7.5984803039392126e-06
491	2336774099	5000.0	0.001	0.0001275	-0.109408	0.7886845430913817,0.2017522895420916,0.009553569286142772,9.598080383923215e-06
492	97060820	5000.0	0.001	0.0001275	0.494245	0.8717004599080184,0.07867310537892422,0.04096736652669466,0.008471345730853829,0.00018760247950409917,1.199760047990402e-07
493	414984149	5000.0	0.001	0.0001275	0.135812	0.7448439912017597,0.24976600679864028,0.005253869226154769,0.00013613277344531093
494	1579192274	5000.0	0.001	0.0001275	0.360320	0.7626961007798441,0.20937844431113778,0.02778492301539692,0.00014053189362127575
495	911882196	5000.0	0.001	0.0001275	-0.273745	0.9037673665266946,0.09500703859228155,0.0012253149370125974,2.7994401119776043e-07
497	37484524	5000.0	0.001	0.0001275	0.145713	0.8282625474905019,0.14264611077784442,0.028598720255948812,0.0004925814837032594,3.9992001599680065e-08
499	511043578	5000.0	0.001	0.0001275	-0.213025	0.8984336332733454,0.09860219956008798,0.0029626474705058987,1.5196960607878424e-06
498	3578621937	5000.0	0.001	0.0001275	-0.016072	0.954276224755049,0.04198500299940012,0.0036559088182363526,8.286342731453709e-05
496	3956887526	5000.0	0.001	0.0001275	0.510742	0.7517896020795841,0.22446954609078185,0.011491461707658468,0.012034753049390123,0.0002146370725854829
