sim_id	seed	popsize	selcoef	mutrate	velocity	profile
2	4076754448	5000.0	0.0039208	0.006	0.027382	0.2136755448910218,0.3322887422515497,0.2574380723855229,0.12582759448110378,0.04882063587282544,0.016725414917016596,0.0041301339732053586,0.0009934413117376525,9.698060387922416e-05,3.3993201359728056e-06,3.9992001599680065e-08
4	1417884181	5000.0	0.0039208	0.006	-0.004618	0.22265374925014997,0.3178089182163567,0.25250817836432715,0.13114137172565488,0.05234801039792042,0.017590441911617676,0.004557928414317136,0.0011372125574885023,0.00021919616076784644,3.3993201359728057e-05,9.998000399920016e-07
8	1081624105	5000.0	0.0039208	0.006	-0.001153	0.2117374925014997,0.3252716656668666,0.25598420315936815,0.13383027394521096,0.052631873625274946,0.016120895820835833,0.0036835832833433313,0.0005836032793441312,0.00015216956608678263,3.999200159968006e-06,2.399520095980804e-07
9	1594761774	5000.0	0.0039208	0.006	-0.009495	0.2174657068586283,0.33429094181163765,0.26086834633073386,0.12261419716056789,0.046651589682063586,0.013805878824235153,0.003037752449510098,0.0010230753849230154,0.00019464107178564287,4.587082583483303e-05,1.999600079984003e-06
15	1260470350	5000.0	0.0039208	0.006	0.047241	0.14527206558688263,0.3428679464107179,0.2795832433513297,0.14683539292141573,0.06085282943411318,0.01833245350929814,0.004413037392521496,0.001495860827834433,0.0003022995400919816,4.191161767646471e-05,2.959408118376325e-06
5	3249874965	5000.0	0.0039208	0.006	0.025896	0.15120855828834234,0.28709610077984404,0.27724531093781246,0.1725612877424515,0.07517196560687862,0.026135852829434113,0.008140611877624476,0.001891501699660068,0.0004477104579084183,8.042391521695661e-05,2.0475904819036193e-05,1.9996000799840033e-07
0	3329217541	5000.0	0.0039208	0.006	0.037353	0.18214729054189163,0.34603067386522696,0.2595628874225155,0.13485622875424916,0.05574397120575885,0.016104419116176764,0.004374925014997001,0.0010350729854029194,0.00014057188562287542,3.959208158368327e-06
10	3748625977	5000.0	0.0039208	0.006	-0.024090	0.1572842231553689,0.32018360327934414,0.2863368926214757,0.14794081183763247,0.06274121175764848,0.020008198360327935,0.0046094781043791245,0.000720375924815037,0.0001634873025394921,1.1517696460707858e-05,1.5996800639872026e-07,3.9992001599680065e-08
7	1952592422	5000.0	0.0039208	0.006	-0.002140	0.13772029594081184,0.31170349930013996,0.30354457108578287,0.1529985202959408,0.0656867026594681,0.019742131573685262,0.006037152569486103,0.0018334733053389323,0.0006343131373725255,9.594081183763247e-05,3.359328134373125e-06,3.9992001599680065e-08
6	2537658906	5000.0	0.0039208	0.006	-0.001717	0.19694505098980203,0.3374749050189962,0.24835172965406918,0.13509158168366328,0.057417036592681464,0.01882031593681264,0.004729854029194161,0.001064867026594681,0.00010225954809038193,2.399520095980804e-06
17	3747625051	5000.0	0.0039208	0.006	-0.018956	0.2065391721655669,0.31538524295140974,0.2588357128574285,0.13941635672865427,0.05664155168966207,0.018524655068986203,0.003613517296540692,0.0008881423715256948,0.00014937012597480504,5.958808238352329e-06,3.199360127974405e-07
19	3490998878	5000.0	0.0039208	0.006	-0.005008	0.18479296140771845,0.33057032593481306,0.2629289342131574,0.1402887822435513,0.05815856828634273,0.017862907418516295,0.0042598680263947215,0.000592001599680064,0.00045530893821235755,7.978404319136172e-05,1.0557888422315537e-05
1	3455474697	5000.0	0.0039208	0.006	0.006506	0.20220851829634073,0.31780707858428314,0.25814173165366927,0.1435523695260948,0.05485362927414517,0.01781979604079184,0.004434593081383723,0.0010260747850429914,0.00013893221355728853,1.4437112577484502e-05,2.7994401119776045e-06,3.9992001599680065e-08
16	1705949780	5000.0	0.0039208	0.006	0.037519	0.1947862027594481,0.314149450109978,0.2601858828234353,0.14825890821835633,0.05858552289542092,0.01763151369726055,0.004865066986602679,0.0012476704659068185,0.00020859828034393123,7.090581883623276e-05,1.0277944411117777e-05
18	3940026460	5000.0	0.0039208	0.006	0.005326	0.2463008198360328,0.3463099380123975,0.23335844831033795,0.11610517896420716,0.04326190761847631,0.01204239152169566,0.002160247950409918,0.0004129574085182963,4.535092981403719e-05,2.7594481103779245e-06
3	1459831317	5000.0	0.0039208	0.006	0.018958	0.18878900219956007,0.3296140771845631,0.25112061587682466,0.14696568686262748,0.05978476304739052,0.0175127774445111,0.005078464307138572,0.0009600479904019197,0.00011809638072385522,5.538892221555689e-05,1.0797840431913617e-06
12	1484437568	5000.0	0.0039208	0.006	0.047095	0.14084755048990202,0.3284255148970206,0.2807151369726055,0.15709718056388722,0.06260671865626874,0.023209558088382324,0.005812877424515097,0.0010007598480303939,0.00022979404119176166,2.6274745050989802e-05,2.6874625074985e-05,1.7596480703859228e-06
14	543426634	5000.0	0.0039208	0.006	-0.001137	0.1804863427314537,0.3226406718656269,0.2670212357528494,0.14335676864627075,0.05718684263147371,0.02033513297340532,0.006390321935612877,0.001989762047590482,0.0005016996600679864,7.530493901219756e-05,1.5796840631873626e-05,1.199760047990402e-07
11	2028676665	5000.0	0.0039208	0.006	0.047656	0.22323955208958207,0.3316493901219756,0.24103011397720456,0.13398444311137772,0.04931125774845031,0.01564379124175165,0.0036484303139372124,0.00099876024795041,0.0004423515296940612,4.971005798840232e-05,2.1995600879824035e-06
13	1547010121	5000.0	0.0039208	0.006	-0.012988	0.23197080583883223,0.31535512897420515,0.257476424715057,0.1306096780643871,0.046499420115976804,0.013029554089182164,0.004010197960407918,0.0008793041391721656,0.00016096780643871226,8.518296340731854e-06
20	491305059	5000.0	0.0039208	0.006	-0.006081	0.1831143771245751,0.3307380523895221,0.251350649870026,0.14498264347130574,0.06326822635472905,0.020222195560887824,0.004918056388722255,0.0011912017596480704,0.00020347930413917216,1.0077984403119377e-05,1.0397920415916818e-06
21	2034348645	5000.0	0.0039208	0.006	0.009999	0.18777276544691063,0.3201338932213557,0.2607778044391122,0.14112805438912218,0.060153089382123576,0.02108382323535293,0.007088462307538492,0.0013886822635472906,0.00032445510897820436,0.00012177564487102579,2.5594881023795242e-05,1.5996800639872026e-06
22	3994212457	5000.0	0.0039208	0.006	0.043907	0.1848386722655469,0.31954673065386924,0.26441379724055186,0.14700047990401918,0.06009086182763447,0.01810585882823435,0.004894221155768846,0.0009912417516496702,0.00010209958008398321,1.3237352529494102e-05,2.7994401119776045e-06
33	233410220	5000.0	0.0039208	0.006	-0.003140	0.23480635872825434,0.3408099580083983,0.24229570085982804,0.12125622875424916,0.044185962807438514,0.012640551889622076,0.0031718456308738254,0.0006834633073385323,0.00014677064587082582,3.1593681263747252e-06
32	2858480806	5000.0	0.0039208	0.006	0.001024	0.17560987802439512,0.3039517696460708,0.2670747450509898,0.15271449710057988,0.06889558088382323,0.022844231153769247,0.006929494101179764,0.0015897220555888822,0.00026450709858028394,0.00012209558088382324,3.4793041391721655e-06
40	1617696978	5000.0	0.0039208	0.006	-0.003851	0.16520355928814237,0.3202225554889022,0.2724640271945611,0.15313949210157968,0.06009034193161368,0.02167782443511298,0.005787602479504099,0.0011921615676864627,0.00021455708858228356,7.878424315136973e-06
27	1595968648	5000.0	0.0039208	0.006	-0.006515	0.16565554889022197,0.3182399920015997,0.2684592281543691,0.1510137572485503,0.06528462307538492,0.022964007198560288,0.006673865226954609,0.0014253549290141972,0.00020935812837432512,7.318536292741452e-05,1.0797840431913617e-06
36	2812113591	5000.0	0.0039208	0.006	0.002342	0.2264642671465707,0.3038373125374925,0.2499642871425715,0.14286122775444912,0.054446870625874826,0.0165372925414917,0.00492117576484703,0.0007798840231953609,0.00016816636672665466,1.883623275344931e-05,6.798640271945611e-07
26	2048366719	5000.0	0.0039208	0.006	0.010381	0.2142015596880624,0.3193982403519296,0.2530232353529294,0.1379487702459508,0.05453605278944211,0.015962247550489903,0.003788522295540892,0.0009850429914017196,0.000136372725454909,1.991601679664067e-05,3.9992001599680065e-08
37	319363772	5000.0	0.0039208	0.006	0.022429	0.16007006598680265,0.32328990201959606,0.26402943411317736,0.1567484103179364,0.06873481303739253,0.021135692861427715,0.005081103779244151,0.0008301939612077585,7.814437112577485e-05,2.2395520895820834e-06
28	4272397451	5000.0	0.0039208	0.006	-0.004987	0.1785475304939012,0.30962151569686064,0.28073265346930615,0.14936880623875226,0.0579126974605079,0.01737008598280344,0.005218156368726255,0.000940251949610078,0.0002295140971805639,5.266946610677864e-05,6.07878424315137e-06,3.9992001599680065e-08
39	344086223	5000.0	0.0039208	0.006	0.035237	0.1815766046790642,0.3135096980603879,0.2669500899820036,0.14813457308538291,0.06127118576284743,0.0214621875624875,0.006010357928414317,0.0009698460307938412,8.274345130973805e-05,2.7034593081383723e-05,5.6388722255548894e-06,3.9992001599680065e-08
23	217035891	5000.0	0.0039208	0.006	-0.012617	0.16372993401319735,0.2971991601679664,0.2604217556488702,0.16880419916016798,0.07169478104379125,0.027259628074385124,0.008256708658268346,0.002320655868826235,0.0002867826434713057,2.6314737052589482e-05,7.998400319936013e-08
29	1034012816	5000.0	0.0039208	0.006	-0.018188	0.1863904419116177,0.311200799840032,0.26925594881023796,0.15060639872025594,0.058092901419716056,0.01859232153569286,0.0047170965806838635,0.0009496100779844032,0.00018964207158568287,4.839032193561288e-06
34	1037057201	5000.0	0.0039208	0.006	0.008224	0.20852285542891422,0.3287091781643671,0.25004551089782046,0.13398192361527694,0.053773365326934615,0.01908994201159768,0.004703339332133573,0.001016876624675065,0.00012985402919416116,2.571485702859428e-05,0.0,1.4397120575884822e-06
31	3281631905	5000.0	0.0039208	0.006	-0.006972	0.18676848630273946,0.31937908418316335,0.2611754049190162,0.13994697060587882,0.06375912817436513,0.02216744651069786,0.005117176564687063,0.0014801039792041591,0.00019416116776644672,1.20375924815037e-05
24	1132358778	5000.0	0.0039208	0.006	0.009203	0.21016816636672667,0.3068826234753049,0.2583740851829634,0.14673341331733653,0.055676904619076185,0.0164875824835033,0.004301499700059988,0.0010365126974605078,0.00027194561087782445,4.5390921815636875e-05,1.5116976604679064e-05,6.27874425114977e-06,4.799040191961608e-07
35	67061428	5000.0	0.0039208	0.006	-0.003476	0.209901699660068,0.32708806238752247,0.25199132173565286,0.1320996200759848,0.05648858228354329,0.01728390321935613,0.003814117176564687,0.0010594281143771246,0.00022039592081583682,4.155168966206759e-05,1.1157768446310738e-05,1.5996800639872026e-07
38	652930244	5000.0	0.0039208	0.006	-0.005409	0.21269218156368727,0.2937719656068786,0.2636632273545291,0.1428499100179964,0.06034081183763247,0.019655588882223556,0.005050149970005999,0.0015290541891621677,0.00039528094381123774,5.138972205558888e-05,4.399120175964807e-07
30	2395802267	5000.0	0.0039208	0.006	0.000755	0.2133390521895621,0.3278567086582683,0.25706938612277547,0.13076444711057789,0.04995136972605479,0.01592249550089982,0.004174765046990602,0.0008479504099180164,7.298540291941611e-05,8.398320335932813e-07
41	3577183957	5000.0	0.0039208	0.006	0.084661	0.08801527694461107,0.29027746450709857,0.2873624875024995,0.1858852629474105,0.09596120775844831,0.036452029594081184,0.012096700659868027,0.0031929614077184565,0.0006202359528094381,9.542091581683664e-05,3.703259348130374e-05,3.759248150369926e-06,1.5996800639872026e-07
25	869192316	5000.0	0.0039208	0.006	0.053832	0.17933053389322134,0.2955532093581284,0.278224475104979,0.15451825634873026,0.06445390921815637,0.021289582083583284,0.0050015596880623875,0.001400879824035193,0.000218876224755049,8.638272345530894e-06,7.998400319936013e-08
42	499170016	5000.0	0.0039208	0.006	0.004179	0.185474025194961,0.3097360927814437,0.2671206158768246,0.15075304939012196,0.06118376324735053,0.019938572285542893,0.004682943411317736,0.0009513297340531893,0.00015176964607078585,7.838432313537292e-06
44	3847442165	5000.0	0.0039208	0.006	0.033470	0.21819244151169767,0.34568546290741853,0.24897988402319537,0.1240119576084783,0.04609378124375125,0.013060387922415517,0.0031323335332933415,0.0006150769846030794,0.0002005998800239952,2.6954609078184362e-05,1.1197760447910417e-06
51	1638589203	5000.0	0.0039208	0.006	-0.019031	0.21717004599080184,0.3197949610077984,0.24736864627074584,0.1396241151769646,0.05400119976004799,0.01698840231953609,0.0037309338132373525,0.0011576884623075384,0.00012441511697660468,3.299340131973605e-05,5.958808238352329e-06,1.9996000799840033e-07,4.399120175964807e-07
48	1023046920	5000.0	0.0039208	0.006	0.017049	0.1801374525094981,0.2848012397520496,0.28038048390321935,0.1578649470105979,0.06643823235352929,0.022429914017196562,0.006515736852629474,0.0012903819236152769,0.0001328134373125375,6.19876024795041e-06,2.599480103979204e-06
50	139502352	5000.0	0.0039208	0.006	0.006122	0.20033045390921816,0.31902191561687665,0.26043027394521095,0.1371515296940612,0.06105494901019796,0.017074265146970607,0.003997000599880024,0.0008301539692061587,0.00010337932413517297,5.958808238352329e-06,1.199760047990402e-07
56	224453937	5000.0	0.0039208	0.006	0.031944	0.1857108978204359,0.3083532093581284,0.27005514897020594,0.14884099180163968,0.06114509098180364,0.019597720455908817,0.004893581283743251,0.0011022195560887822,0.00013857228554289142,1.3717256548690262e-05,0.00010425914817036593,3.91121775644871e-05,5.478904219156169e-06
58	3823577394	5000.0	0.0039208	0.006	-0.008887	0.20244019196160767,0.32092045590881824,0.2575516096780644,0.13910329934013196,0.05578568286342731,0.0177750049990002,0.005264147170565887,0.0010599080183963207,9.078184363127375e-05,8.838232353529294e-06,7.998400319936013e-08
47	345801478	5000.0	0.0039208	0.006	0.023217	0.17814613077384522,0.31463231353729254,0.27013241351729655,0.15171985602879423,0.058016396720655866,0.019430593881223757,0.006198080383923215,0.0014246750649870026,0.00022463507298540292,7.206558688262348e-05,2.8394321135772845e-06
57	847643954	5000.0	0.0039208	0.006	-0.011586	0.20500547890421916,0.30914605078984203,0.26097136572685464,0.13956808638272344,0.05867978404319136,0.01997716456708658,0.00543623275344931,0.0010091981603679264,0.0001847630473905219,2.1075784843031393e-05,7.598480303939212e-07,3.9992001599680065e-08
45	265345271	5000.0	0.0039208	0.006	-0.012488	0.00017604479104179165,0.25304347130573884,0.3089258548290342,0.2450367926414717,0.1269369326134773,0.048073585282943414,0.013567086582683463,0.002802759448110378,0.001056508698260348,0.0003590881823635273,2.059588082383523e-05,1.279744051189762e-06
53	1058400030	5000.0	0.0039208	0.006	0.040272	0.13251645670865828,0.3085627274545091,0.29339180163967205,0.16630853829234152,0.06793973205358929,0.02340767846430714,0.006075664867026594,0.0014457908418316337,0.00031973605278944213,2.991401719656069e-05,1.959608078384323e-06
46	4068825852	5000.0	0.0039208	0.006	-0.022554	0.2603096580683863,0.2987357328534293,0.2292133973205359,0.1320745050989802,0.05634193161367727,0.017257628474305137,0.004877784443111378,0.00097124575084983,0.00016324735052989403,5.422915416916617e-05,6.39872025594881e-07
43	1057224428	5000.0	0.0039208	0.006	0.003270	0.20101195760847831,0.34307242551489703,0.2522629874025195,0.1344112377524495,0.05074897020595881,0.014111577684463108,0.0036395920815836835,0.0006511097780443912,7.774445110977804e-05,1.22375524895021e-05,1.5996800639872026e-07
59	3469218614	5000.0	0.0039208	0.006	-0.023605	0.18084155168966207,0.3245649670065987,0.26651637672465506,0.14376512697460508,0.05906402719456109,0.01917980403919216,0.00503871225754849,0.0008350329934013197,0.00016652669466106777,2.7674465106978603e-05,1.9996000799840033e-07
49	2513132303	5000.0	0.0039208	0.006	0.056702	0.21418440311937612,0.32934865026994603,0.2541618876224755,0.13454749050189962,0.048111617676464706,0.013901779644071187,0.0044794641071785645,0.0008814237152569486,0.0002516696660667866,0.00010825834833033393,2.2835432913417317e-05,5.198960207958409e-07
52	2878919965	5000.0	0.0039208	0.006	-0.022204	0.20253013397320535,0.32301563687262547,0.2508141571685663,0.14499852029594082,0.05575436912617476,0.01687722455508898,0.004560167966406719,0.001069866026794641,0.00033053389322135575,4.491101779644071e-05,4.2791441711657665e-06,1.9996000799840033e-07
55	1905680165	5000.0	0.0039208	0.006	0.004134	0.1828610677864427,0.313277024595081,0.27073005398920214,0.15147318536292742,0.05875388922215557,0.01760367926414717,0.004379884023195361,0.0007459708058388323,0.00015120975804839033,2.3875224955008998e-05,1.5996800639872026e-07
61	2091922233	5000.0	0.0039208	0.006	-0.017468	0.1750245550889822,0.30528142371525696,0.2701743651269746,0.15231373725254949,0.06875700859828035,0.021166606678664268,0.006173045390921816,0.001004639072185563,8.646270745850829e-05,1.7876424715056987e-05,2.7994401119776043e-07
60	2797510968	5000.0	0.0039208	0.006	-0.011145	0.20612985402919415,0.3309084983003399,0.2548624275144971,0.1344869426114777,0.051498460307938414,0.016775964807038593,0.004433033393321336,0.0007624475104979004,0.00011345730853829234,2.8394321135772847e-05,5.198960207958409e-07
54	3761859871	5000.0	0.0039208	0.006	0.054360	0.15198168366326734,0.3255734453109378,0.2735217356528694,0.15922127574485104,0.06361639672065587,0.01864095180963807,0.006029274145170966,0.0012551889622075584,0.00015520895820835833,4.839032193561288e-06
67	1702578539	5000.0	0.0039208	0.006	-0.003162	0.25720467906418715,0.32854277144571087,0.2324257148570286,0.11426810637872425,0.047705338932213556,0.015070345930813838,0.003548450309938012,0.0009870825834833034,0.00023375324935012996,1.3677264547090581e-05,7.998400319936013e-08
72	2436679558	5000.0	0.0039208	0.006	-0.003204	0.20163163367326534,0.34246926614677065,0.2556891421715657,0.13304219156168767,0.04656980603879224,0.015381003799240152,0.004051709658068386,0.0008324335132973405,0.00025650869826034794,7.450509898020396e-05,1.799640071985603e-06
69	345150840	5000.0	0.0039208	0.006	0.034731	0.1681238952209558,0.3101573285342931,0.2695698460307938,0.15835704859028193,0.06642735452909418,0.020268146370725854,0.005568846230753849,0.0013048590281943611,0.000200999800039992,2.1675664867026596e-05
70	2655313793	5000.0	0.0039208	0.006	0.024417	0.1525220155968806,0.3250650269946011,0.26804335132973406,0.1587381723655269,0.06792617476504699,0.021755728854229155,0.005025274945010998,0.0008187162567486503,0.00010213957208558288,3.3993201359728056e-06
66	3578698603	5000.0	0.0039208	0.006	-0.003733	0.15901099780043992,0.32337152569486105,0.27705414917016596,0.15343883223355329,0.05804027194561088,0.019727174565086984,0.006905458908218356,0.001999880023995201,0.0004326334733053389,1.4117176564687063e-05,5.99880023995201e-07,4.159168166366727e-06,1.9996000799840033e-07
64	3334667105	5000.0	0.0039208	0.006	0.000620	0.24469314137172565,0.3278386722655469,0.24412225554889022,0.11992001599680063,0.046485422915416914,0.013617796440711857,0.002908018396320736,0.00033113377324535094,7.902419516096781e-05,4.519096180763847e-06
63	2787711321	5000.0	0.0039208	0.006	-0.006298	0.2326492701459708,0.3234761047790442,0.2463121375724855,0.12265126974605078,0.0524253949210158,0.017244191161767647,0.004171925614877024,0.0009001799640071986,0.00015704859028194362,1.22375524895021e-05,2.399520095980804e-07
71	1730717572	5000.0	0.0039208	0.006	0.012826	0.16720451909618075,0.3066239952009598,0.26593169366126773,0.16713169366126773,0.06667738452309538,0.019209078184363126,0.005980603879224155,0.0010420315936812638,0.00017336532693461307,2.3355328934213156e-05,2.1995600879824035e-06,7.998400319936013e-08
68	3771658609	5000.0	0.0039208	0.006	0.061411	0.18157180563887224,0.3240750649870026,0.2630131573685263,0.13888382323535292,0.06331901619676064,0.020915456908618277,0.006578844231153769,0.0013799640071985603,0.00019024195160967806,5.91881623675265e-05,1.0717856428714257e-05,2.7194561087782445e-06
65	104019305	5000.0	0.0039208	0.006	-0.009844	0.1963394921015797,0.3430355928814237,0.2644008798240352,0.12951533693261347,0.046960487902419516,0.01573357328534293,0.0032970605878824234,0.0006139572085582883,4.7230553889222154e-05,5.070985802839432e-05,5.6388722255548894e-06,3.9992001599680065e-08
74	1493174158	5000.0	0.0039208	0.006	0.007061	0.17591821635672866,0.32464571085782845,0.27352089582083583,0.14972785442911418,0.05352129574085183,0.01642247550489902,0.004707818436312738,0.0012724655068986203,0.00025006998600279943,1.3037392521495702e-05,1.5996800639872026e-07
77	1123698067	5000.0	0.0039208	0.006	-0.005557	0.24199712057588482,0.3092739852029594,0.2440489102179564,0.1309131373725255,0.05158848230353929,0.01718620275944811,0.004261467706458708,0.0006064387122575485,0.00010797840431913617,1.5436912617476506e-05,8.398320335932813e-07
75	3731409806	5000.0	0.0039208	0.006	-0.002996	0.19740947810437912,0.32156400719856026,0.25797808438312336,0.1440127574485103,0.05500499900019996,0.017872825434913017,0.004718296340731854,0.0011808038392321536,0.00024911017796440713,9.518096380723854e-06,1.199760047990402e-07
73	3744800137	5000.0	0.0039208	0.006	0.035941	0.010831713657268547,0.23634145170965806,0.3279261347730454,0.23521007798440313,0.1231239352129574,0.04373305338932214,0.016128454309138174,0.005201799640071986,0.001244111177764447,0.00023499300139972007,2.2795440911817637e-05,1.4797040591881624e-06
76	1983345041	5000.0	0.0039208	0.006	0.016874	0.2113780043991202,0.33930557888422314,0.25360755848830235,0.124100899820036,0.048635672865426915,0.018114737052589484,0.003691781643671266,0.0010098380323935213,0.00015256948610277944,3.319336132773445e-06,3.9992001599680065e-08
62	3044819265	5000.0	0.0039208	0.006	-0.003086	4.1991601679664066e-06,0.22550397920415916,0.31939624075184964,0.25139604079184164,0.1280117176564687,0.05321863627274545,0.01610385922815437,0.004819716056788642,0.0012099180163967207,0.00024947010597880425,8.018396320735853e-05,2.559488102379524e-06,3.4793041391721655e-06
78	3366503321	5000.0	0.0039208	0.006	-0.008714	0.22526478704259148,0.3200927814437113,0.24838168366326735,0.1313120175964807,0.05324719056188762,0.01633157368526295,0.003975604879024195,0.001003119376124775,0.000268626274745051,9.030193961207759e-05,3.143371325734853e-05,8.798240351929614e-07
79	3785325983	5000.0	0.0039208	0.006	0.004271	0.18537068586282743,0.3034170365926815,0.2723651269746051,0.14685518896220756,0.061330253949210156,0.021526494701059787,0.007143651269746051,0.0015848830233953209,0.00036700659868026396,3.543291341731654e-05,4.1991601679664066e-06,3.9992001599680065e-08
81	2842322859	5000.0	0.0039208	0.006	0.005597	0.18490733853229355,0.33043435312937414,0.26127618476304737,0.1410142371525695,0.059253229354129175,0.016282983403319337,0.00543883223355329,0.0009435312937412518,0.0002892221555688862,0.00010509898020395921,3.9632073585282944e-05,1.3957208558288343e-05,1.3997200559888023e-06
80	164138913	5000.0	0.0039208	0.006	-0.013533	0.22460743851229753,0.32395772845430915,0.2551624875024995,0.12506618676264747,0.05168938212357529,0.015275104979004198,0.0035678064387122577,0.0006187162567486503,4.0071985602879425e-05,1.5036992601479703e-05,3.9992001599680065e-08
84	3798558136	5000.0	0.0039208	0.006	-0.010494	0.1446123175364927,0.2841523295340932,0.30108322335532894,0.16707866426714657,0.07257980403919216,0.02319612077584483,0.006212077584483103,0.0009641671665666867,0.0001139372125574885,7.278544291141772e-06,7.998400319936013e-08
98	1594901494	5000.0	0.0039208	0.006	0.009673	0.24107270545890822,0.34279712057588485,0.2363883623275345,0.11986126774645071,0.04445230953809238,0.012223435312937413,0.0025567686462707457,0.0004393921215756849,0.00019184163167366527,1.4397120575884824e-05,2.1995600879824035e-06,1.9996000799840033e-07
88	3071702992	5000.0	0.0039208	0.006	0.001891	0.19994617076584684,0.32806742651469706,0.25389630073985203,0.1380867826434713,0.057807158568286346,0.016610837832433514,0.00437876424715057,0.0008385922815436912,0.0003152169566086783,4.587082583483303e-05,6.878624275144971e-06
91	1840983008	5000.0	0.0039208	0.006	0.002680	0.14114069186162767,0.2847360927814437,0.28183951209758046,0.17868182363527293,0.07687026594681064,0.026461707658468305,0.008433153369326134,0.0014106378724255148,0.00036256748650269945,5.138972205558888e-05,7.678464307138573e-06,4.479104179164167e-06
92	1912834533	5000.0	0.0039208	0.006	0.001460	0.23956188762247552,0.3312400319936013,0.24698304339132174,0.12303543291341731,0.0418631473705259,0.012362087582483503,0.0035048190361927616,0.0010454709058188363,0.00031773645270945813,6.1027794441111776e-05,2.2635472905418915e-05,2.679464107178564e-06
96	3109252592	5000.0	0.0039208	0.006	-0.000159	0.17850253949210157,0.3180955408918216,0.26744059188162367,0.14404767046590683,0.06260419916016796,0.01975888822235553,0.007012357528494301,0.001846630673865227,0.0002951409718056389,0.0003002599480103979,9.190161967606479e-05,4.159168166366727e-06,1.199760047990402e-07
93	1366963178	5000.0	0.0039208	0.006	0.043908	0.13273409318136373,0.3177706458708258,0.28556812637472506,0.16342035592881424,0.06870981803639273,0.02419656068786243,0.006300139972005599,0.001013237352529494,0.0002604279144171166,2.6354729054189163e-05,2.399520095980804e-07
94	2863221740	5000.0	0.0039208	0.006	0.040136	0.10966654669066186,0.26731897620475903,0.2951672065586883,0.19681955608878224,0.0884874625074985,0.03182175564887023,0.008320855828834232,0.0019910817836432714,0.0002948610277944411,6.310737852429514e-05,4.175164967006599e-05,6.678664267146571e-06,1.5996800639872026e-07
82	64172973	5000.0	0.0039208	0.006	0.042011	0.17112297540491903,0.33174333133373324,0.2697025394921016,0.14577868426314736,0.05671801639672065,0.018455188962207558,0.005246070785842831,0.0009755248950209958,0.000241751649670066,1.5476904619076186e-05,4.399120175964807e-07
83	414645166	5000.0	0.0039208	0.006	0.004296	0.18224703059388123,0.3424379924015197,0.26372181563687264,0.13643947210557889,0.05402015596880624,0.015439232153569286,0.004554409118176365,0.0010887422515496901,5.0189962007598483e-05,9.598080383923216e-07
85	2840577464	5000.0	0.0039208	0.006	0.028665	0.1466842631473705,0.29093885222955407,0.2834122375524895,0.16788986202759448,0.07558668266346731,0.025520775844831034,0.007494421115776845,0.0019993601279744053,0.00034453109378124376,0.00011341731653669267,1.5596880623875224e-05
86	439508424	5000.0	0.0039208	0.006	0.040372	0.18115740851829634,0.3398611077784443,0.2610647070585883,0.14206554689062187,0.0538374325134973,0.016352009598080385,0.004848070385922816,0.0006474305138972205,0.00015760847830433914,8.678264347130574e-06
99	3693359102	5000.0	0.0039208	0.006	-0.020524	0.1617866026794641,0.2955380523895221,0.27779100179964006,0.16234141171765648,0.06756448710257948,0.026425274945011,0.006999360127974405,0.0012455908818236354,0.00023055388922215556,6.606678664267147e-05,1.0877824435112978e-05,7.198560287942411e-07
97	1394073585	5000.0	0.0039208	0.006	0.007049	0.1893504899020196,0.32873513297340534,0.2578749450109978,0.14074853029394122,0.05700323935212957,0.01985242951409718,0.005288622275544891,0.0009608078384323135,0.00015312937412517496,3.171365726854629e-05,9.598080383923216e-07
89	1795974609	5000.0	0.0039208	0.006	-0.011997	0.20594237152569486,0.31943375324935014,0.24270653869226155,0.1408259548090382,0.0629257348530294,0.02053517296540692,0.006360807838432314,0.0010363927214557089,0.00020827834433113378,2.439512097580484e-05,5.99880023995201e-07
95	3755599854	5000.0	0.0039208	0.006	0.014803	0.13655268946210758,0.29693933213357326,0.28770877824435115,0.16709186162767448,0.07283847230553889,0.027192601479704058,0.00850633873225355,0.0023474505098980206,0.0006215956808638272,0.00017408518296340732,1.959608078384323e-05,7.198560287942412e-06
90	478905818	5000.0	0.0039208	0.006	-0.001494	0.1893012197560488,0.3294383523295341,0.2680020795840832,0.13845654869026194,0.05712385522895421,0.01456372725454909,0.002753009398120376,0.0003289742051589682,3.155368926214757e-05,6.798640271945611e-07
87	4164524492	5000.0	0.0039208	0.006	-0.002884	0.19200583883223354,0.3084649070185963,0.25839208158368326,0.1524632273545291,0.06115736852629474,0.0204373525294941,0.005922015596880624,0.0010015996800639873,0.00014813037392521496,7.478504299140172e-06
