sim_id	seed	popsize	selcoef	mutrate	velocity	profile
13	2818443335	5000.0	0.001	5.95e-05	0.070872	0.9702890221955609,0.029675104979004198,3.587282543491302e-05
2	2501957649	5000.0	0.001	5.95e-05	0.071635	0.9782087582483503,0.02173225354929014,5.898820235952809e-05
7	2650595358	5000.0	0.001	5.95e-05	0.274361	0.936675424915017,0.0605628874225155,0.002699860027994401,6.182763447310538e-05
15	2029097036	5000.0	0.001	5.95e-05	-0.026889	0.9812323935212958,0.018541491701659668,0.00022611477704459108
6	493236251	5000.0	0.001	5.95e-05	-0.176226	0.9762845030993801,0.023680663867226556,3.4833033393321335e-05
12	3321763908	5000.0	0.001	5.95e-05	-0.180045	0.9572061987602479,0.03986742651469706,0.0029228554289142173,3.5192961407718455e-06
5	1457508377	5000.0	0.001	5.95e-05	-0.179856	0.9364594281143771,0.06232253549290142,0.0012141571685662868,3.879224155168966e-06
10	386302006	5000.0	0.001	5.95e-05	-0.129438	0.9793836432713457,0.019650589882023596,0.0009653669266146771,3.9992001599680065e-07
16	1515421777	5000.0	0.001	5.95e-05	0.240481	0.9652313537292542,0.03459544091181763,0.00017320535892821436
18	2977742932	5000.0	0.001	5.95e-05	-0.064374	0.9740106778644271,0.025419196160767845,0.000570125974805039
4	601563157	5000.0	0.001	5.95e-05	0.841750	0.8491213357328534,0.14985686862627476,0.0010083183363327334,1.3477304539092181e-05
19	2971390042	5000.0	0.001	5.95e-05	0.457117	0.9541324135172965,0.04528910217956409,0.0005784843031393721
3	243560466	5000.0	0.001	5.95e-05	-0.954816	0.9315886822635473,0.06553517296540692,0.0028756648670265946,4.799040191961608e-07
11	3573815364	5000.0	0.001	5.95e-05	0.022418	0.9105033393321336,0.08897136572685463,0.0005252949410117976
1	2799562766	5000.0	0.001	5.95e-05	-0.392167	0.9429103379324135,0.056874545090981804,0.00021511697660467908
17	1254111315	5000.0	0.001	5.95e-05	-0.121585	0.9501402119576084,0.04721443711257749,0.0026451509698060386,1.9996000799840033e-07
8	1170346020	5000.0	0.001	5.95e-05	-0.129313	0.9691356128774246,0.03068866226754649,0.0001757248550289942
0	4232665101	5000.0	0.001	5.95e-05	0.131476	0.9684301139772046,0.03076620675864827,0.0008036792641471706
14	1821960268	5000.0	0.001	5.95e-05	-0.079694	0.9476635072985403,0.052264547090581884,7.194561087782443e-05
9	1791236135	5000.0	0.001	5.95e-05	-1.441167	0.7917873225354929,0.2073883623275345,0.0008231953609278144,1.1197760447910417e-06
20	4264556635	5000.0	0.001	5.95e-05	0.265029	0.9366869426114777,0.06308062387522495,0.00023243351329734052
22	4292046945	5000.0	0.001	5.95e-05	-0.018946	0.9702054789042192,0.029674705058988202,0.00011969606078784243,1.199760047990402e-07
21	465053792	5000.0	0.001	5.95e-05	-0.483865	0.939806598680264,0.059729534093181366,0.00046386722655468904
27	3982180481	5000.0	0.001	5.95e-05	0.147829	0.9753612877424515,0.024570525894821036,6.81863627274545e-05
25	219353202	5000.0	0.001	5.95e-05	0.514349	0.932978124375125,0.06372797440511897,0.0031882023595280946,0.00010569886022795441
23	2735546474	5000.0	0.001	5.95e-05	0.140662	0.9337505698860228,0.0642242351529694,0.001981483703259348,4.371125774845031e-05
26	1217292415	5000.0	0.001	5.95e-05	-0.043792	0.9593275344931014,0.040542011597680463,0.00013045390921815638
31	2992371850	5000.0	0.001	5.95e-05	-0.536314	0.9218861027794442,0.07779904019196161,0.0003147770445910818,7.998400319936013e-08
33	2808950922	5000.0	0.001	5.95e-05	0.134073	0.9841752049590082,0.015019316136772645,0.0008051589682063588,3.199360127974405e-07
35	1930225808	5000.0	0.001	5.95e-05	0.655064	0.9125457308538293,0.08577376524695061,0.0016804639072185562,3.9992001599680065e-08
30	1567713413	5000.0	0.001	5.95e-05	0.165897	0.96775024995001,0.03195672865426915,0.00029302139572085585
34	1730222223	5000.0	0.001	5.95e-05	0.063144	0.9812054389122176,0.01859112177564487,0.0002034393121375725
24	1463490673	5000.0	0.001	5.95e-05	0.442464	0.8913006198760248,0.08685562887422515,0.021722575484903018,0.00012117576484703059
29	1888225413	5000.0	0.001	5.95e-05	-1.632756	0.7831555288942211,0.21139720055988803,0.005437192561487702,1.0077984403119377e-05
32	2042398859	5000.0	0.001	5.95e-05	0.652006	0.7595136572685462,0.23224751049790043,0.008228434313137372,1.0397920415916817e-05
38	3745237144	5000.0	0.001	5.95e-05	-0.657935	0.7782837032593481,0.21722051589682065,0.004486902619476105,8.878224355128975e-06
37	2543915151	5000.0	0.001	5.95e-05	-0.000147	0.9911896420715857,0.008807958408318337,2.399520095980804e-06
36	3228967057	5000.0	0.001	5.95e-05	0.032754	0.9696150369926014,0.03006102779444111,0.0003238952209558088,3.9992001599680065e-08
28	316199044	5000.0	0.001	5.95e-05	-0.078267	0.9592948210357929,0.0405872825434913,0.00011789642071585683
40	33464489	5000.0	0.001	5.95e-05	0.057971	0.97419800039992,0.025298300339932012,0.0005032993401319736,3.9992001599680065e-07
39	2894811288	5000.0	0.001	5.95e-05	-0.116535	0.9845004199160168,0.01549378124375125,5.798840231953609e-06
41	764827822	5000.0	0.001	5.95e-05	0.580481	0.8958916216756648,0.09772117576484703,0.006373405318936213,1.3797240551889623e-05
42	3291893944	5000.0	0.001	5.95e-05	-0.236819	0.9348845430913817,0.06486530693861228,0.0002501499700059988
45	1220645087	5000.0	0.001	5.95e-05	-0.000090	0.9751179364127175,0.02458396320735853,0.0002980603879224155,3.9992001599680065e-08
44	3065628891	5000.0	0.001	5.95e-05	-0.543587	0.9347680463907219,0.06502255548890222,0.00020935812837432512,3.9992001599680065e-08
47	2799571177	5000.0	0.001	5.95e-05	0.010457	0.9832841431713657,0.016360407918416316,0.0003554489102179564
43	2351907026	5000.0	0.001	5.95e-05	-0.667920	0.9342031593681264,0.06565562887422516,0.0001412117576484703
46	2120089823	5000.0	0.001	5.95e-05	0.178761	0.9685862027594481,0.029423875224955008,0.0019898020395920815,1.199760047990402e-07
51	764264694	5000.0	0.001	5.95e-05	-0.222722	0.9567456908618276,0.04126786642671466,0.0019435312937412517,4.291141771645671e-05
49	2911209714	5000.0	0.001	5.95e-05	0.086687	0.9372415516896621,0.05417120575884823,0.008567966406718657,1.927614477104579e-05
52	3870544120	5000.0	0.001	5.95e-05	-0.034444	0.9834525894821036,0.016325774845030994,0.00022163567286542692
53	3385110782	5000.0	0.001	5.95e-05	0.367900	0.9583878824235152,0.04154425114977005,6.786642671465706e-05
50	2270892277	5000.0	0.001	5.95e-05	0.384245	0.927173325334933,0.07270865826834633,0.00011801639672065587
48	3522826476	5000.0	0.001	5.95e-05	0.139771	0.9812251949610078,0.018647950409918016,0.00012685462907418516
59	1320671504	5000.0	0.001	5.95e-05	0.654430	0.8654949810037993,0.12794273145370927,0.0063994401119776044,0.00016284743051389722
54	2623273216	5000.0	0.001	5.95e-05	0.021487	0.966772125574885,0.03314245150969806,8.542291541691662e-05
61	1697841435	5000.0	0.001	5.95e-05	0.159222	0.9710352329534093,0.02891369726054789,5.106978604279144e-05
62	1873348894	5000.0	0.001	5.95e-05	-0.155647	0.9728372725454909,0.027129134173165367,3.359328134373125e-05
63	124717349	5000.0	0.001	5.95e-05	-0.179673	0.9505926414717056,0.04930429914017197,0.00010305938812237552
56	2981445892	5000.0	0.001	5.95e-05	-0.155486	0.9817798040391922,0.018197960407918417,2.2235552889422114e-05
55	1573935363	5000.0	0.001	5.95e-05	-0.148412	0.9673620475904819,0.032317096580683866,0.00032085582883423317
58	1157232908	5000.0	0.001	5.95e-05	0.156339	0.8171163767246551,0.1803968406318736,0.002485862827434513,9.198160367926415e-07
68	1952213295	5000.0	0.001	5.95e-05	-0.110763	0.9711426114777044,0.028709178164367126,0.00014821035792841433
57	1228527880	5000.0	0.001	5.95e-05	-1.003894	0.7995604479104179,0.19960071985602879,0.0008385922815436912,2.399520095980804e-07
67	2930702638	5000.0	0.001	5.95e-05	0.033807	0.9689136572685463,0.03101019796040792,7.610477904419117e-05,3.9992001599680065e-08
71	79724859	5000.0	0.001	5.95e-05	-0.098265	0.9853784443111377,0.01461119776044791,1.0357928414317136e-05
66	3046996268	5000.0	0.001	5.95e-05	0.074563	0.9011862427514498,0.09853165366926615,0.0002820635872825435,3.9992001599680065e-08
60	576160026	5000.0	0.001	5.95e-05	1.210141	0.755322375524895,0.18753113377324535,0.055397680463907216,0.0017474105178964206,1.3997200559888023e-06
65	4022094120	5000.0	0.001	5.95e-05	-0.070683	0.9736313137372525,0.026354569086182764,1.4117176564687063e-05
64	1299912999	5000.0	0.001	5.95e-05	-0.301581	0.8932784643071385,0.10500171965606879,0.0017150969806038793,4.719056188762248e-06
72	612073787	5000.0	0.001	5.95e-05	0.378386	0.9246601079784044,0.07519488102379523,0.00014501099780043992
73	150626624	5000.0	0.001	5.95e-05	-0.037125	0.9683916816636673,0.031557128574285144,5.1189762047590484e-05
69	3434367286	5000.0	0.001	5.95e-05	0.069283	0.9729706058788242,0.025330933813237352,0.0016891421715656868,9.318136372725454e-06
76	968755529	5000.0	0.001	5.95e-05	-0.110738	0.9756293141371726,0.024360487902419518,1.0197960407918416e-05
70	2742710583	5000.0	0.001	5.95e-05	-0.603883	0.8008570685862827,0.197875424915017,0.0012609078184363128,6.598680263947211e-06
74	3617966400	5000.0	0.001	5.95e-05	0.001875	0.9900982203559288,0.009870145970805839,3.163367326534693e-05
78	1475133774	5000.0	0.001	5.95e-05	0.145124	0.9775179364127174,0.022418036392721455,6.402719456108778e-05
77	1448085836	5000.0	0.001	5.95e-05	0.325553	0.9711614477104579,0.02799384123175365,0.00084375124975005,9.598080383923216e-07
82	3823505747	5000.0	0.001	5.95e-05	-0.039846	0.9643415316936612,0.03550369926014797,0.00015476904619076185
85	1972930912	5000.0	0.001	5.95e-05	0.078318	0.9645417716456709,0.03544147170565887,1.6756648670265946e-05
75	2056153414	5000.0	0.001	5.95e-05	-0.142552	0.865814877024595,0.1325129374125175,0.0016719056188762248,2.7994401119776043e-07
88	906037604	5000.0	0.001	5.95e-05	0.003543	0.9884133173365327,0.011578644271145772,8.038392321535693e-06
92	4125858156	5000.0	0.001	5.95e-05	0.061882	0.9818285942811438,0.018164487102579483,6.918616276744651e-06
91	3268852076	5000.0	0.001	5.95e-05	1.481968	0.8269596080783843,0.1621886422715457,0.01083859228154369,1.3157368526294741e-05
89	3329952100	5000.0	0.001	5.95e-05	0.114130	0.9605429314137173,0.039293941211757645,0.0001630873825234953,3.9992001599680065e-08
90	3464540519	5000.0	0.001	5.95e-05	0.247485	0.9096717856428714,0.08890385922815437,0.001410357928414317,1.3997200559888023e-05
79	3961934162	5000.0	0.001	5.95e-05	-0.084320	0.9465880823835233,0.044183523295340935,0.009221875624875024,6.518696260747851e-06
86	2715265378	5000.0	0.001	5.95e-05	0.017622	0.9412539092181563,0.05868354329134173,5.486902619476105e-05,7.678464307138573e-06
95	3932875122	5000.0	0.001	5.95e-05	0.053940	0.9296195560887822,0.07026038792241551,0.00011993601279744051,1.199760047990402e-07
84	1754155354	5000.0	0.001	5.95e-05	0.152174	0.9509581683663267,0.04894733053389322,9.450109978004399e-05
93	1500432750	5000.0	0.001	5.95e-05	0.129445	0.9790659868026395,0.020906498700259946,2.7514497100579884e-05
81	1030836564	5000.0	0.001	5.95e-05	0.141127	0.918052149570086,0.08179748050389922,0.00015036992601479704
94	3978367344	5000.0	0.001	5.95e-05	0.235128	0.9543766046790642,0.044439512097580486,0.001183483303339332,3.9992001599680065e-07
80	3134574931	5000.0	0.001	5.95e-05	0.275805	0.9309826434713058,0.06868474305138972,0.0003326134773045391
83	3461831001	5000.0	0.001	5.95e-05	0.140846	0.9513871225754849,0.048244271145770845,0.0003685262947410518,7.998400319936013e-08
96	2709334388	5000.0	0.001	5.95e-05	0.741249	0.7921173365326935,0.18645134973005398,0.0212252349530094,0.00020607878424315138
97	2892964213	5000.0	0.001	5.95e-05	0.081791	0.9824425114977005,0.01738468306338732,0.00017280543891221755
87	2122201443	5000.0	0.001	5.95e-05	-0.097662	0.9674479904019196,0.03241943611277744,0.00013257348530293942
98	684847480	5000.0	0.001	5.95e-05	-0.720447	0.895869426114777,0.10252061587682464,0.0016097180563887223,2.399520095980804e-07
101	2648928641	5000.0	0.001	5.95e-05	0.032555	0.9781940811837633,0.02179740051989602,8.518296340731854e-06
102	697737602	5000.0	0.001	5.95e-05	0.098460	0.9699888422315537,0.02923603279344131,0.0007746050789842031,5.198960207958409e-07
105	2287352198	5000.0	0.001	5.95e-05	-0.137259	0.9611057388522296,0.038582243551289745,0.00031197760447910415,3.9992001599680065e-08
104	4281100676	5000.0	0.001	5.95e-05	0.656162	0.7901861227754449,0.2032233553289342,0.0065894021195760846,1.1197760447910417e-06
107	3259402634	5000.0	0.001	5.95e-05	0.692384	0.8574978604279144,0.14113329334133173,0.0013688062387522495,3.9992001599680065e-08
108	3693287823	5000.0	0.001	5.95e-05	-1.112335	0.8645244551089782,0.13066390721855628,0.004771565686862628,4.0071985602879425e-05
99	1093730680	5000.0	0.001	5.95e-05	-0.051106	0.9472672665466907,0.05247778444311138,0.0002549490101979604
110	3202750867	5000.0	0.001	5.95e-05	-0.023728	0.9665570485902819,0.03318068386322735,0.00026226754649070187
109	935549329	5000.0	0.001	5.95e-05	1.114601	0.8277199760047991,0.15541931613677265,0.01684647070585883,1.4237152569486102e-05
103	1672384900	5000.0	0.001	5.95e-05	0.177632	0.9446449110177965,0.055214157168566286,0.00014093181363727256
115	3515228581	5000.0	0.001	5.95e-05	0.315480	0.8202203959208159,0.1766261147770446,0.003153369326134773,1.199760047990402e-07
116	1491872165	5000.0	0.001	5.95e-05	-0.557959	0.8828773445310938,0.11356780643871225,0.0035538092381523696,1.0397920415916818e-06
112	2498949538	5000.0	0.001	5.95e-05	-0.192341	0.9630695060987803,0.03582123575284943,0.001109258148370326
100	2324162938	5000.0	0.001	5.95e-05	1.064440	0.809997600479904,0.1639095780843831,0.025694581083783242,0.00039812037592481506,1.199760047990402e-07
118	258208165	5000.0	0.001	5.95e-05	-0.032085	0.9757484503099381,0.024207278544291142,4.427114577084583e-05
106	3051956616	5000.0	0.001	5.95e-05	-0.235079	0.9272877024595081,0.07228990201959608,0.00041371725654869025,8.678264347130574e-06
119	341709236	5000.0	0.001	5.95e-05	0.116339	0.7924589482103579,0.20475500899820037,0.0027856828634273147,3.5992801439712056e-07
122	1404848579	5000.0	0.001	5.95e-05	1.017274	0.8396747050589882,0.15933673265346932,0.0009856028794241153,2.959408118376325e-06
120	1787623862	5000.0	0.001	5.95e-05	-0.402829	0.961447350529894,0.03247370525894821,0.006076664667066587,2.279544091181764e-06
113	2624762274	5000.0	0.001	5.95e-05	-0.252389	0.9674506298740252,0.03252265546890622,2.6714657068586283e-05
121	1497065922	5000.0	0.001	5.95e-05	-0.011093	0.9596933413317337,0.040248230353929215,5.842831433713257e-05
124	3926389195	5000.0	0.001	5.95e-05	-0.049812	0.9818816636672666,0.01789590081983603,0.00022243551289742052
111	326799768	5000.0	0.001	5.95e-05	-0.023781	0.9890921815636873,0.010904059188162368,3.759248150369926e-06
114	1932274084	5000.0	0.001	5.95e-05	-0.224158	0.9739638472305538,0.023489462107578483,0.002543611277744451,3.079384123175365e-06
128	3879451097	5000.0	0.001	5.95e-05	0.157105	0.9643232953409319,0.034801999600079986,0.0008728654269146171,1.839632073585283e-06
127	3580090839	5000.0	0.001	5.95e-05	0.207779	0.9706191161767647,0.02878260347930414,0.0005982803439312138
117	1019040166	5000.0	0.001	5.95e-05	-0.094147	0.9739152169566087,0.0256249150169966,0.0004598280343931214,3.9992001599680065e-08
130	3599104479	5000.0	0.001	5.95e-05	-0.262000	0.9625856028794241,0.0365250549890022,0.0008842231553689262,5.118976204759048e-06
126	2010941906	5000.0	0.001	5.95e-05	-0.151840	0.9774548690261947,0.022525574885022995,1.955608878224355e-05
125	2183588300	5000.0	0.001	5.95e-05	-0.104769	0.9501599280143971,0.04967086582683463,0.00016920615876824636
123	3747279299	5000.0	0.001	5.95e-05	-0.611873	0.9128981803639272,0.07725230953809238,0.009846590681863627,2.9194161167766445e-06
129	2828782042	5000.0	0.001	5.95e-05	0.084195	0.9700039192161568,0.029943491301739653,5.258948210357928e-05
133	3901708775	5000.0	0.001	5.95e-05	-0.465017	0.9219995600879825,0.07735856828634273,0.000641871625674865
135	2880598509	5000.0	0.001	5.95e-05	-0.140019	0.9514671865626875,0.04739212157568486,0.0011400119976004799,6.798640271945611e-07
131	1679579616	5000.0	0.001	5.95e-05	0.290173	0.9584404719056189,0.04146502699460108,9.450109978004399e-05
132	3094411749	5000.0	0.001	5.95e-05	0.246375	0.9066580683863228,0.09235384923015397,0.0009877224555088983,3.5992801439712056e-07
136	1831123450	5000.0	0.001	5.95e-05	0.133115	0.9673074585082984,0.03238512297540492,0.00030741851629674066
137	1511897603	5000.0	0.001	5.95e-05	0.204374	0.9058746650669866,0.09327686462707459,0.0008484303139372125,3.9992001599680065e-08
139	2754279951	5000.0	0.001	5.95e-05	0.059589	0.9710083183363327,0.028954209158168365,3.747250549890022e-05
143	3205161511	5000.0	0.001	5.95e-05	-0.330531	0.9514559888022396,0.04844127174565087,0.00010273945210957808
144	75252263	5000.0	0.001	5.95e-05	-0.700856	0.8953738852229554,0.10447354529094181,0.00015256948610277944
134	2558579178	5000.0	0.001	5.95e-05	-0.011623	0.9838934613077385,0.0159751649670066,0.000131373725254949
140	767416854	5000.0	0.001	5.95e-05	-0.119520	0.9680419916016797,0.03194797040591882,1.0037992401519696e-05
151	1087842880	5000.0	0.001	5.95e-05	0.032860	0.9838451909618077,0.01602379524095181,0.0001310137972405519
148	831031864	5000.0	0.001	5.95e-05	-0.337823	0.9616327134573085,0.033724695060987804,0.004630593881223755,1.199760047990402e-05
141	3700099610	5000.0	0.001	5.95e-05	0.182363	0.9229552889422116,0.07666814637072586,0.0003764047190561888,1.5996800639872026e-07
138	3144856078	5000.0	0.001	5.95e-05	-1.832090	0.8416536292741452,0.15779376124775046,0.0005525694861027795,3.9992001599680065e-08
150	1022964286	5000.0	0.001	5.95e-05	0.229977	0.9565117776444712,0.04337108578284343,0.00011709658068386322,3.9992001599680065e-08
149	3091569210	5000.0	0.001	5.95e-05	-0.000360	0.9813548090381924,0.018623235352929413,2.1955608878224355e-05
147	3387148850	5000.0	0.001	5.95e-05	0.035165	0.9564273545290942,0.042182243551289744,0.0013902819436112778,1.199760047990402e-07
152	3729197633	5000.0	0.001	5.95e-05	-0.043610	0.9622976604679064,0.036903099380123976,0.0007992401519696061
146	4095490607	5000.0	0.001	5.95e-05	-0.312310	0.940620875824835,0.05917868426314737,0.0002004399120175965
153	1369934402	5000.0	0.001	5.95e-05	-0.824312	0.8985002199560088,0.10089662067586483,0.000602999400119976,1.5996800639872026e-07
142	1539799580	5000.0	0.001	5.95e-05	0.258359	0.9456235152969407,0.05417216556688662,0.00020431913617276545
157	2383303250	5000.0	0.001	5.95e-05	-0.365485	0.9481011797640472,0.051665106978604276,0.00023159368126374726,2.1195760847830435e-06
155	2218312267	5000.0	0.001	5.95e-05	-0.035284	0.8982966206758648,0.10065326934613078,0.0010500299940011998,7.998400319936013e-08
156	767165007	5000.0	0.001	5.95e-05	0.512349	0.9606357928414317,0.03930605878824235,5.8148370325934814e-05
145	1463882286	5000.0	0.001	5.95e-05	-0.288546	0.9181918016396721,0.07812169566086782,0.0036060387922415517,8.046390721855629e-05
159	3518524003	5000.0	0.001	5.95e-05	0.000215	0.8730633473305339,0.12453097380523895,0.0023408118376324733,6.486702659468106e-05
158	2722337371	5000.0	0.001	5.95e-05	0.056056	0.9806524295140971,0.019336972605478904,1.0597880423915217e-05
161	1553140329	5000.0	0.001	5.95e-05	-0.164132	0.9357238152369526,0.05372581483703259,0.010398840231953609,0.00015152969406118777
162	1463210609	5000.0	0.001	5.95e-05	0.094888	0.9751680463907219,0.024710577884423116,0.000121375724855029
163	948533882	5000.0	0.001	5.95e-05	-0.261792	0.9259511697660467,0.07373529294141172,0.000313497300539892,3.9992001599680065e-08
154	144564807	5000.0	0.001	5.95e-05	-0.466743	0.919428274345131,0.07415696860627874,0.006394481103779244,2.027594481103779e-05
166	3892914822	5000.0	0.001	5.95e-05	0.147949	0.9212969406118776,0.07728610277944412,0.0014155568886222755,1.3997200559888023e-06
171	2943804038	5000.0	0.001	5.95e-05	1.061324	0.7365778844231153,0.2575343331333733,0.005885622875424915,2.1595680863827235e-06
169	691995273	5000.0	0.001	5.95e-05	1.147721	0.9006342331533693,0.09776960607878424,0.0015810437912417517,1.5116976604679064e-05
170	4100055690	5000.0	0.001	5.95e-05	0.010985	0.9604145170965807,0.03933453309338132,0.0002509498100379924
168	2405997192	5000.0	0.001	5.95e-05	0.073227	0.9716390721855629,0.027563367326534693,0.0007974405118976205,1.199760047990402e-07
174	2518526605	5000.0	0.001	5.95e-05	-0.243285	0.9755290541891621,0.016787162567486504,0.0071618476304739056,0.0004423515296940612,7.958408318336333e-05
173	3777077901	5000.0	0.001	5.95e-05	0.104229	0.953594601079784,0.04592313537292542,0.0004822635472905419
160	548870760	5000.0	0.001	5.95e-05	-0.072823	0.9815059788042392,0.01844251149770046,5.150969806038792e-05
167	1937740423	5000.0	0.001	5.95e-05	-0.213255	0.8566499900019996,0.12411045790841832,0.019204639072185562,3.4913017396520696e-05
165	2394225284	5000.0	0.001	5.95e-05	-0.101894	0.9818096380723855,0.018185842831433714,4.519096180763847e-06
177	1576112785	5000.0	0.001	5.95e-05	-0.004168	0.9386968206358728,0.06114541091781644,0.00015776844631073785
164	1349950080	5000.0	0.001	5.95e-05	-0.632801	0.9043499300139972,0.09406494701059788,0.0015546890621875625,3.0433913217356527e-05
175	785134224	5000.0	0.001	5.95e-05	0.044823	0.9755664067186562,0.024399800039992002,3.379324135172965e-05
179	3176870552	5000.0	0.001	5.95e-05	-0.057125	0.9605632073585283,0.038756648670265945,0.0006800239952009598,1.199760047990402e-07
180	1787187870	5000.0	0.001	5.95e-05	0.324319	0.9292881023795241,0.0706628674265147,4.903019396120776e-05
183	2127350439	5000.0	0.001	5.95e-05	-0.022657	0.9465635672865427,0.05293057388522295,0.0005058588282343532
181	4224598691	5000.0	0.001	5.95e-05	-0.204714	0.9595173365326934,0.04041075784843031,7.190561887622476e-05
172	3826506381	5000.0	0.001	5.95e-05	-0.319021	0.9537935212957408,0.04590189962007599,0.00030457908418316334
185	2276631213	5000.0	0.001	5.95e-05	-0.017245	0.9885378124375125,0.011367726454709058,9.446110777844431e-05
184	4268704426	5000.0	0.001	5.95e-05	-1.068121	0.7837211357728454,0.2157372525494901,0.0005415716856628674,3.9992001599680065e-08
178	4172044951	5000.0	0.001	5.95e-05	0.244267	0.9506308738252349,0.04822391521695661,0.0011449310137972406,2.7994401119776043e-07
186	905585329	5000.0	0.001	5.95e-05	-0.389014	0.9284027194561087,0.06857664467106579,0.0030202759448110378,3.5992801439712056e-07
176	1029296785	5000.0	0.001	5.95e-05	-0.252989	0.9510631473705259,0.0481996800639872,0.0007258148370325935,1.1357728454309138e-05
188	1027975860	5000.0	0.001	5.95e-05	0.066367	0.9570227554489102,0.042797680463907216,0.00017948410317936413,7.998400319936013e-08
191	2758453941	5000.0	0.001	5.95e-05	0.065894	0.9811582083583283,0.01878000399920016,6.17876424715057e-05
187	4220291763	5000.0	0.001	5.95e-05	0.072597	0.9433531693661268,0.05489458108378324,0.0017521295740851829,1.199760047990402e-07
189	1860070067	5000.0	0.001	5.95e-05	0.117522	0.9719635672865427,0.028004679064187164,3.1753649270145974e-05
196	53850817	5000.0	0.001	5.95e-05	0.047466	0.9808705058988202,0.019093381323735253,3.6112777444511095e-05
195	1213125314	5000.0	0.001	5.95e-05	0.560281	0.8868662667466507,0.08924799040191962,0.023851549690061986,3.4193161367726455e-05
197	3893981898	5000.0	0.001	5.95e-05	-0.078255	0.9812962207558489,0.018685662867426515,1.811637672465507e-05
182	1570767526	5000.0	0.001	5.95e-05	-0.032049	0.8003684863027395,0.19829402119576084,0.0013373325334933013,1.5996800639872026e-07
193	2695223996	5000.0	0.001	5.95e-05	0.443534	0.9392486302739452,0.04928290341931613,0.011365446910617876,0.00010301939612077584
198	1783947978	5000.0	0.001	5.95e-05	-0.045321	0.9856729854029194,0.014226474705058988,0.000100499900019996,3.9992001599680065e-08
199	3643171531	5000.0	0.001	5.95e-05	0.031615	0.9277107378524295,0.07005454909018197,0.0022346330733853228,7.998400319936013e-08
202	3805692631	5000.0	0.001	5.95e-05	-0.054287	0.9221116576684663,0.07517192561487702,0.002715856828634273,5.598880223955209e-07
201	3347888854	5000.0	0.001	5.95e-05	-1.086599	0.9241947610477904,0.03352205558888222,0.041807998400319936,0.0004742251549690062,9.598080383923216e-07
203	201611991	5000.0	0.001	5.95e-05	0.088391	0.9334099980003999,0.06600223955208959,0.0005874825034993002,2.7994401119776043e-07
192	440404667	5000.0	0.001	5.95e-05	0.240656	0.9483202159568086,0.05022127574485103,0.0014584683063387322,3.9992001599680065e-08
190	2374365878	5000.0	0.001	5.95e-05	0.087497	0.9858951409718056,0.014101859628074385,2.999400119976005e-06
206	1704807141	5000.0	0.001	5.95e-05	-0.352961	0.9294978204359128,0.07025878824235153,0.00024339132173565288
204	4166931164	5000.0	0.001	5.95e-05	0.356485	0.9029089782043591,0.09566694661067786,0.0014240351929614076,3.9992001599680065e-08
194	1541552833	5000.0	0.001	5.95e-05	-0.281718	0.9241545290941812,0.07450593881223755,0.00133873225354929,7.998400319936013e-07
207	2850734832	5000.0	0.001	5.95e-05	0.046820	0.9871072585482903,0.012865506898620276,2.7234553089382125e-05
208	63179514	5000.0	0.001	5.95e-05	-0.009438	0.9857628474305139,0.01418376324735053,5.338932213557288e-05
200	2825587411	5000.0	0.001	5.95e-05	0.029921	0.96105474905019,0.0387756848630274,0.00016956608678264347
212	2653575963	5000.0	0.001	5.95e-05	-0.253360	0.9756575884823036,0.024251829634073185,9.058188362327534e-05
209	337834748	5000.0	0.001	5.95e-05	-0.916652	0.9217720055988802,0.07716092781443712,0.0010625874825034992,4.479104179164167e-06
214	479417122	5000.0	0.001	5.95e-05	-0.216351	0.9654664667066587,0.034454269146170766,7.926414717056589e-05
215	2942991140	5000.0	0.001	5.95e-05	0.188879	0.9240038392321536,0.06733001399720057,0.00866122775444911,4.919016196760648e-06
210	1182765820	5000.0	0.001	5.95e-05	0.189132	0.97599900019996,0.023869466106778644,0.00013153369326134772
216	3648754471	5000.0	0.001	5.95e-05	-0.208819	0.9502781843631274,0.04845622875424915,0.0010426714657068587,0.00022019596080783844,2.7194561087782445e-06
218	1261777706	5000.0	0.001	5.95e-05	-0.022165	0.9553852429514097,0.04416692661467706,0.00044783043391321734
219	3835142956	5000.0	0.001	5.95e-05	0.042021	0.9682065986802639,0.03174765046990602,4.5750849830033995e-05
217	2774297386	5000.0	0.001	5.95e-05	-0.414507	0.9459691661667666,0.053700819836032795,0.0003300139972005599
211	4145959696	5000.0	0.001	5.95e-05	-0.138387	0.9771456908618277,0.01964339132173565,0.003208998200359928,1.919616076784643e-06
223	3512808251	5000.0	0.001	5.95e-05	0.748738	0.9429186162767447,0.04938616276744651,0.007691381723655269,3.839232153569286e-06
213	4229917472	5000.0	0.001	5.95e-05	-0.061310	0.9537651669666066,0.04548998200359928,0.0007448510297940412
225	1185090372	5000.0	0.001	5.95e-05	-0.262210	0.9639220955808838,0.03566626674665067,0.0004116376724655069
205	3887885022	5000.0	0.001	5.95e-05	0.977141	0.8980391521695661,0.10131025794841032,0.0006504299140171966,1.5996800639872026e-07
228	2001482572	5000.0	0.001	5.95e-05	0.085889	0.9827348530293941,0.01573877224555089,0.0015261747650469905,1.9996000799840033e-07
230	3802819415	5000.0	0.001	5.95e-05	0.211917	0.9357854829034193,0.06350309938012398,0.0007114177164567086
221	3410289459	5000.0	0.001	5.95e-05	0.188034	0.9549594481103779,0.044983643271345734,5.690861827634473e-05
220	2274530094	5000.0	0.001	5.95e-05	0.159923	0.9706590281943611,0.02886842631473705,0.0004725454909018196
231	2419190624	5000.0	0.001	5.95e-05	0.044194	0.9527892021595681,0.046439272145570885,0.000771005798840232,5.198960207958409e-07
229	1484170064	5000.0	0.001	5.95e-05	0.155282	0.9707750849830034,0.028904459108178366,0.0003202959408118376,1.5996800639872026e-07
222	704439093	5000.0	0.001	5.95e-05	-0.028208	0.9622253949210158,0.036200719856028796,0.0015660867826434713,7.798440311937612e-06
233	1269080938	5000.0	0.001	5.95e-05	-0.106286	0.9498624675064987,0.05000527894421116,0.00013225354929014197
224	3131226942	5000.0	0.001	5.95e-05	0.046806	0.9721371325734853,0.024280463907218556,0.003578244351129774,4.159168166366727e-06
232	543357794	5000.0	0.001	5.95e-05	0.095550	0.9712943811237752,0.028564087182563487,0.00014153169366126775
234	1182952299	5000.0	0.001	5.95e-05	-0.423752	0.9441651669666067,0.05433905218956209,0.0014949410117976404,8.398320335932813e-07
235	2046921590	5000.0	0.001	5.95e-05	0.529522	0.9378577884423115,0.05915376924615077,0.002689902019596081,0.000298500299940012,3.9992001599680065e-08
236	2832599929	5000.0	0.001	5.95e-05	0.359900	0.9681036992601479,0.03171501699660068,0.00018128374325134973
226	3444216649	5000.0	0.001	5.95e-05	0.425933	0.8745450909818037,0.12484763047390522,0.0006072785442911417
237	1225292665	5000.0	0.001	5.95e-05	0.487690	0.946434673065387,0.05321143771245751,0.00035312937412517495,7.598480303939212e-07
240	3970419582	5000.0	0.001	5.95e-05	0.035031	0.9841839632073586,0.01579604079184163,1.9996000799840032e-05
238	3378236283	5000.0	0.001	5.95e-05	-0.305362	0.9072764647070586,0.08938928214357128,0.003070785842831434,0.00026346730653869225
242	3915574145	5000.0	0.001	5.95e-05	0.195457	0.7555028194361127,0.2343144571085783,0.01018124375124975,1.4797040591881624e-06
243	3288441739	5000.0	0.001	5.95e-05	-0.060916	0.9804319936012797,0.01947974405118976,8.82623475304939e-05
227	3170175817	5000.0	0.001	5.95e-05	0.187889	0.9557885622875425,0.04415876824635073,5.266946610677864e-05
244	2593029006	5000.0	0.001	5.95e-05	-0.040649	0.975150849830034,0.02455848830233953,0.0002902619476104779,3.9992001599680065e-07
239	888273787	5000.0	0.001	5.95e-05	0.105966	0.9709177364527095,0.028049630073985202,0.0010324335132973405,1.9996000799840033e-07
249	1722612630	5000.0	0.001	5.95e-05	-0.373850	0.9501382923415317,0.04926126774645071,0.0006002399520095981,1.9996000799840033e-07
252	2650977175	5000.0	0.001	5.95e-05	0.465018	0.8584636672665467,0.13976612677464506,0.00176500699860028,5.198960207958408e-06
248	3982185362	5000.0	0.001	5.95e-05	0.278576	0.9685495700859829,0.03126882623475305,0.00018160367926414717
254	150315936	5000.0	0.001	5.95e-05	-0.501430	0.9580338332333533,0.041713497300539894,0.0002526694661067786
251	1378384791	5000.0	0.001	5.95e-05	-0.405697	0.9456963407318536,0.054259428114377124,4.423115376924615e-05
247	1936507795	5000.0	0.001	5.95e-05	0.466476	0.9468631873625275,0.05308886222755449,4.7950409918016394e-05
241	3569617792	5000.0	0.001	5.95e-05	0.258898	0.867854949010198,0.1318130373925215,0.0003320135972805439
255	1936272298	5000.0	0.001	5.95e-05	0.156951	0.9706125574885023,0.029190601879624075,0.00019684063187362527
256	2893351852	5000.0	0.001	5.95e-05	-0.296665	0.9635056188762248,0.03644699060187962,4.7390521895620875e-05
246	341943186	5000.0	0.001	5.95e-05	-0.359938	0.9669743651269747,0.03292353529294141,0.00010209958008398321
257	4197372845	5000.0	0.001	5.95e-05	1.028090	0.8622537892421516,0.13604379124175164,0.0017022995400919816,1.199760047990402e-07
253	2631578523	5000.0	0.001	5.95e-05	-0.147883	0.957797800439912,0.04190241951609678,0.0002997800439912018
259	4152937403	5000.0	0.001	5.95e-05	0.051725	0.9695560087982403,0.030379804039192163,6.41871625674865e-05
258	40657844	5000.0	0.001	5.95e-05	-1.091718	0.5981068586282744,0.39742731453709257,0.004188082383523296,0.0002774245150969806,3.199360127974405e-07
245	39469968	5000.0	0.001	5.95e-05	-0.059081	0.9870238352329535,0.012879224155168966,9.694061187762447e-05
260	3179494342	5000.0	0.001	5.95e-05	0.274474	0.9430210357928415,0.05692761447710458,5.1349730053989205e-05
250	1062292375	5000.0	0.001	5.95e-05	-0.029824	0.9822916216756649,0.017656028794241153,5.230953809238152e-05,3.9992001599680065e-08
268	1750989817	5000.0	0.001	5.95e-05	0.086009	0.9500502299540092,0.04858132373525295,0.0013684463107378525
264	2918697954	5000.0	0.001	5.95e-05	0.618399	0.8588498700259948,0.14052121575684862,0.0006289142171565687
267	1049707508	5000.0	0.001	5.95e-05	0.139813	0.9032185962807439,0.09640727854429114,0.0003740851829634073,3.9992001599680065e-08
266	428999660	5000.0	0.001	5.95e-05	0.292071	0.9678142371525695,0.03211069786042792,7.506498700259948e-05
265	1836166118	5000.0	0.001	5.95e-05	0.045679	0.9832394721055789,0.016729454109178164,3.107378524295141e-05
269	3344417787	5000.0	0.001	5.95e-05	-0.115664	0.953332773445311,0.04610785842831434,0.000559368126374725
272	1640809473	5000.0	0.001	5.95e-05	0.223257	0.9603735652869426,0.039512177564487105,0.00011425714857028594
271	2461662209	5000.0	0.001	5.95e-05	0.380744	0.9676649070185963,0.03213513297340532,0.0001999600079984003
262	1201327071	5000.0	0.001	5.95e-05	0.062840	0.98584175164967,0.014152969406118775,5.278944211157768e-06
273	453760003	5000.0	0.001	5.95e-05	-0.049737	0.9757365726854629,0.024203879224155168,5.9508098380323934e-05,3.9992001599680065e-08
261	1049431005	5000.0	0.001	5.95e-05	-0.448681	0.9398759448110378,0.059893461307738455,0.00023047390521895622,1.199760047990402e-07
263	3862987743	5000.0	0.001	5.95e-05	0.106297	0.9694529894021195,0.030227794441111778,0.0003191761647670466,3.9992001599680065e-08
274	2066955268	5000.0	0.001	5.95e-05	0.136032	0.9696346330733854,0.029911057788442313,0.0004541091781643671,1.9996000799840033e-07
276	2276289547	5000.0	0.001	5.95e-05	0.117414	0.9360188762247551,0.06394221155768846,3.89122175564887e-05
270	1124813821	5000.0	0.001	5.95e-05	-0.874364	0.8640097580483903,0.13513049390121976,0.000859748050389922
277	2279300115	5000.0	0.001	5.95e-05	0.094281	0.9697471305738852,0.02998516296740652,0.0002677064587082583
279	197915684	5000.0	0.001	5.95e-05	-0.181840	0.9715306138772245,0.028419236152769447,5.01499700059988e-05
281	4246666287	5000.0	0.001	5.95e-05	-0.298987	0.9601025394921016,0.038860787842431514,0.0010365526894621077,1.199760047990402e-07
282	4117115954	5000.0	0.001	5.95e-05	0.471355	0.9512541491701659,0.04818672265546891,0.0005591281743651269
285	3858248773	5000.0	0.001	5.95e-05	0.028111	0.9847404919016197,0.0146001199760048,0.0006593881223755249
275	717028357	5000.0	0.001	5.95e-05	-1.152046	0.7518004799040192,0.24373849230153968,0.004452069586082783,8.918216356728655e-06,3.9992001599680065e-08
286	3882511435	5000.0	0.001	5.95e-05	0.415354	0.9306779044191161,0.06898644271145771,0.0003356128774245151,3.9992001599680065e-08
280	1661168685	5000.0	0.001	5.95e-05	0.128090	0.9729458108378324,0.027041551689662068,1.2637472505498901e-05
288	740760663	5000.0	0.001	5.95e-05	0.116647	0.9700549890021996,0.02964351129774045,0.000301499700059988
287	1677982803	5000.0	0.001	5.95e-05	-0.522139	0.826628874225155,0.1724746650669866,0.0008964207158568287,3.9992001599680065e-08
284	887084096	5000.0	0.001	5.95e-05	0.064809	0.8960960207958408,0.10354273145370926,0.0003607278544291142,5.198960207958409e-07
278	1097745430	5000.0	0.001	5.95e-05	-0.059871	0.9905458108378324,0.009428154369126175,2.6034793041391723e-05
283	1864936499	5000.0	0.001	5.95e-05	-0.053229	0.9589833633273346,0.040816836632673464,0.0001998000399920016
293	3277182051	5000.0	0.001	5.95e-05	0.356822	0.8874715856828634,0.11189198160367926,0.0006362727454509098,1.5996800639872026e-07
294	1467120741	5000.0	0.001	5.95e-05	0.196419	0.9429602879424115,0.05677724455108978,0.00026230753849230157,1.5996800639872026e-07
289	1315042392	5000.0	0.001	5.95e-05	-0.232077	0.9565630073985203,0.04252889422115577,0.0009079784043191362,1.199760047990402e-07
290	2040206426	5000.0	0.001	5.95e-05	-0.673469	0.9551094981003799,0.04153393321335733,0.0024479104179164165,0.0009086182763447311,3.9992001599680065e-08
297	1908843649	5000.0	0.001	5.95e-05	0.086267	0.9743410117976404,0.024896020795840832,0.0007622875424915016,6.798640271945611e-07
291	304667740	5000.0	0.001	5.95e-05	0.185512	0.9299025794841032,0.06855180963807239,0.0015441711657668466,1.4397120575884822e-06
292	256910431	5000.0	0.001	5.95e-05	-0.016285	0.9691416116776644,0.027310817836432712,0.003536772645470906,1.0797840431913617e-05
296	279403649	5000.0	0.001	5.95e-05	-0.112642	0.8859249350129974,0.11257800439912018,0.0014970205958808238,3.9992001599680065e-08
298	1329405063	5000.0	0.001	5.95e-05	-1.235839	0.8707996400719856,0.1287979604079184,0.00040239952009598083
299	2267475080	5000.0	0.001	5.95e-05	0.138410	0.9794920615876824,0.020486342731453708,2.1595680863827235e-05
300	1839010953	5000.0	0.001	5.95e-05	-0.117793	0.9457144971005799,0.053848710257948414,0.00043679264147170564
295	3161273446	5000.0	0.001	5.95e-05	-0.050998	0.959846550689862,0.03831617676464707,0.0018308338332333534,6.43871225754849e-06
301	3501692039	5000.0	0.001	5.95e-05	-0.331748	0.9527523295340932,0.045448870225954806,0.0017976804639072185,1.1197760447910417e-06
305	1874267299	5000.0	0.001	5.95e-05	-0.066619	0.9618598280343931,0.03799344131173765,0.00014673065386922615
308	3060116660	5000.0	0.001	5.95e-05	0.246641	0.9230914217156568,0.07548186362727455,0.0014267146570685863
302	3182572700	5000.0	0.001	5.95e-05	0.061953	0.9583596480703859,0.041420555888822236,0.00021975604879024196,3.9992001599680065e-08
306	1259213993	5000.0	0.001	5.95e-05	1.080812	0.9026001199760048,0.0965379724055189,0.0008487102579484103,1.3197360527894422e-05
304	4276032673	5000.0	0.001	5.95e-05	-0.037375	0.9679566886622676,0.03198880223955209,5.450909818036393e-05
309	715951289	5000.0	0.001	5.95e-05	-1.311384	0.451724375124975,0.45497148570285945,0.09259080183963207,0.0007132573485302939,7.998400319936013e-08
310	1965096125	5000.0	0.001	5.95e-05	0.325775	0.9504590681863627,0.044537732453509296,0.004995880823835233,7.318536292741451e-06
303	1586363549	5000.0	0.001	5.95e-05	-0.361314	0.9440932613477304,0.05567990401919616,0.00022683463307338533
312	1073040578	5000.0	0.001	5.95e-05	0.074771	0.983060547890422,0.016889462107578485,4.999000199960008e-05
311	624170174	5000.0	0.001	5.95e-05	-0.144984	0.9640840631873625,0.03588634273145371,2.959408118376325e-05
313	132330691	5000.0	0.001	5.95e-05	-0.376337	0.9311558088382323,0.06704471105778845,0.0017989602079584084,5.198960207958409e-07
314	4127429832	5000.0	0.001	5.95e-05	0.633339	0.9320619876024795,0.06725078984203159,0.0006872225554889022
317	4109546707	5000.0	0.001	5.95e-05	0.757487	0.9322411517696461,0.06731013797240552,0.0004487102579484103
318	1438252244	5000.0	0.001	5.95e-05	1.378870	0.8107425714857028,0.18844455108978203,0.0008125574885022996,3.199360127974405e-07
319	2443191509	5000.0	0.001	5.95e-05	0.007679	0.9589258148370325,0.04104003199360128,3.415316936612677e-05
307	256652463	5000.0	0.001	5.95e-05	0.403696	0.9016034793041392,0.09588362327534493,0.0025126974605078982,1.9996000799840033e-07
322	928115935	5000.0	0.001	5.95e-05	-0.313187	0.9676063187362528,0.03231581683663267,7.786442711457709e-05
323	3336674528	5000.0	0.001	5.95e-05	-0.137066	0.9707696860627875,0.028719096180763848,0.0005112177564487102
327	2373037304	5000.0	0.001	5.95e-05	0.549703	0.840648550289942,0.15784643071385723,0.0015048190361927614,1.9996000799840033e-07
324	3380856033	5000.0	0.001	5.95e-05	-0.295900	0.9483226154769047,0.051572965406918615,0.00010441911617676465
328	3783638268	5000.0	0.001	5.95e-05	-0.291336	0.9550186362727454,0.04364899020195961,0.001331773645270946,5.99880023995201e-07
325	3624506603	5000.0	0.001	5.95e-05	0.162397	0.8994756648670266,0.09981819636072785,0.0007060987802439512,3.9992001599680065e-08
316	4181017805	5000.0	0.001	5.95e-05	0.069849	0.8560998200359928,0.13789202159568087,0.006001359728054389,6.798640271945611e-06
332	3726755098	5000.0	0.001	5.95e-05	0.168065	0.9722669066186763,0.026526574685062986,0.0012062787442511497,2.399520095980804e-07
331	2425099541	5000.0	0.001	5.95e-05	-0.293651	0.9620434313137373,0.025628034393121377,0.012286982603479305,4.155168966206759e-05
333	2059521311	5000.0	0.001	5.95e-05	0.008166	0.9700783043391322,0.029063307338532293,0.0008583483303339333,3.9992001599680065e-08
326	2297775348	5000.0	0.001	5.95e-05	-0.052800	0.9912191961607678,0.008755928814237153,2.4875024995001e-05
315	2318306509	5000.0	0.001	5.95e-05	-0.870210	0.8837294141171765,0.11552357528494302,0.0007446910617876425,2.319536092781444e-06
321	2240218329	5000.0	0.001	5.95e-05	-0.239247	0.9519111777644471,0.04775572885422916,0.00033309338132373525
320	1311497427	5000.0	0.001	5.95e-05	0.224734	0.9493624075184963,0.05057136572685463,6.622675464907019e-05
330	1477680403	5000.0	0.001	5.95e-05	0.206085	0.9165031393721256,0.0821117376524695,0.0013815236952609477,3.599280143971206e-06
334	1809519903	5000.0	0.001	5.95e-05	0.169945	0.9398551889622075,0.05972913417316537,0.0004156768646270746
339	4251999530	5000.0	0.001	5.95e-05	0.389247	0.9644273145370926,0.033754649070185966,0.0017823235352929414,3.57128574285143e-05
338	730600744	5000.0	0.001	5.95e-05	-0.633709	0.9394188362327535,0.050204359128174364,0.01021615676864627,0.0001606478704259148
335	255804707	5000.0	0.001	5.95e-05	0.018805	0.978814277144571,0.01979768046390722,0.0013879224155168967,1.199760047990402e-07
340	2516213042	5000.0	0.001	5.95e-05	-0.157251	0.9736639872025595,0.026258148370325935,7.786442711457709e-05
336	2015595812	5000.0	0.001	5.95e-05	-0.215680	0.9768679864027194,0.021068386322735454,0.0020631873625274943,4.399120175964807e-07
341	379211061	5000.0	0.001	5.95e-05	0.804916	0.881872825434913,0.10699504099180164,0.01040487902419516,0.000727254549090182
329	3386557712	5000.0	0.001	5.95e-05	-1.098109	0.9000098380323935,0.09365466906618676,0.006334213157368526,1.279744051189762e-06
346	1711480143	5000.0	0.001	5.95e-05	0.188717	0.9601778444311138,0.03947194561087782,0.00035020995800839834
337	4262532389	5000.0	0.001	5.95e-05	-0.080338	0.9462039192161568,0.05359940011997601,0.00019664067186562687,3.9992001599680065e-08
345	1875262798	5000.0	0.001	5.95e-05	0.013354	0.9913798440311937,0.008584363127374525,3.579284143171366e-05
347	820497744	5000.0	0.001	5.95e-05	-0.382853	0.9179330533893222,0.0777866026794641,0.004276664667066586,3.679264147170566e-06
343	4183139645	5000.0	0.001	5.95e-05	-0.510757	0.9022069586082784,0.09691597680463908,0.0008770645870825835
344	1326808385	5000.0	0.001	5.95e-05	0.201364	0.9566886222755449,0.0432002399520096,0.00011113777244551089
350	126821737	5000.0	0.001	5.95e-05	0.229515	0.9430554289142171,0.054858028394321134,0.002085382923415317,1.159768046390722e-06
342	2024873273	5000.0	0.001	5.95e-05	-0.101505	0.982244151169766,0.017439272145570887,0.0003165766846630674
349	4064320852	5000.0	0.001	5.95e-05	-0.090916	0.9049302939412117,0.08744667066586682,0.007618956208758248,4.079184163167366e-06
353	854326639	5000.0	0.001	5.95e-05	0.245834	0.9623312137572485,0.03764451109778044,2.42751449710058e-05
356	3494536568	5000.0	0.001	5.95e-05	0.037663	0.9864932613477304,0.013368126374725056,0.0001386122775444911
355	3433991544	5000.0	0.001	5.95e-05	-0.048656	0.9222312337532493,0.07700699860027994,0.0007612877424515097,4.799040191961608e-07
358	1055780224	5000.0	0.001	5.95e-05	0.076985	0.9081074185162967,0.09131813637272546,0.0005744051189762048,3.9992001599680065e-08
354	1809343860	5000.0	0.001	5.95e-05	-0.040099	0.9697950809838033,0.0300003599280144,0.00020455908818236353
352	1576680814	5000.0	0.001	5.95e-05	-0.392443	0.9435798840231954,0.05598976204759048,0.0004303539292141572
357	1738210683	5000.0	0.001	5.95e-05	-0.025043	0.9627550889822035,0.03720127974405119,4.363127374525095e-05
359	3683433864	5000.0	0.001	5.95e-05	-0.071421	0.9479526894621075,0.043471945610877825,0.008551489702059588,2.3875224955008998e-05
348	2332257619	5000.0	0.001	5.95e-05	-0.004203	0.9853965206958608,0.014494421115776845,0.00010905818836232754
351	721900908	5000.0	0.001	5.95e-05	-0.138891	0.9814881823635273,0.01850733853229354,4.479104179164167e-06
361	1342721432	5000.0	0.001	5.95e-05	0.159010	0.9772959008198361,0.02256340731853629,0.00014069186162767445
363	1072836005	5000.0	0.001	5.95e-05	-0.274151	0.9630520695860828,0.036814517096580686,0.00013341331733653268
365	1842007467	5000.0	0.001	5.95e-05	-0.167538	0.9424829834033194,0.05677576484703059,0.00074125174965007
367	3443754419	5000.0	0.001	5.95e-05	-0.008810	0.8621901619676064,0.12918448310337932,0.008602439512097581,2.2915416916616678e-05
364	3935751589	5000.0	0.001	5.95e-05	0.119111	0.9779574085182964,0.022018396320735854,2.4195160967806438e-05
366	131628460	5000.0	0.001	5.95e-05	-0.257987	0.9192181963607279,0.08033889222155569,0.0004429114177164567
370	3153737152	5000.0	0.001	5.95e-05	-0.339392	0.9478073985202959,0.05195220955808838,0.00024039192161567688
371	2025209280	5000.0	0.001	5.95e-05	-0.212201	0.9228420715856829,0.07639768046390721,0.000760247950409918
373	3800948165	5000.0	0.001	5.95e-05	-1.166081	0.9136862627474505,0.08488506298740252,0.0014284743051389721,1.9996000799840033e-07
368	3236044218	5000.0	0.001	5.95e-05	0.475740	0.9571722855428915,0.042798000399920016,2.9714057188562287e-05
374	2796813765	5000.0	0.001	5.95e-05	1.115139	0.5769573685262948,0.41011953609278146,0.012544091181763648,0.00037528494301139774,3.719256148770246e-06
376	2877042132	5000.0	0.001	5.95e-05	-0.459365	0.9114543891221756,0.08477776444711058,0.0024703859228154368,0.0012973405318936213,1.199760047990402e-07
372	931716548	5000.0	0.001	5.95e-05	-0.668568	0.92394925014997,0.07582763447310538,0.00022311537692461508
377	1496200663	5000.0	0.001	5.95e-05	-0.485681	0.9149298140371925,0.08426034793041391,0.0008098380323935212
362	1871121818	5000.0	0.001	5.95e-05	-0.235358	0.95240399920016,0.04547146570685863,0.002106018796240752,1.851629674065187e-05
380	2887370204	5000.0	0.001	5.95e-05	0.040161	0.9466183163367327,0.053183203359328135,0.00019684063187362527,1.6396720655868826e-06
360	3520435597	5000.0	0.001	5.95e-05	-0.303433	0.957777524495101,0.03920387922415517,0.00020327934413117376,0.00281499700059988,3.199360127974405e-07
382	2486396388	5000.0	0.001	5.95e-05	0.290747	0.9694886622675465,0.030480423915216957,3.091381723655269e-05
381	2275005918	5000.0	0.001	5.95e-05	0.487298	0.9323449710057988,0.06760675864827034,4.827034593081384e-05
375	2018270675	5000.0	0.001	5.95e-05	0.013311	0.9853144171165766,0.014676664667066587,8.918216356728655e-06
369	4235691450	5000.0	0.001	5.95e-05	0.056744	0.9692116376724655,0.029397920415916816,0.0013723255348930213,1.811637672465507e-05
383	2657232362	5000.0	0.001	5.95e-05	0.214473	0.9706572685462908,0.0290752649470106,0.00026746650669866025
386	1186524669	5000.0	0.001	5.95e-05	0.460032	0.9427987202559488,0.05705514897020596,0.00014613077384523096
384	746135031	5000.0	0.001	5.95e-05	1.156381	0.854975324935013,0.14360671865626876,0.0013820435912817437,3.5912817436512696e-05
385	118164986	5000.0	0.001	5.95e-05	-0.298984	0.9682053589282144,0.028148170365926813,0.0036443111377724457,2.1595680863827235e-06
387	3856811523	5000.0	0.001	5.95e-05	-0.122594	0.9627117376524695,0.037038992201559685,0.00024919016196760647,7.998400319936013e-08
389	641170957	5000.0	0.001	5.95e-05	-0.211259	0.9236914617076585,0.07019776044791042,0.006106738652269546,4.039192161567687e-06
379	3657760220	5000.0	0.001	5.95e-05	0.064869	0.9825240951809638,0.01466634673065387,0.0028082383523295343,1.319736052789442e-06
395	1676744217	5000.0	0.001	5.95e-05	-0.041869	0.977402199560088,0.021125894821035794,0.0014697860427914417,2.1195760847830435e-06
390	524760590	5000.0	0.001	5.95e-05	-0.196499	0.855067226554689,0.13930517896420716,0.005624075184963008,3.5192961407718455e-06
388	2133345801	5000.0	0.001	5.95e-05	-0.488865	0.927274625074985,0.07195888822235554,0.0007504099180163967,1.6076784643071386e-05
392	1854217744	5000.0	0.001	5.95e-05	0.512918	0.9440500699860028,0.055887302539492104,6.262747450509899e-05
391	401880591	5000.0	0.001	5.95e-05	-0.073936	0.9364458308338333,0.060386802639472104,0.0031670465906818634,3.199360127974405e-07
393	416038415	5000.0	0.001	5.95e-05	-0.240339	0.9697232153569286,0.030225594881023794,5.1189762047590484e-05
398	3204302372	5000.0	0.001	5.95e-05	0.618349	0.9579625674865027,0.04199544091181764,4.1991601679664064e-05
378	2943854040	5000.0	0.001	5.95e-05	-0.038209	0.7121177364527095,0.2811769646070786,0.006702899420115977,2.399520095980804e-06
396	75812382	5000.0	0.001	5.95e-05	0.547695	0.8645081383723255,0.13381879624075185,0.0016729054189162167,1.5996800639872026e-07
397	3462815267	5000.0	0.001	5.95e-05	-0.497085	0.937101699660068,0.061185242951409716,0.0017120575884823036,9.998000399920016e-07
399	3192624687	5000.0	0.001	5.95e-05	0.227964	0.9528151169766047,0.0464618676264747,0.0007230153969206159
401	2251660862	5000.0	0.001	5.95e-05	-0.020526	0.9509792841431713,0.048523175364927014,0.0004974205158968206,1.199760047990402e-07
404	1936387669	5000.0	0.001	5.95e-05	0.114821	0.9726046790641871,0.027343131373725255,5.2189562087582484e-05
403	3530653255	5000.0	0.001	5.95e-05	-0.247309	0.9616702659468106,0.03752965406918616,0.0007993201359728055,7.598480303939212e-07
406	578115161	5000.0	0.001	5.95e-05	-0.242191	0.8624663067386523,0.1331597280543891,0.004368446310737853,5.518896220755849e-06
400	1659555384	5000.0	0.001	5.95e-05	-0.000460	0.9665931213757248,0.03336520695860828,4.167166566686663e-05
405	2967572054	5000.0	0.001	5.95e-05	-0.000993	0.9671008198360328,0.03284259148170366,5.658868226354729e-05
402	3124792900	5000.0	0.001	5.95e-05	-0.382748	0.9432649070185963,0.03307106578684263,0.023626594681063786,3.743251349730054e-05
410	2936825451	5000.0	0.001	5.95e-05	-0.052736	0.9844147570485903,0.015580203959208158,5.038992201559688e-06
394	997971474	5000.0	0.001	5.95e-05	-0.109463	0.964581923615277,0.03518572285542891,0.00023235352929414118
412	1446108793	5000.0	0.001	5.95e-05	0.080683	0.9665766446710657,0.03306466706658668,0.0003586882623475305
409	3262580330	5000.0	0.001	5.95e-05	0.739645	0.8964811437712458,0.09663031393721255,0.006864867026594681,2.36752649470106e-05
413	670023293	5000.0	0.001	5.95e-05	0.770929	0.928999800039992,0.0708248350329934,0.0001753249350129974,3.9992001599680065e-08
414	93433473	5000.0	0.001	5.95e-05	-0.098000	0.9597475704859029,0.03478008398320336,0.005471865626874625,4.799040191961608e-07
419	410338970	5000.0	0.001	5.95e-05	-0.138198	0.9659688462307539,0.03399684063187362,3.431313737252549e-05
411	4238364272	5000.0	0.001	5.95e-05	2.109812	0.7106978204359128,0.2870839432113577,0.0022180763847230553,1.5996800639872026e-07
417	3858398873	5000.0	0.001	5.95e-05	-0.846369	0.8982939812037593,0.10033909218156369,0.0013668866226754649,3.9992001599680065e-08
408	1885173353	5000.0	0.001	5.95e-05	-0.163033	0.9501545690861828,0.049485582883423314,0.0003598480303939212
407	2021189216	5000.0	0.001	5.95e-05	0.028801	0.974444151169766,0.025462147570485903,9.37012597480504e-05
420	619753117	5000.0	0.001	5.95e-05	0.109126	0.9174050389922016,0.0821998400319936,0.00039512097580483906
421	1035200158	5000.0	0.001	5.95e-05	0.062529	0.9580947410517896,0.04148902219556089,0.0004162367526494701
416	468749975	5000.0	0.001	5.95e-05	0.122949	0.9753665266946611,0.024378164367126573,0.0002553089382123575
424	2269847212	5000.0	0.001	5.95e-05	-0.512118	0.9404810237952409,0.05749626074785043,0.0020122775444911018,1.0437912417516497e-05
426	2070453950	5000.0	0.001	5.95e-05	-0.044595	0.9646588682263547,0.03531337732453509,2.7754449110177964e-05
429	3074504392	5000.0	0.001	5.95e-05	0.106735	0.9740560687862427,0.02590261947610478,4.127174565086982e-05,3.9992001599680065e-08
422	3592498854	5000.0	0.001	5.95e-05	-0.713620	0.9342850629874025,0.05853433313337333,0.007152329534093181,2.8274345130973805e-05
418	4269420186	5000.0	0.001	5.95e-05	-0.069662	0.9555063787242551,0.044440751849630075,5.286942611477705e-05
430	3755515596	5000.0	0.001	5.95e-05	-0.984958	0.9225265746850629,0.0658512697460508,0.011612717456508699,9.438112377524495e-06
425	2633791152	5000.0	0.001	5.95e-05	0.177678	0.968169526094781,0.03180611877624475,2.435512897420516e-05
428	366974660	5000.0	0.001	5.95e-05	-0.010526	0.9551545690861828,0.04440299940011998,0.00044243151369726053
431	687548109	5000.0	0.001	5.95e-05	0.419535	0.947547850429914,0.050766846630673865,0.0016852229554089183,7.998400319936013e-08
415	3446003335	5000.0	0.001	5.95e-05	-0.044133	0.9790176364727055,0.02092893421315737,5.3429314137172566e-05
432	3422275285	5000.0	0.001	5.95e-05	0.036970	0.969171325734853,0.030805598880223956,2.3075384923015396e-05
434	1670233819	5000.0	0.001	5.95e-05	0.013021	0.9701533293341331,0.029794361127774446,5.230953809238152e-05
437	335007461	5000.0	0.001	5.95e-05	0.951166	0.9166442711457709,0.08127606478704259,0.0020581083783243353,2.1555688862227554e-05
438	1165354728	5000.0	0.001	5.95e-05	0.008386	0.9866983403319336,0.013286982603479304,1.4677064587082583e-05
440	2528650995	5000.0	0.001	5.95e-05	0.415147	0.9186231153769246,0.08115624875024995,0.00022051589682063586,1.199760047990402e-07
423	3208685225	5000.0	0.001	5.95e-05	-0.802659	0.8961901219756049,0.10198224355128974,0.0018273545290941812,2.7994401119776043e-07
444	25231102	5000.0	0.001	5.95e-05	-0.677868	0.9260590681863627,0.07379404119176165,0.0001468906218756249
441	917262070	5000.0	0.001	5.95e-05	0.189306	0.96485474905019,0.03152397520495901,0.0036211557688462306,1.199760047990402e-07
443	1133557496	5000.0	0.001	5.95e-05	-0.329570	0.939522175564887,0.060328134373125376,0.00014969006198760248
433	2691675862	5000.0	0.001	5.95e-05	-0.240083	0.8988137172565487,0.09980455908818237,0.0013816036792641472,1.199760047990402e-07
446	479944471	5000.0	0.001	5.95e-05	1.563267	0.8641133373325335,0.10495524895020995,0.030872905418916217,5.8508298340331934e-05
427	2690275011	5000.0	0.001	5.95e-05	0.424537	0.9065258548290341,0.09143875224955009,0.0020353929214157167
445	1814394635	5000.0	0.001	5.95e-05	-0.089081	0.9594048790241951,0.03662727454509098,0.003966926614677064,9.198160367926415e-07
439	1496612592	5000.0	0.001	5.95e-05	-0.143659	0.9201800039992002,0.07908430313937212,0.000735372925414917,3.199360127974405e-07
448	1560743711	5000.0	0.001	5.95e-05	0.960100	0.8949508098380324,0.10239080183963208,0.0026563087382523495,2.0795840831833635e-06
442	4201459448	5000.0	0.001	5.95e-05	-0.019091	0.9515706058788242,0.04781847630473905,0.0006109178164367126
450	1874347811	5000.0	0.001	5.95e-05	-0.223429	0.9525360127974405,0.04734817036592681,0.00011581683663267346
436	942782178	5000.0	0.001	5.95e-05	0.068460	0.9405051789642072,0.05913625274945011,0.0003584883023395321,7.998400319936013e-08
435	1886555872	5000.0	0.001	5.95e-05	-0.161749	0.9691527694461107,0.030791361727654468,5.586882623475305e-05
451	3358572326	5000.0	0.001	5.95e-05	-0.285449	0.9272265546890622,0.07192349530093982,0.000849750049990002,1.9996000799840033e-07
447	3821727518	5000.0	0.001	5.95e-05	0.260065	0.9571249350129974,0.042766446710657866,0.00010861827634473106
457	1931546415	5000.0	0.001	5.95e-05	0.595186	0.908446550689862,0.06066118776244751,0.026215596880623877,0.0046644271145770844,1.22375524895021e-05
456	3965280045	5000.0	0.001	5.95e-05	-0.334496	0.7881267346530694,0.20073409318136373,0.0110875424915017,5.1629674065186965e-05
459	737564472	5000.0	0.001	5.95e-05	0.086659	0.963947850429914,0.03542239552089582,0.000629754049190162
458	4132489014	5000.0	0.001	5.95e-05	0.072179	0.901363927214557,0.09829778044391121,0.0003382923415316937
460	3951681336	5000.0	0.001	5.95e-05	-0.049715	0.9653616076784644,0.033599280143971205,0.001038992201559688,1.199760047990402e-07
452	1173782311	5000.0	0.001	5.95e-05	0.082754	0.9874891821635673,0.012462427514497101,4.8390321935612875e-05
462	3179937600	5000.0	0.001	5.95e-05	-0.750078	0.886524975004999,0.11314373125374926,0.00033125374925015,3.9992001599680065e-08
449	683183905	5000.0	0.001	5.95e-05	0.056966	0.9843321735652869,0.015440791841631673,0.00022703459308138374
464	2451976012	5000.0	0.001	5.95e-05	-1.013042	0.807997200559888,0.17745626874625076,0.014504619076184763,4.191161767646471e-05
463	3331333955	5000.0	0.001	5.95e-05	0.625680	0.8496526694661067,0.14874629074185164,0.0016008798240351929,1.5996800639872026e-07
465	2278537039	5000.0	0.001	5.95e-05	-0.213457	0.9506635472905419,0.049048030393921214,0.0002884223155368926
453	1511657257	5000.0	0.001	5.95e-05	0.262580	0.9612454709058188,0.03145394921015797,0.007298220355928814,2.359528094381124e-06
454	835751722	5000.0	0.001	5.95e-05	-1.672577	0.833066826634673,0.153674225154969,0.013240471905618877,1.847630473905219e-05
466	4241545040	5000.0	0.001	5.95e-05	-0.194097	0.9527747650469907,0.04690453909218156,0.00032069586082783443
469	4197492589	5000.0	0.001	5.95e-05	1.210873	0.8966049190161968,0.1025493701259748,0.0008457108578284343
467	4077924182	5000.0	0.001	5.95e-05	0.081717	0.9682588682263548,0.03153501299740052,0.00020611877624475105
471	2321350522	5000.0	0.001	5.95e-05	-0.270232	0.9366440711857629,0.061396720655868826,0.0019573285342931413,1.879624075184963e-06
472	3217518458	5000.0	0.001	5.95e-05	0.336633	0.9361142171565687,0.06371393721255748,0.00017184563087382525
470	2867902328	5000.0	0.001	5.95e-05	0.050774	0.9666081183763248,0.03314557088582284,0.0002462707458508298,3.9992001599680065e-08
474	1856212860	5000.0	0.001	5.95e-05	-0.312410	0.9525376524695061,0.046090381923615274,0.0013714057188562287,5.598880223955209e-07
477	4203941778	5000.0	0.001	5.95e-05	-0.238239	0.9525309338132374,0.04669762047590482,0.0007712057588482303,2.399520095980804e-07
455	2060345132	5000.0	0.001	5.95e-05	0.051721	0.9687117776444711,0.031222195560887823,6.590681863627275e-05,1.199760047990402e-07
473	1445756796	5000.0	0.001	5.95e-05	0.458818	0.9333581683663267,0.06633337332533493,0.00030841831633673266,3.9992001599680065e-08
461	2162128696	5000.0	0.001	5.95e-05	0.485439	0.9136294341131773,0.0835747650469906,0.00192749450109978,0.0008683063387322535
481	472168369	5000.0	0.001	5.95e-05	-0.453800	0.9387007798440312,0.05957000599880024,0.0017291341731653668,7.998400319936013e-08
482	1109059507	5000.0	0.001	5.95e-05	0.113858	0.8880519096180763,0.11102239552089582,0.0009196960607878424,5.99880023995201e-06
479	1260791711	5000.0	0.001	5.95e-05	0.044074	0.9476720255948811,0.05200635872825435,0.0003216156768646271
480	574572463	5000.0	0.001	5.95e-05	-0.351993	0.9631556088782244,0.03675556888622276,8.882223555288942e-05
483	1780043701	5000.0	0.001	5.95e-05	0.204432	0.981997800439912,0.017869426114777046,7.118576284743052e-05,6.15876824635073e-05
484	289769403	5000.0	0.001	5.95e-05	-0.267340	0.914353449310138,0.07064323135372925,0.014958448310337932,4.487102579484103e-05
468	2942478185	5000.0	0.001	5.95e-05	0.088564	0.9624077584483104,0.03352385522895421,0.004020715856828634,4.7670465906818635e-05
478	74676120	5000.0	0.001	5.95e-05	-0.002335	0.7449328934213157,0.232952849430114,0.022072145570885823,4.211157768446311e-05
475	1860433799	5000.0	0.001	5.95e-05	0.029791	0.9690019996000799,0.030871705658868227,0.00012629474105178964
476	2966402958	5000.0	0.001	5.95e-05	-0.122242	0.9518174365126975,0.04806810637872425,0.00011445710857828435
485	2403415998	5000.0	0.001	5.95e-05	0.099050	0.9666113177364527,0.03332297540491902,6.570685862827434e-05
490	2469427155	5000.0	0.001	5.95e-05	-0.028532	0.9688739052189562,0.03102751449710058,9.858028394321136e-05
488	2676697035	5000.0	0.001	5.95e-05	0.505702	0.9374404719056189,0.06170465906818636,0.0008545090981803639,3.5992801439712056e-07
491	1363341267	5000.0	0.001	5.95e-05	0.010536	0.9116965006998601,0.08335768846230754,0.004945570885822835,2.399520095980804e-07
487	2643328966	5000.0	0.001	5.95e-05	0.142292	0.9572103579284144,0.04267798440311937,0.00011125774845030994,3.9992001599680065e-07
493	3388858338	5000.0	0.001	5.95e-05	-0.330824	0.931831673665267,0.06789746050789842,0.0002708258348330334,3.9992001599680065e-08
495	197414893	5000.0	0.001	5.95e-05	0.045799	0.9672923815236952,0.031916896620675865,0.0007905618876224755,1.5996800639872026e-07
486	937955265	5000.0	0.001	5.95e-05	-0.102824	0.9753547290541892,0.02458880223955209,5.646870625874825e-05
496	3968448494	5000.0	0.001	5.95e-05	-0.454049	0.9336389522095581,0.06573037392521495,0.0006306738652269546
497	3388471279	5000.0	0.001	5.95e-05	0.089171	0.974401399720056,0.025326494701059788,0.00027210557888422313
498	3327205363	5000.0	0.001	5.95e-05	0.107121	0.9363862027594481,0.0576127174565087,0.0029908018396320735,0.0030100779844031192,1.9996000799840033e-07
489	4075941841	5000.0	0.001	5.95e-05	-0.403584	0.9273226954609078,0.07156672665466907,0.0011102579484103179,3.199360127974405e-07
494	3742345187	5000.0	0.001	5.95e-05	-0.149850	0.8920876224755049,0.10637044591081783,0.0015418916216756648,3.9992001599680065e-08
499	3104051192	5000.0	0.001	5.95e-05	0.067381	0.9421368526294741,0.04702283543291342,0.010794081183763248,4.6230753849230153e-05
492	3070523347	5000.0	0.001	5.95e-05	-0.087527	0.9422306338732254,0.05701939612077585,0.0007496500699860028,3.199360127974405e-07
