sim_id	seed	popsize	selcoef	mutrate	velocity	profile
4	3709648910	5000.0	0.001	1.85e-05	-0.309519	0.9920779044191161,0.007879384123175365,4.271145770845831e-05
16	1394954281	5000.0	0.001	1.85e-05	-0.008417	0.9905563287342531,0.009434593081383722,9.078184363127375e-06
6	3905110032	5000.0	0.001	1.85e-05	-0.121461	0.9927472105578884,0.007237232553489302,1.5556888622275544e-05
18	2561435698	5000.0	0.001	1.85e-05	-0.119671	0.9862887022595481,0.013674905018996202,3.639272145570886e-05
3	2384826376	5000.0	0.001	1.85e-05	0.204155	0.9939885222955409,0.0060085582883423316,2.9194161167766445e-06
13	2652686361	5000.0	0.001	1.85e-05	-0.081973	0.995447350529894,0.004552289542091582,3.5992801439712056e-07
8	3645143056	5000.0	0.001	1.85e-05	0.126493	0.9584083183363328,0.04141687662467507,0.00017480503899220155
7	1635811345	5000.0	0.001	1.85e-05	-0.495427	0.9739950409918017,0.02600127974405119,3.679264147170566e-06
14	1991503906	5000.0	0.001	1.85e-05	-0.006833	0.9917924415116977,0.00819612077584483,1.1437712457508499e-05
2	1604055047	5000.0	0.001	1.85e-05	0.062982	0.9972865826834633,0.0027128174365126973,5.99880023995201e-07
12	3569979414	5000.0	0.001	1.85e-05	-3.483121	0.8884337532493501,0.11137148570285943,0.0001947610477904419
5	3924953103	5000.0	0.001	1.85e-05	-0.003425	0.9985394921015797,0.0014604679064187164,3.9992001599680065e-08
0	820928517	5000.0	0.001	1.85e-05	0.013966	0.9969780843831234,0.003001519696060788,2.0395920815836833e-05
10	2066003987	5000.0	0.001	1.85e-05	-0.154216	0.9570626274745051,0.04226602679464107,0.0006713457308538292
9	2258292755	5000.0	0.001	1.85e-05	0.591236	0.9819895220955809,0.01799892021595681,1.1557688462307538e-05
19	53399604	5000.0	0.001	1.85e-05	1.369873	0.9554337132573485,0.04455360927814437,1.267746450709858e-05
15	3774789667	5000.0	0.001	1.85e-05	-0.002626	0.9966931813637273,0.0030422315536892622,0.0002645870825834833
17	1330634796	5000.0	0.001	1.85e-05	-0.502104	0.9718856628674265,0.028081023795240953,3.331333733253349e-05
11	3161450518	5000.0	0.001	1.85e-05	0.018047	0.996953449310138,0.0030464307138572287,1.199760047990402e-07
1	3734362118	5000.0	0.001	1.85e-05	-1.200240	0.9740572285542891,0.025914377124575085,2.8394321135772847e-05
20	132554805	5000.0	0.001	1.85e-05	-0.365814	0.9842846630673865,0.015714577084583084,7.598480303939212e-07
22	2216804408	5000.0	0.001	1.85e-05	0.216867	0.9943504099180164,0.005649390121975605,1.9996000799840033e-07
24	1836277817	5000.0	0.001	1.85e-05	-0.441865	0.9898448710257949,0.010141971605678864,1.3157368526294741e-05
25	2148395075	5000.0	0.001	1.85e-05	0.188500	0.9894298340331934,0.010569006198760248,1.159768046390722e-06
21	2675075126	5000.0	0.001	1.85e-05	-0.178195	0.9459200959808038,0.05406930613877225,1.0597880423915217e-05
23	3143776312	5000.0	0.001	1.85e-05	1.616370	0.9290174365126974,0.06936056788642271,0.001621995600879824
29	184062028	5000.0	0.001	1.85e-05	-2.030732	0.9610377524495101,0.03877448510297941,0.0001877624475104979
35	4168968305	5000.0	0.001	1.85e-05	-0.015244	0.9973966806638672,0.0026027994401119775,5.198960207958409e-07
30	719302735	5000.0	0.001	1.85e-05	-0.040096	0.9969780043991202,0.00301995600879824,2.039592081583683e-06
31	3629838417	5000.0	0.001	1.85e-05	-0.080531	0.9958540691861628,0.00414493101379724,9.998000399920016e-07
36	3536814206	5000.0	0.001	1.85e-05	0.145525	0.9939996800639872,0.005999600079984003,7.198560287942411e-07
33	2950328403	5000.0	0.001	1.85e-05	0.100517	0.9967905618876225,0.0032093581283743253,7.998400319936013e-08
32	2605824082	5000.0	0.001	1.85e-05	-1.758954	0.9561013397320536,0.04389242151569686,6.23875224955009e-06
38	3189563526	5000.0	0.001	1.85e-05	0.084617	0.9917650069986003,0.008234593081383723,3.9992001599680065e-07
45	486848675	5000.0	0.001	1.85e-05	0.005907	0.9967996800639872,0.0031433313337332533,5.698860227954409e-05
26	2069528643	5000.0	0.001	1.85e-05	-0.101536	0.9929076984603079,0.0070923015396920615
37	1798226047	5000.0	0.001	1.85e-05	0.091440	0.9858626274745051,0.014136092781443711,1.279744051189762e-06
28	367200326	5000.0	0.001	1.85e-05	0.133331	0.9895939612077584,0.010400799840031994,5.238952209558089e-06
41	3352471703	5000.0	0.001	1.85e-05	-0.035830	0.9941384123175365,0.00585878824235153,2.7994401119776045e-06
34	2623653999	5000.0	0.001	1.85e-05	-0.366429	0.9822059188162368,0.017736372725454908,5.770845830833833e-05
27	3967285317	5000.0	0.001	1.85e-05	-0.777745	0.8334675864827035,0.16366630673865226,0.0028659068186362726,1.9996000799840033e-07
39	859746439	5000.0	0.001	1.85e-05	-0.070274	0.9929890021995601,0.007010917816436713,7.998400319936013e-08
40	3415599255	5000.0	0.001	1.85e-05	-0.272790	0.987869626074785,0.012015116976604678,0.00011525694861027794
44	3007576226	5000.0	0.001	1.85e-05	-0.069311	0.9956545090981803,0.004345490901819636
42	1704052893	5000.0	0.001	1.85e-05	-0.119935	0.9881710457908418,0.011828794241151769,1.5996800639872026e-07
43	1073842335	5000.0	0.001	1.85e-05	-0.021978	0.9973754449110178,0.0026200359928014397,4.519096180763847e-06
52	243437753	5000.0	0.001	1.85e-05	0.526492	0.9334116776644671,0.0665752049590082,1.311737652469506e-05
62	231835859	5000.0	0.001	1.85e-05	-1.578683	0.9509119776044791,0.049038312337532496,4.971005798840232e-05
63	3871996125	5000.0	0.001	1.85e-05	0.000236	0.9928032393521296,0.007196520695860828,1.9996000799840033e-07,3.9992001599680065e-08
54	552708286	5000.0	0.001	1.85e-05	1.442354	0.9291042191561688,0.07045626874625074,0.0004395120975804839
53	2926473405	5000.0	0.001	1.85e-05	-0.083952	0.9946931813637273,0.005306778644271146,3.9992001599680065e-08
49	3632601264	5000.0	0.001	1.85e-05	-1.207157	0.960796600679864,0.03878072385522895,0.0004226754649070186
59	2941522120	5000.0	0.001	1.85e-05	-0.415543	0.9895166566686663,0.010302019596080784,0.0001813237352529494
57	3881461957	5000.0	0.001	1.85e-05	0.575584	0.977301899620076,0.022693021395720856,5.078984203159368e-06
56	2458165442	5000.0	0.001	1.85e-05	-0.000662	0.9977086582683463,0.0022479504099180165,4.339132173565287e-05
51	2529951927	5000.0	0.001	1.85e-05	0.023600	0.9972602279544092,0.0027395320935812836,2.399520095980804e-07
46	886741154	5000.0	0.001	1.85e-05	-0.234576	0.9897216956608679,0.010267706458708259,1.0597880423915217e-05
50	2849999030	5000.0	0.001	1.85e-05	-0.478290	0.9679746450709859,0.031990961807638475,3.4393121375724854e-05
61	2234343631	5000.0	0.001	1.85e-05	-0.245876	0.9874366326734653,0.012552089582083583,1.1277744451109779e-05
58	520116424	5000.0	0.001	1.85e-05	-0.006615	0.9984727854429114,0.0015271345730853828,7.998400319936013e-08
64	2886775009	5000.0	0.001	1.85e-05	-0.007815	0.9948611077784443,0.005137732453509298,1.159768046390722e-06
47	2415417513	5000.0	0.001	1.85e-05	-0.167353	0.9916456708658269,0.008352169566086783,2.1595680863827235e-06
60	3424438476	5000.0	0.001	1.85e-05	-0.389233	0.9864100779844032,0.013589122175564888,7.998400319936013e-07
55	43765953	5000.0	0.001	1.85e-05	0.706410	0.9863467706458708,0.013651189762047591,2.039592081583683e-06
65	1444643041	5000.0	0.001	1.85e-05	0.022499	0.9974916616676665,0.0025083383323335332
48	178098352	5000.0	0.001	1.85e-05	0.118387	0.981491301739652,0.01850857828434313,1.199760047990402e-07
67	1082306799	5000.0	0.001	1.85e-05	-0.049626	0.995778524295141,0.0042211957608478306,2.7994401119776043e-07
68	1438918897	5000.0	0.001	1.85e-05	0.021784	0.9915530893821236,0.008438352329534092,8.558288342331533e-06
70	265519347	5000.0	0.001	1.85e-05	0.066399	0.9965172565486903,0.0034449110177964407,3.783243351329734e-05
71	998447347	5000.0	0.001	1.85e-05	0.252302	0.9681381323735253,0.0313130173965207,0.0005488502299540092
66	3251214566	5000.0	0.001	1.85e-05	1.569155	0.8528437112577485,0.14712965406918616,2.6634673065386922e-05
73	479351050	5000.0	0.001	1.85e-05	-0.057371	0.9899184963007398,0.010080263947210557,1.2397520495900819e-06
77	1502136614	5000.0	0.001	1.85e-05	-0.195230	0.9877441711657668,0.012253669266146771,2.1595680863827235e-06
72	3334306054	5000.0	0.001	1.85e-05	1.358521	0.8327655668866226,0.1669392121575685,0.00029518096380723853,3.9992001599680065e-08
75	2367205660	5000.0	0.001	1.85e-05	-0.167394	0.977805398920216,0.021951129774045192,0.00024347130573885222
79	1151877417	5000.0	0.001	1.85e-05	-0.060860	0.9969576884623076,0.003042271545690862,3.9992001599680065e-08
85	599619930	5000.0	0.001	1.85e-05	0.068787	0.9860852229554089,0.013913057388522295,1.7196560687862428e-06
69	3500898545	5000.0	0.001	1.85e-05	-0.262967	0.9705616876624675,0.02933877224555089,9.954009198160368e-05
82	327813434	5000.0	0.001	1.85e-05	0.828226	0.9801176564687063,0.01987862427514497,3.719256148770246e-06
80	4042279221	5000.0	0.001	1.85e-05	-0.456621	0.975807798440312,0.024188282343531292,3.919216156768646e-06
76	1677981988	5000.0	0.001	1.85e-05	2.727541	0.9113260147970406,0.08861887622475505,5.510897820435913e-05
74	288139541	5000.0	0.001	1.85e-05	0.224981	0.9828670665866827,0.017118136372725454,1.4797040591881624e-05
78	3270818087	5000.0	0.001	1.85e-05	1.056115	0.5466981403719257,0.4519366126774645,0.0013644471105778845,7.998400319936013e-07
83	3825510733	5000.0	0.001	1.85e-05	-0.000695	0.9962861427714457,0.00371373725254949,1.199760047990402e-07
84	1355278675	5000.0	0.001	1.85e-05	-0.292551	0.9606178764247151,0.03927614477104579,0.00010597880423915217
81	3387277621	5000.0	0.001	1.85e-05	-0.096561	0.9929640071985603,0.006976884623075385,5.910817836432714e-05
86	147915100	5000.0	0.001	1.85e-05	0.344510	0.9762608678264347,0.02373385322935413,5.278944211157768e-06
91	4131156326	5000.0	0.001	1.85e-05	-0.792423	0.9706673065386923,0.02933129374125175,1.3997200559888023e-06
87	1999450462	5000.0	0.001	1.85e-05	0.218533	0.9846863427314537,0.015199400119976005,0.00011425714857028594
88	1875263839	5000.0	0.001	1.85e-05	0.054623	0.9936928214357128,0.0063066986602679466,4.799040191961608e-07
101	574738840	5000.0	0.001	1.85e-05	0.299920	0.9843331733653269,0.01566502699460108,1.799640071985603e-06
94	2584273262	5000.0	0.001	1.85e-05	-0.357303	0.9925913217356529,0.0074081983603279345,4.799040191961608e-07
102	1198461337	5000.0	0.001	1.85e-05	0.077332	0.9920097180563887,0.007989762047590481,5.198960207958409e-07
99	2071945619	5000.0	0.001	1.85e-05	0.857778	0.9481542091581684,0.051032113577284544,0.0008136772645470906
90	3920482660	5000.0	0.001	1.85e-05	-0.015419	0.9918998600279944,0.008100139972005599
95	481833339	5000.0	0.001	1.85e-05	-1.025349	0.9755918416316737,0.024404759048190363,3.3993201359728056e-06
96	1242837372	5000.0	0.001	1.85e-05	0.589640	0.9873420915816836,0.011561047790441911,0.001096860627874425
98	1347289481	5000.0	0.001	1.85e-05	-0.026743	0.9749348930213957,0.025056708658268347,8.398320335932813e-06
89	561844579	5000.0	0.001	1.85e-05	0.649279	0.9211678064387122,0.07881679664067187,1.5396920615876825e-05
97	3153887614	5000.0	0.001	1.85e-05	0.104628	0.9966641071785642,0.003335892821435713
100	1160950167	5000.0	0.001	1.85e-05	0.152033	0.9956553889222156,0.004344491101779644,1.199760047990402e-07
92	715659625	5000.0	0.001	1.85e-05	-0.354280	0.9645389322135572,0.03543563287342531,2.543491301739652e-05
105	1124684212	5000.0	0.001	1.85e-05	-0.007295	0.9966097580483904,0.0033901619676064785,7.998400319936013e-08
93	545431918	5000.0	0.001	1.85e-05	-0.083403	0.9941309338132374,0.005863067386522695,5.99880023995201e-06
106	2302939579	5000.0	0.001	1.85e-05	0.048398	0.9944908618276345,0.005008158368326335,0.0005009798040391921
104	2105649577	5000.0	0.001	1.85e-05	-0.056445	0.9964713457308538,0.0035286542691461706
103	2306927014	5000.0	0.001	1.85e-05	0.035455	0.997342051589682,0.0026579484103179366
108	4228719047	5000.0	0.001	1.85e-05	-0.165282	0.993080423915217,0.006919376124775045,1.9996000799840033e-07
119	3178332697	5000.0	0.001	1.85e-05	-0.304430	0.9832288742251549,0.0167626874625075,8.438312337532494e-06
115	1885215209	5000.0	0.001	1.85e-05	-0.254032	0.9913633273345331,0.008636592681463707,7.998400319936013e-08
112	2633300444	5000.0	0.001	1.85e-05	-0.002435	0.9976559088182364,0.0023438112377524496,2.7994401119776043e-07
110	2393428438	5000.0	0.001	1.85e-05	0.309272	0.9805958408318336,0.01939136172765447,1.2797440511897621e-05
111	3349576151	5000.0	0.001	1.85e-05	0.181505	0.9944358728254349,0.005563447310537892,6.798640271945611e-07
116	2877463035	5000.0	0.001	1.85e-05	0.532501	0.9849299340131974,0.01506890621875625,1.159768046390722e-06
107	1787871678	5000.0	0.001	1.85e-05	-0.130665	0.9884482303539293,0.01155124975004999,5.198960207958409e-07
118	416825867	5000.0	0.001	1.85e-05	-0.022782	0.9810955808838232,0.01890113977204559,3.279344131173765e-06
113	548377058	5000.0	0.001	1.85e-05	-0.193154	0.9884566686662667,0.011515216956608678,2.8114377124575084e-05
120	2189285915	5000.0	0.001	1.85e-05	-0.051406	0.9970947810437912,0.0029049390121975603,2.7994401119776043e-07
109	3080444368	5000.0	0.001	1.85e-05	0.156566	0.9738869026194761,0.02610633873225355,6.758648270345931e-06
122	375310884	5000.0	0.001	1.85e-05	-0.005277	0.9977484903019396,0.0022515096980603878
114	836145638	5000.0	0.001	1.85e-05	-0.006672	0.9973076584683064,0.002692261547690462,7.998400319936013e-08
121	1792403998	5000.0	0.001	1.85e-05	-0.183472	0.9939410517896421,0.006058908218356329,3.9992001599680065e-08
117	3677837834	5000.0	0.001	1.85e-05	1.882949	0.9097836832633474,0.09015960807838433,5.670865826834633e-05
124	2154945066	5000.0	0.001	1.85e-05	0.383651	0.9840759448110378,0.015923375324935013,6.798640271945611e-07
126	1257118255	5000.0	0.001	1.85e-05	0.237180	0.9897322535492902,0.010234273145370926,3.3473305338932215e-05
125	3826491951	5000.0	0.001	1.85e-05	0.244749	0.9919550889822035,0.008044551089782043,3.5992801439712056e-07
123	1335611943	5000.0	0.001	1.85e-05	-0.490374	0.9753649670065987,0.024633553289342133,1.4797040591881624e-06
128	795841077	5000.0	0.001	1.85e-05	-0.088231	0.9903721255748851,0.009439152169566086,0.00018864227154569087,7.998400319936013e-08
137	2490993244	5000.0	0.001	1.85e-05	0.071045	0.9954908218356329,0.004509018196360728,1.5996800639872026e-07
127	2199482932	5000.0	0.001	1.85e-05	0.571954	0.9850171565686863,0.014980843831233753,1.999600079984003e-06
143	1368332910	5000.0	0.001	1.85e-05	-0.050432	0.9859835632873425,0.01400503899220156,1.1397720455908818e-05
141	3098499688	5000.0	0.001	1.85e-05	0.182128	0.9732187162567486,0.026757088582283543,2.4195160967806438e-05
132	3939273293	5000.0	0.001	1.85e-05	0.027196	0.9933780043991202,0.0066211157768446315,8.798240351929614e-07
133	1157317204	5000.0	0.001	1.85e-05	-0.079292	0.9905543691261748,0.009439712057588482,5.91881623675265e-06
140	3755283046	5000.0	0.001	1.85e-05	0.006843	0.9953679664067187,0.004631873625274945,1.5996800639872026e-07
142	2585078380	5000.0	0.001	1.85e-05	-0.049375	0.9918962207558488,0.00810369926014797,7.998400319936013e-08
129	596132410	5000.0	0.001	1.85e-05	0.362586	0.9800293941211757,0.019354809038192363,0.0006157968406318736
139	1864964708	5000.0	0.001	1.85e-05	-0.017960	0.9469663267346531,0.052822195560887825,0.0002114777044591082
136	4283705944	5000.0	0.001	1.85e-05	-1.142978	0.9592549490101979,0.040719496100779844,2.555488902219556e-05
131	1455995462	5000.0	0.001	1.85e-05	0.033924	0.9896777444511098,0.010320695860827834,1.5596880623875224e-06
145	592736881	5000.0	0.001	1.85e-05	-0.350502	0.9883162967406519,0.011680503899220157,3.1993601279744052e-06
130	4223453761	5000.0	0.001	1.85e-05	0.027606	0.9976311937612478,0.0023685262947410516,2.7994401119776043e-07
135	934763095	5000.0	0.001	1.85e-05	1.047388	0.8835206558688262,0.11498352329534094,0.0014957008598280345,1.199760047990402e-07
138	453311071	5000.0	0.001	1.85e-05	0.014004	0.9960340331933614,0.003965966806638672
144	2686560880	5000.0	0.001	1.85e-05	0.011448	0.9937893621275745,0.006209878024395121,7.598480303939212e-07
147	2828898931	5000.0	0.001	1.85e-05	0.166504	0.9895898420315937,0.01040995800839832,1.9996000799840033e-07
150	396030591	5000.0	0.001	1.85e-05	-0.039367	0.9959262547490502,0.0040690261947610475,4.719056188762248e-06
148	3600652921	5000.0	0.001	1.85e-05	-0.048784	0.9877284143171365,0.012271105778844231,4.799040191961608e-07
149	908778106	5000.0	0.001	1.85e-05	0.086201	0.9915407718456308,0.008435072985402919,2.4155168966206757e-05
134	1705179733	5000.0	0.001	1.85e-05	-1.897172	0.9566665866826635,0.04331793641271746,1.5476904619076186e-05
146	659090034	5000.0	0.001	1.85e-05	1.556575	0.9590187162567486,0.04097640471905619,4.879024195160968e-06
152	921291396	5000.0	0.001	1.85e-05	-0.044941	0.9973598080383923,0.002640151969606079,3.9992001599680065e-08
153	2059235973	5000.0	0.001	1.85e-05	0.009145	0.9978857028594281,0.0021142971405718855
151	1361934977	5000.0	0.001	1.85e-05	-0.093392	0.9955424915016997,0.004457268546290742,2.399520095980804e-07
157	326099605	5000.0	0.001	1.85e-05	-2.091413	0.9463180163967206,0.0536375524895021,4.443111377724455e-05
160	1061788326	5000.0	0.001	1.85e-05	0.248462	0.9908843431313737,0.009114417116576685,1.2397520495900819e-06
165	404812476	5000.0	0.001	1.85e-05	0.013222	0.9955821635672866,0.004417836432713458
154	2114593416	5000.0	0.001	1.85e-05	-2.324006	0.8674875824835033,0.13242399520095982,8.842231553689262e-05
158	3132963481	5000.0	0.001	1.85e-05	0.967555	0.9735574085182963,0.026441991601679662,5.99880023995201e-07
159	1109715611	5000.0	0.001	1.85e-05	0.131698	0.9947130573885223,0.005286782643471306,1.5996800639872026e-07
164	3740158647	5000.0	0.001	1.85e-05	0.360826	0.9837383323335332,0.016260427914417116,1.2397520495900819e-06
156	407456402	5000.0	0.001	1.85e-05	0.058939	0.9966173965206958,0.003382603479304139
155	237333132	5000.0	0.001	1.85e-05	0.366330	0.9873945610877825,0.01260491901619676,5.198960207958409e-07
163	3675538102	5000.0	0.001	1.85e-05	-1.057707	0.8128624675064987,0.18661899620075983,0.0005185362927414517
161	1811905194	5000.0	0.001	1.85e-05	1.197443	0.9713853229354129,0.0283875624875025,0.00022711457708458308
162	977066676	5000.0	0.001	1.85e-05	0.174758	0.9958133573285343,0.0041795640871825634,7.0785842831433715e-06
166	1284012736	5000.0	0.001	1.85e-05	-0.027768	0.9948399120175965,0.00516000799840032,7.998400319936013e-08
174	3630117597	5000.0	0.001	1.85e-05	-0.464581	0.9791682063587283,0.020749490101979604,8.230353929214157e-05
172	3232504536	5000.0	0.001	1.85e-05	0.136674	0.995946850629874,0.004050509898020396,2.639472105578884e-06
171	1213991638	5000.0	0.001	1.85e-05	0.475513	0.9878875424915017,0.011978084383123375,0.000134373125374925
178	3257760499	5000.0	0.001	1.85e-05	-0.194818	0.9790852229554089,0.020903339332133574,1.1437712457508499e-05
176	3122375395	5000.0	0.001	1.85e-05	0.088121	0.9950877424515097,0.004878144371125775,3.4113177364527094e-05
169	780993231	5000.0	0.001	1.85e-05	-0.051444	0.9922777044591081,0.0063246950609878025,0.0013976004799040192
177	2385091311	5000.0	0.001	1.85e-05	0.020414	0.9985932813437313,0.0014067186562687463
168	3588326090	5000.0	0.001	1.85e-05	0.094925	0.9748240351929615,0.025172085582883422,3.879224155168966e-06
173	2570625757	5000.0	0.001	1.85e-05	0.603070	0.9591956408718256,0.04078624275144971,1.811637672465507e-05
175	2249902814	5000.0	0.001	1.85e-05	3.284019	0.8353763647270546,0.1643879624075185,0.00023567286542691462
181	1918266105	5000.0	0.001	1.85e-05	-0.657323	0.9717804439112178,0.028159088182363526,6.046790641871626e-05
167	397920964	5000.0	0.001	1.85e-05	0.067106	0.9958676264747051,0.004132213557288543,1.5996800639872026e-07
180	1955113717	5000.0	0.001	1.85e-05	-0.064952	0.991819676064787,0.008178964207158568,1.3597280543891223e-06
170	3516861142	5000.0	0.001	1.85e-05	-1.399856	0.9406592681463707,0.05930953809238152,3.119376124775045e-05
179	2952600309	5000.0	0.001	1.85e-05	-0.064778	0.973369326134773,0.026629234153169368,1.4397120575884822e-06
182	2422444794	5000.0	0.001	1.85e-05	0.010519	0.9979227354529094,0.0020771445710857828,1.199760047990402e-07
184	2453705477	5000.0	0.001	1.85e-05	1.311976	0.9525772845430914,0.0472619876024795,0.00016072785442911418
186	3728337673	5000.0	0.001	1.85e-05	-0.006956	0.9990424315136973,0.0009575684863027394
183	2892159737	5000.0	0.001	1.85e-05	0.020563	0.998296900619876,0.0017030993801239753
185	3769275145	5000.0	0.001	1.85e-05	-1.045002	0.9340037192561488,0.05695624875024995,0.009031793641271746,8.238352329534093e-06
187	788679433	5000.0	0.001	1.85e-05	-0.073610	0.993260347930414,0.006735172965406919,4.479104179164167e-06
193	301275939	5000.0	0.001	1.85e-05	-0.009202	0.9955718456308739,0.004428154369126175
189	798667536	5000.0	0.001	1.85e-05	-0.205297	0.9937052589482104,0.006292781443711258,1.959608078384323e-06
195	1313495850	5000.0	0.001	1.85e-05	0.113976	0.970071625674865,0.029919896020795842,8.478304339132174e-06
188	2078561040	5000.0	0.001	1.85e-05	0.051395	0.9940150369926015,0.0059832433513297345,1.7196560687862428e-06
197	786162484	5000.0	0.001	1.85e-05	0.772768	0.9810639072185563,0.01892885422915417,7.238552289542091e-06
196	851671852	5000.0	0.001	1.85e-05	0.005828	0.9896188762247551,0.010381043791241752,7.998400319936013e-08
194	1357364010	5000.0	0.001	1.85e-05	-0.075554	0.9947272945410918,0.005272545490901819,1.5996800639872026e-07
192	1834066722	5000.0	0.001	1.85e-05	-0.701330	0.9809556488702259,0.019039592081583682,4.759048190361927e-06
198	3463203637	5000.0	0.001	1.85e-05	-0.036371	0.9981475304939013,0.0018524295140971805,3.9992001599680065e-08
190	1310872343	5000.0	0.001	1.85e-05	-0.011166	0.9834181163767246,0.016177924415116975,0.0004039592081583683
201	784218937	5000.0	0.001	1.85e-05	0.117686	0.9961086582683464,0.0038907018596280743,6.39872025594881e-07
191	3181789981	5000.0	0.001	1.85e-05	0.060905	0.988103699260148,0.011888542291541692,7.758448310337932e-06
204	1145154367	5000.0	0.001	1.85e-05	0.216144	0.9908905818836232,0.009108458308338332,9.598080383923216e-07
199	2172533558	5000.0	0.001	1.85e-05	1.370530	0.9247446510697861,0.07460199960007999,0.0006532693461307738,7.998400319936013e-08
203	1205029694	5000.0	0.001	1.85e-05	0.010075	0.9936707458508298,0.006326014797040592,3.239352129574085e-06
206	4127179588	5000.0	0.001	1.85e-05	-0.091888	0.9885869626074785,0.011412797440511898,2.399520095980804e-07
200	3059032884	5000.0	0.001	1.85e-05	-0.039081	0.9958647870425915,0.004135172965406919,3.9992001599680065e-08
202	4018563902	5000.0	0.001	1.85e-05	0.379282	0.9793427714457108,0.020418556288742253,0.00023867226554689062
205	1346251588	5000.0	0.001	1.85e-05	-0.011531	0.9931880423915217,0.006811717656468706,2.399520095980804e-07
207	1413659475	5000.0	0.001	1.85e-05	-0.159294	0.9863567686462708,0.013533133373325335,0.00011009798040391922
208	1495642979	5000.0	0.001	1.85e-05	0.048176	0.9953160167966407,0.004683983203359328
209	1226736485	5000.0	0.001	1.85e-05	0.136453	0.9945337332533494,0.0054661067786442715,1.5996800639872026e-07
223	1147892626	5000.0	0.001	1.85e-05	0.547578	0.9354000799840032,0.049967966406718654,0.014625554889022195,6.3987202559488104e-06
216	3729709952	5000.0	0.001	1.85e-05	0.459027	0.9884080383923215,0.011174805038992201,0.00041715656868626276
220	2150411144	5000.0	0.001	1.85e-05	-0.029137	0.9951412917416517,0.00485870825834833
213	922094456	5000.0	0.001	1.85e-05	0.071132	0.9955331333733254,0.0044262347530493905,4.0631873625274944e-05
210	4043449192	5000.0	0.001	1.85e-05	-0.667212	0.9682598280343931,0.03173685262947411,3.319336132773445e-06
215	395817855	5000.0	0.001	1.85e-05	-0.308639	0.9939440111977604,0.00581495700859828,0.00024103179364127174
211	2978823020	5000.0	0.001	1.85e-05	-0.084438	0.9855581683663267,0.014423035392921415,1.879624075184963e-05
225	3871683490	5000.0	0.001	1.85e-05	-0.113953	0.9879478104379125,0.012045950809838033,6.23875224955009e-06
214	2639709052	5000.0	0.001	1.85e-05	-0.126055	0.9950221155768846,0.004977644471105779,2.399520095980804e-07
226	3128384423	5000.0	0.001	1.85e-05	0.984693	0.9769105778844231,0.02308386322735453,5.558888222355529e-06
217	789980033	5000.0	0.001	1.85e-05	0.240860	0.9948847430513897,0.0051108978204359124,4.359128174365127e-06
222	3199189904	5000.0	0.001	1.85e-05	0.846261	0.9812938612277544,0.018696420715856827,9.718056388722255e-06
218	1336716163	5000.0	0.001	1.85e-05	0.058893	0.9867462107578484,0.013252949410117976,8.398320335932813e-07
219	223316868	5000.0	0.001	1.85e-05	0.012911	0.9609376524695061,0.03901735652869426,4.499100179964007e-05
221	4198099851	5000.0	0.001	1.85e-05	-0.104889	0.9905595680863827,0.009436872625474905,3.5592881423715255e-06
224	2398047129	5000.0	0.001	1.85e-05	-0.053895	0.9956948210357929,0.004303579284143172,1.5996800639872026e-06
227	3686183852	5000.0	0.001	1.85e-05	0.238469	0.9820714257148571,0.017923455308938213,5.118976204759048e-06
212	174351217	5000.0	0.001	1.85e-05	-0.052887	0.9981308138372326,0.0018623075384923016,6.878624275144971e-06
228	154284983	5000.0	0.001	1.85e-05	5.164078	0.8572554289142171,0.14241451709658068,0.00033005398920215955
229	4221197240	5000.0	0.001	1.85e-05	-0.142670	0.9898262347530494,0.010173365326934613,3.9992001599680065e-07
232	1723263932	5000.0	0.001	1.85e-05	-0.000077	0.9972351129774045,0.0027648870225954808
230	3549010873	5000.0	0.001	1.85e-05	0.557347	0.9802122775444911,0.019783243351329735,4.479104179164167e-06
231	152218553	5000.0	0.001	1.85e-05	0.289704	0.9883665666866627,0.009688342331533694,0.0019450909818036393
238	2344258531	5000.0	0.001	1.85e-05	-0.052635	0.9957270545890822,0.004272865426914617,7.998400319936013e-08
233	1949127619	5000.0	0.001	1.85e-05	0.487002	0.9848048790241951,0.015163967206558689,3.115376924615077e-05
234	2600606670	5000.0	0.001	1.85e-05	0.627075	0.9833873225354929,0.0166125174965007,1.5996800639872026e-07
242	3258389475	5000.0	0.001	1.85e-05	0.057724	0.9975338132373526,0.0024660667866426714,1.199760047990402e-07
245	2642654205	5000.0	0.001	1.85e-05	0.549919	0.9741720855828834,0.025796040791841633,3.187362527494501e-05
236	178529244	5000.0	0.001	1.85e-05	0.013499	0.9963812837432513,0.003617756448710258,9.598080383923216e-07
244	3224837105	5000.0	0.001	1.85e-05	0.053733	0.9940990601879625,0.0059009398120375926
237	1579398110	5000.0	0.001	1.85e-05	0.790332	0.9727518096380724,0.02724479104179164,3.3993201359728056e-06
235	2325636057	5000.0	0.001	1.85e-05	-0.963014	0.968222075584883,0.03173989202159568,3.803239352129574e-05
240	3346559973	5000.0	0.001	1.85e-05	-0.667464	0.9740671065786842,0.025902659468106378,3.023395320935813e-05
239	222776292	5000.0	0.001	1.85e-05	0.530319	0.9524816236752649,0.04742747450509898,9.090181963607279e-05
243	2788369387	5000.0	0.001	1.85e-05	-0.030699	0.9990020795840832,0.0009825634873025396,1.5356928614277145e-05
241	1907348454	5000.0	0.001	1.85e-05	0.039664	0.8991248150369926,0.1008257948410318,4.939012197560488e-05
247	3995837439	5000.0	0.001	1.85e-05	-0.080464	0.9966378324335133,0.00336000799840032,2.1595680863827235e-06
246	326089726	5000.0	0.001	1.85e-05	-0.006284	0.9980368326334733,0.001963127374525095,3.9992001599680065e-08
248	3331720193	5000.0	0.001	1.85e-05	-0.502541	0.9868576684663067,0.01313501299740052,7.318536292741451e-06
251	3673760770	5000.0	0.001	1.85e-05	-0.111128	0.9840237952409518,0.015976044791041793,1.5996800639872026e-07
249	1696295938	5000.0	0.001	1.85e-05	-0.149735	0.9869250949810038,0.01302759448110378,4.7310537892421514e-05
252	3427376134	5000.0	0.001	1.85e-05	0.252708	0.9528715456908619,0.04711549690061988,1.295740851829634e-05
253	1758753799	5000.0	0.001	1.85e-05	0.322670	0.9908191961607679,0.009109498100379924,7.130573885222956e-05
250	419662850	5000.0	0.001	1.85e-05	-0.290273	0.9842572285542891,0.0157374525094981,5.318936212757449e-06
255	2904648712	5000.0	0.001	1.85e-05	-0.656913	0.9805457708458308,0.019451669666066786,2.559488102379524e-06
260	104950810	5000.0	0.001	1.85e-05	-0.029386	0.9973577284543091,0.002641831633673265,4.399120175964807e-07
261	610071579	5000.0	0.001	1.85e-05	0.133906	0.9941689662067587,0.005830913817236553,1.199760047990402e-07
263	721202207	5000.0	0.001	1.85e-05	-0.039973	0.9977278544291142,0.002266746650669866,5.398920215956809e-06
254	3510379528	5000.0	0.001	1.85e-05	1.340560	0.8847792041591682,0.115000399920016,0.00022039592081583682
256	2618856463	5000.0	0.001	1.85e-05	0.077125	0.9958867826434713,0.004112057588482303,1.159768046390722e-06
264	3802661929	5000.0	0.001	1.85e-05	-0.190905	0.9844872225554889,0.015512457508498301,3.199360127974405e-07
265	790965296	5000.0	0.001	1.85e-05	-0.580752	0.980882223555289,0.019009638072385523,0.00010813837232553489
268	3779488822	5000.0	0.001	1.85e-05	0.108866	0.9919174165166966,0.008082263547290542,3.199360127974405e-07
258	3868922897	5000.0	0.001	1.85e-05	0.032462	0.9929258948210358,0.007069586082783443,4.519096180763847e-06
259	3822777363	5000.0	0.001	1.85e-05	-1.071820	0.9524688662267546,0.0474245950809838,0.00010653869226154769
267	1215151156	5000.0	0.001	1.85e-05	0.082954	0.9963686462707458,0.0036312337532493503,1.199760047990402e-07
262	1540588575	5000.0	0.001	1.85e-05	0.138070	0.9919442111577684,0.007859828034393121,0.0001959608078384323
266	1478304818	5000.0	0.001	1.85e-05	-0.096699	0.9965759648070386,0.0034234353129374124,5.99880023995201e-07
257	3460037648	5000.0	0.001	1.85e-05	-2.396152	0.9354141971605678,0.06452665466906618,5.9148170365926814e-05
269	2405104697	5000.0	0.001	1.85e-05	0.818275	0.9823587282543491,0.017627874425114976,1.3397320535892822e-05
271	117310529	5000.0	0.001	1.85e-05	-0.269236	0.9837738452309538,0.016222715456908617,3.4393121375724856e-06
272	2732497986	5000.0	0.001	1.85e-05	-0.011591	0.9985877624475105,0.0014120775844831033,1.5996800639872026e-07
273	393073734	5000.0	0.001	1.85e-05	0.515193	0.9843022195560888,0.015695940811837634,1.839632073585283e-06
282	2385452132	5000.0	0.001	1.85e-05	-0.030865	0.9918921815636873,0.00805126974605079,5.654869026194761e-05
279	1094700122	5000.0	0.001	1.85e-05	0.078003	0.9910778644271145,0.00891885622875425,3.279344131173765e-06
270	56312890	5000.0	0.001	1.85e-05	-2.659880	0.8577810037992402,0.14085818836232752,0.0013607678464307139,3.9992001599680065e-08
277	626211925	5000.0	0.001	1.85e-05	0.010191	0.9925407318536292,0.007437792441511697,2.1475704859028193e-05
285	3430335595	5000.0	0.001	1.85e-05	0.169877	0.9927016596680663,0.00729122175564887,7.118576284743051e-06
274	3813790793	5000.0	0.001	1.85e-05	-0.410199	0.957077224555089,0.04291405718856229,8.718256348730255e-06
278	3601587287	5000.0	0.001	1.85e-05	-0.173973	0.9901035792841432,0.009895940811837632,4.799040191961608e-07
276	3869449300	5000.0	0.001	1.85e-05	-0.421305	0.977397800439912,0.022595960807838433,6.23875224955009e-06
280	1640520796	5000.0	0.001	1.85e-05	-0.028682	0.9949252949410118,0.005071625674865027,3.079384123175365e-06
275	2055836754	5000.0	0.001	1.85e-05	-0.357804	0.9842199560087982,0.01576144771045791,1.859628074385123e-05
284	1964549224	5000.0	0.001	1.85e-05	0.030458	0.9958974205158968,0.00410245950809838,1.199760047990402e-07
287	2908273786	5000.0	0.001	1.85e-05	0.027888	0.9970605478904219,0.0029389722055588883,4.799040191961608e-07
281	2852811875	5000.0	0.001	1.85e-05	-0.184030	0.9936309938012398,0.006368246350729854,7.598480303939212e-07
283	2857141349	5000.0	0.001	1.85e-05	0.408327	0.9841899620075985,0.01580515896820636,4.879024195160968e-06
288	3078354044	5000.0	0.001	1.85e-05	0.759575	0.9862703459308139,0.01372365526894621,5.99880023995201e-06
286	1578624113	5000.0	0.001	1.85e-05	-0.028316	0.9977272945410918,0.0022632673465306937,9.438112377524495e-06
289	1413063805	5000.0	0.001	1.85e-05	-0.007690	0.9962697060587883,0.003730293941211758
290	3051414654	5000.0	0.001	1.85e-05	-3.269020	0.8632093181363727,0.136726974605079,6.370725854829034e-05
295	138366093	5000.0	0.001	1.85e-05	0.586326	0.9808141571685662,0.01230749850029994,0.006844711057788442,3.3633273345330936e-05
296	3539356816	5000.0	0.001	1.85e-05	0.236265	0.9831546890621876,0.01682747450509898,1.783643271345731e-05
300	4227062947	5000.0	0.001	1.85e-05	-0.065143	0.9975141771645671,0.002459108178364327,2.6714657068586283e-05
302	118983848	5000.0	0.001	1.85e-05	0.952548	0.9712421515696861,0.02873993201359728,1.7916416716656668e-05
291	4142075013	5000.0	0.001	1.85e-05	-0.100287	0.996070225954809,0.0039297340531893625,3.9992001599680065e-08
292	1807832202	5000.0	0.001	1.85e-05	1.899112	0.9274046390721855,0.07200299940011998,0.0005923615276944611
304	2063871166	5000.0	0.001	1.85e-05	0.086216	0.9945332533493302,0.005459228154369126,7.518496300739852e-06
297	3303828634	5000.0	0.001	1.85e-05	-0.256769	0.9893942011597681,0.010519816036792641,8.598280343931214e-05
306	1310010565	5000.0	0.001	1.85e-05	-0.030521	0.9969352129574085,0.003064787042591482
305	1040549060	5000.0	0.001	1.85e-05	-0.047215	0.997986322735453,0.002013637272545491,3.9992001599680065e-08
301	134139048	5000.0	0.001	1.85e-05	0.055886	0.9967292141571685,0.0032703859228154367,3.9992001599680065e-07
293	3780994187	5000.0	0.001	1.85e-05	-1.296351	0.9690559488102379,0.030936732653469304,7.318536292741451e-06
307	990194888	5000.0	0.001	1.85e-05	-0.197613	0.8367322935412917,0.16279196160767848,0.00047574485102979406
294	1301681292	5000.0	0.001	1.85e-05	0.583963	0.953758048390322,0.046229674065186965,1.1957608478304339e-05,3.199360127974405e-07
299	793679008	5000.0	0.001	1.85e-05	-0.137687	0.9876721855628874,0.01232385522895421,3.959208158368327e-06
309	3333721290	5000.0	0.001	1.85e-05	0.112445	0.9889873625274945,0.011009198160367927,3.4393121375724856e-06
303	1468110011	5000.0	0.001	1.85e-05	0.000884	0.9596451509698061,0.04027886422715457,7.598480303939213e-05
298	3178253472	5000.0	0.001	1.85e-05	0.060324	0.9945838032393521,0.005415796840631874,3.9992001599680065e-07
310	3793958092	5000.0	0.001	1.85e-05	0.181499	0.9955375324935013,0.004462387522495501,7.998400319936013e-08
308	2898136264	5000.0	0.001	1.85e-05	-0.162427	0.9946001199760048,0.005399120175964807,7.598480303939212e-07
316	1343919337	5000.0	0.001	1.85e-05	1.500256	0.9626295940811838,0.03736540691861628,4.999000199960008e-06
315	445822182	5000.0	0.001	1.85e-05	1.007159	0.9750809838032394,0.024814477104579083,0.00010453909218156369
312	483456208	5000.0	0.001	1.85e-05	-1.257971	0.9439360527894421,0.05597004599080184,9.390121975604879e-05
311	1063558350	5000.0	0.001	1.85e-05	0.038516	0.9917322535492902,0.008267626474705058,1.199760047990402e-07
314	3997379808	5000.0	0.001	1.85e-05	0.157580	0.9944877024595081,0.005512257548490302,3.9992001599680065e-08
313	1256738003	5000.0	0.001	1.85e-05	-0.236781	0.9827716456708658,0.01722787442511498,4.799040191961608e-07
318	645117166	5000.0	0.001	1.85e-05	0.504530	0.9866259148170365,0.013366926614677064,7.1585682863427314e-06
317	2575011051	5000.0	0.001	1.85e-05	0.011883	0.9984986202759448,0.0015012197560487902,1.5996800639872026e-07
319	3011960050	5000.0	0.001	1.85e-05	-0.003977	0.996520975804839,0.0034787042591481704,3.199360127974405e-07
321	2606724345	5000.0	0.001	1.85e-05	0.472113	0.9613712057588483,0.038392841431713655,0.00023595280943811237
327	1491531013	5000.0	0.001	1.85e-05	-0.031018	0.9926470305938813,0.007352849430113977,1.199760047990402e-07
326	2062494978	5000.0	0.001	1.85e-05	0.211729	0.9923335732853429,0.007666426714657068
330	351634712	5000.0	0.001	1.85e-05	0.024390	0.9928762647470506,0.007123535292941412,1.9996000799840033e-07
329	2149625112	5000.0	0.001	1.85e-05	0.348134	0.9849512897420516,0.015046950609878025,1.7596480703859228e-06
320	226055412	5000.0	0.001	1.85e-05	-1.067989	0.9733336932613478,0.02665114977004599,1.5156968606278745e-05
324	1488725244	5000.0	0.001	1.85e-05	0.034693	0.9965627674465107,0.0034369526094781043,2.7994401119776043e-07
325	1051735295	5000.0	0.001	1.85e-05	-0.325544	0.9930128374325135,0.006986522695460908,6.39872025594881e-07
322	2396486906	5000.0	0.001	1.85e-05	0.197124	0.9939993601279744,0.005999400119976005,1.2397520495900819e-06
323	438719739	5000.0	0.001	1.85e-05	-0.465583	0.9854156368726255,0.014582283543291342,2.0795840831833635e-06
328	2174516495	5000.0	0.001	1.85e-05	0.116690	0.9936461107778445,0.0063538092381523695,7.998400319936013e-08
333	3017717023	5000.0	0.001	1.85e-05	-0.506172	0.9847010197960407,0.015298820235952809,1.5996800639872026e-07
331	683375900	5000.0	0.001	1.85e-05	-0.709846	0.9809954009198161,0.019002879424115177,1.7196560687862428e-06
332	1287056671	5000.0	0.001	1.85e-05	-0.120773	0.9933606878624275,0.006639192161567687,1.199760047990402e-07
334	2745613603	5000.0	0.001	1.85e-05	0.036816	0.9932157968406319,0.006784043191361728,1.5996800639872026e-07
337	2410222897	5000.0	0.001	1.85e-05	1.092187	0.9647684863027395,0.035222315536892625,9.198160367926415e-06
336	2900528428	5000.0	0.001	1.85e-05	-0.129169	0.9910251949610078,0.008948970205958808,2.583483303339332e-05
335	2309154090	5000.0	0.001	1.85e-05	0.423532	0.9277804039192161,0.07147354529094181,0.0007460507898420316
338	197338419	5000.0	0.001	1.85e-05	-0.428167	0.9839046190761848,0.01609370125974805,1.6796640671865626e-06
339	2489808199	5000.0	0.001	1.85e-05	0.133411	0.9933047790441911,0.0066949810037992405,2.399520095980804e-07
343	667727188	5000.0	0.001	1.85e-05	-0.091387	0.9955741651669666,0.004425714857028595,1.199760047990402e-07
342	4231900496	5000.0	0.001	1.85e-05	-0.065088	0.988749850029994,0.011247990401919617,2.1595680863827235e-06
341	840543564	5000.0	0.001	1.85e-05	-0.176066	0.9929194161167767,0.007078824235152969,1.7596480703859228e-06
340	2649386314	5000.0	0.001	1.85e-05	0.012233	0.9970713057388523,0.0029104179164167166,1.8276344731053788e-05
344	3666443607	5000.0	0.001	1.85e-05	-0.262340	0.9876875024995001,0.012312017596480703,4.799040191961608e-07
346	652592477	5000.0	0.001	1.85e-05	-3.190412	0.9025569286142772,0.09729250149970006,0.00015056988602279544
350	3331317093	5000.0	0.001	1.85e-05	0.047575	0.9971776044791042,0.002822395520895821
345	4031284572	5000.0	0.001	1.85e-05	0.006498	0.9972861027794441,0.0027138572285542893,3.9992001599680065e-08
348	1218370911	5000.0	0.001	1.85e-05	0.627614	0.9885176564687063,0.011026554689062188,0.0004557888422315537
349	1480662372	5000.0	0.001	1.85e-05	0.238161	0.9919694461107779,0.008030233953209358,3.199360127974405e-07
352	2490625391	5000.0	0.001	1.85e-05	0.115571	0.9910153169366127,0.00892361527694461,6.106778644271145e-05
347	1231566174	5000.0	0.001	1.85e-05	-0.134088	0.9939329734053189,0.005953929214157169,0.00011309738052389522
353	2236058991	5000.0	0.001	1.85e-05	0.103125	0.9930077184563088,0.006991321735652869,9.598080383923216e-07
351	3093048679	5000.0	0.001	1.85e-05	-0.068573	0.9969967606478705,0.0030029594081183763,2.7994401119776043e-07
355	2047919489	5000.0	0.001	1.85e-05	0.012581	0.9937806038792242,0.006219076184763047,3.199360127974405e-07
357	3442632074	5000.0	0.001	1.85e-05	0.146402	0.9935248150369926,0.006475144971005799,3.9992001599680065e-08
356	2661252489	5000.0	0.001	1.85e-05	0.002816	0.9979558488302339,0.0020440711857628475,7.998400319936013e-08
354	3652361587	5000.0	0.001	1.85e-05	0.493193	0.964731773645271,0.03523383323335333,3.4393121375724854e-05
358	2762466703	5000.0	0.001	1.85e-05	0.227565	0.9901525694861028,0.009847310537892421,1.199760047990402e-07
359	2801581455	5000.0	0.001	1.85e-05	0.083434	0.9951490901819636,0.0040995800839832034,0.0007513297340531893
362	657903013	5000.0	0.001	1.85e-05	0.063082	0.9962631473705259,0.003736612677464507,2.399520095980804e-07
361	3095086500	5000.0	0.001	1.85e-05	0.874087	0.967319976004799,0.032572765446910616,0.00010725854829034193
363	2131381673	5000.0	0.001	1.85e-05	-0.044285	0.9978080383923216,0.0021914417116576683,5.198960207958409e-07
368	1471002047	5000.0	0.001	1.85e-05	-1.296713	0.9745692061587683,0.02511465706858628,0.0003161367726454709
365	4116927926	5000.0	0.001	1.85e-05	-0.006883	0.99644875024995,0.003551009798040392,2.399520095980804e-07
370	3324419529	5000.0	0.001	1.85e-05	0.676322	0.9787655668866226,0.02123239352129574,2.039592081583683e-06
375	4076195297	5000.0	0.001	1.85e-05	-0.180134	0.9911671665666867,0.008817116576684663,1.5716856628674265e-05
371	4077262290	5000.0	0.001	1.85e-05	0.038517	0.9867825634873025,0.013215956808638272,1.4797040591881624e-06
376	1331181026	5000.0	0.001	1.85e-05	-0.022314	0.9975174165166967,0.0024811837632473504,1.3997200559888023e-06
373	838020565	5000.0	0.001	1.85e-05	0.100592	0.9946531093781243,0.0053468506298740255,3.9992001599680065e-08
374	3827627487	5000.0	0.001	1.85e-05	0.005325	0.995750849830034,0.004248310337932414,8.398320335932813e-07
369	3027090889	5000.0	0.001	1.85e-05	-0.079801	0.9950283943211358,0.004965086982603479,6.518696260747851e-06
367	186570171	5000.0	0.001	1.85e-05	-1.761210	0.9344434713057389,0.06554409118176364,1.24375124975005e-05
364	353451444	5000.0	0.001	1.85e-05	-0.584810	0.9839548090381923,0.016042111577684464,3.079384123175365e-06
366	82058679	5000.0	0.001	1.85e-05	0.032458	0.9963310137972405,0.003654869026194761,1.4117176564687063e-05
377	3927293411	5000.0	0.001	1.85e-05	-0.314634	0.9908421915616876,0.00915252949410118,5.278944211157768e-06
372	2418443731	5000.0	0.001	1.85e-05	-0.004594	0.9973998800239952,0.0026001199760047992
378	1535809010	5000.0	0.001	1.85e-05	3.929753	0.8872151169766047,0.11271993601279744,6.494701059788043e-05
381	2578007555	5000.0	0.001	1.85e-05	-0.033775	0.9901934413117377,0.00980379924015197,2.7594481103779245e-06
360	1314772373	5000.0	0.001	1.85e-05	-3.182978	0.9236269946010798,0.076299700059988,7.330533893221356e-05
380	1810292222	5000.0	0.001	1.85e-05	-0.096205	0.9964219556088783,0.0035779244151169765,1.199760047990402e-07
379	3255924212	5000.0	0.001	1.85e-05	-1.038950	0.9723361327734453,0.02765962807438512,4.239152169566087e-06
382	738113030	5000.0	0.001	1.85e-05	-0.293049	0.9735153369326135,0.026478224355128973,6.43871225754849e-06
385	989836826	5000.0	0.001	1.85e-05	-0.016903	0.9983526494701059,0.0016473505298940211
383	885190152	5000.0	0.001	1.85e-05	0.008636	0.9967935212957408,0.003206358728254349,1.199760047990402e-07
384	3499890187	5000.0	0.001	1.85e-05	0.230455	0.9927788842231554,0.00721995600879824,1.159768046390722e-06
391	97336867	5000.0	0.001	1.85e-05	-0.216711	0.992650149970006,0.007349290141971606,5.598880223955209e-07
394	140156487	5000.0	0.001	1.85e-05	-0.150193	0.9888241551689662,0.011133853229354129,4.1991601679664064e-05
386	963954203	5000.0	0.001	1.85e-05	0.004132	0.9988169166166767,0.0011830433913217356,3.9992001599680065e-08
395	453658184	5000.0	0.001	1.85e-05	-0.216532	0.9943883223355329,0.005607918416316736,3.759248150369926e-06
389	539002399	5000.0	0.001	1.85e-05	0.621032	0.9874192361527695,0.012578844231153768,1.919616076784643e-06
387	157113884	5000.0	0.001	1.85e-05	0.215085	0.9869343731253749,0.013058028394321136,7.5984803039392126e-06
398	2203655770	5000.0	0.001	1.85e-05	-0.009937	0.9969712457508498,0.00302875424915017
388	3304064539	5000.0	0.001	1.85e-05	-0.046784	0.9866847030593882,0.013310897820435912,4.399120175964807e-06
393	2575730227	5000.0	0.001	1.85e-05	0.047468	0.9970199960007998,0.0029797240551889623,2.7994401119776043e-07
399	3805716061	5000.0	0.001	1.85e-05	0.433674	0.9867945610877824,0.013204799040191962,6.39872025594881e-07
396	1167320649	5000.0	0.001	1.85e-05	0.030336	0.965503899220156,0.03447774445110978,1.835632873425315e-05
400	3166799457	5000.0	0.001	1.85e-05	-0.087153	0.9783117776444711,0.02168618276344731,2.039592081583683e-06
392	3280590383	5000.0	0.001	1.85e-05	-1.370206	0.9592333533293341,0.040124975004999,0.0006416716656668666
397	2510055000	5000.0	0.001	1.85e-05	-0.015957	0.9978102379524095,0.0021888022395520896,9.598080383923216e-07
401	3672764009	5000.0	0.001	1.85e-05	0.810596	0.9793542891421716,0.02064515096980604,5.598880223955209e-07
390	2046359072	5000.0	0.001	1.85e-05	0.050004	0.991271425714857,0.00872729454109178,1.279744051189762e-06
402	2478612074	5000.0	0.001	1.85e-05	-0.000718	0.9959923215356928,0.0040024795040991806,5.198960207958408e-06
404	1778380397	5000.0	0.001	1.85e-05	1.218365	0.9759267346530693,0.02406882623475305,4.439112177564487e-06
403	2946143853	5000.0	0.001	1.85e-05	0.414205	0.9623378124375125,0.03765890821835633,3.279344131173765e-06
406	1836410485	5000.0	0.001	1.85e-05	0.360584	0.9829296140771846,0.017061667666466707,8.718256348730255e-06
408	446084732	5000.0	0.001	1.85e-05	-0.080078	0.9903176964607079,0.009679024195160969,3.279344131173765e-06
409	3198099074	5000.0	0.001	1.85e-05	0.285898	0.9878730653869227,0.012123575284943011,3.359328134373125e-06
405	772238962	5000.0	0.001	1.85e-05	0.402638	0.9493050189962008,0.05023303339332134,0.00046194761047790443
407	3347265147	5000.0	0.001	1.85e-05	0.095292	0.9938725854829035,0.006127374525094981,3.9992001599680065e-08
417	3911018170	5000.0	0.001	1.85e-05	-0.156958	0.9920249550089982,0.0079750049990002,3.9992001599680065e-08
411	2882606733	5000.0	0.001	1.85e-05	0.380498	0.981266426714657,0.01821383723255349,0.0005196960607878425,3.9992001599680065e-08
410	1505951370	5000.0	0.001	1.85e-05	0.145869	0.9911863227354529,0.00881111777644471,2.559488102379524e-06
418	4176099003	5000.0	0.001	1.85e-05	-0.000117	0.9985116176764647,0.001486382723455309,1.999600079984003e-06
412	1212368530	5000.0	0.001	1.85e-05	-1.008932	0.9798207558488302,0.020159208158368327,2.0035992801439712e-05
414	3090226840	5000.0	0.001	1.85e-05	0.276254	0.9935613677264548,0.006436952609478104,1.6796640671865626e-06
419	2622975676	5000.0	0.001	1.85e-05	-0.092259	0.9915036592681463,0.008482663467306539,1.3677264547090581e-05
416	2004610736	5000.0	0.001	1.85e-05	-0.589975	0.9751109378124375,0.024883583283343332,5.478904219156169e-06
420	753282751	5000.0	0.001	1.85e-05	0.179204	0.9950328334333134,0.0049658068386322736,1.3597280543891223e-06
415	83938974	5000.0	0.001	1.85e-05	-0.782409	0.9493952409518096,0.05059836032793441,6.3987202559488104e-06
413	4222418581	5000.0	0.001	1.85e-05	-0.092403	0.9895292141571685,0.010465186962607478,5.598880223955209e-06
421	1443569343	5000.0	0.001	1.85e-05	-1.471723	0.9589039792041592,0.04108614277144571,9.878024395120976e-06
422	4066920144	5000.0	0.001	1.85e-05	-0.025822	0.9978643471305739,0.002135652869426115
423	1194870481	5000.0	0.001	1.85e-05	-0.118877	0.9736062387522495,0.02638860227954409,5.158968206358728e-06
424	1080336081	5000.0	0.001	1.85e-05	-0.007356	0.991644951009798,0.008344491101779644,1.0557888422315537e-05
426	2865161942	5000.0	0.001	1.85e-05	1.330949	0.9646989402119576,0.035224435112977404,7.6624675064987e-05
425	854503124	5000.0	0.001	1.85e-05	-0.218341	0.9881563287342532,0.011815356928614277,2.8314337132573486e-05
429	659541731	5000.0	0.001	1.85e-05	0.424006	0.9787247350529894,0.02127126574685063,3.959208158368327e-06,3.9992001599680065e-08
427	3970012893	5000.0	0.001	1.85e-05	-0.209966	0.9747505298940212,0.02510357928414317,0.0001458908218356329
428	173946593	5000.0	0.001	1.85e-05	-0.122792	0.985998400319936,0.01396008798240352,4.1511697660467906e-05
434	2955939570	5000.0	0.001	1.85e-05	0.227627	0.9819968406318736,0.018001639672065587,1.5196960607878424e-06
430	3833110246	5000.0	0.001	1.85e-05	-0.102955	0.994254949010198,0.00574253149370126,2.519496100779844e-06
435	3647289075	5000.0	0.001	1.85e-05	-0.018072	0.9977521695660868,0.0022478304339132176
433	2801571567	5000.0	0.001	1.85e-05	-0.516369	0.9849574085182964,0.015037712457508498,4.879024195160968e-06
436	3834205940	5000.0	0.001	1.85e-05	-0.085703	0.9915726454709058,0.008421795640871825,5.558888222355529e-06
441	412874513	5000.0	0.001	1.85e-05	0.110223	0.9895595680863827,0.010311017796440712,0.00012941411717656468
439	1946677001	5000.0	0.001	1.85e-05	0.109804	0.9962066386722656,0.0037933213357328535,3.9992001599680065e-08
437	1077325558	5000.0	0.001	1.85e-05	-0.026408	0.9870961807638472,0.012899780043991203,4.039192161567687e-06
432	4261041902	5000.0	0.001	1.85e-05	-1.152584	0.9656623075384922,0.03428938212357528,4.8310337932413514e-05
431	3904161514	5000.0	0.001	1.85e-05	-0.403003	0.9902281543691261,0.00976740651869626,4.439112177564487e-06
438	3152332545	5000.0	0.001	1.85e-05	-0.014234	0.9953758048390322,0.004624035192961408,1.5996800639872026e-07
447	3974151986	5000.0	0.001	1.85e-05	2.525951	0.8868653069386123,0.1130986202759448,3.607278544291142e-05
440	913800972	5000.0	0.001	1.85e-05	-0.049131	0.9974594281143772,0.002540251949610078,3.199360127974405e-07
448	2543666995	5000.0	0.001	1.85e-05	0.428369	0.9874477904419117,0.012544571085782844,7.638472305538892e-06
444	2744612645	5000.0	0.001	1.85e-05	-0.073764	0.9961888022395521,0.003810997800439912,1.9996000799840033e-07
446	1224769321	5000.0	0.001	1.85e-05	0.192905	0.993567526494701,0.00643247350529894
443	2024165155	5000.0	0.001	1.85e-05	3.861243	0.8575500899820035,0.14179696060787841,0.0006528694261147771,7.998400319936013e-08
442	2451679010	5000.0	0.001	1.85e-05	-3.232288	0.8757034193161368,0.12424787042591481,4.871025794841032e-05
449	1598891830	5000.0	0.001	1.85e-05	0.238498	0.9590329134173166,0.04078452309538092,0.0001825634873025395
445	1347524391	5000.0	0.001	1.85e-05	-1.259152	0.9385434113177364,0.06143259348130374,2.399520095980804e-05
455	2403737410	5000.0	0.001	1.85e-05	-0.213134	0.9861952809438113,0.012862027594481103,0.0009424115176964607,2.7994401119776043e-07
451	612165434	5000.0	0.001	1.85e-05	-0.046529	0.9938658268346331,0.006134093181363727,7.998400319936013e-08
457	2072586067	5000.0	0.001	1.85e-05	0.027584	0.9972528294341132,0.0027468506298740252,3.199360127974405e-07
454	1229813568	5000.0	0.001	1.85e-05	-0.093313	0.9948696660667866,0.0051286942611477706,1.6396720655868826e-06
459	1450463063	5000.0	0.001	1.85e-05	0.250618	0.9835198960207958,0.016467266546690663,1.2837432513497301e-05
460	4057857881	5000.0	0.001	1.85e-05	0.176368	0.9894208358328335,0.010563967206558689,1.5196960607878425e-05
452	1312898878	5000.0	0.001	1.85e-05	-1.890303	0.9511495300939812,0.048847710457908415,2.7594481103779245e-06
450	2336843577	5000.0	0.001	1.85e-05	-0.810922	0.9810931413717257,0.018900299940011998,6.55868826234753e-06
453	3319144256	5000.0	0.001	1.85e-05	-0.358815	0.9893342131573686,0.010469826034793041,0.0001959608078384323
461	1336567642	5000.0	0.001	1.85e-05	-0.334352	0.9923020595880824,0.007696660667866426,1.279744051189762e-06
458	1144842070	5000.0	0.001	1.85e-05	0.071953	0.9953622475504899,0.004637352529494101,3.9992001599680065e-07
456	3552528197	5000.0	0.001	1.85e-05	-0.017064	0.9985766446710658,0.0014226754649070187,6.798640271945611e-07
469	3338489719	5000.0	0.001	1.85e-05	0.122627	0.9723917216556689,0.027604439112177564,3.839232153569286e-06
468	2068809590	5000.0	0.001	1.85e-05	-0.215995	0.9941211357728454,0.005878864227154569
465	3505319780	5000.0	0.001	1.85e-05	0.026740	0.996937652469506,0.0030620675864827035,2.7994401119776043e-07
462	2015375194	5000.0	0.001	1.85e-05	-0.231377	0.9914177564487102,0.008582163567286543,7.998400319936013e-08
467	1315821419	5000.0	0.001	1.85e-05	-0.056216	0.9948547090581884,0.005145130973805239,1.5996800639872026e-07
466	1966571370	5000.0	0.001	1.85e-05	-0.726873	0.9353089382123575,0.06467178564287143,1.927614477104579e-05
464	1231044450	5000.0	0.001	1.85e-05	3.733208	0.8600373125374925,0.1371617676464707,0.002800279944011198,6.39872025594881e-07
463	956145504	5000.0	0.001	1.85e-05	0.010885	0.9974637072585483,0.002534133173365327,2.1595680863827235e-06
479	1185664916	5000.0	0.001	1.85e-05	-0.076342	0.9967188162367526,0.0032811837632473503
477	950339469	5000.0	0.001	1.85e-05	0.026967	0.9973071785642872,0.0026928214357128575
470	3252453241	5000.0	0.001	1.85e-05	-0.039908	0.9964961807638473,0.0035035392921415717,2.7994401119776043e-07
473	3555856255	5000.0	0.001	1.85e-05	-0.024916	0.9878506298740252,0.012142011597680464,7.358528294341132e-06
478	2523588499	5000.0	0.001	1.85e-05	1.204064	0.8322349930013997,0.16424815036992602,0.003516376724655069,4.799040191961608e-07
474	3371315075	5000.0	0.001	1.85e-05	0.203978	0.9928989402119576,0.007098460307938413,2.599480103979204e-06
472	1072654205	5000.0	0.001	1.85e-05	0.068906	0.9931133373325335,0.006886342731453709,3.199360127974405e-07
476	1991997322	5000.0	0.001	1.85e-05	-0.013407	0.9974123175364927,0.0025876824635072985
471	4132296572	5000.0	0.001	1.85e-05	0.088491	0.9758524695060988,0.024140771845630873,6.758648270345931e-06
482	3146557341	5000.0	0.001	1.85e-05	0.955919	0.949018676264747,0.05065850829834033,0.00032281543691261747
475	1196418949	5000.0	0.001	1.85e-05	-0.373200	0.990793601279744,0.009205638872225554,7.598480303939212e-07
480	472557461	5000.0	0.001	1.85e-05	-0.014597	0.99844575084983,0.001554249150169966
487	883419069	5000.0	0.001	1.85e-05	0.169412	0.9905509298140371,0.00942987402519496,1.919616076784643e-05
488	3447635902	5000.0	0.001	1.85e-05	0.486705	0.9869742051589682,0.013023235352929414,2.559488102379524e-06
484	4033310625	5000.0	0.001	1.85e-05	0.572446	0.9690582283543291,0.0309376924615077,4.079184163167366e-06
481	1919365014	5000.0	0.001	1.85e-05	0.070944	0.989630073985203,0.010367566486702659,2.359528094381124e-06
483	2383275936	5000.0	0.001	1.85e-05	-0.269634	0.9907318936212758,0.009266786642671465,1.319736052789442e-06
486	1349263280	5000.0	0.001	1.85e-05	0.009448	0.9979213757248551,0.0020785842831433712,3.9992001599680065e-08
485	114237352	5000.0	0.001	1.85e-05	-2.691445	0.9315553289342131,0.06842079584083183,2.3875224955008998e-05
490	2124326865	5000.0	0.001	1.85e-05	-0.648733	0.9633554089182164,0.03662095580883823,2.363527294541092e-05
491	515936210	5000.0	0.001	1.85e-05	3.075814	0.9418950609878024,0.022726694661067786,0.03535472905418916,2.3515296940611877e-05
492	3282724817	5000.0	0.001	1.85e-05	0.666040	0.9709366926614678,0.029060387922415516,2.9194161167766445e-06
493	816388052	5000.0	0.001	1.85e-05	-0.162732	0.9782125174965007,0.021780843831233753,6.63867226554689e-06
494	2352547810	5000.0	0.001	1.85e-05	-1.998362	0.8893006598680264,0.10800987802439511,0.00259128174365127,9.818036392721456e-05
495	1089298403	5000.0	0.001	1.85e-05	-1.123250	0.934652549490102,0.06531405718856229,3.3393321335732854e-05
496	2995296228	5000.0	0.001	1.85e-05	0.061558	0.9972831033793241,0.002716776644671066,1.199760047990402e-07
489	2017365957	5000.0	0.001	1.85e-05	0.062103	0.9937486902619476,0.006248030393921216,3.279344131173765e-06
497	2285723624	5000.0	0.001	1.85e-05	-0.319151	0.9416912617476505,0.05829194161167767,1.6796640671865626e-05
498	1490741225	5000.0	0.001	1.85e-05	0.040192	0.9954141971605679,0.00458248350329934,3.319336132773445e-06
499	2464542704	5000.0	0.001	1.85e-05	0.363174	0.9742873025394921,0.02569146170765847,2.1235752849430114e-05
