sim_id	seed	popsize	selcoef	mutrate	velocity	profile
4	1467940887	5000.0	0.001	0.000108	0.152108	0.9092888622275545,0.08604535092981404,0.0046502299540091985,1.5556888622275544e-05
7	583049247	5000.0	0.001	0.000108	-0.039415	0.9077591281743651,0.09076884623075385,0.001465746850629874,6.27874425114977e-06
6	657176604	5000.0	0.001	0.000108	1.587545	0.37131949610077986,0.5918764647070586,0.03662251549690062,0.00018040391921615676,1.1197760447910417e-06
18	1657426006	5000.0	0.001	0.000108	-0.233945	0.92004875024995,0.0777858828234353,0.0021378124375124974,2.7554489102179565e-05
0	3266054151	5000.0	0.001	0.000108	-0.035517	0.9563637272545491,0.043065746850629874,0.0005705258948210357
16	2041669715	5000.0	0.001	0.000108	0.242155	0.9393257348530294,0.05567406518696261,0.0049567686462707455,4.343131373725255e-05
2	3869556745	5000.0	0.001	0.000108	-0.403086	0.8826831033793241,0.08789102179564087,0.02802359528094381,0.001399400119976005,2.8794241151769645e-06
14	3531868241	5000.0	0.001	0.000108	-0.085410	0.9493200159968006,0.04922767446510698,0.0014474305138972206,4.879024195160968e-06
17	1859899478	5000.0	0.001	0.000108	-0.052277	0.9335058588282343,0.06409266146770645,0.002377004599080184,2.44751049790042e-05
13	1524281408	5000.0	0.001	0.000108	-0.018963	0.9170619476104779,0.08192205558888223,0.0010158368326334732,1.5996800639872026e-07
11	1035550766	5000.0	0.001	0.000108	0.140134	0.9420087582483503,0.05461091781643671,0.003357768446310738,2.2555488902219558e-05
8	1201965089	5000.0	0.001	0.000108	0.240094	0.8151096180763847,0.1776021195760848,0.00724507098580284,4.319136172765447e-05
10	2162442281	5000.0	0.001	0.000108	-0.032835	0.9618623875224955,0.037763367326534694,0.0003470905818836233,2.7154569086182764e-05
9	1814657063	5000.0	0.001	0.000108	-0.028527	0.8736551889622075,0.11861859628074385,0.0077016596680663865,2.4555088982203558e-05
5	201232411	5000.0	0.001	0.000108	0.133858	0.8916333533293341,0.10724319136172765,0.001120375924815037,3.079384123175365e-06
3	56281105	5000.0	0.001	0.000108	0.043173	0.9351342131573686,0.06457832433513297,0.0002874625074985003
19	2142646364	5000.0	0.001	0.000108	0.074697	0.8420451909618076,0.15540903819236151,0.0025139372125574885,3.183363327334533e-05
12	1861050417	5000.0	0.001	0.000108	0.152082	0.622492301539692,0.3645278544291142,0.012955168966206758,2.46750649870026e-05
15	1179842642	5000.0	0.001	0.000108	-0.337674	0.8510697460507899,0.14380631873625274,0.005074945010997801,4.899020195960808e-05
1	1929125897	5000.0	0.001	0.000108	-0.132653	0.9182931013797241,0.0770863427314537,0.004618276344731054,2.279544091181764e-06
27	910774419	5000.0	0.001	0.000108	-0.188871	0.8578855828834233,0.1376887422515497,0.004415556888622276,1.0117976404719055e-05
30	3476480152	5000.0	0.001	0.000108	-0.309353	0.9010141571685663,0.09776180763847231,0.0010638272345530895,0.00016020795840831833
35	3595235503	5000.0	0.001	0.000108	-0.279115	0.8586843831233754,0.139026874625075,0.0018653069386122775,0.00042339532093581283,3.9992001599680065e-08
37	1090627767	5000.0	0.001	0.000108	0.250675	0.9040571885622876,0.09319092181563687,0.002649230153969206,0.00010225954809038193,3.9992001599680065e-07
32	2666342570	5000.0	0.001	0.000108	-0.384059	0.8244406318736253,0.15539668066386722,0.01943271345730854,0.0007294541091781644,5.198960207958409e-07
21	2680350818	5000.0	0.001	0.000108	0.079483	0.9377683263347331,0.061869466106778646,0.0003612877424515097,9.198160367926415e-07
33	417706155	5000.0	0.001	0.000108	0.084742	0.939700299940012,0.05988894221155769,0.00041031793641271744,4.399120175964807e-07
31	687558814	5000.0	0.001	0.000108	0.231350	0.9050858228354329,0.08989282143571285,0.0026601879624075183,0.0023611677664467107
36	834769070	5000.0	0.001	0.000108	0.033108	0.8858145970805839,0.10816392721455709,0.006009838032393521,1.16376724655069e-05
29	3320989848	5000.0	0.001	0.000108	-0.007138	0.9532402319536093,0.046339892021595684,0.0004198360327934413,3.9992001599680065e-08
20	2978033758	5000.0	0.001	0.000108	0.856297	0.8710731853629274,0.07747190561887622,0.0494623875224955,0.0019912817436512696,1.2397520495900819e-06
26	2068170893	5000.0	0.001	0.000108	0.428951	0.8493545690861828,0.1121012197560488,0.030982163567286544,0.00753373325334933,2.8314337132573486e-05
28	1308799127	5000.0	0.001	0.000108	0.100600	0.9316113177364527,0.06743431313737253,0.0009542891421715657,7.998400319936013e-08
25	2805966970	5000.0	0.001	0.000108	0.156192	0.8335898420315937,0.1381125374925015,0.028111057788442313,0.00018652269546090783,3.9992001599680065e-08
23	2886664301	5000.0	0.001	0.000108	-0.184233	0.9103475304939013,0.0815746450709858,0.008023555288942212,5.4269146170765845e-05
22	2295021667	5000.0	0.001	0.000108	-0.138824	0.8722325534893022,0.12239688062387523,0.005326934613077384,4.363127374525095e-05
34	1101572270	5000.0	0.001	0.000108	0.089953	0.9298008798240351,0.06728026394721055,0.0029175764847030592,1.279744051189762e-06
38	3972964538	5000.0	0.001	0.000108	-0.086746	0.9256805838832234,0.07381519696060788,0.0005042191561687663
24	2347360375	5000.0	0.001	0.000108	0.089243	0.8278136372725455,0.16997964407118576,0.002199520095980804,7.198560287942412e-06
39	337404093	5000.0	0.001	0.000108	0.050351	0.9324875024995001,0.06711089782043592,0.00040151969606078787,7.998400319936013e-08
41	2810220744	5000.0	0.001	0.000108	-1.101877	0.7423401719656069,0.2441987202559488,0.013387962407518496,7.314537092581484e-05
40	4261365958	5000.0	0.001	0.000108	0.349102	0.8616888222355529,0.13463375324935012,0.0036665466906618677,1.0877824435112978e-05
43	3448662216	5000.0	0.001	0.000108	0.181790	0.920571925614877,0.07590441911617676,0.0035204159168166368,3.239352129574085e-06
44	1593637069	5000.0	0.001	0.000108	0.232274	0.9542952609478105,0.04480883823235353,0.0008841431713657268,1.1757648470305939e-05
46	2411147479	5000.0	0.001	0.000108	0.647299	0.8002416716656668,0.166149650069986,0.03337220555888822,0.00023647270545890822
48	1965521118	5000.0	0.001	0.000108	0.004236	0.7852322735452909,0.20140307938412316,0.013337252549490102,2.7394521095780843e-05
50	559524070	5000.0	0.001	0.000108	-0.197997	0.9132208358328334,0.0857374125174965,0.0010415916816636673,1.5996800639872026e-07
47	162738392	5000.0	0.001	0.000108	-0.049489	0.9458319136172766,0.04810229954009198,0.006061867626474705,3.919216156768646e-06
49	810549474	5000.0	0.001	0.000108	-0.029185	0.9497828834233153,0.049792841431713655,0.0004242751449710058
51	1265793255	5000.0	0.001	0.000108	-0.211681	0.9260179564087182,0.07221547690461907,0.0017646870625874825,1.879624075184963e-06
42	1025519816	5000.0	0.001	0.000108	-0.468883	0.8908155168966206,0.10190441911617676,0.007277984403119376,2.0795840831833635e-06
52	1124892902	5000.0	0.001	0.000108	-0.209400	0.930230473905219,0.06817956408718256,0.0015886422715456908,1.319736052789442e-06
55	472125680	5000.0	0.001	0.000108	-0.091516	0.8675173365326935,0.13189090181963609,0.0005904019196160768,1.3597280543891223e-06
45	2015445206	5000.0	0.001	0.000108	0.235217	0.8380865026994601,0.15496880623875225,0.0067028194361127775,0.00024183163367326536,3.9992001599680065e-08
53	3662797036	5000.0	0.001	0.000108	-0.083244	0.8842697060587883,0.10912965406918616,0.00643871225754849,0.00016184763047390522,7.998400319936013e-08
60	3083565310	5000.0	0.001	0.000108	0.054980	0.9152443511297741,0.08252373525294941,0.0022297140571885623,2.1995600879824035e-06
61	3759374591	5000.0	0.001	0.000108	0.169163	0.8221171765646871,0.16806002799440112,0.009795320935812837,2.7474505098980204e-05
59	1565145341	5000.0	0.001	0.000108	-0.053733	0.9404336732653469,0.058318376324735056,0.0012443511297740451,3.599280143971206e-06
56	2204086516	5000.0	0.001	0.000108	-0.144166	0.9382701459708058,0.05615664867026594,0.005540891821635673,3.231353729254149e-05
64	2040199428	5000.0	0.001	0.000108	0.314998	0.900117776444711,0.09925586882623476,0.0006261147770445911,2.399520095980804e-07
54	2170515693	5000.0	0.001	0.000108	-0.256919	0.8772564687062587,0.11969510097980404,0.003033513297340532,1.4917016596680664e-05
65	609698056	5000.0	0.001	0.000108	0.064074	0.92784975004999,0.06636696660667867,0.005751969606078784,3.131373725254949e-05
63	788377860	5000.0	0.001	0.000108	0.687598	0.8249478104379124,0.16824279144171167,0.00680371925614877,5.678864227154569e-06
68	3747428631	5000.0	0.001	0.000108	-0.292099	0.9223274145170965,0.0744,0.003271625674865027,9.598080383923216e-07
57	714182901	5000.0	0.001	0.000108	-0.338305	0.8566357128574286,0.1285118176364727,0.014770165966806638,8.222355528894222e-05,7.998400319936013e-08
67	1360711958	5000.0	0.001	0.000108	0.194955	0.8638261147770446,0.1325130573885223,0.0036534293141371726,7.398520295940812e-06
58	758073589	5000.0	0.001	0.000108	-0.138464	0.9276942611477704,0.07092189562087582,0.0013836432713457308,1.9996000799840033e-07
71	3053943087	5000.0	0.001	0.000108	0.044329	0.848797400519896,0.14977848430313936,0.001423995200959808,1.199760047990402e-07
70	2257123626	5000.0	0.001	0.000108	-0.165166	0.8612698260347931,0.13599192161567686,0.002737212557488502,1.0397920415916818e-06
69	1389369629	5000.0	0.001	0.000108	-0.777230	0.8529390121975605,0.11347882423515297,0.02472257548490302,0.00685130973805239,0.002006718656268746,1.5596880623875224e-06
62	1869861118	5000.0	0.001	0.000108	0.082582	0.9531169366126775,0.044149210157968403,0.002717256548690262,1.6596680663867228e-05
66	63926547	5000.0	0.001	0.000108	-0.173857	0.9319616476704659,0.06362391521695661,0.004409878024395121,4.559088182363528e-06
72	1423915313	5000.0	0.001	0.000108	0.011779	0.8395542891421716,0.15290937812437513,0.007529054189162167,7.278544291141772e-06
75	1567140165	5000.0	0.001	0.000108	-0.049043	0.924119976004799,0.07412317536492702,0.0014452709458108379,0.0003115776844631074
76	3344539976	5000.0	0.001	0.000108	-0.192542	0.842834873025395,0.1546740651869626,0.0024771845630873826,1.3877224555088982e-05
73	143163697	5000.0	0.001	0.000108	0.330905	0.7909344131173766,0.20550657868426314,0.0035508098380323937,8.198360327934413e-06
79	3568474456	5000.0	0.001	0.000108	0.182373	0.9301542091581684,0.06876928614277145,0.0010763847230553889,1.199760047990402e-07
81	2680680795	5000.0	0.001	0.000108	-0.057263	0.9348386322735452,0.06459548090381924,0.0005658868226354729
82	4288448865	5000.0	0.001	0.000108	0.096548	0.8710916216756649,0.12478436312737452,0.004112337532493501,1.1677664467106578e-05
74	1712533824	5000.0	0.001	0.000108	0.262232	0.9313394921015797,0.0661751649670066,0.002483503299340132,1.839632073585283e-06
85	711375215	5000.0	0.001	0.000108	0.022455	0.9009263347330534,0.09837672465506898,0.0006948210357928414,2.1195760847830435e-06
83	2997916008	5000.0	0.001	0.000108	0.291014	0.8684230353929214,0.11916084783043392,0.012101499700059987,0.00031461707658468304
87	4110541181	5000.0	0.001	0.000108	-0.052902	0.9474694661067786,0.050536892621475704,0.0018749050189962007,0.00011869626074785043,3.9992001599680065e-08
88	388534653	5000.0	0.001	0.000108	-0.033630	0.9554954609078185,0.044286862627474506,0.0002170365926814637,6.39872025594881e-07
92	860371340	5000.0	0.001	0.000108	0.413647	0.8721521695660868,0.11879688062387522,0.008762007598480304,0.00028890221955608876,3.9992001599680065e-08
91	2932367752	5000.0	0.001	0.000108	0.148184	0.7871030593881224,0.2031632873425315,0.009245350929814038,0.0004883023395320935
90	2245222784	5000.0	0.001	0.000108	-0.154475	0.8716609078184363,0.12062247550489902,0.0076135172965406915,0.00010301939612077584,7.998400319936013e-08
93	2732650894	5000.0	0.001	0.000108	-0.024964	0.9129789642071585,0.08612653469306139,0.0008829834033193361,1.1517696460707858e-05
77	756998473	5000.0	0.001	0.000108	-0.060706	0.9636414717056588,0.03569878024395121,0.0006593081383723256,4.399120175964807e-07
80	2509965657	5000.0	0.001	0.000108	0.332634	0.8845627274545091,0.11050633873225355,0.004864627074585083,6.630673865226954e-05
94	1852428690	5000.0	0.001	0.000108	-0.151234	0.9432619476104779,0.05592681463707259,0.0008111577684463108,7.998400319936013e-08
78	1917292880	5000.0	0.001	0.000108	0.403064	0.9042896220755848,0.09215596880623875,0.0035417716456708657,1.2637472505498901e-05
89	3660315006	5000.0	0.001	0.000108	-0.031158	0.9644233553289342,0.03406554689062188,0.001488862227554489,2.2235552889422114e-05
86	4181379445	5000.0	0.001	0.000108	-0.066176	0.9617834433113377,0.03716148770245951,0.00105498900219956,7.998400319936013e-08
98	989780393	5000.0	0.001	0.000108	-0.297548	0.8980013597280544,0.09876388722255548,0.0032281143771245753,6.63867226554689e-06
97	80693662	5000.0	0.001	0.000108	-1.025787	0.7283234553089382,0.26360783843231356,0.008059028194361127,9.678064387122576e-06
100	1077705131	5000.0	0.001	0.000108	-0.438981	0.8533018596280744,0.13378208358328333,0.012860267946410717,5.5788842231553687e-05
96	3975491994	5000.0	0.001	0.000108	0.109404	0.8775505298940212,0.10514641071785642,0.01719888022395521,0.00010417916416716656
101	187867564	5000.0	0.001	0.000108	-0.065757	0.9569504899020196,0.04270217956408718,0.0003473305338932214
103	4110490035	5000.0	0.001	0.000108	-0.019030	0.8568955408918216,0.13898364327134574,0.004116056788642271,4.759048190361927e-06
84	3701231981	5000.0	0.001	0.000108	-0.268039	0.9238980603879224,0.07350897820435913,0.002591361727654469,1.5996800639872026e-06
105	75317690	5000.0	0.001	0.000108	-0.474548	0.8932865426914617,0.0828627474505099,0.02332257548490302,0.0005278944211157768,2.399520095980804e-07
104	3661175223	5000.0	0.001	0.000108	-0.087803	0.9446364727054589,0.055140051989602076,0.0002234753049390122
106	2694232506	5000.0	0.001	0.000108	-0.299850	0.8671475304939013,0.13130537892421515,0.0015455708858228355,1.5196960607878424e-06
102	764989869	5000.0	0.001	0.000108	0.266172	0.9501887222555488,0.04831421715656869,0.001496500699860028,5.598880223955209e-07
95	3314123157	5000.0	0.001	0.000108	-0.469390	0.863944451109778,0.12940531893621277,0.0066111977604479105,3.903219356128774e-05
110	1273145806	5000.0	0.001	0.000108	0.003309	0.9654385522895421,0.034072865426914616,0.00048802239552089583,5.598880223955209e-07
107	602108347	5000.0	0.001	0.000108	-0.361268	0.8973759648070386,0.10158252349530093,0.00104127174565087,2.399520095980804e-07
115	1594941918	5000.0	0.001	0.000108	0.019671	0.964596200759848,0.03487726454709058,0.0005263747250549891,1.5996800639872026e-07
112	1149065683	5000.0	0.001	0.000108	-0.154826	0.935353049390122,0.06387954409118177,0.0007654869026194761,1.919616076784643e-06
116	2840140258	5000.0	0.001	0.000108	0.090279	0.9621591681663667,0.03765822835432914,0.00018260347930413917
114	1177551325	5000.0	0.001	0.000108	-0.254799	0.8070120375924815,0.1761238952209558,0.016839392121575685,2.46750649870026e-05
117	989993444	5000.0	0.001	0.000108	-0.214059	0.8512649070185963,0.1473380523895221,0.001397000599880024,3.9992001599680065e-08
99	1417114026	5000.0	0.001	0.000108	-0.223463	0.9194892221555689,0.06450165966806638,0.007402879424115177,0.0064649070185962805,0.0015000999800039991,0.0006401519696060787,1.0797840431913617e-06
108	1623450062	5000.0	0.001	0.000108	-0.266821	0.9144599080183963,0.08433221355728854,0.0012051589682063586,2.7194561087782445e-06
121	4149121521	5000.0	0.001	0.000108	0.042380	0.9418515096980604,0.05502559488102379,0.0031083383323335335,1.4557088582283544e-05
122	3446923762	5000.0	0.001	0.000108	-0.206937	0.7727191361727654,0.21986022795440913,0.0074011997600479905,1.943611277744451e-05
123	410812922	5000.0	0.001	0.000108	-0.310518	0.8559324135172965,0.14070397920415917,0.003351129774045191,1.247750449910018e-05
126	1132448263	5000.0	0.001	0.000108	0.099483	0.9495143371325735,0.050018076384723054,0.0004672265546890622,3.5992801439712056e-07
127	2039130631	5000.0	0.001	0.000108	0.095610	0.894549450109978,0.10350997800439912,0.0019401719656068786,3.9992001599680065e-07
120	3246068208	5000.0	0.001	0.000108	0.201615	0.9321020995800839,0.06642143571285743,0.001474625074985003,1.839632073585283e-06
109	102504911	5000.0	0.001	0.000108	-0.542753	0.7190873025394922,0.26747938412317535,0.013315976804639073,0.00011733653269346131
119	4057801198	5000.0	0.001	0.000108	-0.224762	0.9483099780043991,0.05101499700059988,0.0006748250349930014,1.9996000799840033e-07
118	50493930	5000.0	0.001	0.000108	0.026994	0.9372309538092382,0.06215452909418116,0.0005875224955008998,2.6994601079784043e-05
111	2424666577	5000.0	0.001	0.000108	-0.348363	0.9281936412717456,0.059961647670465905,0.011835632873425315,9.078184363127375e-06
128	3431295497	5000.0	0.001	0.000108	0.006544	0.8789907218556289,0.11949050189962007,0.0015177764447110579,9.998000399920016e-07
113	2353263061	5000.0	0.001	0.000108	-0.184690	0.8558239552089582,0.12104531093781244,0.022239312137572485,0.000891381723655269,3.9992001599680065e-08
130	2107660816	5000.0	0.001	0.000108	0.670070	0.8017212157568486,0.19569666066786642,0.002580843831233753,1.279744051189762e-06
129	2536684043	5000.0	0.001	0.000108	0.212503	0.8950180363927215,0.08422003599280144,0.020659588082383523,0.00010233953209358128
131	2007570	5000.0	0.001	0.000108	0.479288	0.8914873025394922,0.1066009198160368,0.0019106578684263147,1.1197760447910417e-06
132	2372700693	5000.0	0.001	0.000108	0.714270	0.877172525494901,0.09440287942411518,0.028320655868826233,0.00010393921215756849
135	3483300388	5000.0	0.001	0.000108	-0.165300	0.8694852629474105,0.1253989602079584,0.0051091781643671265,6.598680263947211e-06
137	3194288676	5000.0	0.001	0.000108	-0.189957	0.932180723855229,0.06647786442711458,0.001333373325334933,8.038392321535693e-06
125	3514558981	5000.0	0.001	0.000108	0.723555	0.836183723255349,0.1488124375124975,0.014996000799840032,7.838432313537292e-06
124	3612477949	5000.0	0.001	0.000108	0.857096	0.7515684463107378,0.23817056588682264,0.01017252549490102,8.554289142171566e-05,2.9194161167766445e-06
136	721533477	5000.0	0.001	0.000108	-0.262053	0.8034169966006799,0.15510849830033993,0.033683823235352926,0.007767166566686663,2.3515296940611877e-05
138	50364969	5000.0	0.001	0.000108	-0.091206	0.9507895620875825,0.04887702459508098,0.00032969406118776244,3.719256148770246e-06
142	1840618038	5000.0	0.001	0.000108	0.032020	0.9482364727054589,0.051635872825434914,0.00012765446910617876
139	1471093293	5000.0	0.001	0.000108	0.592613	0.8480489902019596,0.14854025194961007,0.0034087182563487303,2.039592081583683e-06
143	4216992310	5000.0	0.001	0.000108	0.418050	0.7724101179764047,0.22316568686262747,0.004419076184763048,5.118976204759048e-06
140	2810372658	5000.0	0.001	0.000108	-0.534216	0.8817305738852229,0.10986666666666667,0.008150329934013198,0.0002523095380923815,1.199760047990402e-07
145	2549160517	5000.0	0.001	0.000108	0.685002	0.770105898820236,0.21548398320335932,0.014370565886822636,3.955208958208358e-05
147	2709279302	5000.0	0.001	0.000108	-0.554666	0.9002247950409918,0.08552109578084383,0.014212077584483103,4.203159368126375e-05
148	3121517127	5000.0	0.001	0.000108	0.181025	0.9471874825034993,0.05232717456508698,0.00048510297940411917,2.399520095980804e-07
134	3281211936	5000.0	0.001	0.000108	0.456132	0.8508562687462508,0.14138032393521296,0.007750729854029194,1.267746450709858e-05
150	3679263310	5000.0	0.001	0.000108	0.354611	0.8400863827234553,0.15728050389922016,0.002627874425114977,5.238952209558089e-06
149	3223732813	5000.0	0.001	0.000108	0.178528	0.8366285942811438,0.1588650269946011,0.004489462107578484,1.6916616676664667e-05
141	3677350453	5000.0	0.001	0.000108	-0.172156	0.9072762647470506,0.09219772045590882,0.0005259748050389922,3.9992001599680065e-08
133	163447319	5000.0	0.001	0.000108	0.088689	0.8923535692861427,0.10629570085982804,0.0013502899420115976,4.399120175964807e-07
155	281817692	5000.0	0.001	0.000108	0.262257	0.9322773445310938,0.06461727654469106,0.003103859228154369,1.5196960607878424e-06
152	45750870	5000.0	0.001	0.000108	-0.234178	0.9260051589682063,0.07084855028994201,0.0031158168366326733,3.0473905218956208e-05
144	1978442302	5000.0	0.001	0.000108	-0.281596	0.9488073185362927,0.049704339132173564,0.0014880223955208959,3.199360127974405e-07
151	2742168147	5000.0	0.001	0.000108	0.626804	0.7508494701059788,0.24320919816036793,0.005926534693061388,1.4797040591881624e-05
156	450288227	5000.0	0.001	0.000108	0.046948	0.9622885822835433,0.03756408718256349,0.00014729054189162167,3.9992001599680065e-08
157	2150767213	5000.0	0.001	0.000108	-0.155694	0.8999075784843031,0.09700051989602079,0.0030889022195560887,2.999400119976005e-06
158	635550328	5000.0	0.001	0.000108	-0.588471	0.7840302339532094,0.20130589882023595,0.01458380323935213,8.006398720255948e-05
154	1753924186	5000.0	0.001	0.000108	-0.123206	0.9481818036392722,0.049492261547690465,0.002082143571285743,0.000212997400519896,3.079384123175365e-05
159	1664666234	5000.0	0.001	0.000108	0.306785	0.929999800039992,0.05269186162767447,0.017250389922015597,5.7948410317936415e-05
161	2834322053	5000.0	0.001	0.000108	-0.316821	0.8827105378924215,0.11572085582883423,0.0015669266146770646,1.6796640671865626e-06
160	453280383	5000.0	0.001	0.000108	0.030663	0.9087818436312738,0.08255952809438112,0.008640311937612477,1.8316336732653468e-05
163	2756350603	5000.0	0.001	0.000108	0.024743	0.9578442711457709,0.04153005398920216,0.0006255948810237952,7.998400319936013e-08
153	3937370713	5000.0	0.001	0.000108	0.148792	0.9485562487502499,0.05101115776844631,0.0004324735052989402,1.199760047990402e-07
146	1492363846	5000.0	0.001	0.000108	0.216694	0.9031357328534293,0.09611733653269346,0.0007453309338132373,1.5996800639872026e-06
162	3119934086	5000.0	0.001	0.000108	-0.113045	0.8238637872425515,0.16507178564287142,0.010265946810637873,0.0007982803439312138,1.9996000799840033e-07
169	3990854311	5000.0	0.001	0.000108	-0.102110	0.9351520095980804,0.06438284343131374,0.0004651469706058788
166	661994130	5000.0	0.001	0.000108	-0.319618	0.818770725854829,0.17937244551089782,0.0018562687462507499,5.598880223955209e-07
170	421614249	5000.0	0.001	0.000108	0.858575	0.7557280943811238,0.23307762447510497,0.010475824835032994,0.0007182963407318536,1.5996800639872026e-07
172	2252520121	5000.0	0.001	0.000108	0.930857	0.8483650869826035,0.1498869826034793,0.0017469306138772245,9.998000399920016e-07
175	534231750	5000.0	0.001	0.000108	-0.831513	0.7620190361927615,0.23323223355328934,0.00474625074985003,2.4795040991801638e-06
177	3594836683	5000.0	0.001	0.000108	0.016110	0.7843119776044791,0.17890677864427115,0.02700635872825435,0.009755528894221157,1.927614477104579e-05,7.998400319936013e-08
178	1265124050	5000.0	0.001	0.000108	-0.231119	0.8737848030393921,0.12319512097580484,0.0030158368326334735,4.239152169566087e-06
173	3662097083	5000.0	0.001	0.000108	0.140177	0.8811866426714657,0.11332965406918616,0.005467786442711457,1.5916816636672664e-05
174	2329184965	5000.0	0.001	0.000108	0.120823	0.9170813837232553,0.0811491301739652,0.0017659268146370726,3.5592881423715255e-06
176	1923015369	5000.0	0.001	0.000108	0.618645	0.8822863827234553,0.11222255548890223,0.005358288342331534,0.00013277344531093782
165	1053059729	5000.0	0.001	0.000108	0.457602	0.9147875624875025,0.08351469706058788,0.0016840231953609277,1.3717256548690262e-05
179	1494338261	5000.0	0.001	0.000108	-0.068914	0.8798463107378525,0.11653033393321335,0.003502379524095181,0.0001209758048390322
167	2800853661	5000.0	0.001	0.000108	-0.147630	0.9322461107778445,0.06473357328534293,0.0030194361127774444,8.798240351929614e-07
168	290415262	5000.0	0.001	0.000108	-0.104313	0.915802599480104,0.08379528094381124,0.00040151969606078787,5.99880023995201e-07
183	1858196185	5000.0	0.001	0.000108	-0.800373	0.8585190961807638,0.08254173165366926,0.053649190161967605,0.0052470705858828235,4.291141771645671e-05
185	3224015582	5000.0	0.001	0.000108	0.352389	0.8637322535492902,0.12903023395320937,0.00713121375724855,0.00010629874025194961
180	4231135958	5000.0	0.001	0.000108	-0.258962	0.9291574485102979,0.06452881423715257,0.006247230553889222,6.650669866026795e-05
164	342588047	5000.0	0.001	0.000108	0.422135	0.8584363127374525,0.13866082783443312,0.0029007398520295943,2.1195760847830435e-06
171	3857416887	5000.0	0.001	0.000108	0.176125	0.9541095380923815,0.04521059788042391,0.0006797040591881623,1.5996800639872026e-07
186	2095071968	5000.0	0.001	0.000108	-0.250529	0.9195079384123175,0.07881383723255349,0.001677264547090582,9.598080383923216e-07
188	1559169764	5000.0	0.001	0.000108	0.157908	0.9280705458908218,0.0674880223955209,0.0044401919616076785,1.2397520495900819e-06
184	2497968860	5000.0	0.001	0.000108	0.423032	0.9187276544691062,0.08034709058188362,0.0009252549490101979
190	3321418484	5000.0	0.001	0.000108	-0.116590	0.927349850029994,0.07225546890621876,0.00039468106378724255
191	3600048886	5000.0	0.001	0.000108	0.247503	0.8952624675064987,0.10415112977404518,0.0005863227354529094,7.998400319936013e-08
193	4003242750	5000.0	0.001	0.000108	0.023566	0.898599400119976,0.09612469506098781,0.005273865226954609,2.039592081583683e-06
192	978846459	5000.0	0.001	0.000108	-0.081125	0.9597500099980004,0.039833153369326135,0.00041675664867026594,7.998400319936013e-08
195	2039907085	5000.0	0.001	0.000108	-0.169826	0.8032047990401919,0.19424795040991802,0.0025430513897220556,4.1991601679664066e-06
189	494541543	5000.0	0.001	0.000108	-0.336198	0.8935282943411318,0.09845662867426515,0.007974605078984204,4.047190561887622e-05
194	310866697	5000.0	0.001	0.000108	-0.421615	0.8020469506098781,0.14229238152369525,0.0521252549490102,0.003533253349330134,2.1595680863827235e-06
181	2428719829	5000.0	0.001	0.000108	-0.116784	0.9646930213957209,0.035211597680463905,8.70625874825035e-05,8.318336332733454e-06
187	537346785	5000.0	0.001	0.000108	0.134117	0.9437529294141171,0.05545158968206359,0.0007674065186962607,2.8074385122975403e-05
182	3882068696	5000.0	0.001	0.000108	-0.597162	0.8662603879224156,0.11230113977204559,0.021107738452309538,0.00032689462107578487,3.839232153569286e-06
200	2932759328	5000.0	0.001	0.000108	0.275588	0.9046372325534893,0.08949934013197361,0.005854749050189962,8.678264347130574e-06
198	4117826330	5000.0	0.001	0.000108	-0.107579	0.9355676864627075,0.062308258348330335,0.0021135772845430915,1.0477904419116177e-05
199	1760332575	5000.0	0.001	0.000108	-0.010928	0.8753144971005798,0.12014161167766446,0.004542531493701259,1.3597280543891223e-06
204	3183293251	5000.0	0.001	0.000108	-0.063053	0.9442528694261147,0.05517748450309938,0.0005694461107778444,1.9996000799840033e-07
203	495708988	5000.0	0.001	0.000108	-1.563609	0.6948046790641872,0.27672157568486305,0.027659788042391522,0.0008112377524495101,2.7194561087782445e-06
205	1324421972	5000.0	0.001	0.000108	0.003300	0.9052081183763248,0.09386026794641072,0.0009295740851829634,1.879624075184963e-06,1.5996800639872026e-07
206	1986028379	5000.0	0.001	0.000108	0.218831	0.7984589082183563,0.17331601679664066,0.027865546890621876,0.00035952809438112376
207	2327903069	5000.0	0.001	0.000108	0.233033	0.8878695860827834,0.11079536092781443,0.0013349330133973205,1.199760047990402e-07
214	541696887	5000.0	0.001	0.000108	-0.049714	0.9516854629074185,0.047539172165566884,0.0007752449510097981,1.199760047990402e-07
211	3580521315	5000.0	0.001	0.000108	-0.137823	0.9480833033393321,0.0509758448310338,0.0009405318936212757,3.199360127974405e-07
208	1220141919	5000.0	0.001	0.000108	-0.420797	0.7775283343331334,0.22005502899420115,0.00241495700859828,1.6796640671865626e-06
201	28918582	5000.0	0.001	0.000108	0.904641	0.7744495900819836,0.2191123375324935,0.00643367326534693,4.399120175964807e-06
212	382794603	5000.0	0.001	0.000108	0.411444	0.8542633073385323,0.13805762847430514,0.007216636672665467,0.00046222755448910215,1.9996000799840033e-07
210	7635809	5000.0	0.001	0.000108	-0.441366	0.8615200559888022,0.13762479504099182,0.0008548690261947611,2.7994401119776043e-07
209	1949717344	5000.0	0.001	0.000108	-0.046635	0.956161847630474,0.04139864027194561,0.0008143571285742852,0.001622635472905419,2.519496100779844e-06
196	3270269715	5000.0	0.001	0.000108	-0.409659	0.8955252949410119,0.09447054589082184,0.009990681863627275,1.3477304539092181e-05
202	831626042	5000.0	0.001	0.000108	0.009410	0.9678629074185163,0.027888502299540093,0.0041598080383923215,8.698260347930414e-05,1.799640071985603e-06
197	74824470	5000.0	0.001	0.000108	-0.108509	0.8260954609078185,0.1574743851229754,0.01639724055188962,3.2913417316536696e-05
217	1171624832	5000.0	0.001	0.000108	0.115728	0.9502804239152169,0.049049550089982005,0.0006700259948010398
218	865790852	5000.0	0.001	0.000108	0.308469	0.9218181163767246,0.07551221755648871,0.002664747050589882,4.919016196760648e-06
213	787065709	5000.0	0.001	0.000108	0.018916	0.9719860827834433,0.02799116176764647,2.2755448910217956e-05
220	2501868422	5000.0	0.001	0.000108	-0.014603	0.9549179764047191,0.04481951609678064,0.00026250749850029994
222	3413121936	5000.0	0.001	0.000108	-0.537403	0.8300857828434313,0.16032917416516695,0.009527774445110979,5.726854629074185e-05
219	3722253189	5000.0	0.001	0.000108	-0.432139	0.8857145370925815,0.10574169166166766,0.0065254149170165966,0.002015876824635073,2.4795040991801638e-06
221	2174264204	5000.0	0.001	0.000108	0.131508	0.9374444711057789,0.0596496300739852,0.00269374125174965,0.00021215756848630275
223	3594492823	5000.0	0.001	0.000108	-0.691795	0.8799533693261348,0.11667786442711457,0.0033630873825234954,5.678864227154569e-06
224	2833959833	5000.0	0.001	0.000108	0.042401	0.8299779644071186,0.1647009398120376,0.005302539492101579,1.855628874225155e-05
225	1989243802	5000.0	0.001	0.000108	-0.207544	0.9284913817236553,0.06590757848430313,0.005581963607278544,1.1757648470305939e-05,7.318536292741451e-06
216	4037221247	5000.0	0.001	0.000108	0.443037	0.902439352129574,0.09586066786642672,0.001699380123975205,5.99880023995201e-07
229	4287447992	5000.0	0.001	0.000108	0.057281	0.9217924415116977,0.07542675464907019,0.0027716856628674266,9.118176364727055e-06
230	3759688635	5000.0	0.001	0.000108	-0.364863	0.8719043791241752,0.12185150969806038,0.006237592481503699,6.518696260747851e-06
226	3089914779	5000.0	0.001	0.000108	0.362567	0.8959911217756449,0.09618392321535693,0.007813877224555088,1.1077784443111379e-05
231	534424510	5000.0	0.001	0.000108	0.111775	0.8679963607278545,0.11610749850029994,0.015452309538092382,0.00044343131373725253,3.9992001599680065e-07
215	2885651319	5000.0	0.001	0.000108	0.144231	0.8203922415516897,0.17649246150769846,0.0031148170365926813,4.799040191961608e-07
237	1094927305	5000.0	0.001	0.000108	0.243914	0.576398800239952,0.41864443111377725,0.004948410317936413,8.358328334333133e-06
232	211127231	5000.0	0.001	0.000108	-0.072040	0.9137593281343731,0.0854369926014797,0.0008024795040991802,1.199760047990402e-06
228	4235451308	5000.0	0.001	0.000108	0.271105	0.8955426114777044,0.10307014597080584,0.0013855628874225156,1.6796640671865626e-06
239	3709242333	5000.0	0.001	0.000108	-0.027472	0.9185202959408119,0.07816712657468507,0.0031938412317536495,0.00011873625274945011
234	2380788671	5000.0	0.001	0.000108	0.348656	0.9352322335532893,0.06439184163167366,0.0003759248150369926
241	708776946	5000.0	0.001	0.000108	0.257253	0.9517847630473906,0.04747442511497701,0.0007352129574085183,5.598880223955209e-06
227	1388090278	5000.0	0.001	0.000108	-0.372950	0.8215884423115377,0.17186110777844432,0.006186362727454509,0.0003640471905618876,3.9992001599680065e-08
243	2802904059	5000.0	0.001	0.000108	0.933255	0.8195764047190562,0.175624875024995,0.004797280543891222,1.4397120575884822e-06
242	672467955	5000.0	0.001	0.000108	0.020767	0.8380711457708458,0.15194685062987404,0.009903979204159169,7.790441911617676e-05,1.199760047990402e-07
246	839449600	5000.0	0.001	0.000108	-0.246220	0.8917311737652469,0.10239648070385923,0.005865866826634673,6.47870425914817e-06
240	2125491176	5000.0	0.001	0.000108	0.119650	0.946942451509698,0.05074217156568686,0.0023138172365526895,1.5596880623875224e-06
235	387265477	5000.0	0.001	0.000108	0.439418	0.8623198960207958,0.13192617476504698,0.005686342731453709,6.75864827034593e-05
238	3224441805	5000.0	0.001	0.000108	0.068123	0.8387108178364328,0.15942191561687663,0.0018670665866826635,1.9996000799840033e-07
247	1562104832	5000.0	0.001	0.000108	-0.294457	0.8841826834633073,0.10894113177364527,0.006636352729454109,0.00023983203359328133
244	1869431803	5000.0	0.001	0.000108	0.113282	0.9624453109378125,0.03656720655868826,0.0009872025594881023,2.7994401119776043e-07
233	917185471	5000.0	0.001	0.000108	-0.057710	0.9048902619476105,0.09444247150569886,0.000666746650669866,5.198960207958409e-07
236	724648903	5000.0	0.001	0.000108	0.389925	0.8711676864627075,0.11823491301739653,0.010537852429514096,5.954809038192362e-05
245	2269770751	5000.0	0.001	0.000108	-0.252499	0.9174850229954009,0.07953653269346131,0.0029548090381923617,2.363527294541092e-05
248	2703983618	5000.0	0.001	0.000108	-0.217962	0.9456765846830634,0.05397356528694261,0.0003498500299940012
253	2557946915	5000.0	0.001	0.000108	-0.702980	0.878801399720056,0.11334413117376525,0.007826834633073385,2.7634473105378926e-05
252	1315509279	5000.0	0.001	0.000108	-0.249031	0.8677669666066786,0.1308014797040592,0.001431393721255749,1.5996800639872026e-07
255	840268844	5000.0	0.001	0.000108	0.064193	0.9518612677464507,0.046444111177764445,0.0015606078784243152,0.0001340131973605279
254	3556252712	5000.0	0.001	0.000108	-0.005702	0.9216925414917017,0.07521599680063987,0.0030799040191961608,1.1557688462307538e-05
258	673231925	5000.0	0.001	0.000108	0.554708	0.874562047590482,0.12350037992401519,0.0019374925014997001,7.998400319936013e-08
257	3313169456	5000.0	0.001	0.000108	-0.006973	0.9344751449710058,0.06472957408518297,0.0007952409518096381,3.9992001599680065e-08
249	27145229	5000.0	0.001	0.000108	0.158552	0.8964108778244351,0.10278516296740652,0.0008033993201359728,5.598880223955209e-07
259	2706955323	5000.0	0.001	0.000108	-0.495887	0.8578967406518696,0.13360379924015198,0.008470585882823435,2.8874225154969005e-05
262	1788216383	5000.0	0.001	0.000108	0.375876	0.9252135572885423,0.07242307538492301,0.0023595680863827233,3.7992401519696063e-06
263	467235928	5000.0	0.001	0.000108	0.031207	0.9390757048590282,0.054040951809638076,0.0067490901819636075,0.00013425314937012597
264	1492771939	5000.0	0.001	0.000108	-0.856399	0.651277624475105,0.34140659868026396,0.007266706658668266,4.907018596280744e-05
266	2198236261	5000.0	0.001	0.000108	-0.043433	0.9086521095780844,0.09025590881823635,0.0010894621075784843,2.519496100779844e-06
250	281334806	5000.0	0.001	0.000108	-0.077282	0.8059742851429714,0.1792128774245151,0.014804399120175964,8.438312337532494e-06
267	1000621158	5000.0	0.001	0.000108	0.835527	0.7606735052989402,0.2310725454909018,0.008244831033793242,9.118176364727055e-06
260	938155067	5000.0	0.001	0.000108	0.494467	0.8104575484903019,0.17564479104179165,0.013511137772445512,0.0003865226954609078
251	4067388444	5000.0	0.001	0.000108	-0.083140	0.9458545090981804,0.05382923415316936,0.0003162167566486703,3.9992001599680065e-08
261	1879497789	5000.0	0.001	0.000108	0.299063	0.8420546690661868,0.15390269946010798,0.003942331533693262,0.0001002999400119976
269	3908002918	5000.0	0.001	0.000108	-0.356579	0.9311445710857829,0.05874349130173965,0.010073345330933813,3.859228154369126e-05
268	1346806886	5000.0	0.001	0.000108	-0.094511	0.903363927214557,0.09539324135172965,0.0012425514897020597,2.7994401119776043e-07
271	2998238330	5000.0	0.001	0.000108	0.222379	0.9213242151569686,0.0767113777244551,0.0019626874625074983,1.7196560687862428e-06
272	1107043452	5000.0	0.001	0.000108	-0.099970	0.9243570485902819,0.06412917416516696,0.011463787242551489,4.99500099980004e-05,3.9992001599680065e-08
265	3219696740	5000.0	0.001	0.000108	-0.138651	0.9078345530893821,0.09051925614877025,0.0015146970605878823,0.00013149370125974805
277	2141027468	5000.0	0.001	0.000108	0.165474	0.9229317736452709,0.07502883423315337,0.0020363127374525094,3.079384123175365e-06
276	1506860166	5000.0	0.001	0.000108	0.556236	0.8453474905018996,0.07383455308938212,0.07994517096580683,0.0007649670065986802,0.00010781843631273745
279	2909150350	5000.0	0.001	0.000108	-0.570136	0.8865317736452709,0.11198292341531693,0.0014815836832633472,3.719256148770246e-06
274	1569481855	5000.0	0.001	0.000108	-0.047537	0.9157579684063187,0.07404447110577884,0.009619596080783843,0.0005779644071185763
256	1792422960	5000.0	0.001	0.000108	-0.232126	0.8442725454909018,0.15153065386922615,0.004192721455708859,4.079184163167366e-06
280	1006367888	5000.0	0.001	0.000108	0.086766	0.929303299340132,0.06338328334333133,0.0027156968606278746,0.004150969806038792,0.00044447110577884423,2.279544091181764e-06
270	1057961062	5000.0	0.001	0.000108	0.389754	0.9278496300739852,0.07079440111977604,0.001355768846230754,1.9996000799840033e-07
278	3282009228	5000.0	0.001	0.000108	0.208844	0.8749392921415717,0.11275184963007398,0.012243311337732453,6.554689062187562e-05
273	1797887101	5000.0	0.001	0.000108	0.357900	0.9200034793041392,0.07625302939412118,0.0037400519896020794,3.4393121375724856e-06
283	769082522	5000.0	0.001	0.000108	0.029954	0.9071651669666067,0.09080915816836632,0.0020246750649870024,9.998000399920016e-07
281	4064124048	5000.0	0.001	0.000108	0.023791	0.9719904419116177,0.02765130973805239,0.00035824835032993404
275	678317186	5000.0	0.001	0.000108	0.078893	0.8557050589882024,0.11599640071985604,0.027978964207158567,0.0003195360927814437,3.9992001599680065e-08
282	3857431696	5000.0	0.001	0.000108	0.115051	0.8395831233753249,0.15760375924815037,0.0028087182563487304,4.399120175964807e-06
287	2900370596	5000.0	0.001	0.000108	0.037192	0.9449343331333733,0.054640511897620474,0.0004250749850029994,7.998400319936013e-08
286	1686647969	5000.0	0.001	0.000108	0.352619	0.9052707458508298,0.09313333333333333,0.0015947210557888422,1.199760047990402e-06
285	4107723936	5000.0	0.001	0.000108	-0.108254	0.9253322535492902,0.07208654269146171,0.002574285142971406,6.918616276744651e-06
288	3412335780	5000.0	0.001	0.000108	0.923265	0.8251030193961207,0.17257032593481303,0.0023110577884423115,1.5596880623875224e-05
289	2734535848	5000.0	0.001	0.000108	0.349379	0.9120617876424715,0.08661523695260948,0.0013178964207158567,5.078984203159368e-06
291	190975146	5000.0	0.001	0.000108	0.106553	0.9345013397320536,0.06505898820235953,0.00043879224155168964,8.798240351929614e-07
292	1059538093	5000.0	0.001	0.000108	-0.398622	0.799624675064987,0.16343231353729254,0.03675620875824835,0.00018664267146570687,1.5996800639872026e-07
294	2204871857	5000.0	0.001	0.000108	0.013625	0.9005433713257348,0.0749875624875025,0.024215876824635073,0.00025310937812437513,7.998400319936013e-08
293	953889969	5000.0	0.001	0.000108	-0.046608	0.969579924015197,0.030305738852229553,0.0001143371325734853
298	2500056270	5000.0	0.001	0.000108	-0.663492	0.8850308338332333,0.0802749450109978,0.034535252949410115,0.00015896820635872826
296	2599464138	5000.0	0.001	0.000108	-0.073345	0.96679700059988,0.02949126174765047,0.0034859428114377123,0.00022575484903019396,3.9992001599680065e-08
301	2973885652	5000.0	0.001	0.000108	0.042469	0.9340389122175565,0.06025162967406519,0.002479104179164167,0.0032263147370525896,4.039192161567687e-06
284	1493331101	5000.0	0.001	0.000108	-0.041048	0.9030747450509898,0.09600599880023995,0.0008936612677464507,2.5594881023795242e-05
300	2899741907	5000.0	0.001	0.000108	-0.046468	0.9162748650269946,0.08166478704259149,0.0020597880423915216,5.598880223955209e-07
295	2065192119	5000.0	0.001	0.000108	0.176410	0.9187620875824835,0.0789882423515297,0.002248870225954809,7.998400319936013e-07
299	2300849361	5000.0	0.001	0.000108	-0.188584	0.8878669866026795,0.09294581083783243,0.0190997400519896,8.74625074985003e-05
304	3555302621	5000.0	0.001	0.000108	-0.215186	0.8982881423715257,0.08974325134973006,0.011953289342131574,1.5316936612677465e-05
305	273351902	5000.0	0.001	0.000108	0.094888	0.9092884623075385,0.08337836432713458,0.006868306338732253,0.000464747050589882,1.199760047990402e-07
290	4065811625	5000.0	0.001	0.000108	-0.166280	0.9068870625874825,0.08698428314337132,0.006125254949010198,3.3993201359728056e-06
297	2476678346	5000.0	0.001	0.000108	0.028341	0.9645128174365127,0.03535584883023395,0.00013133373325334934
307	3915984128	5000.0	0.001	0.000108	0.036597	0.9535898820235953,0.04623979204159168,0.00017024595080983803,7.998400319936013e-08
306	4036146398	5000.0	0.001	0.000108	-0.542311	0.7841342931413717,0.19258456308738253,0.023140811837632475,0.00014033193361327734
308	913947905	5000.0	0.001	0.000108	0.437764	0.8769181363727254,0.12042059588082384,0.0026611477704459106,1.199760047990402e-07
312	2857538841	5000.0	0.001	0.000108	0.699734	0.8300837832433513,0.15247010597880423,0.01722987402519496,0.00021615676864627075,7.998400319936013e-08
314	2599384353	5000.0	0.001	0.000108	0.116307	0.9128135572885423,0.08682371525694861,0.0003627274545090982
315	852327723	5000.0	0.001	0.000108	0.032468	0.8750447110577885,0.12340095980803839,0.0015361727654469106,1.815636872625475e-05
309	1404785922	5000.0	0.001	0.000108	0.462110	0.8607411317736453,0.1296888222355529,0.008780283943211358,0.0007892421515696861,5.198960207958409e-07
317	2878532909	5000.0	0.001	0.000108	0.207090	0.9334529894021196,0.06617232553489302,0.00037464507098580285,3.9992001599680065e-08
319	151350573	5000.0	0.001	0.000108	-0.112673	0.9548389922015597,0.042890301939612074,0.0022644671065786843,6.23875224955009e-06
320	3484314931	5000.0	0.001	0.000108	0.122443	0.9304735452909418,0.06853473305338932,0.0009916016796640672,1.199760047990402e-07
311	1635761421	5000.0	0.001	0.000108	0.838328	0.8374707458508298,0.1568885422915417,0.005639672065586882,1.0397920415916818e-06
303	1990765781	5000.0	0.001	0.000108	-0.118114	0.9234060787842432,0.06803475304939012,0.007896380723855229,0.0006627874425114977
310	4193033472	5000.0	0.001	0.000108	0.002344	0.9465192161567686,0.051964807038592284,0.001509498100379924,6.47870425914817e-06
313	2175712543	5000.0	0.001	0.000108	-0.105970	0.9381455708858228,0.0599878424315137,0.001865746850629874,8.398320335932813e-07
321	4163951925	5000.0	0.001	0.000108	-0.097075	0.8450910617876425,0.15183803239352128,0.003068506298740252,2.399520095980804e-06
324	2207679807	5000.0	0.001	0.000108	0.020901	0.9307128574285143,0.0643870825834833,0.004898980203959208,1.0797840431913617e-06
325	1977931073	5000.0	0.001	0.000108	-0.042195	0.9796295940811838,0.020275504899020195,9.490101979604079e-05
326	1977918786	5000.0	0.001	0.000108	0.062032	0.8358810637872426,0.16272569486102778,0.001393001399720056,2.399520095980804e-07
302	3082245333	5000.0	0.001	0.000108	0.066248	0.8133960407918416,0.17056676664667067,0.015878224355128975,0.00015896820635872826
328	3078757703	5000.0	0.001	0.000108	0.172542	0.939865426914617,0.05903819236152769,0.0010955408918216357,8.398320335932813e-07
327	3926420805	5000.0	0.001	0.000108	0.187803	0.8730107578484303,0.12586026794641073,0.0011279344131173766,1.0397920415916818e-06
316	3375297836	5000.0	0.001	0.000108	-0.038388	0.9357694061187762,0.06310669866026794,0.0011233353329334133,5.598880223955209e-07
329	3440137546	5000.0	0.001	0.000108	0.113785	0.957020275944811,0.037891981603679264,0.003507578484303139,0.001578884223155369,1.279744051189762e-06
332	4281421137	5000.0	0.001	0.000108	0.023974	0.9422213957208558,0.05567274545090982,0.002105338932213557,5.198960207958409e-07
318	1112610094	5000.0	0.001	0.000108	0.213439	0.8964759848030394,0.09603011397720455,0.007471905618876225,2.1995600879824035e-05
331	1011965263	5000.0	0.001	0.000108	0.288670	0.8705115376924615,0.1272655868826235,0.0022205958808238354,2.279544091181764e-06
323	1279462718	5000.0	0.001	0.000108	-0.111050	0.9197340531893621,0.07887762447510498,0.0013880423915216956,2.7994401119776043e-07
333	3221626193	5000.0	0.001	0.000108	0.060891	0.9071099780043991,0.09151713657268547,0.0013726854629074186,1.9996000799840033e-07
336	1920568670	5000.0	0.001	0.000108	-0.064324	0.9155928014397121,0.0784626274745051,0.005432113577284543,0.0005123375324935013,1.199760047990402e-07
337	2374722913	5000.0	0.001	0.000108	-0.021282	0.9699406918616277,0.025941571685662867,0.0041164567086582685,1.279744051189762e-06
338	724665700	5000.0	0.001	0.000108	-0.037066	0.9115330133973205,0.08453601279744051,0.0039250549890021995,5.91881623675265e-06
330	3106348362	5000.0	0.001	0.000108	-0.702730	0.8978791041791642,0.0589506098780244,0.04144691061787643,0.001661867626474705,6.150769846030793e-05
339	1075651946	5000.0	0.001	0.000108	-0.069445	0.8636633873225354,0.1342385122975405,0.002098020395920816,7.998400319936013e-08
340	1103205743	5000.0	0.001	0.000108	0.036860	0.9184579084183163,0.07359580083983204,0.0017623275344931014,0.005918216356728654,0.000261747650469906,3.999200159968006e-06
322	3499582779	5000.0	0.001	0.000108	0.618046	0.8106633073385323,0.18171921615676864,0.007609398120375925,8.078384323135373e-06
343	1471948149	5000.0	0.001	0.000108	0.027581	0.9344078784243152,0.06251865626874625,0.0030675864827034594,5.878824235152969e-06
341	3555482996	5000.0	0.001	0.000108	-0.075840	0.9334380723855229,0.06274385122975405,0.0038045590881823636,1.3517296540691861e-05
344	4224836988	5000.0	0.001	0.000108	0.197121	0.7930979404119176,0.20381011797640472,0.003087102579484103,4.839032193561288e-06
334	2291815763	5000.0	0.001	0.000108	-0.352402	0.7255172565486903,0.25493077384523094,0.014483463307338532,0.005048910217956408,1.959608078384323e-05
346	285339017	5000.0	0.001	0.000108	-0.321340	0.8475308138372325,0.15102095580883823,0.0014477104579084183,5.198960207958409e-07
351	3756418462	5000.0	0.001	0.000108	0.473912	0.8574744651069786,0.13833473305338934,0.004188002399520096,2.7994401119776045e-06
335	3462542679	5000.0	0.001	0.000108	-0.088427	0.9167939612077585,0.0824504299140172,0.0007555288942211558,7.998400319936013e-08
347	1438862736	5000.0	0.001	0.000108	0.272949	0.8097523295340932,0.17940755848830234,0.01073481303739252,0.00010529894021195761
352	981335464	5000.0	0.001	0.000108	0.668924	0.8092450309938012,0.15892173565286943,0.03159380123975205,0.00023903219356128774,3.9992001599680065e-07
353	3379469737	5000.0	0.001	0.000108	-0.677900	0.864248150369926,0.1196632273545291,0.015982923415316937,0.00010569886022795441
354	132193710	5000.0	0.001	0.000108	0.006870	0.9316502299540091,0.06808022395520896,0.00026946610677864425,7.998400319936013e-08
357	2089670075	5000.0	0.001	0.000108	-0.419086	0.8803116176764647,0.11002451509698061,0.009472145570885823,0.0001916016796640672,1.199760047990402e-07
349	145339798	5000.0	0.001	0.000108	0.133464	0.885822475504899,0.11324871025794842,0.0009281343731253749,6.798640271945611e-07
342	1788282229	5000.0	0.001	0.000108	-0.176724	0.946367126574685,0.05342875424915017,0.00020411917616476705
356	2673759670	5000.0	0.001	0.000108	-0.148241	0.8949626474705059,0.10303339332133574,0.0020010797840431913,2.8794241151769645e-06
359	908453321	5000.0	0.001	0.000108	-0.319070	0.9208002799440111,0.07443195360927815,0.004764087182563487,3.679264147170566e-06
360	2835185100	5000.0	0.001	0.000108	0.428370	0.9193746850629874,0.07783263347330534,0.002790641871625675,2.039592081583683e-06
362	661122512	5000.0	0.001	0.000108	-0.872048	0.8114446710657869,0.18513233353329334,0.003415156968606279,7.838432313537292e-06
345	4090598780	5000.0	0.001	0.000108	0.284271	0.9307274145170966,0.06058896220755849,0.008574885022995402,0.0001087382523495301
348	314221973	5000.0	0.001	0.000108	-0.532321	0.9001465706858628,0.08720907818436313,0.011856588682263547,0.000785122975404919,2.639472105578884e-06
350	3004538264	5000.0	0.001	0.000108	-0.064735	0.908171325734853,0.09141363727254549,0.00041475704859028194,2.7994401119776043e-07
355	71974322	5000.0	0.001	0.000108	0.205127	0.7608977404519096,0.23269722055588882,0.006401959608078384,3.079384123175365e-06
366	2121063906	5000.0	0.001	0.000108	-0.281935	0.9074255548890222,0.09156948610277944,0.001004639072185563,3.199360127974405e-07
361	1501298124	5000.0	0.001	0.000108	0.069625	0.9223836032793441,0.07076504699060188,0.006241431713657268,0.0005887622475504899,2.1155768846230754e-05
367	1088349667	5000.0	0.001	0.000108	0.267113	0.7908155968806239,0.17579284143171367,0.0315249350129974,0.0018648270345930813,1.799640071985603e-06
358	2453083589	5000.0	0.001	0.000108	-0.306373	0.8114212357528494,0.1764004399120176,0.012153289342131574,2.503499300139972e-05
363	1687000533	5000.0	0.001	0.000108	0.122640	0.9385179364127174,0.05990733853229354,0.0015734453109378125,1.279744051189762e-06
370	2896854509	5000.0	0.001	0.000108	0.526765	0.8451208158368326,0.14107018596280743,0.013729814037192561,7.918416316736653e-05
369	2248855018	5000.0	0.001	0.000108	0.495896	0.7970661467706459,0.19085650869826035,0.012067586482703459,9.758048390321935e-06
368	2981420519	5000.0	0.001	0.000108	0.181063	0.9466526294741052,0.051952329534093185,0.0013950409918016397
364	3593014744	5000.0	0.001	0.000108	0.237451	0.8514793041391722,0.1474625074985003,0.0010569886022795442,1.199760047990402e-06
371	2025166319	5000.0	0.001	0.000108	0.380651	0.9220484303139372,0.07155228954209158,0.006393601279744051,5.678864227154569e-06
373	2766818807	5000.0	0.001	0.000108	0.273224	0.9434311137772445,0.054394481103779244,0.0021644071185762848,9.998000399920016e-06
374	1605617145	5000.0	0.001	0.000108	-0.280866	0.9541870425914817,0.045526534693061387,0.0002864227154569086
376	4261541383	5000.0	0.001	0.000108	0.059670	0.9293467706458708,0.06935404919016197,0.0012975404919016197,1.6396720655868826e-06
365	4135443937	5000.0	0.001	0.000108	0.134514	0.9437403719256149,0.055943011397720455,0.00031661667666466704
375	3523978749	5000.0	0.001	0.000108	0.094818	0.9577534093181364,0.04209626074785043,0.00015032993401319737
381	2535265816	5000.0	0.001	0.000108	0.153877	0.8953211357728454,0.10241679664067187,0.0022609478104379122,1.1197760447910417e-06
385	85730852	5000.0	0.001	0.000108	0.674543	0.8200974605078984,0.16102163567286543,0.01871613677264547,0.00016476704659068185
372	3810403827	5000.0	0.001	0.000108	0.126738	0.9202095580883823,0.07807342531493701,0.001363007398520296,0.00035320935812837434,7.998400319936013e-07
382	3566941727	5000.0	0.001	0.000108	-0.687649	0.8357564887022596,0.16097372525494902,0.0032686662667466507,1.1197760447910417e-06
388	3685037631	5000.0	0.001	0.000108	0.035512	0.8667225354929015,0.1252484703059388,0.007936932613477304,9.206158768246351e-05
386	3425173034	5000.0	0.001	0.000108	1.918531	0.43298772245550887,0.5518887422515497,0.014839072185562888,0.0002844231153769246,3.9992001599680065e-08
387	1240823349	5000.0	0.001	0.000108	0.091629	0.9371317336532693,0.05976716656668666,0.0030931813637272544,7.798440311937612e-06,1.199760047990402e-07
391	705631813	5000.0	0.001	0.000108	0.030244	0.9393842431513697,0.06003463307338532,0.000581003799240152,1.199760047990402e-07
390	1260680772	5000.0	0.001	0.000108	-0.025316	0.8016871425714857,0.18950525894821035,0.008399480103979205,0.0003998400319936013,8.278344331133774e-06
378	1264213522	5000.0	0.001	0.000108	-0.456788	0.9067817636472706,0.09232841431713658,0.0008833033393321336,6.518696260747851e-06
380	2918032919	5000.0	0.001	0.000108	0.438401	0.8840472705458908,0.10708290341931613,0.00881135772845431,5.846830633873225e-05
383	2180777503	5000.0	0.001	0.000108	-0.155840	0.8933198960207959,0.07069774045190962,0.03570753849230154,0.000274745050989802,7.998400319936013e-08
379	3721436694	5000.0	0.001	0.000108	0.101716	0.947800799840032,0.04992005598880224,0.0022767046590681864,2.439512097580484e-06
377	1863282192	5000.0	0.001	0.000108	0.687697	0.7277414117176565,0.26506442711457706,0.007180923815236952,1.3237352529494102e-05
395	3618758219	5000.0	0.001	0.000108	-0.034533	0.9208219556088783,0.07608534293141372,0.00309002199560088,2.679464107178564e-06
392	1616746055	5000.0	0.001	0.000108	0.741415	0.7983346530693861,0.19376020795840831,0.007843471305738852,6.166766646670666e-05
396	2302309964	5000.0	0.001	0.000108	-0.042904	0.9130950209958009,0.07865930813837232,0.008234153169366126,1.1517696460707858e-05
389	2615242303	5000.0	0.001	0.000108	-0.046082	0.9196255948810238,0.07422679464107179,0.006137212557488502,1.0397920415916817e-05
397	312600141	5000.0	0.001	0.000108	0.056891	0.9595321335732854,0.039443231353729256,0.0010245550889822035,7.998400319936013e-08
401	1555766883	5000.0	0.001	0.000108	-0.185001	0.8822315136972605,0.11634257148570286,0.001425754849030194,1.5996800639872026e-07
400	3397473875	5000.0	0.001	0.000108	-0.096353	0.9545604879024195,0.04314417116576685,0.002295220955808838,1.199760047990402e-07
402	3514637930	5000.0	0.001	0.000108	-0.097397	0.9563133773245351,0.04289634073185363,0.0007899220155968806,3.5992801439712056e-07
403	1002194541	5000.0	0.001	0.000108	-0.490769	0.7880203959208159,0.2080884223155369,0.0038787042591481706,1.247750449910018e-05
384	2341951009	5000.0	0.001	0.000108	-0.606626	0.821002199560088,0.1525388522295541,0.026105658868226356,0.0003532893421315737
399	179349071	5000.0	0.001	0.000108	0.020993	0.9098741851629674,0.08876012797440512,0.0013655668866226754,1.199760047990402e-07
394	1483021898	5000.0	0.001	0.000108	0.399910	0.7111153769246151,0.2679533293341332,0.020768286342731455,0.00016300739852029595
393	3770648135	5000.0	0.001	0.000108	0.017864	0.9433653269346131,0.05586746650669866,0.0006396720655868826,0.00012753449310137972
406	1596804735	5000.0	0.001	0.000108	0.434132	0.7665753649270146,0.1782619876024795,0.0525118576284743,0.002623875224955009,2.6914617076584682e-05
407	3089716861	5000.0	0.001	0.000108	0.296262	0.8985727654469107,0.08608014397120575,0.013974725054989002,0.0013656068786242752,6.758648270345931e-06
410	2835869329	5000.0	0.001	0.000108	-0.152982	0.9137700059988002,0.07185758848230354,0.014293541291741652,7.886422715456909e-05
398	701636170	5000.0	0.001	0.000108	-0.114696	0.9628074385122976,0.036800559888022395,0.00039200159968006396
412	1806546581	5000.0	0.001	0.000108	0.176588	0.9257306538692261,0.054744491101779647,0.019346810637872424,0.00017804439112177565
411	230760082	5000.0	0.001	0.000108	0.248611	0.9057173765246951,0.09223931213757249,0.002040871825634873,2.439512097580484e-06
404	3581351549	5000.0	0.001	0.000108	-0.036956	0.9630558688262347,0.035989282143571284,0.0009544491101779644,3.9992001599680065e-07
414	1928226455	5000.0	0.001	0.000108	0.576356	0.8501410117976405,0.14674585082983405,0.0031079384123175366,5.198960207958408e-06
409	3103110792	5000.0	0.001	0.000108	0.169220	0.9151091781643671,0.08295912817436513,0.0019274145170965807,4.2791441711657665e-06
405	1627422334	5000.0	0.001	0.000108	0.057406	0.8669232153569286,0.1304992201559688,0.002575404919016197,2.1595680863827235e-06
420	3244727974	5000.0	0.001	0.000108	0.356883	0.8676331933613277,0.1310397920415917,0.0013214557088582284,5.558888222355529e-06
417	3000991390	5000.0	0.001	0.000108	0.165610	0.9700951809638072,0.02946726654669066,0.00043755248950209957
415	3712114329	5000.0	0.001	0.000108	-0.547558	0.8857466106778644,0.09730545890821836,0.01638484303139372,0.0005625674865026995,5.198960207958409e-07
416	964130460	5000.0	0.001	0.000108	0.160929	0.8716697460507898,0.1235265346930614,0.004799880023995201,3.839232153569286e-06
408	1436089991	5000.0	0.001	0.000108	-0.893377	0.6615192561487703,0.28750461907618474,0.049657828434313135,0.0013100179964007199,8.278344331133774e-06
418	383624869	5000.0	0.001	0.000108	0.173552	0.8974537892421516,0.10111733653269346,0.0014163567286542692,1.251749650069986e-05
424	3973449399	5000.0	0.001	0.000108	-0.034063	0.96695024995001,0.03288110377924415,0.00016864627074585084
422	298555056	5000.0	0.001	0.000108	0.259527	0.9262959408118376,0.0713122175564887,0.002390601879624075,1.2397520495900819e-06
423	3480485553	5000.0	0.001	0.000108	0.830910	0.854018476304739,0.14342255548890223,0.002458988202359528,9.998000399920016e-05
427	3369428680	5000.0	0.001	0.000108	0.095740	0.8867170165966807,0.10737012597480504,0.005911777644471106,1.0797840431913617e-06
428	4164910796	5000.0	0.001	0.000108	-0.803396	0.4662254349130174,0.5018653469306139,0.02734001199760048,0.004558968206358728,1.0237952409518097e-05
429	2009839309	5000.0	0.001	0.000108	0.164946	0.8894255548890222,0.10789682063587283,0.0026617876424715058,1.5836832633473307e-05
413	3208119958	5000.0	0.001	0.000108	0.266346	0.886053149370126,0.1096508298340332,0.004277824435112977,1.819636072785443e-05
430	1025279693	5000.0	0.001	0.000108	-0.022120	0.9077160567886423,0.0914135572885423,0.0008703859228154369
425	1695063741	5000.0	0.001	0.000108	0.064113	0.8947176564687063,0.10447134573085383,0.0008107178564287143,2.7994401119776043e-07
433	3024051932	5000.0	0.001	0.000108	0.572108	0.8056735452909418,0.18363263347330533,0.007025474905018996,0.003657908418316337,1.0437912417516497e-05
419	777528998	5000.0	0.001	0.000108	-0.051329	0.9486675864827034,0.05114929014197161,0.00018264347130573884,4.799040191961608e-07
436	1737451234	5000.0	0.001	0.000108	-0.077157	0.9501662067586483,0.0496002799440112,0.00023331333733253348,1.9996000799840033e-07
438	249913060	5000.0	0.001	0.000108	-0.045162	0.9328279944011197,0.06647646470705859,0.0006952209558088382,3.199360127974405e-07
421	2928785071	5000.0	0.001	0.000108	0.387505	0.8671980803839232,0.1273634473105379,0.005435672865426915,2.7994401119776045e-06
426	3210647236	5000.0	0.001	0.000108	0.212409	0.9417598480303939,0.05794881023795241,0.00029134173165366927
435	2616452834	5000.0	0.001	0.000108	-0.382891	0.8609956008798241,0.1304863827234553,0.008234673065386923,0.00028250349930013995,8.398320335932813e-07
434	1693599457	5000.0	0.001	0.000108	0.710295	0.8236412717456508,0.17229058188362328,0.004066546690661868,1.5996800639872026e-06
441	995434222	5000.0	0.001	0.000108	-0.055626	0.9580645870825835,0.04188514297140572,5.026994601079784e-05
439	956407528	5000.0	0.001	0.000108	0.327622	0.8645008198360328,0.13230297940411917,0.0031949610077984403,1.2397520495900819e-06
442	1998384890	5000.0	0.001	0.000108	0.072846	0.9516449510097981,0.04789798040391922,0.00044283143371325734,1.4237152569486102e-05
440	4185222892	5000.0	0.001	0.000108	0.190120	0.930325974805039,0.06900663867226554,0.0006673865226954609
431	3271286482	5000.0	0.001	0.000108	-0.006163	0.9486091581683663,0.05033161367726455,0.0010584683063387323,7.598480303939212e-07
443	175666940	5000.0	0.001	0.000108	-0.699476	0.8755571685662867,0.08863247350529894,0.03309734053189362,0.002688022395520896,2.499500099980004e-05
444	3207137023	5000.0	0.001	0.000108	-0.102712	0.9271139772045591,0.07245146970605879,0.00043455308938212357
446	481111809	5000.0	0.001	0.000108	0.153971	0.7971907218556289,0.19879488102379525,0.003972885422915417,4.1511697660467906e-05
432	1639737048	5000.0	0.001	0.000108	1.006725	0.8287161367726454,0.14529346130773846,0.025680103979204158,0.0003102579484103179,3.9992001599680065e-08
447	4235355906	5000.0	0.001	0.000108	-0.041605	0.9144568286342731,0.08506718656268747,0.0004752649470105979,7.198560287942411e-07
448	4211130115	5000.0	0.001	0.000108	0.012068	0.8540865426914617,0.1386600679864027,0.007234633073385323,1.875624875024995e-05
437	2769235682	5000.0	0.001	0.000108	-0.002215	0.9728205558888222,0.027076584683063388,0.00010285942811437712
450	1786814214	5000.0	0.001	0.000108	0.212210	0.9163776844631074,0.08107798440311938,0.002542211557688462,2.1195760847830435e-06
454	1107631908	5000.0	0.001	0.000108	0.058988	0.8197202159568087,0.17645658868226355,0.0038203959208158366,2.7994401119776045e-06
456	1259802407	5000.0	0.001	0.000108	-0.294177	0.9432117976404719,0.054432913417316535,0.002353369326134773,1.919616076784643e-06
457	802156328	5000.0	0.001	0.000108	0.194602	0.9334071185762848,0.06625782843431313,0.00033285342931413717,2.1995600879824035e-06
459	3568406332	5000.0	0.001	0.000108	-0.554048	0.860828874225155,0.10565618876224755,0.03322207558488302,0.0002928614277144571
458	884829995	5000.0	0.001	0.000108	-0.057325	0.8611864827034593,0.12111493701259748,0.01766494701059788,3.3633273345330936e-05
451	3541583628	5000.0	0.001	0.000108	0.525138	0.8896905818836233,0.10810765846830633,0.0021876824635072983,1.4077184563087382e-05
462	1325537098	5000.0	0.001	0.000108	-0.083036	0.9171607678464307,0.08167806438712258,0.0011601679664067187,9.998000399920016e-07
461	2487521093	5000.0	0.001	0.000108	-0.594273	0.7524191161767646,0.23622963407318537,0.011342131573685263,9.118176364727055e-06
455	4004583206	5000.0	0.001	0.000108	0.092540	0.8753365726854629,0.11206042791441712,0.012244271145770846,0.0003578484303139372,8.798240351929614e-07
463	2907952977	5000.0	0.001	0.000108	0.085742	0.9690365126974605,0.029855588882223557,0.0011077384523095382,1.5996800639872026e-07
445	2981433088	5000.0	0.001	0.000108	0.017491	0.9245822835432913,0.07097128574285143,0.00422879424115177,0.0002176364727054589
465	4107259734	5000.0	0.001	0.000108	-0.084681	0.874747450509898,0.11606978604279145,0.008957848430313936,0.0002246750649870026,2.399520095980804e-07
468	4268699491	5000.0	0.001	0.000108	0.016031	0.93985874825035,0.0493130173965207,0.010792601479704058,3.5632873425314936e-05
466	545570651	5000.0	0.001	0.000108	-0.336626	0.778374725054989,0.21120623875224956,0.010407878424315137,1.1157768446310738e-05
452	3988166420	5000.0	0.001	0.000108	0.200124	0.9536699860027994,0.045084623075384925,0.00042035592881423713,0.0008233553289342132,1.6796640671865626e-06
453	4292050709	5000.0	0.001	0.000108	-0.587077	0.8144628274345131,0.16239632073585283,0.023025314937012598,0.0001155368926214757
449	117090051	5000.0	0.001	0.000108	-0.005380	0.8495070585882823,0.12989142171565687,0.020533813237352528,6.766646670665867e-05,3.9992001599680065e-08
460	1910720321	5000.0	0.001	0.000108	-0.085380	0.8918433913217356,0.10692289542091582,0.0012334733053389322,2.399520095980804e-07
467	2442508127	5000.0	0.001	0.000108	0.365539	0.8760439112177565,0.11059756048790242,0.013332653469306139,2.5874825034993e-05
470	1619042147	5000.0	0.001	0.000108	0.354071	0.9241158568286343,0.07279132173565286,0.003091141771645671,1.6796640671865626e-06
473	394669934	5000.0	0.001	0.000108	-0.369737	0.8658627874425116,0.12973141371725655,0.004397360527894421,8.438312337532494e-06
469	3857057635	5000.0	0.001	0.000108	-0.344470	0.9165088582283544,0.08205762847430514,0.001433113377324535,3.9992001599680065e-07
471	2810206054	5000.0	0.001	0.000108	0.207331	0.8435309338132374,0.15572229554089181,0.0007466906618676265,7.998400319936013e-08
474	1233282934	5000.0	0.001	0.000108	0.058170	0.9524889022195561,0.046187722455508895,0.0013232153569286143,1.5996800639872026e-07
475	1737936759	5000.0	0.001	0.000108	-0.180795	0.910461147770446,0.08323107378524296,0.006305458908218356,2.319536092781444e-06
476	3658106748	5000.0	0.001	0.000108	-0.014678	0.9708647870425915,0.029017036592681462,0.00011817636472705459
472	3823198061	5000.0	0.001	0.000108	-0.175031	0.9040287542491502,0.08719652069586083,0.008760367926414717,1.4357128574285143e-05
464	2509631317	5000.0	0.001	0.000108	0.086105	0.9332075184963008,0.06598684263147371,0.000805118976204759,5.198960207958409e-07
478	263600007	5000.0	0.001	0.000108	1.498590	0.7203366526694661,0.2608434313137373,0.018719816036792642,0.00010005998800239952,3.9992001599680065e-08
483	2997516192	5000.0	0.001	0.000108	-0.562284	0.8611054989002199,0.13590733853229353,0.0029856828634273144,1.4797040591881624e-06
477	815353734	5000.0	0.001	0.000108	-0.039891	0.969718576284743,0.029924495100979803,0.00035692861427714457
481	1561259922	5000.0	0.001	0.000108	0.066719	0.9355270545890821,0.06264491101779644,0.0017800839832033592,4.7950409918016394e-05
480	3193028496	5000.0	0.001	0.000108	-1.785484	0.7474266346730654,0.19790341931613678,0.05430713857228554,0.00036280743851229753
479	2851909519	5000.0	0.001	0.000108	0.011713	0.9136470705858828,0.08534653069386122,0.0009790441911617677,2.7354529094181163e-05
482	3070766996	5000.0	0.001	0.000108	-0.148144	0.7854285142971406,0.2091381723655269,0.005431033793241352,2.279544091181764e-06
488	3284041674	5000.0	0.001	0.000108	-0.257305	0.9405051789642072,0.05780519896020796,0.0016851829634073185,4.439112177564487e-06
491	1021867996	5000.0	0.001	0.000108	-0.144681	0.9034199560087982,0.09419640071985604,0.002383363327334533,2.7994401119776043e-07
489	3617159124	5000.0	0.001	0.000108	0.003444	0.9455903619276145,0.052374725054989,0.0020174365126974605,1.7476504699060186e-05
490	855492570	5000.0	0.001	0.000108	0.230146	0.8937467706458708,0.1052876224755049,0.0009641671665666867,1.4397120575884822e-06
493	1173944289	5000.0	0.001	0.000108	0.289750	0.8964187162567486,0.10205430913817237,0.0015268946210757848,7.998400319936013e-08
492	1149546463	5000.0	0.001	0.000108	0.436551	0.8167559288142372,0.17812313537292543,0.005068986202759448,5.19496100779844e-05
494	2217117666	5000.0	0.001	0.000108	-0.104044	0.9048237152569486,0.09310481903619276,0.0020621475704859027,9.318136372725454e-06
495	3903741923	5000.0	0.001	0.000108	0.021422	0.9200763047390522,0.07740271945610878,0.0024726654669066186,4.8310337932413514e-05
485	2722199472	5000.0	0.001	0.000108	-0.194039	0.9317621675664867,0.05879040191961608,0.009440231953609279,7.198560287942412e-06
484	1513375648	5000.0	0.001	0.000108	-0.298056	0.8776922215556888,0.1206502299540092,0.0016565486902619475,9.998000399920016e-07
486	569567161	5000.0	0.001	0.000108	0.084747	0.9387739252149571,0.059554489102179566,0.0016713457308538291,2.399520095980804e-07
497	2045616117	5000.0	0.001	0.000108	-1.141605	0.7190154769046191,0.26308070385922816,0.01785262947410518,5.1189762047590484e-05
496	1862297581	5000.0	0.001	0.000108	-0.252059	0.8954847430513897,0.10142295540891821,0.003079864027194561,1.24375124975005e-05
487	3776714686	5000.0	0.001	0.000108	0.495192	0.8839496900619876,0.1085626874625075,0.007016076784643071,0.0004713857228554289,1.5996800639872026e-07
499	3776901118	5000.0	0.001	0.000108	-0.116280	0.9276388322335533,0.07213517296540692,0.0002216756648670266,4.319136172765447e-06
498	3397246968	5000.0	0.001	0.000108	-0.112625	0.915603799240152,0.08326086782643471,0.0011307338532293542,4.599080183963207e-06
