sim_id	seed	popsize	selcoef	sigma	mutrate	velocity	profile
3	3030093836	5000.0	0.001	0.00185	0.0001	2.990998	0.07340543891221755,0.73080799840032,0.1936874625074985,0.0020936612677464506,5.438912217556489e-06
18	827725888	5000.0	0.001	0.00185	0.0001	2.521069	0.6692062787442512,0.3220883823235353,0.008679424115176965,2.591481703659268e-05
9	3584184349	5000.0	0.001	0.00185	0.0001	5.512375	0.14003295340931812,0.6114679864027195,0.23582775444911017,0.012659868026394721,1.1437712457508499e-05
13	2567655470	5000.0	0.001	0.00185	0.0001	2.465562	0.6043227354529094,0.3857362927414517,0.009618916216756649,0.00032201559688062385,3.9992001599680065e-08
4	654452752	5000.0	0.001	0.00185	0.0001	5.261384	0.3069762847430514,0.5097600479904019,0.15793593281343732,0.018647950409918016,0.00667758448310338,2.1995600879824035e-06
0	50536451	5000.0	0.001	0.00185	0.0001	2.017337	0.15761563687262548,0.6992293541291742,0.1415351729654069,0.001614237152569486,5.598880223955209e-06
14	181479472	5000.0	0.001	0.00185	0.0001	3.213912	0.014251629674065187,0.10181591681663667,0.5430994201159768,0.3237232553489302,0.017074345130973806,3.543291341731654e-05
5	2064068626	5000.0	0.001	0.00185	0.0001	1.798333	0.5499281343731254,0.4382248350329934,0.011154169166166766,0.0006928214357128574,3.9992001599680065e-08
12	1266640942	5000.0	0.001	0.00185	0.0001	4.550094	0.08675812837432513,0.4218644271145771,0.47029082183563287,0.020973965206958607,0.00011265746850629874
1	1831655430	5000.0	0.001	0.00185	0.0001	2.812624	0.5926814237152569,0.38673137372525496,0.02051725654869026,6.994601079784043e-05
11	1017266211	5000.0	0.001	0.00185	0.0001	0.237342	0.8944092381523695,0.10425290941811638,0.0013375324935012997,3.199360127974405e-07
8	368152597	5000.0	0.001	0.00185	0.0001	2.194398	0.2572710657868426,0.7261133773245351,0.01659636072785443,1.919616076784643e-05
6	2166571027	5000.0	0.001	0.00185	0.0001	0.148995	0.23640695860827834,0.722695300939812,0.03978876224755049,0.0011089382123575285,3.9992001599680065e-08
16	886587447	5000.0	0.001	0.00185	0.0001	2.211974	0.4871878424315137,0.4928515096980604,0.019929054189162167,3.159368126374725e-05
2	3647172617	5000.0	0.001	0.00185	0.0001	0.900275	0.8498963407318536,0.14837872425514897,0.0017232553489302139,1.6796640671865626e-06
19	633808960	5000.0	0.001	0.00185	0.0001	1.941285	0.5765881623675265,0.4142494301139772,0.00892361527694461,0.00017300539892021595,6.578684263147371e-05
17	2861092921	5000.0	0.001	0.00185	0.0001	0.587640	0.02022779444111178,0.6187526894621076,0.3424131973605279,0.018156688662267547,0.00044963007398520296
10	313753633	5000.0	0.001	0.00185	0.0001	0.397560	0.8799338932213557,0.11848142371525695,0.0015846830633873224
15	971411505	5000.0	0.001	0.00185	0.0001	1.945170	0.43970753849230154,0.4994283543291342,0.059113017396520695,0.0017509298140371925,1.5996800639872026e-07
7	2539513874	5000.0	0.001	0.00185	0.0001	1.788348	0.5326500299940012,0.43784303139372127,0.029337332533493302,0.0001693261347730454,2.7994401119776043e-07
23	1030344787	5000.0	0.001	0.00185	0.0001	1.421185	0.7755134173165367,0.21564343131373725,0.002078264347130574,0.0067537292541491704,1.1157768446310738e-05
20	2004842566	5000.0	0.001	0.00185	0.0001	2.705876	0.426249950009998,0.48233041391721654,0.08965114977004598,0.001740251949610078,2.8234353129374125e-05
21	3857801289	5000.0	0.001	0.00185	0.0001	5.254641	0.16465566886622676,0.7250277944411118,0.1084128774245151,0.0019028994201159767,7.598480303939212e-07
24	707106899	5000.0	0.001	0.00185	0.0001	5.482735	0.11097808438312337,0.5699080183963208,0.29704519096180765,0.0219376124775045,0.0001219756048790242,9.118176364727055e-06
26	2610813013	5000.0	0.001	0.00185	0.0001	5.051286	0.13702879424115177,0.47029194161167764,0.3696168366326735,0.02211533693261348,0.000944371125774845,2.7194561087782445e-06
32	1117859957	5000.0	0.001	0.00185	0.0001	5.287042	0.05959592081583683,0.40450453909218154,0.5067082983403319,0.02878996200759848,0.0004001999600079984,1.0797840431913617e-06
25	1537120341	5000.0	0.001	0.00185	0.0001	-0.371580	0.7974144771045791,0.1962997800439912,0.005766006798640272,0.0005196960607878425,3.9992001599680065e-08
33	2018109559	5000.0	0.001	0.00185	0.0001	2.667415	0.3943236152769446,0.5710418716256749,0.03303531293741252,0.0015987202559488102,4.799040191961608e-07
35	2585720955	5000.0	0.001	0.00185	0.0001	4.216802	0.10350849830033994,0.5286359128174365,0.35483067386522693,0.012678584283143371,0.0003454509098180364,8.798240351929614e-07
30	341581939	5000.0	0.001	0.00185	0.0001	4.465523	0.07985434913017396,0.4452885422915417,0.45410501899620076,0.020477264547090583,0.0002748250349930014
36	4108759166	5000.0	0.001	0.00185	0.0001	2.176668	0.055756648670265946,0.6886807438512298,0.2353346530693861,0.019980323935212957,0.000247630473905219
34	1561632888	5000.0	0.001	0.00185	0.0001	3.188595	0.18863287342531493,0.7246453509298141,0.08559180163967206,0.0010513097380523894,7.866426714657068e-05
29	3968485480	5000.0	0.001	0.00185	0.0001	2.909244	0.1274881423715257,0.8411626074785044,0.031053349330133973,0.0002959008198360328
28	709042272	5000.0	0.001	0.00185	0.0001	2.280057	0.06322655468906219,0.5673724455108978,0.31530649870025995,0.05213645270945811,0.001956768646270746,1.279744051189762e-06
22	3465252943	5000.0	0.001	0.00185	0.0001	0.214122	0.8800036792641471,0.11920399920015996,0.0007922015596880624,1.199760047990402e-07
31	3985713267	5000.0	0.001	0.00185	0.0001	5.620605	0.1494723055388922,0.7130705858828235,0.1291887222555489,0.007555208958208358,0.0006969406118776245,1.6236752649470107e-05
37	2549348486	5000.0	0.001	0.00185	0.0001	0.978917	0.033426554689062186,0.5259041791641672,0.41126798640271944,0.027846550689862026,0.0015522095580883823,2.519496100779844e-06
27	4144373848	5000.0	0.001	0.00185	0.0001	2.033515	0.016514057188562286,0.7149934413117377,0.2662384723055389,0.00225374925014997,2.7994401119776043e-07
40	428970127	5000.0	0.001	0.00185	0.0001	0.903999	0.4599472105578884,0.5060314337132573,0.03372637472505499,0.0002948610277944411,1.199760047990402e-07
38	4285356166	5000.0	0.001	0.00185	0.0001	1.773862	0.3122630273945211,0.656658548290342,0.030806558688262348,0.0002717856428714257,7.998400319936013e-08
41	3527133327	5000.0	0.001	0.00185	0.0001	2.514521	0.2784095580883823,0.6636879424115177,0.055600719856028796,0.0023006598680263947,1.1197760447910417e-06
44	4145002671	5000.0	0.001	0.00185	0.0001	6.006252	0.06246514697060588,0.28348058388322334,0.5600092781443712,0.09331121775644871,0.0007337332533493301,3.9992001599680065e-08
43	2603311276	5000.0	0.001	0.00185	0.0001	2.502368	0.2627029794041192,0.6379064187162568,0.09623499300139972,0.0031548090381923613,7.998400319936013e-07
42	1017989278	5000.0	0.001	0.00185	0.0001	4.410473	0.17768850229954009,0.5527531293741251,0.25796744651069786,0.011565326934613077,2.5594881023795242e-05
45	3457691835	5000.0	0.001	0.00185	0.0001	5.228452	0.0613876824635073,0.3244630673865227,0.5574415916816636,0.056079184163167366,0.0006284743051389722
46	1559333055	5000.0	0.001	0.00185	0.0001	3.443348	0.032883303339332134,0.5976489902019596,0.3270556288742252,0.04215756848630274,0.0002543891221755649,1.199760047990402e-07
48	621713607	5000.0	0.001	0.00185	0.0001	1.767786	0.6314735052989402,0.36296688662267546,0.005554729054189162,4.879024195160968e-06
50	1299450067	5000.0	0.001	0.00185	0.0001	2.482724	0.009967646470705858,0.2793486902619476,0.6798419916016797,0.030465786842631473,0.0003758848230353929
39	3264546957	5000.0	0.001	0.00185	0.0001	-0.015958	0.965572925414917,0.03418568286342732,0.00024139172165566888
47	4239182020	5000.0	0.001	0.00185	0.0001	0.104877	0.9524637072585483,0.04692313537292542,0.000613117376524695,3.9992001599680065e-08
51	1098899671	5000.0	0.001	0.00185	0.0001	0.648715	0.5610803039392122,0.40925994801039794,0.028345330933813237,0.0013143771245750849,3.9992001599680065e-08
49	2286033100	5000.0	0.001	0.00185	0.0001	3.234911	0.022167686462707458,0.24704363127374526,0.6217123375324936,0.10714249150169966,0.0019322935412917418,1.5596880623875224e-06
55	2281838819	5000.0	0.001	0.00185	0.0001	-0.058076	0.00462755448910218,0.9153226154769046,0.07941071785642871,0.0006391121775644872
52	2308552920	5000.0	0.001	0.00185	0.0001	4.013570	0.5509634073185363,0.4279929614077185,0.020939292141571687,0.00010433913217356528
61	569532658	5000.0	0.001	0.00185	0.0001	1.933035	0.5827402919416117,0.4029782443511298,0.013948170365926814,0.00033169366126774644,1.5996800639872026e-06
62	755071229	5000.0	0.001	0.00185	0.0001	3.888314	0.18002823435312937,0.66715424915017,0.13800527894421116,0.0147499300139972,6.230753849230154e-05
60	3088328944	5000.0	0.001	0.00185	0.0001	-0.370671	0.876854349130174,0.10775824835032993,0.015330253949210159,5.7148570285942814e-05
63	528267517	5000.0	0.001	0.00185	0.0001	2.681686	0.30519268146370726,0.6004221555688862,0.07750853829234153,0.01684867026594681,2.7954409118176366e-05
56	3222280420	5000.0	0.001	0.00185	0.0001	3.056811	0.2555043791241752,0.5650149970005999,0.16488514297140572,0.007720215956808638,0.006866026794641072,9.238152369526095e-06
54	1732016350	5000.0	0.001	0.00185	0.0001	3.131161	0.15814105178964208,0.674386122775445,0.16578312337532494,0.0016886622675464907,1.0397920415916818e-06
53	1792633051	5000.0	0.001	0.00185	0.0001	2.788813	0.1471521295740852,0.7864637872425515,0.06606458708258349,0.00031949610077984406
66	2332723459	5000.0	0.001	0.00185	0.0001	0.258321	0.8660933013397321,0.13033401319736052,0.0033382123575284943,0.00023343331333733252,1.0397920415916818e-06
64	2433474818	5000.0	0.001	0.00185	0.0001	0.304193	0.45380339932013597,0.41395840831833636,0.11681867626474705,0.015088662267546491,0.00032749450109978006,3.359328134373125e-06
67	205312267	5000.0	0.001	0.00185	0.0001	3.389322	0.5854711457708458,0.39951909618076387,0.014882183563287342,0.00012757448510297941
57	936075500	5000.0	0.001	0.00185	0.0001	0.685482	0.9051186562687462,0.09202979404119176,0.0028408318336332733,1.0717856428714257e-05
58	542167277	5000.0	0.001	0.00185	0.0001	6.298435	0.2483504099180164,0.6462025194961007,0.10474581083783244,0.0007005798840231954,6.798640271945611e-07
69	1197095200	5000.0	0.001	0.00185	0.0001	2.643117	0.6554095980803839,0.3010544291141772,0.04346098780243951,7.498500299940011e-05
59	2233880815	5000.0	0.001	0.00185	0.0001	2.211385	0.6508604279144171,0.3123122175564887,0.036719656068786244,0.0001008998200359928,6.798640271945611e-06
71	4265490739	5000.0	0.001	0.00185	0.0001	6.073990	0.02729142171565687,0.14434385122975404,0.6010305938812237,0.22452285542891423,0.0028096780643871227,1.5996800639872026e-06
65	173840643	5000.0	0.001	0.00185	0.0001	0.641814	0.9161206558688262,0.08138380323935213,0.0024937812437512497,1.7596480703859228e-06
72	268190005	5000.0	0.001	0.00185	0.0001	-0.403715	0.8769488502299541,0.12010405918816237,0.001971605678864227,0.0009752849430113977,1.9996000799840033e-07
70	119363882	5000.0	0.001	0.00185	0.0001	2.418511	0.25404519096180767,0.6570819036192761,0.08671949610077985,0.00189750049990002,0.0002553089382123575,5.99880023995201e-07
74	863207740	5000.0	0.001	0.00185	0.0001	3.220614	0.5501633273345331,0.43300299940012,0.01680487902419516,2.8274345130973805e-05,5.198960207958409e-07
73	2027100472	5000.0	0.001	0.00185	0.0001	6.169726	0.027206478704259147,0.21727322535492902,0.48004843031393724,0.23534481103779245,0.03770145970805839,0.0024107978404319134,1.4797040591881624e-05
77	2169966915	5000.0	0.001	0.00185	0.0001	0.752087	0.5950333133373326,0.37726666666666664,0.027155568886222756,0.0005438112377524495,6.39872025594881e-07
76	675395903	5000.0	0.001	0.00185	0.0001	1.694304	0.5252096380723855,0.4564906218756249,0.017780723855228955,0.0005189762047590482,3.9992001599680065e-08
82	2242042212	5000.0	0.001	0.00185	0.0001	6.430073	0.044765766846630674,0.46283171365726855,0.41100807838432313,0.07843279344131174,0.0029314537092581484,3.0193961207758448e-05
83	1713052009	5000.0	0.001	0.00185	0.0001	0.488399	0.3868770645870826,0.4063886422715457,0.2051276944611078,0.0012204359128174364,0.00038604279144171166,1.199760047990402e-07
85	654178669	5000.0	0.001	0.00185	0.0001	5.634400	0.19881615676864628,0.6605665266946611,0.13840071985602878,0.002215516896620676,1.0797840431913617e-06
78	3260727619	5000.0	0.001	0.00185	0.0001	1.096957	0.6106674265146971,0.3798362327534493,0.009478304339132174,1.803639272145571e-05
86	771586419	5000.0	0.001	0.00185	0.0001	2.728217	0.40426034793041393,0.5848013597280544,0.010927854429114177,1.0437912417516497e-05
88	2401495421	5000.0	0.001	0.00185	0.0001	4.308748	0.13580883823235354,0.48527142571485704,0.36683375324935014,0.01208242351529694,3.5592881423715255e-06
68	244816144	5000.0	0.001	0.00185	0.0001	4.000423	0.004188802239552089,0.5691650069986003,0.39244539092181563,0.03400327934413117,0.00019748050389922016,3.9992001599680065e-08
89	1801804159	5000.0	0.001	0.00185	0.0001	0.134320	0.8978468306338733,0.1014753849230154,0.0006775444911017797,2.399520095980804e-07
81	1281028433	5000.0	0.001	0.00185	0.0001	1.752708	0.0240623875224955,0.6840615876824635,0.27652373525294943,0.015292101579684064,6.01879624075185e-05
75	4233959742	5000.0	0.001	0.00185	0.0001	1.720480	0.44214609078184364,0.5160157968406319,0.040903299340131975,0.0009347330533893221,7.998400319936013e-08
90	2130715014	5000.0	0.001	0.00185	0.0001	3.957425	0.006282783443311337,0.025650869826034792,0.6812405118976205,0.28233125374925017,0.004482583483303339,1.199760047990402e-05
84	2134774121	5000.0	0.001	0.00185	0.0001	2.991789	0.012022195560887822,0.5786621075784844,0.3940514697060588,0.015240591881623675,2.363527294541092e-05
80	226263377	5000.0	0.001	0.00185	0.0001	0.885799	0.5212768646270746,0.45340999800039994,0.02520879824035193,0.00010433913217356528
91	3820312973	5000.0	0.001	0.00185	0.0001	1.917184	0.02823839232153569,0.8479730453909218,0.12095436912617477,0.0028137972405518894,2.0395920815836833e-05
93	2329340307	5000.0	0.001	0.00185	0.0001	0.558228	0.490452549490102,0.4817659668066387,0.02718012397520496,0.0006012397520495901,1.199760047990402e-07
95	1454016923	5000.0	0.001	0.00185	0.0001	3.817996	0.2431226154769046,0.558728974205159,0.19250789842031593,0.005610277944411118,3.023395320935813e-05
94	1311779221	5000.0	0.001	0.00185	0.0001	1.819660	0.35327054589082185,0.5973158168366327,0.04855496900619876,0.0008517096580683863,6.958608278344331e-06
92	636674450	5000.0	0.001	0.00185	0.0001	3.764325	0.4351500099980004,0.5488392721455709,0.015598920215956808,0.00041179764047190564
79	2933866827	5000.0	0.001	0.00185	0.0001	1.946994	0.3551610477904419,0.6168231153769246,0.02771509698060388,0.00030065986802639474,7.998400319936013e-08
87	2470717816	5000.0	0.001	0.00185	0.0001	-0.154730	0.9034265146970606,0.08082687462507498,0.01529002199560088,0.00045646870625874823,1.199760047990402e-07
96	1369217442	5000.0	0.001	0.00185	0.0001	2.630177	0.3682880223955209,0.5944181163767247,0.03700067986402719,0.00029318136372725453
98	2149190052	5000.0	0.001	0.00185	0.0001	2.904066	0.568848350329934,0.4083986402719456,0.022649510097980403,0.00010345930813837232,3.9992001599680065e-08
97	3688788387	5000.0	0.001	0.00185	0.0001	5.543540	0.2983075384923015,0.6179742851429714,0.08279220155968806,0.0009257748450309938,1.9996000799840033e-07
103	2896650684	5000.0	0.001	0.00185	0.0001	8.369015	0.15477252549490103,0.5410937412517497,0.295420475904819,0.008610397920415918,0.00010285942811437712
101	4182649262	5000.0	0.001	0.00185	0.0001	3.867566	0.05617372525494901,0.4358659868026395,0.49083379324135173,0.01707642471505699,5.006998600279944e-05
105	2097189310	5000.0	0.001	0.00185	0.0001	1.507177	0.029987402519496102,0.7455522895420916,0.21846910617876425,0.005986882623475305,4.319136172765447e-06
106	113824194	5000.0	0.001	0.00185	0.0001	1.913332	0.45620887822435513,0.5206823035392921,0.022409398120375925,0.0006875824835032993,1.18376324735053e-05
109	1936089549	5000.0	0.001	0.00185	0.0001	1.437049	0.2976094381123775,0.5398353529294141,0.16093229354129174,0.0016187162567486502,4.1991601679664066e-06
100	4149440942	5000.0	0.001	0.00185	0.0001	7.384011	0.08655232953409318,0.4788263147370526,0.36609014197160566,0.06596576684663068,0.002562247550489902,3.1993601279744052e-06
111	1940894158	5000.0	0.001	0.00185	0.0001	0.834110	0.0017953209358128374,0.6959820435912818,0.28697912417516497,0.014471385722855428,0.0007688462307538492,3.279344131173765e-06
110	804153806	5000.0	0.001	0.00185	0.0001	4.153818	0.22232625474905018,0.43239136172765447,0.22522215556888622,0.11222787442511498,0.007815756848630274,1.4917016596680664e-05,1.6796640671865626e-06
113	3064730083	5000.0	0.001	0.00185	0.0001	4.558556	0.12513365326934614,0.5386458708258348,0.3234605878824235,0.012703459308138373,5.642871425714857e-05
112	2073233873	5000.0	0.001	0.00185	0.0001	3.270848	0.13430437912417517,0.7188275944811038,0.14453981203759247,0.002325894821035793,2.319536092781444e-06
99	2049921449	5000.0	0.001	0.00185	0.0001	3.371659	0.022914097180563888,0.3146816236752649,0.5796620675864828,0.08061487702459508,0.0021267346530693862,5.99880023995201e-07
102	2617547188	5000.0	0.001	0.00185	0.0001	2.256348	0.5108001599680064,0.45903019396120776,0.029963367326534693,0.00020627874425114978
117	2157484522	5000.0	0.001	0.00185	0.0001	6.463655	0.04827742451509698,0.4520239552089582,0.465830473905219,0.03289154169166167,0.0009765646870625875,3.9992001599680065e-08
116	3156257257	5000.0	0.001	0.00185	0.0001	-0.000779	0.9556340331933614,0.04427094581083783,9.498100379924016e-05,3.9992001599680065e-08
104	222493118	5000.0	0.001	0.00185	0.0001	2.768583	0.5885469706058788,0.37202227554489103,0.03882903419316137,0.0006016796640671866,3.9992001599680065e-08
118	1098017271	5000.0	0.001	0.00185	0.0001	3.338354	0.261126974605079,0.3860824635072985,0.28324599080183965,0.068675224955009,0.0008084783043391322,6.0867826434713055e-05
107	3067001282	5000.0	0.001	0.00185	0.0001	3.197128	0.13234025194961008,0.7641549690061987,0.09923335332933414,0.0042561087782443515,1.5316936612677465e-05
120	1904601603	5000.0	0.001	0.00185	0.0001	3.258089	0.28333537292541494,0.6653364927014597,0.044045430913817234,0.0072261147770445915,5.658868226354729e-05
115	1396959718	5000.0	0.001	0.00185	0.0001	2.581824	0.625479624075185,0.3614136772645471,0.012187962407518496,0.0009026194761047791,1.6116776644671066e-05
122	4242420231	5000.0	0.001	0.00185	0.0001	1.086006	0.029839352129574084,0.7299728454309138,0.23801919616076786,0.002167726454709058,8.798240351929614e-07
123	2832656904	5000.0	0.001	0.00185	0.0001	2.800888	0.507629674065187,0.48024723055388924,0.011736052789442111,0.0003869626074785043,7.998400319936013e-08
124	1783540235	5000.0	0.001	0.00185	0.0001	6.246792	0.2012122775444911,0.4159894821035793,0.36862115576884624,0.014157848430313938,1.923615276944611e-05
108	2861826508	5000.0	0.001	0.00185	0.0001	2.035691	0.6011894821035793,0.38990597880423916,0.007703939212157568,0.0011878024395120977,1.2797440511897621e-05
127	3975125532	5000.0	0.001	0.00185	0.0001	4.593674	0.1260771445710858,0.7083600879824036,0.1634871425714857,0.0020746650669866027,9.598080383923216e-07
128	3013354014	5000.0	0.001	0.00185	0.0001	-0.159846	0.9626482703459308,0.0371128574285143,0.00023887222555488903
119	3369202176	5000.0	0.001	0.00185	0.0001	1.963291	0.006861507698460308,0.07010469906018796,0.8179872825434913,0.10145238952209558,0.0035746450709858027,1.943611277744451e-05,3.9992001599680065e-08
131	1346200125	5000.0	0.001	0.00185	0.0001	2.417143	0.28694289142171564,0.6796635072985403,0.032961767646470706,0.00043183363327334534
132	2913112638	5000.0	0.001	0.00185	0.0001	1.414548	0.4195134573085383,0.5709832833433314,0.009500979804039193,2.279544091181764e-06
133	1872607806	5000.0	0.001	0.00185	0.0001	0.390874	0.8823822835432913,0.11458528294341132,0.0028904619076184765,0.00014197160567886423
126	22274588	5000.0	0.001	0.00185	0.0001	1.985567	0.522996800639872,0.46709478104379126,0.009852749450109978,5.566886622675465e-05
134	2692606534	5000.0	0.001	0.00185	0.0001	4.253814	0.3808293941211758,0.5408289142171566,0.07387722455508898,0.0044631873625274945,1.279744051189762e-06
121	3624280582	5000.0	0.001	0.00185	0.0001	2.609655	0.5985533293341332,0.39230809838032393,0.009085582883423315,5.2989402119576085e-05
125	3651457564	5000.0	0.001	0.00185	0.0001	0.799561	0.6242197960407918,0.36105830833833236,0.014035472905418915,0.0006843831233753249,2.039592081583683e-06
114	1087719907	5000.0	0.001	0.00185	0.0001	0.230662	0.9157607678464307,0.08292865426914617,0.0012961807638472306,1.4397120575884824e-05
136	1344094796	5000.0	0.001	0.00185	0.0001	1.709275	0.6569704059188163,0.3215616876624675,0.019730093981203758,0.0017376924615076985,1.199760047990402e-07
139	3004293719	5000.0	0.001	0.00185	0.0001	2.611377	0.294174125174965,0.6809519696060787,0.02444751049790042,0.00042639472105578883
138	2312878673	5000.0	0.001	0.00185	0.0001	-0.164106	8.358328334333133e-05,0.0023255748850229954,0.9383216956608679,0.053283023395320935,0.0057182563487302536,0.00026786642671465706
143	2777152109	5000.0	0.001	0.00185	0.0001	0.213317	0.9179784043191361,0.08034685062987403,0.001674505098980204,2.399520095980804e-07
142	3361612393	5000.0	0.001	0.00185	0.0001	0.373005	0.7549611277744451,0.2398248350329934,0.005211717656468706,2.319536092781444e-06
140	3807040097	5000.0	0.001	0.00185	0.0001	0.967209	0.005597800439912017,0.805332573485303,0.18783651269746052,0.0012330733853229353,3.9992001599680065e-08
135	2205907532	5000.0	0.001	0.00185	0.0001	3.704943	0.1882365526894621,0.27273137372525497,0.18468294341131775,0.2873608078384323,0.0657365326934613,0.0012357928414317137,1.5996800639872025e-05
146	351091315	5000.0	0.001	0.00185	0.0001	0.035172	0.9513046190761848,0.04789146170765847,0.0008039192161567686
145	3286620783	5000.0	0.001	0.00185	0.0001	0.161689	0.27182795440911817,0.6671900419916017,0.060487302539492104,0.0004944611077784443,2.399520095980804e-07
144	1397199469	5000.0	0.001	0.00185	0.0001	1.625284	0.6349433713257349,0.3604819036192761,0.004559528094381124,1.5196960607878425e-05
130	1657066035	5000.0	0.001	0.00185	0.0001	0.467573	0.6484440711857629,0.34369214157168565,0.007851429714057188,1.235752849430114e-05
149	917674623	5000.0	0.001	0.00185	0.0001	5.079377	0.17623979204159168,0.5529995600879825,0.2546607078584283,0.016076064787042592,2.3875224955008998e-05
137	384318030	5000.0	0.001	0.00185	0.0001	3.581498	0.5594883823235353,0.40905554889022194,0.03141035792841432,4.571085782843431e-05
153	3591183001	5000.0	0.001	0.00185	0.0001	3.722221	0.18187990401919615,0.5074066386722655,0.28905434913017397,0.02100267946410718,0.0006562687462507499,1.5996800639872026e-07
148	328721020	5000.0	0.001	0.00185	0.0001	4.842760	0.0006747050589882024,0.10823591281743651,0.45207862427514495,0.36874337132573487,0.06947594481103779,0.0007911617676464707,2.7994401119776043e-07
129	2328087084	5000.0	0.001	0.00185	0.0001	0.464856	0.9075560887822436,0.09108510297940411,0.0013585282943411317,2.7994401119776043e-07
147	1874641526	5000.0	0.001	0.00185	0.0001	1.598794	0.2659885222955409,0.6954059988002399,0.03767742451509698,0.0009280143971205759,3.9992001599680065e-08
151	3564601997	5000.0	0.001	0.00185	0.0001	0.739768	0.6686130773845231,0.30137100579884024,0.029704339132173567,0.00031137772445510896,1.9996000799840033e-07
141	3656778339	5000.0	0.001	0.00185	0.0001	0.992030	0.7362039192161568,0.25855332933413316,0.004474185162967406,0.0007685662867426515
150	1435105926	5000.0	0.001	0.00185	0.0001	0.133797	0.8949360927814437,0.10139304139172166,0.003668866226754649,1.999600079984003e-06
154	1946485403	5000.0	0.001	0.00185	0.0001	3.096177	0.3511152569486103,0.5943248550289942,0.05349114177164567,0.0010451109778044391,2.363527294541092e-05
155	2947396253	5000.0	0.001	0.00185	0.0001	3.087198	0.27496552689462106,0.6880977804439112,0.03688662267546491,5.006998600279944e-05
156	3840850590	5000.0	0.001	0.00185	0.0001	2.995106	0.2421123375324935,0.6222099180163967,0.10044755048990202,0.03477624475104979,0.0004531493701259748,7.998400319936013e-07
157	2419514020	5000.0	0.001	0.00185	0.0001	2.570581	0.3573885622875425,0.6096481903619276,0.030401919616076786,0.0025554889022195563,5.838832233553289e-06
160	2657264300	5000.0	0.001	0.00185	0.0001	3.876847	0.27964731053789244,0.6124025594881024,0.09993345330933813,0.007999360127974406,1.7316536692661468e-05
161	1282755245	5000.0	0.001	0.00185	0.0001	1.770118	0.7091328934213157,0.2802519896020796,0.010517936412717456,9.718056388722256e-05
162	255218349	5000.0	0.001	0.00185	0.0001	2.124467	0.05696996600679864,0.7480663867226555,0.1935638872225555,0.0013994801039792042,2.7994401119776043e-07
167	3383874247	5000.0	0.001	0.00185	0.0001	2.926095	0.39156720655868826,0.5761926414717057,0.03148446310737853,0.0007550489902019596,6.39872025594881e-07
166	352156358	5000.0	0.001	0.00185	0.0001	5.250904	0.19662611477704459,0.42529346130773843,0.3343921215756849,0.041396880623875226,0.0020611477704459108,0.0002302739452109578
170	3475186383	5000.0	0.001	0.00185	0.0001	0.691357	0.007246590681863627,0.6370507898420316,0.3368301139772046,0.017758568286342733,0.0011132173565286943,7.198560287942411e-07
158	3380597414	5000.0	0.001	0.00185	0.0001	5.146278	0.08355716856628674,0.5785950009998,0.3322204359128174,0.005579164167166566,4.823035392921416e-05
152	2047013524	5000.0	0.001	0.00185	0.0001	4.817201	0.16219392121575685,0.576750849830034,0.2501483303339332,0.010901779644071186,5.118976204759048e-06
172	982676177	5000.0	0.001	0.00185	0.0001	0.570929	0.8797160167966407,0.11263487302539492,0.007640471905618876,8.638272345530894e-06
174	1973342946	5000.0	0.001	0.00185	0.0001	0.010139	0.9688381923615277,0.030838232353529293,0.0003235752849430114
169	3671360201	5000.0	0.001	0.00185	0.0001	0.895677	0.8742019996000799,0.12195676864627075,0.003826754649070186,1.4477104579084183e-05
173	1142823640	5000.0	0.001	0.00185	0.0001	1.823410	0.014005278944211158,0.47319448110377926,0.48727914417116575,0.018773125374925016,0.006745130973805239,2.8394321135772845e-06
176	3699131112	5000.0	0.001	0.00185	0.0001	3.342028	0.052022075584883025,0.6112319536092782,0.30900463907218556,0.02711381723655269,0.0006274745050989802,3.9992001599680065e-08
175	657480424	5000.0	0.001	0.00185	0.0001	8.643228	0.022263267346530693,0.2894203159368126,0.5323908418316337,0.15288226354729054,0.0030425114977004598,7.998400319936013e-07
159	3921668776	5000.0	0.001	0.00185	0.0001	6.123058	0.09201319736052789,0.5413245350929814,0.3115507698460308,0.05278504299140172,0.002322255548890222,4.1991601679664066e-06
178	2593766122	5000.0	0.001	0.00185	0.0001	1.518320	0.013363327334533093,0.6127707658468307,0.35352797440511896,0.020287942411517698,4.999000199960008e-05
165	1873265346	5000.0	0.001	0.00185	0.0001	3.486265	0.15025814837032594,0.5905742851429714,0.254596400719856,0.004519176164767047,5.1989602079584085e-05
177	3107748586	5000.0	0.001	0.00185	0.0001	0.823216	0.7094911417716456,0.28019488102379525,0.01023131373725255,8.26634673065387e-05
163	2409511598	5000.0	0.001	0.00185	0.0001	-0.062257	0.8293088182363527,0.1587003399320136,0.011079424115176964,0.0009114177164567086
179	1901914859	5000.0	0.001	0.00185	0.0001	0.175776	0.9201705258948211,0.0729620075984803,0.0066722655468906215,0.0001952009598080384
171	2216395472	5000.0	0.001	0.00185	0.0001	4.066213	0.3080334733053389,0.5763844431113777,0.11402959408118377,0.0015517696460707858,7.198560287942411e-07
164	2616521398	5000.0	0.001	0.00185	0.0001	3.832661	0.42489478104379125,0.4149124575084983,0.14212013597280543,0.017027994401119777,0.0010399120175964807,4.719056188762248e-06
181	1452325617	5000.0	0.001	0.00185	0.0001	4.773918	0.0712372725454909,0.5951756848630274,0.3292199160167966,0.004358528294341132,8.598280343931213e-06
182	1396726515	5000.0	0.001	0.00185	0.0001	5.358521	0.15461751649670066,0.6697576484703059,0.15695944811037793,0.01826474705058988,0.00040047990401919617,1.5996800639872026e-07
168	4113400521	5000.0	0.001	0.00185	0.0001	1.750480	0.5865896820635873,0.3799622475504899,0.032860827834433115,0.0005872425514897021
185	3256359676	5000.0	0.001	0.00185	0.0001	2.126505	0.6631423315336933,0.31040279944011195,0.024900739852029594,0.0015538092381523695,3.199360127974405e-07
186	1648276219	5000.0	0.001	0.00185	0.0001	0.116425	0.8783762447510498,0.11870249950009998,0.0029195760847830435,1.6796640671865626e-06
190	4005110544	5000.0	0.001	0.00185	0.0001	4.013850	0.23289470105978805,0.5759229354129174,0.18710297940411919,0.004069306138772245,1.0077984403119377e-05
189	3280309006	5000.0	0.001	0.00185	0.0001	0.620987	0.8873600479904019,0.10932009598080383,0.003316336732653469,3.5192961407718455e-06
188	3341099789	5000.0	0.001	0.00185	0.0001	1.844023	0.7674089582083583,0.22707666466706658,0.005513297340531894,1.0797840431913617e-06
180	2337278704	5000.0	0.001	0.00185	0.0001	1.387639	0.4415139772045591,0.4245335732853429,0.10858036392721455,0.025030593881223754,0.00034149170165966806
196	2007866148	5000.0	0.001	0.00185	0.0001	3.351901	0.3389849230153969,0.4780915416916617,0.1647141371725655,0.018107938412317535,0.00010145970805838832
194	3677782818	5000.0	0.001	0.00185	0.0001	1.318126	0.3978893821235753,0.5011100579884024,0.10035244951009797,0.0006479104179164167,1.9996000799840033e-07
198	3238499121	5000.0	0.001	0.00185	0.0001	3.449614	0.0026863027394521096,0.00937256548690262,0.6026939012197561,0.3160066386722655,0.06642819436112778,0.0028114777044591084,9.198160367926415e-07
183	1134306039	5000.0	0.001	0.00185	0.0001	1.110458	0.010308778244351129,0.777078024395121,0.1967267346530694,0.015772725454909018,0.00011373725254949011
199	587252532	5000.0	0.001	0.00185	0.0001	5.095932	0.0910255548890222,0.5247878824235153,0.3650227954409118,0.01887238552289542,0.00029138172365526896
200	3985197884	5000.0	0.001	0.00185	0.0001	1.560835	0.08139676064787042,0.7836925014997,0.1340517896420716,0.0008587082583483304,2.399520095980804e-07
184	2725599995	5000.0	0.001	0.00185	0.0001	5.148516	0.0806243951209758,0.4296378724255149,0.4160909818036393,0.07330165966806639,0.00034509098180363925
191	144352019	5000.0	0.001	0.00185	0.0001	2.777381	0.2078234353129374,0.47241859628074384,0.3022492301539692,0.01735868826234753,0.0001500499900019996
197	2466323237	5000.0	0.001	0.00185	0.0001	0.323905	0.28005462907418516,0.5115138972205558,0.19798212357528494,0.010438872225554889,1.0477904419116177e-05
203	3082887999	5000.0	0.001	0.00185	0.0001	5.707799	0.2226388722255549,0.5105012597480504,0.24263019396120775,0.024135332933413318,9.434113177364527e-05
204	2048643904	5000.0	0.001	0.00185	0.0001	3.109183	0.34316708658268347,0.6314227954409118,0.025203519296140772,0.0002065986802639472
205	336724807	5000.0	0.001	0.00185	0.0001	1.564291	0.5622629874025195,0.4039022195560888,0.02874529094181164,0.005063147370525895,2.6354729054189163e-05
187	199510793	5000.0	0.001	0.00185	0.0001	0.266596	0.4149948810237952,0.5555336532693461,0.029320535892821437,0.00015092981403719256
206	1246999378	5000.0	0.001	0.00185	0.0001	1.882532	0.47286310737852427,0.5134108378324335,0.012763967206558688,0.0009502099580083983,1.1877624475104978e-05
192	3914015515	5000.0	0.001	0.00185	0.0001	0.817548	0.541419476104779,0.4401646470705859,0.018278064387122577,0.00013777244551089782,3.9992001599680065e-08
193	4256148251	5000.0	0.001	0.00185	0.0001	0.662506	0.6720329534093181,0.3167612477504499,0.01118268346330734,2.2995400919816036e-05,1.199760047990402e-07
202	2902592318	5000.0	0.001	0.00185	0.0001	2.928039	0.09430869826034793,0.42870717856428714,0.4383001399720056,0.030131973605278944,0.008182203559288143,0.00036980603879224153
209	2765042531	5000.0	0.001	0.00185	0.0001	-0.082088	0.9645734053189362,0.029131973605278944,0.006272225554889022,2.2395520895820836e-05
207	1807610719	5000.0	0.001	0.00185	0.0001	0.748248	0.8597577684463107,0.1354372725454909,0.0047604479104179165,4.451109778044391e-05
208	2715329377	5000.0	0.001	0.00185	0.0001	3.008218	0.12744327134573086,0.7018189962007598,0.16662627474505098,0.004109578084383124,1.879624075184963e-06
195	3616365347	5000.0	0.001	0.00185	0.0001	1.918840	0.475529374125175,0.5092243551289742,0.015210157968406319,3.6112777444511095e-05
201	3291376445	5000.0	0.001	0.00185	0.0001	2.482578	0.13020127974405118,0.6318727054589082,0.23152841431713658,0.006314297140571886,8.318336332733453e-05,1.199760047990402e-07
213	11008904	5000.0	0.001	0.00185	0.0001	0.134416	0.09086054789042192,0.8484115576884623,0.05955432913417317,0.0011728454309138173,7.198560287942411e-07
210	3201817450	5000.0	0.001	0.00185	0.0001	2.208615	0.31090613877224554,0.3960263147370526,0.24865438912217558,0.0442876624675065,0.00012549490101979605
212	3680787335	5000.0	0.001	0.00185	0.0001	-0.078566	0.9553020995800839,0.044375564887022594,0.0003223355328934213
217	1212408725	5000.0	0.001	0.00185	0.0001	2.018903	0.6178937412517497,0.35108318336332733,0.03095892821435713,6.414717056588682e-05
218	2238385048	5000.0	0.001	0.00185	0.0001	0.261006	0.43193997200559886,0.5496729854029194,0.017994481103779245,0.0003925614877024595
219	2409509787	5000.0	0.001	0.00185	0.0001	2.257867	0.4692486302739452,0.5050887422515496,0.02100883823235353,0.0040879424115176964,0.0005550489902019596,1.0797840431913617e-05
221	4085459877	5000.0	0.001	0.00185	0.0001	3.759828	0.20949206158768247,0.6680914217156568,0.12128242351529694,0.0011294141171765647,4.679064187162567e-06
220	3253846943	5000.0	0.001	0.00185	0.0001	0.002816	0.9177419316136772,0.07230565886822636,0.009791481703659267,0.0001608878224355129,3.9992001599680065e-08
211	2148416376	5000.0	0.001	0.00185	0.0001	3.157825	0.12523367326534693,0.7747503299340132,0.09834385122975405,0.0015740851829634073,9.806038792241552e-05
225	1451097022	5000.0	0.001	0.00185	0.0001	3.091409	0.3096198360327934,0.6441374925014997,0.04440851829634073,0.0018332733453309338,8.798240351929614e-07
222	1404066730	5000.0	0.001	0.00185	0.0001	1.907881	0.6546679864027195,0.33026298740251947,0.012967206558688263,0.0021011797640471904,6.39872025594881e-07
214	4121193357	5000.0	0.001	0.00185	0.0001	2.350523	0.4196726654669066,0.4813854429114177,0.09785702859428114,0.0010847030593881225,1.5996800639872026e-07
227	1587139521	5000.0	0.001	0.00185	0.0001	1.617675	0.4753228954209158,0.4802661867626475,0.04400239952009598,0.000404879024195161,3.639272145570886e-06
216	2040675219	5000.0	0.001	0.00185	0.0001	1.834423	0.4732259148170366,0.5158517096580684,0.010911817636472705,1.0557888422315537e-05
226	3827354559	5000.0	0.001	0.00185	0.0001	1.130523	0.7362626274745051,0.24704619076184764,0.016636712657468505,5.446910617876425e-05
230	1298721741	5000.0	0.001	0.00185	0.0001	1.284481	0.5656959408118376,0.39130821835632873,0.04235996800639872,0.0006358328334333134,3.9992001599680065e-08
231	1342229457	5000.0	0.001	0.00185	0.0001	2.120028	0.584223275344931,0.39742075584883024,0.018328974205158968,2.6994601079784043e-05
224	858174395	5000.0	0.001	0.00185	0.0001	2.261680	0.33680687862427516,0.5358842231553689,0.1233001399720056,0.003935932813437313,7.282543491301739e-05
232	2032239572	5000.0	0.001	0.00185	0.0001	0.363191	0.19814305138972205,0.49989898020395923,0.28185510897820437,0.019277904419116178,0.0008249550089982003
215	2135673742	5000.0	0.001	0.00185	0.0001	1.224024	0.01279376124775045,0.7191780043991202,0.2662925814837033,0.0016906618676264748,4.4951009798040394e-05,3.9992001599680065e-08
233	676352982	5000.0	0.001	0.00185	0.0001	1.458095	0.6346305138972206,0.337374925014997,0.0274125974805039,0.0005817636472705459,1.9996000799840033e-07
234	993612761	5000.0	0.001	0.00185	0.0001	0.954699	0.3406393121375725,0.609669026194761,0.028887102579484104,0.020728014397120575,7.650469906018796e-05,3.9992001599680065e-08
237	3726722019	5000.0	0.001	0.00185	0.0001	2.625948	0.6619079784043191,0.3248081983603279,0.013173165366926615,0.00011049790041991602,1.5996800639872026e-07
235	2029548508	5000.0	0.001	0.00185	0.0001	-0.128541	0.9456923015396921,0.053709298140371925,0.0005984003199360128
240	2337504234	5000.0	0.001	0.00185	0.0001	0.501014	0.44434117176564686,0.4336357528494301,0.12125398920215957,0.0007638872225554889,5.198960207958408e-06
239	4021498857	5000.0	0.001	0.00185	0.0001	1.969305	0.18502075584883024,0.6647855628874225,0.14539132173565286,0.00479616076784643,6.19876024795041e-06
242	3054433276	5000.0	0.001	0.00185	0.0001	4.648878	0.06354797040591882,0.47210565886822636,0.4436615076984603,0.020330893821235752,0.000352249550089982,1.7196560687862428e-06
243	338103293	5000.0	0.001	0.00185	0.0001	2.266425	0.6673104579084184,0.2128506298740252,0.11933989202159569,0.0004990201959608079
223	759808950	5000.0	0.001	0.00185	0.0001	5.152680	0.014532893421315737,0.20084179164167165,0.6320438712257549,0.15058168366326735,0.0019940811837632472,5.678864227154569e-06
245	2537241605	5000.0	0.001	0.00185	0.0001	2.670554	0.5623695660867827,0.4296669466106779,0.007662467506498701,0.00030101979604079185
248	2224012311	5000.0	0.001	0.00185	0.0001	2.590623	0.2897766846630674,0.6152967806438713,0.09264143171365727,0.002284023195360928,1.0797840431913617e-06
247	2207357966	5000.0	0.001	0.00185	0.0001	2.626687	0.3016259948010398,0.5664533093381324,0.1263628874225155,0.005528214357128574,2.959408118376325e-05
229	2347725765	5000.0	0.001	0.00185	0.0001	2.742962	0.4955505298940212,0.4909175364927015,0.01341735652869426,0.00011457708458308339
228	1166658498	5000.0	0.001	0.00185	0.0001	3.693487	0.27908150369926016,0.6583878424315137,0.05937172565486903,0.0031586082783443313,3.199360127974405e-07
236	1521753054	5000.0	0.001	0.00185	0.0001	2.569224	0.25582395520895823,0.6752755048990202,0.06796748650269946,0.0009326534693061387,3.9992001599680065e-07
238	2724924389	5000.0	0.001	0.00185	0.0001	-0.319211	0.7835868826234753,0.21059332133573286,0.005811517696460708,8.278344331133774e-06
250	3646065699	5000.0	0.001	0.00185	0.0001	-0.045568	0.5710573085382924,0.420326774645071,0.008612197560487903,3.719256148770246e-06
251	2225603622	5000.0	0.001	0.00185	0.0001	1.814614	0.0694507098580284,0.7053070185962808,0.21785670865826834,0.0073752849430113974,1.0277944411117777e-05
244	3463001086	5000.0	0.001	0.00185	0.0001	1.726751	0.07192233553289343,0.3903999600079984,0.4856358328334333,0.051060107978404316,0.0009816036792641473,1.5996800639872026e-07
246	2434108425	5000.0	0.001	0.00185	0.0001	-0.092232	0.646180323935213,0.30871981603679266,0.04486990601879624,0.00019528094381123776,3.4673065386922613e-05
254	3936656437	5000.0	0.001	0.00185	0.0001	2.789778	0.46919500099980005,0.4608019196160768,0.06917244551089782,0.000830633873225355
253	620751910	5000.0	0.001	0.00185	0.0001	10.454446	0.022976724655068986,0.1416613877224555,0.3952541891621676,0.3884359128174365,0.05124691061787642,0.00040207958408318336,2.2795440911817637e-05
255	3370404921	5000.0	0.001	0.00185	0.0001	2.159722	0.4262323935212957,0.5516089182163567,0.022110777844431113,4.791041791641672e-05
256	3059711038	5000.0	0.001	0.00185	0.0001	0.080433	0.0006543491301739652,0.6599037392521496,0.32749902019596083,0.011896660667866427,4.6230753849230153e-05
241	3835880439	5000.0	0.001	0.00185	0.0001	2.223180	0.14679328134373126,0.7077020595880824,0.14154677064587082,0.003934773045390922,2.3115376924615077e-05
259	2616472662	5000.0	0.001	0.00185	0.0001	1.923176	0.4650394721055789,0.29084355128974204,0.22757840431913617,0.016524695060987804,1.3877224555088982e-05
260	1038238808	5000.0	0.001	0.00185	0.0001	4.425364	0.11386722655468906,0.3658010397920416,0.469350849830034,0.05055976804639072,0.00042111577684463106
249	369163287	5000.0	0.001	0.00185	0.0001	1.883816	0.5976175164967007,0.39235804839032196,0.009980123975204959,4.4311137772445514e-05
265	897967219	5000.0	0.001	0.00185	0.0001	0.402593	0.905226474705059,0.07515880823835233,0.018295660867826434,0.0013156568686262748,3.3993201359728056e-06
257	288842820	5000.0	0.001	0.00185	0.0001	1.854260	0.007279704059188163,0.6895454909018196,0.28728386322735455,0.015819476104779046,7.146570685862828e-05
266	4062053493	5000.0	0.001	0.00185	0.0001	0.323416	0.9491055388922216,0.050657868426314735,0.00023655268946210759,3.9992001599680065e-08
264	1315554407	5000.0	0.001	0.00185	0.0001	2.744743	0.3802846230753849,0.5770766646670666,0.04220731853629274,0.00043139372125574883
267	3235439736	5000.0	0.001	0.00185	0.0001	1.866676	0.02650513897220556,0.6578080383923215,0.296495300939812,0.01911513697260548,7.638472305538892e-05
268	471260281	5000.0	0.001	0.00185	0.0001	0.410309	0.9125442911417716,0.07948590281943611,0.007943211357728455,2.6594681063787242e-05
271	2417187973	5000.0	0.001	0.00185	0.0001	3.097858	0.20515412917416517,0.7380331133773246,0.05372861427714457,0.00299376124775045,8.982203559288142e-05,5.598880223955209e-07
272	2707598475	5000.0	0.001	0.00185	0.0001	5.060183	0.084924175164967,0.7251332533493301,0.17635816836632673,0.013339292141571686,0.00024511097780443913
269	985414788	5000.0	0.001	0.00185	0.0001	5.188086	0.04949222155568886,0.4136081183763247,0.4325896820635873,0.09132713457308539,0.012950529894021196,3.231353729254149e-05
252	3005453351	5000.0	0.001	0.00185	0.0001	6.458634	0.07823679264147171,0.32974629074185163,0.3082055188962208,0.2277620075984803,0.053864667066586686,0.002184003199360128,7.198560287942411e-07
273	2654016653	5000.0	0.001	0.00185	0.0001	3.544229	0.41943019396120773,0.5166157168566287,0.06364119176164768,0.0003128974205158968
261	2020936794	5000.0	0.001	0.00185	0.0001	-0.840088	0.020823515296940612,0.8031892021595681,0.16083991201759648,0.01446390721855629,0.0006834633073385323
270	299527300	5000.0	0.001	0.00185	0.0001	1.581452	0.07950265946810638,0.742904099180164,0.17293321335732853,0.004654389122175565,5.6388722255548894e-06
258	1131572304	5000.0	0.001	0.00185	0.0001	5.849179	0.15100375924815038,0.6223560887822436,0.21615612877424514,0.010466906618676265,1.7116576684663066e-05
276	2494338208	5000.0	0.001	0.00185	0.0001	2.078771	0.3320523895220956,0.5781649670065987,0.08893405318936212,0.000845750849830034,2.7994401119776045e-06,3.9992001599680065e-08
262	1464786020	5000.0	0.001	0.00185	0.0001	2.986672	0.48428546290741853,0.5069736452709458,0.00869618076384723,4.471105778844231e-05
275	777338003	5000.0	0.001	0.00185	0.0001	1.359614	0.019506098780243952,0.7696507898420316,0.2070094781043791,0.003804839032193561,2.7394521095780843e-05,1.3597280543891223e-06,3.9992001599680065e-08
263	1411957860	5000.0	0.001	0.00185	0.0001	0.152939	0.9121655668866226,0.08738564287142571,0.0004487902419516097
279	4235564212	5000.0	0.001	0.00185	0.0001	4.839549	0.10444203159368126,0.44321791641671665,0.44055664867026595,0.011773885222955409,9.518096380723854e-06
280	3113331899	5000.0	0.001	0.00185	0.0001	3.115444	0.5325145370925815,0.4518624275144971,0.015616836632673466,6.19876024795041e-06
283	3629386950	5000.0	0.001	0.00185	0.0001	4.854615	0.047098300339932016,0.21403079384123175,0.4085704059188162,0.267023875224955,0.0567750449910018,0.006476344731053789,2.523495300939812e-05
285	1329775812	5000.0	0.001	0.00185	0.0001	3.556080	0.18415972805438913,0.48448254349130176,0.31821471705658866,0.013136492701459708,6.518696260747851e-06
274	977812624	5000.0	0.001	0.00185	0.0001	1.136601	0.40374221155768847,0.5069534893021396,0.0824121175764847,0.0068895420915816834,2.639472105578884e-06
286	3720201418	5000.0	0.001	0.00185	0.0001	2.578970	0.059350529894021196,0.5601952409518096,0.34042811437712456,0.037404759048190364,0.0026181963607278544,3.1593681263747252e-06
288	3597927641	5000.0	0.001	0.00185	0.0001	3.693941	0.028634233153369326,0.29330173965206957,0.5750416716656669,0.09730857828434313,0.005690781843631274,2.2995400919816036e-05
287	3728305355	5000.0	0.001	0.00185	0.0001	6.983206	0.026130453909218157,0.3954492701459708,0.48315476904619076,0.09468490301939612,0.0005742851429714058,6.3187362527494505e-06
289	2095437019	5000.0	0.001	0.00185	0.0001	-0.164690	0.9607153369326135,0.03652629474105179,0.002730773845230954,2.7594481103779245e-05
278	2652191912	5000.0	0.001	0.00185	0.0001	2.798649	0.41786738652269545,0.5495885222955409,0.03231765646870626,0.00022639472105578885,3.9992001599680065e-08
281	2678895812	5000.0	0.001	0.00185	0.0001	7.615692	0.020968046390721855,0.08845966806638672,0.3177596080783843,0.4737764447110578,0.09747202559488102,0.001563887222555489,3.199360127974405e-07
290	232352988	5000.0	0.001	0.00185	0.0001	2.182596	0.006436352729454109,0.6572176364727055,0.33205730853829235,0.004288382323535293,3.199360127974405e-07
284	1362390215	5000.0	0.001	0.00185	0.0001	1.954200	0.4150301539692062,0.49202995400919813,0.08780175964807038,0.00509878024395121,3.9352129574085184e-05
277	2375924897	5000.0	0.001	0.00185	0.0001	-0.337707	0.009065426914617076,0.918235472905419,0.07181891621675665,0.0008799440111977604,2.399520095980804e-07
282	336680133	5000.0	0.001	0.00185	0.0001	1.664154	0.5031862027594481,0.4832494301139772,0.01255872825434913,0.0010043991201759649,1.2397520495900819e-06
292	3699858661	5000.0	0.001	0.00185	0.0001	1.702347	0.03911509698060388,0.8417076184763047,0.11834385122975405,0.000827754449110178,5.678864227154569e-06
294	433200367	5000.0	0.001	0.00185	0.0001	2.173567	0.5238631873625275,0.4452887422515497,0.03076888622275545,7.918416316736653e-05
296	4243150066	5000.0	0.001	0.00185	0.0001	9.803312	0.023454789042191563,0.22733057388522296,0.4796283543291342,0.2099752049590082,0.05917288542291542,0.0004356728654269146,2.519496100779844e-06
297	1364823286	5000.0	0.001	0.00185	0.0001	5.844592	0.25549186162767445,0.5851534093181364,0.15335400919816036,0.00597876424715057,2.1955608878224355e-05
298	1751450870	5000.0	0.001	0.00185	0.0001	1.722342	0.7891192161567686,0.2024129974005199,0.00845742851429714,1.0357928414317136e-05
301	2499351820	5000.0	0.001	0.00185	0.0001	1.951607	0.15655216956608678,0.7320410317936412,0.1012110377924415,0.010191601679664068,4.159168166366727e-06
303	3594085651	5000.0	0.001	0.00185	0.0001	4.214222	0.06449254149170167,0.47792849430113976,0.446853949210158,0.010477784443111378,0.00024723055388922217
304	3927526683	5000.0	0.001	0.00185	0.0001	3.607849	0.48985638872225556,0.42232009598080383,0.08448994201159768,0.0003080983803239352,0.003024115176964607,1.3597280543891223e-06
305	2618019100	5000.0	0.001	0.00185	0.0001	1.402374	0.005937812437512497,0.687326374725055,0.2996269946010798,0.0070466306738652265,6.21875624875025e-05
306	722179358	5000.0	0.001	0.00185	0.0001	1.082803	0.4260788642271546,0.5589489302139572,0.014890461907618476,8.174365126974605e-05
299	1734692103	5000.0	0.001	0.00185	0.0001	0.536704	0.49991581683663266,0.45455688862227556,0.0433873625274945,0.0019947210557888424,0.0001452109578084383
302	106904844	5000.0	0.001	0.00185	0.0001	3.157184	0.1749130173965207,0.5835112177564488,0.2194497900419916,0.016716856628674264,0.0054055988802239555,3.5192961407718455e-06
308	2497682724	5000.0	0.001	0.00185	0.0001	1.373714	0.6049660467906419,0.3759618076384723,0.017549610077984404,0.001521375724855029,1.159768046390722e-06
309	1320172839	5000.0	0.001	0.00185	0.0001	9.545208	0.018329694061187764,0.08807214557088583,0.33587006598680264,0.3778499100179964,0.1576124375124975,0.02213469306138772,0.00013105378924215157
291	1453626596	5000.0	0.001	0.00185	0.0001	4.424264	0.0046912217556488705,0.34726822635472904,0.5021756848630274,0.1304372725454909,0.0153376124775045,8.998200359928014e-05
293	3653872869	5000.0	0.001	0.00185	0.0001	2.250301	0.16414833033393322,0.6622467906418716,0.1681506898620276,0.005451869626074785,2.319536092781444e-06
312	2622029103	5000.0	0.001	0.00185	0.0001	-0.168950	0.004669066186762647,0.8729277344531093,0.10747742451509698,0.014881583683263347,4.419116176764647e-05
295	3031969010	5000.0	0.001	0.00185	0.0001	6.178185	0.03579764047190562,0.22733345330933813,0.547564127174565,0.1858267946410718,0.0034771845630873826,7.998400319936013e-07
307	1049974049	5000.0	0.001	0.00185	0.0001	1.314001	0.7915861227754449,0.19537032593481304,0.01299004199160168,5.350929814037193e-05
314	2972677430	5000.0	0.001	0.00185	0.0001	2.456127	0.19667630473905218,0.7111522895420915,0.07205674865026995,0.01991381723655269,0.00020083983203359327
310	1318059304	5000.0	0.001	0.00185	0.0001	7.612030	0.09915664867026594,0.47484343131373724,0.40170153969206157,0.02425222955408918,4.615076984603079e-05
311	1932399918	5000.0	0.001	0.00185	0.0001	2.328002	0.4354970605878824,0.5315258148370325,0.029847750449910018,0.0031280943811237754,1.279744051189762e-06
316	3936761154	5000.0	0.001	0.00185	0.0001	3.182916	0.2280865426914617,0.5653118176364728,0.2017524095180964,0.004848670265946811,5.598880223955209e-07
300	1240370440	5000.0	0.001	0.00185	0.0001	7.631118	0.041770445910817834,0.567196400719856,0.3242337132573485,0.06534249150169966,0.001456748650269946,1.9996000799840033e-07
315	2715825469	5000.0	0.001	0.00185	0.0001	2.270285	0.6537042991401719,0.34284619076184764,0.003432833433313337,1.6676664667066585e-05
319	3055228241	5000.0	0.001	0.00185	0.0001	1.220761	0.33373205358928215,0.6107006198760248,0.05374505098980204,0.0018203959208158368,1.879624075184963e-06
318	2997099846	5000.0	0.001	0.00185	0.0001	0.117120	0.9359454509098181,0.06248530293941212,0.00156876624675065,4.799040191961608e-07
321	1532833115	5000.0	0.001	0.00185	0.0001	1.865214	0.5270009198160368,0.44947090581883625,0.023440431913617277,8.774245150969807e-05
317	1141634372	5000.0	0.001	0.00185	0.0001	2.211393	0.5407944011197761,0.43043991201759646,0.028072865426914617,0.0006928214357128574
313	101174576	5000.0	0.001	0.00185	0.0001	0.315766	0.9395274945010997,0.05866002799440112,0.0018109178164367127,1.5596880623875224e-06
320	620760403	5000.0	0.001	0.00185	0.0001	2.488022	0.6526035192961408,0.33184427114577086,0.015531093781243751,2.1075784843031393e-05,3.9992001599680065e-08
329	193725820	5000.0	0.001	0.00185	0.0001	2.281440	0.08046874625074985,0.6017175364927014,0.31401835632873426,0.0037448510297940414,5.050989802039592e-05
330	3379023231	5000.0	0.001	0.00185	0.0001	2.433202	0.26760183963207357,0.5392823835232954,0.1873526894621076,0.005669346130773845,9.374125174965007e-05
331	1780258178	5000.0	0.001	0.00185	0.0001	2.624131	0.4130675464907019,0.5628860627874425,0.0240122775444911,3.4113177364527094e-05
323	2796959070	5000.0	0.001	0.00185	0.0001	0.044349	0.9697736852629474,0.029918016396720655,0.0003082983403319336
332	783129987	5000.0	0.001	0.00185	0.0001	4.734484	0.08287782443511298,0.5222447510497901,0.35215704859028196,0.0422374725054989,0.00048178364327134576,1.1197760447910417e-06
327	1495817588	5000.0	0.001	0.00185	0.0001	6.840410	0.04694513097380524,0.5406160767846431,0.34846886622675466,0.061022195560887824,0.0029385722855428914,9.158168366326734e-06
336	1106328978	5000.0	0.001	0.00185	0.0001	0.561415	0.5813149370125975,0.390524775044991,0.027583643271345732,0.0005765646870625875,7.998400319936013e-08
335	958721418	5000.0	0.001	0.00185	0.0001	6.140080	0.1084365926814637,0.5365640071985602,0.3282708658268346,0.026276304739052188,0.0004521895620875825,3.9992001599680065e-08
339	837492124	5000.0	0.001	0.00185	0.0001	0.990893	0.5090287542491502,0.45698164367126576,0.03345678864227154,0.0005326934613077384,1.199760047990402e-07
322	1232313694	5000.0	0.001	0.00185	0.0001	3.569925	0.22633189362127573,0.5335752449510098,0.2344771845630874,0.005445510897820436,0.00016708658268346332,3.079384123175365e-06
333	3620898180	5000.0	0.001	0.00185	0.0001	4.753275	0.1393240551889622,0.7459774445110978,0.11331393721255749,0.0013838432313537292,7.198560287942411e-07
326	899861869	5000.0	0.001	0.00185	0.0001	3.825810	0.11144563087382524,0.1685246150769846,0.47971897620475906,0.23436604679064188,0.005553489302139572,0.0003908018396320736,4.399120175964807e-07
334	3915613572	5000.0	0.001	0.00185	0.0001	2.233294	0.5502265546890622,0.44251985602879423,0.007247750449910018,5.838832233553289e-06
341	3120319908	5000.0	0.001	0.00185	0.0001	2.236692	0.4434761447710458,0.5168224355128974,0.03938944211157768,0.0003119376124775045,3.9992001599680065e-08
340	1614306720	5000.0	0.001	0.00185	0.0001	0.093647	0.010029154169166167,0.9285532093581284,0.06089814037192561,0.000519496100779844
338	3967137177	5000.0	0.001	0.00185	0.0001	3.780068	0.0675882823435313,0.7097613277344531,0.20646910617876424,0.016154689062187564,2.655468906218756e-05,3.9992001599680065e-08
342	1624403364	5000.0	0.001	0.00185	0.0001	3.096827	0.3837465706858628,0.5737578884223156,0.04123975204959008,0.001255628874225155,1.5996800639872026e-07
337	2206518676	5000.0	0.001	0.00185	0.0001	1.083879	0.0307250949810038,0.6788775044991002,0.28687958408318337,0.0035055388922215556,1.2277544491101779e-05
324	3992417635	5000.0	0.001	0.00185	0.0001	9.601383	0.055817916416716656,0.36795768846230753,0.45906082783443314,0.11441019796040792,0.0027526494701059787,7.198560287942411e-07
343	2954927531	5000.0	0.001	0.00185	0.0001	2.961173	0.034304859028194364,0.10198156368726255,0.5642228354329134,0.29256660667866424,0.006813837232553489,0.00011029794041191761
325	1113568619	5000.0	0.001	0.00185	0.0001	6.965694	0.067575124975005,0.2609598080383923,0.24962735452909418,0.3242379524095181,0.09377336532693462,0.0037317336532693463,9.466106778644271e-05
328	3423567227	5000.0	0.001	0.00185	0.0001	2.903410	0.5768323535292942,0.3844494701059788,0.03849366126774645,0.0002245150969806039
345	2265249205	5000.0	0.001	0.00185	0.0001	4.968611	0.17994285142971406,0.39976036792641473,0.3296966606678664,0.073125774845031,0.017120415916816636,0.00035352929414117176,3.9992001599680065e-07
346	1999558075	5000.0	0.001	0.00185	0.0001	0.491686	0.00044559088182363527,0.8110731053789242,0.176924375124975,0.011429834033193361,0.00012709458108378324
347	430011840	5000.0	0.001	0.00185	0.0001	2.601869	0.43873033393321337,0.5128120775844831,0.048204559088182365,0.00025302939412117574
350	3694783953	5000.0	0.001	0.00185	0.0001	1.552681	0.7265109378124375,0.24766690661867627,0.0255498100379924,0.00026022795440911817,1.2117576484703059e-05
349	1290472901	5000.0	0.001	0.00185	0.0001	1.713616	0.4600619876024795,0.48006898620275945,0.0540381123775245,0.0001837232553489302,0.00563995200959808,7.238552289542091e-06
351	3086239185	5000.0	0.001	0.00185	0.0001	3.578136	0.6009778444311138,0.38545658868226357,0.013540691861627674,2.4875024995001e-05
352	3045205472	5000.0	0.001	0.00185	0.0001	2.499706	0.24633437312537493,0.6830447110577884,0.06975900819836033,0.000861867626474705,3.9992001599680065e-08
344	4088999343	5000.0	0.001	0.00185	0.0001	2.831827	0.6770521895620876,0.3192765846830634,0.0035981603679264146,7.306538692261548e-05
358	3163334131	5000.0	0.001	0.00185	0.0001	3.330751	0.5123570885822836,0.46928078384323135,0.01829354129174165,6.858628274345132e-05
354	2678488551	5000.0	0.001	0.00185	0.0001	0.753662	0.454679424115177,0.5157894421115777,0.029489262147570486,4.1631673665266944e-05,2.399520095980804e-07
357	1472925169	5000.0	0.001	0.00185	0.0001	0.608243	0.6384050789842032,0.35713481303739253,0.004338532293541292,0.0001215756848630274
355	3709429226	5000.0	0.001	0.00185	0.0001	0.056860	0.9421852429514097,0.05752105578884223,0.00029294141171765645,7.598480303939212e-07
361	2152764925	5000.0	0.001	0.00185	0.0001	0.965764	0.5694419916016796,0.3832026394721056,0.04716552689462108,0.00018948210357928413,3.5992801439712056e-07
364	2081830412	5000.0	0.001	0.00185	0.0001	4.497020	0.04621147770445911,0.47921947610477905,0.43326610677864424,0.039595240951809635,0.0017057388522295541,1.959608078384323e-06
348	647925185	5000.0	0.001	0.00185	0.0001	1.536047	0.3881883623275345,0.5932211557688463,0.018411757648470306,0.0001787242551489702
367	2696328731	5000.0	0.001	0.00185	0.0001	2.070392	0.6243121375724855,0.36595940811837635,0.009649830033993202,7.8624275144971e-05
356	1481821674	5000.0	0.001	0.00185	0.0001	0.486422	0.9020764647070586,0.09531653669266146,0.0026,6.9986002799440115e-06
368	1585032740	5000.0	0.001	0.00185	0.0001	0.212351	0.7849965206958608,0.21066778644271145,0.004329214157168566,6.47870425914817e-06
369	702565926	5000.0	0.001	0.00185	0.0001	0.363446	0.9236293941211757,0.06910357928414317,0.007248670265946811,1.835632873425315e-05
362	2604576253	5000.0	0.001	0.00185	0.0001	1.183778	0.6437959608078384,0.3430115576884623,0.013105938812237553,8.654269146170766e-05
370	2901108270	5000.0	0.001	0.00185	0.0001	5.154904	0.2900850229954009,0.5776537092581484,0.1289870425914817,0.003139412117576485,0.0001348130373925215
366	3938829848	5000.0	0.001	0.00185	0.0001	2.768445	0.4546103579284143,0.45652737452509495,0.08038136372725455,0.00840759848030394,7.330533893221356e-05
353	357467617	5000.0	0.001	0.00185	0.0001	2.223381	0.5635625274945011,0.40876020795840834,0.026975804839032193,0.0007014197160567886,3.9992001599680065e-08
359	2004446713	5000.0	0.001	0.00185	0.0001	3.433157	0.022568966206758648,0.2603355728854229,0.6475240551889622,0.05889278144371126,0.01066642671465707,1.219756048790242e-05
372	3486733870	5000.0	0.001	0.00185	0.0001	2.426188	0.387801399720056,0.550817876424715,0.060939172165566886,0.0004411517696460708,3.9992001599680065e-07
373	808345136	5000.0	0.001	0.00185	0.0001	3.537185	0.23004603079384123,0.6163044191161767,0.15019276144771046,0.003362367526494701,9.442111577684464e-05
375	1785556538	5000.0	0.001	0.00185	0.0001	2.318801	0.33266658668266347,0.5773364927014597,0.07906846630673865,0.005692341531693661,0.005203879224155169,3.223355328934213e-05
374	2291709491	5000.0	0.001	0.00185	0.0001	0.837986	0.6829499300139972,0.30960787842431514,0.007439752049590082,2.439512097580484e-06
376	4095868475	5000.0	0.001	0.00185	0.0001	1.931285	0.7544527894421116,0.23816628674265147,0.007374285142971406,6.63867226554689e-06
365	125922830	5000.0	0.001	0.00185	0.0001	4.004468	0.38002195560887825,0.5685236152769446,0.04877008598280344,0.002683983203359328,3.5992801439712056e-07
360	3718917628	5000.0	0.001	0.00185	0.0001	2.137607	0.5959325734853029,0.382969926014797,0.020335572885422915,0.0007618476304739052,7.998400319936013e-08
363	1505402375	5000.0	0.001	0.00185	0.0001	0.314402	0.0026101979604079184,0.5676700659868026,0.40345250949810035,0.025965726854629074,0.0003008598280343931,6.39872025594881e-07
380	3316934216	5000.0	0.001	0.00185	0.0001	3.325802	0.38243287342531496,0.5738104379124175,0.04198844231153769,0.0017156568686262747,5.258948210357928e-05
379	443070024	5000.0	0.001	0.00185	0.0001	5.175281	0.19973429314137173,0.7002086782643472,0.0975516096780644,0.0025040591881623675,1.3597280543891223e-06
381	3064952395	5000.0	0.001	0.00185	0.0001	4.285298	0.06800963807238553,0.6305677664467106,0.2778259548090382,0.022898940211957607,0.0006976604679064187,3.9992001599680065e-08
382	3792928333	5000.0	0.001	0.00185	0.0001	5.576901	0.008937772445510897,0.09404631073785243,0.393747050589882,0.4428189562087583,0.058190721855628874,0.0022564287142571486,2.7594481103779245e-06
378	2512467523	5000.0	0.001	0.00185	0.0001	3.235505	0.08311481703659268,0.7353011397720456,0.1790389522095581,0.0025439712057588482,1.1197760447910417e-06
384	2011860566	5000.0	0.001	0.00185	0.0001	0.163388	0.9722841831633673,0.027108058388322337,0.0006077184563087382,3.9992001599680065e-08
385	3201707611	5000.0	0.001	0.00185	0.0001	4.013534	0.08445866826634674,0.27122143571285745,0.4754647070585883,0.15885602879424116,0.00933513297340532,0.0006275544891021795,3.647270545890822e-05
377	56016451	5000.0	0.001	0.00185	0.0001	2.790578	0.7973643671265747,0.1949750049990002,0.0076574685062987405,3.1593681263747252e-06
371	1612461615	5000.0	0.001	0.00185	0.0001	7.364953	0.022477824435112977,0.220150649870026,0.4946499900019996,0.25142995400919815,0.011264707058588282,2.6874625074985e-05
389	499037809	5000.0	0.001	0.00185	0.0001	2.808826	0.41136644671065786,0.5033744451109778,0.04334477104579084,0.02969742051589682,0.012167966406718656,4.89502099580084e-05
388	801314413	5000.0	0.001	0.00185	0.0001	2.620303	0.5294344331133773,0.44121723655268946,0.02929134173165367,5.666866626674665e-05,3.199360127974405e-07
391	645461622	5000.0	0.001	0.00185	0.0001	2.656566	0.47120259948010396,0.429428474305139,0.0945000199960008,0.004859708058388323,9.198160367926415e-06
392	229080696	5000.0	0.001	0.00185	0.0001	-0.280464	0.9379148970205958,0.05920443911217756,0.0028800239952009596,6.39872025594881e-07
393	1195091577	5000.0	0.001	0.00185	0.0001	1.887405	0.3634111977604479,0.625055348930214,0.011524615076984603,8.838232353529294e-06
396	3600395902	5000.0	0.001	0.00185	0.0001	1.472972	0.6274418716256749,0.2998647870425915,0.06988406318736252,0.0028019596080783842,7.318536292741451e-06
397	4166444670	5000.0	0.001	0.00185	0.0001	3.388514	0.2825974805038992,0.6508701859628074,0.06486182763447311,0.0016667866426714657,3.719256148770246e-06
390	3665405557	5000.0	0.001	0.00185	0.0001	0.097365	0.8616602679464107,0.11796856628674265,0.020288142371525694,8.302339532093581e-05
399	1557706369	5000.0	0.001	0.00185	0.0001	3.560095	0.5936788642271545,0.3869158168366327,0.01888482303539292,0.0005202159568086383,2.7994401119776043e-07
400	3437821570	5000.0	0.001	0.00185	0.0001	2.398952	0.4931396520695861,0.36646918616276747,0.1244375924815037,0.015530253949210157,0.0004233153369326135
387	2182661734	5000.0	0.001	0.00185	0.0001	2.671632	0.059364567086582685,0.5193998400319936,0.3899670865826835,0.031120375924815036,0.00014813037392521496
402	2082774657	5000.0	0.001	0.00185	0.0001	5.407776	0.12214113177364527,0.5393830833833233,0.3282262347530494,0.008973325334933013,0.0012759448110377925,2.7994401119776043e-07
403	565268102	5000.0	0.001	0.00185	0.0001	2.661550	0.16098424315136972,0.6233286142771446,0.2100971405718856,0.005557248550289942,3.2753449310137974e-05
383	46833235	5000.0	0.001	0.00185	0.0001	-0.176844	0.0028393521295740853,0.9359509298140372,0.06053865226954609,0.0006672265546890622,3.839232153569286e-06
386	2912067169	5000.0	0.001	0.00185	0.0001	3.138413	0.29145982803439313,0.6851853229354129,0.022855988802239553,0.0004988602279544091
406	633489040	5000.0	0.001	0.00185	0.0001	5.434209	0.073475024995001,0.16931737652469506,0.3694871825634873,0.37263059388122377,0.014976044791041792,0.00011377724455108978
408	1128787607	5000.0	0.001	0.00185	0.0001	0.759223	0.8519462907418516,0.1323615676864627,0.015437312537492502,0.00025450909818036394,3.199360127974405e-07
398	773525120	5000.0	0.001	0.00185	0.0001	9.125477	0.040404559088182364,0.3427030593881224,0.5250863827234553,0.08951005798840232,0.0022919416116776643,3.999200159968006e-06
407	540438162	5000.0	0.001	0.00185	0.0001	0.524119	0.5731221355728854,0.3965141771645671,0.030307178564287142,4.083183363327334e-05,1.5676864627074585e-05
401	2531524227	5000.0	0.001	0.00185	0.0001	5.446354	0.44575472905418917,0.4188551889622076,0.11176624675064988,0.02357652469506099,4.7310537892421514e-05
409	3371714207	5000.0	0.001	0.00185	0.0001	2.919221	0.1438621875624875,0.7359208558288343,0.1174113177364527,0.0028035992801439713,2.039592081583683e-06
405	1110746764	5000.0	0.001	0.00185	0.0001	-0.893554	0.7722061187762448,0.20102923415316937,0.02625894821035793,0.0003191361727654469,0.00018652269546090783,3.9992001599680065e-08
394	1107873402	5000.0	0.001	0.00185	0.0001	6.170627	0.22671985602879424,0.620671025794841,0.13200295940811838,0.02032381523695261,0.00028230353929214157,3.9992001599680065e-08
412	2302830252	5000.0	0.001	0.00185	0.0001	3.122310	0.5354343131373726,0.4459351729654069,0.0186123575284943,1.815636872625475e-05
404	3327581835	5000.0	0.001	0.00185	0.0001	2.014803	0.5484291141771646,0.4160617876424715,0.03435904819036193,0.0011500499900019996
411	3583766187	5000.0	0.001	0.00185	0.0001	1.726277	0.571169126174765,0.4035128574285143,0.024880343931213758,0.0004375124975004999,1.5996800639872026e-07
395	775984760	5000.0	0.001	0.00185	0.0001	0.223937	0.40889310137972407,0.5568090381923615,0.03378120375924815,0.000514617076584683,2.039592081583683e-06
413	1873116844	5000.0	0.001	0.00185	0.0001	0.430385	0.6784782643471305,0.30893313337332534,0.012576684663067387,1.1917616476704659e-05
414	4025339567	5000.0	0.001	0.00185	0.0001	4.875128	0.08765606878624276,0.17385094981003799,0.6558791441711658,0.08245338932213557,0.0001604479104179164
417	1683451580	5000.0	0.001	0.00185	0.0001	6.942697	0.05340175964807039,0.29298012397520495,0.5821909618076385,0.07056660667866427,0.0008600679864027194,4.799040191961608e-07
410	3384778407	5000.0	0.001	0.00185	0.0001	3.242560	0.5784229554089182,0.3964990201959608,0.023766126774645072,0.0013059388122375526,5.958808238352329e-06
420	2727104196	5000.0	0.001	0.00185	0.0001	7.251776	0.05079664067186563,0.18839504099180163,0.3688892221555689,0.3049744051189762,0.083525974805039,0.002657148570285943,0.0007615676864627074
416	166221499	5000.0	0.001	0.00185	0.0001	4.064672	0.2182141571685663,0.49018624275144973,0.24659236152769445,0.044207078584283147,0.0007989202159568086,1.2397520495900819e-06
415	1292220088	5000.0	0.001	0.00185	0.0001	4.262477	0.018979404119176164,0.6403775644871026,0.2715288942211558,0.06876020795840831,0.00035316936612677464,7.598480303939212e-07
423	3356839634	5000.0	0.001	0.00185	0.0001	0.153637	0.7843709658068386,0.2045997200559888,0.011023355328934214,5.958808238352329e-06
425	1921871573	5000.0	0.001	0.00185	0.0001	7.289943	0.05207986402719456,0.3649137772445511,0.48946906618676267,0.08708982203559289,0.006197720455908818,0.000249750049990002
422	3108976337	5000.0	0.001	0.00185	0.0001	1.432348	0.6863224155168967,0.2988476704659068,0.012507378524295142,0.0016687062587482503,0.0006522695460907819,1.5596880623875224e-06
419	2180710079	5000.0	0.001	0.00185	0.0001	4.543257	0.1284490701859628,0.5021083383323335,0.3367682463507298,0.030673505298940213,0.0019764447110577885,2.439512097580484e-05
418	670457534	5000.0	0.001	0.00185	0.0001	2.839409	0.2607436912617476,0.7039283343331334,0.03483223355328934,0.0004945810837832434,1.159768046390722e-06
421	2406416069	5000.0	0.001	0.00185	0.0001	1.032109	0.5499596080783843,0.4285470905818836,0.021277664467106577,0.0002154769046190762,1.5996800639872026e-07
428	2660007645	5000.0	0.001	0.00185	0.0001	1.531773	0.3795990801839632,0.5824640671865627,0.03581103779244151,0.002111137772445511,1.4677064587082583e-05
430	2791298787	5000.0	0.001	0.00185	0.0001	2.192113	0.5436619076184763,0.44947890421915615,0.006846910617876425,1.2277544491101779e-05
424	1772074707	5000.0	0.001	0.00185	0.0001	1.381199	0.19739352129574086,0.7536145970805839,0.04885094981003799,0.00014093181363727256
426	3178397399	5000.0	0.001	0.00185	0.0001	6.238437	0.060349090181963605,0.24285422915416915,0.41840779844031195,0.2719403719256149,0.006439272145570885,9.238152369526095e-06
432	3449593576	5000.0	0.001	0.00185	0.0001	-0.123202	0.9595155368926215,0.039360447910417914,0.0011239352129574086,7.998400319936013e-08
434	541877996	5000.0	0.001	0.00185	0.0001	2.910948	0.23781683663267347,0.7103996800639872,0.04750121975604879,0.004281503699260148,7.598480303939212e-07
436	1235670773	5000.0	0.001	0.00185	0.0001	1.478917	0.07099236152769446,0.7308343931213758,0.19537136572685462,0.0027831633673265346,1.871625674865027e-05
438	1729699576	5000.0	0.001	0.00185	0.0001	4.328484	0.07830329934013197,0.3262253549290142,0.5513324535092982,0.0439244951009798,0.00021435712857428515,3.9992001599680065e-08
433	3280064235	5000.0	0.001	0.00185	0.0001	0.450727	0.573284823035393,0.39385534893021396,0.0327752049590082,8.462307538492301e-05
437	2493777654	5000.0	0.001	0.00185	0.0001	1.861623	0.739218676264747,0.24514133173365327,0.015598320335932813,4.167166566686663e-05
429	3149977311	5000.0	0.001	0.00185	0.0001	5.433353	0.10211973605278944,0.1737508898220356,0.4120153569286143,0.30355920815836834,0.008534213157368527,2.059588082383523e-05
431	4054662883	5000.0	0.001	0.00185	0.0001	2.273351	0.2773329734053189,0.6793638872225555,0.0427123775244951,0.0005907218556288742,3.9992001599680065e-08
440	2094810882	5000.0	0.001	0.00185	0.0001	1.509840	0.36882999400119976,0.5650381123775245,0.0459497300539892,0.020096580683863226,8.558288342331533e-05
427	3779559128	5000.0	0.001	0.00185	0.0001	1.824802	0.697699900019996,0.2873901219756049,0.012070905818836233,0.002836512697460508,2.559488102379524e-06
441	1677324041	5000.0	0.001	0.00185	0.0001	1.414373	0.789084623075385,0.19646822635472905,0.014418556288742251,2.8594281143771245e-05
444	280168210	5000.0	0.001	0.00185	0.0001	5.355401	0.12691005798840232,0.5431314937012598,0.30176892621475704,0.028013757248550288,0.0001757248550289942,3.9992001599680065e-08
445	1113870107	5000.0	0.001	0.00185	0.0001	0.002740	0.0010700259948010398,0.9452321135772845,0.05198904219156169,0.0016999000199960008,8.918216356728655e-06
446	1019070242	5000.0	0.001	0.00185	0.0001	2.713255	0.30541679664067184,0.6664207958408318,0.028109658068386324,5.2749450109978e-05
447	3777728294	5000.0	0.001	0.00185	0.0001	1.204600	0.2808785042991402,0.6804825034993002,0.03829486102779444,0.0003440111977604479,1.199760047990402e-07
435	4080021234	5000.0	0.001	0.00185	0.0001	-0.095044	0.8587113777244552,0.14043995200959808,0.000848630273945211,3.9992001599680065e-08
450	434730803	5000.0	0.001	0.00185	0.0001	3.104229	0.33897568486302737,0.5424437512497501,0.11711765646870625,0.0014625874825034994,3.199360127974405e-07
439	1476663037	5000.0	0.001	0.00185	0.0001	2.661239	0.45911885622875426,0.49169270145970806,0.048958208358328335,0.00023023395320935814
451	3611713332	5000.0	0.001	0.00185	0.0001	7.457398	0.054119176164767045,0.4687383323335333,0.44096096780643873,0.03594625074985003,0.0002352729454109178
452	64151348	5000.0	0.001	0.00185	0.0001	-0.877635	0.8586339932013597,0.13946062787442512,0.001821115776844631,8.42631473705259e-05
453	1464340278	5000.0	0.001	0.00185	0.0001	1.648396	0.7252783843231354,0.26433025394921017,0.010310817836432713,8.054389122175565e-05
449	4022572847	5000.0	0.001	0.00185	0.0001	3.124907	0.463874425114977,0.5173879224155169,0.01839864027194561,0.0003390121975604879
454	2601260856	5000.0	0.001	0.00185	0.0001	1.196184	0.7661125774845031,0.2128267146570686,0.019510777844431115,0.001549010197960408,9.198160367926415e-07
442	3878678281	5000.0	0.001	0.00185	0.0001	3.269660	0.35684711057788443,0.45402299540091984,0.06418404319136173,0.10714653069386122,0.017599280143971205,0.00019992001599680064,1.199760047990402e-07
443	4216497937	5000.0	0.001	0.00185	0.0001	2.151068	0.48017888422315536,0.5060394721055789,0.01374001199760048,4.1631673665266944e-05
448	1699925805	5000.0	0.001	0.00185	0.0001	3.752482	0.2604798640271946,0.6630745050989802,0.07067142571485703,0.0022617076584683063,0.0034551089782043592,5.738852229554089e-05
459	608491326	5000.0	0.001	0.00185	0.0001	2.489471	0.39150353929214154,0.42778932213557286,0.15253281343731254,0.027850709858028393,0.00032209558088382325,1.5196960607878424e-06
457	2639912766	5000.0	0.001	0.00185	0.0001	1.735108	0.7233071385722856,0.26038952209558086,0.01628494301139772,1.839632073585283e-05
460	277555015	5000.0	0.001	0.00185	0.0001	2.751835	0.001014877024595081,0.39444159168166365,0.5297796440711857,0.06949202159568087,0.005270625874825035,1.2397520495900819e-06
463	4154898264	5000.0	0.001	0.00185	0.0001	5.020177	0.10356844631073785,0.4277637272545491,0.307551449710058,0.15712081583683263,0.003993281343731254,2.279544091181764e-06
464	3321608028	5000.0	0.001	0.00185	0.0001	3.855344	0.3167021395720856,0.5835689662067587,0.09811177764447111,0.0016169166166766647,1.9996000799840033e-07
466	1705928543	5000.0	0.001	0.00185	0.0001	1.048050	0.5719330133973205,0.4013778844231154,0.024717936412717457,0.0019672065586882623,3.959208158368327e-06
455	2602254136	5000.0	0.001	0.00185	0.0001	0.546871	0.5096707058588282,0.48111785642871424,0.009199320135972805,1.2117576484703059e-05
465	3903256413	5000.0	0.001	0.00185	0.0001	4.963679	0.451626874625075,0.5111272945410917,0.03439604079184163,0.0028433113377324534,6.47870425914817e-06
461	2586769233	5000.0	0.001	0.00185	0.0001	2.608375	0.5126826634673065,0.4670505898820236,0.020189122175564886,7.7624475104979e-05
469	2060183401	5000.0	0.001	0.00185	0.0001	1.861294	0.28260991801639673,0.6910670665866827,0.025544051189762048,0.0007735652869426115,5.398920215956809e-06
467	892524387	5000.0	0.001	0.00185	0.0001	1.494245	0.4430347130573885,0.5297444511097781,0.027084343131373725,0.00013649270145970805
471	1311686516	5000.0	0.001	0.00185	0.0001	1.845483	0.6651254149170166,0.3294841831633673,0.0053832033593281346,7.198560287942412e-06
462	1308612437	5000.0	0.001	0.00185	0.0001	3.724122	0.095574525094981,0.42621759648070384,0.45285742851429717,0.02384375124975005,0.0014923015396920616,1.4397120575884824e-05
468	2078795619	5000.0	0.001	0.00185	0.0001	3.479850	0.3072730653869226,0.41566858628274345,0.2676855428914217,0.00936116776644671,1.16376724655069e-05
456	21511993	5000.0	0.001	0.00185	0.0001	3.305381	0.36491665666866624,0.5368676664667067,0.09206658668266347,0.0061155768846230755,3.351329734053189e-05
458	3655634751	5000.0	0.001	0.00185	0.0001	1.106113	0.8338411917616476,0.16104503099380124,0.005113417316536693,3.5992801439712056e-07
476	851257217	5000.0	0.001	0.00185	0.0001	0.629761	0.39796576684663065,0.48199396120775845,0.11909870025994801,0.0009294141171765647,1.215756848630274e-05
473	1270675323	5000.0	0.001	0.00185	0.0001	-0.292230	0.011243711257748451,0.8670271945610878,0.10222283543291341,0.014680543891221755,0.004824675064987002,1.0397920415916818e-06
472	719878007	5000.0	0.001	0.00185	0.0001	2.855892	0.7127784843031394,0.26372093581283745,0.023401999600079985,9.858028394321136e-05
477	629075846	5000.0	0.001	0.00185	0.0001	2.799300	0.40514033193361326,0.5560311137772446,0.03849638072385523,0.00033213357328534294,3.9992001599680065e-08
470	1751666542	5000.0	0.001	0.00185	0.0001	1.148008	0.03126746650669866,0.7411095780843832,0.22356100779844032,0.003983003399320136,7.894421115776844e-05
479	3048529820	5000.0	0.001	0.00185	0.0001	0.524597	0.0015750449910017996,0.5890335932813437,0.3340181163767246,0.07400351929614077,0.001368886222755449,8.398320335932813e-07
478	3913678729	5000.0	0.001	0.00185	0.0001	0.476144	0.36943179364127177,0.5745887222555489,0.05584615076984603,0.00013329334133173364,3.9992001599680065e-08
474	1345353598	5000.0	0.001	0.00185	0.0001	2.981772	0.3579644071185763,0.5909402519496101,0.04846934613077385,0.002625514897020596,4.799040191961608e-07
475	2568251264	5000.0	0.001	0.00185	0.0001	1.419406	0.7791557688462307,0.21506454709058187,0.005762327534493101,1.735652869426115e-05
484	222734258	5000.0	0.001	0.00185	0.0001	1.880664	0.563929174165167,0.4139654069186163,0.01812269546090782,0.003980403919216157,2.319536092781444e-06
482	2742316971	5000.0	0.001	0.00185	0.0001	4.945316	0.08023511297740452,0.46742791441711656,0.4046743451309738,0.046921775644871024,0.0007408118376324735,3.9992001599680065e-08
483	3875741612	5000.0	0.001	0.00185	0.0001	3.033373	0.4718141571685663,0.4979624875024995,0.02945374925014997,0.0007677264547090582,1.879624075184963e-06
485	883402676	5000.0	0.001	0.00185	0.0001	0.202150	0.3102088782243551,0.6724706658668267,0.01676152769446111,0.0005589282143571286
486	4036511669	5000.0	0.001	0.00185	0.0001	0.806330	0.5852341931613677,0.37317288542291543,0.04111037792441512,0.00048250349930014,3.9992001599680065e-08
487	1415370688	5000.0	0.001	0.00185	0.0001	4.726186	0.4145991201759648,0.5556410717856429,0.02889626074785043,0.0008635472905418916
480	552329119	5000.0	0.001	0.00185	0.0001	2.452801	0.3192368326334733,0.5719792441511697,0.10502151569686063,0.003683103379324135,7.930413917216557e-05
491	3692060623	5000.0	0.001	0.00185	0.0001	1.898187	0.023403119376124774,0.2350487902419516,0.5950703859228155,0.12902023595280943,0.017304179164167165,0.0001532893421315737
494	3340529627	5000.0	0.001	0.00185	0.0001	0.271356	0.9415531693661268,0.05822939412117577,0.00021743651269746052
481	17418149	5000.0	0.001	0.00185	0.0001	1.551544	0.5563908418316337,0.41915756848630276,0.02436140771845631,9.014197160567886e-05,3.9992001599680065e-08
490	280225738	5000.0	0.001	0.00185	0.0001	1.314559	0.7056562687462508,0.287847150569886,0.006494821035792841,1.7596480703859228e-06
489	1411594181	5000.0	0.001	0.00185	0.0001	-0.031659	0.9092888622275545,0.08985046990601879,0.0008606678664267146
488	940033988	5000.0	0.001	0.00185	0.0001	0.241082	0.9174107978404319,0.08205170965806839,0.0005368526294741052,6.39872025594881e-07
496	1543303152	5000.0	0.001	0.00185	0.0001	4.919262	0.35654857028594283,0.6098447110577885,0.032643271345730855,0.0009607278544291141,2.7194561087782445e-06
495	946264038	5000.0	0.001	0.00185	0.0001	0.031009	0.9661046190761847,0.03364507098580284,0.0002503099380123975
492	760471503	5000.0	0.001	0.00185	0.0001	2.715194	0.04183107378524295,0.07938016396720655,0.7215883223355329,0.1437991601679664,0.013386562687462508,1.4717056588682264e-05
493	682973141	5000.0	0.001	0.00185	0.0001	2.842027	0.7014343931213757,0.29039800039992003,0.0073415716856628675,0.0007517696460707859,7.426514697060587e-05
497	2826573811	5000.0	0.001	0.00185	0.0001	2.106981	0.5870707858428315,0.40582175564887024,0.007085782843431314,2.1675664867026596e-05
498	3253987317	5000.0	0.001	0.00185	0.0001	4.904143	0.26955700859828036,0.6509282543491302,0.07883919216156769,0.0006721455708858229,3.3993201359728056e-06
499	1750890486	5000.0	0.001	0.00185	0.0001	4.588556	0.3714390321935613,0.4597123775244951,0.16424551089782044,0.004596720655868827,6.35872825434913e-06
