sim_id	seed	popsize	selcoef	sigma	mutrate	velocity	profile
13	2092089394	5000.0	0.001	0.00055	0.0001	-0.167269	0.8641292541491702,0.11983515296940613,0.01597732453509298,5.010997800439912e-05,8.158368326334732e-06
16	3425402953	5000.0	0.001	0.00055	0.0001	-0.419149	0.9240003599280144,0.07457184563087382,0.001418876224755049,8.918216356728655e-06
4	2591940618	5000.0	0.001	0.00055	0.0001	-0.075510	0.9090687462507498,0.08981063787242552,0.001119376124775045,1.2397520495900819e-06
0	1531308032	5000.0	0.001	0.00055	0.0001	-0.090479	0.9579335332933413,0.04178252349530094,0.0002838632273545291,7.998400319936013e-08
11	3563837481	5000.0	0.001	0.00055	0.0001	2.334570	0.514320975804839,0.42873421315736854,0.055479824035192964,0.0014648270345930814,1.5996800639872026e-07
7	2719918110	5000.0	0.001	0.00055	0.0001	1.483690	0.2550646270745851,0.6294449910017996,0.11327918416316736,0.00220999800039992,1.199760047990402e-06
14	2178351168	5000.0	0.001	0.00055	0.0001	0.028119	0.9268093981203759,0.07058144371125775,0.002594121175764847,1.5036992601479703e-05
12	3182041128	5000.0	0.001	0.00055	0.0001	0.267441	0.9357013797240552,0.06377196560687863,0.0005264547090581883,1.9996000799840033e-07
6	1769885718	5000.0	0.001	0.00055	0.0001	0.136194	0.9582849830033994,0.039635232953409316,0.002075024995001,4.759048190361927e-06
1	1239171074	5000.0	0.001	0.00055	0.0001	-0.618548	0.8255957208558289,0.16863435312937414,0.005690861827634473,7.906418716256748e-05
17	3598288976	5000.0	0.001	0.00055	0.0001	0.374697	0.9200594281143771,0.07009098180363928,0.009844351129774045,5.238952209558089e-06
18	491649110	5000.0	0.001	0.00055	0.0001	0.971203	0.4926152369526095,0.48765550889822035,0.01925854829034193,0.0004635472905418916,7.1585682863427314e-06
15	3815620678	5000.0	0.001	0.00055	0.0001	2.480878	0.33564291141771646,0.6065587282543491,0.057119336132773445,0.0006788642271545691,1.5996800639872026e-07
3	2851807240	5000.0	0.001	0.00055	0.0001	1.020139	0.5909933213357329,0.30613481303739254,0.09905750849830033,0.0038134373125374927,9.198160367926415e-07
19	1226416216	5000.0	0.001	0.00055	0.0001	1.075378	0.45709454109178166,0.49089194161167765,0.050502899420115974,0.00150997800439912,6.39872025594881e-07
10	1752993833	5000.0	0.001	0.00055	0.0001	-0.214539	0.9320899820035993,0.06754189162167566,0.000368126374725055
8	2849660965	5000.0	0.001	0.00055	0.0001	-0.074109	0.8913164967006598,0.09939452109578084,0.009285942811437712,3.039392121575685e-06
9	3872503848	5000.0	0.001	0.00055	0.0001	0.008439	0.9192355928814238,0.07866666666666666,0.0020969406118776244,7.998400319936013e-07
2	2633652230	5000.0	0.001	0.00055	0.0001	-0.252869	0.8844649870025995,0.10926690661867626,0.006260787842431514,7.318536292741451e-06
5	129169419	5000.0	0.001	0.00055	0.0001	-0.675188	0.5801000599880024,0.3631492901419716,0.05170653869226155,0.005003399320135973,4.0631873625274944e-05,7.998400319936013e-08
21	2716344417	5000.0	0.001	0.00055	0.0001	0.078808	0.9548227954409119,0.04485470905818836,0.00032249550089982006
24	3981613162	5000.0	0.001	0.00055	0.0001	-0.481144	0.8860448310337933,0.11176660667866427,0.002187762447510498,7.998400319936013e-07
23	3135985765	5000.0	0.001	0.00055	0.0001	0.235259	0.9181685662867427,0.07886734653069385,0.0029522895420915816,1.1797640471905619e-05
20	1337383000	5000.0	0.001	0.00055	0.0001	-0.065066	0.9347750449910018,0.06057444511097781,0.0046463907218556285,4.119176164767047e-06
25	250531954	5000.0	0.001	0.00055	0.0001	0.131440	0.9297208158368326,0.06911809638072386,0.0011608478304339133,2.399520095980804e-07
27	156254341	5000.0	0.001	0.00055	0.0001	-0.261964	0.8376651069786043,0.14643287342531494,0.015483383323335332,0.0004186362727454509
26	2482913400	5000.0	0.001	0.00055	0.0001	1.163810	0.3063630073985203,0.639322375524895,0.053542131573685266,0.0007720855828834233,3.9992001599680065e-07
28	553431174	5000.0	0.001	0.00055	0.0001	-0.721167	0.8699154969006199,0.11166862627474505,0.01840123975204959,1.4637072585482903e-05
32	543711375	5000.0	0.001	0.00055	0.0001	-0.007312	0.9586959808038392,0.03909898020395921,0.002191721655668866,1.3317336532693461e-05
30	1393156237	5000.0	0.001	0.00055	0.0001	-0.332163	0.8789695660867827,0.11827022595480904,0.0027554089182163567,4.799040191961608e-06
31	1940623501	5000.0	0.001	0.00055	0.0001	0.663488	0.8225099380123975,0.175348650269946,0.0021374525094981006,3.959208158368327e-06
22	149416037	5000.0	0.001	0.00055	0.0001	0.031183	0.9392594681063787,0.058854629074185164,0.0018858228354329135,7.998400319936013e-08
34	4206270623	5000.0	0.001	0.00055	0.0001	-0.669051	0.8975547290541892,0.09084255148970206,0.011417796440711857,0.00018492301539692061
35	992563366	5000.0	0.001	0.00055	0.0001	-0.743976	0.7948638672265547,0.18563607278544292,0.01945618876224755,4.387122575484903e-05
36	2028687529	5000.0	0.001	0.00055	0.0001	-0.173275	0.861149050189962,0.10168510297940411,0.036569806038792244,0.000596000799840032,3.9992001599680065e-08
33	3161960606	5000.0	0.001	0.00055	0.0001	-0.339200	0.7172741851629674,0.22902063587282542,0.05330929814037193,0.0003958008398320336,7.998400319936013e-08
29	299116683	5000.0	0.001	0.00055	0.0001	-0.035696	0.011614837032593481,0.9160737852429514,0.0718748650269946,0.0004365126974605079
37	977049780	5000.0	0.001	0.00055	0.0001	0.108405	0.8014429514097181,0.1970264347130574,0.0015237752449510098,6.838632273545291e-06
38	3812481206	5000.0	0.001	0.00055	0.0001	-0.061191	0.47051853629274143,0.4694645470905819,0.046998560287942415,0.012739812037592481,0.00027854429114177164
42	673493205	5000.0	0.001	0.00055	0.0001	0.308318	0.8653882023595281,0.12583063387322535,0.00874749050189962,3.367326534693061e-05
41	2133438676	5000.0	0.001	0.00055	0.0001	0.126479	0.7421968806238752,0.05588854229154169,0.19742291541691662,0.004486582683463307,5.078984203159368e-06
39	4055158971	5000.0	0.001	0.00055	0.0001	0.087533	0.9263354929014197,0.06400935812837433,0.009328374325134973,0.00032665466906618674,1.199760047990402e-07
46	2659246329	5000.0	0.001	0.00055	0.0001	-0.075578	0.9405698460307939,0.054044671065786844,0.005369926014797041,1.5556888622275544e-05
43	4097468628	5000.0	0.001	0.00055	0.0001	1.640146	0.7167570885822836,0.269823075384923,0.013311897620475905,0.00010793841231753649
45	1364148464	5000.0	0.001	0.00055	0.0001	-1.036863	0.8273627674465107,0.16549970005998801,0.007130653869226154,6.878624275144971e-06
44	472547551	5000.0	0.001	0.00055	0.0001	3.504893	0.26952033593281344,0.5098610277944411,0.19611577684463108,0.024334653069386123,0.00016788642271545692,3.199360127974405e-07
40	2901608653	5000.0	0.001	0.00055	0.0001	0.124701	0.9464052789442111,0.03966386722655469,0.013755768846230754,0.00017508498300339932
48	1216327948	5000.0	0.001	0.00055	0.0001	-1.275610	0.6219484903019397,0.3473952809438112,0.030066946610677863,0.0005884423115376925,8.398320335932813e-07
49	1598945549	5000.0	0.001	0.00055	0.0001	-0.456159	0.8779983603279344,0.08926442711457709,0.03264191161767647,9.53009398120376e-05
47	1333864711	5000.0	0.001	0.00055	0.0001	-0.063906	0.8126020395920815,0.18330405918816237,0.004084783043391322,9.118176364727055e-06
54	1069652274	5000.0	0.001	0.00055	0.0001	-0.063397	0.9147814837032594,0.08467066586682663,0.0005478504299140172
53	4154458414	5000.0	0.001	0.00055	0.0001	0.134472	0.9241170965806839,0.07033077384523095,0.0055480903819236154,4.039192161567687e-06
52	1723400491	5000.0	0.001	0.00055	0.0001	0.531784	0.6289331333733253,0.35754297140571883,0.013488222355528894,3.567286542691462e-05
51	3539644714	5000.0	0.001	0.00055	0.0001	-0.117474	0.8311448910217957,0.1645632473505299,0.004275304939012198,1.6556688662267547e-05
50	2567039246	5000.0	0.001	0.00055	0.0001	0.080177	0.7864619076184763,0.20276808638272345,0.010736052789442112,3.395320935812837e-05
55	1966758200	5000.0	0.001	0.00055	0.0001	1.333301	0.6369867226554689,0.3455780043991202,0.017336132773445312,9.858028394321136e-05,5.598880223955209e-07
58	1898068294	5000.0	0.001	0.00055	0.0001	0.356995	0.7716123175364927,0.2211377324535093,0.007140251949610078,0.00010969806038792241
56	679442756	5000.0	0.001	0.00055	0.0001	-0.263976	0.9340119576084783,0.06252841431713657,0.0034563887222555487,3.239352129574085e-06
60	3519656267	5000.0	0.001	0.00055	0.0001	0.904954	0.8409035792841432,0.1575734453109378,0.0015227754449110178,1.9996000799840033e-07
64	3541352788	5000.0	0.001	0.00055	0.0001	-0.003052	0.7691169366126774,0.22636440711857628,0.004514257148570286,4.399120175964807e-06
63	3188994387	5000.0	0.001	0.00055	0.0001	-0.100650	0.9251947210557888,0.07300987802439513,0.0017904019196160767,4.999000199960008e-06
62	1364164943	5000.0	0.001	0.00055	0.0001	-1.249103	0.6891486102779444,0.2808337532493501,0.018924535092981403,0.011060667866426715,3.243351329734053e-05
65	3504978261	5000.0	0.001	0.00055	0.0001	0.194816	0.14209382123575284,0.8001120575884823,0.052986562687462505,0.00480123975204959,6.3187362527494505e-06
67	2053228890	5000.0	0.001	0.00055	0.0001	-0.509101	0.8378261547690462,0.15898008398320335,0.003193241351729654,5.198960207958409e-07
69	3736492386	5000.0	0.001	0.00055	0.0001	-0.011805	0.909051949610078,0.08891749650069986,0.0020274345130973804,3.119376124775045e-06
59	1324392775	5000.0	0.001	0.00055	0.0001	-0.045963	0.8813244151169766,0.11714913017396521,0.0015259348130373925,5.198960207958409e-07
71	2070626666	5000.0	0.001	0.00055	0.0001	-0.072615	0.861973125374925,0.1311996400719856,0.006745090981803639,8.214357128574285e-05
68	3006437726	5000.0	0.001	0.00055	0.0001	-0.061458	0.947526974605079,0.05185366926614677,0.0006187562487502499,5.99880023995201e-07
70	2563062119	5000.0	0.001	0.00055	0.0001	-0.053782	0.9393863227354529,0.05930321935612878,0.0013098980203959207,5.598880223955209e-07
72	1153767788	5000.0	0.001	0.00055	0.0001	-0.367540	0.9047364527094581,0.0923247350529894,0.002936892621475705,1.919616076784643e-06
57	2395134277	5000.0	0.001	0.00055	0.0001	-0.910593	0.8554946210757849,0.11661199760047991,0.02708854229154169,0.0008036792641471706,1.159768046390722e-06
66	4220338517	5000.0	0.001	0.00055	0.0001	-0.241454	0.932044151169766,0.06674173165366927,0.0012130773845230953,1.0397920415916818e-06
61	902156623	5000.0	0.001	0.00055	0.0001	-0.040175	0.9426462707458508,0.056475784843031396,0.0008565486902619476,2.1395720855828833e-05
73	1569139055	5000.0	0.001	0.00055	0.0001	-0.016279	0.9066200359928014,0.08541603679264147,0.007937052589482104,2.6874625074985e-05
74	618963320	5000.0	0.001	0.00055	0.0001	-0.697403	0.9187638072385523,0.07770869826034793,0.0035176564687062588,9.838032393521296e-06
75	99699070	5000.0	0.001	0.00055	0.0001	2.049039	0.6318456708658269,0.33195488902219555,0.0351246950609878,0.001074625074985003,1.199760047990402e-07
76	2133170559	5000.0	0.001	0.00055	0.0001	-0.405062	0.9139573285342931,0.08535200959808038,0.000690501899620076,1.5996800639872026e-07
81	3498041743	5000.0	0.001	0.00055	0.0001	-0.458330	0.8913379324135173,0.10564863027394521,0.003010597880423915,2.8394321135772845e-06
82	2569922959	5000.0	0.001	0.00055	0.0001	-0.277221	0.8734096780643871,0.12078488302339532,0.005798040391921616,7.398520295940812e-06
77	459737471	5000.0	0.001	0.00055	0.0001	1.496732	0.4497370525894821,0.5185128574285143,0.03170741851629674,4.267146570685863e-05
85	4004544930	5000.0	0.001	0.00055	0.0001	0.895414	0.8717624475104979,0.09914853029394122,0.024774405118976203,0.004311857628474305,2.7594481103779245e-06
78	1741881731	5000.0	0.001	0.00055	0.0001	-0.562220	0.9127294141171766,0.06432341531693661,0.022717616476704658,0.00022955408918216356
79	2288163211	5000.0	0.001	0.00055	0.0001	0.027926	0.9779116176764647,0.02192645470905819,0.00016136772645470907,5.598880223955209e-07
80	4003395980	5000.0	0.001	0.00055	0.0001	2.081381	0.576354849030194,0.3903365326934613,0.032925454909018194,0.00038308338332333536,7.998400319936013e-08
84	3244374419	5000.0	0.001	0.00055	0.0001	-0.212809	0.9545605678864227,0.044200599880024,0.0012387522495500899,7.998400319936013e-08
86	3115061668	5000.0	0.001	0.00055	0.0001	0.355998	0.9247906818636272,0.07489742051589682,0.0003118976204759048
87	2514854308	5000.0	0.001	0.00055	0.0001	0.141961	0.9475812437512497,0.05138316336732653,0.0010351929614077185,3.9992001599680065e-07
89	234750375	5000.0	0.001	0.00055	0.0001	0.246643	0.897308698260348,0.09314733053389322,0.006926694661067786,0.0025898420315936814,2.7434513097380524e-05
88	515934628	5000.0	0.001	0.00055	0.0001	-0.239921	0.8459090581883624,0.15297200559888022,0.0011186562687462507,2.7994401119776043e-07
83	2767135121	5000.0	0.001	0.00055	0.0001	0.768914	0.8780775444911018,0.10827162567486502,0.01310373925214957,0.0005470105978804239,7.998400319936013e-08
91	1224665520	5000.0	0.001	0.00055	0.0001	0.317489	0.9011568486302739,0.0787012197560488,0.01995608878224355,0.0001857228554289142,1.199760047990402e-07
90	2783912368	5000.0	0.001	0.00055	0.0001	-1.100564	0.6676435112977405,0.3276524295140972,0.0046987802439512096,5.278944211157768e-06
92	3380246962	5000.0	0.001	0.00055	0.0001	0.293904	0.9173374925014997,0.08208514297140572,0.0005771645670865827,1.9996000799840033e-07
95	760244673	5000.0	0.001	0.00055	0.0001	-0.260034	0.24409114177164568,0.7298979404119176,0.025315696860627873,0.0006951809638072385,3.9992001599680065e-08
96	2052108738	5000.0	0.001	0.00055	0.0001	-0.514898	0.8523040191961607,0.13993029394121176,0.007754529094181164,1.1157768446310738e-05
93	1757022650	5000.0	0.001	0.00055	0.0001	-0.010430	0.9787749650069986,0.020577084583083383,0.0006479104179164167,3.9992001599680065e-08
98	3698008520	5000.0	0.001	0.00055	0.0001	-0.579787	0.6447121375724855,0.3419398920215957,0.01297996400719856,0.00036800639872025596
101	3863534061	5000.0	0.001	0.00055	0.0001	0.273257	0.9329395720855829,0.06551501699660069,0.001463627274545091,8.178364327134574e-05
97	517511624	5000.0	0.001	0.00055	0.0001	-0.364377	0.6209299340131974,0.3548625474905019,0.024128494301139773,7.902419516096781e-05
99	2037664202	5000.0	0.001	0.00055	0.0001	0.192339	0.9399398920215957,0.05062403519296141,0.009334853029394121,0.00010121975604879025
106	2970175997	5000.0	0.001	0.00055	0.0001	-0.105742	0.9295453309338132,0.06984123175364927,0.0006123575284943012,1.0797840431913617e-06
103	1976977906	5000.0	0.001	0.00055	0.0001	0.133268	0.7411129774045191,0.24864391121775645,0.01001747650469906,0.00022523495300939811,3.9992001599680065e-07
105	930431477	5000.0	0.001	0.00055	0.0001	0.474529	0.48656604679064186,0.48763115376924615,0.025779444111177763,2.3355328934213156e-05
104	65716723	5000.0	0.001	0.00055	0.0001	1.133354	0.7259450909818036,0.2620374725054989,0.01187630473905219,0.00014113177364527093
108	1804411397	5000.0	0.001	0.00055	0.0001	-0.288345	0.9351601279744051,0.059504379124175166,0.005319136172765447,1.6356728654269145e-05
107	1048130051	5000.0	0.001	0.00055	0.0001	0.093159	0.9389126174765047,0.058075264947010596,0.0030100379924015196,2.0795840831833635e-06
102	3936467438	5000.0	0.001	0.00055	0.0001	-0.167635	0.8235124975004999,0.16039656068786243,0.013218276344731054,0.002867986402719456,4.679064187162567e-06
109	861047305	5000.0	0.001	0.00055	0.0001	-0.110821	0.9480838632273545,0.05142363527294541,0.0004924615076984603,3.9992001599680065e-08
100	3312550359	5000.0	0.001	0.00055	0.0001	0.159647	0.9423628074385123,0.05663859228154369,0.0009985602879424116,3.9992001599680065e-08
94	2771667386	5000.0	0.001	0.00055	0.0001	-0.010205	0.9623254549090182,0.037084303139372124,0.000590241951609678
110	1118306837	5000.0	0.001	0.00055	0.0001	0.062419	0.4676239152169566,0.4026455108978204,0.12265346930613877,0.006990321935612878,8.638272345530894e-05,3.9992001599680065e-07
114	2133938720	5000.0	0.001	0.00055	0.0001	-0.226446	0.8084375924815037,0.1774894621075785,0.014051869626074786,2.1075784843031393e-05
113	225716766	5000.0	0.001	0.00055	0.0001	0.606574	0.8280640271945611,0.16834505098980204,0.003583403319336133,7.518496300739852e-06
116	3359935014	5000.0	0.001	0.00055	0.0001	0.082413	0.8781268946210757,0.12044763047390522,0.0014251549690061987,3.199360127974405e-07
118	562496051	5000.0	0.001	0.00055	0.0001	0.082579	0.9753651669666067,0.02416884623075385,0.00046586682663467304,1.199760047990402e-07
119	1836294708	5000.0	0.001	0.00055	0.0001	-0.026742	0.8565925214957009,0.1363394521095781,0.0070649470105978805,3.079384123175365e-06
111	2127821334	5000.0	0.001	0.00055	0.0001	-1.060931	0.522646550689862,0.4410107978404319,0.036174325134973005,0.0001683263347330534
122	146588217	5000.0	0.001	0.00055	0.0001	1.114774	0.7476411917616477,0.23945386922615478,0.012397800439912017,0.0005070985802839432,3.9992001599680065e-08
112	4194710044	5000.0	0.001	0.00055	0.0001	0.191690	0.7536952209558089,0.2311125374925015,0.015116736652669466,7.550489902019596e-05
121	4128125495	5000.0	0.001	0.00055	0.0001	0.246347	0.9266769446110777,0.0713122975404919,0.0020099580083983203,7.998400319936013e-07
123	4244822587	5000.0	0.001	0.00055	0.0001	-0.317044	0.6053462107578484,0.37955988802239554,0.01501999600079984,7.390521895620876e-05
126	340738626	5000.0	0.001	0.00055	0.0001	0.015084	0.9354951809638072,0.053987322535492904,0.010483183363327335,3.431313737252549e-05
124	2139425342	5000.0	0.001	0.00055	0.0001	0.576274	0.6723765646870626,0.13109038192361527,0.18012977404519095,0.016365446910617875,3.77124575084983e-05,1.199760047990402e-07
127	1162879554	5000.0	0.001	0.00055	0.0001	-0.264189	0.8534601879624075,0.1275880423915217,0.018236912617476505,0.0007148570285942812
128	1471617604	5000.0	0.001	0.00055	0.0001	0.574633	0.7995147370525895,0.1950605078984203,0.005423235352929414,1.5196960607878424e-06
117	4250675762	5000.0	0.001	0.00055	0.0001	-0.017111	0.0009436112777444512,0.9242368326334733,0.07404035192961407,0.0007790841831633674,1.199760047990402e-07
115	3786824228	5000.0	0.001	0.00055	0.0001	0.071652	0.9246937812437512,0.0735119776044791,0.0017794841031793642,1.4757048590281944e-05
125	3399387711	5000.0	0.001	0.00055	0.0001	-0.111435	0.8080871425714857,0.18770645870825836,0.004152289542091582,5.410917816436713e-05
120	2363150900	5000.0	0.001	0.00055	0.0001	0.099034	0.8750574685062987,0.10547898420315936,0.01902879424115177,0.000434753049390122
132	2300619345	5000.0	0.001	0.00055	0.0001	0.211865	0.8200049190161968,0.17714585082983403,0.0028460707858428314,3.1593681263747252e-06
131	752843343	5000.0	0.001	0.00055	0.0001	-0.179634	0.9293238152369526,0.06952941411717656,0.0011014197160567887,4.535092981403719e-05
130	2375268940	5000.0	0.001	0.00055	0.0001	-0.092339	0.9175056988602279,0.08141539692061588,0.0010777844431113777,1.1197760447910417e-06
129	3131744844	5000.0	0.001	0.00055	0.0001	0.195558	0.8309766046790642,0.1554226354729054,0.01355364927014597,4.7110577884423116e-05
134	1126464088	5000.0	0.001	0.00055	0.0001	0.598830	0.7288587882423515,0.25543991201759647,0.015572805438912218,0.00012849430113977205
133	4283034196	5000.0	0.001	0.00055	0.0001	2.101981	0.5800451909618076,0.4055640871825635,0.014361407718456308,2.9314137172565486e-05
135	2087215705	5000.0	0.001	0.00055	0.0001	-0.262868	0.8698416316736652,0.12269054189162168,0.007344251149770046,0.00012353529294141172,3.9992001599680065e-08
137	908821089	5000.0	0.001	0.00055	0.0001	-0.296426	0.9370057588482303,0.06192385522895421,0.0010651869626074784,5.198960207958408e-06
139	3964924518	5000.0	0.001	0.00055	0.0001	0.049183	0.8796397520495901,0.11926462707458509,0.0010951809638072385,4.399120175964807e-07
141	1052805743	5000.0	0.001	0.00055	0.0001	-0.172039	0.8826357928414317,0.09326638672265547,0.002156968606278744,0.021844151169766048,9.67006598680264e-05
140	2879212139	5000.0	0.001	0.00055	0.0001	-0.337142	0.8492651869626074,0.14395588882223556,0.0067674065186962605,1.1517696460707858e-05
142	709159539	5000.0	0.001	0.00055	0.0001	3.895861	0.22412753449310138,0.2895603279344131,0.20501371725654868,0.2358145570885823,0.04478684263147371,0.0006965806838632274,4.399120175964807e-07
144	3481492093	5000.0	0.001	0.00055	0.0001	-0.348794	0.877314177164567,0.12203327334533093,0.0006525494901019796
143	1890323059	5000.0	0.001	0.00055	0.0001	0.843631	0.8125149370125975,0.175600399920016,0.011872065586882623,1.259748050389922e-05
145	1940454014	5000.0	0.001	0.00055	0.0001	0.474029	0.9007428114377125,0.08619408118376325,0.011854429114177164,0.001208118376324735,5.598880223955209e-07
147	2801470080	5000.0	0.001	0.00055	0.0001	0.047441	0.5404096780643871,0.446251349730054,0.012997080583883224,0.0003356528694261148,6.23875224955009e-06
148	1471646337	5000.0	0.001	0.00055	0.0001	-0.970324	0.5248321135772845,0.45322103579284145,0.021909498100379923,3.7272545490901816e-05,7.998400319936013e-08
149	3115045507	5000.0	0.001	0.00055	0.0001	0.532076	0.9169882423515296,0.08020735852829435,0.002802159568086383,2.2395520895820834e-06
138	4128889443	5000.0	0.001	0.00055	0.0001	0.180622	0.8486769846030794,0.1455988402319536,0.005164127174565087,0.0005598880223955209,1.5996800639872026e-07
136	199184989	5000.0	0.001	0.00055	0.0001	-0.039486	0.9166063587282544,0.07775960807838432,0.0017239752049590083,0.0038899020195960806,2.0155968806238754e-05
153	3044682381	5000.0	0.001	0.00055	0.0001	-0.501884	0.9375142971405719,0.044179564087182564,0.0002315136972605479,0.017810717856428713,0.00026390721855628875
150	1071579779	5000.0	0.001	0.00055	0.0001	-0.072961	0.9158179564087182,0.08162327534493101,0.002557608478304339,1.159768046390722e-06
156	1837642389	5000.0	0.001	0.00055	0.0001	0.088859	0.8703427314537092,0.11668938212357528,0.012844391121775645,0.0001231753649270146,3.199360127974405e-07
155	1502972565	5000.0	0.001	0.00055	0.0001	0.207261	0.8727460907818436,0.12604391121775646,0.00120999800039992
154	3771093652	5000.0	0.001	0.00055	0.0001	-0.319043	0.8318473905218956,0.14737888422315537,0.015489382123575285,0.00523499300139972,4.93501299740052e-05
160	3976204954	5000.0	0.001	0.00055	0.0001	0.291996	0.9000345130973805,0.09842839432113577,0.0015334533093381323,3.639272145570886e-06
157	4188416660	5000.0	0.001	0.00055	0.0001	0.848658	0.4746119976004799,0.4607350929814037,0.06371877624475104,0.0009339732053589283,1.5996800639872026e-07
161	1404553883	5000.0	0.001	0.00055	0.0001	-0.136610	0.9510899420115977,0.04848894221155769,0.00042111577684463106
151	534971013	5000.0	0.001	0.00055	0.0001	1.215741	0.5851995600879824,0.3549483703259348,0.05791381723655269,0.0019358528294341132,2.399520095980804e-06
152	2932155016	5000.0	0.001	0.00055	0.0001	-0.095910	0.6448633073385323,0.3489546890621876,0.006177884423115377,4.119176164767047e-06
159	3318280854	5000.0	0.001	0.00055	0.0001	0.242651	0.8561386922615477,0.1290771845630874,0.01470129974005199,8.274345130973805e-05,7.998400319936013e-08
162	1638570644	5000.0	0.001	0.00055	0.0001	0.875207	0.6532750649870026,0.34020923815236953,0.006410197960407918,0.000105498900219956
146	3783307902	5000.0	0.001	0.00055	0.0001	-0.368373	0.845229474105179,0.12593309338132375,0.02542899420115977,0.003406478704259148,1.959608078384323e-06
158	3440581272	5000.0	0.001	0.00055	0.0001	-0.084347	0.8888607878424315,0.09718404319136173,0.013789482103579285,0.0001656868626274745
164	1408989864	5000.0	0.001	0.00055	0.0001	-0.916005	0.6939568886222756,0.30110769846030794,0.004901019796040792,3.435312937412518e-05,3.9992001599680065e-08
163	2846198423	5000.0	0.001	0.00055	0.0001	-1.421423	0.7852484703059388,0.19525802839432113,0.015895660867826435,0.0035942811437712457,3.5592881423715255e-06
170	5474993	5000.0	0.001	0.00055	0.0001	1.524338	0.3633963607278544,0.5971168966206759,0.038179204159168166,0.0013072985402919415,2.399520095980804e-07
169	2360296114	5000.0	0.001	0.00055	0.0001	-0.571047	0.9243231353729254,0.037387122575484905,0.038168046390721855,0.00012169566086782644
171	874824369	5000.0	0.001	0.00055	0.0001	-0.405712	0.9127164967006599,0.08579232153569286,0.0014883023395320936,2.8794241151769645e-06
172	3115938484	5000.0	0.001	0.00055	0.0001	0.772617	0.7358277944411118,0.2484383523295341,0.014858908218356328,0.0008747850429914018,1.5996800639872026e-07
174	4027755197	5000.0	0.001	0.00055	0.0001	-0.019106	0.6225102579484103,0.3303272945410918,0.04640503899220156,0.0007570885822835433,3.199360127974405e-07
175	4274051773	5000.0	0.001	0.00055	0.0001	0.712982	0.8626493101379724,0.1284373925214957,0.008905978804239153,7.318536292741451e-06
176	2286305989	5000.0	0.001	0.00055	0.0001	0.056150	0.9438467906418716,0.05480131973605279,0.0013513297340531894,5.598880223955209e-07
180	757177040	5000.0	0.001	0.00055	0.0001	-0.016733	0.8972895420915817,0.09723447310537893,0.005368606278744251,0.0001073385322935413,3.9992001599680065e-08
165	1906743979	5000.0	0.001	0.00055	0.0001	-0.137222	0.9241753649270146,0.07367878424315137,0.002144451109778044,1.3997200559888023e-06
166	937953964	5000.0	0.001	0.00055	0.0001	0.397428	0.9060399520095981,0.09178052389522096,0.0021669266146770645,1.259748050389922e-05
184	729164525	5000.0	0.001	0.00055	0.0001	0.025517	0.9056614277144571,0.09276472705458909,0.001569126174765047,4.719056188762248e-06
182	615355114	5000.0	0.001	0.00055	0.0001	1.667318	0.6252303139372125,0.3627154569086183,0.011375404919016197,0.0006434713057388523,3.535292941411718e-05
177	1727206088	5000.0	0.001	0.00055	0.0001	-0.849924	0.5540829034193161,0.41580843831233755,0.03001159768046391,9.706058788242351e-05
173	3968279225	5000.0	0.001	0.00055	0.0001	2.234084	0.5430089182163568,0.4423396120775845,0.014189842031593682,0.00042779444111177764,3.3833233353329335e-05
183	2469868269	5000.0	0.001	0.00055	0.0001	0.319519	0.8852649470105979,0.11254725054989002,0.0021835632873425316,4.239152169566087e-06
167	2639547053	5000.0	0.001	0.00055	0.0001	0.934720	0.7465984803039392,0.2385488102379524,0.01214497100579884,0.0026938212357528494,1.3917216556688662e-05
187	2460818181	5000.0	0.001	0.00055	0.0001	0.280710	0.8928317136572685,0.10523571285742851,0.0019319736052789442,5.99880023995201e-07
186	1990927091	5000.0	0.001	0.00055	0.0001	-0.038528	0.8403158168366327,0.1587641271745651,0.0009194561087782444,5.99880023995201e-07
188	474379020	5000.0	0.001	0.00055	0.0001	-0.889626	0.4168384323135373,0.5564802639472105,0.026500859828034393,0.00018024395120975806,1.9996000799840033e-07
189	571204375	5000.0	0.001	0.00055	0.0001	0.090529	0.916753449310138,0.06933825234953009,0.013474585082983404,0.0004334733053389322,2.399520095980804e-07
178	45030090	5000.0	0.001	0.00055	0.0001	0.084785	0.9554498300339932,0.042614157168566286,0.0018923015396920615,4.371125774845031e-05
179	2094672588	5000.0	0.001	0.00055	0.0001	0.320396	0.48726810637872425,0.4781504899020196,0.03427362527494501,0.0003077784443111378
185	3387630320	5000.0	0.001	0.00055	0.0001	1.041877	0.6880625474905019,0.3047835232953409,0.007146930613877224,6.9986002799440115e-06
191	2532102942	5000.0	0.001	0.00055	0.0001	-0.459466	0.8743024195160968,0.10761779644071186,0.018031753649270146,4.8030393921215755e-05
168	2969141937	5000.0	0.001	0.00055	0.0001	-0.302919	0.9222042791441711,0.07574713057388523,0.002047270545890822,1.319736052789442e-06
190	4256359198	5000.0	0.001	0.00055	0.0001	0.342206	0.8436817036592682,0.15234409118176365,0.003967926414717057,6.27874425114977e-06
193	3658617637	5000.0	0.001	0.00055	0.0001	0.031449	0.636665226954609,0.3121392521495701,0.05099368126374725,0.00020183963207358527
194	2204740390	5000.0	0.001	0.00055	0.0001	2.414104	0.2896913817236553,0.6641702459508099,0.043792041591681666,0.002346130773845231,1.9996000799840033e-07
197	1630708539	5000.0	0.001	0.00055	0.0001	-0.195591	0.9076081183763247,0.09130193961207758,0.001089262147570486,6.798640271945611e-07
199	2315998013	5000.0	0.001	0.00055	0.0001	0.241544	0.8525264547090582,0.1445127774445111,0.0029604479104179166,3.199360127974405e-07
195	4059030317	5000.0	0.001	0.00055	0.0001	2.432725	0.5043588882223555,0.4769816036792641,0.01837108578284343,0.0002882223555288942,1.9996000799840033e-07
181	1845514963	5000.0	0.001	0.00055	0.0001	0.080839	0.9361549690061988,0.060584603079384125,0.0032441111777644473,1.6316736652669465e-05
201	542686018	5000.0	0.001	0.00055	0.0001	-0.412750	0.782770125974805,0.21399240151969606,0.003210397920415917,2.7074585082983403e-05
202	4292768582	5000.0	0.001	0.00055	0.0001	0.438069	0.7822803839232153,0.21258784243151368,0.005128174365126975,3.599280143971206e-06
192	1077660452	5000.0	0.001	0.00055	0.0001	-0.115239	0.9337768846230754,0.06596832633473305,0.0002543091381723655,4.799040191961608e-07
204	3826991944	5000.0	0.001	0.00055	0.0001	0.079029	0.945299700059988,0.05411085782843431,0.0005890821835632874,3.5992801439712056e-07
203	1102465864	5000.0	0.001	0.00055	0.0001	-0.271404	0.9036121975604879,0.09547646470705859,0.0009112577484503099,7.998400319936013e-08
208	2439316313	5000.0	0.001	0.00055	0.0001	1.493076	0.5863654869026195,0.3994731453709258,0.014082783443311337,7.858428314337133e-05
198	1281442618	5000.0	0.001	0.00055	0.0001	0.424956	0.9158769846030794,0.07989754049190162,0.004170205958808238,5.518896220755849e-05,7.998400319936013e-08
211	3937456987	5000.0	0.001	0.00055	0.0001	0.453576	0.8744032793441312,0.11913585282943412,0.006444871025794841,1.5996800639872025e-05
210	296334171	5000.0	0.001	0.00055	0.0001	0.038569	0.944350449910018,0.05346938612277544,0.002178484303139372,1.6796640671865626e-06
212	1330396000	5000.0	0.001	0.00055	0.0001	-0.002437	0.9462293141371726,0.052139132173565285,0.0016309938012397521,5.598880223955209e-07
196	2163784506	5000.0	0.001	0.00055	0.0001	1.333559	0.6255928014397121,0.35248282343531295,0.02180283943211358,0.00012153569286142772
215	2458020729	5000.0	0.001	0.00055	0.0001	0.090806	0.9207936812637473,0.0633263347330534,0.01584763047390522,3.235352929414117e-05
214	2646618999	5000.0	0.001	0.00055	0.0001	-0.241676	0.8692717456508698,0.12926662667466507,0.0014613077384523095,3.199360127974405e-07
209	567606107	5000.0	0.001	0.00055	0.0001	1.383821	0.7952404319136173,0.2005643671265747,0.004123655268946211,7.154569086182763e-05
200	818862911	5000.0	0.001	0.00055	0.0001	0.363559	0.8900093981203759,0.10501859628074385,0.004796640671865627,0.00017536492701459707
217	445586301	5000.0	0.001	0.00055	0.0001	-0.720960	0.7855085782843432,0.20313161367726454,0.01133129374125175,2.8514297140571885e-05
218	367836029	5000.0	0.001	0.00055	0.0001	-0.102725	0.9533364127174565,0.04645738852229554,0.00020619876024795042
219	3053716351	5000.0	0.001	0.00055	0.0001	0.446052	0.9031018196360728,0.09643095380923815,0.00046490701859628074,2.319536092781444e-06
205	369855304	5000.0	0.001	0.00055	0.0001	0.485008	0.6894307538492301,0.29734637072585485,0.0128373925214957,0.0003854829034193161
220	3647701885	5000.0	0.001	0.00055	0.0001	-0.582123	0.8533556888622276,0.13971561687662468,0.00607126574685063,0.000820875824835033,3.6552689462107576e-05
207	2772788045	5000.0	0.001	0.00055	0.0001	-0.420567	0.9160808238352329,0.07965470905818836,0.004263387322535493,1.0797840431913617e-06
221	2069132168	5000.0	0.001	0.00055	0.0001	1.519126	0.6480396720655869,0.33564615076984605,0.01595092981403719,0.00036324735052989404
206	3011138379	5000.0	0.001	0.00055	0.0001	0.694042	0.8549950409918017,0.14269182163567287,0.0022580683863227353,5.5068986202759446e-05
222	3429751695	5000.0	0.001	0.00055	0.0001	0.204281	0.7991645670865827,0.19876744651069786,0.0020662267546490702,1.7596480703859228e-06
213	1737624431	5000.0	0.001	0.00055	0.0001	-0.549803	0.7940381123775245,0.1939486102779444,0.01140503899220156,0.0006082383523295341
223	397190032	5000.0	0.001	0.00055	0.0001	0.003704	0.9694976604679064,0.030360847830433912,0.00014013197360527893,1.3597280543891223e-06
216	4024652668	5000.0	0.001	0.00055	0.0001	-0.123587	0.9640866226754649,0.03464435112977404,0.0012690261947610477
227	2012064676	5000.0	0.001	0.00055	0.0001	-0.058106	0.9318556688662267,0.06660763847230554,0.0015366126774645072,7.998400319936013e-08
228	3271232423	5000.0	0.001	0.00055	0.0001	-0.372736	0.9035396920615877,0.09463647270545891,0.0018214357128574284,2.399520095980804e-06
229	3335820200	5000.0	0.001	0.00055	0.0001	0.667023	0.8246507098580284,0.16542959408118377,0.00989266146770646,2.7034593081383723e-05
233	2548773832	5000.0	0.001	0.00055	0.0001	-0.153695	0.9134740651869626,0.08570453909218156,0.0008212357528494301,1.5996800639872026e-07
232	772555713	5000.0	0.001	0.00055	0.0001	0.319595	0.9114706258748251,0.08285842831433714,0.00498376324735053,0.0006243151369726055,6.286742651469706e-05
234	2807059402	5000.0	0.001	0.00055	0.0001	-0.006411	0.9512161167766446,0.04858588282343531,0.000198000399920016
236	256648154	5000.0	0.001	0.00055	0.0001	0.764321	0.6431464107178564,0.33549626074785044,0.020516896620675865,0.0008336732653469306,6.758648270345931e-06
226	2420261780	5000.0	0.001	0.00055	0.0001	-0.252223	0.9270351529694061,0.07234205158968206,0.0006227154569086183,7.998400319936013e-08
238	1587051488	5000.0	0.001	0.00055	0.0001	-0.090261	0.7591365726854629,0.23478268346330733,0.0044669466106778645,0.0016133173365326934,4.799040191961608e-07
241	2592476144	5000.0	0.001	0.00055	0.0001	0.500492	0.9082128774245151,0.08365686862627475,0.007993401319736053,0.0001368526294741052
240	1951890414	5000.0	0.001	0.00055	0.0001	0.118234	0.8972984203159368,0.09882987402519496,0.0037570885822835434,0.00011461707658468306
225	2606007187	5000.0	0.001	0.00055	0.0001	-0.107784	0.9455272545490901,0.05062383523295341,0.003847670465906819,1.2397520495900819e-06
224	2668745618	5000.0	0.001	0.00055	0.0001	-0.020063	0.9355122975404919,0.05839680063987202,0.0060824235152969405,8.478304339132174e-06
242	3132063742	5000.0	0.001	0.00055	0.0001	-0.143264	0.9604373525294941,0.03936504699060188,0.0001976004799040192
244	3217703929	5000.0	0.001	0.00055	0.0001	-0.461947	0.8600354729054189,0.1393399720055989,0.00062375524895021,7.998400319936013e-07
245	928302075	5000.0	0.001	0.00055	0.0001	0.206412	0.9023587282543492,0.08299060187962408,0.014627914417116576,2.2755448910217956e-05
246	3835476990	5000.0	0.001	0.00055	0.0001	0.046528	0.9651662067586483,0.03465838832233553,0.00017540491901619676
231	3637097392	5000.0	0.001	0.00055	0.0001	-0.283291	0.907551049790042,0.09088330333933213,0.0015646870625874824,9.598080383923216e-07
230	2085059497	5000.0	0.001	0.00055	0.0001	-0.275645	0.8756878224355129,0.12267906418716257,0.0016297140571885623,3.3993201359728056e-06
247	910554114	5000.0	0.001	0.00055	0.0001	-0.297089	0.44940751849630073,0.5103249350129974,0.03941467706458708,0.0008526694661067786,1.9996000799840033e-07
248	4065109006	5000.0	0.001	0.00055	0.0001	-0.037482	0.9610194361127774,0.03808258348330334,0.0008976604679064187,3.199360127974405e-07
250	2922181658	5000.0	0.001	0.00055	0.0001	0.120778	0.9435527694461108,0.0556628274345131,0.0007795640871825635,4.839032193561288e-06
249	3907259418	5000.0	0.001	0.00055	0.0001	0.036210	0.9676395120975805,0.03199728054389122,0.00036320735852829434
235	4258796491	5000.0	0.001	0.00055	0.0001	0.182028	0.8220587082583484,0.17120743851229753,0.006701539692061588,3.231353729254149e-05
253	4111135800	5000.0	0.001	0.00055	0.0001	-0.023605	0.9292540291941611,0.07029594081183763,0.0004499900019996001,3.9992001599680065e-08
237	4212233184	5000.0	0.001	0.00055	0.0001	-0.208814	0.9444851829634073,0.055134773045390925,0.00038004399120175966
239	3689407461	5000.0	0.001	0.00055	0.0001	-1.033217	0.7748127574485103,0.15972857428514298,0.0617880023995201,0.0036671865626874624,3.4793041391721655e-06
254	3115762749	5000.0	0.001	0.00055	0.0001	0.182656	0.9340568686262748,0.06418424315136972,0.00175876824635073,1.199760047990402e-07
255	1269537855	5000.0	0.001	0.00055	0.0001	-1.732781	0.6465079384123176,0.29664523095380924,0.050224395120975804,0.006618276344731054,4.159168166366727e-06
256	1910049855	5000.0	0.001	0.00055	0.0001	0.032840	0.9174871025794841,0.08104775044991001,0.0014649470105978805,1.9996000799840033e-07
252	3627760689	5000.0	0.001	0.00055	0.0001	0.004197	0.9554068786242751,0.04433105378924215,0.00026206758648270344
257	1312595009	5000.0	0.001	0.00055	0.0001	0.268882	0.855233273345331,0.14280839832033593,0.0019582883423315336,3.9992001599680065e-08
243	46861303	5000.0	0.001	0.00055	0.0001	-0.265909	0.9263608878224355,0.06262843431313737,0.01060627874425115,0.00040411917616476706,2.7994401119776043e-07
259	3356574805	5000.0	0.001	0.00055	0.0001	-0.005814	0.9430668666266747,0.053051869626074784,0.0038803039392121576,9.598080383923216e-07
260	3476110425	5000.0	0.001	0.00055	0.0001	0.074947	0.9540433513297341,0.0453128574285143,0.0006436712657468506,1.199760047990402e-07
251	1601100837	5000.0	0.001	0.00055	0.0001	0.146005	0.8578757848430314,0.13359464107178565,0.008506178764247151,2.3395320935812836e-05
258	1991130182	5000.0	0.001	0.00055	0.0001	0.138501	0.9283308938212358,0.07023435312937412,0.0014341931613677265,5.598880223955209e-07
263	272452708	5000.0	0.001	0.00055	0.0001	-0.179058	0.9406099580083983,0.05809382123575285,0.0012960607878424316,1.5996800639872026e-07
265	1095574632	5000.0	0.001	0.00055	0.0001	-0.173192	0.9043514897020596,0.09211029794041192,0.003534333133373325,3.879224155168966e-06
266	2888813672	5000.0	0.001	0.00055	0.0001	-0.122906	0.8985026594681064,0.10050433913217356,0.0009924015196960609,5.99880023995201e-07
268	707929201	5000.0	0.001	0.00055	0.0001	-0.155698	0.9476408718256348,0.05169766046790642,0.0006614677064587083
271	3832087677	5000.0	0.001	0.00055	0.0001	-0.141045	0.9454853829234153,0.05045882823435313,0.004054029194161168,1.7596480703859228e-06
264	90192999	5000.0	0.001	0.00055	0.0001	0.131240	0.8890740651869626,0.10233065386922616,0.008576724655068986,1.855628874225155e-05
272	4062151806	5000.0	0.001	0.00055	0.0001	0.142975	0.8119150569886023,0.18587250549890022,0.0022081583683263347,4.2791441711657665e-06
273	1011897473	5000.0	0.001	0.00055	0.0001	-0.417938	0.9119666466706658,0.08726870625874825,0.0007646070785842831,3.9992001599680065e-08
275	2514306181	5000.0	0.001	0.00055	0.0001	-0.134721	0.946680023995201,0.0521244951009798,0.0011658468306338732,2.9634073185362926e-05
274	2202027140	5000.0	0.001	0.00055	0.0001	-1.066612	0.4859417716456709,0.4273416916616677,0.08565722855428914,0.0010592281543691262,7.998400319936013e-08
261	4282352733	5000.0	0.001	0.00055	0.0001	0.867205	0.35601703659268147,0.6110429514097181,0.03290193961207758,3.807238552289542e-05
277	219751580	5000.0	0.001	0.00055	0.0001	-0.395008	0.9299934413117377,0.06896608678264347,0.0010403519296140772,1.199760047990402e-07
278	3463306403	5000.0	0.001	0.00055	0.0001	1.689540	0.5896170365926815,0.3961515296940612,0.014135492901419716,9.594081183763247e-05
280	602043566	5000.0	0.001	0.00055	0.0001	-0.084901	0.9257010597880424,0.07395856828634273,0.00034017196560687864,1.9996000799840033e-07
262	1572492382	5000.0	0.001	0.00055	0.0001	0.146055	0.5809647270545891,0.3927252149570086,0.02608150369926015,0.00022315536892621475,5.398920215956809e-06
269	2699967607	5000.0	0.001	0.00055	0.0001	-0.298902	0.9325154969006199,0.06606754649070186,0.0014164767046590681,4.799040191961608e-07
279	4073864361	5000.0	0.001	0.00055	0.0001	-0.176748	0.9615971605678865,0.03144231153769246,0.004557368526294741,0.00228250349930014,0.00012065586882623475
281	2968065199	5000.0	0.001	0.00055	0.0001	-0.603463	0.9202314737052589,0.0643135372925415,0.01544759048190362,7.398520295940812e-06
267	1825199210	5000.0	0.001	0.00055	0.0001	-0.293500	0.8701524895020996,0.12498012397520496,0.004852989402119576,1.4397120575884824e-05
282	866501810	5000.0	0.001	0.00055	0.0001	0.289834	0.9129798840231954,0.08315648870225954,0.003861507698460308,2.1195760847830435e-06
283	386260158	5000.0	0.001	0.00055	0.0001	0.314128	0.857948650269946,0.1204116776644671,0.021580723855228953,5.8948210357928415e-05
284	1766223040	5000.0	0.001	0.00055	0.0001	-0.807313	0.8357720055988802,0.15978280343931214,0.004444191161767646,9.998000399920016e-07
285	2575137987	5000.0	0.001	0.00055	0.0001	0.270014	0.8870885022995401,0.10789826034793042,0.0049908018396320735,2.2315536892621475e-05,1.199760047990402e-07
276	970038415	5000.0	0.001	0.00055	0.0001	-0.228187	0.9033234153169366,0.09376820635872825,0.0028575084983003397,5.086982603479304e-05
287	563354825	5000.0	0.001	0.00055	0.0001	0.509968	0.8582840231953609,0.13338440311937613,0.008082783443311337,0.00024719056188762247,1.5996800639872026e-06
288	2781658315	5000.0	0.001	0.00055	0.0001	1.561494	0.4288588282343531,0.5199412117576485,0.041250309938012396,0.00993249350129974,1.7156568686262747e-05
289	1121389775	5000.0	0.001	0.00055	0.0001	0.323257	0.8714018796240752,0.12797776444711056,0.0006202359528094381,1.199760047990402e-07
290	1189801168	5000.0	0.001	0.00055	0.0001	0.151614	0.9646459508098381,0.035175444911017796,0.00017860427914417117
270	87551098	5000.0	0.001	0.00055	0.0001	0.229519	0.928304299140172,0.07104335132973405,0.0006523495300939812
293	383675607	5000.0	0.001	0.00055	0.0001	-0.337830	0.8076773045390921,0.18055520895820837,0.011651949610077985,0.0001155368926214757
292	1026475222	5000.0	0.001	0.00055	0.0001	0.101704	0.8480294741051789,0.1473765646870626,0.004549250149970006,4.471105778844231e-05
298	1523952882	5000.0	0.001	0.00055	0.0001	0.021218	0.9697614477104579,0.029668506298740252,0.0005674465106978604,2.599480103979204e-06
301	2264399091	5000.0	0.001	0.00055	0.0001	-0.326495	0.9181078184363127,0.08154941011797641,0.00034277144571085783
294	1496579296	5000.0	0.001	0.00055	0.0001	2.441104	0.3027425314937013,0.6370802639472105,0.05769198160367926,0.0024839432113577284,1.279744051189762e-06
302	2376381683	5000.0	0.001	0.00055	0.0001	-0.387933	0.8776662267546491,0.12151753649270146,0.0008161567686462707,7.998400319936013e-08
295	2199182560	5000.0	0.001	0.00055	0.0001	-0.081700	0.9182601879624075,0.07957016596680663,0.00214001199760048,2.9634073185362926e-05
303	519898365	5000.0	0.001	0.00055	0.0001	1.204122	0.6698693861227755,0.32380663867226556,0.006176764647070586,0.00014697060587882423,2.399520095980804e-07
291	3761691858	5000.0	0.001	0.00055	0.0001	-0.507170	0.8819595280943812,0.11608886222755449,0.0019421315736852629,9.478104379124176e-06
305	1931420925	5000.0	0.001	0.00055	0.0001	0.101425	0.8882961407718456,0.10446550689862028,0.007220115976804639,1.823635272945411e-05
307	847582484	5000.0	0.001	0.00055	0.0001	0.160402	0.9520347930413917,0.043770525894821034,0.004169326134773045,2.535492901419716e-05
306	2737159430	5000.0	0.001	0.00055	0.0001	-0.460949	0.8705490901819636,0.12605470905818836,0.0033335332933413318,6.266746650669866e-05
286	1919050949	5000.0	0.001	0.00055	0.0001	0.041563	0.9631184563087383,0.03677840431913617,0.00010313937212557489
311	616072476	5000.0	0.001	0.00055	0.0001	-0.111051	0.9542033593281344,0.045085462907418515,0.0007084583083383323,2.7194561087782445e-06
310	1432145173	5000.0	0.001	0.00055	0.0001	0.086972	0.9721375324935013,0.027582803439312138,0.00027954409118176364,1.199760047990402e-07
308	3687148820	5000.0	0.001	0.00055	0.0001	-1.343211	0.6002539892021596,0.38109222155568884,0.01770125974805039,0.0009524895020995801,3.9992001599680065e-08
300	285891826	5000.0	0.001	0.00055	0.0001	-0.031554	0.9535088182363527,0.04585542891421716,0.0006344331133773246,1.319736052789442e-06
304	3246800126	5000.0	0.001	0.00055	0.0001	-0.478470	0.848040351929614,0.14979140171965608,0.0021660467906418714,2.1995600879824035e-06
297	2556515564	5000.0	0.001	0.00055	0.0001	1.162400	0.6717437312537492,0.32267322535492904,0.005567166566686663,1.5876824635072987e-05
312	632470823	5000.0	0.001	0.00055	0.0001	0.856313	0.7618728654269146,0.21059088182363528,0.02737644471105779,0.00015980803839232155
296	1392551139	5000.0	0.001	0.00055	0.0001	0.679394	0.8626827834433113,0.13625734853029395,0.001059388122375525,4.799040191961608e-07
313	1000443178	5000.0	0.001	0.00055	0.0001	0.249876	0.18033965206958608,0.6927243351329734,0.12549542091581684,0.0014403919216156769,1.9996000799840033e-07
299	337710323	5000.0	0.001	0.00055	0.0001	0.340759	0.8984142771445711,0.0912003599280144,0.010344731053789242,4.0631873625274944e-05
314	2666401069	5000.0	0.001	0.00055	0.0001	-0.353962	0.8668165566886623,0.12179252149570086,0.011095340931813637,0.0002949010197960408,6.798640271945611e-07
317	3708910896	5000.0	0.001	0.00055	0.0001	2.032971	0.5669906418716256,0.41023999200159966,0.02274369126174765,2.5674865026994603e-05
320	1688395069	5000.0	0.001	0.00055	0.0001	0.111369	0.880373925214957,0.1184871025794841,0.0011384523095380923,5.198960207958409e-07
321	3052516669	5000.0	0.001	0.00055	0.0001	0.646593	0.8855218956208758,0.10279864027194562,0.011639352129574084,4.01119776044791e-05
319	4157398330	5000.0	0.001	0.00055	0.0001	-1.550734	0.5864373125374925,0.38825674865026993,0.02398628274345131,0.0013194161167766447,2.399520095980804e-07
315	836388142	5000.0	0.001	0.00055	0.0001	-0.532777	0.8379093381323736,0.14514657068586284,0.016892941411717658,5.11497700459908e-05
309	4211690774	5000.0	0.001	0.00055	0.0001	0.199693	0.9547270945810837,0.045025314937012596,0.00024751049790041994,7.998400319936013e-08
324	4114654551	5000.0	0.001	0.00055	0.0001	-0.149247	0.11390797840431914,0.3390359528094381,0.49271681663667266,0.05320135972805439,0.0011376124775044991,2.7994401119776043e-07
322	3030695231	5000.0	0.001	0.00055	0.0001	0.541664	0.8866951809638073,0.1127252949410118,0.0005792441511697661,2.7994401119776043e-07
316	2964370733	5000.0	0.001	0.00055	0.0001	0.102274	0.8976680263947211,0.10110137972405518,0.0005606078784243151,0.0006699060187962408,7.998400319936013e-08
326	349879648	5000.0	0.001	0.00055	0.0001	0.030047	0.9749526094781044,0.024669026194761048,0.0003783643271345731
323	697539913	5000.0	0.001	0.00055	0.0001	0.144379	0.9139654469106179,0.0837004599080184,0.0023302139572085583,3.879224155168966e-06
329	131120483	5000.0	0.001	0.00055	0.0001	-0.312960	0.9239385322935413,0.06188390321935613,0.014097220555888822,8.034393121375725e-05
331	1801088367	5000.0	0.001	0.00055	0.0001	0.133877	0.9479846830633873,0.05167650469906019,0.00033881223755248953
318	2442204473	5000.0	0.001	0.00055	0.0001	-0.111169	0.8899680063987202,0.10939744051189762,0.0006333133373325335,1.2397520495900819e-06
334	1964936581	5000.0	0.001	0.00055	0.0001	-0.034845	0.9421087382523495,0.05699936012797441,0.0008919016196760648
327	895206753	5000.0	0.001	0.00055	0.0001	-1.235383	0.7721226554689062,0.2245617676464707,0.003313857228554289,1.7196560687862428e-06
335	3953401223	5000.0	0.001	0.00055	0.0001	0.589960	0.7940444711057788,0.1916865826834633,0.014103979204159168,0.0001504099180163967,1.4557088582283544e-05
336	2680384905	5000.0	0.001	0.00055	0.0001	0.160342	0.9090803439312137,0.08735672865426915,0.0035492101579684063,1.3717256548690262e-05
325	3300494684	5000.0	0.001	0.00055	0.0001	0.751841	0.5648895020995801,0.42671805638872223,0.008234633073385324,0.00015780843831233752
337	938317195	5000.0	0.001	0.00055	0.0001	1.380232	0.749028474305139,0.24475508898220355,0.0062132773445310934,3.1593681263747252e-06
328	2956346722	5000.0	0.001	0.00055	0.0001	0.080051	0.9242687462507498,0.07554461107778444,0.00018664267146570687
330	2535810414	5000.0	0.001	0.00055	0.0001	0.210211	0.9297909218156368,0.06998160367926415,0.00022747450509898022
333	4071048573	5000.0	0.001	0.00055	0.0001	0.167837	0.8859461707658468,0.11362639472105579,0.0004272745450909818,1.5996800639872026e-07
340	1168246158	5000.0	0.001	0.00055	0.0001	-0.426102	0.894096900619876,0.09920235952809438,0.006697820435912817,2.9194161167766445e-06
343	3149307286	5000.0	0.001	0.00055	0.0001	-0.109237	0.9546577484503099,0.03998276344731054,0.005340931813637272,1.855628874225155e-05
345	4133533087	5000.0	0.001	0.00055	0.0001	0.255105	0.9160617076584683,0.07887818436312738,0.0050530293941211755,7.0785842831433715e-06
344	59575704	5000.0	0.001	0.00055	0.0001	-0.158649	0.9566918616276745,0.04070153969206159,0.0024051989602079586,0.0002013997200559888
346	2088658339	5000.0	0.001	0.00055	0.0001	0.065192	0.9513262147570486,0.047895260947810436,0.0007784843031393721,3.9992001599680065e-08
338	3885133196	5000.0	0.001	0.00055	0.0001	-0.238460	0.9275825634873025,0.06911989602079584,0.003144051189762048,0.00015348930213957208
332	2902967664	5000.0	0.001	0.00055	0.0001	-0.629048	0.8877676464707058,0.11056776644671065,0.0016625074985003,2.0795840831833635e-06
350	715677097	5000.0	0.001	0.00055	0.0001	0.145730	0.9526052789442112,0.047265746850629876,0.0001289742051589682
348	104435110	5000.0	0.001	0.00055	0.0001	0.540082	0.8447903219356129,0.12068530293941211,0.033630953809238154,0.0008933413317336533,7.998400319936013e-08
351	1303741866	5000.0	0.001	0.00055	0.0001	0.537155	0.7830452309538093,0.21213277344531095,0.004820835832833433,1.159768046390722e-06
352	2486441387	5000.0	0.001	0.00055	0.0001	0.101968	0.9553003799240152,0.03968498300339932,0.00499380123975205,2.0835832833433314e-05
353	3075646892	5000.0	0.001	0.00055	0.0001	-0.030531	0.22912849430113977,0.6940272745450909,0.07303695260947811,0.003799880023995201,7.398520295940812e-06
339	2228651404	5000.0	0.001	0.00055	0.0001	-0.700248	0.8172562687462508,0.18098208358328335,0.0017610477904419115,5.99880023995201e-07
358	576093634	5000.0	0.001	0.00055	0.0001	-0.048378	0.8824263147370526,0.11301355728854229,0.004551769646070786,8.358328334333133e-06
356	1611969978	5000.0	0.001	0.00055	0.0001	-0.347373	0.6146619076184763,0.3491534093181364,0.03606042791441712,0.0001241751649670066,7.998400319936013e-08
357	2895336892	5000.0	0.001	0.00055	0.0001	0.183703	0.9458375924815037,0.05303391321735653,0.0011284543091381724,3.9992001599680065e-08
342	3686546834	5000.0	0.001	0.00055	0.0001	0.391069	0.7333295340931814,0.26392985402919417,0.0027390521895620874,1.5596880623875224e-06
359	2588235208	5000.0	0.001	0.00055	0.0001	-0.183987	0.9524527494501099,0.04468414317136573,0.002862107578484303,9.998000399920016e-07
354	1055503793	5000.0	0.001	0.00055	0.0001	-0.200743	0.8611614477104579,0.12262615476904619,0.01568846230753849,0.0005238152369526095,1.199760047990402e-07
360	784039374	5000.0	0.001	0.00055	0.0001	0.272091	0.8918846630673866,0.10192253549290142,0.004881543691261748,0.0013103779244151169,8.798240351929614e-07
361	3074237905	5000.0	0.001	0.00055	0.0001	-0.044759	0.9617392521495701,0.03780239952009598,0.00045826834633073385,7.998400319936013e-08
341	2189399437	5000.0	0.001	0.00055	0.0001	0.531396	0.8687357728454309,0.12881115776844632,0.0023709658068386324,8.210357928414317e-05
347	4252075429	5000.0	0.001	0.00055	0.0001	-0.082931	0.9605003399320136,0.03839140171965607,0.0010987802439512099,9.478104379124176e-06
349	3169041832	5000.0	0.001	0.00055	0.0001	1.400980	0.7593199360127975,0.20574541091781642,0.03480871825634873,0.00012593481303739253
362	620504531	5000.0	0.001	0.00055	0.0001	0.202032	0.8405796440711858,0.14171617676464707,0.0175122975404919,0.00019188162367526494
365	1119983064	5000.0	0.001	0.00055	0.0001	0.017932	0.26417388522295543,0.7104787042591482,0.023560487902419516,0.0015060587882423516,0.0002806638672265547,1.9996000799840033e-07
366	3697305059	5000.0	0.001	0.00055	0.0001	-0.459156	0.896294301139772,0.10265610877824435,0.0010493901219756048,1.9996000799840033e-07
367	2642107876	5000.0	0.001	0.00055	0.0001	-0.035909	0.9711979204159168,0.028163167366526694,0.0006389122175564887
355	3974708658	5000.0	0.001	0.00055	0.0001	-0.126552	0.9400847430513897,0.05963995200959808,0.00027530493901219757
368	3904128484	5000.0	0.001	0.00055	0.0001	0.755290	0.7250335132973406,0.22280067986402718,0.0442501099780044,0.007909618076384723,6.07878424315137e-06
370	2026765806	5000.0	0.001	0.00055	0.0001	1.608554	0.5779489702059588,0.37748198360327934,0.04396100779844031,0.0006077984403119376,2.399520095980804e-07
364	1623358934	5000.0	0.001	0.00055	0.0001	0.206625	0.9588105978804239,0.03233981203759248,0.008841431713657269,8.158368326334732e-06
371	841883121	5000.0	0.001	0.00055	0.0001	-0.055685	0.7790396720655869,0.21902791441711658,0.0019246550689862028,7.758448310337932e-06
372	3972886010	5000.0	0.001	0.00055	0.0001	-0.541323	0.8335062587482504,0.15276420715856828,0.013686742651469706,4.2791441711657665e-05
374	3736716801	5000.0	0.001	0.00055	0.0001	0.208804	0.8683259348130374,0.12776864627074586,0.0038995800839832034,5.838832233553289e-06
376	1405701647	5000.0	0.001	0.00055	0.0001	0.527784	0.7797606878624275,0.20072425514897022,0.019318816236752648,0.00019624075184963008
377	241491474	5000.0	0.001	0.00055	0.0001	-0.127916	0.9560145970805839,0.040503459308138375,0.003472145570885823,9.798040391921616e-06
363	326477267	5000.0	0.001	0.00055	0.0001	-0.170051	0.8237531693661267,0.1728880623875225,0.0033555688862227555,3.1993601279744052e-06
382	514670128	5000.0	0.001	0.00055	0.0001	-0.324518	0.9079026194761047,0.09038944211157768,0.0016861027794441111,2.1835632873425314e-05
383	2618068539	5000.0	0.001	0.00055	0.0001	0.078811	0.8984232353529295,0.097000399920016,0.004575804839032194,5.598880223955209e-07
384	1449727551	5000.0	0.001	0.00055	0.0001	0.197961	0.9027647670465907,0.09637900419916016,0.0008530693861227755,3.1593681263747252e-06
386	2059388496	5000.0	0.001	0.00055	0.0001	-0.049895	0.9270900619876025,0.07031101779644071,0.002576084783043391,2.2795440911817637e-05,3.9992001599680065e-08
375	1858547201	5000.0	0.001	0.00055	0.0001	0.111793	0.9532165166966606,0.04629282143571286,0.0004901819636072785,4.799040191961608e-07
369	3447148009	5000.0	0.001	0.00055	0.0001	1.770563	0.6203915216956609,0.3653588482303539,0.014227354529094181,2.2275544891021795e-05
387	3898037843	5000.0	0.001	0.00055	0.0001	1.102438	0.7291086582683464,0.19394629074185163,0.07605278944211158,0.0008921015796840632,1.5996800639872026e-07
390	2341076585	5000.0	0.001	0.00055	0.0001	1.114712	0.8053572085582883,0.18794161167766446,0.006689862027594481,1.1317736452709458e-05
389	154109530	5000.0	0.001	0.00055	0.0001	0.015522	0.709825274945011,0.277604399120176,0.01208234353129374,0.0004878224355128974,1.5996800639872026e-07
388	1766913625	5000.0	0.001	0.00055	0.0001	0.563462	0.6835971605678864,0.3076910617876425,0.00864127174565087,7.050589882023595e-05
373	4225678845	5000.0	0.001	0.00055	0.0001	-0.303731	0.8604143971205759,0.1264243551289742,0.01304003199360128,0.00012121575684863027
391	2435483242	5000.0	0.001	0.00055	0.0001	0.115118	0.9321453309338132,0.06578524295140972,0.0020670665866826636,2.359528094381124e-06
392	4242245230	5000.0	0.001	0.00055	0.0001	0.021174	0.8796678664267147,0.10598008398320335,0.014215716856628674,0.0001301739652069586,6.15876824635073e-06
379	418278931	5000.0	0.001	0.00055	0.0001	-0.339364	0.9232464307138573,0.0737123775244951,0.003030633873225355,1.0557888422315537e-05
393	4213849715	5000.0	0.001	0.00055	0.0001	0.146192	0.9327501299740052,0.0665609278144371,0.0006887822435512898,1.5996800639872026e-07
396	3528478336	5000.0	0.001	0.00055	0.0001	0.156591	0.9459260947810438,0.052538532293541294,0.0015348130373925215,5.598880223955209e-07
395	4100542076	5000.0	0.001	0.00055	0.0001	0.083049	0.8385778444311138,0.1575375724855029,0.0038808238352329534,3.759248150369926e-06
385	872998478	5000.0	0.001	0.00055	0.0001	-0.852913	0.8858524695060987,0.06495188962207558,0.04846318736252749,0.0007324135172965407,3.9992001599680065e-08
397	164597382	5000.0	0.001	0.00055	0.0001	-0.913829	0.7773596480703859,0.2200736652669466,0.0025570885822835433,9.598080383923215e-06
398	683968135	5000.0	0.001	0.00055	0.0001	0.011488	0.9026410717856429,0.085,0.012349850029994001,9.078184363127375e-06
381	3768073767	5000.0	0.001	0.00055	0.0001	1.320740	0.6983739652069586,0.2969408918216357,0.004683423315336933,1.7196560687862428e-06
378	1224252947	5000.0	0.001	0.00055	0.0001	0.498418	0.8504555888822235,0.13553065386922616,0.013711857628474305,0.0003018996200759848
380	825333272	5000.0	0.001	0.00055	0.0001	-0.167295	0.9065720855828834,0.08497428514297141,0.008330493901219756,0.0001231353729254149
401	3036464781	5000.0	0.001	0.00055	0.0001	0.112873	0.862547650469906,0.134173925214957,0.003271385722855429,7.038592281543691e-06
404	376573591	5000.0	0.001	0.00055	0.0001	-0.023011	0.9456495100979804,0.05357620475904819,0.0007742051589682064,7.998400319936013e-08
402	3383733902	5000.0	0.001	0.00055	0.0001	-0.191187	0.8601320135972805,0.13884467106578685,0.0010219956008798241,1.319736052789442e-06
403	637144718	5000.0	0.001	0.00055	0.0001	-0.111138	0.9301091781643671,0.06663531293741251,0.0032445110977804437,1.0997800439912018e-05
407	2263951018	5000.0	0.001	0.00055	0.0001	0.476645	0.8956530693861228,0.1025742851429714,0.0017716456708658267,9.998000399920016e-07
406	496647848	5000.0	0.001	0.00055	0.0001	-0.178084	0.8549124575084983,0.1346874625074985,0.01029762047590482,0.00010237952409518097,7.998400319936013e-08
409	4237733552	5000.0	0.001	0.00055	0.0001	-0.138460	0.9100958608278344,0.0869883223355329,0.0029125774845030995,3.239352129574085e-06
410	4277130934	5000.0	0.001	0.00055	0.0001	0.244335	0.8814466706658668,0.11805574885022996,0.0004975804839032193
411	3058065080	5000.0	0.001	0.00055	0.0001	-1.257183	0.4668603079384123,0.4521867226554689,0.07856488702259548,0.002385922815436913,2.1595680863827235e-06
413	2375306953	5000.0	0.001	0.00055	0.0001	-0.686001	0.7299391721655669,0.2613736452709458,0.00831873625274945,0.00036796640671865627,4.799040191961608e-07
399	1081046667	5000.0	0.001	0.00055	0.0001	-0.115982	0.9377419316136772,0.062060627874425116,0.00019744051189762046
414	321212106	5000.0	0.001	0.00055	0.0001	0.059401	0.8949025394921016,0.10168926214757049,0.0033918416316736652,1.6356728654269145e-05
405	3224346268	5000.0	0.001	0.00055	0.0001	-0.459524	0.9146138772245551,0.08258524295140972,0.0027884023195360926,1.247750449910018e-05
394	2962509435	5000.0	0.001	0.00055	0.0001	-0.238971	0.9011635272945411,0.0894373125374925,0.0087125774845031,0.0006627874425114977,2.3795240951809637e-05
419	175093451	5000.0	0.001	0.00055	0.0001	0.175296	0.9100983803239352,0.08877804439112177,0.0011228154369126175,7.598480303939212e-07
408	3914876591	5000.0	0.001	0.00055	0.0001	0.474111	0.8934302739452109,0.1019123375324935,0.00464503099380124,1.235752849430114e-05
420	4242300625	5000.0	0.001	0.00055	0.0001	-0.436074	0.8013127774445111,0.18508282343531293,0.010026194761047791,0.0027480503899220154,0.0008296740651869626,4.799040191961608e-07
418	1219532494	5000.0	0.001	0.00055	0.0001	0.015822	0.9721652469506099,0.027800479904019196,3.4273145370925816e-05
400	2925713037	5000.0	0.001	0.00055	0.0001	1.371814	0.26153085382923413,0.5853341331733654,0.1468885822835433,0.0061562887422515495,9.010197960407918e-05,3.9992001599680065e-08
421	361434834	5000.0	0.001	0.00055	0.0001	-0.171320	0.8927748850229954,0.10013385322935413,0.0070859028194361125,5.358928214357128e-06
422	2735206103	5000.0	0.001	0.00055	0.0001	1.668762	0.5960865026994601,0.3584263947210558,0.04500579884023195,0.00048110377924415117,1.9996000799840033e-07
423	1081822936	5000.0	0.001	0.00055	0.0001	-0.468123	0.7659850429914017,0.2275002599480104,0.006493941211757648,2.0755848830233953e-05
412	3936376518	5000.0	0.001	0.00055	0.0001	-0.348022	0.8359288942211558,0.14814197160567885,0.015749330133973206,0.00017860427914417117,1.199760047990402e-06
417	1587404491	5000.0	0.001	0.00055	0.0001	1.921791	0.5041440111977604,0.4708995800839832,0.02489846030793841,5.7948410317936415e-05
424	3728946905	5000.0	0.001	0.00055	0.0001	0.057860	0.9652785042991402,0.03400207958408318,0.0007194161167766446
425	3553830615	5000.0	0.001	0.00055	0.0001	0.418170	0.908666626674665,0.09081563687262548,0.0005176964607078585,3.9992001599680065e-08
416	1393831628	5000.0	0.001	0.00055	0.0001	0.485678	0.7313902419516097,0.26161511697660467,0.006990161967606478,4.479104179164167e-06
427	1163462363	5000.0	0.001	0.00055	0.0001	2.061136	0.403319976004799,0.5545580083983204,0.03892033593281344,0.0031986002799440113,3.079384123175365e-06
415	1796806347	5000.0	0.001	0.00055	0.0001	-0.051275	0.9345549290141971,0.0637740051989602,0.0016681863627274545,2.8794241151769645e-06
426	1920483035	5000.0	0.001	0.00055	0.0001	-0.196914	0.9283360927814437,0.06490777844431114,0.006717256548690262,3.887222555488902e-05
434	2996944623	5000.0	0.001	0.00055	0.0001	-0.004623	0.9644053589282143,0.035485662867426514,0.00010865826834633074,3.199360127974405e-07
429	3133826777	5000.0	0.001	0.00055	0.0001	0.494412	0.516675824835033,0.44575672865426913,0.03185690861827634,0.005694301139772045,1.6236752649470107e-05
432	93982440	5000.0	0.001	0.00055	0.0001	0.863804	0.5700692661467707,0.40484975004999,0.0250371125774845,4.387122575484903e-05
435	1482176244	5000.0	0.001	0.00055	0.0001	0.675484	0.6150147170565887,0.30869006198760246,0.07394717056588682,0.0013940411917616477,0.0009537292541491702,2.7994401119776043e-07
437	1696585469	5000.0	0.001	0.00055	0.0001	0.114447	0.9408848230353929,0.058262867426514695,0.0008516696660667867,6.39872025594881e-07
438	607512319	5000.0	0.001	0.00055	0.0001	-0.162879	0.9250965406918616,0.07368886222755448,0.001179884023195361,3.47130573885223e-05
442	2423478028	5000.0	0.001	0.00055	0.0001	0.106854	0.9615856028794241,0.03827722455508898,0.00013717256548690263
428	3719569117	5000.0	0.001	0.00055	0.0001	0.092216	0.9176855828834233,0.07893321335732853,0.003377724455108978,3.4793041391721655e-06
445	551196432	5000.0	0.001	0.00055	0.0001	0.008430	0.958490701859628,0.03996728654269146,0.0015419316136772645,7.998400319936013e-08
443	2848212748	5000.0	0.001	0.00055	0.0001	-0.282164	0.7877325734853029,0.2074614677064587,0.003599760047990402,0.001204519096180764,1.6796640671865626e-06
441	1760980745	5000.0	0.001	0.00055	0.0001	-0.900766	0.7482186362727454,0.23520467906418716,0.0165499300139972,2.6754649070185963e-05
447	818272054	5000.0	0.001	0.00055	0.0001	0.177793	0.9567725654869026,0.04215892821435713,0.0010678264347130575,6.798640271945611e-07
431	445202151	5000.0	0.001	0.00055	0.0001	0.057770	0.928694101179764,0.061496660667866423,0.009804439112177564,4.799040191961608e-06
430	4177620704	5000.0	0.001	0.00055	0.0001	0.008894	0.9524921015796841,0.04400699860027994,0.0034458308338332333,5.502899420115977e-05,3.9992001599680065e-08
448	1550772222	5000.0	0.001	0.00055	0.0001	-0.238852	0.9150803839232153,0.08451401719656068,0.00040511897620475906,4.799040191961608e-07
450	2138978108	5000.0	0.001	0.00055	0.0001	-0.054214	0.9310381123775245,0.06765874825034993,0.001211877624475105,9.12617476504699e-05
449	771911480	5000.0	0.001	0.00055	0.0001	-0.202239	0.9282283143371326,0.051926774645070985,0.019813277344531095,3.163367326534693e-05
444	74501901	5000.0	0.001	0.00055	0.0001	0.488802	0.7076097180563887,0.28556868626274745,0.006787882423515297,3.37132573485303e-05
451	1825642303	5000.0	0.001	0.00055	0.0001	-0.896625	0.17361655668866227,0.7299005798840232,0.0915000199960008,0.004977684463107378,5.158968206358728e-06
453	3316148049	5000.0	0.001	0.00055	0.0001	-0.222500	0.9145281343731254,0.08395168966206759,0.001519856028794241,3.199360127974405e-07
439	2951673602	5000.0	0.001	0.00055	0.0001	0.289109	0.8768349530093981,0.1223750049990002,0.0007876824635072986,2.359528094381124e-06
452	701062976	5000.0	0.001	0.00055	0.0001	1.878337	0.5177927614477105,0.4603395320935813,0.021548450309938013,0.0003192561487702459
433	3243607787	5000.0	0.001	0.00055	0.0001	-1.053031	0.7786344731053789,0.18664011197760447,0.03371437712457508,0.0010105578884223156,4.799040191961608e-07
440	1317566215	5000.0	0.001	0.00055	0.0001	0.216154	0.8475994401119776,0.15031029794041192,0.002055268946210758,3.499300139972006e-05
454	1134313301	5000.0	0.001	0.00055	0.0001	-0.149832	0.9249352929414117,0.07225970805838833,0.00280127974405119,3.719256148770246e-06
436	3590604538	5000.0	0.001	0.00055	0.0001	0.716805	0.7355454909018196,0.25516752649470104,0.008604599080183963,0.0004321135772845431,0.00025018996200759847,7.998400319936013e-08
456	2510200664	5000.0	0.001	0.00055	0.0001	0.385813	0.913132173565287,0.08563247350529894,0.0012352729454109179,7.998400319936013e-08
457	4210927450	5000.0	0.001	0.00055	0.0001	0.503408	0.8168632273545291,0.18034449110177964,0.0027861227754449112,6.15876824635073e-06
459	1217890140	5000.0	0.001	0.00055	0.0001	-0.110294	0.9160146370725855,0.07980651869626075,0.004177004599080184,1.839632073585283e-06
446	2781404952	5000.0	0.001	0.00055	0.0001	-0.066132	0.9590121575684863,0.040637272545490905,0.00035052989402119576,3.9992001599680065e-08
464	690536301	5000.0	0.001	0.00055	0.0001	-0.245053	0.9202172365526895,0.07921427714457109,0.0005674465106978604,1.0397920415916818e-06
462	887469923	5000.0	0.001	0.00055	0.0001	-0.652726	0.872749450109978,0.12465534893021396,0.002594881023795241,3.199360127974405e-07
466	2941724535	5000.0	0.001	0.00055	0.0001	0.692119	0.8616852629474105,0.10964071185762847,0.028300739852029595,0.00037328534293141374
468	1187547006	5000.0	0.001	0.00055	0.0001	0.300614	0.7187174165166966,0.2629834833033393,0.016389602079584082,0.001909378124375125,1.199760047990402e-07
469	3709683587	5000.0	0.001	0.00055	0.0001	0.305173	0.9189962807438512,0.07966754649070186,0.0013359728054389121,1.9996000799840033e-07
467	963020664	5000.0	0.001	0.00055	0.0001	1.251653	0.6529318136372726,0.18588346330733854,0.11064427114577084,0.05002423515296941,0.0005161367726454709,7.998400319936013e-08
472	2989006731	5000.0	0.001	0.00055	0.0001	0.476788	0.8776067586482703,0.12054125174965007,0.0018514297140571885,5.598880223955209e-07
465	2624503660	5000.0	0.001	0.00055	0.0001	-1.110343	0.5548850229954009,0.4209920015996801,0.02341883623275345,0.0007039392121575685,1.9996000799840033e-07
474	1714294670	5000.0	0.001	0.00055	0.0001	0.007502	0.9518339132173566,0.04560243951209758,0.0025633273345330933,3.199360127974405e-07
475	2328037270	5000.0	0.001	0.00055	0.0001	-0.096770	0.9576044791041791,0.03992917416516697,0.0024661467706458707,1.9996000799840033e-07
458	694900570	5000.0	0.001	0.00055	0.0001	0.077165	0.9691281343731254,0.030729094181163766,0.00014277144571085782
460	1510584161	5000.0	0.001	0.00055	0.0001	0.042037	0.9489596480703859,0.05024631073785243,0.0007940411917616477
476	577292185	5000.0	0.001	0.00055	0.0001	0.089781	0.8497438912217556,0.14901043791241753,0.0012391521695660867,6.518696260747851e-06
455	1504982870	5000.0	0.001	0.00055	0.0001	0.316752	0.4949748450309938,0.46214681063787244,0.04251689662067586,0.0003614477104579084
461	3806000994	5000.0	0.001	0.00055	0.0001	-0.239545	0.8850440711857629,0.11245866826634673,0.002496140771845631,1.1197760447910417e-06
463	1417543532	5000.0	0.001	0.00055	0.0001	0.094209	0.9455579284143172,0.052841471705658866,0.0015764047190561887,2.403519296140772e-05,1.5996800639872026e-07
479	514125738	5000.0	0.001	0.00055	0.0001	-0.123612	0.948125574885023,0.04854461107778444,0.0033275344931013797,2.279544091181764e-06
478	3378581411	5000.0	0.001	0.00055	0.0001	0.663709	0.7153491701659668,0.2708266346730654,0.013799440111977604,2.475504899020196e-05
480	262260653	5000.0	0.001	0.00055	0.0001	-0.003679	0.9502827834433113,0.04927050589882023,0.00044655068986202757,1.5996800639872026e-07
481	1860175791	5000.0	0.001	0.00055	0.0001	0.117765	0.9409031793641272,0.058509658068386323,0.0005871625674865027
482	3358652349	5000.0	0.001	0.00055	0.0001	-0.568575	0.8848144771045791,0.09210393921215757,0.023030673865226954,5.0909818036392724e-05
473	1924802446	5000.0	0.001	0.00055	0.0001	-0.409215	0.8065374125174966,0.18622027594481103,0.0072357128574285145,6.598680263947211e-06
483	1488654269	5000.0	0.001	0.00055	0.0001	-0.248397	0.8623468106378724,0.13155556888622275,0.005709258148370326,0.0003883623275344931
471	2863511430	5000.0	0.001	0.00055	0.0001	0.348096	0.7551968806238752,0.23056616676664668,0.01317996400719856,0.0010569886022795442
485	1674598343	5000.0	0.001	0.00055	0.0001	0.057438	0.6415346930613878,0.3489753649270146,0.008605158968206359,0.000884743051389722,3.9992001599680065e-08
487	2649520074	5000.0	0.001	0.00055	0.0001	-0.122861	0.9232245950809838,0.07554481103779244,0.0012305938812237553
486	2556983239	5000.0	0.001	0.00055	0.0001	-0.519460	0.8386633473305339,0.14800651869626075,0.012014837032593482,0.0012695060987802439,4.579084183163367e-05
470	3472107396	5000.0	0.001	0.00055	0.0001	0.608485	0.7347835632873425,0.260928974205159,0.004270425914817037,1.703659268146371e-05
477	1153079199	5000.0	0.001	0.00055	0.0001	-0.103878	0.9423078584283143,0.056090021995600876,0.0016019596080783843,1.5996800639872026e-07
490	3889608657	5000.0	0.001	0.00055	0.0001	0.166562	0.9561970805838832,0.043574245150969804,0.00022779444111177763,8.798240351929614e-07
484	3451410368	5000.0	0.001	0.00055	0.0001	-0.208970	0.9537619276144771,0.04338436312737452,0.0028512697460507897,2.439512097580484e-06
495	3990460397	5000.0	0.001	0.00055	0.0001	-0.242420	0.8870269146170766,0.11199420115976805,0.0009751649670065986,3.639272145570886e-06,7.998400319936013e-08
493	4013070303	5000.0	0.001	0.00055	0.0001	1.533991	0.5887869226154769,0.3772602279544091,0.03382259548090382,0.00013025394921015797
496	3217225714	5000.0	0.001	0.00055	0.0001	-0.230609	0.8677420515896821,0.120924575084983,0.010613877224555089,0.0007194561087782444,3.9992001599680065e-08
494	645867491	5000.0	0.001	0.00055	0.0001	0.849737	0.48128082383523296,0.46595852829434115,0.052558568286342734,0.00020203959208158368,3.9992001599680065e-08
492	528074714	5000.0	0.001	0.00055	0.0001	-0.018150	0.9385540091981603,0.060920495900819834,0.000525374925014997,1.199760047990402e-07
498	2306750453	5000.0	0.001	0.00055	0.0001	-0.022158	0.9299272945410918,0.06915060987802439,0.0009220555888822236,3.9992001599680065e-08
497	844029940	5000.0	0.001	0.00055	0.0001	0.697463	0.8973855628874225,0.08075460907818437,0.0152125574885023,0.006638432313537292,8.838232353529294e-06
488	115062733	5000.0	0.001	0.00055	0.0001	0.583762	0.8459059788042391,0.15128466306738653,0.002806798640271946,2.559488102379524e-06
489	1669203917	5000.0	0.001	0.00055	0.0001	-0.432496	0.7736527894421116,0.18937852429514096,0.036770485902819436,0.00017948410317936413,1.871625674865027e-05
491	3195387860	5000.0	0.001	0.00055	0.0001	-0.204677	0.946546050789842,0.052048110377924416,0.0013994801039792042,6.35872825434913e-06
499	736327678	5000.0	0.001	0.00055	0.0001	-0.722378	0.8356151569686063,0.09179060187962408,0.07198828234353129,0.0006059588082383523
