sim_id	seed	popsize	selcoef	sigma	mutrate	velocity	profile
3	2816653324	5000.0	0.001	0.0019	0.0001	5.644442	0.10758688262347531,0.7286681463707259,0.1603507298540292,0.003339532093581284,5.4709058188362326e-05
17	328112188	5000.0	0.001	0.0019	0.0001	2.194304	0.02485122975404919,0.5435503299340132,0.41840571885622874,0.0131626474705059,3.0073985202959407e-05
4	1652574226	5000.0	0.001	0.0019	0.0001	1.784192	0.2813517696460708,0.5306815036992601,0.1829006598680264,0.00501627674465107,4.979004199160168e-05
11	2514585645	5000.0	0.001	0.0019	0.0001	-0.297404	0.9383272945410918,0.04463407318536293,0.01696136772645471,7.718456308738252e-05,7.998400319936013e-08
19	737210437	5000.0	0.001	0.0019	0.0001	3.659161	0.32165562887422516,0.6260383523295341,0.04949018196360728,0.002813237352529494,2.599480103979204e-06
16	2867216442	5000.0	0.001	0.0019	0.0001	3.104896	0.3836820235952809,0.5675567686462707,0.04585258948210358,0.002905378924215157,3.239352129574085e-06
8	2218651682	5000.0	0.001	0.0019	0.0001	8.331017	0.032686942611477705,0.3685951609678064,0.5588715856828634,0.03953653269346131,0.0003097780443911218
18	2297106492	5000.0	0.001	0.0019	0.0001	2.997092	0.15232617476504698,0.5134982603479304,0.3138456708658268,0.02018124375124975,0.0001486502699460108
5	666202134	5000.0	0.001	0.0019	0.0001	-0.010947	0.9810171965606879,0.018951769646070787,3.103379324135173e-05
10	3156125735	5000.0	0.001	0.0019	0.0001	7.080185	0.02535868826234753,0.17035944811037793,0.20569218156368727,0.3918749850029994,0.17942851429714057,0.027129414117176565,0.00015652869426114777,2.399520095980804e-07
6	76957723	5000.0	0.001	0.0019	0.0001	-0.145548	0.9263418916216757,0.07279272145570886,0.0008609878024395121,4.399120175964807e-06
2	1847351307	5000.0	0.001	0.0019	0.0001	5.546124	0.10918908218356328,0.3972925814837033,0.4143857628474305,0.07597540491901619,0.0031567286542691464,4.399120175964807e-07
0	3519234048	5000.0	0.001	0.0019	0.0001	4.079436	0.06727838432313538,0.3549600879824035,0.4888114377124575,0.08646582683463307,0.00247250549890022,1.1757648470305939e-05
14	2811516976	5000.0	0.001	0.0019	0.0001	5.462549	0.19460271945610877,0.6914857028594281,0.10627278544291142,0.007636072785442911,2.7194561087782445e-06
1	779436037	5000.0	0.001	0.0019	0.0001	4.276973	0.20281951609678064,0.5472874225154969,0.1832598680263947,0.06559112177564487,0.0010410317936412718,1.0397920415916818e-06
12	2993444909	5000.0	0.001	0.0019	0.0001	5.759829	0.16556932613477304,0.6401080583883223,0.1885503299340132,0.005769686062787442,2.599480103979204e-06
7	2816006173	5000.0	0.001	0.0019	0.0001	0.274930	0.011407158568286342,0.33002279544091184,0.5776952609478104,0.07972257548490302,0.0011384123175364926,1.3797240551889623e-05
9	3487178789	5000.0	0.001	0.0019	0.0001	5.329615	0.07078344331133773,0.5136221555688862,0.40958168366326736,0.005990761847630474,2.1955608878224355e-05
13	3456430127	5000.0	0.001	0.0019	0.0001	0.343788	0.9237499700059988,0.07316660667866427,0.003046630673865227,3.679264147170566e-05
15	1699921972	5000.0	0.001	0.0019	0.0001	0.193294	0.872217876424715,0.11342995400919816,0.014280863827234553,7.130573885222956e-05
21	1591775313	5000.0	0.001	0.0019	0.0001	1.160146	0.5273502899420116,0.45509818036392724,0.017410437912417517,0.00014109178164367126
20	1884233798	5000.0	0.001	0.0019	0.0001	0.276781	0.43966874625074986,0.4852316736652669,0.07400863827234554,0.0010880223955208959,2.9194161167766445e-06
22	2829543510	5000.0	0.001	0.0019	0.0001	2.095482	0.7047186562687463,0.27617840431913615,0.01775728854229154,0.0013414117176564688,4.239152169566087e-06
38	833116325	5000.0	0.001	0.0019	0.0001	1.023813	0.2532001599680064,0.7150514697060588,0.0314618676264747,0.000286502699460108
23	1666957398	5000.0	0.001	0.0019	0.0001	7.377633	0.04205250949810038,0.18470593881223754,0.38563267346530694,0.33984259148170365,0.020516976604679063,0.025919376124775045,0.0013281743651269746,1.7596480703859228e-06
41	2319802536	5000.0	0.001	0.0019	0.0001	3.176746	0.4535633273345331,0.5184759848030394,0.026085782843431313,0.0018639472105578885,1.0957808438312337e-05
24	66281559	5000.0	0.001	0.0019	0.0001	5.060387	0.29805522895420916,0.5134002399520096,0.15138296340731855,0.036089742051589685,0.0010715856828634274,2.399520095980804e-07
29	3435081853	5000.0	0.001	0.0019	0.0001	-0.164527	0.9363756848630274,0.0632492701459708,0.00037500499900019996,3.9992001599680065e-08
27	371896428	5000.0	0.001	0.0019	0.0001	0.817265	0.6561105378924215,0.34119188162367525,0.0026923415316936613,5.238952209558089e-06
26	968800351	5000.0	0.001	0.0019	0.0001	0.712839	0.6628400719856029,0.3321174565086983,0.005032073585282943,1.0397920415916817e-05
30	1974927507	5000.0	0.001	0.0019	0.0001	3.499053	0.4497469706058788,0.5398789842031594,0.010276344731053788,9.77004599080184e-05
25	3977490520	5000.0	0.001	0.0019	0.0001	2.616511	0.21285894821035792,0.7178315536892621,0.06832893421315737,0.0009802039592081585,3.5992801439712056e-07
35	2342459554	5000.0	0.001	0.0019	0.0001	2.799424	0.5552675464907019,0.4249888822235553,0.01959516096780644,0.0001484103179364127
34	3015919777	5000.0	0.001	0.0019	0.0001	1.497301	0.7586462707458508,0.23665894821035793,0.004687102579484103,7.678464307138573e-06
28	2582157422	5000.0	0.001	0.0019	0.0001	3.944102	0.41816556688662265,0.5434819836032794,0.03460391921615677,0.003744211157768446,4.319136172765447e-06
33	843847837	5000.0	0.001	0.0019	0.0001	2.372607	0.007557888422315537,0.3181110977804439,0.6275942811437712,0.03476864627074585,0.011919616076784644,4.8470305938812236e-05
31	1877348500	5000.0	0.001	0.0019	0.0001	1.933162	0.43144711057788443,0.544655348930214,0.023855668866226754,4.1871625674865026e-05
36	1852002467	5000.0	0.001	0.0019	0.0001	2.174352	0.0686508698260348,0.07386426714657068,0.7158848630273945,0.11770945810837832,0.02339496100779844,0.0004953409318136372,2.399520095980804e-07
39	2487234725	5000.0	0.001	0.0019	0.0001	1.344925	0.5651293741251749,0.42087414517096583,0.013977964407118576,1.851629674065187e-05
32	237166744	5000.0	0.001	0.0019	0.0001	0.118342	0.0012687062587482503,0.11315520895820835,0.8754007198560287,0.010033513297340532,0.0001418516296740652
37	2145996964	5000.0	0.001	0.0019	0.0001	2.289491	0.6189069386122775,0.3741748450309938,0.006797040591881623,0.00012117576484703059
40	2243391652	5000.0	0.001	0.0019	0.0001	1.440292	0.40672261547690464,0.48277008598280347,0.10594137172565488,0.00455752849430114,8.398320335932813e-06
42	3118547113	5000.0	0.001	0.0019	0.0001	2.006223	0.42264795040991804,0.49377972405518894,0.0821492101579684,0.0014230753849230153,3.9992001599680065e-08
43	2439897260	5000.0	0.001	0.0019	0.0001	2.952033	0.2329138972205559,0.7394301139772046,0.026919656068786244,0.0007362127574485102,1.199760047990402e-07
44	327864493	5000.0	0.001	0.0019	0.0001	2.778237	0.4880880623875225,0.4857606478704259,0.025996920615876825,0.00015432913417316537,3.9992001599680065e-08
45	1024139439	5000.0	0.001	0.0019	0.0001	3.209886	0.2827518896220756,0.6191086582683464,0.09769326134773046,0.0004461507698460308,3.9992001599680065e-08
46	2771245233	5000.0	0.001	0.0019	0.0001	1.527804	0.6014753849230154,0.37350157968406317,0.024977724455108978,4.5310937812437514e-05
47	2627694773	5000.0	0.001	0.0019	0.0001	1.798572	0.541575724855029,0.44610761847630476,0.010577084583083384,0.001562607478504299,0.00017696460707858428
58	1586327772	5000.0	0.001	0.0019	0.0001	1.580415	0.7642927414517097,0.2248867426514697,0.010586842631473706,0.00023367326534693062
51	374792390	5000.0	0.001	0.0019	0.0001	1.905977	0.3851204559088182,0.5698643471305739,0.042264027194561085,0.0027460507898420315,5.118976204759048e-06
52	3703210190	5000.0	0.001	0.0019	0.0001	3.610750	0.11310865826834633,0.6369989602079584,0.24551937612477504,0.004370765846830634,2.2395520895820834e-06
49	2457591993	5000.0	0.001	0.0019	0.0001	1.538920	0.4187802039592082,0.5612701859628074,0.019924015196960607,2.5594881023795242e-05
57	2030960860	5000.0	0.001	0.0019	0.0001	5.860000	0.022653469306138773,0.11735428914217157,0.5483298940211958,0.29365842831433714,0.017804559088182365,0.00019908018396320735,2.7994401119776043e-07
53	3775099090	5000.0	0.001	0.0019	0.0001	1.939722	0.6095655268946211,0.3841034193161368,0.006190361927614477,0.00014069186162767445
54	3940942036	5000.0	0.001	0.0019	0.0001	1.605702	0.5459704859028195,0.3884597080583883,0.06483499300139972,0.0007340931813637272,7.198560287942411e-07
48	371415222	5000.0	0.001	0.0019	0.0001	4.007700	0.14876008798240353,0.6577989602079584,0.18905302939412116,0.0038381523695260947,0.0004511097780443911,9.866026794641071e-05
55	1150066902	5000.0	0.001	0.0019	0.0001	3.444523	0.15014269146170767,0.5533493301339732,0.291070625874825,0.005435952809438112,1.3997200559888023e-06
50	569307333	5000.0	0.001	0.0019	0.0001	-0.100540	0.00024407118576284743,1.4677064587082583e-05,0.9463226554689063,0.04742599480103979,0.0059893621275744855,3.239352129574085e-06
56	2423025879	5000.0	0.001	0.0019	0.0001	3.967864	0.3798521095780844,0.590223475304939,0.027964367126574685,0.00195876824635073,1.279744051189762e-06
59	1378572510	5000.0	0.001	0.0019	0.0001	3.333081	0.7262075184963007,0.2678781843631274,0.0057196960607878424,0.0001946010797840432
61	2254409954	5000.0	0.001	0.0019	0.0001	0.287804	0.012255708858228354,0.3396654669066187,0.5983250549890022,0.046759408118376325,0.0029928414317136574,1.5196960607878424e-06
62	2406285552	5000.0	0.001	0.0019	0.0001	1.271095	0.6703547690461907,0.29944543091381726,0.029519656068786242,0.0006798240351929614,3.199360127974405e-07
60	1362901216	5000.0	0.001	0.0019	0.0001	3.412370	0.17151601679664066,0.7254030793841232,0.10094033193361328,0.0021398120375924817,7.598480303939212e-07
63	1367132411	5000.0	0.001	0.0019	0.0001	2.694275	0.4312629474105179,0.5480299940011998,0.02053105378924215,0.00017576484703059388,2.399520095980804e-07
65	493410568	5000.0	0.001	0.0019	0.0001	2.998307	0.43381331733653267,0.5322242351529695,0.03341551689662067,0.0005468906218756249,3.9992001599680065e-08
64	366303487	5000.0	0.001	0.0019	0.0001	4.208231	0.10291417716456709,0.7200456308738252,0.17204455108978203,0.004971765646870626,2.3875224955008998e-05
66	3417997580	5000.0	0.001	0.0019	0.0001	5.450432	0.23014553089382123,0.6063944811037792,0.15627194561087782,0.007181563687262547,6.47870425914817e-06
68	1902225683	5000.0	0.001	0.0019	0.0001	1.034825	0.02680907818436313,0.7196331533693261,0.24281743651269747,0.010598080383923215,0.000142251549690062
67	2699745553	5000.0	0.001	0.0019	0.0001	-0.206682	0.9217634873025395,0.07722795440911817,0.0010065586882623476,1.999600079984003e-06
69	3359392020	5000.0	0.001	0.0019	0.0001	1.596192	0.0008654669066186762,0.7007440911817636,0.2937728854229154,0.004604599080183963,1.295740851829634e-05
70	3604455702	5000.0	0.001	0.0019	0.0001	4.112004	0.13863455308938213,0.720491901619676,0.13904511097780445,0.0018284343131373725
71	1299618086	5000.0	0.001	0.0019	0.0001	1.666380	0.05471909618076385,0.6710609878024395,0.26731873625274943,0.006896420715856829,4.759048190361927e-06
73	1426434348	5000.0	0.001	0.0019	0.0001	13.008239	0.007281903619276144,0.08278308338332334,0.2703776044791042,0.4456637872425515,0.18705350929814038,0.006832913417316537,7.198560287942412e-06
75	2353174834	5000.0	0.001	0.0019	0.0001	2.142162	0.5583316936612678,0.4256433913217357,0.015961687662467507,6.322735452909417e-05
76	2559828279	5000.0	0.001	0.0019	0.0001	2.003803	0.6548381123775245,0.31754045190961805,0.025122935412917418,0.0024975404919016196,9.598080383923216e-07
74	2457477420	5000.0	0.001	0.0019	0.0001	5.454889	0.09588222355528894,0.5216171565686862,0.36373169366126773,0.018595400919816037,0.0001735252949410118
81	2620969311	5000.0	0.001	0.0019	0.0001	4.501259	0.12255456908618276,0.6128707458508298,0.2392611477704459,0.025134213157368527,0.0001793241351729654
72	1120891175	5000.0	0.001	0.0019	0.0001	1.817884	0.7333270145970806,0.23755648870225954,0.028871385722855428,0.00024511097780443913
79	1811190101	5000.0	0.001	0.0019	0.0001	4.915453	0.28394517096580685,0.6333692461507698,0.08027894421115776,0.0023974405118976205,9.198160367926415e-06
78	3329589571	5000.0	0.001	0.0019	0.0001	6.648574	0.054316696660667865,0.4760605078984203,0.42228890221955606,0.0462622675464907,0.0010715456908618277,7.998400319936013e-08
83	1722202467	5000.0	0.001	0.0019	0.0001	0.058591	0.969151649670066,0.03076116776644671,8.718256348730253e-05
82	2916403554	5000.0	0.001	0.0019	0.0001	1.896931	0.11340191961607679,0.6966909018196361,0.18649018196360728,0.0034125574885022995,4.439112177564487e-06
77	3968801083	5000.0	0.001	0.0019	0.0001	0.710601	0.8996599880023995,0.07521995600879824,0.024597160567886422,0.0005228554289142172,3.9992001599680065e-08
80	1338579288	5000.0	0.001	0.0019	0.0001	1.863936	0.7188249550089982,0.27293189362127573,0.00819864027194561,4.451109778044391e-05
85	1030648170	5000.0	0.001	0.0019	0.0001	-0.375657	0.8643407718456309,0.13250377924415116,0.003114617076584683,4.083183363327334e-05
84	871995750	5000.0	0.001	0.0019	0.0001	1.938488	0.6396345530893821,0.29824063187362526,0.061775844831033794,0.00034897020595880826
88	3078355317	5000.0	0.001	0.0019	0.0001	0.315350	0.471425674865027,0.4905141371725655,0.03779440111977604,0.000265626874625075,1.5996800639872026e-07
87	1479940465	5000.0	0.001	0.0019	0.0001	5.871057	0.18913265346930613,0.6859654469106179,0.12021451709658068,0.004526494701059788,0.0001608878224355129
86	2662201711	5000.0	0.001	0.0019	0.0001	1.618893	0.6025222155568887,0.384196400719856,0.0132751049790042,6.27874425114977e-06
89	2616822139	5000.0	0.001	0.0019	0.0001	3.466882	0.23702071585682863,0.628944651069786,0.13295708858228356,0.0010382723455308939,3.927214557088582e-05
90	3737100669	5000.0	0.001	0.0019	0.0001	5.922112	0.07691805638872226,0.7190155168966207,0.19997276544691062,0.003865266946610678,0.00022835432913417315,3.9992001599680065e-08
91	298473854	5000.0	0.001	0.0019	0.0001	0.258711	0.3837226554689062,0.5810700659868027,0.03395968806238752,0.0012451109778044392,2.4795040991801638e-06
92	3714107775	5000.0	0.001	0.0019	0.0001	4.121594	0.3942441911617676,0.5472480303939212,0.057508018396320734,0.0009996000799840032,1.5996800639872026e-07
95	1900016015	5000.0	0.001	0.0019	0.0001	0.824159	0.004446830633873225,0.6469426114777045,0.3307161367726455,0.016398240351929615,0.0014958208358328334,3.5992801439712056e-07
93	3419445637	5000.0	0.001	0.0019	0.0001	0.437788	0.7406257548490301,0.2505924015196961,0.008719136172765447,6.270745850829834e-05
96	3057097104	5000.0	0.001	0.0019	0.0001	2.749291	0.5357668466306739,0.43944075184963005,0.024611597680463906,0.00018080383923215358
94	1048697227	5000.0	0.001	0.0019	0.0001	5.507558	0.12148038392321536,0.5495025794841032,0.3169040191961608,0.012069386122775446,4.363127374525095e-05
103	3843641775	5000.0	0.001	0.0019	0.0001	0.288229	0.31908382323535295,0.48574745050989804,0.1899108178364327,0.005249750049990002,8.158368326334732e-06
99	511678880	5000.0	0.001	0.0019	0.0001	3.851729	0.6142111577684463,0.2729149770045991,0.11066498700259948,0.0017620875824835033,0.0004100379924015197,3.675264947010598e-05
100	1720617379	5000.0	0.001	0.0019	0.0001	0.881031	0.8132859428114377,0.18038180363927214,0.004580483903219356,0.0017360927814437112,1.5676864627074585e-05
97	2754148766	5000.0	0.001	0.0019	0.0001	2.869085	0.4532383523295341,0.50624975004999,0.03803083383323335,0.002475984803039392,5.078984203159368e-06
98	1875691936	5000.0	0.001	0.0019	0.0001	1.779776	0.012336212757448511,0.8129746850629874,0.17109378124375124,0.0035923215356928615,2.999400119976005e-06
105	2859981262	5000.0	0.001	0.0019	0.0001	0.750741	0.38044115176964605,0.5706194361127774,0.04840527894421116,0.0005318536292741452,2.279544091181764e-06
106	3815789008	5000.0	0.001	0.0019	0.0001	0.793666	0.44845106978604277,0.4785904419116177,0.07180187962407518,0.0011564087182563488,1.9996000799840033e-07
101	544571816	5000.0	0.001	0.0019	0.0001	3.564694	0.23457332533493302,0.65084475104979,0.11268518296340732,0.0018963407318536292,3.9992001599680065e-07
102	49834412	5000.0	0.001	0.0019	0.0001	2.023692	2.395520895820836e-05,0.6636906618676265,0.31567054589082183,0.02045114977004599,0.00016240751849630074,1.279744051189762e-06
107	1906149844	5000.0	0.001	0.0019	0.0001	1.539030	0.588451549690062,0.359023675264947,0.05239400119976005,0.00013077384523095382
108	930318805	5000.0	0.001	0.0019	0.0001	2.649731	0.653577524495101,0.33520547890421915,0.009897060587882424,0.0013195360927814436,3.9992001599680065e-07
104	25999794	5000.0	0.001	0.0019	0.0001	0.425631	0.1530240351929614,0.6930431113777245,0.1496131173765247,0.0043165766846630675,3.1593681263747252e-06
110	3393169885	5000.0	0.001	0.0019	0.0001	-0.263620	0.8057783643271346,0.12246450709858028,0.07121055788842232,0.0005465706858628274
109	2430493145	5000.0	0.001	0.0019	0.0001	0.130514	0.055676144771045794,0.835772925414917,0.09287146570685863,0.015652029594081185,2.7434513097380524e-05
111	948410854	5000.0	0.001	0.0019	0.0001	1.723786	0.4407730053989202,0.5309442911417717,0.027359368126374725,0.0009228554289142172,4.799040191961608e-07
114	3351241192	5000.0	0.001	0.0019	0.0001	4.074265	0.17549518096380723,0.582400399920016,0.2255863627274545,0.01648526294741052,3.279344131173765e-05
112	2071491048	5000.0	0.001	0.0019	0.0001	-0.397644	0.8986155568886223,0.09583259348130374,0.005541091781643671,1.0757848430313937e-05
113	3904985576	5000.0	0.001	0.0019	0.0001	3.196044	0.24405486902619475,0.6796851429714057,0.07585382923415317,0.00040615876824635075
115	1954021871	5000.0	0.001	0.0019	0.0001	3.613100	0.1450369526094781,0.40624575084983006,0.38760515896820635,0.06028278344331134,0.0007740451909618077,5.530893821235753e-05
116	2662324734	5000.0	0.001	0.0019	0.0001	4.249263	0.2325643671265747,0.5740712657468506,0.17521087782443512,0.014429114177164568,0.003515136972605479,0.00020923815236952609
121	3207297562	5000.0	0.001	0.0019	0.0001	2.564209	0.0417253349330134,0.11897020595880824,0.7070309138172366,0.12919416116776644,0.003049510097980404,2.987402519496101e-05
122	1845019162	5000.0	0.001	0.0019	0.0001	-0.418520	0.3452965406918616,0.5750820635872825,0.0735750449910018,0.006045430913817236,9.198160367926415e-07
117	2949589511	5000.0	0.001	0.0019	0.0001	1.021300	0.49933037392521495,0.4419123775244951,0.058623395320935814,0.00013385322935412916
123	1568893466	5000.0	0.001	0.0019	0.0001	4.449859	0.22883287342531494,0.6883605278944211,0.08162899420115977,0.0011768446310737853,7.598480303939212e-07
128	1686057	5000.0	0.001	0.0019	0.0001	1.637838	0.5828964207158568,0.3991892421515697,0.017394641071785642,0.0005196960607878425
124	1146247710	5000.0	0.001	0.0019	0.0001	4.429514	0.21475948810237952,0.359752649470106,0.3488483903219356,0.07034233153369326,0.006286502699460108,1.0637872425514897e-05
118	3994575372	5000.0	0.001	0.0019	0.0001	6.328174	0.04442743451309738,0.4262212357528494,0.4797260947810438,0.049368046390721856,0.00025714857028594283,3.9992001599680065e-08
120	3930489367	5000.0	0.001	0.0019	0.0001	1.748360	0.6921011397720456,0.3028155168966207,0.0050769046190761846,6.43871225754849e-06
119	2157611540	5000.0	0.001	0.0019	0.0001	5.475366	0.05346514697060588,0.43402231553689263,0.45354049190161966,0.05868006398720256,0.0002918216356728654,1.5996800639872026e-07
126	2155426340	5000.0	0.001	0.0019	0.0001	1.820035	0.4477770045990802,0.5108169166166767,0.038414757048590285,0.0029436912617476505,4.75504899020196e-05,7.998400319936013e-08
127	1957866025	5000.0	0.001	0.0019	0.0001	1.603362	0.6556450709858028,0.3236377924415117,0.020218156368726255,0.000498620275944811,3.5992801439712056e-07
129	24019499	5000.0	0.001	0.0019	0.0001	0.290272	0.934552049590082,0.06495536892621476,0.0004925814837032594
125	1860178463	5000.0	0.001	0.0019	0.0001	1.131065	0.0185248150369926,0.8253875624875024,0.15245566886622675,0.0036290741851629674,2.8794241151769645e-06
130	3491060268	5000.0	0.001	0.0019	0.0001	3.257802	0.3180141571685663,0.6062432313537293,0.0744752649470106,0.001266746650669866,5.99880023995201e-07
131	3252349491	5000.0	0.001	0.0019	0.0001	6.014607	0.05067658468306339,0.5867172165566886,0.33076316736652667,0.02918132373525295,0.002391481703659268,0.00027022595480903817
132	4009372221	5000.0	0.001	0.0019	0.0001	1.356920	0.4811629274145171,0.46202987402519496,0.05483527294541092,0.0019408518296340732,3.107378524295141e-05
133	3983979078	5000.0	0.001	0.0019	0.0001	2.458204	0.003948290341931613,0.0006415916816636673,0.2332109578084383,0.7263653669266147,0.03540319936012797,0.00043059388122375526
136	694430291	5000.0	0.001	0.0019	0.0001	1.807235	0.5625367726454709,0.43384759048190363,0.003608478304339132,7.1585682863427314e-06
135	3263629903	5000.0	0.001	0.0019	0.0001	1.186295	0.5759208158368326,0.40847302539492103,0.015424875024995,0.00018124375124975006,3.9992001599680065e-08
139	3057263205	5000.0	0.001	0.0019	0.0001	-0.032081	0.0019060587882423516,0.015452109578084383,0.9184117576484703,0.06392705458908218,0.00030281943611277747,1.9996000799840033e-07
134	386478669	5000.0	0.001	0.0019	0.0001	3.741691	0.1848133173365327,0.5403404119176165,0.25959844031193763,0.014760927814437113,0.0004869026194761048
137	1845006935	5000.0	0.001	0.0019	0.0001	3.496799	0.1955894421115777,0.6634121175764847,0.1337869226154769,0.006965286942611478,0.00024623075384923017
145	2913401453	5000.0	0.001	0.0019	0.0001	1.169834	0.08485242951409717,0.699421675664867,0.20766758648270345,0.007916016796640672,0.00014177164567086582,5.198960207958409e-07
144	1114522218	5000.0	0.001	0.0019	0.0001	-0.333786	0.9338282743451309,0.05281147770445911,0.013315296940611877,4.4951009798040394e-05
143	44761706	5000.0	0.001	0.0019	0.0001	1.615582	0.3976238352329534,0.39076912617476506,0.20004543091381724,0.01105878824235153,0.0005026594681063788,1.5996800639872026e-07
147	1313837686	5000.0	0.001	0.0019	0.0001	1.853395	0.6591373325334933,0.203773525294941,0.13516972605478905,0.0019188962207558487,5.198960207958409e-07
146	54848117	5000.0	0.001	0.0019	0.0001	0.090954	1.5156968606278745e-05,0.9296793441311738,0.06858320335932813,0.0017172965406918616,4.999000199960008e-06
151	3720319614	5000.0	0.001	0.0019	0.0001	2.282171	0.5490275544891022,0.43803951209758046,0.01290893821235753,2.399520095980804e-05
142	3207678569	5000.0	0.001	0.0019	0.0001	2.859299	0.41389094181163766,0.5584364327134573,0.027534173165366927,0.00013845230953809238
140	654334565	5000.0	0.001	0.0019	0.0001	2.369270	0.12878348330333933,0.22312269546090782,0.5484267146570686,0.09737716456708659,0.0022506298740251948,3.93121375724855e-05
148	2240412282	5000.0	0.001	0.0019	0.0001	3.178809	0.04917124575084983,0.4603570885822835,0.4085833633273345,0.0805131373725255,0.001370885822835433,4.2791441711657665e-06
152	2489934470	5000.0	0.001	0.0019	0.0001	5.766421	0.0660368726254749,0.552290301939612,0.3578121175764847,0.022375804839032194,0.0014717856428714258,1.311737652469506e-05
149	134961788	5000.0	0.001	0.0019	0.0001	2.960508	0.34323035392921414,0.6324921815636873,0.023710777844431114,0.0005666866626674665
150	3363428988	5000.0	0.001	0.0019	0.0001	2.463846	0.1163498100379924,0.7061498100379924,0.17420683863227354,0.0032891421715656867,4.399120175964807e-06
138	3771408996	5000.0	0.001	0.0019	0.0001	2.727783	0.2907376124775045,0.6162323535292942,0.09131013797240552,0.001719736052789442,1.5996800639872026e-07
141	1383537256	5000.0	0.001	0.0019	0.0001	0.785234	0.9032039992001599,0.09529226154769047,0.0014481103779244151,5.562887422515497e-05
154	874115733	5000.0	0.001	0.0019	0.0001	7.774007	0.03910889822035593,0.401125574885023,0.5048681463707259,0.05438188362327535,0.000515256948610278,2.399520095980804e-07
153	1018745482	5000.0	0.001	0.0019	0.0001	2.165503	0.47828086382723456,0.46738308338332335,0.053660427914417115,0.000675624875024995
155	839398040	5000.0	0.001	0.0019	0.0001	5.276479	0.18201667666466706,0.6084255948810238,0.1979126574685063,0.0115625674865027,8.250349930013998e-05
159	3539835565	5000.0	0.001	0.0019	0.0001	4.734755	0.10253461307738453,0.5392895420915816,0.35046654669066185,0.007702619476104779,6.678664267146571e-06
158	799113888	5000.0	0.001	0.0019	0.0001	1.267473	0.5717294541091782,0.4035354529094181,0.024625154969006198,0.0001099380123975205
160	612405935	5000.0	0.001	0.0019	0.0001	1.840472	0.14182763447310537,0.7684677064587082,0.0876251549690062,0.0020780643871225754,1.4397120575884822e-06
157	3576488606	5000.0	0.001	0.0019	0.0001	5.174587	0.1696257548490302,0.6242792641471706,0.18890989802039593,0.0169878824235153,0.0001972005598880224
156	805950108	5000.0	0.001	0.0019	0.0001	2.195477	0.49918664267146573,0.46445498900219956,0.03624387122575485,0.00011449710057988402
171	3484662490	5000.0	0.001	0.0019	0.0001	4.195705	0.35234613077384525,0.6096569886022796,0.03714845030993801,0.0008424715056988602,5.958808238352329e-06
169	3617991381	5000.0	0.001	0.0019	0.0001	2.765419	0.2580258348330334,0.7071558088382324,0.03467010597880424,0.000148250349930014
168	397019855	5000.0	0.001	0.0019	0.0001	2.446962	0.4920639872025595,0.4916767046590682,0.01610257948410318,0.00015672865426914618
167	789490379	5000.0	0.001	0.0019	0.0001	2.190779	0.401500299940012,0.5627528894221155,0.03551969606078784,0.00022711457708458308
166	124971722	5000.0	0.001	0.0019	0.0001	2.669726	0.2787620075984803,0.7036527094581084,0.017401639672065587,0.0001835232953409318,1.199760047990402e-07
164	684311226	5000.0	0.001	0.0019	0.0001	4.290857	0.02329874025194961,0.6640003199360128,0.2961840031993601,0.016475944811037792,4.0991801639672064e-05
162	2665163446	5000.0	0.001	0.0019	0.0001	4.245952	0.21806746650669867,0.44526602679464106,0.1874518696260748,0.14729502099580083,0.0019192961407718456,3.199360127974405e-07
173	173806311	5000.0	0.001	0.0019	0.0001	1.712762	0.027273545290941812,0.03401627674465107,0.740492901419716,0.1930878224355129,0.005129054189162168,3.9992001599680065e-07
161	3726181042	5000.0	0.001	0.0019	0.0001	2.231481	0.08161691661667667,0.5755488502299541,0.3286993401319736,0.012753529294141171,4.3231353729254146e-05,0.0013366926614677066,1.4397120575884822e-06
170	486157016	5000.0	0.001	0.0019	0.0001	2.907907	0.6184736652669466,0.3642763447310538,0.017019196160767847,0.00023079384123175366
172	3711933156	5000.0	0.001	0.0019	0.0001	3.888599	0.18435524895020997,0.7557260147970406,0.05795260947810438,0.0019633273345330935,2.7994401119776045e-06
175	1401230061	5000.0	0.001	0.0019	0.0001	1.174462	0.02771609678064387,0.7007407318536293,0.2520644271145771,0.019440191961607678,3.855228954209158e-05
165	4068688579	5000.0	0.001	0.0019	0.0001	1.718434	0.03161663667266547,0.40729542091581683,0.538749450109978,0.021711577684463107,0.0006267546490701859,1.5996800639872026e-07
163	3565441721	5000.0	0.001	0.0019	0.0001	1.249119	0.4711350929814037,0.4965576884623075,0.0318997800439912,0.0004074385122975405
174	234840810	5000.0	0.001	0.0019	0.0001	1.342700	0.699650149970006,0.29539484103179364,0.004822595480903819,0.00013105378924215157,1.3597280543891223e-06
176	3018236653	5000.0	0.001	0.0019	0.0001	-0.013348	0.004028474305138972,0.8245076984603079,0.15961539692061588,0.011831793641271746,1.6636672665466908e-05
181	3400651529	5000.0	0.001	0.0019	0.0001	2.796311	0.5276900219956009,0.43880539892021597,0.029909258148370328,0.003584883023395321,1.0437912417516497e-05
177	2193998578	5000.0	0.001	0.0019	0.0001	6.624899	0.020964527094581083,0.1801629274145171,0.29805482903419317,0.3623126174765047,0.1310633473305339,0.007428154369126175,1.3597280543891222e-05
179	225168129	5000.0	0.001	0.0019	0.0001	0.825681	0.6742157968406318,0.31096424715056986,0.014762407518496301,5.754849030193961e-05
178	500173564	5000.0	0.001	0.0019	0.0001	0.874491	0.5340301539692062,0.44554425114977003,0.020059268146370726,0.0003662867426514697,3.9992001599680065e-08
182	3257463567	5000.0	0.001	0.0019	0.0001	3.523219	0.36733337332533494,0.5863011397720456,0.0461869626074785,0.00017404519096180765,4.479104179164167e-06
180	2641986307	5000.0	0.001	0.0019	0.0001	1.951128	0.41150321935612877,0.47429838032393523,0.11026702659468106,0.0039152169566086786,1.6156768646270746e-05
194	3230749504	5000.0	0.001	0.0019	0.0001	5.488126	0.07068834233153369,0.008152329534093181,0.2186127174565087,0.5975404519096181,0.1015373325334933,0.003467986402719456,8.398320335932813e-07
183	2849118996	5000.0	0.001	0.0019	0.0001	2.689538	0.4944645870825835,0.49047694461107777,0.014898420315936812,0.00016004799040191962
192	1544835902	5000.0	0.001	0.0019	0.0001	2.599061	0.674392401519696,0.316497900419916,0.00907870425914817,3.099380123975205e-05
187	1604791071	5000.0	0.001	0.0019	0.0001	2.005337	0.06257788442311538,0.558772525494901,0.3324082783443311,0.046096700659868026,0.0001440511897620476,5.598880223955209e-07
190	3613244200	5000.0	0.001	0.0019	0.0001	6.248944	0.14351517696460708,0.6151065386922615,0.23389730053989202,0.007471745650869826,9.238152369526095e-06
184	3206368020	5000.0	0.001	0.0019	0.0001	0.229657	0.8446161167766447,0.1535100579884023,0.0007184163167366527,0.001154249150169966,1.159768046390722e-06
185	492110619	5000.0	0.001	0.0019	0.0001	2.256636	0.5271335732853429,0.46057932413517294,0.011850149970005998,0.0004369126174765047,3.9992001599680065e-08
188	3749978918	5000.0	0.001	0.0019	0.0001	8.879880	0.018874625074985003,0.16929642071585682,0.4485394521095781,0.33062899420115976,0.032448150369926015,0.00021235752849430115
186	2672274205	5000.0	0.001	0.0019	0.0001	3.614540	0.06448534293141371,0.6209715656868626,0.2926143171365727,0.02158252349530094,0.00034625074985003
189	3213175592	5000.0	0.001	0.0019	0.0001	1.922051	0.6615856828634273,0.32628346330733854,0.012124135172965407,6.71865626874625e-06
193	3245679422	5000.0	0.001	0.0019	0.0001	0.505843	0.6462698660267946,0.341951449710058,0.01175760847830434,2.1075784843031393e-05
195	1908308805	5000.0	0.001	0.0019	0.0001	1.946300	0.6679081783643271,0.3172732653469306,0.01477992401519696,3.8632273545290943e-05
191	1282347823	5000.0	0.001	0.0019	0.0001	0.071827	0.014519256148770246,0.9530557088582283,0.03128622275544891,0.0011367726454709058,2.039592081583683e-06
196	715899718	5000.0	0.001	0.0019	0.0001	2.229504	0.20859156168766246,0.46462927414517097,0.31444411117776444,0.012256628674265148,7.842431513697261e-05
197	318167881	5000.0	0.001	0.0019	0.0001	5.328889	0.16842435512897422,0.36229438112377527,0.24548418316336731,0.1983138172365527,0.025248550289942013,0.00023439312137572485,3.199360127974405e-07
198	2799442765	5000.0	0.001	0.0019	0.0001	4.206135	0.13139220155968806,0.7454713857228554,0.1212113177364527,0.0019092181563687262,1.5876824635072987e-05
205	4093143924	5000.0	0.001	0.0019	0.0001	3.350608	0.1193508098380324,0.5721948410317936,0.3027240151969606,0.005729734053189362,5.99880023995201e-07
199	1494006613	5000.0	0.001	0.0019	0.0001	5.043411	0.19532953409318135,0.7387740451909618,0.06493077384523095,0.0009654469106178765,1.9996000799840033e-07
200	63019872	5000.0	0.001	0.0019	0.0001	7.674168	0.03606766646670666,0.5205204559088182,0.40645806838632276,0.0365618876224755,0.0003919216156768646
201	16786276	5000.0	0.001	0.0019	0.0001	3.451891	0.18464427114577084,0.6157609278144371,0.19528090381923616,0.004308498300339932,5.398920215956809e-06
203	2828856166	5000.0	0.001	0.0019	0.0001	3.803291	0.384572325534893,0.4975746450709858,0.11361439712057589,0.004235352929414117,3.279344131173765e-06
204	4110195563	5000.0	0.001	0.0019	0.0001	-0.124592	0.9593496900619876,0.03999196160767846,0.0006557088582283543,2.639472105578884e-06
202	4154884964	5000.0	0.001	0.0019	0.0001	5.118809	0.046773045390921815,0.2099381323735253,0.46635532893421316,0.2510624275144971,0.025761647670465907,0.00010941811637672465
212	404067232	5000.0	0.001	0.0019	0.0001	2.637319	0.6643973605278944,0.33057092581483705,0.00502871425714857,2.999400119976005e-06
206	279083896	5000.0	0.001	0.0019	0.0001	1.617377	0.04602611477704459,0.6922563087382524,0.2551362927414517,0.006570645870825835,1.0637872425514897e-05
207	4160392061	5000.0	0.001	0.0019	0.0001	3.133239	0.18053161367726456,0.6779398120375925,0.14083887222555488,0.00068874225154969,9.598080383923216e-07
213	3396039585	5000.0	0.001	0.0019	0.0001	2.576415	0.23109486102779445,0.7034655868826235,0.0648494301139772,0.0005899620075984803,1.5996800639872026e-07
208	3131601794	5000.0	0.001	0.0019	0.0001	5.587511	0.18136692661467707,0.655048950209958,0.16226718656268746,0.0013131373725254949,3.7992401519696063e-06
211	204508061	5000.0	0.001	0.0019	0.0001	1.788461	0.6169308538292342,0.37290589882023595,0.01014257148570286,2.0675864827034592e-05
214	3289326501	5000.0	0.001	0.0019	0.0001	-0.055347	0.9575395720855829,0.04119680063987203,0.0012625074985003,1.1197760447910417e-06
209	2214349720	5000.0	0.001	0.0019	0.0001	2.719190	0.5351124575084983,0.4548136772645471,0.010028354329134173,4.551089782043591e-05
210	1041654683	5000.0	0.001	0.0019	0.0001	2.776444	0.4347563687262547,0.5104753849230154,0.05151545690861828,0.003212117576484703,4.0431913617276545e-05,2.399520095980804e-07
215	1742760872	5000.0	0.001	0.0019	0.0001	3.231975	0.372578724255149,0.4998629074185163,0.12493977204559088,0.0026184363127374527,1.5996800639872026e-07
216	1974875054	5000.0	0.001	0.0019	0.0001	9.062462	0.11703615276944611,0.5005489702059588,0.3235018196360728,0.058728014397120575,0.00018504299140171965
217	247632815	5000.0	0.001	0.0019	0.0001	0.723963	0.895364327134573,0.09753933213357328,0.007087902419516096,8.438312337532494e-06
218	3022162864	5000.0	0.001	0.0019	0.0001	4.395975	0.1489134573085383,0.6284621075784843,0.11729450109978004,0.10444375124975006,0.0008861027794441112,7.998400319936013e-08
219	2857569199	5000.0	0.001	0.0019	0.0001	1.458358	0.7121362527494501,0.28240447910417915,0.005445870825834833,1.3397320535892822e-05
220	3729820596	5000.0	0.001	0.0019	0.0001	3.204776	0.12678172365526894,0.43761803639272145,0.3936643471305739,0.04142591481703659,0.0005098180363927215,1.5996800639872026e-07
221	2075237304	5000.0	0.001	0.0019	0.0001	4.780147	0.1286874625074985,0.3368372325534893,0.38880519896020793,0.14107106578684264,0.004596480703859228,2.559488102379524e-06
222	1189567419	5000.0	0.001	0.0019	0.0001	4.361353	0.07018272345530893,0.526871425714857,0.3804371925614877,0.021391721655668865,0.0011169366126774645
223	600296382	5000.0	0.001	0.0019	0.0001	1.881048	0.020487822435512896,0.8507815636872625,0.1280396720655869,0.0006907818436312738,1.5996800639872026e-07
225	3957902273	5000.0	0.001	0.0019	0.0001	0.651942	0.8106448310337933,0.18494249150169967,0.004408358328334333,4.319136172765447e-06
228	2534505418	5000.0	0.001	0.0019	0.0001	2.616050	0.15157288542291542,0.7610192361527695,0.08624339132173565,0.0011639672065586882,5.198960207958409e-07
224	1305179070	5000.0	0.001	0.0019	0.0001	3.932574	0.4275094181163767,0.5578645870825835,0.014602559488102379,2.3435312937412517e-05
227	180425672	5000.0	0.001	0.0019	0.0001	3.508739	0.4389482103579284,0.501452549490102,0.05907746450709858,0.0005217756448710258
226	664859586	5000.0	0.001	0.0019	0.0001	2.742487	0.4470761447710458,0.5404851829634073,0.01242243551289742,1.6236752649470107e-05
229	2166217675	5000.0	0.001	0.0019	0.0001	3.037094	0.5941796440711857,0.3935003399320136,0.012258028394321135,6.194761047790442e-05,3.9992001599680065e-08
230	1443730387	5000.0	0.001	0.0019	0.0001	5.533387	0.23060703859228154,0.6780089182163568,0.09021727654469106,0.0011659268146370725,8.398320335932813e-07
231	526801880	5000.0	0.001	0.0019	0.0001	-0.182385	0.9197264947010598,0.07882131573685262,0.0014441911617676464,7.958408318336332e-06,3.9992001599680065e-08
232	3160673246	5000.0	0.001	0.0019	0.0001	5.697030	0.0764376324735053,0.39651933613277346,0.4537778044391122,0.06691769646070786,0.006339892021595681,7.638472305538892e-06
233	408345570	5000.0	0.001	0.0019	0.0001	3.252000	0.26425074985003,0.7038821035792842,0.03178320335932813,8.394321135772846e-05
234	105647076	5000.0	0.001	0.0019	0.0001	3.159052	0.1703500099980004,0.800228674265147,0.029383203359328133,3.81123775244951e-05
236	3809754086	5000.0	0.001	0.0019	0.0001	2.056654	0.41503055388922216,0.4455898020395921,0.13768518296340732,0.0016886622675464907,5.798840231953609e-06
240	1676971002	5000.0	0.001	0.0019	0.0001	3.827420	0.037383443311337736,0.5761894421115776,0.3525850429914017,0.03380267946410718,3.939212157568486e-05
235	2674279398	5000.0	0.001	0.0019	0.0001	3.338051	0.27726042791441713,0.47878428314337135,0.22263599280143972,0.02017136572685463,0.001147850429914017,7.998400319936013e-08
237	2257259500	5000.0	0.001	0.0019	0.0001	5.717348	0.20566678664267146,0.6086885822835433,0.18378048390321935,0.0018307138572285543,3.343331333733253e-05
239	1957401594	5000.0	0.001	0.0019	0.0001	1.018598	0.8406013197360528,0.15804295140971805,0.001353889222155569,1.839632073585283e-06
238	2058683381	5000.0	0.001	0.0019	0.0001	2.729056	0.7417260147970406,0.2549484903019396,0.0033248150369926013,6.798640271945611e-07
241	1940251644	5000.0	0.001	0.0019	0.0001	1.607730	0.21634213157368526,0.015880583883223356,0.6350478304339132,0.12919116176764647,0.0035360527894421115,2.2395520895820834e-06
243	3733892105	5000.0	0.001	0.0019	0.0001	3.551679	0.37698436312737454,0.5734279544091182,0.049253509298140374,0.00033417316536692664
242	2623302657	5000.0	0.001	0.0019	0.0001	3.038995	0.15194561087782443,0.6225887222555488,0.21464643071385722,0.010814797040591882,4.439112177564487e-06
246	578225166	5000.0	0.001	0.0019	0.0001	2.240105	0.48414221155768844,0.492072425514897,0.023720735852829435,6.462707458508299e-05
244	2849725450	5000.0	0.001	0.0019	0.0001	5.850647	0.14781827634473105,0.5938123575284943,0.2539593281343731,0.004405678864227155,4.359128174365127e-06
247	1493963790	5000.0	0.001	0.0019	0.0001	1.206908	0.004183403319336133,0.6867774445110978,0.3007145770845831,0.007141371725654869,0.0011764447110577884,6.758648270345931e-06
245	3532387341	5000.0	0.001	0.0019	0.0001	1.856103	0.61924475104979,0.3607348530293941,0.01980367926414717,0.0002166766646670666,3.9992001599680065e-08
248	2321746968	5000.0	0.001	0.0019	0.0001	4.364992	0.09268998200359928,0.5442263147370526,0.3476622675464907,0.015212237552489502,0.00020915816836632675,3.9992001599680065e-08
254	3071898679	5000.0	0.001	0.0019	0.0001	2.181738	0.8013333733253349,0.19758268346330735,0.0010822235552889422,1.7196560687862428e-06
250	1322142749	5000.0	0.001	0.0019	0.0001	6.367370	0.11388686262747451,0.5034230353929214,0.3632751849630074,0.019235832833433313,0.00017904419116176765,3.9992001599680065e-08
255	1719694401	5000.0	0.001	0.0019	0.0001	2.914024	0.5600491901619676,0.3924112777444511,0.047005478904219154,0.0005328934213157369,1.159768046390722e-06
258	953771091	5000.0	0.001	0.0019	0.0001	3.323577	0.18059980003999201,0.7146598680263947,0.07842243551289742,0.025820595880823836,0.0004969006198760248,3.9992001599680065e-07
249	4290698266	5000.0	0.001	0.0019	0.0001	2.929738	0.3040872625474905,0.6033556088782244,0.08977760447910418,0.0027780443911217755,1.4797040591881624e-06
253	3703823415	5000.0	0.001	0.0019	0.0001	10.108985	0.022516456708658268,0.2659323335332933,0.4261505298940212,0.2599876824635073,0.025065626874625074,0.0003472905418916217,7.998400319936013e-08
252	2382277678	5000.0	0.001	0.0019	0.0001	2.821666	0.6760127574485103,0.31251869626074785,0.011432033593281344,3.65126974605079e-05
257	2467456077	5000.0	0.001	0.0019	0.0001	6.832959	0.1386261547690462,0.3790591081783643,0.4435996800639872,0.03847186562687462,0.00024319136172765447
256	1393374283	5000.0	0.001	0.0019	0.0001	3.477487	0.4039987202559488,0.4657146970605879,0.11302787442511497,0.01723483303339332,2.3875224955008998e-05
251	3006579750	5000.0	0.001	0.0019	0.0001	1.388088	0.416156448710258,0.564585122975405,0.017205598880223955,0.002033273345330934,1.955608878224355e-05
260	3650884698	5000.0	0.001	0.0019	0.0001	3.939280	0.22159204159168167,0.5820281143771245,0.19498376324735053,0.0013935212957408517,2.559488102379524e-06
259	642370644	5000.0	0.001	0.0019	0.0001	4.602892	0.19655912817436513,0.5226751849630074,0.25579216156768647,0.024227234553089384,0.0007262947410517896,1.7516496700659867e-05,2.4795040991801638e-06
264	502353001	5000.0	0.001	0.0019	0.0001	2.433539	0.6820873025394921,0.29983207358528297,0.01778128374325135,0.00029934013197360527
266	3068640364	5000.0	0.001	0.0019	0.0001	-1.720907	0.7594939812037592,0.18769042191561688,0.05219300139972006,0.0006183163367326534,4.2791441711657665e-06
261	3453809760	5000.0	0.001	0.0019	0.0001	2.539449	0.6935369326134773,0.28537000599880025,0.02020239952009598,0.0008888622275544891,1.799640071985603e-06
262	2365817959	5000.0	0.001	0.0019	0.0001	3.811807	0.16660239952009598,0.6890881023795241,0.13946682663467305,0.004824515096980604,1.815636872625475e-05
263	644883560	5000.0	0.001	0.0019	0.0001	2.321429	0.5240581483703259,0.46576672665466906,0.010154329134173166,2.0795840831833633e-05
265	3678307433	5000.0	0.001	0.0019	0.0001	3.201983	0.3078592281543691,0.6036030393921216,0.08792757448510298,0.0006099180163967207,2.399520095980804e-07
267	2963117167	5000.0	0.001	0.0019	0.0001	1.690368	0.6397437312537493,0.3309562087582483,0.027898940211957608,0.0014010797840431914,3.9992001599680065e-08
268	1762477167	5000.0	0.001	0.0019	0.0001	4.351180	0.2762240351929614,0.6879037392521495,0.035740491901619674,0.00013173365326934612
269	2865067122	5000.0	0.001	0.0019	0.0001	2.828730	0.30734725054989004,0.6793994801039792,0.013043311337732453,0.00020959808038392323,3.5992801439712056e-07
270	1861954684	5000.0	0.001	0.0019	0.0001	2.761025	0.6200528294341132,0.33189670065986804,0.047840751849630075,0.00020971805638872226
273	2831737994	5000.0	0.001	0.0019	0.0001	1.027522	0.8579973205358928,0.14070877824435113,0.0012934213157368526,4.799040191961608e-07
271	608228476	5000.0	0.001	0.0019	0.0001	4.730073	0.12966670665866828,0.4942665066986603,0.3550640271945611,0.020947890421915617,5.486902619476105e-05
275	1904249998	5000.0	0.001	0.0019	0.0001	0.423982	0.7370483903219356,0.2581578084383123,0.0047703259348130375,2.3475304939012197e-05
280	3820342436	5000.0	0.001	0.0019	0.0001	2.309685	0.5192310337932413,0.46439704059188164,0.016087062587482503,0.000284503099380124,3.5992801439712056e-07
279	2589944995	5000.0	0.001	0.0019	0.0001	-0.004822	0.9485033393321336,0.05109410117976405,0.00040247950409918017,7.998400319936013e-08
276	3680083087	5000.0	0.001	0.0019	0.0001	2.469926	0.40880763847230556,0.4728207158568286,0.11370565886822635,0.00461127774445111,5.4709058188362326e-05
278	3398331552	5000.0	0.001	0.0019	0.0001	2.584318	0.006281183763247351,0.26703063387322534,0.5855870425914818,0.13801991601679664,0.003063867226554689,1.735652869426115e-05
274	593988748	5000.0	0.001	0.0019	0.0001	4.395115	0.22744307138572287,0.6073882423515297,0.1636127974405119,0.001555888822235553
272	3447809156	5000.0	0.001	0.0019	0.0001	0.276553	0.48143119376124777,0.5032734653069386,0.015269866026794641,2.54749050189962e-05
282	787659943	5000.0	0.001	0.0019	0.0001	2.076107	0.5988470705858828,0.3901255348930214,0.011005678864227155,2.1715656868626276e-05
277	1055515805	5000.0	0.001	0.0019	0.0001	6.916357	0.050096620675864824,0.19922595480903818,0.507201599680064,0.21234017196560687,0.028740731853629273,0.0014492301539692062,0.0009438512297540492,1.839632073585283e-06
281	3729274022	5000.0	0.001	0.0019	0.0001	4.516995	0.0757620075984803,0.4944346330733853,0.3966886222755449,0.03241647670465907,0.0006980603879224156,1.9996000799840033e-07
283	1936477354	5000.0	0.001	0.0019	0.0001	2.324822	0.43627986402719454,0.540934573085383,0.022725654869026196,5.990801839632074e-05
286	2850557104	5000.0	0.001	0.0019	0.0001	4.565258	0.28587310537892424,0.6997716456708658,0.014335892821435712,1.9356128774245152e-05
287	1260004532	5000.0	0.001	0.0019	0.0001	0.307331	0.9400464307138572,0.05978400319936013,0.00016956608678264347
284	3878501548	5000.0	0.001	0.0019	0.0001	1.332203	0.4010132373525295,0.5781664867026595,0.020641871625674865,0.00017840431913617276
285	1048571054	5000.0	0.001	0.0019	0.0001	-0.553607	0.854929374125175,0.14385790841831633,0.0012115976804639072,1.1197760447910417e-06
288	4256230584	5000.0	0.001	0.0019	0.0001	2.122026	0.06949774045190962,0.03497000599880024,0.8011724055188962,0.09066418716256748,0.00367750449910018,1.7556488702259547e-05,5.99880023995201e-07
294	2290482372	5000.0	0.001	0.0019	0.0001	3.480723	0.5980290741851629,0.39227010597880424,0.009698380323935213,2.439512097580484e-06
290	1723182268	5000.0	0.001	0.0019	0.0001	1.230904	0.0957860027994401,0.3220351129774045,0.4942401919616077,0.0874131973605279,0.0005188562287542491,6.63867226554689e-06
291	980122813	5000.0	0.001	0.0019	0.0001	2.124839	0.21243363327334533,0.6591245350929814,0.12459788042391522,0.003843031393721256,9.198160367926415e-07
289	4120806588	5000.0	0.001	0.0019	0.0001	3.919417	0.14268150369926014,0.6206679064187163,0.23193985202959408,0.004561687662467506,0.0001490501899620076
292	3982550208	5000.0	0.001	0.0019	0.0001	4.467366	0.06302847430513897,0.37325478904219156,0.5157178564287143,0.047764247150569886,0.00023463307338532293
293	3442668737	5000.0	0.001	0.0019	0.0001	0.718340	0.6649937612477504,0.31866586682663467,0.015991841631673664,0.00034849030193961206,3.9992001599680065e-08
298	2006285516	5000.0	0.001	0.0019	0.0001	2.469653	0.46758952209558086,0.5091532893421316,0.023188042391521696,6.914617076584683e-05
297	1074402506	5000.0	0.001	0.0019	0.0001	0.938744	0.8511708458308338,0.1468525094981004,0.0019762047590481903,4.399120175964807e-07
295	300727494	5000.0	0.001	0.0019	0.0001	2.301539	0.47602039592081585,0.49025762847430515,0.033436672665466904,0.00028530293941211757
296	5477576	5000.0	0.001	0.0019	0.0001	1.577037	0.3338649870025995,0.5516566286742651,0.10742019596080783,0.007055148970205959,3.039392121575685e-06
299	4245839054	5000.0	0.001	0.0019	0.0001	7.106416	0.16402351529694062,0.6722160767846431,0.1623648870225955,0.0013945610877824435,9.598080383923216e-07
303	2315517147	5000.0	0.001	0.0019	0.0001	1.559218	0.5652897020595881,0.39540587882423517,0.038571885622875425,0.000732373525294941,1.5996800639872026e-07
300	2228825297	5000.0	0.001	0.0019	0.0001	-0.110994	0.93315024995001,0.06479116176764647,0.0020581883623275346,3.9992001599680065e-07
306	3625618664	5000.0	0.001	0.0019	0.0001	3.453817	0.6117212957408519,0.36823359328134375,0.018524415116976604,0.0015204159168166367,2.7994401119776043e-07
304	3894170844	5000.0	0.001	0.0019	0.0001	3.071725	0.10007662467506499,0.8422068386322735,0.05604735052989402,0.0016683063387322534,8.798240351929614e-07
302	4236555480	5000.0	0.001	0.0019	0.0001	0.032092	0.9478596680663868,0.04944867026594681,0.002675104979004199,1.6556688662267547e-05
301	4027577554	5000.0	0.001	0.0019	0.0001	6.647389	0.17595288942211557,0.475652349530094,0.32867754449110176,0.01950501899620076,0.00021219756048790242
305	2153606376	5000.0	0.001	0.0019	0.0001	0.926284	0.45784475104979006,0.5123864027194561,0.02967018596280744,9.866026794641071e-05
307	1865657582	5000.0	0.001	0.0019	0.0001	3.934580	0.04418148370325935,0.3924897820435913,0.4888907018596281,0.07424327134573086,0.0001947610477904419
308	4164048114	5000.0	0.001	0.0019	0.0001	4.600613	0.13630369926014796,0.6382325134973006,0.2075499300139972,0.017782163567286544,0.00013169366126774645
326	3571375396	5000.0	0.001	0.0019	0.0001	4.020369	0.06205650869826035,0.13491037792441513,0.5889537292541491,0.21087070585882822,0.0032057188562287543,2.959408118376325e-06
311	2362195192	5000.0	0.001	0.0019	0.0001	0.757040	0.41378416316736655,0.5448229554089182,0.04075816836632674,0.0006346730653869226,3.9992001599680065e-08
309	827272434	5000.0	0.001	0.0019	0.0001	3.003011	0.38153313337332534,0.5921772445510898,0.02554597080583883,0.0007430113977204559,6.39872025594881e-07
312	4214998264	5000.0	0.001	0.0019	0.0001	5.839492	0.2710385922815437,0.5581904019196161,0.16479152169566086,0.005625554889022196,0.00035288942211557687,1.0397920415916818e-06
315	2716386559	5000.0	0.001	0.0019	0.0001	1.657969	0.651122375524895,0.04379908018396321,0.08773129374125176,0.210950049990002,0.006390521895620876,6.678664267146571e-06
324	618558735	5000.0	0.001	0.0019	0.0001	4.728161	0.21376940611877623,0.7456742651469707,0.039867186562687465,0.0006887822435512898,3.5992801439712056e-07
319	3118193927	5000.0	0.001	0.0019	0.0001	3.606134	0.246226074785043,0.6534932213557288,0.09939488102379523,0.0008747850429914018,1.1037792441511698e-05
320	1225266441	5000.0	0.001	0.0019	0.0001	1.365040	0.05109262147570486,0.7856204359128174,0.15749042191561688,0.0057712057588482305,2.531493701259748e-05
310	2659630326	5000.0	0.001	0.0019	0.0001	7.563775	0.027384443111377724,0.3054965406918616,0.48679896020795843,0.17160507898420316,0.00869122175564887,2.3755248950209957e-05
317	2342388994	5000.0	0.001	0.0019	0.0001	1.829293	0.4838014397120576,0.47885398920215955,0.03681927614477105,0.0005178164367126575,7.478504299140172e-06
321	1534848266	5000.0	0.001	0.0019	0.0001	5.827507	0.1578237952409518,0.7212519896020796,0.11934613077384523,0.0015780443911217756,3.9992001599680065e-08
325	1160295697	5000.0	0.001	0.0019	0.0001	2.212548	0.5326279944011197,0.43214877024595083,0.03510793841231754,0.00011529694061187763
318	2736049411	5000.0	0.001	0.0019	0.0001	1.361654	0.8126065186962608,0.18515024995001,0.0022350729854029193,8.158368326334732e-06
323	196207886	5000.0	0.001	0.0019	0.0001	2.519573	0.41738048390321936,0.5650121175764847,0.017381643671265747,0.00022535492901419715,3.9992001599680065e-07
322	3868368139	5000.0	0.001	0.0019	0.0001	2.747856	0.04344779044191162,0.8278514297140572,0.12516620675864826,0.003516376724655069,1.819636072785443e-05
314	52075773	5000.0	0.001	0.0019	0.0001	1.285405	0.672274825034993,0.3063903619276145,0.0205627274545091,0.0007720455908818237,3.9992001599680065e-08
316	424955137	5000.0	0.001	0.0019	0.0001	4.673676	0.12329066186762648,0.6637828434313138,0.20738132373525295,0.005542731453709258,2.439512097580484e-06
328	2227770667	5000.0	0.001	0.0019	0.0001	0.957105	0.8259240151969606,0.17158188362327534,0.002368846230753849,0.00012525494901019797
313	2347123962	5000.0	0.001	0.0019	0.0001	4.718351	0.018986962607478505,0.25523091381723656,0.6386965006998601,0.08477932413517296,0.0023052989402119577,9.998000399920016e-07
327	1326845224	5000.0	0.001	0.0019	0.0001	5.244891	0.12194437112577484,0.7698834633073385,0.10398548290341932,0.004185122975404919,1.5596880623875224e-06
341	1814904171	5000.0	0.001	0.0019	0.0001	0.644974	0.4354114777044591,0.4376134373125375,0.12397116576684664,0.003002359528094381,1.5596880623875224e-06
334	2665547079	5000.0	0.001	0.0019	0.0001	3.660613	0.4530835832833433,0.4880379924015197,0.057412957408518296,0.0014652669466106779,1.9996000799840033e-07
330	3606990126	5000.0	0.001	0.0019	0.0001	0.182571	0.36263051389722056,0.6133037792441511,0.02395236952609478,0.00011329734053189363,3.9992001599680065e-08
335	78406993	5000.0	0.001	0.0019	0.0001	-0.117533	0.9717944411117776,0.027051589682063587,0.0011536892621475704,2.7994401119776043e-07
338	1751649632	5000.0	0.001	0.0019	0.0001	6.778755	0.20430797840431913,0.6367730853829234,0.15096820635872826,0.007944091181763648,6.63867226554689e-06
329	927794476	5000.0	0.001	0.0019	0.0001	0.230407	0.9299101779644071,0.06938380323935213,0.0007054589082183564,5.598880223955209e-07
331	718419250	5000.0	0.001	0.0019	0.0001	1.917979	0.6336157168566287,0.33823591281743653,0.025081503699260148,0.003057388522295541,9.478104379124176e-06
333	1369736509	5000.0	0.001	0.0019	0.0001	2.467716	0.10418412317536492,0.6777954809038192,0.21001919616076783,0.006942171565686862,0.0010500699860027994,8.958208358328334e-06
343	2367311232	5000.0	0.001	0.0019	0.0001	1.705702	0.464172325534893,0.47878424315136975,0.05585462907418516,0.0011887222555488901,7.998400319936013e-08
336	3933494613	5000.0	0.001	0.0019	0.0001	4.912877	0.07261683663267346,0.43861123775244953,0.45481403719256147,0.03334009198160368,0.0006141571685662867,3.639272145570886e-06
337	8316253	5000.0	0.001	0.0019	0.0001	2.156649	0.1214005598880224,0.020845390921815636,0.013907938412317536,0.44253077384523093,0.3651622075584883,0.02979880023995201,0.006347770445910818,5.678864227154569e-06,8.798240351929614e-07
332	3080373563	5000.0	0.001	0.0019	0.0001	0.324290	0.4999316536692662,0.45386866626674666,0.04573837232553489,0.00046130773845230955
339	1229061482	5000.0	0.001	0.0019	0.0001	0.872837	0.8579047790441912,0.13826698660267947,0.0038261947610477905,2.039592081583683e-06
342	273616255	5000.0	0.001	0.0019	0.0001	1.902233	0.44748518296340734,0.5263462907418516,0.025924135172965407,0.00024439112177564485
340	949863786	5000.0	0.001	0.0019	0.0001	1.976906	0.6423772445510898,0.3046026794641072,0.05219240151969606,0.0008276344731053789,3.9992001599680065e-08
344	2075047303	5000.0	0.001	0.0019	0.0001	3.007607	0.004560167966406719,0.43819036192761446,0.5222159968006399,0.03486594681063787,0.00016752649470105977
347	1641764236	5000.0	0.001	0.0019	0.0001	6.206188	0.08516804639072185,0.3754452309538092,0.43161111777644473,0.10302327534493101,0.0045015396920615874,0.00025078984203159366
348	1399963026	5000.0	0.001	0.0019	0.0001	4.952366	0.10814305138972205,0.5152567886422715,0.3116630673865227,0.06448254349130174,0.0004545090981803639,3.9992001599680065e-08
345	666697096	5000.0	0.001	0.0019	0.0001	1.172941	0.05957952409518096,0.7506785842831434,0.18092685462907418,0.00880755848830234,7.478504299140172e-06
346	2646035852	5000.0	0.001	0.0019	0.0001	3.740756	0.07643023395320936,0.6386349130173965,0.2777993201359728,0.007115496900619876,2.0035992801439712e-05
363	1347577324	5000.0	0.001	0.0019	0.0001	2.484132	0.4622588282343531,0.5024078784243151,0.03518568286342731,0.0001378124375124975,9.798040391921616e-06
359	1345861063	5000.0	0.001	0.0019	0.0001	0.493069	0.7113547290541892,0.2659629274145171,0.017378244351129776,0.005300899820035993,3.1993601279744052e-06
351	507690407	5000.0	0.001	0.0019	0.0001	0.347940	0.5183069386122775,0.4650874625074985,0.016521815636872626,8.374325134973005e-05,3.9992001599680065e-08
355	2262466	5000.0	0.001	0.0019	0.0001	3.351142	0.7015946810637872,0.29179808038392324,0.006371925614877025,0.00023523295340931814,7.998400319936013e-08
352	1669090733	5000.0	0.001	0.0019	0.0001	0.099486	0.9604175964807039,0.03806618676264747,0.0015138972205558888,2.319536092781444e-06
353	1193571762	5000.0	0.001	0.0019	0.0001	2.637506	0.24149074185162966,0.7258247550489902,0.03253257348530294,0.0001518896220755849,3.9992001599680065e-08
361	3691576796	5000.0	0.001	0.0019	0.0001	3.211350	0.046637632473505296,0.004151729654069186,0.7392685462907419,0.20684399120175964,0.0030073585282943413,9.06618676264747e-05,7.998400319936013e-08
350	2194994591	5000.0	0.001	0.0019	0.0001	5.683391	0.06135488902219556,0.44189274145170965,0.4316019196160768,0.06349802039592081,0.0016088382323535292,4.359128174365127e-05
362	1426984414	5000.0	0.001	0.0019	0.0001	0.083153	0.8917284943011398,0.10710121975604879,0.0011689662067586482,1.319736052789442e-06
357	2780071365	5000.0	0.001	0.0019	0.0001	1.730314	0.5607561687662468,0.4240913417316537,0.015100419916016797,5.2069586082783446e-05
354	1807707570	5000.0	0.001	0.0019	0.0001	-0.155481	0.9580951809638072,0.04128374325134973,0.0006204359128174366,6.39872025594881e-07
356	2320852420	5000.0	0.001	0.0019	0.0001	3.162943	0.4051738052389522,0.5651441711657669,0.02946750649870026,0.00021451709658068386
358	3868775877	5000.0	0.001	0.0019	0.0001	1.962743	0.10314633073385322,0.7853735652869426,0.10339280143971205,0.00807250549890022,1.4797040591881624e-05
360	3945489874	5000.0	0.001	0.0019	0.0001	2.848737	0.33726354729054187,0.5820377124575085,0.07891965606878625,0.001771885622875425,6.958608278344331e-06,2.399520095980804e-07
349	1938294167	5000.0	0.001	0.0019	0.0001	5.238741	0.11050829834033193,0.6980418716256749,0.18541723655268946,0.005231393721255749,0.000800879824035193,3.199360127974405e-07
364	491912692	5000.0	0.001	0.0019	0.0001	3.983374	0.05893929214157168,0.5298238352329534,0.40222191561687665,0.008939452109578085,7.52249550089982e-05,2.7994401119776043e-07
365	2265681399	5000.0	0.001	0.0019	0.0001	3.665999	0.502549850029994,0.4700750649870026,0.02725266946610678,0.00012241551689662068
366	2425609722	5000.0	0.001	0.0019	0.0001	1.999258	0.5694987402519496,0.36389090181963607,0.05904587082583483,0.007559328134373125,5.158968206358728e-06
367	1599346174	5000.0	0.001	0.0019	0.0001	2.658390	0.2987048190361928,0.6737046190761847,0.0275500899820036,4.047190561887622e-05
368	2241277441	5000.0	0.001	0.0019	0.0001	0.532728	0.8464958608278345,0.13600803839232153,0.0169872025594881,0.0005088982203559288
371	913608209	5000.0	0.001	0.0019	0.0001	0.601242	0.8507148570285943,0.14869050189962008,0.0005945610877824435,7.998400319936013e-08
369	945931779	5000.0	0.001	0.0019	0.0001	4.861685	0.08124383123375326,0.3099632473505299,0.426449950009998,0.17883299340131972,0.003508858228354329,1.1197760447910417e-06
370	2365982214	5000.0	0.001	0.0019	0.0001	3.347984	0.24137540491901618,0.3550876624675065,0.3593580483903219,0.04163035392921416,0.00254753049390122,9.998000399920016e-07
372	1658101265	5000.0	0.001	0.0019	0.0001	2.522565	0.385876624675065,0.45825302939412116,0.11294001199760048,0.04282191561687662,0.00010841831633673265
378	4262886956	5000.0	0.001	0.0019	0.0001	0.221318	0.8049168966206759,0.13737484503099381,0.057303179364127176,0.00040507898420315936
376	2498604586	5000.0	0.001	0.0019	0.0001	3.715576	0.4284862627474505,0.5423178964207158,0.028890821835632872,0.00030481903619276147,1.9996000799840033e-07
375	4109678110	5000.0	0.001	0.0019	0.0001	0.163272	0.9075965606878624,0.09020515896820636,0.00219624075184963,2.039592081583683e-06
382	1619482161	5000.0	0.001	0.0019	0.0001	1.425007	0.43201851629674065,0.5481316936612678,0.016824875024995002,0.0029858428314337134,3.9072185562887425e-05
377	1617272362	5000.0	0.001	0.0019	0.0001	0.534737	0.6182767046590681,0.3679504099180164,0.01367750449910018,9.538092381523695e-05
379	3305629229	5000.0	0.001	0.0019	0.0001	2.537276	0.12672125574885024,0.6212945810837832,0.15707810437912417,0.09311101779644071,0.0017764447110577885,1.859628074385123e-05
381	1641752113	5000.0	0.001	0.0019	0.0001	2.575232	0.5709170165966807,0.40861975604879025,0.019471065786842632,0.000992121575684863,3.9992001599680065e-08
383	3805185587	5000.0	0.001	0.0019	0.0001	1.125986	0.7805628074385123,0.21125494901019795,0.0074785442911417714,0.000703499300139972,1.9996000799840033e-07
374	749540894	5000.0	0.001	0.0019	0.0001	5.471503	0.12004119176164767,0.6040086782643471,0.26792113577284543,0.00802627474505099,2.7194561087782445e-06
384	80528948	5000.0	0.001	0.0019	0.0001	2.929515	0.3701358528294341,0.5829593681263747,0.04609370125974805,0.0008110377924415117,3.9992001599680065e-08
373	1743844885	5000.0	0.001	0.0019	0.0001	0.992827	0.7788699060187962,0.21630405918816237,0.004817396520695861,8.638272345530894e-06
380	4234014256	5000.0	0.001	0.0019	0.0001	3.331716	0.22766942611477706,0.6711946810637872,0.07440619876024795,0.024234393121375725,0.002450229954009198,4.5030993801239755e-05,3.9992001599680065e-08
385	4077153847	5000.0	0.001	0.0019	0.0001	4.902003	0.08602859428114377,0.3186875424915017,0.2368502299540092,0.09505302939412118,0.21591681663667267,0.04645750849830034,0.0010061987602479503,7.998400319936013e-08
386	1888624188	5000.0	0.001	0.0019	0.0001	0.562931	0.005101659668066387,0.7316299940011998,0.25675804839032196,0.0065006598680263945,9.638072385522896e-06
387	1580662335	5000.0	0.001	0.0019	0.0001	2.918481	0.6373297340531894,0.35378208358328334,0.008853069386122776,3.5112977404519095e-05
388	3105138240	5000.0	0.001	0.0019	0.0001	3.174138	0.5524600679864027,0.432595200959808,0.014855908818236353,8.882223555288942e-05
390	1349480002	5000.0	0.001	0.0019	0.0001	0.312080	0.9313818436312737,0.06733045390921816,0.0012870625874825035,6.39872025594881e-07
389	933312064	5000.0	0.001	0.0019	0.0001	1.509656	0.5086294341131774,0.4737125774845031,0.017614437112577486,4.355128974205159e-05
399	1773221499	5000.0	0.001	0.0019	0.0001	3.448311	0.3948014397120576,0.44028354329134173,0.16155532893421315,0.003327774445110978,3.167366526694661e-05,2.399520095980804e-07
391	1747713618	5000.0	0.001	0.0019	0.0001	0.081453	0.9396985402919417,0.06017088582283543,0.00013057388522295542
394	1417188956	5000.0	0.001	0.0019	0.0001	2.156484	0.46567086582683465,0.5146615076984603,0.019589602079584083,7.802439512097581e-05
392	3936265811	5000.0	0.001	0.0019	0.0001	2.463908	0.48183611277744454,0.5015559688062388,0.01631129774045191,0.0002965406918616277,7.998400319936013e-08
393	2348658260	5000.0	0.001	0.0019	0.0001	6.689869	0.2122256348730254,0.6232271945610878,0.15878860227954408,0.005756488702259548,2.0795840831833635e-06
405	3620800141	5000.0	0.001	0.0019	0.0001	0.512178	0.48430901819636074,0.504376324735053,0.010995280943811237,0.0003191761647670466,1.9996000799840033e-07
402	2418257537	5000.0	0.001	0.0019	0.0001	5.800488	0.0772259148170366,0.21828230353929215,0.57080599880024,0.1309111777644471,0.002689022195560888,8.550289942011598e-05,7.998400319936013e-08
397	963221109	5000.0	0.001	0.0019	0.0001	3.253603	0.13461735652869425,0.6999300539892022,0.16031445710857828,0.00513621275744851,1.919616076784643e-06
403	980453004	5000.0	0.001	0.0019	0.0001	0.317068	0.6016202359528094,0.38997156568686264,0.00840375924815037,4.439112177564487e-06
396	3841166950	5000.0	0.001	0.0019	0.0001	2.232478	0.49417272545490903,0.4673164167166567,0.03809634073185363,0.00041447710457908417,3.9992001599680065e-08
398	4201688698	5000.0	0.001	0.0019	0.0001	3.001283	0.055312297540491905,0.8212332333533293,0.12218128374325135,0.001272985402919416,1.9996000799840033e-07
400	650518141	5000.0	0.001	0.0019	0.0001	2.997066	0.4680976204759048,0.5189888022395521,0.012893861227754448,1.9716056788642272e-05
404	3534257805	5000.0	0.001	0.0019	0.0001	3.899318	0.1767987202559488,0.5695619276144771,0.24013429314137172,0.01338140371925615,0.00012365526894621076
395	1650390623	5000.0	0.001	0.0019	0.0001	9.091726	0.04457760447910418,0.24825870825834834,0.3562183963207359,0.235673825234953,0.10870481903619277,0.0065018596280743855,6.478704259148171e-05
401	3187273343	5000.0	0.001	0.0019	0.0001	-2.391102	0.5223497300539892,0.28159452109578087,0.13586494701059787,0.0585120975804839,0.0016777044591081785,9.998000399920016e-07
406	2217481872	5000.0	0.001	0.0019	0.0001	3.789360	0.3759717656468706,0.5957684463107379,0.027712937412517496,0.0005466506698660268,1.9996000799840033e-07
408	1385440913	5000.0	0.001	0.0019	0.0001	0.426271	0.8579874425114977,0.13963883223355328,0.002295900819836033,7.642471505698861e-05,1.3997200559888023e-06
407	1899484817	5000.0	0.001	0.0019	0.0001	0.352270	0.6516851029794041,0.3396792641471706,0.008153409318136373,0.0004822235552889422
409	428701335	5000.0	0.001	0.0019	0.0001	2.420107	0.35929214157168565,0.5894135172965407,0.042282383523295344,0.008985522895420915,2.6434713057388524e-05
410	1591092894	5000.0	0.001	0.0019	0.0001	2.672742	0.4975882423515297,0.4917154569086183,0.009827154569086182,0.0008691461707658468
412	2924656291	5000.0	0.001	0.0019	0.0001	2.864199	0.36719412117576483,0.5962565486902619,0.018555648870225955,0.01789850029994001,9.514097180563888e-05,3.9992001599680065e-08
411	3088674467	5000.0	0.001	0.0019	0.0001	2.209357	0.020530413917216557,0.5552311537692461,0.41311365726854626,0.011107618476304738,1.7156568686262747e-05
413	4040920749	5000.0	0.001	0.0019	0.0001	1.255845	0.4591392921415717,0.5076096380723856,0.031086662667466507,0.002118656268746251,4.5750849830033995e-05
414	2679709367	5000.0	0.001	0.0019	0.0001	7.571596	0.028085462907418517,0.11160787842431513,0.39676672665466906,0.37299180163967205,0.09018456308738253,0.00036316736652669464,3.9992001599680065e-07
415	626593469	5000.0	0.001	0.0019	0.0001	0.307203	0.4788279144171166,0.492399400119976,0.028660227954409118,0.00011245750849830034
416	3174225605	5000.0	0.001	0.0019	0.0001	0.924442	0.004796600679864027,0.7234280343931214,0.2677988402319536,0.003973005398920216,3.5192961407718455e-06
418	134170322	5000.0	0.001	0.0019	0.0001	2.512202	0.5430116376724655,0.44172817436512696,0.015250869826034793,9.318136372725454e-06
419	1693325017	5000.0	0.001	0.0019	0.0001	0.050841	0.9231984803039393,0.07502011597680464,0.0017802839432113577,1.1197760447910417e-06
423	1024579306	5000.0	0.001	0.0019	0.0001	1.506873	0.7877271345730854,0.199475424915017,0.012787562487502499,9.878024395120976e-06
417	2866480843	5000.0	0.001	0.0019	0.0001	10.036694	0.04353041391721656,0.1471142171565687,0.38636872625474905,0.3530364327134573,0.06884227154569086,0.001071625674865027,3.63127374525095e-05
427	2631941872	5000.0	0.001	0.0019	0.0001	0.208061	0.13475892821435712,0.8417186962607478,0.023020435912817435,0.000501379724055189,5.598880223955209e-07
426	3673196268	5000.0	0.001	0.0019	0.0001	2.155521	0.5577370525894821,0.36768070385922813,0.07370325934813038,0.0008789042191561688,7.998400319936013e-08
429	2024873723	5000.0	0.001	0.0019	0.0001	5.262375	0.04946318736252749,0.33039628074385125,0.5560763447310538,0.06187618476304739,0.0021852029594081183,2.7994401119776045e-06
428	2528818930	5000.0	0.001	0.0019	0.0001	3.618096	0.1725630873825235,0.44648514297140574,0.37269410117976404,0.008245190961807638,1.247750449910018e-05
430	1132971771	5000.0	0.001	0.0019	0.0001	3.271885	0.5608578284343131,0.4210839032193561,0.018043071385722854,1.5196960607878425e-05
424	852008683	5000.0	0.001	0.0019	0.0001	2.380777	0.30212425514897023,0.6452337932413518,0.05165382923415317,0.0009871625674865026,9.598080383923216e-07
422	2915665637	5000.0	0.001	0.0019	0.0001	1.086870	0.024522015596880622,0.6349985202959408,0.3244266346730654,0.016015876824635074,3.695260947810438e-05
420	1655176922	5000.0	0.001	0.0019	0.0001	2.009337	0.3755638472305539,0.613700099980004,0.010478504299140172,0.0002573085382923415,2.399520095980804e-07
421	1239135971	5000.0	0.001	0.0019	0.0001	4.660190	0.058024395120975805,0.4515997200559888,0.4220875024995001,0.06755888822235553,0.0007171365726854629,1.235752849430114e-05
425	2777902827	5000.0	0.001	0.0019	0.0001	1.204013	0.034037232553489304,0.8728073585282944,0.09050909818036393,0.0026459108178364327,3.9992001599680065e-07
431	2811645696	5000.0	0.001	0.0019	0.0001	2.291171	0.019764247150569885,0.4011760847830434,0.5547679664067187,0.02385474905018996,0.0004369126174765047,3.9992001599680065e-08
433	3045216004	5000.0	0.001	0.0019	0.0001	0.538801	0.44642667466506697,0.5282212357528494,0.025181923615276946,0.00017016596680663866
432	2502715138	5000.0	0.001	0.0019	0.0001	3.319818	0.17599124175164968,0.6226591481703659,0.1877883223355329,0.013473505298940211,8.778244351129774e-05
435	3636967175	5000.0	0.001	0.0019	0.0001	1.418668	0.03456584683063387,0.7065875224955009,0.2515685262947411,0.007241711657668466,3.639272145570886e-05
436	2803441414	5000.0	0.001	0.0019	0.0001	1.665374	0.011218956208758249,0.5347744051189762,0.4475479704059188,0.006447790441911618,1.0877824435112978e-05
434	1318792966	5000.0	0.001	0.0019	0.0001	2.818108	0.04059012197560488,0.3357209358128374,0.4422227554489102,0.17928022395520896,0.0021852029594081183,7.598480303939212e-07
437	2453264150	5000.0	0.001	0.0019	0.0001	3.511894	0.39178384323135373,0.5240367526494701,0.08202691461707659,0.0021521695660867827,3.199360127974405e-07
438	3426518816	5000.0	0.001	0.0019	0.0001	3.066763	0.5431116576684663,0.40896848630273946,0.0472127974405119,0.0007041391721655669,2.9194161167766445e-06
441	758208294	5000.0	0.001	0.0019	0.0001	5.366399	0.08979744051189761,0.46804399120175966,0.4179890421915617,0.024148250349930015,2.1275744851029795e-05
439	2722447137	5000.0	0.001	0.0019	0.0001	2.516110	0.1604113577284543,0.7504179564087182,0.05978036392721456,0.02853353329334133,0.0008567886422715457
440	1831012131	5000.0	0.001	0.0019	0.0001	1.806267	0.4021613277344531,0.574821675664867,0.021768166366726655,0.0012486702659468107,1.5996800639872026e-07
442	1466300200	5000.0	0.001	0.0019	0.0001	4.050102	0.2774781043791242,0.5103853229354129,0.21032873425314938,0.0018065586882623475,1.279744051189762e-06
447	2242397999	5000.0	0.001	0.0019	0.0001	4.611954	0.15708250349930014,0.6933308938212358,0.14210977804439112,0.007335572885422916,0.00014125174965006997
443	600733481	5000.0	0.001	0.0019	0.0001	2.062580	0.522451549690062,0.46976360727854427,0.0076536692661467705,0.00013109378124375124,7.998400319936013e-08
444	244102955	5000.0	0.001	0.0019	0.0001	1.744171	0.7784739052189562,0.20401907618476306,0.01632901419716057,0.001171125774845031,6.878624275144971e-06
446	4009635630	5000.0	0.001	0.0019	0.0001	2.501925	0.45984463107378526,0.5234381923615277,0.016684503099380125,3.267346530693861e-05
449	254146359	5000.0	0.001	0.0019	0.0001	1.725131	0.4933517296540692,0.4872482703459308,0.01933865226954609,6.126774645070986e-05,7.998400319936013e-08
448	162791218	5000.0	0.001	0.0019	0.0001	2.463939	0.6194809438112377,0.3707840831833633,0.009131533693261348,0.0006032393521295741,1.9996000799840033e-07
445	4096780077	5000.0	0.001	0.0019	0.0001	9.245943	0.04692249550089982,0.4461790041991602,0.40890825834833033,0.08819000199960007,0.00978496300739852,1.5276944611077784e-05
455	799432524	5000.0	0.001	0.0019	0.0001	0.652192	0.6733676064787043,0.31767642471505697,0.008936812637472506,1.915616876624675e-05
450	3231323965	5000.0	0.001	0.0019	0.0001	0.606579	0.5408235952809438,0.4403732853429314,0.010389482103579284,0.00755620875824835,0.0008573085382923416,1.199760047990402e-07
451	289222468	5000.0	0.001	0.0019	0.0001	2.874581	0.2873985602879424,0.6590106778644271,0.035758048390321935,0.017784283143371327,4.843031393721256e-05
452	736016201	5000.0	0.001	0.0019	0.0001	7.461298	0.07757992401519696,0.5295878824235153,0.3632392321535693,0.029445470905818835,0.00014345130973805238,4.039192161567687e-06
453	2988390218	5000.0	0.001	0.0019	0.0001	3.614944	0.29659036192761445,0.6360569886022795,0.06374789042191562,0.0035492101579684063,5.550889822035593e-05,3.9992001599680065e-08
454	2442567499	5000.0	0.001	0.0019	0.0001	1.045294	0.7983829634073185,0.19318784243151368,0.008417996400719855,1.1197760447910418e-05
456	3958587215	5000.0	0.001	0.0019	0.0001	0.272221	0.9329635672865427,0.06529670065986802,0.0017371725654869027,2.559488102379524e-06
459	3895355226	5000.0	0.001	0.0019	0.0001	3.055183	0.29321575684863027,0.6607535692861428,0.04220719856028794,0.0038197960407918416,3.679264147170566e-06
458	3373963094	5000.0	0.001	0.0019	0.0001	3.399658	0.3712879424115177,0.5712997400519896,0.0565493301339732,0.0008627874425114977,1.9996000799840033e-07
457	2808868693	5000.0	0.001	0.0019	0.0001	0.038327	0.0006991401719656069,0.19395804839032194,0.3654010797840432,0.4165572885422915,0.022067266546690664,0.0013094581083783244,7.718456308738253e-06
462	1056716647	5000.0	0.001	0.0019	0.0001	0.628648	0.4899480103979204,0.43753945210957806,0.07212669466106779,0.0003857628474305139,7.998400319936013e-08
461	3580264289	5000.0	0.001	0.0019	0.0001	3.263746	0.3167616476704659,0.6383944811037793,0.04438244351129774,0.0004614277144571086
460	592131935	5000.0	0.001	0.0019	0.0001	2.457195	0.21707114577084582,0.705867426514697,0.0756745450909818,0.0013708058388322336,1.6076784643071386e-05
464	2600566639	5000.0	0.001	0.0019	0.0001	1.173018	0.030524655068986203,0.7185434913017397,0.23768454309138173,0.013220395920815836,2.6914617076584682e-05
463	1495711593	5000.0	0.001	0.0019	0.0001	8.433972	0.016197160567886424,0.23197144571085782,0.46621647670465904,0.26655780843831234,0.018963447310537892,9.366126774645071e-05
465	1590437743	5000.0	0.001	0.0019	0.0001	1.474432	0.819229274145171,0.17428290341931613,0.006479344131173765,8.478304339132174e-06
469	2326611840	5000.0	0.001	0.0019	0.0001	4.935809	0.2526787842431514,0.5251786042791442,0.2131002599480104,0.009030993801239753,1.1357728454309138e-05
467	3732017021	5000.0	0.001	0.0019	0.0001	5.552204	0.2443388922215557,0.699426874625075,0.05489334133173365,0.0013404519096180765,4.399120175964807e-07
468	4115363710	5000.0	0.001	0.0019	0.0001	0.441314	0.489974525094981,0.49950861827634474,0.010435392921415716,8.146370725854829e-05
466	739190652	5000.0	0.001	0.0019	0.0001	3.605192	0.005838392321535693,0.19830801839632073,0.5878032393521295,0.17520459908018396,0.029867866426714657,0.002974645070985803,3.239352129574085e-06
470	3766071168	5000.0	0.001	0.0019	0.0001	1.794960	0.7493646470705859,0.24845330933813237,0.0021819236152769445,1.199760047990402e-07
473	3130834843	5000.0	0.001	0.0019	0.0001	2.388563	0.025829354129174167,0.7271334533093381,0.23627198560287943,0.010634833033393321,0.000130373925214957
471	544114565	5000.0	0.001	0.0019	0.0001	2.568595	0.1655503699260148,0.7661875224955009,0.06432049590081984,0.003935492901419716,6.11877624475105e-06
472	905828250	5000.0	0.001	0.0019	0.0001	5.463889	0.12566050789842031,0.6443938412317537,0.22394361127774445,0.005986842631473705,1.5196960607878425e-05
474	877072284	5000.0	0.001	0.0019	0.0001	0.680300	0.44868054389122175,0.4751995600879824,0.06931541691661668,0.00680123975204959,3.239352129574085e-06
475	457490338	5000.0	0.001	0.0019	0.0001	6.124840	0.08569814037192562,0.4971976804639072,0.36661427714457107,0.04835544891021796,0.002120375924815037,1.4077184563087382e-05
476	4235138979	5000.0	0.001	0.0019	0.0001	2.329483	0.4636737852429514,0.5235167766446711,0.012736012797440513,7.34253149370126e-05
480	4191217586	5000.0	0.001	0.0019	0.0001	1.229074	0.7915509298140372,0.20677976404719056,0.0016691461707658468,1.5996800639872026e-07
478	3587223470	5000.0	0.001	0.0019	0.0001	1.273364	0.6115765646870626,0.3818525894821036,0.006559808038392322,1.1037792441511698e-05
481	480243638	5000.0	0.001	0.0019	0.0001	3.690626	0.3064244351129774,0.4790237552489502,0.2109106578684263,0.0036131573685262946,2.7994401119776046e-05
482	2655518649	5000.0	0.001	0.0019	0.0001	0.292810	0.3821238552289542,0.5891401719656069,0.028585882823435313,0.0001500899820035993
479	2809309106	5000.0	0.001	0.0019	0.0001	6.955120	0.2578370325934813,0.5438237552489502,0.190972925414917,0.007363327334533093,2.959408118376325e-06
477	1450332070	5000.0	0.001	0.0019	0.0001	2.782758	0.0002084383123375325,0.5068172365526895,0.47579816036792644,0.017129774045190962,4.423115376924615e-05,2.1595680863827235e-06
484	3467931582	5000.0	0.001	0.0019	0.0001	2.327107	0.33174169166166767,0.3928364327134573,0.26688634273145373,0.008013037392521495,0.0005216156768646271,8.798240351929614e-07
483	1416640442	5000.0	0.001	0.0019	0.0001	3.239605	0.4987117376524695,0.4456922215556889,0.05451629674065187,0.0010797040591881623,3.9992001599680065e-08
485	3263080390	5000.0	0.001	0.0019	0.0001	6.766897	0.10564115176964607,0.5369212557488502,0.33667054589082185,0.020730853829234154,3.6192761447710455e-05
489	1868134355	5000.0	0.001	0.0019	0.0001	0.832021	0.27438216356728656,0.6859416116776644,0.039047950409918014,0.0006273145370925815,9.598080383923216e-07
488	3923283917	5000.0	0.001	0.0019	0.0001	2.472751	0.2651856828634273,0.6988156768646271,0.03579256148770246,0.00020607878424315138
486	2623111112	5000.0	0.001	0.0019	0.0001	-0.683686	0.8097466106778645,0.1865890821835633,0.003657908418316337,6.3987202559488104e-06
487	948225996	5000.0	0.001	0.0019	0.0001	0.875786	0.7255804839032194,0.23187666466706658,0.042226674665066986,0.0003161767646470706
490	1489881047	5000.0	0.001	0.0019	0.0001	1.269903	0.8258347530493901,0.1539736852629474,0.020167366526694663,2.4195160967806438e-05
491	3579353056	5000.0	0.001	0.0019	0.0001	1.642525	0.8396352329534094,0.09468422315536892,0.06524507098580284,0.00043547290541891623
492	2468065258	5000.0	0.001	0.0019	0.0001	2.975346	0.2438880223955209,0.6671914417116577,0.08358360327934414,0.005307098580283943,2.9834033193361328e-05
495	1458622451	5000.0	0.001	0.0019	0.0001	0.158242	0.24680339932013598,0.7208689862027594,0.030686662667466506,0.0016396320735852829,1.319736052789442e-06
494	4130344942	5000.0	0.001	0.0019	0.0001	1.937167	0.6020416716656669,0.36881667666466705,0.027340651869626073,0.0018009598080383923,3.9992001599680065e-08
493	2417346541	5000.0	0.001	0.0019	0.0001	-0.336612	0.008720295940811838,0.8879919616076785,0.09853189362127575,0.0047409718056388725,1.4877024595080984e-05
496	2679425013	5000.0	0.001	0.0019	0.0001	3.650943	0.2736268346330734,0.6199747650469906,0.1050630273945211,0.0013312137572485503,4.159168166366727e-06
499	2790823932	5000.0	0.001	0.0019	0.0001	2.692371	0.6369394921015796,0.3509473305338932,0.012103459308138373,9.718056388722255e-06
497	3628185592	5000.0	0.001	0.0019	0.0001	-0.344205	0.900027874425115,0.09950761847630474,0.0004644671065786843,3.9992001599680065e-08
498	1325250554	5000.0	0.001	0.0019	0.0001	0.309487	0.3993786442711458,0.5628857028594281,0.03756924615076985,0.0001662867426514697,1.199760047990402e-07
