sim_id	seed	popsize	selcoef	sigma	mutrate	velocity	profile
0	2118797322	5000.0	0.001	0.00153	0.0001	-0.388992	0.8826897420515897,0.11536448710257949,0.0019439312137572485,1.839632073585283e-06
19	3253434450	5000.0	0.001	0.00153	0.0001	2.232381	0.2316016796640672,0.6960769846030794,0.07111861627674465,0.0012023595280943812,3.5992801439712056e-07
1	3502974987	5000.0	0.001	0.00153	0.0001	2.302246	0.6492029594081183,0.34277376524695063,0.008016556688662267,6.71865626874625e-06
6	1375055893	5000.0	0.001	0.00153	0.0001	2.496072	0.6454717456508698,0.34440703859228156,0.010079264147170567,4.195160967806439e-05
18	255785032	5000.0	0.001	0.00153	0.0001	3.678995	0.10114109178164367,0.6957658868226355,0.20019256148770245,0.0028954209158168365,5.038992201559688e-06
4	384831504	5000.0	0.001	0.00153	0.0001	0.762766	0.49325454909018196,0.4817378124375125,0.024775484903019396,0.00023215356928614277
12	2402435113	5000.0	0.001	0.00153	0.0001	2.612756	0.31257064587082584,0.5308895420915817,0.15579748050389922,0.0007422115576884624,1.199760047990402e-07
9	2705995811	5000.0	0.001	0.00153	0.0001	0.823350	0.41051997600479906,0.39339656068786244,0.16024535092981404,0.035169126174765045,0.0006657068586282743,3.279344131173765e-06
11	194422823	5000.0	0.001	0.00153	0.0001	4.421452	0.25986942611477704,0.5212459908018396,0.21655416916616677,0.0023226954609078185,7.718456308738253e-06
10	3666333735	5000.0	0.001	0.00153	0.0001	0.937905	0.42779248150369925,0.5461216556688663,0.025905858828234353,0.00017996400719856028,3.9992001599680065e-08
8	1460297758	5000.0	0.001	0.00153	0.0001	-0.335134	0.8845232553489302,0.11317856428714257,0.0022800639872025594,1.811637672465507e-05
13	1411977263	5000.0	0.001	0.00153	0.0001	3.099089	0.1597247350529894,0.6993518096380724,0.11634417116576684,0.02437984403119376,0.000199000199960008,4.399120175964807e-07
17	3531626567	5000.0	0.001	0.00153	0.0001	0.463980	0.6177955208958208,0.3618119176164767,0.019624595080983805,0.0007677664467106579,1.9996000799840033e-07
2	901589006	5000.0	0.001	0.00153	0.0001	0.374598	0.2841519296140772,0.6825704459108178,0.032416996600679863,0.0008605478904219156,7.998400319936013e-08
5	3303823379	5000.0	0.001	0.00153	0.0001	1.386929	0.3585057388522295,0.5686197160567886,0.07196444711057788,0.0009100579884023195,3.9992001599680065e-08
14	2109349943	5000.0	0.001	0.00153	0.0001	2.515176	0.0917756448710258,0.8053292941411717,0.1021124975004999,0.0007825634873025395
3	38793231	5000.0	0.001	0.00153	0.0001	0.732421	0.6514940211957608,0.34485326934613075,0.003649630073985203,3.079384123175365e-06
15	1277634629	5000.0	0.001	0.00153	0.0001	2.094183	0.43017876424715057,0.5270620675864827,0.04148502299540092,0.0012731453709258149,9.998000399920016e-07
7	954126365	5000.0	0.001	0.00153	0.0001	3.500384	0.026635072985402918,0.3185244551089782,0.6145849630073985,0.03975084983003399,0.0005041791641671665,4.799040191961608e-07
16	3120820294	5000.0	0.001	0.00153	0.0001	4.199776	0.05546714657068586,0.3069371725654869,0.575473825234953,0.06192097580483903,0.00020075984803039393,1.199760047990402e-07
20	51841111	5000.0	0.001	0.00153	0.0001	5.303584	0.10003355328934213,0.6297694061187763,0.2499744451109778,0.020083303339332132,0.00013929214157168567
21	3228905560	5000.0	0.001	0.00153	0.0001	0.149578	0.03867622475504899,0.8942520295940812,0.062186882623475305,0.0048654669066186765,1.9396120775844833e-05
22	940798047	5000.0	0.001	0.00153	0.0001	3.747744	0.17670881823635273,0.2958995400919816,0.44950625874825034,0.07743511297740452,0.00044923015396920615,1.0397920415916818e-06
23	1095604323	5000.0	0.001	0.00153	0.0001	0.580996	0.5420885022995401,0.4351849230153969,0.022695980803839232,3.059388122375525e-05
24	2164656229	5000.0	0.001	0.00153	0.0001	0.918250	0.7382255948810238,0.25357688462307537,0.008187122575484903,1.0397920415916817e-05
26	2621876331	5000.0	0.001	0.00153	0.0001	2.176693	0.48222275544891025,0.5096773845230954,0.008080703859228154,1.915616876624675e-05
25	39858279	5000.0	0.001	0.00153	0.0001	2.937653	0.25278564287142574,0.5665800039992002,0.1501365726854629,0.02893625274945011,0.001560727854429114,7.998400319936013e-07
30	2844072054	5000.0	0.001	0.00153	0.0001	0.797881	0.4007885622875425,0.5538167166566687,0.04424759048190362,0.0011465706858628274,5.598880223955209e-07
27	2065477743	5000.0	0.001	0.00153	0.0001	1.363226	0.4100018396320736,0.5742610277944411,0.015615516896620676,0.00012149570085982803,1.199760047990402e-07
28	2021120113	5000.0	0.001	0.00153	0.0001	-0.115228	0.9345942011597681,0.06503163367326535,0.0003741651669666067
29	3244396658	5000.0	0.001	0.00153	0.0001	0.964797	0.7932605878824235,0.19497080583883222,0.011761807638472305,6.798640271945611e-06
31	266338423	5000.0	0.001	0.00153	0.0001	1.144282	0.5478621475704859,0.4396236352729454,0.01249382123575285,2.0395920815836833e-05
34	2417158273	5000.0	0.001	0.00153	0.0001	4.286822	0.16810857828434314,0.34755556888622274,0.31135484903019395,0.16736940611877624,0.0056085982803439315,2.999400119976005e-06
36	2872303747	5000.0	0.001	0.00153	0.0001	6.153218	0.08208618276344731,0.3456653469306139,0.4556864227154569,0.11383551289742051,0.0027228554289142172,3.679264147170566e-06
37	3568400529	5000.0	0.001	0.00153	0.0001	0.228405	0.9046535092981404,0.09449054189162168,0.0008559488102379524
35	235321475	5000.0	0.001	0.00153	0.0001	0.289979	0.9340460307938412,0.06434017196560687,0.0014238352329534094,0.00018824235152969406,1.7196560687862428e-06
39	2589743262	5000.0	0.001	0.00153	0.0001	3.525182	0.23406630673865228,0.6178646270745851,0.14331381723655268,0.004657388522295541,9.786042791441712e-05
38	2027909273	5000.0	0.001	0.00153	0.0001	2.053237	0.3206784643071386,0.6480732253549291,0.031062147570485903,0.0001861627674465107
32	3262320760	5000.0	0.001	0.00153	0.0001	6.898581	0.031147890421915618,0.23249570085982804,0.618328374325135,0.11720335932813437,0.0008239152169566086,7.598480303939212e-07
33	2596905085	5000.0	0.001	0.00153	0.0001	3.080820	0.23077548490301938,0.7272233153369326,0.040926894621075786,0.001070745850829834,3.5592881423715255e-06
40	3634860196	5000.0	0.001	0.00153	0.0001	5.738073	0.06893365326934613,0.18255872825434913,0.47076852629474103,0.25878980203959207,0.01872605478904219,0.00022323535292941411
41	1107628202	5000.0	0.001	0.00153	0.0001	6.796065	0.10937032593481304,0.5983757648470306,0.2894994201159768,0.002734133173365327,2.0355928814237152e-05
43	2695035058	5000.0	0.001	0.00153	0.0001	3.703164	0.11774509098180364,0.6632533093381324,0.1969111777644471,0.021587322535492903,0.0005030993801239752
42	531611823	5000.0	0.001	0.00153	0.0001	-0.494407	0.8375025794841032,0.16109554089182163,0.0014014397120575884,4.399120175964807e-07
44	4169277620	5000.0	0.001	0.00153	0.0001	3.434305	0.1487511297740452,0.42969546090781846,0.35723031393721255,0.06398192361527695,0.0003403319336132773,8.398320335932813e-07
46	997263548	5000.0	0.001	0.00153	0.0001	-0.557744	0.024720415916816636,0.7662547890421916,0.17960891821635672,0.02898980203959208,0.000425994801039792,7.998400319936013e-08
51	3322996943	5000.0	0.001	0.00153	0.0001	3.003838	0.6378528294341131,0.3234144371125775,0.037602759448110375,0.0011202159568086383,9.758048390321935e-06
45	1352634549	5000.0	0.001	0.00153	0.0001	3.390607	0.12260323935212958,0.6705602479504099,0.19725582883423315,0.00954625074985003,3.443311337732454e-05
48	783122622	5000.0	0.001	0.00153	0.0001	0.914459	0.6726339532093581,0.31542987402519496,0.010420075984803039,0.0015153369326134773,7.598480303939212e-07
52	924674256	5000.0	0.001	0.00153	0.0001	2.342418	0.5987925614877024,0.28547250549890024,0.11488254349130174,0.0008522295540891821,1.5996800639872026e-07
47	400838844	5000.0	0.001	0.00153	0.0001	2.363963	0.04956336732653469,0.8562791041791642,0.0930497900419916,0.0011076584683063387,7.998400319936013e-08
50	907493572	5000.0	0.001	0.00153	0.0001	2.308973	0.3838093581283743,0.5687362927414517,0.04643551289742052,0.0010185562887422516,2.7994401119776043e-07
53	337477852	5000.0	0.001	0.00153	0.0001	5.686131	0.18930973805238951,0.5939331733653269,0.20364323135372925,0.013011557688462308,0.0001022995400919816
57	187044077	5000.0	0.001	0.00153	0.0001	4.104874	0.19720891821635672,0.4940652269546091,0.29715740851829636,0.011552809438112377,1.5636872625474905e-05
56	2856302826	5000.0	0.001	0.00153	0.0001	0.251094	0.25713569286142773,0.5944393921215757,0.13875376924615077,0.009661067786442712,1.0077984403119377e-05
55	46987491	5000.0	0.001	0.00153	0.0001	0.428505	0.9359250949810038,0.06234789042191562,0.0017264147170565887,5.99880023995201e-07
54	3094321376	5000.0	0.001	0.00153	0.0001	0.505202	0.8608412717456508,0.13396512697460508,0.005190441911617677,3.1593681263747252e-06
58	833161456	5000.0	0.001	0.00153	0.0001	3.549332	0.25561927614477103,0.4866081583683263,0.2340483103379324,0.02365366926614677,7.058588282343532e-05
59	4217172209	5000.0	0.001	0.00153	0.0001	0.642580	0.34123943211357727,0.6205644071185763,0.037956008798240355,0.0002401119776044791,3.9992001599680065e-08
49	3849218244	5000.0	0.001	0.00153	0.0001	1.792346	0.43834501099780043,0.5178108378324335,0.04134765046990602,0.00249502099580084,1.4797040591881624e-06
60	231385333	5000.0	0.001	0.00153	0.0001	-0.262675	0.9244841031793641,0.06285570885822836,0.012646630673865226,6.838632273545291e-06,6.71865626874625e-06
61	2416894201	5000.0	0.001	0.00153	0.0001	2.287892	0.03749070185962807,0.8528735452909418,0.10808010397920416,0.0015555288942211557,1.199760047990402e-07
62	2445181186	5000.0	0.001	0.00153	0.0001	5.258680	0.18565422915416915,0.7498497100579884,0.06376768646270746,0.0007262947410517896,2.0795840831833635e-06
63	3610665220	5000.0	0.001	0.00153	0.0001	1.352147	0.5757194961007799,0.3600890621875625,0.06350585882823435,0.0006855828834233153
64	3152015626	5000.0	0.001	0.00153	0.0001	2.742231	0.4680375124975005,0.49853033393321333,0.03295516896620676,0.00047698460307938413
66	465174802	5000.0	0.001	0.00153	0.0001	0.530192	0.5937018196360728,0.38318276344731056,0.022925334933013398,0.00018724255148970206,2.8394321135772845e-06
65	2682269967	5000.0	0.001	0.00153	0.0001	-0.218529	0.06652633473305339,0.5644879824035193,0.340399600079984,0.02824603079384123,0.0003400119976004799,3.9992001599680065e-08
67	2265139478	5000.0	0.001	0.00153	0.0001	1.672426	0.7690173565286943,0.22363831233753248,0.007318656268746251,2.5674865026994603e-05
68	215005465	5000.0	0.001	0.00153	0.0001	1.375391	0.058647910417916414,0.7303350529894022,0.20166774645070987,0.00934121175764847,8.078384323135373e-06
69	2378025244	5000.0	0.001	0.00153	0.0001	0.249738	0.6794089182163567,0.2143489302139572,0.10444655068986203,0.0017950409918016396,5.598880223955209e-07
70	2554626333	5000.0	0.001	0.00153	0.0001	5.477857	0.1222872225554889,0.5509124175164967,0.3035229354129174,0.023121815636872625,0.00015560887822435514
71	544819494	5000.0	0.001	0.00153	0.0001	2.170109	0.397022475504899,0.5386227554489103,0.0627130573885223,0.0016415516896620677,1.5996800639872026e-07
74	2826664241	5000.0	0.001	0.00153	0.0001	2.709425	0.5385813237352529,0.41999128174365125,0.041014317136572685,0.000412997400519896,7.998400319936013e-08
73	1646344489	5000.0	0.001	0.00153	0.0001	-0.512485	0.9031010597880423,0.09112445510897821,0.005759488102379524,1.4997000599880025e-05
72	2577539367	5000.0	0.001	0.00153	0.0001	2.034435	0.38057120575884823,0.44137952409518094,0.17363879224155168,0.004397800439912018,1.267746450709858e-05
75	4284526899	5000.0	0.001	0.00153	0.0001	-0.051474	0.7677333333333334,0.21575452909418116,0.016298340331933614,0.0002134773045390922,3.199360127974405e-07
76	3743062330	5000.0	0.001	0.00153	0.0001	0.084037	0.9397632473505299,0.05948374325134973,0.0007524095180963807,5.99880023995201e-07
77	524949818	5000.0	0.001	0.00153	0.0001	1.088939	0.748703699260148,0.23881591681663666,0.01245750849830034,2.2875424915016998e-05
79	2990278982	5000.0	0.001	0.00153	0.0001	1.716991	0.5056103579284144,0.4830506298740252,0.011258548290341931,8.046390721855629e-05
78	3159949632	5000.0	0.001	0.00153	0.0001	2.648287	0.23761935612877425,0.6717554889022196,0.0894262347530494,0.0011380923815236953,5.726854629074185e-05,3.5592881423715255e-06
80	2138929482	5000.0	0.001	0.00153	0.0001	0.899789	0.8307776444711058,0.15764795040991803,0.01151633673265347,5.806838632273545e-05
81	1128331594	5000.0	0.001	0.00153	0.0001	2.321205	0.4573767646470706,0.5271502099580084,0.015452749450109979,2.027594481103779e-05
83	1197640028	5000.0	0.001	0.00153	0.0001	0.058176	0.929857948410318,0.06865602879424115,0.0014858228354329133,1.9996000799840033e-07
84	209895776	5000.0	0.001	0.00153	0.0001	1.772960	0.5333860027994402,0.4363665266946611,0.03016016796640672,8.730253949210158e-05
82	2535825740	5000.0	0.001	0.00153	0.0001	0.775455	0.7845320935812837,0.21092161567686463,0.004482423515296941,6.386722655468906e-05
85	1124743521	5000.0	0.001	0.00153	0.0001	1.436403	0.7116435912817437,0.2834377924415117,0.0035903219356128776,0.0013190161967606478,9.278144371125775e-06
86	233879904	5000.0	0.001	0.00153	0.0001	0.137982	0.10829498100379924,0.86140399920016,0.02889498100379924,0.0014053589282143572,6.798640271945611e-07
87	4259608929	5000.0	0.001	0.00153	0.0001	2.215797	0.538741851629674,0.44421883623275343,0.01028630273945211,0.0067406518696260746,1.235752849430114e-05
88	3094780260	5000.0	0.001	0.00153	0.0001	1.628317	0.0579620475904819,0.6916929014197161,0.24655768846230755,0.003773125374925015,1.4237152569486102e-05
90	506212715	5000.0	0.001	0.00153	0.0001	6.463595	0.023290501899620075,0.22451753649270145,0.5140818636272746,0.21061743651269746,0.026777084583083383,0.0007139372125574885,1.6396720655868826e-06
89	991566185	5000.0	0.001	0.00153	0.0001	-0.991421	0.7751882423515297,0.2079614077184563,0.016794561087782444,5.5788842231553687e-05
91	3289213296	5000.0	0.001	0.00153	0.0001	0.243471	0.9414999400119975,0.05717888422315537,0.0013211357728454309,3.9992001599680065e-08
94	3609436540	5000.0	0.001	0.00153	0.0001	2.018909	0.2883168966206759,0.6749296540691861,0.03654249150169966,0.00020971805638872226,1.2397520495900819e-06
95	1470761341	5000.0	0.001	0.00153	0.0001	1.106139	0.5698855428914217,0.3944612277544491,0.03437880423915217,0.0011664467106578685,0.00010797840431913617
93	751819128	5000.0	0.001	0.00153	0.0001	1.095005	0.05699384123175365,0.3282381523695261,0.5998209958008398,0.014889582083583283,5.742851429714057e-05
92	1496793463	5000.0	0.001	0.00153	0.0001	-0.047929	0.9697431313737253,0.029549650069986003,0.0006961407718456309,1.1077784443111379e-05
96	975991168	5000.0	0.001	0.00153	0.0001	0.677398	0.7993842031593681,0.19283343331333733,0.007767006598680264,1.5356928614277145e-05
97	3987167617	5000.0	0.001	0.00153	0.0001	1.308281	0.7270042391521696,0.25907058588282345,0.013879184163167366,4.599080183963207e-05
99	2078359939	5000.0	0.001	0.00153	0.0001	1.259810	0.524329374125175,0.40912033593281344,0.06631309738052389,0.0002370725854829034,1.199760047990402e-07
98	385345920	5000.0	0.001	0.00153	0.0001	4.451880	0.33235884823035394,0.5541446910617877,0.11041671665666866,0.0030705458908218356,9.198160367926415e-06
100	1419897219	5000.0	0.001	0.00153	0.0001	-0.068949	0.9292367126574685,0.06841887622475505,0.0023396920615876824,4.719056188762248e-06
101	1874348416	5000.0	0.001	0.00153	0.0001	3.713448	0.0854369126174765,0.09688158368326334,0.4795857228554289,0.3205926414717057,0.01746402719456109,3.91121775644871e-05
103	1541476753	5000.0	0.001	0.00153	0.0001	2.488383	0.36878568286342733,0.48265594881023793,0.1458114377124575,0.002746610677864427,3.199360127974405e-07
102	1714542988	5000.0	0.001	0.00153	0.0001	0.471307	0.42179488102379525,0.5470651069786043,0.031073425314937012,6.534693061387723e-05,1.2397520495900819e-06
104	3822836114	5000.0	0.001	0.00153	0.0001	0.323577	0.9246325934813038,0.07512757448510297,0.00023983203359328133
105	1981976979	5000.0	0.001	0.00153	0.0001	0.620874	0.021277264547090582,0.5723939612077584,0.3940858228354329,0.012061667666466706,0.00018128374325134973
106	1868378519	5000.0	0.001	0.00153	0.0001	0.747104	0.44934369126174767,0.541495900819836,0.009129054189162168,3.135372925414917e-05
107	2011505048	5000.0	0.001	0.00153	0.0001	0.102428	0.9422104379124175,0.05605266946610678,0.00173125374925015,5.6388722255548894e-06
108	2819443107	5000.0	0.001	0.00153	0.0001	1.356557	0.7104336732653469,0.28547978404319135,0.004082623475304939,3.919216156768646e-06
109	2778755498	5000.0	0.001	0.00153	0.0001	8.646629	0.019390401919616076,0.21301079784043192,0.4647211357728454,0.28376016796640674,0.01906646670665867,5.102979404119176e-05
110	412889516	5000.0	0.001	0.00153	0.0001	1.338540	0.862599800039992,0.1046873825234953,0.03242755448910218,0.00028498300339932015,2.7994401119776043e-07
111	1268367789	5000.0	0.001	0.00153	0.0001	1.504539	0.25812893421315736,0.04581487702459508,0.6841770045990802,0.011840631873625275,3.855228954209158e-05
113	3250956725	5000.0	0.001	0.00153	0.0001	0.645597	0.41984031193761245,0.5510686662667467,0.025842031593681265,0.003247350529894021,1.6396720655868826e-06
112	582562223	5000.0	0.001	0.00153	0.0001	4.721525	0.17823407318536294,0.7602381923615277,0.06092977404519096,0.0005962807438512298,1.6796640671865626e-06
114	2714368460	5000.0	0.001	0.00153	0.0001	3.479450	0.22222847430513898,0.6129244551089782,0.16270153969206158,0.0021424515096980603,3.079384123175365e-06
120	3453069799	5000.0	0.001	0.00153	0.0001	1.126565	0.42137064587082584,0.5330689062187562,0.044532173565286944,0.001026754649070186,1.5196960607878424e-06
118	1182886366	5000.0	0.001	0.00153	0.0001	2.949291	0.6335681663667266,0.3403920815836833,0.025931733653269347,0.00010801839632073585
117	1104665054	5000.0	0.001	0.00153	0.0001	1.883793	0.6278082783443312,0.34250725854829034,0.028620915816836633,0.0010625074985003,1.0397920415916818e-06
115	1019009490	5000.0	0.001	0.00153	0.0001	2.369631	0.14665798840231953,0.7552982203559289,0.09669154169166166,0.0011911617676464707,0.00016092781443711259,1.5996800639872026e-07
116	603511254	5000.0	0.001	0.00153	0.0001	6.615716	0.03516048790241952,0.23309482103579285,0.5398309538092382,0.18626470705858827,0.0056420715856828636,6.958608278344331e-06
119	392264159	5000.0	0.001	0.00153	0.0001	2.543805	0.2856347130573885,0.5458505898820236,0.1645364127174565,0.003959248150369926,1.903619276144771e-05
122	2034774508	5000.0	0.001	0.00153	0.0001	2.810729	0.2124377924415117,0.5194259548090382,0.1681363327334533,0.09263587282543491,0.00735624875024995,7.798440311937612e-06
123	4031205870	5000.0	0.001	0.00153	0.0001	4.147786	0.19865734853029393,0.49806930613877226,0.2789501699660068,0.01906410717856429,0.005085382923415317,0.0001736852629474105
124	211128815	5000.0	0.001	0.00153	0.0001	1.074163	0.21914293141371727,0.6453530893821235,0.1303973205358928,0.00507750449910018,2.9154169166166768e-05
121	169615851	5000.0	0.001	0.00153	0.0001	2.064005	0.0001259748050389922,0.6150737452509498,0.3685031393721256,0.01628122375524895,1.5916816636672664e-05
126	1908947452	5000.0	0.001	0.00153	0.0001	0.051669	0.8193670465906818,0.1743376124775045,0.0062729054189162164,2.2435512897420517e-05
125	579934712	5000.0	0.001	0.00153	0.0001	3.350342	0.16534517096580684,0.2960856228754249,0.39078220355928817,0.14224635072985403,0.005523215356928614,1.743651269746051e-05
128	4235543043	5000.0	0.001	0.00153	0.0001	0.570856	0.6027411717656469,0.37307074585082983,0.023967886422715457,0.00022019596080783844
130	939303431	5000.0	0.001	0.00153	0.0001	0.108387	0.9380360727854429,0.06099112177564487,0.0009001399720055988,7.266546690661867e-05
127	1527247362	5000.0	0.001	0.00153	0.0001	1.177888	0.8129740451909618,0.18595544891021795,0.001065866826634673,4.639072185562888e-06
129	4096352773	5000.0	0.001	0.00153	0.0001	5.434537	0.1697901619676065,0.5047414117176565,0.2891757648470306,0.035994121175764844,0.0002985402919416117
131	1760852488	5000.0	0.001	0.00153	0.0001	0.301538	0.935222075584883,0.06395188962207558,0.0008256748650269946,3.5992801439712056e-07
132	3866718730	5000.0	0.001	0.00153	0.0001	0.421904	0.6427174165166967,0.3495111377724455,0.007757088582283543,1.4357128574285143e-05
135	3278846481	5000.0	0.001	0.00153	0.0001	4.297396	0.030823595280943812,0.16186014797040593,0.6407285342931414,0.16409674065186963,0.002480983803239352,9.998000399920016e-06
136	1333527060	5000.0	0.001	0.00153	0.0001	0.758400	0.591148850229954,0.3940744651069786,0.013650829834033193,0.0011258148370325936,3.9992001599680065e-08
133	3762332175	5000.0	0.001	0.00153	0.0001	-0.455090	0.000326374725054989,0.8643940011997601,0.11859932013597281,0.01664607078584283,3.423315336932613e-05
137	173439510	5000.0	0.001	0.00153	0.0001	1.317992	0.755240151969606,0.24229106178764248,0.002468106378724255,6.798640271945611e-07
134	1702636048	5000.0	0.001	0.00153	0.0001	1.625936	0.6728311937612478,0.23525682863427314,0.09000099980003999,0.0019104579084183164,5.198960207958409e-07
139	2494308897	5000.0	0.001	0.00153	0.0001	2.579719	0.41851761647670466,0.544849950009998,0.03627394521095781,0.0003584883023395321
140	2104988202	5000.0	0.001	0.00153	0.0001	0.202009	0.7717550889822036,0.187825074985003,0.027337892421515696,0.012748250349930015,0.00033369326134773044
138	2107462166	5000.0	0.001	0.00153	0.0001	2.964875	0.5181149770045991,0.4194139172165567,0.0602254349130174,0.002240511897620476,5.158968206358728e-06
143	1619481145	5000.0	0.001	0.00153	0.0001	0.440774	0.8315033393321336,0.16504583083383323,0.0033370925814837035,0.00011373725254949011
142	2334175792	5000.0	0.001	0.00153	0.0001	3.471221	0.03775768846230754,0.3668003599280144,0.5585619276144771,0.03663383323335333,0.0002461507698460308,3.9992001599680065e-08
144	915728954	5000.0	0.001	0.00153	0.0001	2.531767	0.31175168966206757,0.6466387122575485,0.04035104979004199,0.0012584683063387322,7.998400319936013e-08
141	1043696175	5000.0	0.001	0.00153	0.0001	4.518757	0.34937072585482903,0.585654349130174,0.061433153369326136,0.0035386122775444913,3.1593681263747252e-06
146	2599092811	5000.0	0.001	0.00153	0.0001	3.144471	0.37010441911617675,0.5493573285342931,0.06997780443911218,0.0105374125174965,2.3035392921415716e-05
147	1862867539	5000.0	0.001	0.00153	0.0001	1.427401	0.01229498100379924,0.7915185762847431,0.19400915816836634,0.002174885022995401,2.399520095980804e-06
145	959699524	5000.0	0.001	0.00153	0.0001	1.156240	0.8012750649870026,0.1970747450509898,0.001641751649670066,8.438312337532494e-06
149	1924276839	5000.0	0.001	0.00153	0.0001	2.302859	0.3902986602679464,0.5619186962607479,0.04538884223155369,0.002382603479304139,1.1197760447910418e-05
148	4061422171	5000.0	0.001	0.00153	0.0001	3.040931	0.2588328734253149,0.6928241951609678,0.04816924615076985,0.00017360527894421117,7.998400319936013e-08
150	1564699242	5000.0	0.001	0.00153	0.0001	2.684685	0.08328318336332734,0.298352649470106,0.5899870425914817,0.02554125174965007,0.002834033193361328,1.839632073585283e-06
151	293794416	5000.0	0.001	0.00153	0.0001	-0.003951	0.9655503699260148,0.03391445710857829,0.0005348530293941212,3.199360127974405e-07
152	325968499	5000.0	0.001	0.00153	0.0001	0.742328	0.2248257548490302,0.7478608678264347,0.026924215156968606,0.00038764247150569885,1.5196960607878424e-06
153	2376030851	5000.0	0.001	0.00153	0.0001	0.175266	0.29426058788242354,0.6443195360927815,0.06092173565286942,0.0004979404119176164,1.9996000799840033e-07
155	3396061843	5000.0	0.001	0.00153	0.0001	0.133072	0.8166851029794041,0.1769372125574885,0.006345570885822835,3.2113577284543094e-05
156	3441351321	5000.0	0.001	0.00153	0.0001	0.123110	0.9116156768646271,0.08423499300139972,0.004138972205558888,1.0357928414317136e-05
154	3712195216	5000.0	0.001	0.00153	0.0001	0.601309	0.7494651469706058,0.24598368326334732,0.004535092981403719,1.6076784643071386e-05
157	3549280925	5000.0	0.001	0.00153	0.0001	0.944558	0.664727174565087,0.29293101379724057,0.04086582683463307,0.0014755848830233953,3.9992001599680065e-07
158	1104734878	5000.0	0.001	0.00153	0.0001	0.115590	0.9517433713257348,0.04727078584283143,0.00098500299940012,8.398320335932813e-07
160	2683986609	5000.0	0.001	0.00153	0.0001	-0.321863	0.835264427114577,0.15958660267946412,0.005142771445710858,6.19876024795041e-06
159	838306474	5000.0	0.001	0.00153	0.0001	6.539542	0.09204671065786843,0.3376865426914617,0.4685286942611478,0.09781595680863828,0.003920135972805439,1.959608078384323e-06
161	4080165554	5000.0	0.001	0.00153	0.0001	2.863018	0.03877120575884823,0.3959222955408918,0.5189966806638672,0.04613049390121975,0.0001793241351729654
162	3281879743	5000.0	0.001	0.00153	0.0001	1.289229	0.28178360327934415,0.6758642271545691,0.04200943811237753,0.00034273145370925813
163	764248769	5000.0	0.001	0.00153	0.0001	5.423456	0.07010345930813837,0.37313109378124376,0.4049908018396321,0.14852833433313337,0.0032373125374925015,8.998200359928014e-06
164	1484284611	5000.0	0.001	0.00153	0.0001	0.873888	0.08901715656868626,0.7497535692861428,0.12761715656868627,0.029186842631473704,0.004417676464707059,7.5984803039392126e-06
165	439923399	5000.0	0.001	0.00153	0.0001	1.651409	0.00010597880423915217,0.7170850629874025,0.2552642671465707,0.008599840031993601,0.013337292541491701,0.0037652869426114777,0.0018342331533693261,8.038392321535693e-06
166	2864849607	5000.0	0.001	0.00153	0.0001	2.319688	0.37885150969806036,0.603334373125375,0.01751889622075585,0.0002786642671465707,1.6556688662267547e-05
167	2783464145	5000.0	0.001	0.00153	0.0001	2.153588	0.6038705858828234,0.38394053189362126,0.012180923815236952,7.958408318336332e-06
168	381967059	5000.0	0.001	0.00153	0.0001	0.144145	0.10161683663267347,0.8736704659068186,0.02405354929014197,0.0006586682663467306,4.799040191961608e-07
169	2203507414	5000.0	0.001	0.00153	0.0001	-0.086252	0.9438585082983403,0.05484567086582683,0.0012953409318136372,4.799040191961608e-07
171	83772139	5000.0	0.001	0.00153	0.0001	-0.737765	0.8141100179964007,0.1766145170965807,0.00927002599480104,5.438912217556489e-06
170	1468756707	5000.0	0.001	0.00153	0.0001	2.034260	0.1314901419716057,0.2697737652469506,0.5589004599080184,0.03839256148770246,0.0014430313937212557,3.9992001599680065e-08
172	850281207	5000.0	0.001	0.00153	0.0001	0.157752	0.950167726454709,0.04962375524895021,0.00020851829634073186
173	1525742332	5000.0	0.001	0.00153	0.0001	2.632925	0.5135520495900819,0.4397884423115377,0.04451641671665667,0.0021413317336532694,1.7596480703859228e-06
176	3620817669	5000.0	0.001	0.00153	0.0001	3.289497	0.22598076384723056,0.40596872625474906,0.35332237552489504,0.014718056388722256,1.0077984403119377e-05
174	3660290813	5000.0	0.001	0.00153	0.0001	1.735142	0.7576305938812238,0.23800419916016796,0.0033060187962407517,0.0008554689062187562,0.0002025994801039792,1.1197760447910417e-06
177	2351942411	5000.0	0.001	0.00153	0.0001	2.416817	0.3207016196760648,0.21182567486502699,0.4557028194361128,0.010734453109378124,0.001008118376324735,2.7314537092581482e-05
178	1317966604	5000.0	0.001	0.00153	0.0001	1.994065	0.4210629074185163,0.5395035392921416,0.03928294341131774,0.00014861027794441111,1.999600079984003e-06
179	1347588890	5000.0	0.001	0.00153	0.0001	0.221776	0.9342777444511098,0.06379032193561288,0.001913617276544691,1.8316336732653468e-05
181	4040278812	5000.0	0.001	0.00153	0.0001	0.492635	0.9154914217156569,0.07843791241751649,0.00594257148570286,0.00012809438112377524
175	2934520576	5000.0	0.001	0.00153	0.0001	3.190239	0.046188122375524894,0.5655953609278145,0.37980567886422717,0.008340291941611677,7.054589082183563e-05
180	2344837915	5000.0	0.001	0.00153	0.0001	1.843070	0.41624055188962206,0.5275997200559888,0.05550845830833833,0.0006503499300139972,9.198160367926415e-07
182	818066209	5000.0	0.001	0.00153	0.0001	0.118452	0.895575124975005,0.10406826634673065,0.0003540891821635673,2.519496100779844e-06
183	955507492	5000.0	0.001	0.00153	0.0001	2.059016	0.29776916616676663,0.6353628074385123,0.06585866826634673,0.001009238152369526,1.199760047990402e-07
186	1537280818	5000.0	0.001	0.00153	0.0001	-1.286773	0.8513129374125175,0.09499316136772645,0.0503632473505299,0.0032814237152569486,4.91501699660068e-05,7.998400319936013e-08
185	3175058221	5000.0	0.001	0.00153	0.0001	-0.096537	0.9554220355928814,0.043789642071585685,0.0007865226954609078,1.799640071985603e-06
184	2976707368	5000.0	0.001	0.00153	0.0001	-0.053655	0.9451673665266946,0.05383215356928614,0.001000359928014397,1.199760047990402e-07
188	916173621	5000.0	0.001	0.00153	0.0001	0.479543	0.4792081183763247,0.4783580083983203,0.042002759448110376,0.0004310737852429514,3.9992001599680065e-08
187	556737331	5000.0	0.001	0.00153	0.0001	4.413372	0.050043151369726056,0.3603179364127175,0.4456038392321536,0.14265902819436113,0.0013576084783043392,1.843631273745251e-05
190	1547735876	5000.0	0.001	0.00153	0.0001	-0.109073	0.9389234553089382,0.06006918616276745,0.001007358528294341
193	3164422988	5000.0	0.001	0.00153	0.0001	0.395356	0.31631797640471904,0.6673030193961208,0.01632141571685663,5.7588482303539295e-05
189	2717848383	5000.0	0.001	0.00153	0.0001	0.880375	0.2913872825434913,0.6746377124575085,0.03370129974005199,0.0002737052589482104
192	3164887884	5000.0	0.001	0.00153	0.0001	1.884924	0.0010955408918216357,0.00046466706658668266,0.6921624075184963,0.19320439912017595,0.08891801639672066,0.023915736852629474,0.00023923215356928614
191	3385496389	5000.0	0.001	0.00153	0.0001	3.586741	0.10635636872625474,0.4855632473505299,0.38742995400919816,0.01440871825634873,0.006236352729454109,5.358928214357128e-06
194	3217294160	5000.0	0.001	0.00153	0.0001	3.111447	0.1290243551289742,0.775099100179964,0.09407734453109379,0.001798000399920016,1.199760047990402e-06
197	162492409	5000.0	0.001	0.00153	0.0001	2.847284	0.505946450709858,0.4638339532093581,0.029869466106778646,0.0003500899820035993,3.9992001599680065e-08
195	3142458192	5000.0	0.001	0.00153	0.0001	1.625022	0.39476612677464507,0.47754157168566286,0.12666806638672265,0.0010241151769646072,1.199760047990402e-07
196	1785756506	5000.0	0.001	0.00153	0.0001	2.333489	0.5994329934013197,0.36604583083383324,0.028651869626074786,0.005864427114577085,4.879024195160968e-06
198	1723695967	5000.0	0.001	0.00153	0.0001	1.016134	0.6961161367726455,0.2843264947010598,0.019540531893621274,1.6836632673465307e-05
200	803380067	5000.0	0.001	0.00153	0.0001	-0.011414	0.8369327334533093,0.13779560087982404,0.020762367526494702,0.004505018996200759,4.2791441711657665e-06
199	2198483810	5000.0	0.001	0.00153	0.0001	0.257691	0.9492836232753449,0.05008006398720256,0.0006361927614477105,1.199760047990402e-07
201	2571240297	5000.0	0.001	0.00153	0.0001	2.261070	0.6042706658668267,0.38591657668466306,0.009779884023195361,3.287342531493701e-05
202	3826545515	5000.0	0.001	0.00153	0.0001	2.487907	0.28629362127574487,0.6467018596280744,0.06647330533893221,0.0005306938612277544,5.198960207958409e-07
203	1192377199	5000.0	0.001	0.00153	0.0001	1.250276	0.08938100379924015,0.21370585882823434,0.6170927414517097,0.07712161567686462,0.002696420715856829,2.359528094381124e-06
204	3574223728	5000.0	0.001	0.00153	0.0001	1.455411	0.7549916416716657,0.22518288342331533,0.019729414117176564,9.594081183763247e-05,1.199760047990402e-07
206	1153633144	5000.0	0.001	0.00153	0.0001	0.074446	0.9602197160567887,0.03863247350529894,0.0011476904619076185,1.199760047990402e-07
205	341257076	5000.0	0.001	0.00153	0.0001	2.568015	0.4687244551089782,0.4932663867226555,0.03753277344531094,0.0004762647470505899,1.199760047990402e-07
207	2390819705	5000.0	0.001	0.00153	0.0001	2.356369	0.31009762047590483,0.5094004799040192,0.17842671465706858,0.002074865026994601,3.199360127974405e-07
209	2597002105	5000.0	0.001	0.00153	0.0001	0.014710	0.9568292341531693,0.04270773845230954,0.0004625874825034993,4.399120175964807e-07
211	3011468161	5000.0	0.001	0.00153	0.0001	5.275121	0.13866422715456908,0.6272959808038392,0.23225354929014197,0.0017861627674465106,7.998400319936013e-08
210	4124846972	5000.0	0.001	0.00153	0.0001	0.808897	0.7453226954609078,0.19493161367726455,0.05550369926014797,0.004107898420315937,0.00013409318136372726
213	2726239123	5000.0	0.001	0.00153	0.0001	1.106979	0.31215608878224355,0.6379735652869426,0.0489504899020196,0.0009194161167766447,4.399120175964807e-07
214	274549654	5000.0	0.001	0.00153	0.0001	3.628913	0.23546594681063787,0.42684667066586685,0.31959900019996,0.018068466306738654,1.991601679664067e-05
208	220013434	5000.0	0.001	0.00153	0.0001	1.053962	0.4973770445910818,0.4865544891021796,0.015607918416316736,0.0004604679064187163,7.998400319936013e-08
212	1789041542	5000.0	0.001	0.00153	0.0001	1.290659	0.41594917016596683,0.45693373325334935,0.11414009198160367,0.012942851429714058,3.407318536292742e-05,7.998400319936013e-08
219	2098308005	5000.0	0.001	0.00153	0.0001	1.424748	0.6120746650669866,0.37313209358128374,0.014703339332133573,8.990201959608079e-05
217	2336621469	5000.0	0.001	0.00153	0.0001	0.012870	0.9727654869026194,0.02698632273545291,0.00024819036192761447
215	3515028376	5000.0	0.001	0.00153	0.0001	2.403973	0.366204799040192,0.5186907418516297,0.09915156968606278,0.015934413117376523,1.847630473905219e-05
216	1387613085	5000.0	0.001	0.00153	0.0001	-0.348698	0.9272459908018397,0.0712130773845231,0.0015372925414917017,3.639272145570886e-06
218	678716323	5000.0	0.001	0.00153	0.0001	3.449255	0.43502827434513097,0.538825074985003,0.024096900619876026,0.002043511297740452,6.23875224955009e-06
220	3488177061	5000.0	0.001	0.00153	0.0001	1.772282	0.6362894621075785,0.3544119976004799,0.009139212157568487,0.00015932813437312537
221	2202162090	5000.0	0.001	0.00153	0.0001	6.203164	0.05350609878024395,0.23579068186362728,0.4899887222555489,0.21163335332933414,0.008793921215756848,0.0002870225954809038,1.9996000799840033e-07
223	3213525941	5000.0	0.001	0.00153	0.0001	3.253360	0.7672319936012797,0.20620639872025595,0.02647994401119776,8.166366726654668e-05
222	3309114283	5000.0	0.001	0.00153	0.0001	-0.003534	0.012873065386922615,0.8757792841431714,0.10867758448310338,0.0026650669866026796,4.999000199960008e-06
225	314379203	5000.0	0.001	0.00153	0.0001	1.631675	0.6674853829234153,0.3125586482703459,0.01963879224155169,0.0003171365726854629,3.9992001599680065e-08
224	439626687	5000.0	0.001	0.00153	0.0001	2.790498	0.07472801439712058,0.7403303339332133,0.18047034593081385,0.004470305938812238,9.998000399920016e-07
226	2957593539	5000.0	0.001	0.00153	0.0001	2.199883	0.6481990801839632,0.3239530893821236,0.027470985802839434,0.0003449710057988402,3.187362527494501e-05
227	3145403341	5000.0	0.001	0.00153	0.0001	1.481844	0.4003406918616277,0.5372758648270346,0.04899100179964007,0.013261107778444312,0.00013133373325334934
230	593419224	5000.0	0.001	0.00153	0.0001	2.800491	0.6901591681663667,0.30695728854229154,0.0028550289942011597,2.8514297140571885e-05
231	3030275036	5000.0	0.001	0.00153	0.0001	0.572008	0.8740773845230954,0.11102287542491501,0.014861067786442712,3.8632273545290943e-05,3.9992001599680065e-08
228	763548623	5000.0	0.001	0.00153	0.0001	0.295406	0.46021567686462705,0.5203352529494101,0.019413997200559887,3.507298540291942e-05
229	2738447317	5000.0	0.001	0.00153	0.0001	2.760457	0.36861115776844633,0.5658497900419917,0.05939252149570086,0.006141571685662868,4.9590081983603276e-06
232	1228712929	5000.0	0.001	0.00153	0.0001	2.633695	0.3608929014197161,0.611684623075385,0.02732733453309338,9.514097180563888e-05
233	1440613346	5000.0	0.001	0.00153	0.0001	3.368454	0.2355384923015397,0.5494852629474105,0.20689202159568088,0.008059868026394721,2.435512897420516e-05
234	1958816744	5000.0	0.001	0.00153	0.0001	2.172372	0.6080870225954809,0.3578212357528494,0.03388022395520896,0.00021151769646070786
235	795702248	5000.0	0.001	0.00153	0.0001	0.980010	0.5666715856828635,0.39905678864227156,0.03168674265146971,0.0025745650869826034,1.0317936412717456e-05
237	3657608175	5000.0	0.001	0.00153	0.0001	2.359329	0.3778482303539292,0.5561067386522696,0.06584851029794041,0.00019652069586082783
236	234030063	5000.0	0.001	0.00153	0.0001	1.260750	0.5006741451709658,0.47993197360527895,0.01829906018796241,0.001025234953009398,6.954609078184363e-05,3.9992001599680065e-08
238	3412673520	5000.0	0.001	0.00153	0.0001	3.107430	0.35423311337732455,0.6307711257748451,0.014970165966806639,2.5594881023795242e-05
241	1668779013	5000.0	0.001	0.00153	0.0001	-0.022279	0.00823507298540292,0.9038913817236552,0.08127186562687462,0.00658996200759848,1.1717656468706258e-05
239	1590248448	5000.0	0.001	0.00153	0.0001	7.938448	0.020655228954209157,0.22539052189562087,0.5273590881823635,0.21853689262147571,0.008055308938212357,2.959408118376325e-06
240	3736218627	5000.0	0.001	0.00153	0.0001	0.508132	0.7039448110377925,0.2847662867426515,0.009903259348130375,0.0013852029594081184,4.399120175964807e-07
242	455672845	5000.0	0.001	0.00153	0.0001	2.601078	0.46470489902019596,0.5150392721455709,0.01983399320135973,0.0004046390721855629,1.7196560687862427e-05
243	3371467790	5000.0	0.001	0.00153	0.0001	2.975454	0.045258988202359525,0.5273959608078385,0.38685618876224753,0.035799360127974404,0.004677344531093781,1.215756848630274e-05
245	1738294289	5000.0	0.001	0.00153	0.0001	2.710419	0.6743691261747651,0.2621488902219556,0.061495300939812036,0.0019763247350529896,1.0357928414317136e-05
246	1215579155	5000.0	0.001	0.00153	0.0001	1.025682	0.47958320335932814,0.4782383523295341,0.04195648870225955,0.00022191561687662467,3.9992001599680065e-08
244	2202248206	5000.0	0.001	0.00153	0.0001	2.108763	0.5235781643671266,0.46632209558088383,0.010077184563087382,2.2555488902219558e-05
247	2828604440	5000.0	0.001	0.00153	0.0001	1.561037	0.378524175164967,0.5380933013397321,0.07647686462707458,0.00688626274745051,1.9396120775844833e-05
248	359504924	5000.0	0.001	0.00153	0.0001	2.217508	0.11835316936612678,0.8535059788042392,0.02802727454509098,0.00011357728454309139
250	2272359457	5000.0	0.001	0.00153	0.0001	2.302506	0.3980114777044591,0.5649982403519296,0.035558048390321936,0.001431633673265347,5.99880023995201e-07
252	1152394275	5000.0	0.001	0.00153	0.0001	0.855638	0.8209455308938213,0.17496716656668665,0.00407258548290342,1.4717056588682264e-05
251	1884347426	5000.0	0.001	0.00153	0.0001	0.148360	0.9588150769846031,0.040846470705858826,0.00033845230953809236
249	2842866719	5000.0	0.001	0.00153	0.0001	3.538024	0.28520511897620476,0.44631401719656066,0.1966530293941212,0.06713041391721655,0.004690221955608878,7.198560287942412e-06
253	2280240176	5000.0	0.001	0.00153	0.0001	2.276458	0.26969070185962807,0.6193636872625475,0.11004239152169566,0.0009029794041191762,2.399520095980804e-07
254	2369922101	5000.0	0.001	0.00153	0.0001	3.350340	0.440625874825035,0.5227794041191761,0.034364207158568284,0.0018231553689262148,0.0003982003599280144,9.158168366326734e-06
255	2733095999	5000.0	0.001	0.00153	0.0001	4.441661	0.19118260347930413,0.5600396320735853,0.226424875024995,0.02128970205958808,0.0010628674265146972,3.199360127974405e-07
258	4090340420	5000.0	0.001	0.00153	0.0001	1.336530	0.3408611877624475,0.5643489702059588,0.09375672865426915,0.0010321535692861428,9.598080383923216e-07
257	299086916	5000.0	0.001	0.00153	0.0001	1.117063	0.36175388922215557,0.5540394721055789,0.08065702859428114,0.0035451709658068384,4.439112177564487e-06
256	2722812993	5000.0	0.001	0.00153	0.0001	1.311329	0.24532925414917017,0.6788671465706858,0.07483415316936613,0.000969246150769846,1.9996000799840033e-07
260	3438435399	5000.0	0.001	0.00153	0.0001	0.215601	0.9296152369526095,0.07004419116176765,0.0003405718856228754
259	1859546182	5000.0	0.001	0.00153	0.0001	-0.279002	0.03037636472705459,0.7469991201759648,0.2203992401519696,0.0022201159768046393,5.158968206358728e-06
261	3419313231	5000.0	0.001	0.00153	0.0001	2.417229	0.6452035992801439,0.34311597680463907,0.011628114377124575,5.230953809238152e-05
263	2517222483	5000.0	0.001	0.00153	0.0001	-0.783531	0.6420803839232153,0.3401959608078384,0.015483383323335332,0.0022394721055788843,7.998400319936013e-07
264	1097614424	5000.0	0.001	0.00153	0.0001	0.277766	0.3065608478304339,0.6350779044191162,0.057495900819836035,0.0008651469706058788,1.9996000799840033e-07
262	2245055569	5000.0	0.001	0.00153	0.0001	0.667556	0.5081246950609878,0.4842393921215757,0.007533413317336533,0.00010249950009998
265	3051431011	5000.0	0.001	0.00153	0.0001	1.090097	0.4651039392121576,0.5257479304139172,0.009105458908218357,4.267146570685863e-05
267	3023871080	5000.0	0.001	0.00153	0.0001	-0.362930	0.0036096780643871226,0.0020815836832633475,0.745897700459908,0.21607790441911617,0.031960607878424314,0.000371125774845031,1.3997200559888023e-06
266	2147699812	5000.0	0.001	0.00153	0.0001	3.041599	0.6240141171765647,0.35528134373125375,0.01787638472305539,0.002815396920615877,1.275744851029794e-05
268	1821127784	5000.0	0.001	0.00153	0.0001	1.558645	0.5800393521295741,0.4126321935612877,0.007310097980403919,1.835632873425315e-05
270	1537963115	5000.0	0.001	0.00153	0.0001	3.246895	0.37625566886622674,0.44826694661067784,0.1587776044791042,0.016448070385922817,0.0002515496900619876,1.5996800639872026e-07
271	2364003436	5000.0	0.001	0.00153	0.0001	5.712500	0.12749634073185362,0.5856829834033194,0.2702369926014797,0.01397752449510098,0.002253629274145171,0.00035252949410117976
273	2525543529	5000.0	0.001	0.00153	0.0001	3.324293	0.09435520895820836,0.7409754049190161,0.16091585682863427,0.003751409718056389,2.1195760847830435e-06
269	1840487529	5000.0	0.001	0.00153	0.0001	0.235465	0.8460599080183964,0.1505236552689462,0.0034159168166366725,5.198960207958409e-07
272	1659774059	5000.0	0.001	0.00153	0.0001	-0.040538	0.9820663467306538,0.01783887222555489,9.478104379124175e-05
275	827688065	5000.0	0.001	0.00153	0.0001	0.763107	0.8480476704659068,0.14992013597280543,0.002031633673265347,5.598880223955209e-07
274	144405618	5000.0	0.001	0.00153	0.0001	1.700129	0.09743039392121576,0.2397018196360728,0.43526918616276744,0.2225613677264547,0.00498628274345131,5.09498100379924e-05
278	205057169	5000.0	0.001	0.00153	0.0001	4.431714	0.14798196360727855,0.5055504099180164,0.3344255548890222,0.011999680063987203,4.239152169566087e-05
277	1338315915	5000.0	0.001	0.00153	0.0001	1.573647	0.6252701859628075,0.34471881623675266,0.02960883823235353,0.00040151969606078787,6.39872025594881e-07
276	827790475	5000.0	0.001	0.00153	0.0001	1.121038	0.00011721655668866227,0.10153025394921016,0.7743229354129174,0.1192128374325135,0.004806638672265547,1.0117976404719055e-05
281	3805645990	5000.0	0.001	0.00153	0.0001	1.797957	0.7222013197360528,0.2444366726654669,0.023458268346330732,0.009885822835432913,1.7916416716656668e-05
280	1732082841	5000.0	0.001	0.00153	0.0001	1.580716	0.787617076584683,0.21043283343331334,0.0019497300539892022,3.5992801439712056e-07
279	882039958	5000.0	0.001	0.00153	0.0001	0.393927	0.6885407318536293,0.1493117776444711,0.15998332333533294,0.0021630473905218956,1.1197760447910417e-06
282	2874922151	5000.0	0.001	0.00153	0.0001	1.555011	0.02729754049190162,0.7182651869626074,0.24059212157568485,0.013826874625074984,1.6756648670265946e-05,1.5196960607878424e-06
285	520221872	5000.0	0.001	0.00153	0.0001	3.845386	0.051825274945011,0.21165382923415316,0.24990181963607278,0.2715146570685863,0.20855328934213158,0.005962687462507499,0.0005884023195360928,3.9992001599680065e-08
283	2052191401	5000.0	0.001	0.00153	0.0001	0.106430	0.944784923015397,0.0528491901619676,0.002157968406318736,0.00020791841631673664
284	2980390058	5000.0	0.001	0.00153	0.0001	1.098792	0.8590792641471706,0.0740619876024795,0.06521939612077585,0.0016389922015596881,3.5992801439712056e-07
287	1433826488	5000.0	0.001	0.00153	0.0001	2.043083	0.5178993801239752,0.45173473305338935,0.02597120575884823,0.004373965206958608,2.0715856828634272e-05
286	3833312436	5000.0	0.001	0.00153	0.0001	5.555910	0.11350433913217356,0.6263752849430114,0.24000463907218555,0.02007854429114177,3.719256148770246e-05
289	2550746301	5000.0	0.001	0.00153	0.0001	2.409183	0.062698700259948,0.605116376724655,0.31430405918816234,0.01720603879224155,0.0006748250349930014
288	2944953530	5000.0	0.001	0.00153	0.0001	-0.024662	0.9726907418516296,0.02726358728254349,4.5670865826834635e-05
292	3776441546	5000.0	0.001	0.00153	0.0001	1.341122	0.6459673665266946,0.3449499300139972,0.007337612477504499,0.0017437312537492502,1.3597280543891223e-06
290	3168758978	5000.0	0.001	0.00153	0.0001	4.140818	0.09339648070385922,0.7569353329334133,0.14527426514697062,0.004390641871625675,3.279344131173765e-06
291	3572460739	5000.0	0.001	0.00153	0.0001	2.407157	0.4931990801839632,0.4709575684863027,0.03506662667466507,0.0007764447110577884,2.7994401119776043e-07
293	2607647947	5000.0	0.001	0.00153	0.0001	-0.047112	0.9582941011797641,0.041510657868426316,0.00019512097580483902,1.199760047990402e-07
295	1135176915	5000.0	0.001	0.00153	0.0001	3.389023	0.13011457708458307,0.5043040191961607,0.3484717456508698,0.016872105578884224,0.00023755248950209959
294	353500363	5000.0	0.001	0.00153	0.0001	2.717411	0.4052107578484303,0.5626177964407119,0.031160807838432312,0.0009772845430913817,3.335332933413317e-05
296	410770650	5000.0	0.001	0.00153	0.0001	3.502463	0.3425971205758848,0.5946659468106379,0.05438348330333933,0.00833625274945011,1.7196560687862427e-05
297	409310430	5000.0	0.001	0.00153	0.0001	1.129678	0.00760875824835033,0.661658948210358,0.3250174765046991,0.005711897620475905,2.9194161167766445e-06
301	310521078	5000.0	0.001	0.00153	0.0001	1.940804	0.686721375724855,0.29738188362327533,0.015431553689262148,0.0004641471705658868,1.0397920415916818e-06
300	2442046700	5000.0	0.001	0.00153	0.0001	0.727458	0.5958101579684063,0.3832848230353929,0.010285782843431313,0.010429274145170966,0.0001899620075984803
299	3201641707	5000.0	0.001	0.00153	0.0001	-0.196536	0.9165019396120776,0.07176804639072186,0.011713137372525495,1.6876624675064987e-05
298	2850043106	5000.0	0.001	0.00153	0.0001	0.597570	0.546829874025195,0.4389236952609478,0.014209038192361528,3.739252149570086e-05
302	3211250935	5000.0	0.001	0.00153	0.0001	1.263762	0.4072650269946011,0.570860547890422,0.021810877824435113,6.354729054189162e-05
303	1322065147	5000.0	0.001	0.00153	0.0001	1.422541	0.49948414317136575,0.4821967606478704,0.01828626274745051,3.2833433313337335e-05
304	805393660	5000.0	0.001	0.00153	0.0001	-0.990882	0.43517228554289145,0.5468556688662267,0.0170749450109978,0.000896620675864827,4.799040191961608e-07
307	594257162	5000.0	0.001	0.00153	0.0001	1.817195	0.32442707458508296,0.6515182163567287,0.023944851029794042,0.00010985802839432113
305	2343183614	5000.0	0.001	0.00153	0.0001	0.275811	0.4777150969806039,0.46708878224355127,0.05118044391121775,0.004013997200559888,1.6796640671865626e-06
306	1139748102	5000.0	0.001	0.00153	0.0001	5.193971	0.1948102779444111,0.6043213357328534,0.17572753449310138,0.025002799440111977,0.0001380523895220956
311	805379369	5000.0	0.001	0.00153	0.0001	-0.185087	0.659828274345131,0.3030098380323935,0.03604559088182364,0.0011160167966406719,2.7994401119776043e-07
308	2578584865	5000.0	0.001	0.00153	0.0001	0.044583	0.9453855228954209,0.04807662467506499,0.006513097380523895,2.475504899020196e-05
313	3304844588	5000.0	0.001	0.00153	0.0001	0.096000	0.8990213557288542,0.10007226554689062,0.0009063387322535493,3.9992001599680065e-08
309	3313820962	5000.0	0.001	0.00153	0.0001	2.671819	0.48179188162367526,0.49748350329934016,0.0201627274545091,0.0005618476304739053,3.9992001599680065e-08
312	996818219	5000.0	0.001	0.00153	0.0001	0.973992	0.6456181963607278,0.29197348530293943,0.062182043591281745,0.0002262747450509898
310	2578892066	5000.0	0.001	0.00153	0.0001	1.688065	0.840372925414917,0.07820883823235353,0.06697680463907218,0.01441007798440312,3.135372925414917e-05
315	3275509050	5000.0	0.001	0.00153	0.0001	2.006260	0.6482893421315736,0.34237020595880824,0.00930373925214957,3.67126574685063e-05
314	2585206065	5000.0	0.001	0.00153	0.0001	-0.015511	0.001255868826234753,7.038592281543691e-06,0.9798153169366127,0.018695980803839232,0.00022555488902219556,2.399520095980804e-07
319	3811128659	5000.0	0.001	0.00153	0.0001	0.683888	0.1173872025594881,0.8066343131373725,0.06953761247750449,0.006425714857028595,1.5156968606278745e-05
316	1002071356	5000.0	0.001	0.00153	0.0001	0.256016	0.9312117976404719,0.0660361127774445,0.0027512897420515895,7.998400319936013e-07
317	1232194879	5000.0	0.001	0.00153	0.0001	1.685693	0.14262067586482705,0.6510183163367327,0.1916763047390522,0.014602879424115176,8.18236352729454e-05
318	3330094409	5000.0	0.001	0.00153	0.0001	1.394031	0.4866766646670666,0.5034177564487102,0.009855108978204359,5.046990601879624e-05
320	4281341268	5000.0	0.001	0.00153	0.0001	1.748196	0.6131573285342932,0.3726707058588282,0.01377756448710258,0.0003944011197760448
321	1287173467	5000.0	0.001	0.00153	0.0001	2.296054	0.537994401119776,0.392329174165167,0.06869670065986802,0.0009796440711857628,7.998400319936013e-08
322	3768091995	5000.0	0.001	0.00153	0.0001	2.463061	0.16011941611677666,0.7705868426314737,0.06837040591881624,0.0009232153569286143,1.199760047990402e-07
323	1228844381	5000.0	0.001	0.00153	0.0001	1.535042	0.6546897420515897,0.3396793841231754,0.005453349330133973,0.0001775244951009798
326	3073807714	5000.0	0.001	0.00153	0.0001	3.891555	0.058006438712257545,0.14362047590481902,0.6954554289142172,0.08915108978204359,0.013709778044391122,5.6788642271545693e-05
324	2841154909	5000.0	0.001	0.00153	0.0001	0.752199	0.869651949610078,0.12813197360527895,0.0021950409918016396,2.1035792841431712e-05
329	4041295220	5000.0	0.001	0.00153	0.0001	2.444763	0.654879024195161,0.3423919216156769,0.002711617676464707,1.743651269746051e-05
328	3356657006	5000.0	0.001	0.00153	0.0001	3.458870	0.22735888822235553,0.6478804639072185,0.10236432713457308,0.02232773445310938,6.470705858828234e-05,3.879224155168966e-06
327	1320119650	5000.0	0.001	0.00153	0.0001	0.261985	0.49020643871225755,0.482723975204959,0.026708058388322336,0.00036152769446110776
325	2356032860	5000.0	0.001	0.00153	0.0001	2.107209	0.7121872025594881,0.28369262147570484,0.004117856428714257,2.319536092781444e-06
332	2387651963	5000.0	0.001	0.00153	0.0001	1.452618	0.22393629274145171,0.7263074585082984,0.048402159568086384,0.0013533293341331733,7.598480303939212e-07
330	2281846135	5000.0	0.001	0.00153	0.0001	0.799784	0.009802759448110378,0.705978724255149,0.27344467106578685,0.010473385322935413,0.0003004599080183963
331	3442398585	5000.0	0.001	0.00153	0.0001	4.842810	0.1059990801839632,0.1745148170365927,0.5901200959808038,0.11615076984603079,0.013014157168566286,0.00020107978404319135
334	3958070665	5000.0	0.001	0.00153	0.0001	-0.039636	0.9658205158968206,0.03253249350129974,0.0016334733053389322,1.3517296540691861e-05
333	226622852	5000.0	0.001	0.00153	0.0001	3.332465	0.3003834033193361,0.6741846430713857,0.024793401319736053,0.0006383923215356928,1.5996800639872026e-07
339	3770178974	5000.0	0.001	0.00153	0.0001	1.736478	0.49755312937412516,0.4902598680263947,0.012171605678864227,1.5396920615876825e-05
335	4046568843	5000.0	0.001	0.00153	0.0001	2.914584	0.21602043591281744,0.5556171965606879,0.22499408118376324,0.003363607278544291,4.679064187162567e-06
338	1837135258	5000.0	0.001	0.00153	0.0001	0.141403	0.9295341731653669,0.06939884023195361,0.0010669466106778644,3.9992001599680065e-08
336	2425593229	5000.0	0.001	0.00153	0.0001	1.368111	0.7278792641471705,0.2629377724455109,0.009059068186362727,0.00012385522895420916,3.9992001599680065e-08
337	1419165073	5000.0	0.001	0.00153	0.0001	3.328645	0.28670285942811435,0.554173725254949,0.1570503899220156,0.0020714657068586283,1.5596880623875224e-06
340	3535375777	5000.0	0.001	0.00153	0.0001	5.539576	0.11451409718056389,0.5777957608478305,0.2891501299740052,0.018085822835432912,0.0004541491701659668,3.9992001599680065e-08
344	957070762	5000.0	0.001	0.00153	0.0001	0.040187	0.8968361527694461,0.09758540291941611,0.0055356128774245155,4.283143371325735e-05
343	2487791014	5000.0	0.001	0.00153	0.0001	1.506765	0.6037241351729654,0.37205538892221557,0.024117056588682264,0.00010261947610477904,7.998400319936013e-07
342	1624561061	5000.0	0.001	0.00153	0.0001	2.186474	0.6792153169366126,0.3134526294741052,0.007001879624075185,0.00032685462907418517,3.319336132773445e-06
346	3244625322	5000.0	0.001	0.00153	0.0001	5.589819	0.0652127174565087,0.4239372125574885,0.42753261347730454,0.08258072385522895,0.0007316936612677465,5.038992201559688e-06
345	3977420203	5000.0	0.001	0.00153	0.0001	2.857250	0.3616667066586683,0.5804565086982604,0.057719496100779845,0.0001568886222755449,3.9992001599680065e-07
341	3608806817	5000.0	0.001	0.00153	0.0001	3.304068	0.10805894821035793,0.6808405518896221,0.20493089382123575,0.006034233153369326,0.00013513297340531893,2.399520095980804e-07
347	1062952366	5000.0	0.001	0.00153	0.0001	1.604865	0.44263263347330534,0.5393704459108178,0.017430753849230155,0.0005652469506098781,9.198160367926415e-07
348	1080360380	5000.0	0.001	0.00153	0.0001	6.021832	0.05871101779644071,0.43153125374925017,0.40604495100979804,0.10215132973405319,0.0015613277344531094,1.199760047990402e-07
349	3596780988	5000.0	0.001	0.00153	0.0001	-0.014098	0.9532917416516696,0.046516576684663066,0.00019168166366726654
352	917022144	5000.0	0.001	0.00153	0.0001	2.318233	0.46348930213957207,0.4195972805438912,0.11365630873825235,0.003235512897420516,2.1595680863827235e-05
351	3169316284	5000.0	0.001	0.00153	0.0001	0.187915	0.4136115576884623,0.5724257948410318,0.013945410917816438,1.7236552689462107e-05
350	1539515838	5000.0	0.001	0.00153	0.0001	1.938930	0.2627505698860228,0.6486285142971405,0.08783379324135172,0.0007869626074785043,1.5996800639872026e-07
353	1296111042	5000.0	0.001	0.00153	0.0001	1.308239	0.004089782043591282,0.00012949410117976405,0.6605641271745651,0.3106277144571086,0.02447098580283943,0.00011425714857028594,3.639272145570886e-06
354	1990962628	5000.0	0.001	0.00153	0.0001	6.022184	0.06673077384523095,0.23138024395120976,0.3557960807838432,0.2945636072785443,0.04787278544291142,0.0036493901219756047,7.118576284743051e-06
357	805058007	5000.0	0.001	0.00153	0.0001	0.812480	0.8278811437712458,0.1665979604079184,0.004716056788642272,0.0008047190561887623,1.199760047990402e-07
356	1450710480	5000.0	0.001	0.00153	0.0001	2.879183	0.13775452909418118,0.6202611477704459,0.2326379124175165,0.009308498300339932,3.79124175164967e-05
358	1019923932	5000.0	0.001	0.00153	0.0001	0.192648	0.44466314737052587,0.5226605478904219,0.03160231953609278,0.001073865226954609,1.199760047990402e-07
359	1120013801	5000.0	0.001	0.00153	0.0001	1.435908	0.5445416116776645,0.42338396320735855,0.032022235552889425,5.2189562087582484e-05
360	1086758379	5000.0	0.001	0.00153	0.0001	1.159744	0.5765732053589282,0.3490389522095581,0.041907058588282343,0.032309218156368724,0.00017156568686262747
355	2573739471	5000.0	0.001	0.00153	0.0001	1.202317	0.13505950809838033,0.8048763447310537,0.05940531893621276,0.00065874825034993,7.998400319936013e-08
361	564921838	5000.0	0.001	0.00153	0.0001	1.905898	0.47146698660267944,0.5040883823235353,0.024156928614277144,0.00028754249150169964,1.5996800639872026e-07
362	3660121586	5000.0	0.001	0.00153	0.0001	2.726848	0.5312759448110378,0.4259754049190162,0.04250689862027594,0.000241751649670066
365	3929966077	5000.0	0.001	0.00153	0.0001	0.003823	0.9505785642871426,0.048791881623675266,0.0006293541291741651,1.9996000799840033e-07
364	1093299706	5000.0	0.001	0.00153	0.0001	2.582781	0.7015428914217157,0.28798968206358727,0.010017596480703859,0.00044983003399320134
366	521850365	5000.0	0.001	0.00153	0.0001	3.767724	0.1309148170365927,0.7729133773245351,0.09391529694061188,0.002172005598880224,8.450309938012398e-05
363	789665267	5000.0	0.001	0.00153	0.0001	-0.021413	0.0014925814837032593,0.9588649870025995,0.03918492301539692,0.0004571885622875425,3.199360127974405e-07
368	3455225346	5000.0	0.001	0.00153	0.0001	2.828853	0.3590231553689262,0.6085009798040392,0.031865546890621876,0.0006039992001599681,6.3187362527494505e-06
367	2646474239	5000.0	0.001	0.00153	0.0001	1.067266	0.053373125374925015,0.40572241551689664,0.4985551289742052,0.03981011797640472,0.0025380123975204958,1.199760047990402e-06
369	2497375748	5000.0	0.001	0.00153	0.0001	3.390862	0.023944331133773245,0.7020719456108778,0.2705148570285943,0.0034670265946810637,1.839632073585283e-06
370	3412893193	5000.0	0.001	0.00153	0.0001	1.638512	0.7589798040391922,0.2368485102979404,0.004123015396920616,4.8670265946810635e-05
371	3939175948	5000.0	0.001	0.00153	0.0001	2.230575	0.49780587882423516,0.4781286142771446,0.023635912817436513,0.0004293541291741652,2.399520095980804e-07
372	1221584396	5000.0	0.001	0.00153	0.0001	0.995691	0.4825909218156369,0.4842393121375725,0.032972165566886626,0.0001976004799040192
374	96884250	5000.0	0.001	0.00153	0.0001	0.050127	0.8351144971005798,0.1538389522095581,0.010998520295940811,4.8030393921215755e-05
373	1652487703	5000.0	0.001	0.00153	0.0001	3.716261	0.33624515096980606,0.5755446110777844,0.0876761847630474,0.0005336932613477305,3.5992801439712056e-07
376	1118764572	5000.0	0.001	0.00153	0.0001	-0.094636	0.908101899620076,0.09048994201159768,0.0013652869426114776,4.2871425714857026e-05
375	1483396635	5000.0	0.001	0.00153	0.0001	2.561933	0.0359625674865027,0.5182683863227354,0.388679024195161,0.05679056188762248,0.00029938012397520496,7.998400319936013e-08
379	2192627243	5000.0	0.001	0.00153	0.0001	2.557554	0.6102588682263548,0.37937532493501297,0.01034737052589482,1.843631273745251e-05
377	3598550556	5000.0	0.001	0.00153	0.0001	7.703392	0.01583111377724455,0.05281471705658868,0.13486486702659467,0.5583927614477104,0.22454553089382123,0.013512297540491902,3.8712257548490304e-05
380	4008910381	5000.0	0.001	0.00153	0.0001	-0.061751	0.7735489702059588,0.2180630673865227,0.008357568486302739,3.039392121575685e-05
378	84368934	5000.0	0.001	0.00153	0.0001	2.629885	0.34589022195560887,0.6375902419516096,0.016322695460907817,0.00019684063187362527
381	2852863533	5000.0	0.001	0.00153	0.0001	-0.217339	0.9209909218156369,0.07833545290941811,0.0006735452909418117,7.998400319936013e-08
383	3767096881	5000.0	0.001	0.00153	0.0001	3.958177	0.08510869826034793,0.46438292341531695,0.3927341731653669,0.05557372525494901,0.002102899420115977,9.758048390321936e-05
385	2648991288	5000.0	0.001	0.00153	0.0001	2.461217	0.5104153169366127,0.4419961607678464,0.045847150569886023,0.001733893221355729,7.478504299140172e-06
382	2566612527	5000.0	0.001	0.00153	0.0001	10.448715	0.009176044791041792,0.0610250349930014,0.35730769846030797,0.42042831433713257,0.1367237352529494,0.014266026794641071,0.0010729054189162167,2.399520095980804e-07
384	2853338675	5000.0	0.001	0.00153	0.0001	3.039650	0.1852503099380124,0.6684384723055389,0.14235428914217158,0.003945330933813237,1.1597680463907219e-05
386	3875292730	5000.0	0.001	0.00153	0.0001	6.546281	0.05060651869626075,0.2223378924215157,0.39275872825434915,0.31343111377724453,0.02081975604879024,4.523095380923815e-05,7.598480303939212e-07
387	4138987076	5000.0	0.001	0.00153	0.0001	1.852579	0.6687583683263347,0.32220395920815836,0.008440271945610877,0.0005973205358928215,7.998400319936013e-08
389	1692765768	5000.0	0.001	0.00153	0.0001	2.437885	0.0119500099980004,0.4863368526294741,0.48812873425314934,0.013570725854829034,1.3677264547090581e-05
388	2574673476	5000.0	0.001	0.00153	0.0001	1.273476	0.4464045190961808,0.38410753849230156,0.16778920215956808,0.0016979004199160167,8.398320335932813e-07
390	1605867086	5000.0	0.001	0.00153	0.0001	2.541742	0.2819029394121176,0.679870625874825,0.03810565886822635,0.00012077584483103379
392	976102993	5000.0	0.001	0.00153	0.0001	1.626871	0.07867610477904419,0.6090838232353529,0.30157008598280344,0.009413317336532693,0.001238632273545291,1.803639272145571e-05
391	2228012624	5000.0	0.001	0.00153	0.0001	0.154754	0.17633909218156368,0.7268104779044191,0.09455396920615877,0.002295900819836033,5.598880223955209e-07
393	1968897621	5000.0	0.001	0.00153	0.0001	0.324818	0.2850976604679064,0.5673632873425315,0.13913689262147572,0.0083874425114977,1.4717056588682264e-05
396	2250395240	5000.0	0.001	0.00153	0.0001	-0.083380	0.87149150169966,0.12330213957208558,0.0051234153169366125,8.294341131773646e-05
395	693511782	5000.0	0.001	0.00153	0.0001	1.625817	0.5765361727654469,0.38392997400519896,0.039194481103779245,0.000339372125574885
394	3917123160	5000.0	0.001	0.00153	0.0001	-0.012734	0.9534150369926014,0.04614873025394921,0.00043415316936612676,2.0795840831833635e-06
398	2720661099	5000.0	0.001	0.00153	0.0001	3.119151	0.5271424115176965,0.36605566886622676,0.10077712457508499,0.005962367526494701,6.242751449710058e-05
397	2463833705	5000.0	0.001	0.00153	0.0001	6.786653	0.04778484303139372,0.16203287342531494,0.2951107778444311,0.25367682463507296,0.20485702859428115,0.03590493901219756,0.0006327134573085383
400	304098927	5000.0	0.001	0.00153	0.0001	5.806995	0.09694293141371725,0.6782644271145771,0.21458040391921615,0.010034353129374125,0.00017788442311537692
399	2230337131	5000.0	0.001	0.00153	0.0001	2.211926	0.4739262947410518,0.4713657668466307,0.0499126974605079,0.0035870825834833035,0.001208118376324735,3.9992001599680065e-08
401	3611893359	5000.0	0.001	0.00153	0.0001	1.845258	0.5551282143571286,0.4237155768846231,0.02112965406918616,2.655468906218756e-05
402	1134216820	5000.0	0.001	0.00153	0.0001	0.161679	0.21923159368126374,0.7416900619876025,0.038975804839032194,0.00010253949210157969
407	4076170900	5000.0	0.001	0.00153	0.0001	0.071521	0.9242916216756649,0.07489630073985203,0.0008117976404719056,2.7994401119776043e-07
405	4125003397	5000.0	0.001	0.00153	0.0001	1.244856	0.37028006398720253,0.6137033793241352,0.015998360327934412,1.819636072785443e-05
404	3046039173	5000.0	0.001	0.00153	0.0001	2.599367	0.16264363127374526,0.6245426914617077,0.20389470105978805,0.008896780643871225,2.2155568886222757e-05,3.9992001599680065e-08
403	1135834749	5000.0	0.001	0.00153	0.0001	5.189153	0.10759624075184963,0.21002963407318537,0.5975998800239952,0.08282067586482704,0.001953489302139572,7.998400319936013e-08
406	3313055368	5000.0	0.001	0.00153	0.0001	4.812440	0.06292601479704059,0.4291601679664067,0.3596399520095981,0.13281843631273746,0.014378004399120176,0.0010774245150969807
409	503066276	5000.0	0.001	0.00153	0.0001	0.559146	0.5275346130773845,0.43553169366126776,0.03688850229954009,4.519096180763847e-05
408	2206957209	5000.0	0.001	0.00153	0.0001	2.868393	0.11327234553089383,0.4853877624475105,0.3792132373525295,0.021980203959208158,0.0001464507098580284
410	4132935346	5000.0	0.001	0.00153	0.0001	0.155298	0.9072081183763248,0.09191481703659268,0.0008764247150569886,6.39872025594881e-07
411	3798677174	5000.0	0.001	0.00153	0.0001	3.046102	0.20239300139972005,0.652225474905019,0.14289662067586484,0.0024780643871225756,6.838632273545291e-06
412	2948087479	5000.0	0.001	0.00153	0.0001	1.960369	0.42834649070185965,0.5502515896820636,0.020519256148770246,0.0008826634673065387
415	2528315069	5000.0	0.001	0.00153	0.0001	1.682460	0.6135874425114977,0.37052177564487104,0.01583275344931014,5.8028394321135776e-05
414	1383581370	5000.0	0.001	0.00153	0.0001	0.020709	0.9727551289742051,0.027170605878824236,7.386522695460908e-05,3.9992001599680065e-07
416	1763942081	5000.0	0.001	0.00153	0.0001	6.546512	0.01911361727654469,0.32982039592081586,0.49781963607278545,0.1484890621875625,0.004755448910217956,1.839632073585283e-06
413	2840100538	5000.0	0.001	0.00153	0.0001	0.421755	0.5531994401119776,0.4384530693861228,0.008342251549690063,5.238952209558089e-06
417	589749955	5000.0	0.001	0.00153	0.0001	0.687597	0.586526774645071,0.40062923415316937,0.012825074985003,1.891621675664867e-05
418	3217018564	5000.0	0.001	0.00153	0.0001	2.279639	0.46189650069986005,0.4910958608278344,0.04537612477504499,0.0016250749850029993,6.43871225754849e-06
419	949765834	5000.0	0.001	0.00153	0.0001	3.252120	0.579846550689862,0.3834614277144571,0.036490901819636073,0.00020111977604479105
420	797890251	5000.0	0.001	0.00153	0.0001	2.787994	0.002455228954209158,0.6017506098780244,0.38793133373325334,0.0077548890221955605,0.00010257948410317936,5.358928214357128e-06
421	2429251276	5000.0	0.001	0.00153	0.0001	1.927175	0.6291208558288343,0.363820875824835,0.006901859628074385,0.00015640871825634874
422	1421602509	5000.0	0.001	0.00153	0.0001	3.344436	0.1159119776044791,0.6875038592281544,0.18494601079784043,0.011604039192161568,3.4033193361327734e-05,7.998400319936013e-08
424	2554654415	5000.0	0.001	0.00153	0.0001	1.623278	0.4395065786842631,0.49123111377724454,0.06893049390121976,0.0003318136372725455
425	3436080849	5000.0	0.001	0.00153	0.0001	0.081186	0.8081152969406119,0.18030793841231754,0.01155136972605479,2.539492101579684e-05
426	1429812948	5000.0	0.001	0.00153	0.0001	0.208060	0.9268797440511898,0.07261743651269746,0.0005028194361127775
427	463867610	5000.0	0.001	0.00153	0.0001	-0.022452	0.9427662467506499,0.05565982803439312,0.0015719256148770246,1.999600079984003e-06
423	4135093966	5000.0	0.001	0.00153	0.0001	1.452116	0.7194514297140572,0.27195572885422914,0.008522135572885423,7.070585882823435e-05
428	2072891101	5000.0	0.001	0.00153	0.0001	1.471988	0.5595976804639072,0.42405562887422515,0.015498260347930413,0.0008409118176364727,7.518496300739852e-06
429	1629578975	5000.0	0.001	0.00153	0.0001	4.477844	0.04740123975204959,0.5251916416716657,0.41953221355728854,0.00759500099980004,0.0002796640671865627,2.399520095980804e-07
431	2259269349	5000.0	0.001	0.00153	0.0001	-0.045846	0.9443168566286743,0.05494501099780044,0.0007380123975204959,1.199760047990402e-07
430	554489567	5000.0	0.001	0.00153	0.0001	3.161068	0.2672307138572286,0.37659520095980803,0.3330512297540492,0.023056948610277943,6.510697860427915e-05,7.998400319936013e-07
432	36146918	5000.0	0.001	0.00153	0.0001	2.987795	0.18395544891021795,0.4388976204759048,0.2669748450309938,0.09843211357728454,0.01160115976804639,0.0001388122375524895
433	3532627687	5000.0	0.001	0.00153	0.0001	-0.000524	0.9555559288142371,0.044125414917016596,0.00031865626874625074
435	2347945718	5000.0	0.001	0.00153	0.0001	2.932985	0.752419476104779,0.21910369926014797,0.027733933213357327,0.0007319736052789442,1.0917816436712657e-05
437	1158315771	5000.0	0.001	0.00153	0.0001	-0.880910	0.5072395120975804,0.4362943811237752,0.05392357528494301,0.0025384523095380923,4.079184163167366e-06
434	132206323	5000.0	0.001	0.00153	0.0001	4.312090	0.025258388322335533,0.15021279744051189,0.39724327134573084,0.38859092181563687,0.037397040591881626,0.0012876224755048991,9.958008398320336e-06
440	3367190276	5000.0	0.001	0.00153	0.0001	-0.208845	0.9157297340531894,0.05149866026794641,0.03258012397520496,0.00019148170365926813
438	269571838	5000.0	0.001	0.00153	0.0001	0.921253	0.7857543291341732,0.2074392321535693,0.006342611477704459,0.0004637872425514897,3.9992001599680065e-08
439	2589558532	5000.0	0.001	0.00153	0.0001	2.610798	0.6667358928214357,0.313997200559888,0.016428394321135773,0.002837112577484503,1.3997200559888023e-06
436	147255034	5000.0	0.001	0.00153	0.0001	1.285020	0.7664563487302539,0.22645706858628276,0.0070690261947610475,1.7556488702259547e-05
441	2979725062	5000.0	0.001	0.00153	0.0001	1.090309	0.12264535092981403,0.7444611077784443,0.13181743651269745,0.0010760647870425915,3.9992001599680065e-08
442	1398339334	5000.0	0.001	0.00153	0.0001	2.026085	0.3962957808438312,0.4859742451509698,0.06286466706658668,0.04885190961807639,0.005935452909418116,7.638472305538892e-05,1.5596880623875224e-06
443	2879782666	5000.0	0.001	0.00153	0.0001	2.203254	0.04030177964407119,0.8449123775244951,0.11324887022595481,0.0015348530293941211,2.1195760847830435e-06
448	2690739990	5000.0	0.001	0.00153	0.0001	2.258807	0.5626797040591882,0.3965391721655669,0.03838540291941612,0.002395480903819236,2.399520095980804e-07
445	2429710097	5000.0	0.001	0.00153	0.0001	2.102511	0.4148340331933613,0.5622203959208159,0.022497020595880823,0.0004453509298140372,3.1993601279744052e-06
446	4175261458	5000.0	0.001	0.00153	0.0001	2.501457	0.42755676864627074,0.5109706458708259,0.06082731453709258,0.0006452709458108378
444	2345899787	5000.0	0.001	0.00153	0.0001	3.221899	0.08899540091981603,0.6216219156168766,0.2845699660067986,0.004808038392321536,4.679064187162567e-06
447	608853779	5000.0	0.001	0.00153	0.0001	0.831036	0.5843181363727254,0.4029905218956209,0.012450909818036393,0.00024043191361727655
449	2490808095	5000.0	0.001	0.00153	0.0001	1.092244	0.4687176964607079,0.5108950209958009,0.012064667066586683,0.008247590481903619,7.48250349930014e-05,1.9996000799840033e-07
450	3276019489	5000.0	0.001	0.00153	0.0001	6.085121	0.22106542691461709,0.6002959808038393,0.17498056388722255,0.003577364527094581,8.066386722655468e-05
451	3414920996	5000.0	0.001	0.00153	0.0001	0.120991	0.8528651469706059,0.14558540291941613,0.0015404519096180764,8.998200359928014e-06
452	60733222	5000.0	0.001	0.00153	0.0001	-0.095571	0.9583716056788643,0.04072641471705659,0.0009018996200759848,7.998400319936013e-08
459	3992266556	5000.0	0.001	0.00153	0.0001	1.273068	0.015071025794841032,0.5565206958608279,0.4038381523695261,0.024253189362127576,0.0003168966206758648,3.9992001599680065e-08
453	2130323240	5000.0	0.001	0.00153	0.0001	3.084693	0.12381615676864627,0.37756800639872024,0.4702453109378124,0.027895500899820035,0.0004547090581883623,2.0315936812637472e-05
455	1073239857	5000.0	0.001	0.00153	0.0001	0.766233	0.7914412717456508,0.20216068786242752,0.006393281343731253,4.759048190361927e-06
454	3457335081	5000.0	0.001	0.00153	0.0001	0.000905	2.8674265146970606e-05,0.0008983803239352129,0.9399030193961208,0.05843179364127175,0.0005798040391921615,0.00015832833433313337
456	1003783987	5000.0	0.001	0.00153	0.0001	2.158320	0.06860871825634873,0.5838456708658268,0.3407553689262148,0.004945810837832434,0.0018434713057388522,9.598080383923216e-07
457	1307053878	5000.0	0.001	0.00153	0.0001	4.517079	0.1923889622075585,0.6461870025994801,0.15692077584483102,0.004491901619676065,1.1357728454309138e-05
458	1233469241	5000.0	0.001	0.00153	0.0001	3.521696	0.10789822035592882,0.5772978604279144,0.28183943211357726,0.03278340331933613,0.00018108378324335132
461	204691262	5000.0	0.001	0.00153	0.0001	-0.184424	0.0002505898820235953,0.9466322735452909,0.05056428714257149,0.0025520495900819835,7.998400319936013e-07
462	1987839808	5000.0	0.001	0.00153	0.0001	1.911769	0.4141401319736053,0.5698219556088783,0.015442111577684462,0.0005957608478304339,3.9992001599680065e-08
460	356392765	5000.0	0.001	0.00153	0.0001	5.378863	0.09552177564487102,0.5826082783443312,0.2885994801039792,0.03290605878824235,0.0003643671265746851,3.9992001599680065e-08
465	3178159940	5000.0	0.001	0.00153	0.0001	1.763979	0.3267165366926615,0.5781738852229554,0.06860283943211358,0.026326694661067785,0.00017996400719856028,7.998400319936013e-08
463	242104130	5000.0	0.001	0.00153	0.0001	4.292139	0.27097092581483706,0.5466648670265947,0.17059508098380324,0.011717816436712658,5.130973805238952e-05
467	4041035596	5000.0	0.001	0.00153	0.0001	0.858305	0.8418004799040192,0.14975228954209158,0.008364367126574686,8.286342731453709e-05
466	4026554186	5000.0	0.001	0.00153	0.0001	4.175700	0.14913285342931415,0.5632066786642671,0.2766619876024795,0.010987602479504099,1.0877824435112978e-05
468	1136203607	5000.0	0.001	0.00153	0.0001	0.991179	0.5221345730853829,0.4700285942811438,0.007815636872625474,2.1195760847830434e-05
464	831180610	5000.0	0.001	0.00153	0.0001	2.443361	0.49742259548090384,0.4772726654669066,0.025285422915416918,1.9316136772645472e-05
470	1729785690	5000.0	0.001	0.00153	0.0001	0.005592	0.9035281343731254,0.08919548090381924,0.007267146570685863,9.238152369526095e-06
472	411918173	5000.0	0.001	0.00153	0.0001	1.981110	0.4735778444311138,0.5114485902819436,0.014274145170965806,0.0006981803639272146,1.2397520495900819e-06
469	936777560	5000.0	0.001	0.00153	0.0001	4.658212	0.04788862227554489,0.5359901219756049,0.3033737652469506,0.09956620675864827,0.013165766846630674,1.5516896620675863e-05
471	1228935005	5000.0	0.001	0.00153	0.0001	1.725970	0.5519222955408918,0.41272985402919415,0.034147810437912415,0.0011999600079984003,7.998400319936013e-08
473	1616678757	5000.0	0.001	0.00153	0.0001	-0.242999	0.9423922815436913,0.05569610077984403,0.0016790641871625674,0.00023255348930213959
475	1383253881	5000.0	0.001	0.00153	0.0001	3.604826	0.09626590681863627,0.7615248950209959,0.13859920015996802,0.003516656668666267,9.110177964407118e-05,2.2395520895820834e-06
474	471261041	5000.0	0.001	0.00153	0.0001	3.849220	0.28341787642471505,0.49274509098180364,0.20180383923215356,0.021964527094581084,6.866626674665067e-05
476	1352503162	5000.0	0.001	0.00153	0.0001	3.363310	0.2942251949610078,0.4992641871625675,0.1928652269546091,0.013253829234153169,0.0003912017596480704,3.5992801439712056e-07
478	2808741760	5000.0	0.001	0.00153	0.0001	3.955774	0.16447250549890022,0.24385670865826833,0.42465606878624274,0.1578635872825435,0.009135212957408519,1.5916816636672664e-05
479	4056633220	5000.0	0.001	0.00153	0.0001	2.821656	0.17583315336932615,0.6871118976204759,0.13495184963007398,0.0021025394921015796,5.598880223955209e-07
477	766164860	5000.0	0.001	0.00153	0.0001	0.648240	0.45154073185362925,0.46078096380723854,0.032581203759248153,0.04306718656268746,0.011912017596480704,0.00011769646070785843,1.9996000799840033e-07
480	561727371	5000.0	0.001	0.00153	0.0001	4.013882	0.1825501699660068,0.6944747850429914,0.12096976604679065,0.0016361927614477105,0.0003610477904419116,8.038392321535693e-06
481	2743746455	5000.0	0.001	0.00153	0.0001	0.083047	0.9534652269546091,0.04534653069386123,0.0011881623675264947,7.998400319936013e-08
482	2624266143	5000.0	0.001	0.00153	0.0001	2.115148	0.23991901619676065,0.10983683263347331,0.5371488102379524,0.10031453709258148,0.012718376324735053,6.242751449710058e-05
483	3684358056	5000.0	0.001	0.00153	0.0001	4.390019	0.0774990201959608,0.4667732053589282,0.3617366126774645,0.07661967606478705,0.017228394321135772,0.00014309138172365526
486	2994571185	5000.0	0.001	0.00153	0.0001	-0.017540	0.9553561287742451,0.04382755448910218,0.0007614877024595081,5.482903419316137e-05
487	3761936309	5000.0	0.001	0.00153	0.0001	2.019562	0.7275203359328134,0.18099748050389922,0.07879736052789442,0.012659108178364327,2.571485702859428e-05
485	2871869357	5000.0	0.001	0.00153	0.0001	0.566539	0.8638682663467306,0.12984315136972605,0.0062452709458108374,4.331133773245351e-05
489	2221236163	5000.0	0.001	0.00153	0.0001	-0.046420	0.9641327734453109,0.034318016396720656,0.0015485302939412117,6.798640271945611e-07
484	3204734889	5000.0	0.001	0.00153	0.0001	0.737343	0.7836038392321536,0.20830525894821036,0.00801503699260148,7.586482703459308e-05
488	311619514	5000.0	0.001	0.00153	0.0001	3.434357	0.19218108378324336,0.3826998200359928,0.35696736652669464,0.06707082583483304,0.0010804239152169565,4.799040191961608e-07
492	4034275290	5000.0	0.001	0.00153	0.0001	1.440058	0.7142525094981004,0.2783403319336133,0.0074000799840032,7.0785842831433715e-06
490	692846546	5000.0	0.001	0.00153	0.0001	3.260202	0.3303844031193761,0.6349519296140772,0.034549450109978,0.00011421715656868626
491	2741979096	5000.0	0.001	0.00153	0.0001	7.255418	0.05344731053789242,0.37975216956608676,0.36948354329134175,0.17601079784043192,0.021079144171165767,0.00022699460107978404,3.9992001599680065e-08
493	3221848029	5000.0	0.001	0.00153	0.0001	1.162102	0.5784679064187163,0.37228586282743453,0.04880611877624475,0.0004400719856028794,3.9992001599680065e-08
494	1408780253	5000.0	0.001	0.00153	0.0001	2.154364	0.7078835032993401,0.1834399920015997,0.007041191761647671,0.10075596880623876,0.0008788642271545691,4.799040191961608e-07
495	1444612071	5000.0	0.001	0.00153	0.0001	0.436061	0.5638096380723855,0.4153005398920216,0.020811717656468706,7.810437912417517e-05
498	3826763761	5000.0	0.001	0.00153	0.0001	2.458361	0.27628046390721855,0.6738501099780044,0.04369846030793841,0.006165646870625875,5.318936212757449e-06
496	502231019	5000.0	0.001	0.00153	0.0001	2.486018	0.11185970805838832,0.6117626874625075,0.2647912417516497,0.011551929614077184,3.443311337732454e-05
497	1589102572	5000.0	0.001	0.00153	0.0001	-0.488739	0.9121391321735652,0.07236624675064987,0.01539512097580484,9.9500099980004e-05
499	3977164793	5000.0	0.001	0.00153	0.0001	-0.003750	0.9703521695660868,0.028239272145570884,0.0014041991601679664,4.359128174365127e-06
