sim_id	seed	popsize	selcoef	sigma	mutrate	velocity	profile
11	3969802292	5000.0	0.001	0.00178	0.0001	2.161272	0.5382351129774046,0.44761843631273746,0.014122055588882224,2.439512097580484e-05
15	3926075456	5000.0	0.001	0.00178	0.0001	2.319536	0.7010164367126575,0.2879097780443911,0.011051949610077985,2.1835632873425314e-05
12	291924022	5000.0	0.001	0.00178	0.0001	2.896567	0.7432554289142171,0.2325401719656069,0.02416996600679864,3.443311337732454e-05
1	3017658370	5000.0	0.001	0.00178	0.0001	0.426642	0.8111905618876225,0.1854518296340732,0.0033559288142371527,1.6796640671865626e-06
4	1242486804	5000.0	0.001	0.00178	0.0001	4.904890	0.29337800439912015,0.5982931413717256,0.10011717656468706,0.008187882423515296,2.3795240951809637e-05
16	1172639810	5000.0	0.001	0.00178	0.0001	3.642245	0.12558036392721456,0.5980832633473305,0.2572715456908618,0.014037632473505299,0.005026474705058988,7.198560287942411e-07
10	804149291	5000.0	0.001	0.00178	0.0001	0.314124	0.3639758448310338,0.60905374925015,0.02691745650869826,5.294941011797641e-05
8	745164836	5000.0	0.001	0.00178	0.0001	1.192512	0.7605152969406119,0.23716492701459707,0.0023182563487302538,1.5196960607878424e-06
13	2555002937	5000.0	0.001	0.00178	0.0001	6.091105	0.01623863227354529,0.18722035592881422,0.5821323735252949,0.21023983203359328,0.004110897820435912,4.7750449910017995e-05,1.0157968406318736e-05
0	213239809	5000.0	0.001	0.00178	0.0001	2.603908	0.11303743251349731,0.6195946410717856,0.2618845030993801,0.0054800239952009595,3.3993201359728056e-06
2	3302094853	5000.0	0.001	0.00178	0.0001	2.474758	0.4342465906818636,0.458080223955209,0.10556544691061788,0.0021076984603079383,3.9992001599680065e-08
3	3310004244	5000.0	0.001	0.00178	0.0001	4.514623	0.1722125974805039,0.44650949810037993,0.36568346330733853,0.015560567886422716,3.387322535492901e-05
14	2658027582	5000.0	0.001	0.00178	0.0001	5.527579	0.0648759048190362,0.25454337132573485,0.5018251149770045,0.16067834433113376,0.017831913617276544,0.0002453509298140372
5	3267682332	5000.0	0.001	0.00178	0.0001	4.464803	0.10270297940411918,0.4396167166566687,0.3894631873625275,0.0679884423115377,0.0002286742651469706
9	2660692010	5000.0	0.001	0.00178	0.0001	4.792957	0.1175502099580084,0.4423660867826435,0.3576375124975005,0.07133229354129174,0.01079632073585283,0.0003175764847030594
7	2970392609	5000.0	0.001	0.00178	0.0001	0.810890	0.7711438112377524,0.20745714857028594,0.021264107178564286,0.00013493301339732053
19	1407117383	5000.0	0.001	0.00178	0.0001	0.883591	0.7845163367326534,0.2075645270945811,0.007777804439112177,0.00014133173365326934
17	1194166338	5000.0	0.001	0.00178	0.0001	1.559898	0.6040643471305739,0.3523877624475105,0.042473105378924216,0.0010737052589482104,1.0797840431913617e-06
6	3848896542	5000.0	0.001	0.00178	0.0001	1.863629	0.6081048190361927,0.2850464307138572,0.10587642471505698,0.0009723255348930214
18	1638756418	5000.0	0.001	0.00178	0.0001	2.797081	0.414977524495101,0.4600868626274745,0.12057860427914417,0.003782403519296141,0.0005745250949810038,7.998400319936013e-08
20	2520219720	5000.0	0.001	0.00178	0.0001	3.760523	0.014492101579684063,0.23858076384723056,0.6902547490501899,0.05595984803039392,0.0007117376524695061,7.998400319936013e-07
29	773539938	5000.0	0.001	0.00178	0.0001	5.681351	0.13796016796640673,0.6727354529094182,0.17988558288342332,0.009406438712257548,1.235752849430114e-05
23	4160868424	5000.0	0.001	0.00178	0.0001	3.702120	0.06319020195960807,0.0974993401319736,0.24653137372525494,0.45215376924615075,0.12383439312137573,0.016564567086582684,0.00022635472905418915
27	881565786	5000.0	0.001	0.00178	0.0001	0.561415	0.8974640271945611,0.10174461107778444,0.0007912817436512697,7.998400319936013e-08
22	1883355209	5000.0	0.001	0.00178	0.0001	1.653277	0.7542983803239353,0.18835508898220357,0.05425826834633073,0.003087782443511298,4.799040191961608e-07
26	3625726041	5000.0	0.001	0.00178	0.0001	0.036589	0.0064579084183163365,0.9348039592081584,0.05601163767246551,0.002705978804239152,2.0515896820635874e-05
25	995829840	5000.0	0.001	0.00178	0.0001	2.747782	0.39107818436312736,0.5507887622475505,0.05710905818836233,0.001023995200959808
36	4263157880	5000.0	0.001	0.00178	0.0001	4.792998	0.14365502899420116,0.4643745650869826,0.34174673065386924,0.048723375324935016,0.001446110777844431,5.4189162167566484e-05
37	1232672889	5000.0	0.001	0.00178	0.0001	4.181736	0.05338488302339532,0.7207652869426114,0.18467934413117376,0.04072009598080384,0.0004503899220155969
24	3878555728	5000.0	0.001	0.00178	0.0001	3.018581	0.2794619876024795,0.5316456708658268,0.16066566686662667,0.02509626074785043,0.0031265346930613876,3.879224155168966e-06
33	1492123764	5000.0	0.001	0.00178	0.0001	1.089472	0.6377899220155969,0.3533822035592881,0.008820795840831834,7.0785842831433715e-06
34	1862936693	5000.0	0.001	0.00178	0.0001	6.136016	0.1001380523895221,0.6029854429114178,0.2915712857428514,0.0052976604679064185,7.558488302339532e-06
30	1806344290	5000.0	0.001	0.00178	0.0001	3.582974	0.061696820635872826,0.4427243351329734,0.46307082583483306,0.03191161767646471,0.0005964007198560288
31	2865782885	5000.0	0.001	0.00178	0.0001	3.254680	0.25660299940012,0.5482094781043791,0.1885879624075185,0.0065888422315536896,1.0717856428714257e-05
32	2132482155	5000.0	0.001	0.00178	0.0001	-1.263980	0.0037915616876624675,0.7204273545290942,0.12172261547690462,0.15207926414717057,0.001953609278144371,2.5594881023795242e-05
39	2499778705	5000.0	0.001	0.00178	0.0001	2.835253	0.6325312537492501,0.3118376324735053,0.053424035192961405,0.002206878624275145,1.9996000799840033e-07
38	2760960136	5000.0	0.001	0.00178	0.0001	1.838196	0.5199678464307138,0.4485661267746451,0.031379564087182565,8.646270745850829e-05
21	3972477000	5000.0	0.001	0.00178	0.0001	2.890994	0.14548354329134172,0.5476273545290942,0.2989644871025795,0.007911497700459909,1.311737652469506e-05
35	2616027255	5000.0	0.001	0.00178	0.0001	2.512865	0.5773660467906419,0.411024475104979,0.011551409718056389,5.746850629874025e-05,5.99880023995201e-07
28	3110608987	5000.0	0.001	0.00178	0.0001	13.091562	0.008402199560087982,0.058163407318536295,0.10415524895020996,0.18404535092981403,0.21401863627274545,0.19956964607078584,0.19895860827834433,0.03265478904219156,3.2113577284543094e-05
41	1150353557	5000.0	0.001	0.00178	0.0001	-0.042580	0.9234444711057789,0.07588310337932413,0.0006660667866426715,6.35872825434913e-06
40	3656536212	5000.0	0.001	0.00178	0.0001	3.305096	0.4472273545290942,0.18720367926414716,0.3538233953209358,0.01173509298140372,1.0477904419116177e-05
42	1072427162	5000.0	0.001	0.00178	0.0001	0.086339	0.014620915816836633,0.9540105178964207,0.03119628074385123,0.00017228554289142173
48	3114985651	5000.0	0.001	0.00178	0.0001	2.423176	0.5144381523695261,0.44120047990401917,0.043290461907618476,0.0010705858828234352,3.199360127974405e-07
43	2064765084	5000.0	0.001	0.00178	0.0001	-0.252805	0.9261073385322935,0.07296360727854428,0.00092749450109978,1.5596880623875224e-06
52	2092986569	5000.0	0.001	0.00178	0.0001	2.915877	0.45437864427114577,0.5059421315736853,0.03957256548690262,0.00010665866826634673
47	2681419951	5000.0	0.001	0.00178	0.0001	0.030175	0.9608311537692461,0.03892093581283743,0.00024703059388122374,8.798240351929614e-07
53	2271502538	5000.0	0.001	0.00178	0.0001	0.241511	0.004056988602279544,0.44073445310937814,0.5419226954609078,0.013237152569486103,4.871025794841032e-05
55	1282519245	5000.0	0.001	0.00178	0.0001	2.105674	0.013642831433713257,0.665719376124775,0.29447714457108576,0.026015796840631874,0.00014329134173165367,1.5596880623875224e-06
46	1735921830	5000.0	0.001	0.00178	0.0001	3.907711	0.02472117576484703,0.24545334933013396,0.5984315936812638,0.1096251149770046,0.02171505698860228,5.3709258148370326e-05
50	170916035	5000.0	0.001	0.00178	0.0001	0.785989	0.5507019396120776,0.4056073185362927,0.04336484703059388,0.00032589482103579287
49	125423797	5000.0	0.001	0.00178	0.0001	4.537754	0.2253894021195761,0.5863436112777445,0.1863877224555089,0.0018787042591481703,5.598880223955209e-07
45	800020639	5000.0	0.001	0.00178	0.0001	4.247500	0.15563935212957408,0.7641443311337732,0.0747131773645271,0.005501779644071186,1.3597280543891223e-06
44	3807826076	5000.0	0.001	0.00178	0.0001	4.124437	0.04743147370525895,0.5568552289542091,0.3246199560087982,0.07071345730853829,0.0003751649670065987,4.719056188762248e-06
56	80978129	5000.0	0.001	0.00178	0.0001	2.410281	0.5373383323335333,0.36699788042391523,0.08855736852629474,0.007094821035792841,1.1597680463907219e-05
54	3731970250	5000.0	0.001	0.00178	0.0001	5.291723	0.046097060587882425,0.7577268546290742,0.19071133773245352,0.005455828834233153,8.918216356728655e-06
57	2948589779	5000.0	0.001	0.00178	0.0001	0.115160	0.9692077584483103,0.030567166566686663,0.0002250349930013997,3.9992001599680065e-08
58	1639506131	5000.0	0.001	0.00178	0.0001	2.313408	0.0038741051789642073,0.5229994801039792,0.41931965606878624,0.05165478904219156,0.0021362927414517096,1.5676864627074585e-05
51	1616615624	5000.0	0.001	0.00178	0.0001	3.596030	0.33066686662667466,0.6316189962007599,0.036133133373325334,0.0015808038392321536,1.9996000799840033e-07
59	730495188	5000.0	0.001	0.00178	0.0001	-0.192320	0.9498940611877624,0.04968926214757049,0.0004166366726654669,3.9992001599680065e-08
60	3203557598	5000.0	0.001	0.00178	0.0001	5.463406	0.0767122175564887,0.5337092981403719,0.33091797640471904,0.058187962407518494,0.0004584283143371326,1.4117176564687063e-05
61	3394842858	5000.0	0.001	0.00178	0.0001	0.864378	0.4541417716456709,0.5168664667066587,0.02679876024795041,0.002192761447710458,2.399520095980804e-07
62	514265324	5000.0	0.001	0.00178	0.0001	1.236951	0.7523780843831234,0.24461823635272945,0.0029899220155968805,1.3757248550289942e-05
64	4185356530	5000.0	0.001	0.00178	0.0001	1.185025	0.5270203959208158,0.41740599880023993,0.054520575884823036,0.0010519096180763847,1.1197760447910417e-06
69	2115950846	5000.0	0.001	0.00178	0.0001	5.290189	0.03728110377924415,0.395324375124975,0.4354964207158568,0.128124575084983,0.003771645670865827,1.879624075184963e-06
65	84136184	5000.0	0.001	0.00178	0.0001	-0.006019	0.9363925214957008,0.06275920815836833,0.0008479104179164168,3.5992801439712056e-07
66	3170806009	5000.0	0.001	0.00178	0.0001	2.543623	0.44197908418316334,0.5257935212957409,0.03021731653669266,0.0020056788642271546,4.399120175964807e-06
70	3607542017	5000.0	0.001	0.00178	0.0001	1.378295	0.6748187562487502,0.31409714057188565,0.011071585682863427,1.251749650069986e-05
67	965249276	5000.0	0.001	0.00178	0.0001	0.882989	0.5556296340731853,0.3580516696660668,0.08480823835232953,0.0015097780443911217,6.798640271945611e-07
76	2639175963	5000.0	0.001	0.00178	0.0001	0.237381	0.9529830433913218,0.04538648270345931,0.0016303139372125575,1.5996800639872026e-07
71	2319937801	5000.0	0.001	0.00178	0.0001	0.952139	0.4432369526094781,0.5452163967206559,0.011479144171165767,6.750649870025995e-05
68	3291252990	5000.0	0.001	0.00178	0.0001	5.339762	0.2074137172565487,0.5981296940611878,0.19084239152169566,0.003603039392121576,1.1157768446310738e-05
73	1104984337	5000.0	0.001	0.00178	0.0001	4.185146	0.10521631673665267,0.47241887622475504,0.4128415516896621,0.009391001799640072,0.00013225354929014197
63	3485108466	5000.0	0.001	0.00178	0.0001	1.517671	0.559575524895021,0.4288458708258348,0.01154877024595081,2.9434113177364527e-05,3.9992001599680065e-07
74	2624844049	5000.0	0.001	0.00178	0.0001	2.722925	0.3557771645670866,0.5274623075384923,0.11619532093581283,0.0005642871425714857,9.198160367926415e-07
78	1783021854	5000.0	0.001	0.00178	0.0001	2.509283	0.7207871225754849,0.2715111777644471,0.007698940211957608,2.7594481103779245e-06
72	468965643	5000.0	0.001	0.00178	0.0001	2.294624	0.6864505898820236,0.29506890621875626,0.01842755448910218,5.294941011797641e-05
75	1752510745	5000.0	0.001	0.00178	0.0001	1.769686	0.006233633273345331,0.5764324735052989,0.33850617876424716,0.07829310137972406,0.0005345730853829234,3.9992001599680065e-08
79	1296013601	5000.0	0.001	0.00178	0.0001	1.832260	0.4630360327934413,0.48989858028394323,0.04582359528094381,0.001241631673665267,1.5996800639872026e-07
77	338671900	5000.0	0.001	0.00178	0.0001	3.874393	0.22274793041391722,0.5447156168766246,0.21900643871225756,0.013073345330933813,0.00045666866626674666
80	2699800866	5000.0	0.001	0.00178	0.0001	1.513607	0.6051300539892022,0.2098488702259548,0.17947038592281545,0.005406318736252749,0.00014281143771245752,1.5596880623875224e-06
81	733671718	5000.0	0.001	0.00178	0.0001	2.777273	0.5032349130173965,0.4687756848630274,0.027937852429514097,5.150969806038792e-05,3.9992001599680065e-08
82	546810151	5000.0	0.001	0.00178	0.0001	3.313287	0.44697200559888023,0.5379870825834833,0.014987962407518497,5.294941011797641e-05
83	769562925	5000.0	0.001	0.00178	0.0001	1.863407	0.27003407318536293,0.41218120375924816,0.3109420515896821,0.006829514097180564,1.3157368526294741e-05
87	2170966341	5000.0	0.001	0.00178	0.0001	0.095400	0.9416761847630474,0.05756792641471706,0.0007558488302339532,3.9992001599680065e-08
86	1205619003	5000.0	0.001	0.00178	0.0001	2.189349	0.42725726854629076,0.524131373725255,0.048416916616676665,0.00019444111177764446
84	3816296750	5000.0	0.001	0.00178	0.0001	3.254777	0.09875172965406918,0.5074942211557688,0.37985886822635473,0.013880223955208958,1.4957008598280344e-05
88	1420818760	5000.0	0.001	0.00178	0.0001	0.049496	0.09969054189162167,0.5893727654469106,0.24691737652469506,0.06205518896220756,0.0019634073185362927,7.198560287942411e-07
93	1967620450	5000.0	0.001	0.00178	0.0001	0.176119	0.8931934813037392,0.0971766046790642,0.009388362327534493,0.00024155168966206759
85	4159000882	5000.0	0.001	0.00178	0.0001	7.580550	0.04466742651469706,0.18870249950009998,0.416553649270146,0.2760765446910618,0.0735502899420116,0.0004485502899420116,1.0397920415916818e-06
91	1367333212	5000.0	0.001	0.00178	0.0001	0.532967	0.5226291941611678,0.44591617676464707,0.03056764647070586,0.0008854229154169166,1.5596880623875224e-06
92	3557130589	5000.0	0.001	0.00178	0.0001	2.883467	0.2705150569886023,0.5447189762047591,0.16135824835032994,0.023190961807638473,0.00021675664867026594
94	2875275619	5000.0	0.001	0.00178	0.0001	0.122640	0.9365768046390722,0.06179260147970406,0.0016061187762447511,2.44751049790042e-05
89	824533323	5000.0	0.001	0.00178	0.0001	-0.648317	0.797501899620076,0.200299900019996,0.0021510497900419914,4.715056988602279e-05
90	755204435	5000.0	0.001	0.00178	0.0001	0.162163	0.9320194761047791,0.06641463707258548,0.0015642871425714858,1.5996800639872026e-06
96	798339447	5000.0	0.001	0.00178	0.0001	2.009789	0.051236872625474904,0.32922875424915016,0.5363839632073585,0.08178264347130573,0.0013676864627074584,7.998400319936013e-08
99	337428861	5000.0	0.001	0.00178	0.0001	3.433456	0.15870917816436714,0.40308534293141374,0.40823231353729256,0.027746970605878826,0.0022213157368526294,4.879024195160968e-06
97	1590886776	5000.0	0.001	0.00178	0.0001	2.213704	0.12635188962207558,0.7981864827034593,0.07321943611277744,0.00223999200159968,2.1995600879824035e-06
95	1808066928	5000.0	0.001	0.00178	0.0001	2.952305	0.5111984403119376,0.4356841031793641,0.04768482303539292,0.005385282943411318,4.73505298940212e-05
98	2446270843	5000.0	0.001	0.00178	0.0001	0.638280	0.3401751649670066,0.49942651469706056,0.12907638472305538,0.030673105378924214,0.0006482303539292141,5.99880023995201e-07
100	214960528	5000.0	0.001	0.00178	0.0001	1.684142	0.014689302139572086,0.6231704459108178,0.3370385922815437,0.024956728654269147,0.00014493101379724056
101	3216785820	5000.0	0.001	0.00178	0.0001	7.793717	0.08548374325134973,0.43129226154769046,0.28714465106978604,0.18974329134173165,0.006331133773245351,4.919016196760648e-06
102	2931040670	5000.0	0.001	0.00178	0.0001	3.045339	0.52124675064987,0.4661858828234353,0.01256004799040192,7.318536292741451e-06
103	2969422243	5000.0	0.001	0.00178	0.0001	4.118466	0.13424183163367326,0.6351973605278944,0.18578352329534092,0.044624355128974204,0.00015292941411717656
104	1805359527	5000.0	0.001	0.00178	0.0001	4.852421	0.2799096580683863,0.6271330133973205,0.09198360327934413,0.0009737252549490102
109	1952149941	5000.0	0.001	0.00178	0.0001	3.838785	0.5225687662467506,0.4078373125374925,0.06870493901219756,0.0008889822035592881
113	1932712384	5000.0	0.001	0.00178	0.0001	0.289412	0.5556979004199161,0.4205742851429714,0.023530373925214957,0.00019744051189762046
106	1421074859	5000.0	0.001	0.00178	0.0001	2.728238	0.31016856628674266,0.5595618876224755,0.12746486702659468,0.0027528494301139773,5.182963407318536e-05
108	3244796341	5000.0	0.001	0.00178	0.0001	0.894134	0.6882999400119976,0.2910291941611678,0.020553169366126774,0.00011741651669666067,2.7994401119776043e-07
105	2528778665	5000.0	0.001	0.00178	0.0001	5.505000	0.08553517296540691,0.4785512897420516,0.41702795440911816,0.018385482903419317,0.0004979804039192162,2.1195760847830435e-06
111	1750671804	5000.0	0.001	0.00178	0.0001	2.557316	0.3606626674665067,0.5971750449910018,0.04179632073585283,0.0003658868226354729,7.998400319936013e-08
110	2331464119	5000.0	0.001	0.00178	0.0001	0.567421	0.5837296940611878,0.39026582683463307,0.025940731853629273,6.374725054989002e-05
107	2687615409	5000.0	0.001	0.00178	0.0001	1.799770	0.04116612677464507,0.8571540491901619,0.0947875624875025,0.006778524295140972,0.00011373725254949011
112	3802708413	5000.0	0.001	0.00178	0.0001	0.011176	0.96360199960008,0.035867906418716254,0.00046226754649070185,6.778644271145771e-05,3.9992001599680065e-08
115	1616832963	5000.0	0.001	0.00178	0.0001	2.117908	0.029466386722655467,0.5862623075384923,0.3738281143771246,0.01013501299740052,0.0003081783643271346
116	444805576	5000.0	0.001	0.00178	0.0001	0.497967	0.928069426114777,0.0715885622875425,0.0003420115976804639
114	3175420354	5000.0	0.001	0.00178	0.0001	-0.789975	0.10157320535892822,0.5849368926214757,0.2959304139172166,0.017509458108378326,5.002999400119976e-05
117	678339019	5000.0	0.001	0.00178	0.0001	1.942738	0.4305007398520296,0.5370368326334733,0.031567086582683465,0.0008944211157768447,9.198160367926415e-07
118	962136528	5000.0	0.001	0.00178	0.0001	1.373334	0.03748438312337533,0.7456863027394521,0.20605738852229555,0.010494061187762447,0.0002778244351129774,3.9992001599680065e-08
119	3514866128	5000.0	0.001	0.00178	0.0001	6.485049	0.026553489302139573,0.20421783643271346,0.5939444911017796,0.17202107578484302,0.0032597880423915217,3.319336132773445e-06
120	702331348	5000.0	0.001	0.00178	0.0001	5.118248	0.17724155168966207,0.6132002799440112,0.20374601079784044,0.0042327934413117375,0.0015784443111377725,9.198160367926415e-07
121	2721436116	5000.0	0.001	0.00178	0.0001	1.629784	0.7471552489502099,0.25040275944811036,0.002380283943211358,6.170765846830634e-05
122	2899661272	5000.0	0.001	0.00178	0.0001	2.342579	0.5966929014197161,0.3611471705658868,0.04158908218356329,0.0005708058388322336,3.9992001599680065e-08
123	3795462623	5000.0	0.001	0.00178	0.0001	2.035431	0.01681659668066387,0.6105453309338132,0.3543890821835633,0.018217836432713456,3.115376924615077e-05
126	165595617	5000.0	0.001	0.00178	0.0001	-0.051187	0.9089703259348131,0.0890877824435113,0.0019413317336532693,5.598880223955209e-07
128	2399728099	5000.0	0.001	0.00178	0.0001	1.661901	0.773246950609878,0.22195596880623875,0.004719536092781444,7.754449110177965e-05
124	296364512	5000.0	0.001	0.00178	0.0001	3.043089	0.3707011797640472,0.493198800239952,0.11498604279144171,0.02091153769246151,0.0002024395120975805
129	1457132004	5000.0	0.001	0.00178	0.0001	4.065016	0.03144155168966207,0.36087426514697063,0.5633654469106179,0.043975644871025794,0.0003430513897220556,3.9992001599680065e-08
125	3537732065	5000.0	0.001	0.00178	0.0001	0.423108	0.8376597880423915,0.1601730453909218,0.002163607278544291,3.4793041391721655e-06,7.998400319936013e-08
131	2692659711	5000.0	0.001	0.00178	0.0001	1.079620	0.6907260947810437,0.2955573685262947,0.013668146370725855,4.823035392921416e-05,1.5996800639872026e-07
138	1149360679	5000.0	0.001	0.00178	0.0001	1.815540	0.5103719656068786,0.4537949610077984,0.03514233153369326,0.000690621875624875,1.199760047990402e-07
130	102355444	5000.0	0.001	0.00178	0.0001	2.614275	0.13909606078784242,0.39777724455108976,0.4279684863027394,0.03473809238152369,0.00041999600079984,1.199760047990402e-07
133	2887514638	5000.0	0.001	0.00178	0.0001	1.133545	0.08555200959808039,0.6965090181963607,0.19954501099780045,0.01821411717656469,0.00017984403119376125
132	3073911310	5000.0	0.001	0.00178	0.0001	1.732438	0.5485888422315537,0.4217529294141172,0.029005358928214358,0.000652629474105179,2.399520095980804e-07
136	384852513	5000.0	0.001	0.00178	0.0001	0.477917	0.4146,0.4051753649270146,0.15084439112177564,0.028810357928414316,0.0005684863027394521,1.3997200559888023e-06
127	854010339	5000.0	0.001	0.00178	0.0001	3.707109	0.3752291941611678,0.5851543691261748,0.0370499100179964,0.0025080183963207357,5.8508298340331934e-05
134	4224244242	5000.0	0.001	0.00178	0.0001	2.326256	0.2473473705258948,0.6335303739252149,0.10847042591481704,0.010639032193561288,1.2797440511897621e-05
137	2724090407	5000.0	0.001	0.00178	0.0001	-2.218073	0.0054410317936412714,0.4364128774245151,0.535228274345131,0.022188082383523294,0.0007290941811637673,6.39872025594881e-07
135	1974721048	5000.0	0.001	0.00178	0.0001	-0.340662	0.8825203359328134,0.1122127174565087,0.005018156368726255,0.00024875024995001,3.9992001599680065e-08
139	646666807	5000.0	0.001	0.00178	0.0001	5.338810	0.03235136972605479,0.06682327534493102,0.3448347530493901,0.5106533093381324,0.045189562087582485,0.000147250549890022,4.799040191961608e-07
140	3627145792	5000.0	0.001	0.00178	0.0001	5.139182	0.09433185362927414,0.18899028194361128,0.4050972605478904,0.2752171565686863,0.032700979804039194,0.0036343131373725254,2.8154369126174764e-05
141	678814272	5000.0	0.001	0.00178	0.0001	1.100808	0.8153473305338932,0.16862307538492302,0.015990681863627274,3.89122175564887e-05
143	524386886	5000.0	0.001	0.00178	0.0001	3.321561	0.14708126374725056,0.6149517696460708,0.2344116776644671,0.0035429314137172567,1.235752849430114e-05
142	4028136006	5000.0	0.001	0.00178	0.0001	3.605710	0.19938208358328335,0.7586128774245151,0.04191445710857829,9.058188362327534e-05
144	2252683848	5000.0	0.001	0.00178	0.0001	4.347138	0.031702059588082386,0.47673193361327737,0.442671025794841,0.047095180963807236,0.001786362727454509,1.34373125374925e-05
145	964577866	5000.0	0.001	0.00178	0.0001	3.639779	0.2706102779444111,0.7011382123575285,0.027141531693661267,0.0011096180763847231,3.5992801439712056e-07
150	2304438867	5000.0	0.001	0.00178	0.0001	0.687961	0.8634126774645071,0.13482079584083184,0.0017653269346130775,1.199760047990402e-06
146	2973057613	5000.0	0.001	0.00178	0.0001	1.887282	0.5338754649070186,0.4590241951609678,0.007097060587882424,3.279344131173765e-06
149	764222035	5000.0	0.001	0.00178	0.0001	4.228662	0.28022011597680463,0.6534526694661068,0.06580943811237752,0.0005177764447110578
156	1779114609	5000.0	0.001	0.00178	0.0001	2.536662	0.4361328534293141,0.45810657868426313,0.09992709458108379,0.005823275344931014,1.0197960407918416e-05
151	1913401950	5000.0	0.001	0.00178	0.0001	3.071258	0.5591403719256148,0.4177763647270546,0.02296152769446111,0.00012173565286942611
147	503347789	5000.0	0.001	0.00178	0.0001	1.030724	0.5883080183963207,0.40132057588482306,0.010068546290741852,0.0003026994601079784,1.5996800639872026e-07
155	533768814	5000.0	0.001	0.00178	0.0001	1.454755	0.6420296340731854,0.3433278544291142,0.014543491301739653,9.886022795440912e-05,1.5996800639872026e-07
154	3532606061	5000.0	0.001	0.00178	0.0001	1.035860	0.4835575684863027,0.5059297340531894,0.01049490101979604,1.779644071185763e-05
153	1309178475	5000.0	0.001	0.00178	0.0001	0.147091	0.9246382723455309,0.07388558288342331,0.0014760247950409919,1.199760047990402e-07
148	3224334925	5000.0	0.001	0.00178	0.0001	1.521898	0.22902911417716457,0.7120327134573086,0.05791317736452709,0.0010230353929214157,1.959608078384323e-06
152	2522122846	5000.0	0.001	0.00178	0.0001	2.555307	0.21766974605078984,0.6819174965006999,0.09642023595280944,0.0039887622475504895,3.759248150369926e-06
157	1970674293	5000.0	0.001	0.00178	0.0001	2.456033	0.5820869426114778,0.40150981803639274,0.016345770845830835,5.746850629874025e-05
158	279650940	5000.0	0.001	0.00178	0.0001	4.932917	0.1310880623875225,0.3864043591281744,0.3665234553089382,0.11458924215156968,0.0013948410317936413,3.9992001599680065e-08
159	4190763651	5000.0	0.001	0.00178	0.0001	2.746965	0.4303991201759648,0.5533952409518096,0.016097940411917616,0.00010765846830633873,3.9992001599680065e-08
160	4180484740	5000.0	0.001	0.00178	0.0001	2.425456	0.5694059988002399,0.4081395320935813,0.02228518296340732,0.00016684663067386522,2.439512097580484e-06
161	3492260486	5000.0	0.001	0.00178	0.0001	3.089126	0.7622661067786443,0.2221114177164567,0.015327214557088582,0.0002952609478104379
162	2596797064	5000.0	0.001	0.00178	0.0001	0.865052	0.43976524695060987,0.38868006398720256,0.1687114977004599,0.0028397920415916818,3.3993201359728056e-06
163	2856522377	5000.0	0.001	0.00178	0.0001	1.416781	0.3042371925614877,0.5234614677064587,0.16970893821235752,0.0025240951809638074,6.830633873225354e-05
164	2313079432	5000.0	0.001	0.00178	0.0001	0.140305	0.10207942411517697,0.7727401319736052,0.11644083183363327,0.00873501299740052,4.599080183963207e-06
165	3586300552	5000.0	0.001	0.00178	0.0001	4.124720	0.38012085582883426,0.6081202159568087,0.011745530893821236,1.3397320535892822e-05
168	1869869714	5000.0	0.001	0.00178	0.0001	2.406549	0.5400953409318137,0.443274425114977,0.01655996800639872,7.026594681063787e-05
166	1104396940	5000.0	0.001	0.00178	0.0001	1.229313	0.7730895820835832,0.19439448110377924,0.03244387122575485,7.206558688262348e-05
167	2336766607	5000.0	0.001	0.00178	0.0001	2.583496	0.4062966606678664,0.5344932213557289,0.05820743851229754,0.0010026394721055789,3.9992001599680065e-08
169	3889257121	5000.0	0.001	0.00178	0.0001	4.228797	0.23343295340931813,0.5272811437712458,0.23260827834433112,0.006673585282943411,4.039192161567687e-06
171	1569217185	5000.0	0.001	0.00178	0.0001	7.361663	0.10030493901219756,0.3445378924215157,0.5333959208158369,0.021531533693261346,0.0002297140571885623
173	721820326	5000.0	0.001	0.00178	0.0001	4.147024	0.019662747450509898,0.34271925614877025,0.5671680863827234,0.07007766446710657,0.00037224555088982204
170	2641179297	5000.0	0.001	0.00178	0.0001	2.640192	0.323977524495101,0.6506133173365327,0.0253624075184963,4.6750649870025995e-05
175	2088702657	5000.0	0.001	0.00178	0.0001	0.283681	0.00020627874425114978,0.6537280943811238,0.32440407918416314,0.021353529294141173,0.0003077784443111378,2.399520095980804e-07
174	1228966576	5000.0	0.001	0.00178	0.0001	2.597269	0.08168586282743451,0.20215284943011397,0.6728959008198361,0.04321743651269746,4.7950409918016394e-05
172	876759714	5000.0	0.001	0.00178	0.0001	9.998864	0.022397280543891222,0.05090141971605679,0.11495192961407719,0.2708168366326735,0.33308858228354327,0.16629146170765846,0.04146094781043791,9.154169166166766e-05
176	3621608130	5000.0	0.001	0.00178	0.0001	-0.189333	0.0001550889822035593,0.8572581083783244,0.14035876824635074,0.0022016796640671864,2.6354729054189163e-05
177	1815595716	5000.0	0.001	0.00178	0.0001	0.750233	0.38768326334733055,0.530301699660068,0.07981583683263348,0.0021636872625474903,3.55128974205159e-05
178	1188395718	5000.0	0.001	0.00178	0.0001	1.948407	0.5680045590881824,0.39695888822235553,0.03482139572085583,0.00021475704859028193,3.9992001599680065e-07
179	2770746055	5000.0	0.001	0.00178	0.0001	0.343821	0.8497067386522695,0.14889514097180565,0.0013972005598880224,9.198160367926415e-07
180	3640847048	5000.0	0.001	0.00178	0.0001	1.773748	0.4299725654869026,0.5310589482103579,0.038880423915216955,8.80623875224955e-05
181	483447497	5000.0	0.001	0.00178	0.0001	2.684640	0.6138337932413517,0.3558968606278744,0.030181763647270547,8.754249150169966e-05,3.9992001599680065e-08
182	1872489165	5000.0	0.001	0.00178	0.0001	3.631852	0.034418636272745454,0.14435732853429314,0.7432879824035193,0.07526562687462507,0.002669666066786643,7.598480303939212e-07
184	3907898071	5000.0	0.001	0.00178	0.0001	3.868325	0.25305346930613876,0.6334299140171966,0.10592833433313337,0.0074279544091181765,0.00016032793441311737
183	2315078356	5000.0	0.001	0.00178	0.0001	-0.915096	0.7405794041191761,0.22508310337932413,0.03359580083983203,0.0007395720855828834,2.1195760847830435e-06
186	862771929	5000.0	0.001	0.00178	0.0001	1.149982	0.02269010197960408,0.4939653669266147,0.4353249350129974,0.03550661867626475,0.012283543291341731,0.00022931413717256548,1.199760047990402e-07
188	2953675485	5000.0	0.001	0.00178	0.0001	1.493158	0.40171625674865025,0.487574525094981,0.10092285542891422,0.009756888622275545,2.9474105178964208e-05
187	1171679959	5000.0	0.001	0.00178	0.0001	1.583488	0.4801501299740052,0.5025836832633473,0.01710341931613677,0.00016276744651069785
185	4063259351	5000.0	0.001	0.00178	0.0001	9.897579	0.08224623075384924,0.3094017596480704,0.4103207358528294,0.18496780643871225,0.013043311337732453,2.0155968806238754e-05
189	2628543206	5000.0	0.001	0.00178	0.0001	3.597379	0.10130889822035592,0.6949292941411718,0.2010637472505499,0.0026939012197560487,4.159168166366727e-06
190	3164183277	5000.0	0.001	0.00178	0.0001	3.012750	0.3821166166766647,0.48085586882623477,0.1298017196560688,0.005856348730253949,0.001369246150769846,1.9996000799840033e-07
192	3021239038	5000.0	0.001	0.00178	0.0001	1.378381	0.575758448310338,0.4039677664467107,0.019594841031793642,0.0006769846030793841,1.959608078384323e-06
191	3012858608	5000.0	0.001	0.00178	0.0001	0.310760	0.2743992801439712,0.6843266946610678,0.04120111977604479,7.290541891621676e-05
193	2317691648	5000.0	0.001	0.00178	0.0001	0.538198	0.4687690461907619,0.5177902419516097,0.013400959808038392,3.975204959008198e-05
194	2114794241	5000.0	0.001	0.00178	0.0001	0.290478	0.7852735052989402,0.21295472905418916,0.0012691061787642472,0.0004937812437512498,8.878224355128975e-06
196	2673791749	5000.0	0.001	0.00178	0.0001	3.044127	0.29386398720255946,0.6901258148370326,0.015899020195960806,0.00011113777244551089,3.9992001599680065e-08
195	1682197252	5000.0	0.001	0.00178	0.0001	2.679283	0.508245550889822,0.4130985802839432,0.07730369926014798,0.0013514497100579883,7.198560287942411e-07
199	2656772894	5000.0	0.001	0.00178	0.0001	3.094346	0.3877546890621876,0.3812154769046191,0.2223153369326135,0.008691061787642472,2.3435312937412517e-05
197	2018487054	5000.0	0.001	0.00178	0.0001	7.132266	0.010681823635272945,0.015912137572485503,0.2560483103379324,0.3744001599680064,0.2967616076784643,0.04593101379724055,0.0002649470105978804
198	1484221208	5000.0	0.001	0.00178	0.0001	3.685449	0.2632436312737452,0.6830141571685663,0.05338332333533293,0.0003588482303539292,3.9992001599680065e-08
202	378444583	5000.0	0.001	0.00178	0.0001	1.064244	0.8678953809238152,0.12480783843231354,0.006816396720655869,0.00048038392321535694
201	2502021926	5000.0	0.001	0.00178	0.0001	1.150894	0.5187151369726055,0.4593004599080184,0.02193601279744051,4.8390321935612875e-05
203	1163916075	5000.0	0.001	0.00178	0.0001	3.986163	0.1868615876824635,0.4504287142571486,0.2873200959808038,0.07041743651269745,0.004846350729854029,0.00012565486902619476,1.5996800639872026e-07
200	909314852	5000.0	0.001	0.00178	0.0001	2.348804	0.39515744851029794,0.271145450909818,0.3122470705858828,0.021294581083783244,0.0001550489902019596,3.9992001599680065e-07
204	3442985773	5000.0	0.001	0.00178	0.0001	1.433428	0.4507518096380724,0.5096345930813837,0.03912417516496701,0.0004894221155768846
206	3956337484	5000.0	0.001	0.00178	0.0001	1.160341	0.47104215156968604,0.5140080383923216,0.01486122775444911,8.858228354329134e-05
212	58186590	5000.0	0.001	0.00178	0.0001	4.246427	0.16431489702059587,0.6817745650869826,0.1522635072985403,0.0016469106178764246,1.199760047990402e-07
205	864430900	5000.0	0.001	0.00178	0.0001	6.144073	0.08877272545490902,0.2730938212357529,0.3360006798640272,0.28115340931813637,0.0209001799640072,7.918416316736653e-05
211	428596059	5000.0	0.001	0.00178	0.0001	-0.135933	0.8456047990401919,0.14984691061787642,0.0044623075384923015,8.598280343931214e-05
207	876522316	5000.0	0.001	0.00178	0.0001	2.997609	0.11570269946010797,0.725474225154969,0.1508124775044991,0.007489302139572085,0.0005131773645270946,8.118376324735054e-06
209	1055525718	5000.0	0.001	0.00178	0.0001	3.086957	0.24094021195760848,0.41209290141971605,0.31245774845030994,0.0343748450309938,0.00013429314137172564
208	1731285843	5000.0	0.001	0.00178	0.0001	1.011528	0.5990779444111177,0.36174517096580683,0.03795992801439712,0.0012161567686462707,7.998400319936013e-07
214	1765546847	5000.0	0.001	0.00178	0.0001	0.142921	0.9465313337332534,0.052950529894021194,0.0005180563887222556,7.998400319936013e-08
213	2130170719	5000.0	0.001	0.00178	0.0001	1.379209	0.6390151169766046,0.32765074985003,0.03068118376324735,0.002518256348730254,0.00013469306138772245
215	3102763875	5000.0	0.001	0.00178	0.0001	0.871521	0.4615386922615477,0.4447244551089782,0.08678976204759048,0.005973965206958609,0.000973125374925015
210	2609752919	5000.0	0.001	0.00178	0.0001	0.495935	0.8353909218156369,0.15921483703259348,0.0048360727854429115,0.0005580883823235353,7.998400319936013e-08
217	442936164	5000.0	0.001	0.00178	0.0001	1.134542	0.4405762447510498,0.4348362327534493,0.12374205158968206,0.0008453109378124376,1.5996800639872026e-07
218	2550877030	5000.0	0.001	0.00178	0.0001	4.216912	0.15117220555888822,0.6587300139972005,0.18711613677264546,0.0029610477904419116,2.059588082383523e-05
216	1254583139	5000.0	0.001	0.00178	0.0001	1.497938	0.3688756648670266,0.5737396920615877,0.05124455108978204,0.0061376924615076985,2.399520095980804e-06
219	2221550440	5000.0	0.001	0.00178	0.0001	2.082688	0.6507318936212757,0.3281992801439712,0.02104127174565087,2.6834633073385324e-05,7.198560287942411e-07
220	989436778	5000.0	0.001	0.00178	0.0001	2.767124	0.6204513097380524,0.35208334333133373,0.0239500899820036,0.0035044191161767648,1.0837832433513298e-05
223	2933064566	5000.0	0.001	0.00178	0.0001	2.458587	0.4979146970605879,0.4525499300139972,0.04881703659268146,0.0007168966206758648,1.4397120575884822e-06
222	2753749877	5000.0	0.001	0.00178	0.0001	2.518915	0.35073641271745654,0.5892190761847631,0.058299340131973604,0.0017324135172965406,1.275744851029794e-05
221	3766608752	5000.0	0.001	0.00178	0.0001	2.770704	0.02767362527494501,0.1093877224555089,0.7608921415716856,0.09940279944011197,0.0026421515696860628,1.5596880623875224e-06
224	124670843	5000.0	0.001	0.00178	0.0001	5.227012	0.1244000799840032,0.49315508898220356,0.3576091981603679,0.024505578884223157,0.0003299740051989602,7.998400319936013e-08
228	3727514499	5000.0	0.001	0.00178	0.0001	4.580557	0.15156024795040993,0.49478560287942414,0.32357132573485303,0.029919416116776645,0.00016340731853629274
225	4287814526	5000.0	0.001	0.00178	0.0001	1.280711	0.5996317136572685,0.3901751649670066,0.009377684463107378,0.0008141971605678865,1.2397520495900819e-06
227	3987956610	5000.0	0.001	0.00178	0.0001	1.072501	0.4921714457108578,0.4905028594281144,0.016788842231553688,0.0005368526294741052
229	3915656067	5000.0	0.001	0.00178	0.0001	2.599790	0.6358434713057388,0.34989126174765045,0.014029714057188562,0.00023123375324935014,4.319136172765447e-06
231	1004958602	5000.0	0.001	0.00178	0.0001	4.549758	0.04963827234553089,0.3808081583683263,0.45168178364327133,0.11087566486702659,0.00698384323135373,1.2277544491101779e-05
233	3332967326	5000.0	0.001	0.00178	0.0001	4.217854	0.18743531293741253,0.6860912217556489,0.1253118576284743,0.0011605678864227155,1.0397920415916818e-06
234	3709975455	5000.0	0.001	0.00178	0.0001	2.430065	0.34173333333333333,0.6166391521695661,0.041297140571885625,0.0003303339332133573,3.9992001599680065e-08
230	2018036613	5000.0	0.001	0.00178	0.0001	6.398797	0.09465646870625875,0.5665402519496101,0.3131063387322536,0.02275852829434113,0.0029376924615076984,7.198560287942411e-07
226	2098963328	5000.0	0.001	0.00178	0.0001	7.759529	0.058200679864027195,0.3691509298140372,0.445746850629874,0.11994429114177164,0.006947210557888423,1.0037992401519696e-05
232	636646291	5000.0	0.001	0.00178	0.0001	5.382284	0.00797000599880024,0.26465298940211957,0.5603121375724855,0.1656597080583883,0.0014037992401519696,1.3597280543891223e-06
236	2402882471	5000.0	0.001	0.00178	0.0001	1.756346	0.6465734853029395,0.25680759848030393,0.09572485502899421,0.0008939412117576485,1.199760047990402e-07
235	2786796448	5000.0	0.001	0.00178	0.0001	2.412017	0.4121634473105379,0.5477268146370726,0.039971445710857825,0.00013725254949010197,1.0397920415916818e-06
237	3008248744	5000.0	0.001	0.00178	0.0001	2.074435	0.31809746050789844,0.644898700259948,0.03461359728054389,0.0023879224155168967,2.319536092781444e-06
238	411599785	5000.0	0.001	0.00178	0.0001	6.338660	0.0703876424715057,0.5308081183763247,0.3662265146970606,0.03224635072985403,0.00033113377324535094,2.399520095980804e-07
239	3838272430	5000.0	0.001	0.00178	0.0001	3.113796	0.3032593881223755,0.5873780443911217,0.04184403119376125,0.03626138772245551,0.031092941411717655,0.00016420715856828633
242	3768028089	5000.0	0.001	0.00178	0.0001	2.032897	0.6109955208958209,0.3370113577284543,0.04917600479904019,0.002812717456508698,4.399120175964807e-06
241	846343096	5000.0	0.001	0.00178	0.0001	3.905346	0.5888163567286543,0.39610865826834635,0.015055548890221955,1.943611277744451e-05
243	2943611833	5000.0	0.001	0.00178	0.0001	5.450818	0.09795732853429315,0.7485555688862228,0.12693325334933014,0.025721935612877424,0.0008314737052589482,4.399120175964807e-07
240	802649015	5000.0	0.001	0.00178	0.0001	1.839745	0.7630055188962207,0.18510605878824235,0.050064147170565884,0.0018241951609678064,7.998400319936013e-08
244	950334393	5000.0	0.001	0.00178	0.0001	2.637534	0.24549126174765046,0.7137622075584883,0.0407000599880024,4.6470705858828236e-05
245	2046931909	5000.0	0.001	0.00178	0.0001	2.790072	0.32835936812637473,0.608572725454909,0.058900619876024796,0.004163687262547491,3.599280143971206e-06
247	4178117606	5000.0	0.001	0.00178	0.0001	0.618649	0.5286118776244751,0.441127574485103,0.025291541691661666,0.0047970805838832235,0.00017192561487702459
246	2654528473	5000.0	0.001	0.00178	0.0001	4.511653	0.1139881223755249,0.35651817636472705,0.3955970405918816,0.13325770845830834,0.0006388722255548891,7.998400319936013e-08
249	3775904749	5000.0	0.001	0.00178	0.0001	0.664142	0.7428149170165966,0.2296892221555689,0.025735772845430913,0.0017588482303539292,1.2397520495900819e-06
250	560327663	5000.0	0.001	0.00178	0.0001	3.770542	0.08062855428914217,0.5581828434313137,0.3500629874025195,0.011096860627874424,2.8754249150169967e-05
248	1690221543	5000.0	0.001	0.00178	0.0001	1.427621	0.010580523895220956,0.8439546090781843,0.14450769846030795,0.00095500899820036,2.1595680863827235e-06
253	1952478207	5000.0	0.001	0.00178	0.0001	1.492426	0.37393361327734453,0.5933411717656468,0.03209154169166167,0.0006311537692461508,2.519496100779844e-06
254	758021119	5000.0	0.001	0.00178	0.0001	7.526242	0.047142851429714056,0.31011537692461505,0.4860031593681264,0.15465414917016596,0.0020825834833033395,1.879624075184963e-06
255	2694974467	5000.0	0.001	0.00178	0.0001	0.859947	0.5731420915816836,0.40942155568886224,0.017237192561487702,0.00019916016796640672
252	2096534524	5000.0	0.001	0.00178	0.0001	-0.377204	0.7508695860827834,0.23680519896020796,0.01223631273745251,8.890221955608879e-05
258	74114054	5000.0	0.001	0.00178	0.0001	2.408474	0.47878172365526894,0.44665738852229553,0.05821459708058389,0.015916936612677464,9.346130773845231e-05,0.00033589282143571287
257	1368839174	5000.0	0.001	0.00178	0.0001	1.127034	0.0021534893021395722,0.009385602879424115,0.25652017596480703,0.5190705458908218,0.19921887622475504,0.013604879024195162,4.5390921815636875e-05,1.0397920415916818e-06
251	2289834992	5000.0	0.001	0.00178	0.0001	6.701714	0.0841013797240552,0.2953134973005399,0.40780799840031995,0.11587206558688262,0.09568462307538492,0.0012194361127774445,9.998000399920016e-07
259	2846802953	5000.0	0.001	0.00178	0.0001	4.112465	0.4349278144371126,0.3809378124375125,0.05443499300139972,0.12005470905818837,0.009639152169566087,5.518896220755849e-06
256	41147398	5000.0	0.001	0.00178	0.0001	0.534456	0.8672248350329934,0.12804535092981403,0.004723415316936612,6.3987202559488104e-06
260	2686946321	5000.0	0.001	0.00178	0.0001	5.154351	0.12162271545690861,0.4164233153369326,0.40866098780243953,0.05200623875224955,0.0012866626674665066,7.998400319936013e-08
261	2758093845	5000.0	0.001	0.00178	0.0001	6.209378	0.11542011597680464,0.45019364127174566,0.4069098580283943,0.027433313337332534,4.307138572285543e-05
262	1106850844	5000.0	0.001	0.00178	0.0001	0.256885	0.8897417716456709,0.1093624475104979,0.0008957408518296341,3.9992001599680065e-08
263	171240478	5000.0	0.001	0.00178	0.0001	6.413915	0.05335760847830434,0.11417008598280344,0.44514385122975403,0.3232100779844031,0.06230605878824235,0.0018083983203359328,3.919216156768646e-06
264	2475201567	5000.0	0.001	0.00178	0.0001	3.992026	0.10451801639672066,0.4241399320135973,0.4064974205158968,0.06354089182163568,0.0013035792841431715,1.5996800639872026e-07
266	967687201	5000.0	0.001	0.00178	0.0001	4.423821	0.06427078584283144,0.5572690661867626,0.36340439912017597,0.01494857028594281,0.00010717856428714258
269	2408471597	5000.0	0.001	0.00178	0.0001	1.492811	0.37032997400519896,0.5805170965806838,0.048050749850029995,0.0011020195960807838,1.5996800639872026e-07
267	2365924388	5000.0	0.001	0.00178	0.0001	-0.006426	0.9750116776644671,0.024474745050989802,0.0005135772845430914
268	1241490474	5000.0	0.001	0.00178	0.0001	1.296972	0.5889421315736852,0.40219364127174567,0.008854749050189962,9.478104379124176e-06
265	1061164062	5000.0	0.001	0.00178	0.0001	4.093169	0.18335316936612678,0.6364141171765647,0.17301915616876626,0.007209438112377524,4.119176164767047e-06
273	4178639934	5000.0	0.001	0.00178	0.0001	0.645911	0.8690446310737853,0.08367050589882023,0.04665350929814037,0.0006311537692461508,1.9996000799840033e-07
272	4065201210	5000.0	0.001	0.00178	0.0001	1.074595	0.5302686662667466,0.42677800439912017,0.04140399920015997,0.001501979604079184,4.73505298940212e-05
271	1119067192	5000.0	0.001	0.00178	0.0001	0.375258	0.7420377524495101,0.25248138372325535,0.005474345130973805,6.518696260747851e-06
270	431416376	5000.0	0.001	0.00178	0.0001	2.031997	0.5433228554289142,0.44165286942611476,0.014981523695260948,4.271145770845831e-05,3.9992001599680065e-08
274	1759650886	5000.0	0.001	0.00178	0.0001	1.818765	0.2982239152169566,0.6133335732853429,0.08533157368526295,0.003108498300339932,2.439512097580484e-06
277	1352979536	5000.0	0.001	0.00178	0.0001	1.824418	0.6259806838632274,0.3023734053189362,0.0649746850629874,0.006659348130373925,1.1877624475104978e-05
275	3192372300	5000.0	0.001	0.00178	0.0001	1.326660	0.0011240951809638072,0.7441614077184563,0.2464360327934413,0.007559648070385923,0.000718136372725455,6.798640271945611e-07
276	3430995022	5000.0	0.001	0.00178	0.0001	1.829011	0.4163867626474705,0.5307251349730054,0.05240263947210558,0.00048394321135772844,1.5196960607878424e-06
278	3868933200	5000.0	0.001	0.00178	0.0001	2.455082	0.3282959408118376,0.5372854629074185,0.1294749850029994,0.004929534093181364,1.4077184563087382e-05
279	3738127445	5000.0	0.001	0.00178	0.0001	3.616532	0.38065294941011796,0.5539248950209958,0.06514765046990602,0.00027450509898020394
280	598533211	5000.0	0.001	0.00178	0.0001	3.173231	0.08739476104779044,0.5831830033993202,0.32675964807038593,0.0026610677864427113,1.5196960607878424e-06
281	114685022	5000.0	0.001	0.00178	0.0001	2.491117	0.7710269546090782,0.22660059988002398,0.0023720855828834233,3.5992801439712056e-07
283	4031835240	5000.0	0.001	0.00178	0.0001	3.772439	0.5222857428514297,0.43818208358328337,0.035704419116176764,0.0038263147370525895,1.4397120575884822e-06
282	3793992803	5000.0	0.001	0.00178	0.0001	1.752568	0.5261744051189762,0.4655737652469506,0.008225994801039792,2.583483303339332e-05
284	1556827243	5000.0	0.001	0.00178	0.0001	0.778472	0.4956163967206559,0.4892487902419516,0.014947970405918816,0.0001867226554689062,1.199760047990402e-07
285	1284508787	5000.0	0.001	0.00178	0.0001	1.057904	0.03809658068386323,0.755273825234953,0.2033131773645271,0.003306498700259948,9.918016396720655e-06
287	1766562943	5000.0	0.001	0.00178	0.0001	0.072792	0.1241627274545091,0.6382006798640272,0.18160379924015196,0.055362887422515494,0.0006697060587882423,1.9996000799840033e-07
289	2216297601	5000.0	0.001	0.00178	0.0001	0.018381	0.9732634673065387,0.02641479704059188,0.0003172165566886623,4.519096180763847e-06
286	1827314814	5000.0	0.001	0.00178	0.0001	2.706311	0.6761130573885223,0.2963655268946211,0.02616624675064987,0.0013548490301939612,3.199360127974405e-07
290	1925385344	5000.0	0.001	0.00178	0.0001	1.460273	0.38111165766846633,0.558290901819636,0.059740411917616476,0.0008530693861227755,3.959208158368327e-06
291	2067235976	5000.0	0.001	0.00178	0.0001	0.710646	0.21656036792641473,0.4805371725654869,0.29864531093781244,0.004155248950209958,0.00010185962807438512,3.9992001599680065e-08
288	1428003966	5000.0	0.001	0.00178	0.0001	2.799035	0.5505565286942612,0.441174525094981,0.00821367726454709,5.526894621075785e-05
293	688268430	5000.0	0.001	0.00178	0.0001	0.265501	0.4102247950409918,0.5687581283743252,0.02079092181563687,0.000225874825034993,2.7994401119776043e-07
296	4012276889	5000.0	0.001	0.00178	0.0001	4.291392	0.3790103579284143,0.5611977604479104,0.05795384923015397,0.0018313137372525496,6.71865626874625e-06
292	3049933964	5000.0	0.001	0.00178	0.0001	5.016881	0.1826363127374525,0.4934475104979004,0.3094689062187562,0.01443255348930214,1.4717056588682264e-05
295	1289213081	5000.0	0.001	0.00178	0.0001	3.145089	0.08114833033393322,0.7267376124775045,0.18290973805238953,0.007251509698060388,0.001952369526094781,4.399120175964807e-07
297	2808589470	5000.0	0.001	0.00178	0.0001	2.860488	0.4184379924015197,0.5474639872025595,0.033499700059988,0.0005896420715856828,8.678264347130574e-06
298	2197890206	5000.0	0.001	0.00178	0.0001	5.819887	0.17284363127374525,0.5430162367526494,0.27676904619076187,0.007358328334333133,1.275744851029794e-05
299	664356000	5000.0	0.001	0.00178	0.0001	0.140819	0.9250803439312137,0.07393029394121176,0.0009890821835632873,2.7994401119776043e-07
294	1016192147	5000.0	0.001	0.00178	0.0001	0.292857	0.43310753849230155,0.5362789842031593,0.030539092181563688,7.438512297540492e-05
300	1156689057	5000.0	0.001	0.00178	0.0001	0.410506	0.6072429914017197,0.3807512897420516,0.011836712657468506,0.00016892621475704859,7.998400319936013e-08
302	2085190823	5000.0	0.001	0.00178	0.0001	0.138208	0.04875736852629474,0.9068250349930014,0.044020475904819036,0.00039712057588482306
303	1139299500	5000.0	0.001	0.00178	0.0001	1.708012	0.689812397520496,0.2962452709458108,0.012041551689662068,0.0018983003399320136,2.4795040991801638e-06
304	833352878	5000.0	0.001	0.00178	0.0001	1.874354	0.6885283743251349,0.2591364127174565,0.04921859628074385,0.003110857828434313,5.758848230353929e-06
301	3270173857	5000.0	0.001	0.00178	0.0001	2.580095	0.315572325534893,0.6557676464707058,0.028368046390721855,0.00029198160367926415
309	128562370	5000.0	0.001	0.00178	0.0001	1.216973	0.6927761647670466,0.2932422715456909,0.013569246150769846,0.00040807838432313536,4.239152169566087e-06
310	3908791490	5000.0	0.001	0.00178	0.0001	2.836933	0.5789867626474705,0.39244675064987,0.02289854029194161,0.0053590481903619275,0.0003088982203559288
307	1334052022	5000.0	0.001	0.00178	0.0001	1.330032	0.6375686462707458,0.35032169566086785,0.012030793841231754,7.886422715456909e-05
311	669908166	5000.0	0.001	0.00178	0.0001	4.739150	0.1123750849830034,0.7248030393921215,0.16125678864227155,0.001564767046590682,3.199360127974405e-07
306	2610058416	5000.0	0.001	0.00178	0.0001	1.606145	0.7754640671865627,0.21268906218756248,0.011623275344931013,0.00022359528094381123
305	3551960239	5000.0	0.001	0.00178	0.0001	1.670481	0.04166346730653869,0.7447812037592482,0.2088729454109178,0.004644231153769246,3.815236952609478e-05
313	4216980693	5000.0	0.001	0.00178	0.0001	2.940142	0.5457938812237553,0.4309689662067587,0.02295124975004999,0.00028590281943611276
308	3618837695	5000.0	0.001	0.00178	0.0001	-1.926262	0.7180178364327134,0.2062609478104379,0.07435832833433313,0.0013620875824835034,7.998400319936013e-07
315	432618713	5000.0	0.001	0.00178	0.0001	2.611749	0.5925479704059188,0.3700380723855229,0.036007998400319936,0.0013968406318736254,9.118176364727055e-06
314	1541471448	5000.0	0.001	0.00178	0.0001	0.042214	0.9689923215356928,0.030966046790641872,4.1631673665266944e-05
312	2573786312	5000.0	0.001	0.00178	0.0001	3.214240	0.4125013397320536,0.5476861027794441,0.03939428114377125,0.00041815636872625476,1.199760047990402e-07
318	717923563	5000.0	0.001	0.00178	0.0001	0.655293	0.8929446110777844,0.1056009198160368,0.0014512297540491901,3.239352129574085e-06
319	1366854894	5000.0	0.001	0.00178	0.0001	5.324671	0.18807906418716258,0.7247230553889222,0.08502571485702859,0.00216876624675065,3.3993201359728056e-06
317	2718567654	5000.0	0.001	0.00178	0.0001	0.601841	0.23183291341731654,0.6760428714257148,0.08429414117176565,0.0060373125374925014,0.0017922015596880624,5.598880223955209e-07
316	76741860	5000.0	0.001	0.00178	0.0001	4.122186	0.09919172165566886,0.5341408918216357,0.3154876224755049,0.05057756448710258,0.0006015196960607878,6.798640271945611e-07
320	858057975	5000.0	0.001	0.00178	0.0001	3.023476	0.6322222355528894,0.3576385922815437,0.01011869626074785,2.0475904819036193e-05
321	319753468	5000.0	0.001	0.00178	0.0001	3.335219	0.019338212357528493,0.23555980803839233,0.6757157368526294,0.06813185362927414,0.0012467906418716257,7.5984803039392126e-06
324	3844883727	5000.0	0.001	0.00178	0.0001	2.073654	0.006025354929014197,0.17921687662467506,0.6798611477704459,0.13273929214157168,0.002155208958208358,2.1195760847830435e-06
330	851871027	5000.0	0.001	0.00178	0.0001	1.082821	0.4653223355328934,0.49874377124575087,0.03573545290941812,0.0001984403119376125
327	415800603	5000.0	0.001	0.00178	0.0001	2.257152	0.016335652869426114,0.017055348930213956,0.5579782043591281,0.3985320935812837,0.009954049190161967,0.0001444111177764447,2.399520095980804e-07
329	2900272433	5000.0	0.001	0.00178	0.0001	1.467400	0.044132213557288545,0.4626245950809838,0.47836748650269945,0.014773285342931413,0.00010241951609678064
331	992755001	5000.0	0.001	0.00178	0.0001	2.079708	0.530345450909818,0.46010609878024394,0.009526894621075786,2.1555688862227554e-05
322	1458754814	5000.0	0.001	0.00178	0.0001	2.993882	0.3777995200959808,0.5900543091381724,0.03206626674665067,7.990401919616077e-05
325	1865753873	5000.0	0.001	0.00178	0.0001	3.444612	0.2965856828634273,0.48629234153169365,0.1993499300139972,0.017603399320135972,0.00016864627074585084
332	1310922054	5000.0	0.001	0.00178	0.0001	2.007507	0.08331473705258949,0.37970489902019594,0.5141242551489702,0.022742171565686864,0.0001139372125574885
326	3471492376	5000.0	0.001	0.00178	0.0001	2.695867	0.2698637472505499,0.641404799040192,0.08786674665066986,0.0008646670665866826,3.9992001599680065e-08
334	710507848	5000.0	0.001	0.00178	0.0001	0.817668	0.2579420915816837,0.6860813437312537,0.055110417916416715,0.0008640671865626874,2.0795840831833635e-06
328	829015339	5000.0	0.001	0.00178	0.0001	-1.292795	0.8548417916416716,0.08242815436912618,0.048046790641871624,0.014658628274345132,2.463507298540292e-05
335	1503319374	5000.0	0.001	0.00178	0.0001	4.945085	0.15110585882823435,0.6523605678864227,0.1886526294741052,0.007878904219156168,2.039592081583683e-06
323	4181132555	5000.0	0.001	0.00178	0.0001	1.255983	0.35975776844631074,0.628847950409918,0.011383083383323335,1.1197760447910418e-05
333	2271331654	5000.0	0.001	0.00178	0.0001	0.556859	0.5616132773445311,0.42007282543491303,0.01822007598480304,9.382123575284943e-05
336	193776976	5000.0	0.001	0.00178	0.0001	2.519599	0.009802959408118376,0.6149736852629474,0.36003891221755646,0.014686902619476104,0.0004974605078984203,7.998400319936013e-08
337	4153300306	5000.0	0.001	0.00178	0.0001	4.792452	0.21375056988602278,0.68364875024995,0.10237244551089782,0.00022823435312937411
338	3165525334	5000.0	0.001	0.00178	0.0001	4.514723	0.4861087782443511,0.4745868026394721,0.0385128174365127,0.0007847230553889223,6.71865626874625e-06,1.5996800639872026e-07
340	2386611545	5000.0	0.001	0.00178	0.0001	3.288499	0.6196112377524495,0.36540539892021595,0.014672185562887423,0.0003111777644471106
341	2996120929	5000.0	0.001	0.00178	0.0001	1.494547	0.434544451109778,0.47053089382123575,0.08703371325734853,0.007828354329134174,6.25874825034993e-05
339	757003608	5000.0	0.001	0.00178	0.0001	6.122710	0.0510130773845231,0.5391411717656469,0.3466290341931614,0.05170425914817037,0.011502299540091982,1.0157968406318736e-05
342	2255822178	5000.0	0.001	0.00178	0.0001	-0.407226	0.8730387922415517,0.12504871025794842,0.0019095380923815238,2.959408118376325e-06
345	1806558570	5000.0	0.001	0.00178	0.0001	0.782628	0.5446159968006399,0.43962927414517095,0.015640431913617275,0.00011429714057188563
349	898264436	5000.0	0.001	0.00178	0.0001	0.033296	0.7510620275944812,0.23857956408718256,0.008913657268546291,0.0014444311137772445,3.199360127974405e-07
347	3136861549	5000.0	0.001	0.00178	0.0001	0.851518	0.8450913817236553,0.12845650869826034,0.026251709658068386,0.0002003999200159968
344	769115495	5000.0	0.001	0.00178	0.0001	3.419746	0.13265478904219155,0.5012433513297341,0.35652817436512696,0.009416556688662267,0.00015712857428514296
353	3998551434	5000.0	0.001	0.00178	0.0001	2.651452	0.22783151369726054,0.7065658068386322,0.0650627874425115,0.0005398920215956809
348	3782071664	5000.0	0.001	0.00178	0.0001	3.261074	0.23260747850429914,0.6248976604679064,0.12930445910817837,0.012906658668266346,0.00028362327534493104,1.199760047990402e-07
346	2761778539	5000.0	0.001	0.00178	0.0001	4.728719	0.2537153369326135,0.6352355528894221,0.09676352729454109,0.012390761847630475,0.00189126174765047,3.5592881423715255e-06
351	2525808003	5000.0	0.001	0.00178	0.0001	3.519765	0.5112089582083583,0.44225590881823634,0.04612409518096381,0.0003632873425314937,4.7750449910017995e-05
350	4161869184	5000.0	0.001	0.00178	0.0001	-0.314416	0.22679652069586081,0.6918601079784044,0.08103543291341732,0.0003079384123175365
352	789155205	5000.0	0.001	0.00178	0.0001	-0.536190	0.7956101179764047,0.1973398520295941,0.006885942811437712,0.00016404719056188762,3.9992001599680065e-08
343	3280057700	5000.0	0.001	0.00178	0.0001	1.943316	0.5782266746650669,0.40735672865426914,0.011950249950009997,0.002465986802639472,3.5992801439712056e-07
356	3861992874	5000.0	0.001	0.00178	0.0001	1.396166	0.10641735652869426,0.7912917816436713,0.08630649870025994,0.015924215156968607,6.0147970405918814e-05
354	882275727	5000.0	0.001	0.00178	0.0001	2.690110	0.08270889822035593,0.7797361727654469,0.1312468306338732,0.006294101179764047,1.3997200559888023e-05
357	3346109869	5000.0	0.001	0.00178	0.0001	0.635030	0.6480809438112377,0.3297344531093781,0.020677264547090582,0.0015072985402919416,3.9992001599680065e-08
355	4047539620	5000.0	0.001	0.00178	0.0001	1.217409	0.86570349930014,0.0591004599080184,0.0747635672865427,0.0004324735052989402
358	2797782445	5000.0	0.001	0.00178	0.0001	5.015657	0.04737732453509298,0.4317356128774245,0.4647922415516897,0.053300259948010395,0.00279248150369926,2.0795840831833635e-06
359	2091969969	5000.0	0.001	0.00178	0.0001	1.214344	0.5818928214357129,0.3745401719656069,0.04291921615676864,0.000647750449910018,3.9992001599680065e-08
360	2026225075	5000.0	0.001	0.00178	0.0001	0.081473	0.0073432913417316534,0.9437228954209158,0.04759292141571686,0.0013269746050789842,1.3917216556688662e-05
362	1585700291	5000.0	0.001	0.00178	0.0001	1.915633	0.7537232553489303,0.24430353929214157,0.0019422915416916616,3.091381723655269e-05
361	3885342133	5000.0	0.001	0.00178	0.0001	2.615667	0.039342771445710856,0.807655548890222,0.14971841631673666,0.003278824235152969,4.439112177564487e-06
363	1466398153	5000.0	0.001	0.00178	0.0001	0.074428	0.002610917816436713,0.9487345730853829,0.047969366126774646,0.0006851429714057189
366	1082107349	5000.0	0.001	0.00178	0.0001	1.087967	0.4084479104179164,0.4683510097980404,0.07679428114377125,0.014405918816236752,0.03128618276344731,0.0007092581483703259,5.438912217556489e-06
364	2447334860	5000.0	0.001	0.00178	0.0001	0.938973	0.5015117776444711,0.4682955408918216,0.029818516296740653,0.0003741651669666067
370	3198541295	5000.0	0.001	0.00178	0.0001	0.173368	0.16556124775044992,0.7435957608478304,0.08905794841031793,0.0017848430313937213,1.9996000799840033e-07
369	2518255075	5000.0	0.001	0.00178	0.0001	1.107220	0.6502188362327534,0.3139371325734853,0.03559720055988802,0.00024683063387322536
368	2287582685	5000.0	0.001	0.00178	0.0001	-0.014659	0.8638042791441711,0.13346870625874824,0.0027143371325734854,1.2637472505498901e-05,3.9992001599680065e-08
365	3072026060	5000.0	0.001	0.00178	0.0001	2.802068	0.5039022195560888,0.45319504099180163,0.019401799640071986,0.023290941811637673,0.00020995800839832034,3.9992001599680065e-08
367	1059859931	5000.0	0.001	0.00178	0.0001	5.086853	0.09839308138372325,0.4846867426514697,0.31917280543891224,0.09733029394121176,0.00041707658468306336
371	1541789168	5000.0	0.001	0.00178	0.0001	1.525601	0.7656081583683263,0.22887882423515296,0.005461347730453909,5.166966606678664e-05
375	442322426	5000.0	0.001	0.00178	0.0001	2.515412	0.6303276544691062,0.3589752449510098,0.009502179564087183,0.0011948010397920415,1.199760047990402e-07
374	879031802	5000.0	0.001	0.00178	0.0001	6.577349	0.056068306338732256,0.3297226554689062,0.41140855828834233,0.16088002399520096,0.032896620675864824,0.007964807038592281,0.0010549490101979604,4.079184163167366e-06
373	689638904	5000.0	0.001	0.00178	0.0001	0.259569	0.9332946610677865,0.06610353929214158,0.0005992401519696061,2.559488102379524e-06
377	2150182398	5000.0	0.001	0.00178	0.0001	2.624685	0.29264043191361727,0.6517719256148771,0.05413049390121975,0.0014443111377724456,1.2837432513497301e-05
372	2853975538	5000.0	0.001	0.00178	0.0001	5.470322	0.023123175364927015,0.28300747850429914,0.6015227754449111,0.09120783843231353,0.0011374525094981003,1.279744051189762e-06
378	149505540	5000.0	0.001	0.00178	0.0001	8.856251	0.043925934813037394,0.24038528294341133,0.47653145370925815,0.2345523295340932,0.004594841031793641,1.0157968406318736e-05
376	455955965	5000.0	0.001	0.00178	0.0001	1.115218	0.8328909018196361,0.16050693861227755,0.0064730253949210155,0.00012913417316536693
380	488087055	5000.0	0.001	0.00178	0.0001	2.890294	0.5212505898820236,0.43719248150369927,0.03813385322935413,0.003422395520895821,6.798640271945611e-07
379	1873620492	5000.0	0.001	0.00178	0.0001	6.918986	0.07613581283743251,0.17188542291541692,0.319177524495101,0.3119374925014997,0.1196498700259948,0.0012079584083183363,5.91881623675265e-06
381	2931377690	5000.0	0.001	0.00178	0.0001	3.194399	0.45812629474105176,0.5099912817436513,0.031162807438512297,0.0007194161167766446,1.9996000799840033e-07
382	2996934170	5000.0	0.001	0.00178	0.0001	1.068835	0.05933049390121976,0.8108877824435113,0.1257865626874625,0.003993201359728055,1.959608078384323e-06
384	2027324961	5000.0	0.001	0.00178	0.0001	2.789133	0.40633905218956207,0.5374116776644671,0.04831001799640072,0.006978484303139372,0.0009586482703459309,2.1195760847830435e-06
385	1846554151	5000.0	0.001	0.00178	0.0001	2.019454	0.45460511897620476,0.46069114177164566,0.05661359728054389,0.02695604879024195,0.0011218956208758249,1.219756048790242e-05
387	1759036983	5000.0	0.001	0.00178	0.0001	2.264644	0.4685156168766247,0.5112779044191161,0.020173205358928213,3.3273345330933816e-05
391	3438085704	5000.0	0.001	0.00178	0.0001	1.403998	0.6873722455508898,0.3038114377124575,0.008759688062387522,5.662867426514697e-05
388	617619006	5000.0	0.001	0.00178	0.0001	0.510920	0.47551697660467906,0.48167862427514496,0.04001483703259348,0.002788002399520096,1.5596880623875224e-06
389	696876607	5000.0	0.001	0.00178	0.0001	0.041933	0.8969964407118576,0.10220495900819836,0.0007979204159168166,6.798640271945611e-07
386	1862817324	5000.0	0.001	0.00178	0.0001	3.944365	0.17162187562487502,0.7406947810437913,0.08732233553289342,0.0003604479104179164,5.598880223955209e-07
390	590372419	5000.0	0.001	0.00178	0.0001	3.021567	0.4342332333533293,0.4883138172365527,0.07608098380323935,0.0013717256548690263,2.399520095980804e-07
392	306865737	5000.0	0.001	0.00178	0.0001	2.735015	0.2696348730253949,0.6279310537892422,0.08869630073985203,0.013697860427914417,3.99120175964807e-05
393	317548105	5000.0	0.001	0.00178	0.0001	3.881917	0.1078739452109578,0.4805395320935813,0.40548014397120574,0.00610377924415117,2.599480103979204e-06
383	1134065180	5000.0	0.001	0.00178	0.0001	-0.229250	0.5665218556288742,0.40843235352929413,0.02501363727254549,3.215356928614277e-05
394	149376584	5000.0	0.001	0.00178	0.0001	4.714643	0.14737964407118576,0.4744912217556489,0.2526096380723855,0.10831449710057989,0.016580843831233753,0.0006187962407518497,5.358928214357128e-06
395	1389364812	5000.0	0.001	0.00178	0.0001	0.167892	0.23868274345130974,0.6044588282343532,0.1516247150569886,0.0052310337932413515,2.679464107178564e-06
396	3551735373	5000.0	0.001	0.00178	0.0001	1.709738	0.485402399520096,0.36119900019996,0.15030429914017196,0.003092221555688862,2.0795840831833635e-06
397	1302330959	5000.0	0.001	0.00178	0.0001	3.071694	0.023477224555088983,0.15805270945810837,0.7101650469906019,0.10515660867826435,0.002413597280543891,0.0007347730453909218,3.9992001599680065e-08
398	2414765648	5000.0	0.001	0.00178	0.0001	1.590897	0.023959848030393922,0.6410223955208958,0.32778276344731055,0.007133173365326935,0.00010181963607278545
400	2473428569	5000.0	0.001	0.00178	0.0001	1.383279	0.6045381723655269,0.37937832433513297,0.016070585882823434,1.291741651669666e-05
399	2809890392	5000.0	0.001	0.00178	0.0001	3.811204	0.0005549690061987602,0.05069422115576885,0.7574837032593481,0.18574625074985002,0.005312617476504699,0.00020823835232953409
402	59641435	5000.0	0.001	0.00178	0.0001	1.788791	0.40017004599080186,0.574743651269746,0.023783123375324934,0.001301619676064787,1.5596880623875224e-06
403	1438934619	5000.0	0.001	0.00178	0.0001	2.618903	0.6436185162967406,0.33649610077984404,0.019866826634673065,1.855628874225155e-05
401	631535194	5000.0	0.001	0.00178	0.0001	7.002462	0.026030073985202958,0.35834249150169967,0.4697830033993201,0.12025114977004599,0.01270369926014797,0.012790401919616078,9.91001799640072e-05,7.998400319936013e-08
404	1831702115	5000.0	0.001	0.00178	0.0001	1.516722	0.5000761047790442,0.472023275344931,0.027702419516096782,0.0001982003599280144
408	1353549431	5000.0	0.001	0.00178	0.0001	4.920395	0.10355544891021795,0.7669193361327734,0.12766034793041392,0.0018640671865626875,7.998400319936013e-07
405	2318964327	5000.0	0.001	0.00178	0.0001	1.476190	0.19290685862827434,0.5401398920215957,0.2527734453109378,0.013766686662667466,0.00041307738452309536,3.9992001599680065e-08
407	3908060785	5000.0	0.001	0.00178	0.0001	-2.029750	0.7017162167566486,0.22119168166366726,0.07657664467106579,0.000515256948610278,1.9996000799840033e-07
411	3650143884	5000.0	0.001	0.00178	0.0001	-0.333309	0.710951049790042,0.25817300539892024,0.03072005598880224,0.00015568886222755448,1.9996000799840033e-07
413	4263708311	5000.0	0.001	0.00178	0.0001	-0.189193	0.8948766646670666,0.08254549090181963,0.02253245350929814,4.5390921815636875e-05
415	3047581347	5000.0	0.001	0.00178	0.0001	2.506207	0.7030405518896221,0.2942795440911818,0.002678664267146571,1.2397520495900819e-06
410	3768297097	5000.0	0.001	0.00178	0.0001	0.957432	0.705237672465507,0.284726974605079,0.009717016596680663,0.00031809638072385525,2.399520095980804e-07
412	1085417110	5000.0	0.001	0.00178	0.0001	-0.495792	0.8445096580683863,0.15246086782643473,0.0030286742651469706,7.998400319936013e-07
416	2293218983	5000.0	0.001	0.00178	0.0001	3.568851	0.4147832433513297,0.4909342931413717,0.09248946210757848,0.0017925214957008597,4.799040191961608e-07
409	101170809	5000.0	0.001	0.00178	0.0001	3.011976	0.48397732453509296,0.5044301139772046,0.011574485102979403,1.803639272145571e-05,3.9992001599680065e-08
406	3409833579	5000.0	0.001	0.00178	0.0001	5.157071	0.2551105378924215,0.5161616076784643,0.22068582283543292,0.008032193561287742,9.838032393521296e-06
414	95067806	5000.0	0.001	0.00178	0.0001	2.449233	0.04364731053789242,0.6523467306538693,0.2589976404719056,0.04483867226554689,0.00016964607078584284
418	3931700906	5000.0	0.001	0.00178	0.0001	3.050888	0.18476832633473306,0.7439711657668466,0.03988590281943611,0.02983027394521096,0.0015433313337332533,9.998000399920016e-07
417	2330496681	5000.0	0.001	0.00178	0.0001	1.573320	0.3740489102179564,0.4912427514497101,0.1307109778044391,0.003971165766846631,2.619476104779044e-05
420	1230595769	5000.0	0.001	0.00178	0.0001	2.238522	0.6263448510297941,0.3668135172965407,0.006779444111177765,6.21875624875025e-05
419	641304242	5000.0	0.001	0.00178	0.0001	1.319613	0.7702287142571486,0.18059600079984003,0.04874233153369326,0.0004329134173165367,3.9992001599680065e-08
422	551902913	5000.0	0.001	0.00178	0.0001	3.769228	0.24257212557488503,0.6616295540891821,0.09008270345930813,0.005709258148370326,6.35872825434913e-06
421	4162520766	5000.0	0.001	0.00178	0.0001	0.262121	0.4875263347330534,0.4924857828434313,0.019854229154169165,0.00013365326934613078
428	3380276958	5000.0	0.001	0.00178	0.0001	3.205857	0.44065626874625075,0.5395175764847031,0.01981747650469906,8.678264347130574e-06
425	3665833675	5000.0	0.001	0.00178	0.0001	4.510074	0.06435576884623076,0.6420302339532094,0.2766993401319736,0.016626674665066985,0.00028798240351929615
426	1975353041	5000.0	0.001	0.00178	0.0001	4.792948	0.11392849430113977,0.6385918416316737,0.24412961407718456,0.0033490901819636073,9.598080383923216e-07
432	768511717	5000.0	0.001	0.00178	0.0001	2.921939	0.5917416116776645,0.3650713457308538,0.04219412117576485,0.0009887222555488902,4.1991601679664066e-06
423	3763719875	5000.0	0.001	0.00178	0.0001	-0.826129	0.47962811437712455,0.472725574885023,0.04750401919616077,0.00014229154169166167
429	2929829599	5000.0	0.001	0.00178	0.0001	-0.497632	0.7729742051589682,0.21983007398520296,0.007110777844431114,8.086382723455309e-05,4.079184163167366e-06
433	1514923750	5000.0	0.001	0.00178	0.0001	3.478859	0.16618248350329934,0.7648450309938012,0.0679997200559888,0.0009718056388722256,9.598080383923216e-07
424	2572207813	5000.0	0.001	0.00178	0.0001	0.864818	0.3186852229554089,0.4653024995001,0.19264315136972607,0.0227875624875025,0.0005813637272545491,1.9996000799840033e-07
430	2468640481	5000.0	0.001	0.00178	0.0001	1.046713	0.5542446310737852,0.4182117576484703,0.025255428914217157,0.0022677064587082584,2.0475904819036193e-05
431	2457312995	5000.0	0.001	0.00178	0.0001	3.470302	0.3120687462507499,0.6216799840031993,0.06598176364727054,0.00026718656268746253,2.319536092781444e-06
427	3092573916	5000.0	0.001	0.00178	0.0001	3.997177	0.1217622875424915,0.5990319536092782,0.24168458308338334,0.03734049190161968,0.00018068386322735454
435	303283944	5000.0	0.001	0.00178	0.0001	0.626292	0.6459157768446311,0.34562679464107177,0.008415516896620677,4.191161767646471e-05
434	327853798	5000.0	0.001	0.00178	0.0001	5.961937	0.08023935212957409,0.20763307338532294,0.39535024995001,0.2671137372525495,0.04891753649270146,0.0007460107978404319,3.9992001599680065e-08
436	1701603051	5000.0	0.001	0.00178	0.0001	2.185065	0.011890301939612078,0.1794362727454509,0.5200849030193961,0.18220987802439512,0.09790377924415117,0.008323415316936613,0.0001514497100579884
437	2442819313	5000.0	0.001	0.00178	0.0001	2.608192	0.4838865026994601,0.45857860427914415,0.05628642271545691,0.0012484303139372126,3.9992001599680065e-08
438	2149314290	5000.0	0.001	0.00178	0.0001	5.432019	0.1745882023595281,0.6027682063587283,0.1963363327334533,0.02525386922615477,0.0010516696660667867,1.7196560687862428e-06
439	1256423155	5000.0	0.001	0.00178	0.0001	2.406180	0.2655720455908818,0.6583406518696261,0.07501663667266546,0.0010702259548090382,4.399120175964807e-07
440	368353015	5000.0	0.001	0.00178	0.0001	2.916721	0.33806778644271146,0.5202835832833433,0.12335116976604679,0.01799352129574085,0.0003039392121575685
443	362475258	5000.0	0.001	0.00178	0.0001	4.117018	0.11108282343531294,0.738465226954609,0.14825898820235953,0.0021833233353329333,9.638072385522896e-06
444	276778754	5000.0	0.001	0.00178	0.0001	0.748720	0.5143572885422916,0.46738384323135373,0.017980883823235354,0.00027798440311937615
441	3315339000	5000.0	0.001	0.00178	0.0001	2.858456	0.09021779644071186,0.6059482103579285,0.2860843831233753,0.01772377524495101,2.583483303339332e-05
445	696368899	5000.0	0.001	0.00178	0.0001	2.058210	0.5584820635872826,0.43576924615076984,0.0057386122775444914,1.0077984403119377e-05
442	1119913719	5000.0	0.001	0.00178	0.0001	1.712215	0.7042331933613277,0.2873166966606679,0.008234953009398121,0.00021515696860627875
451	2773837587	5000.0	0.001	0.00178	0.0001	0.330167	0.9419872025594881,0.0568623475304939,0.0011499300139972005,5.198960207958409e-07
447	4040118029	5000.0	0.001	0.00178	0.0001	2.738252	0.5928899820035993,0.39244323135372927,0.012563327334533093,0.002102859428114377,5.99880023995201e-07
452	3557723926	5000.0	0.001	0.00178	0.0001	1.843197	0.0514377524495101,0.8277406118776245,0.08107666466706659,0.014663147370525894,0.021734293141371725,0.0033454509098180363,2.0795840831833635e-06
453	175730461	5000.0	0.001	0.00178	0.0001	0.065834	0.014036552689462108,0.8873902819436112,0.0948612677464507,0.0037100979804039194,1.799640071985603e-06
450	1063984915	5000.0	0.001	0.00178	0.0001	4.303747	0.31509498100379923,0.39930793841231754,0.2777148570285943,0.00786366726654669,1.855628874225155e-05
449	1951057681	5000.0	0.001	0.00178	0.0001	1.932568	0.4192617876424715,0.4841049390121976,0.09596080783843232,0.0006605478904219156,1.1917616476704659e-05
448	3563910927	5000.0	0.001	0.00178	0.0001	-0.466729	0.6546374725054989,0.341148650269946,0.004199000199960008,1.4877024595080984e-05
446	1273308937	5000.0	0.001	0.00178	0.0001	3.913811	0.04042039592081584,0.31348090381923616,0.5107116576684663,0.12118924215156969,0.014155128974205159,4.267146570685863e-05
456	499851051	5000.0	0.001	0.00178	0.0001	2.940801	0.3145620075984803,0.6668894621075785,0.01830761847630474,0.00024035192961407718,5.598880223955209e-07
455	2606892839	5000.0	0.001	0.00178	0.0001	2.632405	0.7068710257948411,0.27505826834633074,0.01801755648870226,5.314937012597481e-05
457	3776917302	5000.0	0.001	0.00178	0.0001	3.313875	0.03327290541891622,0.24952965406918617,0.6713213757248551,0.043464307138572286,0.002392121575684863,1.963607278544291e-05
454	2377803555	5000.0	0.001	0.00178	0.0001	0.464695	0.9394796240751849,0.05110837832433513,0.009381563687262548,3.0433913217356527e-05
458	2803734330	5000.0	0.001	0.00178	0.0001	1.289486	0.751575124975005,0.22896932613477305,0.019309698060387924,0.0001458508298340332
460	1741920064	5000.0	0.001	0.00178	0.0001	2.000266	0.5197298540291941,0.4496261147770446,0.030573285342931415,7.074585082983404e-05
459	2644387645	5000.0	0.001	0.00178	0.0001	1.927832	0.620873425314937,0.36774101179764046,0.011375164967006598,1.0397920415916817e-05
461	2646118216	5000.0	0.001	0.00178	0.0001	0.417047	0.1736855028994201,0.7831135372925415,0.04286982603479304,0.00033109378124375125,3.9992001599680065e-08
463	1191616339	5000.0	0.001	0.00178	0.0001	0.902744	0.6375957608478304,0.3539026594681064,0.008306418716256748,0.00019516096780643872
464	561989461	5000.0	0.001	0.00178	0.0001	2.188047	0.7342401919616077,0.2568759848030394,0.008877144571085783,6.678664267146571e-06
462	3564429139	5000.0	0.001	0.00178	0.0001	0.197240	0.41075468906218754,0.5558692261547691,0.028324415116976604,0.005049150169966007,2.519496100779844e-06
465	1298913111	5000.0	0.001	0.00178	0.0001	4.882078	0.17015488902219555,0.7062185162967407,0.09497720455908819,0.028154089182163566,0.0004909018196360727,4.399120175964807e-06
469	3138475882	5000.0	0.001	0.00178	0.0001	3.086937	0.5234205958808238,0.4623344131173765,0.014208318336332734,3.667266546690662e-05
466	1619738464	5000.0	0.001	0.00178	0.0001	2.680893	0.2963272945410918,0.6470555888822236,0.053024875024995,0.003487742451509698,0.000104499100179964
470	3022407537	5000.0	0.001	0.00178	0.0001	0.490336	0.0007106978604279144,0.6760344331133773,0.31184155168966204,0.010972245550889822,0.0004397120575884823,1.3597280543891223e-06
467	2002403172	5000.0	0.001	0.00178	0.0001	2.546904	0.24815464907018597,0.6451801639672066,0.10600987802439513,0.0006551889622075584,1.199760047990402e-07
472	2304911229	5000.0	0.001	0.00178	0.0001	1.934729	0.2862791041791642,0.6392267146570686,0.07390721855628875,0.0005866426714657069,3.199360127974405e-07
468	3960993638	5000.0	0.001	0.00178	0.0001	3.323873	0.5670195560887823,0.3897106978604279,0.04144775044991002,0.0018204359128174365,1.5596880623875224e-06
471	2495080306	5000.0	0.001	0.00178	0.0001	-0.501008	0.7672685462907418,0.22970737852429515,0.00300999800039992,1.4077184563087382e-05
473	3882657677	5000.0	0.001	0.00178	0.0001	3.716113	0.2411982803439312,0.6275221355728854,0.12391893621275744,0.00658996200759848,0.0007703259348130374,3.5992801439712056e-07
474	2271700878	5000.0	0.001	0.00178	0.0001	2.346295	0.480674625074985,0.5043317736452709,0.014528294341131774,0.0004652269546090782,7.998400319936013e-08
475	310255504	5000.0	0.001	0.00178	0.0001	0.672401	0.8178487102579484,0.1752377524495101,0.006891141771645671,2.2395520895820836e-05
476	1908340632	5000.0	0.001	0.00178	0.0001	0.144114	0.9502159568086382,0.03736804639072185,0.0022964607078584283,0.010102419516096781,1.7116576684663066e-05
477	805117849	5000.0	0.001	0.00178	0.0001	2.171083	0.6106934213157369,0.3691735652869426,0.020072225554889023,6.07878424315137e-05
478	1997178780	5000.0	0.001	0.00178	0.0001	1.551272	0.6312107578484303,0.3587605278944211,0.010018196360727854,1.0517896420715856e-05
483	2554384294	5000.0	0.001	0.00178	0.0001	0.274789	0.5268512297540492,0.4495969206158768,0.023526774645070987,2.50749850029994e-05
479	2161577884	5000.0	0.001	0.00178	0.0001	5.257845	0.15670521895620876,0.6557734053189362,0.18169330133973205,0.005100779844031194,0.0007269746050789842,3.199360127974405e-07
481	2471264163	5000.0	0.001	0.00178	0.0001	2.913383	0.009423435312937413,0.409002799440112,0.5340312337532493,0.045865146970605876,0.0016758648270345932,1.5196960607878424e-06
482	4193001379	5000.0	0.001	0.00178	0.0001	3.906942	0.3633240551889622,0.584002199560088,0.04989890021995601,0.0027743251349730052,5.198960207958409e-07
485	1945419695	5000.0	0.001	0.00178	0.0001	3.456899	0.09938428314337133,0.722053549290142,0.17262007598480303,0.005910697860427914,3.139372125574885e-05
480	4064063392	5000.0	0.001	0.00178	0.0001	1.083176	0.3675131373725255,0.5853391321735653,0.038259348130373926,0.008866626674665068,2.1755648870225956e-05
484	463003560	5000.0	0.001	0.00178	0.0001	1.914327	0.7049017396520696,0.274346650669866,0.020539452109578086,0.00021215756848630275
488	3192106948	5000.0	0.001	0.00178	0.0001	1.235186	0.8057556888622276,0.1901864827034593,0.0038754249150169968,0.00018240351929614076
489	1673293767	5000.0	0.001	0.00178	0.0001	3.466215	0.005950409918016397,0.5760147570485903,0.4014054389122176,0.016324575084983004,0.00030481903619276147
487	2784673718	5000.0	0.001	0.00178	0.0001	0.393906	0.46499332133573285,0.5071858028394322,0.02776984603079384,5.102979404119176e-05
490	3059896280	5000.0	0.001	0.00178	0.0001	1.596337	0.5427061787642472,0.3445877624475105,0.10598076384723056,0.006721535692861428,3.759248150369926e-06
491	3637022684	5000.0	0.001	0.00178	0.0001	-0.187578	0.8516203159368126,0.13082919416116776,0.01743879224155169,0.00011165766846630674,3.9992001599680065e-08
486	4171198385	5000.0	0.001	0.00178	0.0001	0.106675	0.9623509698060388,0.037107058588282345,0.0005418516296740652,1.199760047990402e-07
497	2142140401	5000.0	0.001	0.00178	0.0001	2.301632	0.08494185162967406,0.6007594881023796,0.2813268546290742,0.03175468906218756,0.0012063187362527494,1.0797840431913617e-05
494	419080165	5000.0	0.001	0.00178	0.0001	1.818221	0.01258888222355529,0.003606998600279944,0.7458785842831434,0.1963156968606279,0.04056456708658268,0.0010449510097980403,3.199360127974405e-07
492	3039844322	5000.0	0.001	0.00178	0.0001	2.016769	0.6968095180963807,0.2919103379324135,0.011267306538692262,1.2837432513497301e-05
495	2422556657	5000.0	0.001	0.00178	0.0001	4.731789	0.03804035192961408,0.23351865626874624,0.59519800039992,0.128875424915017,0.004351809638072386,1.5756848630273946e-05
493	3604508644	5000.0	0.001	0.00178	0.0001	6.652971	0.04839544091181763,0.2805807638472306,0.49714217156568685,0.16680835832833432,0.007007398520295941,6.586682663467306e-05
496	2640754674	5000.0	0.001	0.00178	0.0001	6.471722	0.04011461707658468,0.3655641271745651,0.45248078384323137,0.13992905418916216,0.0019109778044391122,4.399120175964807e-07
498	1699868666	5000.0	0.001	0.00178	0.0001	3.103630	0.5806169966006799,0.3998869026194761,0.019337892421515696,0.00015800839832033593,1.9996000799840033e-07
499	2177761279	5000.0	0.001	0.00178	0.0001	2.266859	0.45164687062587483,0.5022302339532093,0.04591145770845831,0.0002114377124575085
