sim_id	seed	popsize	selcoef	sigma	mutrate	velocity	profile
17	16656446	5000.0	0.001	0.00186	0.0001	-0.608253	0.7962554289142172,0.13668814237152568,0.06660483903219357,0.00045158968206358727
11	2806751285	5000.0	0.001	0.00186	0.0001	2.752641	0.20138324335132973,0.7442775444911017,0.04566530693861228,0.008664587082583483,9.318136372725454e-06
4	2345097237	5000.0	0.001	0.00186	0.0001	4.300947	0.14759136172765447,0.7817380923815237,0.0694857828434313,0.0011677264547090582,1.703659268146371e-05
19	1036693569	5000.0	0.001	0.00186	0.0001	-0.088358	0.9596071185762848,0.04026626674665067,0.00012661467706458709
1	1954459653	5000.0	0.001	0.00186	0.0001	5.816315	0.2049117376524695,0.5844684663067387,0.20805802839432114,0.002485262947410518,7.650469906018796e-05
18	537729089	5000.0	0.001	0.00186	0.0001	3.899623	0.23550673865226954,0.5166233153369326,0.23832065586882623,0.009516456708658269,3.2833433313337335e-05
8	2273148968	5000.0	0.001	0.00186	0.0001	4.586656	0.07363907218556288,0.5918855828834233,0.31673193361327734,0.017720455908818235,2.2955408918216355e-05
7	3033298981	5000.0	0.001	0.00186	0.0001	6.374825	0.17077776444711057,0.530227474505099,0.26899180163967207,0.029506498700259946,0.0004964607078584283
12	986060856	5000.0	0.001	0.00186	0.0001	8.114817	0.08692817436512698,0.23975336932613478,0.4413001799640072,0.22486822635472906,0.007143291341731654,6.758648270345931e-06
13	1375684665	5000.0	0.001	0.00186	0.0001	2.114566	0.5041538092381523,0.4351406118776245,0.057201479704059185,0.003503419316136773,6.798640271945611e-07
2	2111959050	5000.0	0.001	0.00186	0.0001	4.348307	0.07090361927614477,0.4573868426314737,0.453870825834833,0.01780403919216157,3.4673065386922613e-05
6	1388707867	5000.0	0.001	0.00186	0.0001	5.198197	0.3592289142171566,0.47485382923415315,0.13219132173565287,0.03366742651469706,5.8508298340331934e-05
3	2318282771	5000.0	0.001	0.00186	0.0001	1.929810	0.3687607278544291,0.5778999800039992,0.0531501699660068,0.00018864227154569087,4.799040191961608e-07
9	3383203881	5000.0	0.001	0.00186	0.0001	4.347293	0.09504711057788442,0.5150975004999,0.36303555288942213,0.02664219156168766,0.00017764447110577884
14	3830181946	5000.0	0.001	0.00186	0.0001	3.322373	0.09404807038592282,0.6312256348730254,0.2666860627874425,0.007990561887622476,4.967006598680264e-05
15	2209687611	5000.0	0.001	0.00186	0.0001	2.270347	0.36449474105178964,0.5712333933213357,0.061928854229154166,0.00234249150169966,5.198960207958409e-07
5	2081421339	5000.0	0.001	0.00186	0.0001	3.759158	0.33509290141971604,0.5665959608078385,0.08971633673265347,0.008458108378324334,0.00013653269346130775,1.5996800639872026e-07
0	458557443	5000.0	0.001	0.00186	0.0001	3.281245	0.005517896420715857,0.60595924815037,0.36604203159368126,0.017230713857228554,0.004807878424315137,0.00044219156168766245,3.9992001599680065e-08
16	4163063868	5000.0	0.001	0.00186	0.0001	3.121367	0.38123059388122377,0.5316384323135372,0.08658352329534093,0.0005474105178964208,3.9992001599680065e-08
10	769443886	5000.0	0.001	0.00186	0.0001	2.895177	0.3833770845830834,0.5183496100779844,0.09692621475704859,0.00134625074985003,8.398320335932813e-07
22	466360393	5000.0	0.001	0.00186	0.0001	1.757037	0.692935572885423,0.3027377724455109,0.004315616876624675,1.1037792441511698e-05
23	3923052627	5000.0	0.001	0.00186	0.0001	4.491855	0.01939360127974405,0.44094045190961806,0.5192035192961407,0.020415596880623874,4.6830633873225356e-05
20	2293237827	5000.0	0.001	0.00186	0.0001	0.021198	0.9507671665666867,0.047745810837832435,0.0014715456908618277,1.5476904619076186e-05
24	3788460121	5000.0	0.001	0.00186	0.0001	3.144926	0.4973629674065187,0.4669634073185363,0.03253085382923415,0.0031422115576884625,5.598880223955209e-07
21	3698061384	5000.0	0.001	0.00186	0.0001	3.081100	0.0019233353329334132,0.528084223155369,0.458655148970206,0.011138292341531693,0.000199000199960008
30	3895826544	5000.0	0.001	0.00186	0.0001	0.083906	0.9623582483503299,0.03669618076384723,0.0009455708858228354
26	168708187	5000.0	0.001	0.00186	0.0001	3.203480	0.18916368726254748,0.6875395720855829,0.12220771845630873,0.0010890221955608878
27	1365530720	5000.0	0.001	0.00186	0.0001	-0.989368	0.8385629274145171,0.159850149970006,0.0015793641271745651,7.558488302339532e-06
29	1790429291	5000.0	0.001	0.00186	0.0001	5.511630	0.026987082583483302,0.22818456308738252,0.5863718456308739,0.1571096180763847,0.001346370725854829,5.198960207958409e-07
25	2364858458	5000.0	0.001	0.00186	0.0001	0.264640	0.7422877424515097,0.24078992201559687,0.016861867626474705,6.046790641871626e-05
28	2635612259	5000.0	0.001	0.00186	0.0001	2.740578	0.7085247350529894,0.28272965406918615,0.007644871025794841,0.000995360927814437,0.00010537892421515697
37	551823486	5000.0	0.001	0.00186	0.0001	-0.197729	0.6496643471305739,0.34119900019996,0.008611477704459108,0.0005251749650069986
32	4181692532	5000.0	0.001	0.00186	0.0001	1.938806	0.7090486702659468,0.2823872425514897,0.008544371125774846,1.9716056788642272e-05
35	1596422264	5000.0	0.001	0.00186	0.0001	2.001067	0.405025074985003,0.5809364927014598,0.014031033793241351,7.398520295940812e-06
31	1402470513	5000.0	0.001	0.00186	0.0001	3.435224	0.4045456108778244,0.48576528694261145,0.10551837632473506,0.004131973605278944,3.875224955008998e-05
33	1383635061	5000.0	0.001	0.00186	0.0001	0.893801	0.00010249950009998,0.0,0.6490166366726655,0.32399300139972004,0.018872465506898622,0.008010477904419116,4.919016196760648e-06
36	711092344	5000.0	0.001	0.00186	0.0001	0.311125	0.5422723455308939,0.4428131973605279,0.01489250149970006,2.1955608878224355e-05
39	2997147777	5000.0	0.001	0.00186	0.0001	5.035234	0.1983513297340532,0.583044951009798,0.20910473905218957,0.009494781043791242,4.1991601679664066e-06
38	3737630846	5000.0	0.001	0.00186	0.0001	4.680316	0.175549450109978,0.5132922615476905,0.28954573085382923,0.0208501099780044,0.0007624075184963008,3.9992001599680065e-08
34	3213570166	5000.0	0.001	0.00186	0.0001	4.776660	0.0605620075984803,0.4595893621275745,0.37480551889622077,0.10248814237152569,0.0024789442111577686,7.60247950409918e-05
40	3987460229	5000.0	0.001	0.00186	0.0001	0.381564	0.527122775444911,0.45628422315536893,0.01646370725854829,0.00012893421315736853,3.5992801439712056e-07
43	3903858826	5000.0	0.001	0.00186	0.0001	0.022676	0.9615690461907619,0.037915616876624675,0.0005152169566086782,1.199760047990402e-07
42	591554696	5000.0	0.001	0.00186	0.0001	-0.410117	0.899149650069986,0.09650721855628874,0.0043352129574085185,7.918416316736653e-06
41	4089231494	5000.0	0.001	0.00186	0.0001	0.698269	0.6526423515296941,0.3283991601679664,0.018909698060387923,4.879024195160968e-05
44	2142744716	5000.0	0.001	0.00186	0.0001	4.661639	0.09731333733253349,0.6100500299940012,0.2860996600679864,0.006532933413317336,4.039192161567687e-06
46	3842738328	5000.0	0.001	0.00186	0.0001	2.482050	0.6111844831033794,0.3742396320735853,0.01443255348930214,0.00014329134173165367,3.9992001599680065e-08
47	3221086363	5000.0	0.001	0.00186	0.0001	0.973305	0.7882679464107178,0.204624075184963,0.00660627874425115,0.0004974205158968206,4.2791441711657665e-06
50	759029933	5000.0	0.001	0.00186	0.0001	1.543611	0.47945658868226354,0.46565498900219954,0.05347226554689062,0.0014152769446110778,8.798240351929614e-07
45	1082196118	5000.0	0.001	0.00186	0.0001	4.135927	0.23359064187162568,0.6761952809438112,0.08978988202359528,0.00042343531293741253,7.598480303939212e-07
49	1924356263	5000.0	0.001	0.00186	0.0001	6.071225	0.10786762647470506,0.3473752449510098,0.3684071985602879,0.16738304339132173,0.008926654669066187,4.0231953609278146e-05
51	3986575534	5000.0	0.001	0.00186	0.0001	0.117518	0.9648126374725055,0.03516396720655869,2.3395320935812836e-05
54	3846738106	5000.0	0.001	0.00186	0.0001	-0.735953	2.399520095980804e-07,0.8890532293541292,0.11029690061987603,0.000649630073985203
53	1847417014	5000.0	0.001	0.00186	0.0001	3.004274	0.5827074585082983,0.38154237152569487,0.03550889822035593,0.0002412717456508698
48	2615904411	5000.0	0.001	0.00186	0.0001	0.400942	0.35107158568286345,0.5880609078184363,0.048985482903419315,0.011725254949010198,0.00015672865426914618,3.9992001599680065e-08
58	60033227	5000.0	0.001	0.00186	0.0001	0.966372	0.6071705658868226,0.36633249350129976,0.02642787442511498,6.906618676264747e-05
55	2409197764	5000.0	0.001	0.00186	0.0001	1.651178	0.6326277144571085,0.35910437912417514,0.00822259548090382,4.5310937812437514e-05
56	326340807	5000.0	0.001	0.00186	0.0001	-0.328581	0.9249268546290742,0.07366930613877225,0.0014035592881423715,2.7994401119776043e-07
59	2456842445	5000.0	0.001	0.00186	0.0001	1.283931	0.34307086582683466,0.6257337332533494,0.030886502699460108,0.0003088982203559288
52	970238127	5000.0	0.001	0.00186	0.0001	3.853861	0.40585226954609077,0.5417806438712257,0.05114509098180364,0.0012202759448110378,1.7196560687862428e-06
57	1823244488	5000.0	0.001	0.00186	0.0001	1.043908	0.029045870825834832,0.7306942611477705,0.22729446110777846,0.012326854629074185,0.0006381523695260947,3.9992001599680065e-07
60	1334663378	5000.0	0.001	0.00186	0.0001	2.660147	0.1557882823435313,0.7928863827234554,0.04955460907818436,0.0017683263347330533,2.399520095980804e-06
61	148515027	5000.0	0.001	0.00186	0.0001	2.816018	0.5343026594681064,0.44047078584283145,0.025004599080183963,0.00022179564087182563,1.5996800639872026e-07
62	1925406933	5000.0	0.001	0.00186	0.0001	0.597281	0.4740252349530094,0.35871989602079585,0.16139808038392323,0.00584747050589882,9.318136372725454e-06
63	583678165	5000.0	0.001	0.00186	0.0001	1.837811	0.35352901419716054,0.6165966806638672,0.029112777444511097,0.0007614477104579084,7.998400319936013e-08
64	2317695197	5000.0	0.001	0.00186	0.0001	0.879891	0.5689294141171766,0.3984868626274745,0.03234229154169166,0.00024143171365726855
67	3432253669	5000.0	0.001	0.00186	0.0001	6.128873	0.17034273145370926,0.6509137772445511,0.1585628074385123,0.019833073385322936,0.0003476104779044191
68	2965725414	5000.0	0.001	0.00186	0.0001	2.601684	0.06980331933613278,0.845024875024995,0.08474197160567887,0.00042975404919016195,7.998400319936013e-08
66	2659008737	5000.0	0.001	0.00186	0.0001	5.112945	0.1480031193761248,0.40119828034393124,0.3689856028794241,0.07960935812837433,0.002017996400719856,0.00018564287142571487
71	1998326003	5000.0	0.001	0.00186	0.0001	0.075290	0.9401508898220355,0.05926186762647471,0.0005868426314737052,3.9992001599680065e-07
65	537227486	5000.0	0.001	0.00186	0.0001	-0.571792	0.7650366726654669,0.20841679664067186,0.022727654469106177,0.003808518296340732,1.0357928414317136e-05
74	2206474506	5000.0	0.001	0.00186	0.0001	1.725319	0.4952009198160368,0.48397964407118577,0.020617356528694262,0.00020203959208158368,3.9992001599680065e-08
70	1974452457	5000.0	0.001	0.00186	0.0001	1.409276	0.638272025594881,0.3457898020395921,0.01587722455508898,6.0947810437912415e-05
69	662014184	5000.0	0.001	0.00186	0.0001	0.960388	0.5233465706858629,0.45521843631273745,0.02069502099580084,0.0007398520295940811,1.199760047990402e-07
76	31068431	5000.0	0.001	0.00186	0.0001	0.644654	0.861099700059988,0.13531097780443913,0.0035866826634673066,2.639472105578884e-06
75	1499920653	5000.0	0.001	0.00186	0.0001	0.933750	0.6574916616676665,0.33319516096780644,0.009287942411517697,2.523495300939812e-05
79	2637070612	5000.0	0.001	0.00186	0.0001	-0.021301	0.9668263147370526,0.03276616676664667,0.0004072385522895421,2.7994401119776043e-07
73	2521352452	5000.0	0.001	0.00186	0.0001	3.119702	0.32395704859028196,0.6100579084183163,0.06559992001599681,0.000385122975404919
72	2550249720	5000.0	0.001	0.00186	0.0001	4.380598	0.30575724855028996,0.46767082583483305,0.21248526294741052,0.01405990801839632,2.6754649070185963e-05
77	1786517777	5000.0	0.001	0.00186	0.0001	-0.115440	0.8905031393721256,0.10454653069386123,0.004946490701859628,3.839232153569286e-06
78	3406315794	5000.0	0.001	0.00186	0.0001	0.551758	0.9063472905418917,0.09007858428314337,0.0035515696860627874,2.2555488902219558e-05
80	3799576855	5000.0	0.001	0.00186	0.0001	2.792558	0.6799512097580483,0.2623641271745651,0.057200599880023996,0.0004840631873625275
81	2012545308	5000.0	0.001	0.00186	0.0001	2.862847	0.7624904219156169,0.23524259148170365,0.0022665466906618675,4.399120175964807e-07
82	2208112928	5000.0	0.001	0.00186	0.0001	2.316477	0.059993241351729655,0.77025174965007,0.16747094581083782,0.002283143371325735,9.198160367926415e-07
83	920348962	5000.0	0.001	0.00186	0.0001	4.874288	0.4359002199560088,0.5302571485702859,0.03342311537692461,0.00041947610477904417,3.9992001599680065e-08
84	128862501	5000.0	0.001	0.00186	0.0001	0.840328	0.11217144571085783,0.7585089382123575,0.12869458108378323,0.0006244751049790042,5.598880223955209e-07
88	4174393646	5000.0	0.001	0.00186	0.0001	0.456241	0.914755448910218,0.0844113577284543,0.0008173165366926615,1.5876824635072987e-05
85	4099537194	5000.0	0.001	0.00186	0.0001	3.404876	0.36274093181363726,0.6166709858028394,0.020545970805838833,4.211157768446311e-05
86	2498804011	5000.0	0.001	0.00186	0.0001	0.740075	0.6806137172565487,0.29693021395720853,0.022414597080583885,4.147170565886823e-05
87	2636849451	5000.0	0.001	0.00186	0.0001	5.199453	0.08342763447310537,0.6191712057588482,0.29002067586482705,0.007370525894821036,9.958008398320336e-06
90	1022157107	5000.0	0.001	0.00186	0.0001	4.876751	0.12156388722255548,0.5116332733453309,0.3532143971205759,0.013498540291941611,8.990201959608079e-05
95	1595990355	5000.0	0.001	0.00186	0.0001	2.970797	0.4573744451109778,0.3471990801839632,0.09539828034393122,0.025661467706458708,0.07389930013997201,0.0004674265146970606
89	1401209135	5000.0	0.001	0.00186	0.0001	0.301884	0.2932976604679064,0.6124261547690462,0.08616044791041792,0.007941131773645272,0.00017448510297940413,1.199760047990402e-07
93	3469517133	5000.0	0.001	0.00186	0.0001	0.389492	0.9400411917616477,0.05958828234353129,0.0003703259348130374,1.9996000799840033e-07
94	4036229457	5000.0	0.001	0.00186	0.0001	8.365281	0.0295003399320136,0.11678284343131373,0.3269395320935813,0.4356707458508298,0.09060807838432314,0.000496500699860028,1.959608078384323e-06
91	1928743232	5000.0	0.001	0.00186	0.0001	7.353583	0.09288090381923615,0.23966710657868426,0.30924267146570683,0.2819058188362328,0.0744871825634873,0.0018132373525294942,3.079384123175365e-06
98	3783072094	5000.0	0.001	0.00186	0.0001	2.016805	0.47605882823435314,0.5049888022395521,0.018709778044391123,0.00024259148170365926
92	3286184269	5000.0	0.001	0.00186	0.0001	2.968342	0.1873014197160568,0.7884127574485102,0.023966886622675466,0.0003189362127574485
97	3781075291	5000.0	0.001	0.00186	0.0001	2.940753	0.3814505098980204,0.4333534093181364,0.15206918616276743,0.0328248350329934,0.0003017796440711858,2.7994401119776043e-07
96	391100759	5000.0	0.001	0.00186	0.0001	2.324293	0.3479234953009398,0.5980959808038392,0.053044271145770844,0.0009362127574485103,3.9992001599680065e-08
99	414620001	5000.0	0.001	0.00186	0.0001	3.796705	0.045844231153769247,0.5497419716056788,0.3864982603479304,0.016198440311937613,0.0017169366126774646,1.5996800639872026e-07
101	1449124206	5000.0	0.001	0.00186	0.0001	0.410539	0.002956888622275545,0.5943733653269346,0.38929278144371127,0.013360567886422715,1.6396720655868826e-05
100	2780137828	5000.0	0.001	0.00186	0.0001	2.864950	0.7631718456308738,0.22166406718656267,0.013464067186562687,0.001691501699660068,8.518296340731854e-06
102	3906173305	5000.0	0.001	0.00186	0.0001	2.043064	0.44901607678464306,0.4188274345130974,0.0916735852829434,0.04010625874825035,0.0003764447110577884,1.9996000799840033e-07
103	3665975677	5000.0	0.001	0.00186	0.0001	3.028525	0.24013317336532694,0.5124827834433113,0.22840415916816637,0.018234153169366128,0.0007453309338132373,3.9992001599680065e-07
105	1919191428	5000.0	0.001	0.00186	0.0001	3.415549	0.3666223155368926,0.5395407318536293,0.09175400919816037,0.0020621875624875024,2.0755848830233953e-05
106	1477579143	5000.0	0.001	0.00186	0.0001	2.467749	0.13504523095380924,0.6867052189562087,0.17687046590681862,0.0013790841831633673
104	1804325247	5000.0	0.001	0.00186	0.0001	3.655150	0.2422139972005599,0.7214597880423915,0.036250829834033195,7.538492301539692e-05
107	1064688010	5000.0	0.001	0.00186	0.0001	2.842386	0.4907624875024995,0.4670082783443311,0.04086870625874825,0.0013604879024195161,3.9992001599680065e-08
109	2949806478	5000.0	0.001	0.00186	0.0001	1.535110	0.4619353329334133,0.5164139972005599,0.021471145770845832,0.0001795240951809638
108	164940173	5000.0	0.001	0.00186	0.0001	0.808780	0.6819867226554689,0.30883711257748453,0.00892001599680064,0.00025614877024595083
110	3811494288	5000.0	0.001	0.00186	0.0001	2.680557	0.39724511097780446,0.573070425914817,0.02906874625074985,0.0006149570085982804,7.598480303939212e-07
115	3588143518	5000.0	0.001	0.00186	0.0001	0.721658	0.5916300339932014,0.39420799840031995,0.014093301339732054,6.866626674665067e-05
111	3806779796	5000.0	0.001	0.00186	0.0001	0.631642	0.9047724055188963,0.09245286942611478,0.0027736852629474105,1.0397920415916818e-06
113	1853014427	5000.0	0.001	0.00186	0.0001	3.416863	0.5296147970405919,0.45478264347130576,0.015549170165966807,5.338932213557288e-05
112	3967441305	5000.0	0.001	0.00186	0.0001	6.985090	0.08975380923815236,0.25711877624475105,0.5324147970405919,0.10990033993201359,0.008183403319336133,0.002628394321135773,4.799040191961608e-07
117	4206012840	5000.0	0.001	0.00186	0.0001	3.706643	0.20761495700859828,0.233776724655069,0.5290677464507099,0.02895116976604679,0.0005892821435712857,1.199760047990402e-07
116	1601939873	5000.0	0.001	0.00186	0.0001	0.201849	0.9095220155968806,0.08883007398520296,0.0016476704659068187,2.399520095980804e-07
114	2966552987	5000.0	0.001	0.00186	0.0001	6.396656	0.08302967406518696,0.31859484103179364,0.5002303139372125,0.07890273945210957,0.01827114577084583,0.00097124575084983,3.9992001599680065e-08
118	2938089898	5000.0	0.001	0.00186	0.0001	4.543772	0.1041623675264947,0.5849451309738053,0.22788978204359128,0.06589878024395121,0.01699384123175365,0.00011009798040391922
119	909515180	5000.0	0.001	0.00186	0.0001	2.267381	0.42489490101979605,0.5511216956608678,0.02392845430913817,5.494901019796041e-05
121	2309751217	5000.0	0.001	0.00186	0.0001	1.320109	0.48022035592881424,0.5061615276944611,0.012846550689862027,0.0007715656868626275
120	3715027375	5000.0	0.001	0.00186	0.0001	2.318083	0.4810377924415117,0.48940607878424314,0.028961967606478706,0.000593121375724855,1.0397920415916818e-06
122	2375977393	5000.0	0.001	0.00186	0.0001	1.468007	0.5466383923215357,0.37281987602479505,0.07832121575684863,0.002220235952809438,2.7994401119776043e-07
125	408897975	5000.0	0.001	0.00186	0.0001	0.023220	0.9575726454709058,0.041408158368326335,0.0010135172965406918,5.678864227154569e-06
123	3671691697	5000.0	0.001	0.00186	0.0001	-0.312347	0.9362091581683664,0.06283603279344131,0.0009548090381923615
124	1929230774	5000.0	0.001	0.00186	0.0001	5.189611	0.11591453709258148,0.6182561887622475,0.25521443711257746,0.010605238952209559,9.598080383923215e-06
128	1173051840	5000.0	0.001	0.00186	0.0001	3.503645	0.31537128574285145,0.6302221555688863,0.05402759448110378,0.00037896420715856827
127	1462997436	5000.0	0.001	0.00186	0.0001	2.853879	0.5237830833833234,0.47018532293541293,0.006028394321135773,3.1993601279744052e-06
126	1424544188	5000.0	0.001	0.00186	0.0001	4.502207	0.33074653069386123,0.5769603279344131,0.0887617676464707,0.003506898620275945,2.44751049790042e-05
129	1844421067	5000.0	0.001	0.00186	0.0001	1.677171	0.5017884823035393,0.4822513097380524,0.01594633073385323,1.3877224555088982e-05
130	1020918221	5000.0	0.001	0.00186	0.0001	0.475883	0.7849075384923015,0.2025999200159968,0.012488142371525695,4.399120175964807e-06
133	3967465959	5000.0	0.001	0.00186	0.0001	2.638257	0.6044323935212957,0.3856410317936413,0.009908978204359127,1.7596480703859228e-05
131	3541699022	5000.0	0.001	0.00186	0.0001	1.347675	0.4697369726054789,0.4665702459508098,0.06290397920415917,0.0007888022395520896
134	2476392936	5000.0	0.001	0.00186	0.0001	2.688307	0.2890977404519096,0.6896437112577485,0.016589242151569684,0.0046051189762047594,6.41871625674865e-05
136	724021741	5000.0	0.001	0.00186	0.0001	0.306436	0.5663212557488503,0.4229722855428914,0.01066510697860428,4.1351729654069184e-05
132	114153958	5000.0	0.001	0.00186	0.0001	2.742096	0.006071625674865027,0.601772525494901,0.38100203959208157,0.011117776444711057,3.603279344131174e-05
137	2885757425	5000.0	0.001	0.00186	0.0001	4.877146	0.10292385522895421,0.6925902419516097,0.20269218156368726,0.0017898420315936813,3.879224155168966e-06
138	4120699408	5000.0	0.001	0.00186	0.0001	0.199528	0.27110249950009996,0.6746010397920416,0.05314689062187562,0.0011489702059588082,5.99880023995201e-07
135	2276604396	5000.0	0.001	0.00186	0.0001	5.997994	0.11529198160367926,0.6425594081183763,0.2294351929614077,0.012429834033193362,0.0002834233153369326,1.5996800639872026e-07
139	3655498259	5000.0	0.001	0.00186	0.0001	2.664264	0.19855692861427715,0.7259883623275345,0.07321639672065587,0.002238112377524495,1.9996000799840033e-07
140	1396550170	5000.0	0.001	0.00186	0.0001	4.626936	0.07855760847830434,0.14873365326934612,0.6215929214157169,0.13982871425714857,0.011265786842631473,2.1315736852629475e-05
141	976052762	5000.0	0.001	0.00186	0.0001	8.754684	0.016888222355528896,0.12036740651869626,0.3276095580883823,0.47259560087982405,0.06214753049390122,0.00039132173565286943,3.5992801439712056e-07
142	2548443682	5000.0	0.001	0.00186	0.0001	4.525634	0.14720339932013599,0.7874549890021996,0.06489646070785843,0.0004449910017996401,1.5996800639872026e-07
143	1046118947	5000.0	0.001	0.00186	0.0001	0.761473	0.3618501099780044,0.5859242951409718,0.05207170565886823,0.0001538892221555689
144	1943136803	5000.0	0.001	0.00186	0.0001	1.313017	0.8111786042791441,0.17600823835232954,0.011810557888422316,0.00100247950409918,1.199760047990402e-07
148	666491433	5000.0	0.001	0.00186	0.0001	5.827299	0.06972613477304539,0.03823603279344131,0.5611168966206759,0.3088399920015997,0.02194021195760848,0.00014073185362927415
145	254239268	5000.0	0.001	0.00186	0.0001	3.840022	0.05362971405718856,0.549926574685063,0.3304297140571886,0.06431777644471105,0.0016942211557688463,1.999600079984003e-06
149	113205802	5000.0	0.001	0.00186	0.0001	4.491413	0.3386137572485503,0.6350450709858029,0.025961607678464307,0.0003795640871825635
152	2914159153	5000.0	0.001	0.00186	0.0001	0.957201	0.7857010597880424,0.19832161567686463,0.015955048990201958,2.2275544891021795e-05
146	1910581797	5000.0	0.001	0.00186	0.0001	1.430713	0.18378044391121776,0.6324263947210558,0.17024591081783644,0.013372125574885024,0.000175124975004999
153	1647686196	5000.0	0.001	0.00186	0.0001	1.294497	0.5857162167566486,0.38680479904019194,0.02683395320935813,0.0005619276144771046,8.310337932413518e-05
150	3734293038	5000.0	0.001	0.00186	0.0001	2.971370	0.3206633873225355,0.5461289342131573,0.0717628074385123,0.06006394721055789,0.0013789642071585682,1.959608078384323e-06
147	90343975	5000.0	0.001	0.00186	0.0001	0.362821	0.9197309338132373,0.08004275144971006,0.0002262747450509898,3.9992001599680065e-08
154	1235987001	5000.0	0.001	0.00186	0.0001	-0.101244	0.9699749650069986,0.0299500099980004,7.50249950009998e-05
151	1765433905	5000.0	0.001	0.00186	0.0001	6.007990	0.06630441911617677,0.16624463107378523,0.527745850829834,0.22645998800239953,0.013235112977404519,9.998000399920016e-06
157	3280865867	5000.0	0.001	0.00186	0.0001	1.183726	0.7119187362527495,0.27969270145970804,0.008171725654869027,0.00020871825634873026,8.118376324735054e-06
155	4289208889	5000.0	0.001	0.00186	0.0001	0.570267	0.4467157768446311,0.46541727654469106,0.0841390921815637,0.0037256948610277945,2.1595680863827235e-06
156	795570752	5000.0	0.001	0.00186	0.0001	8.326781	0.045988922215556886,0.15663931213757248,0.3559266946610678,0.32110597880423913,0.11572741451709657,0.004559208158368327,5.246950609878024e-05
159	1885848144	5000.0	0.001	0.00186	0.0001	5.960713	0.10173381323735253,0.6754843431313737,0.20315408918216357,0.019286942611477703,0.00034077184563087383,3.9992001599680065e-08
158	2390059598	5000.0	0.001	0.00186	0.0001	1.562497	0.3578211957608478,0.5962789442111578,0.04424519096180764,0.0016543891221755648,2.7994401119776043e-07
160	1996472922	5000.0	0.001	0.00186	0.0001	5.850749	0.10508386322735452,0.3562522695460908,0.34636772645470904,0.18987810437912417,0.002407878424315137,1.0037992401519696e-05,1.199760047990402e-07
161	893583963	5000.0	0.001	0.00186	0.0001	0.170529	0.04289890021995601,0.8590903819236153,0.08841291741651669,0.009581523695260948,1.6276744651069788e-05
162	2735233634	5000.0	0.001	0.00186	0.0001	3.176912	0.10404043191361728,0.773357448510298,0.12153897220555888,0.0010630673865226954,7.998400319936013e-08
163	2025425512	5000.0	0.001	0.00186	0.0001	2.848963	0.018463307338532294,0.666124975004999,0.29702867426514695,0.010572765446910617,0.0077944811037792446,1.5796840631873626e-05
169	2806198907	5000.0	0.001	0.00186	0.0001	4.118046	0.24159780043991202,0.6483344131173765,0.10677048590281944,0.0032946610677864426,2.639472105578884e-06
166	1511168624	5000.0	0.001	0.00186	0.0001	1.162143	0.801064627074585,0.1963155368926215,0.002612637472505499,7.198560287942412e-06
165	1395987053	5000.0	0.001	0.00186	0.0001	4.549388	0.16175612877424514,0.5076875024995001,0.27978108378324335,0.05032225554889022,0.0004530293941211758
170	665774717	5000.0	0.001	0.00186	0.0001	2.538899	0.3039148570285943,0.6350195160967806,0.059944331133773246,0.0011198160367926415,1.4797040591881624e-06
167	2133756530	5000.0	0.001	0.00186	0.0001	0.881083	0.21234565086982604,0.5610319136172766,0.22277656468706258,0.003673265346930614,0.00017256548690261947,3.9992001599680065e-08
164	223965801	5000.0	0.001	0.00186	0.0001	2.276820	0.32925234953009397,0.6239037392521496,0.04576352729454109,0.0010790641871625676,1.319736052789442e-06
171	2105174665	5000.0	0.001	0.00186	0.0001	1.427967	0.5140949410117976,0.44666310737852427,0.03919368126374725,4.827034593081384e-05
168	3470219898	5000.0	0.001	0.00186	0.0001	5.206532	0.20356688662267547,0.6864399120175965,0.0907623675264947,0.019099100179964006,0.00013173365326934612
172	2127547019	5000.0	0.001	0.00186	0.0001	4.136527	0.2110385522895421,0.697709698060388,0.09006542691461708,0.0011818436312737452,4.479104179164167e-06
173	355332756	5000.0	0.001	0.00186	0.0001	2.991302	0.17214045190961808,0.5601603679264148,0.22185266946610677,0.04428594281143771,0.001560367926414717,1.9996000799840033e-07
174	189268633	5000.0	0.001	0.00186	0.0001	2.414886	0.45628302339532095,0.5067336532693462,0.033892101579684066,0.003088142371525695,3.079384123175365e-06
177	1270000284	5000.0	0.001	0.00186	0.0001	0.038520	0.9425320535892822,0.05504335132973405,0.002423515296940612,1.0797840431913617e-06
175	137042586	5000.0	0.001	0.00186	0.0001	3.351343	0.4255156968606279,0.5527795640871825,0.020617836432713456,0.0010834233153369326,3.4793041391721655e-06
176	1197095578	5000.0	0.001	0.00186	0.0001	3.106624	0.5623155768846231,0.34566790641871625,0.09004567086582684,0.0018385122975404919,0.00013233353329334134
178	2832429727	5000.0	0.001	0.00186	0.0001	4.169921	0.26841019796040794,0.6727677264547091,0.058574565086982604,0.00024743051389722055,7.998400319936013e-08
179	3988200096	5000.0	0.001	0.00186	0.0001	0.716279	0.6396018796240752,0.34690657868426317,0.012909258148370326,0.0005822035592881424,7.998400319936013e-08
180	1336031909	5000.0	0.001	0.00186	0.0001	5.368784	0.09457816436712657,0.399326574685063,0.4034272345530894,0.08464735052989403,0.017949330133973207,7.134573085382924e-05
181	4113818278	5000.0	0.001	0.00186	0.0001	0.335259	0.9393238152369526,0.05954741051789642,0.0011234553089382125,5.318936212757449e-06
182	257143464	5000.0	0.001	0.00186	0.0001	0.673821	0.29323371325734854,0.6954621075784843,0.011283063387322536,2.1115776844631073e-05
183	2747802281	5000.0	0.001	0.00186	0.0001	0.718710	0.08296136772645471,0.4290103979204159,0.43297988402319537,0.05403851229754049,0.0010096780643871226,1.5996800639872026e-07
185	692130477	5000.0	0.001	0.00186	0.0001	3.420096	0.1519754449110178,0.674774725054989,0.1714765446910618,0.0017731653669266147,1.199760047990402e-07
187	742181556	5000.0	0.001	0.00186	0.0001	1.154651	0.1983019796040792,0.7543161367726454,0.04707102579484103,0.00030945810837832436,1.3997200559888023e-06
188	1508248246	5000.0	0.001	0.00186	0.0001	3.900444	0.18226858628274345,0.5954535092981403,0.20887086582683465,0.013272185562887423,0.0001348530293941212
184	4105872042	5000.0	0.001	0.00186	0.0001	2.304455	0.40945266946610676,0.5711184963007399,0.01878220355928814,0.0005898420315936813,5.6788642271545693e-05
190	2867561145	5000.0	0.001	0.00186	0.0001	8.739083	0.02165390921815637,0.14589462107578485,0.390700699860028,0.3644848230353929,0.0744749050189962,0.002790521895620876,5.198960207958409e-07
189	374264504	5000.0	0.001	0.00186	0.0001	4.365989	0.26802059588082383,0.45085234953009395,0.18621315736852628,0.08540215956808639,0.009503459308138373,8.278344331133774e-06
194	1256403646	5000.0	0.001	0.00186	0.0001	3.181608	0.09439056188762247,0.6651098980203959,0.2334731853629274,0.006957568486302739,6.878624275144971e-05
186	441109171	5000.0	0.001	0.00186	0.0001	1.690443	0.5510482303539292,0.374275024995001,0.05277748450309938,0.01990125974805039,0.0019962807438512298,1.7196560687862428e-06
191	3060724409	5000.0	0.001	0.00186	0.0001	1.195181	0.24278492301539692,0.667552649470106,0.08749098180363928,0.0021625674865026995,8.878224355128975e-06
192	4263082681	5000.0	0.001	0.00186	0.0001	2.553699	0.11219660067986403,0.7750237552489502,0.11189798040391921,0.0008815836832633473,7.998400319936013e-08
193	3233188541	5000.0	0.001	0.00186	0.0001	0.028260	0.9354178364327135,0.061238992201559685,0.0033342531493701258,8.918216356728655e-06
195	3318045376	5000.0	0.001	0.00186	0.0001	4.287083	0.12303215356928614,0.6503589282143571,0.21804119176164766,0.008492861427714457,7.486502699460108e-05
197	4074996439	5000.0	0.001	0.00186	0.0001	2.424350	0.5859095780843832,0.2818627874425115,0.12862279544091182,0.0036034793041391723,1.3597280543891223e-06
196	252330699	5000.0	0.001	0.00186	0.0001	1.967135	0.023867026594681064,0.6265534093181364,0.34174393121375723,0.007832673465306939,2.959408118376325e-06
198	483744473	5000.0	0.001	0.00186	0.0001	1.320133	0.5308886622675465,0.4037744851029794,0.06497188562287542,0.00036360727854429115,1.3597280543891223e-06
199	2521432794	5000.0	0.001	0.00186	0.0001	2.451067	0.5355614877024595,0.4198171165766847,0.04418240351929614,0.00043823235352929415,7.598480303939212e-07
200	3410172634	5000.0	0.001	0.00186	0.0001	1.916073	0.579621275744851,0.399279024195161,0.020976764647070587,0.00012293541291741653
201	4058184415	5000.0	0.001	0.00186	0.0001	1.771636	0.7626963007398521,0.22957948410317935,0.00769370125974805,3.0513897220555888e-05
202	2608222945	5000.0	0.001	0.00186	0.0001	4.334335	0.18247206558688261,0.6261808838232353,0.18578996200759848,0.005552129574085183,4.9590081983603276e-06
203	2418037473	5000.0	0.001	0.00186	0.0001	2.565378	0.4483299340131974,0.536281623675265,0.015223035392921415,0.00016540691861627674
204	2208883429	5000.0	0.001	0.00186	0.0001	0.489128	0.559730973805239,0.4135850829834033,0.025234233153369326,0.0014449510097980403,4.759048190361927e-06
205	3325029094	5000.0	0.001	0.00186	0.0001	2.707398	0.40082943411317734,0.5176302339532094,0.0810249950009998,0.0005152969406118776,3.9992001599680065e-08
208	3450354414	5000.0	0.001	0.00186	0.0001	4.117316	0.1481747650469906,0.540996800639872,0.2886533893221356,0.021479264147170565,0.000695500899820036,2.7994401119776043e-07
207	3418303212	5000.0	0.001	0.00186	0.0001	1.846181	0.7000714657068586,0.2965889622075585,0.0033391721655668866,3.9992001599680065e-07
209	2499599086	5000.0	0.001	0.00186	0.0001	2.255268	0.6589427314537093,0.3308396720655869,0.010187362527494501,3.023395320935813e-05
206	2265332454	5000.0	0.001	0.00186	0.0001	2.946007	0.0996753049390122,0.7797275344931014,0.11156800639872026,0.008635512897420516,0.00039364127174565085
212	3307055870	5000.0	0.001	0.00186	0.0001	1.949406	0.5210359928014398,0.4621127774445111,0.015935772845430914,0.000915376924615077,7.998400319936013e-08
210	713646831	5000.0	0.001	0.00186	0.0001	1.432536	0.3594780643871226,0.5283306138772246,0.10363971205758848,0.008447830433913218,0.00010377924415116976
211	4072831730	5000.0	0.001	0.00186	0.0001	1.338143	0.43493001399720055,0.5148735852829434,0.04376432713457309,0.0064253549290141975,6.71865626874625e-06
214	3094090504	5000.0	0.001	0.00186	0.0001	0.222035	0.4664375524895021,0.5103924415116977,0.023074385122975404,9.278144371125775e-05,2.8394321135772845e-06
217	2133035791	5000.0	0.001	0.00186	0.0001	2.554926	0.40860271945610876,0.5084825834833033,0.08237560487902419,0.0005390921815636873
216	589409039	5000.0	0.001	0.00186	0.0001	4.495544	0.2335873625274945,0.6566835032993401,0.09915172965406918,0.010544371125774846,3.3033393321335734e-05
215	505328395	5000.0	0.001	0.00186	0.0001	0.320498	0.5009063787242551,0.48491905618876224,0.014059508098380325,0.00011505698860227954
218	155433747	5000.0	0.001	0.00186	0.0001	2.807435	0.31807038592281545,0.6184139972005599,0.054019396120775845,0.009489542091581683,6.678664267146571e-06
213	3766823685	5000.0	0.001	0.00186	0.0001	4.284542	0.04514493101379724,0.25155260947810437,0.5959036592681464,0.09414357128574286,0.013244191161767647,1.1037792441511698e-05
219	2409769752	5000.0	0.001	0.00186	0.0001	1.256914	0.5326627874425115,0.4618412317536493,0.005479384123175365,1.6596680663867228e-05
220	3823823641	5000.0	0.001	0.00186	0.0001	1.418810	0.05079796040791842,0.7305042191561688,0.211749450109978,0.006945970805838832,2.399520095980804e-06
221	1398035234	5000.0	0.001	0.00186	0.0001	3.347347	0.04499556088782244,0.720743451309738,0.22819396120775845,0.005859708058388323,0.00020731853629274145
222	1852646187	5000.0	0.001	0.00186	0.0001	0.185486	0.9459981603679264,0.053648030393921214,0.00035380923815236953
224	3288779565	5000.0	0.001	0.00186	0.0001	3.088045	0.5852199960007999,0.38826986602679464,0.02610853829234153,0.0003985202959408118,3.079384123175365e-06
223	2962574123	5000.0	0.001	0.00186	0.0001	2.237950	0.5125449310137973,0.458224075184963,0.028468226354729054,0.0007610477904419116,1.7196560687862428e-06
225	4169110324	5000.0	0.001	0.00186	0.0001	2.414616	0.5110919016196761,0.4796867826434713,0.009214677064587083,6.63867226554689e-06
228	1476586299	5000.0	0.001	0.00186	0.0001	3.069056	0.1125361327734453,0.17751977604479105,0.5233508898220356,0.18024011197760448,0.0062409518096380725,0.00011025794841031793,1.879624075184963e-06
229	599896896	5000.0	0.001	0.00186	0.0001	5.541321	0.07741803639272146,0.4182769846030794,0.46114069186162765,0.04139340131973605,0.0017692861427714456,1.5996800639872026e-06
226	494021428	5000.0	0.001	0.00186	0.0001	8.444966	0.07281631673665268,0.36975736852629476,0.33702767446510695,0.203275224955009,0.016588442311537693,0.0005341731653669266,7.998400319936013e-07
227	341295928	5000.0	0.001	0.00186	0.0001	7.616641	0.03368230353929214,0.46888130373925213,0.4846623475304939,0.012749330133973205,2.471505698860228e-05
231	2389220173	5000.0	0.001	0.00186	0.0001	1.363301	0.865230473905219,0.05680327934413117,0.07541803639272146,0.002547730453909218,4.799040191961608e-07
233	159841127	5000.0	0.001	0.00186	0.0001	0.091555	0.9597475704859029,0.0382495100979804,0.0019946810637872427,8.238352329534093e-06
230	2485949251	5000.0	0.001	0.00186	0.0001	-0.056516	0.9459074985003,0.05274501099780044,0.001346370725854829,1.1197760447910417e-06
232	1563509605	5000.0	0.001	0.00186	0.0001	-0.090405	0.9464624675064987,0.05338024395120976,0.000157248550289942,3.9992001599680065e-08
235	3721067371	5000.0	0.001	0.00186	0.0001	1.661762	0.7265780443911217,0.2569898020395921,0.016393081383723255,3.9072185562887425e-05
236	2198180728	5000.0	0.001	0.00186	0.0001	4.683739	0.05690729854029194,0.4177083383323335,0.3772746650669866,0.10746354729054189,0.03773225354929014,0.002843511297740452,7.038592281543691e-05
234	1323944809	5000.0	0.001	0.00186	0.0001	2.389635	0.5322007198560288,0.4541861627674465,0.01340495900819836,0.00020811837632473505,3.9992001599680065e-08
237	1835023229	5000.0	0.001	0.00186	0.0001	3.160391	0.7086029194161167,0.2836593481303739,0.007565926814637073,0.00017176564687062588,3.9992001599680065e-08
238	2219862910	5000.0	0.001	0.00186	0.0001	2.420061	0.49410769846030794,0.4924485102979404,0.013166446710657868,0.00027726454709058187,7.998400319936013e-08
239	3493886847	5000.0	0.001	0.00186	0.0001	3.056221	0.6722451109778045,0.2899634073185363,0.03606114777044591,0.0017290541891621675,1.279744051189762e-06
241	761652107	5000.0	0.001	0.00186	0.0001	0.021341	0.9819030593881224,0.017150689862027595,0.0009461707658468306,7.998400319936013e-08
240	2189923207	5000.0	0.001	0.00186	0.0001	5.592379	0.2186125974805039,0.6769770445910818,0.10238220355928815,0.0020224355128974207,5.718856228754249e-06
242	3550784412	5000.0	0.001	0.00186	0.0001	5.510245	0.07300487902419515,0.23718864227154568,0.3857244151169766,0.2879378524295141,0.01606130773845231,8.290341931613677e-05
244	3164396461	5000.0	0.001	0.00186	0.0001	-0.229782	0.9401332133573286,0.05900943811237752,0.0008573085382923416,3.9992001599680065e-08
243	742605735	5000.0	0.001	0.00186	0.0001	5.592953	0.27935936812637474,0.5598293941211757,0.15808470305938813,0.0027228554289142172,3.679264147170566e-06
245	1120809902	5000.0	0.001	0.00186	0.0001	3.181199	0.2950295140971806,0.6150211557688462,0.08889734053189362,0.0010504299140171966,1.5596880623875224e-06
247	1561867192	5000.0	0.001	0.00186	0.0001	1.289024	0.5905544891021796,0.39924247150569886,0.010131013797240553,7.20255948810238e-05
246	3558415287	5000.0	0.001	0.00186	0.0001	3.513642	0.25405942811437715,0.6705355728854229,0.07408842231553689,0.0013163367326534693,2.399520095980804e-07
249	1189256122	5000.0	0.001	0.00186	0.0001	5.085672	0.04200511897620476,0.2641284143171366,0.6429664467106578,0.05071665666866627,0.00018332333533293342,3.9992001599680065e-08
248	2977403833	5000.0	0.001	0.00186	0.0001	4.373259	0.0820377124575085,0.6683711657668466,0.21983171365726856,0.029237992401519697,0.00052125574885023,1.5996800639872026e-07
251	3177161664	5000.0	0.001	0.00186	0.0001	1.804572	0.6728086782643471,0.29618268346330734,0.03090113977204559,0.00010749850029994
250	3340239806	5000.0	0.001	0.00186	0.0001	2.657731	0.06312773445310937,0.7909550089982004,0.14376532693461308,0.0021304539092181565,2.1475704859028193e-05
257	565924841	5000.0	0.001	0.00186	0.0001	0.559394	0.7205277344531094,0.24411717656468707,0.03508234353129374,0.0002717856428714257,9.598080383923216e-07
255	3281210330	5000.0	0.001	0.00186	0.0001	-0.886759	0.02472737452509498,0.7765268546290742,0.1928259948010398,0.005917016596680664,2.7594481103779245e-06
253	2263952329	5000.0	0.001	0.00186	0.0001	2.787527	0.6863172965406918,0.3091920815836833,0.004490341931613677,2.7994401119776043e-07
252	2979820482	5000.0	0.001	0.00186	0.0001	-1.253520	0.6805314937012598,0.3141481303739252,0.005286862627474505,3.351329734053189e-05
256	3049786342	5000.0	0.001	0.00186	0.0001	0.145613	0.7599361727654469,0.23633269346130772,0.003724775044991002,6.35872825434913e-06
254	1292434377	5000.0	0.001	0.00186	0.0001	2.734086	0.36507662467506496,0.6023138172365526,0.03204507098580284,0.0005643671265746851,1.199760047990402e-07
258	1724865526	5000.0	0.001	0.00186	0.0001	2.074042	0.4886027594481104,0.49201919616076784,0.017690461907618478,0.0016875024995001,7.998400319936013e-08
259	2000065527	5000.0	0.001	0.00186	0.0001	4.797818	0.06602271545690862,0.3090267546490702,0.5058534293141371,0.1145874825034993,0.004508138372325535,1.4797040591881624e-06
260	2016861176	5000.0	0.001	0.00186	0.0001	0.081644	0.9422083583283344,0.05719200159968006,0.0005995600879824035,7.998400319936013e-08
261	3614372866	5000.0	0.001	0.00186	0.0001	3.172865	0.0797757648470306,0.3079613277344531,0.5628861427714457,0.04826782643471306,0.0011038992201559687,5.038992201559688e-06
262	2277907465	5000.0	0.001	0.00186	0.0001	3.143394	0.33573113377324537,0.6393410117976405,0.019524695060987803,0.005399280143971206,3.879224155168966e-06
263	3120139275	5000.0	0.001	0.00186	0.0001	0.143063	0.9544809438112377,0.045302219556088784,0.0002168366326734653
265	3581453326	5000.0	0.001	0.00186	0.0001	3.212376	0.06348358328334333,0.13319584083183364,0.6095572085582883,0.1846013597280544,0.00915764847030594,4.359128174365127e-06
264	1976521739	5000.0	0.001	0.00186	0.0001	3.442394	0.31549422115576886,0.5971209358128374,0.07901715656868626,0.008261747650469905,0.00010593881223755249
270	3420660767	5000.0	0.001	0.00186	0.0001	2.258621	0.6222558688262347,0.3631604879024195,0.014300179964007198,0.0002834633073385323
268	1757242392	5000.0	0.001	0.00186	0.0001	0.092021	0.892179324135173,0.10201971605678864,0.005761127774445111,3.983203359328134e-05
269	1461842968	5000.0	0.001	0.00186	0.0001	2.484047	0.4328907018596281,0.5230769046190762,0.041414197160567885,0.0025915616876624674,2.6634673065386922e-05
266	2014336016	5000.0	0.001	0.00186	0.0001	0.166502	0.7184176364727055,0.27035840831833635,0.011202879424115178,2.1075784843031393e-05
272	2715919397	5000.0	0.001	0.00186	0.0001	3.815207	0.1898869026194761,0.7492362327534493,0.059419556088782244,0.0014553489302139573,1.959608078384323e-06
271	3823256609	5000.0	0.001	0.00186	0.0001	2.217842	0.4558979404119176,0.5227383323335333,0.02115876824635073,0.00020495900819836034
267	426603539	5000.0	0.001	0.00186	0.0001	5.112848	0.18596736652669466,0.5192207158568286,0.2635960407918416,0.030954449110177966,0.0002614277144571086
273	3102528552	5000.0	0.001	0.00186	0.0001	1.768657	0.09481707658468307,0.7821974405118977,0.12070505898820236,0.002280263947210558,1.5996800639872026e-07
274	745309227	5000.0	0.001	0.00186	0.0001	2.208982	0.21539332133573286,0.6252625074985003,0.14621087782443512,0.013122095580883824,1.1197760447910418e-05
275	109597748	5000.0	0.001	0.00186	0.0001	0.004054	0.027614597080583884,0.9098540291941611,0.06168102379524095,0.0008492301539692062,1.1197760447910417e-06
277	2422971454	5000.0	0.001	0.00186	0.0001	2.308286	0.48467930413917215,0.4851466906618676,0.030005598880223954,0.00016800639872025595,3.9992001599680065e-07
276	2741187640	5000.0	0.001	0.00186	0.0001	0.986417	0.8691617676464707,0.1294266346730654,0.001411397720455909,1.9996000799840033e-07
278	269849665	5000.0	0.001	0.00186	0.0001	3.497969	0.2915364527094581,0.6863863627274545,0.019678184363127373,0.0023926014797040593,6.3987202559488104e-06
279	3895116867	5000.0	0.001	0.00186	0.0001	0.030752	0.8367464907018596,0.12308918216356729,0.039909658068386325,0.0002546690661867626
280	2298594375	5000.0	0.001	0.00186	0.0001	-0.044072	0.006052109578084383,0.9391914017196561,0.051650149970006,0.003076504699060188,2.9834033193361328e-05
281	2398055504	5000.0	0.001	0.00186	0.0001	2.044215	0.516739652069586,0.45744127174565086,0.025766886622675466,5.2189562087582484e-05
282	2540348507	5000.0	0.001	0.00186	0.0001	1.096081	0.31955720855828834,0.6054223155368926,0.07410385922815436,0.00091625674865027,3.5992801439712056e-07
284	2162762858	5000.0	0.001	0.00186	0.0001	2.774068	0.7127207758448311,0.2840265946810638,0.003246870625874825,5.758848230353929e-06
285	4241708148	5000.0	0.001	0.00186	0.0001	-0.405404	0.01255368926214757,0.5848201559688062,0.38096988602279547,0.021497620475904818,0.00015852829434113177,1.199760047990402e-07
283	2900898917	5000.0	0.001	0.00186	0.0001	4.335895	0.2096485102979404,0.6122907418516297,0.17701663667266546,0.0010440311937612477,7.998400319936013e-08
287	3490849937	5000.0	0.001	0.00186	0.0001	0.469897	0.39551641671665666,0.5784215956808638,0.02497224555088982,0.0010896220755848831,1.199760047990402e-07
288	3968263317	5000.0	0.001	0.00186	0.0001	0.377721	0.8864279144171165,0.11099892021595681,0.0025670865826834632,6.07878424315137e-06
289	2437790872	5000.0	0.001	0.00186	0.0001	3.967151	0.218400799840032,0.5889305338932214,0.17104827034593081,0.020687222555488903,0.0009331333733253349,3.9992001599680065e-08
292	4040467624	5000.0	0.001	0.00186	0.0001	2.710251	0.13086070785842832,0.5527518096380724,0.2919368526294741,0.024352809438112376,9.782043591281743e-05
286	1376666752	5000.0	0.001	0.00186	0.0001	0.747690	0.8360430313937213,0.15726134773045392,0.006693221355728854,2.399520095980804e-06
291	2785756327	5000.0	0.001	0.00186	0.0001	1.855002	0.4744369126174765,0.5074725054989002,0.018072345530893822,1.823635272945411e-05
293	938849460	5000.0	0.001	0.00186	0.0001	8.153883	0.11691985602879425,0.6501959208158369,0.2236269546090782,0.009244831033793241,1.24375124975005e-05
290	3382512795	5000.0	0.001	0.00186	0.0001	5.440761	0.15861995600879825,0.4228967406518696,0.35900647870425917,0.05647082583483303,0.003004479104179164,1.5196960607878424e-06
294	3341589689	5000.0	0.001	0.00186	0.0001	0.731682	0.7365255348930214,0.2577126974605079,0.0057375324935013,2.4235152969406118e-05
295	2374075577	5000.0	0.001	0.00186	0.0001	2.636940	0.2923546890621876,0.6548275944811037,0.052483663267346534,0.0003340131973605279,3.9992001599680065e-08
296	1988494524	5000.0	0.001	0.00186	0.0001	3.686050	0.1227240951809638,0.08746998600279944,0.5487678464307139,0.23778208358328334,0.0032551889622075584,7.998400319936013e-07
297	531150015	5000.0	0.001	0.00186	0.0001	3.068199	0.21523155368926214,0.6069881623675265,0.1713383323335333,0.0064395920815836834,2.359528094381124e-06
298	4061621439	5000.0	0.001	0.00186	0.0001	8.161204	0.04844287142571486,0.4390036392721456,0.4261332133573285,0.08542395520895821,0.0009957208558288343,5.99880023995201e-07
299	985322700	5000.0	0.001	0.00186	0.0001	3.982462	0.2342986602679464,0.6691174165166967,0.09573045390921815,0.000845870825834833,7.5984803039392126e-06
300	1869669582	5000.0	0.001	0.00186	0.0001	1.191541	0.5546869426114777,0.38765710857828434,0.047320295940811836,0.010311737652469507,2.3915216956608678e-05
301	270644431	5000.0	0.001	0.00186	0.0001	0.473425	0.7703043391321736,0.20378440311937612,0.025823275344931014,8.798240351929614e-05
303	2883540177	5000.0	0.001	0.00186	0.0001	3.953973	0.44242719456108776,0.4689752449510098,0.08658240351929614,0.0017430513897220556,0.0002720655868826235,3.9992001599680065e-08
302	205487311	5000.0	0.001	0.00186	0.0001	2.693686	0.4038197160567886,0.40627718456308737,0.181899300139972,0.007945290941811638,5.8508298340331934e-05
305	453612757	5000.0	0.001	0.00186	0.0001	2.333031	0.260648150369926,0.675674625074985,0.06224035192961408,0.001436752649470106,1.199760047990402e-07
304	3065928915	5000.0	0.001	0.00186	0.0001	2.060816	0.7139864427114577,0.2814735052989402,0.004538132373525295,1.919616076784643e-06
308	450993374	5000.0	0.001	0.00186	0.0001	2.259468	0.4942468706258748,0.4647957208558288,0.039682903419316136,0.0012738252349530094,6.798640271945611e-07
307	2178514141	5000.0	0.001	0.00186	0.0001	6.866635	0.12695276944611078,0.6798632673465307,0.1881404519096181,0.004922095580883823,0.00012141571685662868
310	602508521	5000.0	0.001	0.00186	0.0001	3.378469	0.3234857828434313,0.5551496900619876,0.11964775044991002,0.0017145370925814836,2.2395520895820834e-06
309	3301377245	5000.0	0.001	0.00186	0.0001	4.020767	0.10044563087382523,0.7304815836832633,0.15146974605078983,0.0175752049590082,2.7834433113377324e-05
306	3044279510	5000.0	0.001	0.00186	0.0001	2.698368	0.4266976204759048,0.5211607278544291,0.05143619276144771,0.0007052989402119576,1.5996800639872026e-07
313	2220731635	5000.0	0.001	0.00186	0.0001	-0.558656	0.8947262947410518,0.10279420115976805,0.00247626474705059,3.239352129574085e-06
312	3849157873	5000.0	0.001	0.00186	0.0001	2.844501	0.08739252149570086,0.7582281143771246,0.15063031393721255,0.0037426914617076585,6.35872825434913e-06
314	148565238	5000.0	0.001	0.00186	0.0001	2.431184	0.5350439912017596,0.4532757848430314,0.011286782643471306,0.00038564287142571485,7.798440311937612e-06
311	50259178	5000.0	0.001	0.00186	0.0001	4.652654	0.2227606878624275,0.21728522295540892,0.33292797440511895,0.2162122775444911,0.010803079384123176,1.0757848430313937e-05
315	2597670136	5000.0	0.001	0.00186	0.0001	4.127767	0.21840951809638073,0.51169850029994,0.246800199960008,0.023050469906018795,4.131173765246951e-05
316	1605461241	5000.0	0.001	0.00186	0.0001	6.209384	0.06078472305538892,0.25949262147570484,0.3575625274945011,0.25742739452109575,0.06441487702459509,0.0003135772845430914,4.2791441711657665e-06
317	2901867770	5000.0	0.001	0.00186	0.0001	3.470137	0.23272029594081184,0.5805906018796241,0.18078644271145772,0.005899740051989602,2.9194161167766445e-06
318	1040395514	5000.0	0.001	0.00186	0.0001	2.576932	0.05664379124175165,0.682927774445111,0.219876424715057,0.0403375724855029,0.0002144371125774845
319	1778527488	5000.0	0.001	0.00186	0.0001	2.246165	0.5090492701459708,0.4611732453509298,0.02847734453109378,0.001299740051989602,3.9992001599680065e-07
320	397505793	5000.0	0.001	0.00186	0.0001	5.130510	0.033788042391521694,0.35745550889822036,0.5038320735852829,0.10350669866026795,0.0014172765446910619,3.9992001599680065e-07
321	1905456387	5000.0	0.001	0.00186	0.0001	1.876256	0.0034564687062587484,0.7145228154369127,0.26381763647270545,0.01801115776844631,0.00019192161567686461
324	1489759506	5000.0	0.001	0.00186	0.0001	5.094709	0.5473417716456709,0.4292705458908218,0.023009598080383924,0.00037804439112177566,3.9992001599680065e-08
322	669752582	5000.0	0.001	0.00186	0.0001	2.965989	0.0054678264347130575,0.40064327134573086,0.5558767046590681,0.03793377324535093,7.842431513697261e-05
323	1791778062	5000.0	0.001	0.00186	0.0001	8.304955	0.027821755648870225,0.18829406118776246,0.34126018796240754,0.3437966406718656,0.09035996800639871,0.008309538092381524,0.00015540891821635674,2.439512097580484e-06
325	2613869843	5000.0	0.001	0.00186	0.0001	0.979711	0.5584355928814237,0.41456976604679063,0.02664363127374525,0.00034997000599880026,1.0397920415916818e-06
326	2450320669	5000.0	0.001	0.00186	0.0001	0.570354	0.8560780243951209,0.1408876224755049,0.0029206558688262348,0.00011369726054789042
330	1590670665	5000.0	0.001	0.00186	0.0001	-0.252928	0.7836741851629674,0.1884881023795241,0.024561487702459507,0.0032758248350329934,3.9992001599680065e-07
327	510391589	5000.0	0.001	0.00186	0.0001	0.537363	0.44886554689062186,0.502495300939812,0.0485123375324935,0.0001268146370725855
329	3965580593	5000.0	0.001	0.00186	0.0001	0.262796	0.825306898620276,0.15663235352929414,0.01796120775844831,9.954009198160368e-05
332	2239290701	5000.0	0.001	0.00186	0.0001	3.869199	0.10749066186762647,0.490095100979804,0.24678448310337933,0.14217056588682264,0.013360527894421116,9.866026794641071e-05
333	973471058	5000.0	0.001	0.00186	0.0001	3.697716	0.2624374325134973,0.6564885422915417,0.0804374325134973,0.0006361927614477105,3.9992001599680065e-07
331	3675211084	5000.0	0.001	0.00186	0.0001	1.032588	0.6048369526094781,0.3750407918416317,0.02010861827634473,1.3637272545490901e-05
328	1816259889	5000.0	0.001	0.00186	0.0001	4.170145	0.4858144771045791,0.3952920215956809,0.10412897420515897,0.014698900219956009,6.562687462507499e-05
334	395672917	5000.0	0.001	0.00186	0.0001	4.319506	0.1588766646670666,0.42452897420515895,0.09522839432113578,0.21270629874025196,0.09937992401519696,0.009227874425114977,5.186962607478504e-05
336	927317338	5000.0	0.001	0.00186	0.0001	2.045591	0.08897760447910417,0.6106251949610078,0.2851906418716257,0.015197760447910418,8.798240351929614e-06
335	87952727	5000.0	0.001	0.00186	0.0001	0.762109	0.54350049990002,0.3921106578684263,0.05998264347130574,0.004405158968206359,1.0397920415916818e-06
337	3329535330	5000.0	0.001	0.00186	0.0001	4.377791	0.14984023195360927,0.46510889822035595,0.37815700859828033,0.006883223355328935,1.0637872425514897e-05
338	2704076130	5000.0	0.001	0.00186	0.0001	0.049639	0.9678081583683263,0.03182783443311338,0.0003638872225554889,1.199760047990402e-07
339	3342642542	5000.0	0.001	0.00186	0.0001	1.796413	0.42569354129174164,0.5571295340931813,0.01706474705058988,0.00011217756448710258
340	2781820276	5000.0	0.001	0.00186	0.0001	3.967718	0.2683292541491702,0.5053834033193362,0.2176389522095581,0.008596640671865627,5.1749650069986e-05
341	3799620995	5000.0	0.001	0.00186	0.0001	0.873752	0.8561872825434913,0.11035584883023396,0.03316636672665467,0.000290501899620076
342	2842213766	5000.0	0.001	0.00186	0.0001	0.928432	0.4833280943811238,0.47366462707458507,0.0361123375324935,0.006892301539692062,2.639472105578884e-06
345	2551502223	5000.0	0.001	0.00186	0.0001	0.894900	0.5985825234953009,0.37700515896820636,0.02434133173365327,7.098580283943211e-05
344	1432575373	5000.0	0.001	0.00186	0.0001	4.632753	0.16604635072985402,0.5890100379924015,0.23447854429114176,0.01044371125774845,2.1355728854229156e-05
346	1662840214	5000.0	0.001	0.00186	0.0001	4.371589	0.07760347930413918,0.3603903619276145,0.337897700459908,0.2158769046190762,0.008226794641071785,4.759048190361927e-06
348	1793775003	5000.0	0.001	0.00186	0.0001	3.101503	0.3452099980003999,0.6217541691661668,0.027092621475704858,0.005846750649870026,9.646070785842832e-05
347	159042970	5000.0	0.001	0.00186	0.0001	2.747864	0.5544981403719256,0.4329120575884823,0.012403439312137573,0.0001863627274545091
349	2184297884	5000.0	0.001	0.00186	0.0001	2.535136	0.4797796440711858,0.49563531293741253,0.024464187162567486,0.00012081583683263348,3.9992001599680065e-08
350	105192864	5000.0	0.001	0.00186	0.0001	4.270612	0.10281403719256149,0.4813585282943411,0.39988262347530495,0.015563847230553889,0.00038060387922415515,3.5992801439712056e-07
351	236828074	5000.0	0.001	0.00186	0.0001	3.687259	0.06380619876024796,0.1816738652269546,0.6689863227354529,0.0840745850829834,0.0014589482103579284,7.998400319936013e-08
353	3383655859	5000.0	0.001	0.00186	0.0001	1.275929	0.9149918016396721,0.0282251549690062,0.0515376124775045,0.005220195960807838,2.523495300939812e-05
343	2140093832	5000.0	0.001	0.00186	0.0001	1.768468	0.05669746050789842,0.5965120575884824,0.32748914217156566,0.018989322135572886,0.00031201759648070385
352	225201585	5000.0	0.001	0.00186	0.0001	2.970250	0.5804888222355529,0.3916655868826235,0.027062387522495502,0.0007832033593281344
354	720395702	5000.0	0.001	0.00186	0.0001	5.279619	0.1073501299740052,0.6588203959208159,0.22970893821235752,0.004115416916616677,5.118976204759048e-06
355	4269280697	5000.0	0.001	0.00186	0.0001	7.047646	0.03271385722855429,0.1817364527094581,0.5372639872025595,0.22853045390921817,0.0196500299940012,0.00010521895620875825
357	1722533310	5000.0	0.001	0.00186	0.0001	1.346909	0.5270669466106779,0.43338100379924016,0.03501971605678864,0.004407438512297541,0.00012489502099580083
356	2272177597	5000.0	0.001	0.00186	0.0001	1.944141	0.6204530293941212,0.33956512697460506,0.03322919416116776,0.006749850029994001,2.7994401119776045e-06
358	2327946690	5000.0	0.001	0.00186	0.0001	1.904306	0.7865570085982804,0.18965914817036592,0.023045630873825235,0.0007382123575284942
359	3838522829	5000.0	0.001	0.00186	0.0001	2.606140	0.346797200559888,0.5962121975604879,0.03518168366326735,0.02059880023995201,0.00120999800039992,1.199760047990402e-07
360	1694350799	5000.0	0.001	0.00186	0.0001	1.246656	0.6779166966606679,0.3107388522295541,0.010688902219556089,0.0006549090181963607,6.39872025594881e-07
363	4108451295	5000.0	0.001	0.00186	0.0001	2.992515	0.24552229554089183,0.6843242151569686,0.06204079184163167,0.007460627874425115,0.0006520295940811838,3.9992001599680065e-08
364	3463554533	5000.0	0.001	0.00186	0.0001	5.475216	0.09799524095180964,0.43510749850029995,0.26453021395720855,0.19241635672865426,0.009941731653669267,8.958208358328334e-06
367	1020167668	5000.0	0.001	0.00186	0.0001	2.406059	0.3660880223955209,0.5449866026794641,0.0874867426514697,0.0014171565686862627,2.1475704859028193e-05
362	3050573278	5000.0	0.001	0.00186	0.0001	5.220621	0.26496828634273145,0.5513955208958209,0.17720427914417117,0.006316136772645471,0.0001155368926214757,2.399520095980804e-07
366	2728791537	5000.0	0.001	0.00186	0.0001	2.849140	0.4764844231153769,0.47229502099580084,0.05036708658268346,0.0008526694661067786,7.998400319936013e-07
365	3267925483	5000.0	0.001	0.00186	0.0001	3.366823	0.1521468906218756,0.5155586082783443,0.3029509298140372,0.029188002399520095,0.00015556888622275544
361	3261210067	5000.0	0.001	0.00186	0.0001	2.503532	0.40123607278544293,0.566032273545291,0.03260591881623675,0.00012573485302939412
369	2283691525	5000.0	0.001	0.00186	0.0001	2.137903	0.6268661867626475,0.33123163367326536,0.04170521895620876,0.0001969606078784243
370	3399073288	5000.0	0.001	0.00186	0.0001	3.696542	0.26634285142971403,0.7115356928614277,0.02206870625874825,5.2749450109978e-05
368	2256283140	5000.0	0.001	0.00186	0.0001	2.754547	0.4634627474505099,0.4718259548090382,0.06347178564287143,0.0012393921215756848,1.199760047990402e-07
371	3623843337	5000.0	0.001	0.00186	0.0001	10.068763	0.006055788842231554,0.09326506698660268,0.4943236952609478,0.3306786642671466,0.07437788442311538,0.0012958208358328333,3.079384123175365e-06
374	3898242577	5000.0	0.001	0.00186	0.0001	2.410360	0.46636584683063387,0.5163786042791442,0.017225434913017396,3.0113977204559087e-05
373	1694359056	5000.0	0.001	0.00186	0.0001	1.399544	0.4219541291741652,0.5300647870425915,0.04718616276744651,0.0007947210557888423,1.9996000799840033e-07
372	1623111182	5000.0	0.001	0.00186	0.0001	3.061256	0.3113119776044791,0.6228201159768046,0.06511765646870626,0.0007466506698660268,3.599280143971206e-06
376	929998363	5000.0	0.001	0.00186	0.0001	2.648318	0.2206383123375325,0.753911697660468,0.02538228354329134,6.770645870825835e-05
377	1943836191	5000.0	0.001	0.00186	0.0001	0.888939	0.8144345530893822,0.17749054189162167,0.008069346130773845,5.558888222355529e-06
375	466382361	5000.0	0.001	0.00186	0.0001	0.652852	0.0031495300939812037,0.5072052389522096,0.33703363327334535,0.14973145370925814,0.0028745850829834034,5.558888222355529e-06
378	1489071656	5000.0	0.001	0.00186	0.0001	1.347473	0.7060373525294941,0.2877276544691062,0.006186042791441712,4.89502099580084e-05
379	2661389865	5000.0	0.001	0.00186	0.0001	5.830076	0.16441867626474704,0.6567889222155568,0.17565770845830833,0.0031325734853029394,2.1195760847830435e-06
380	1936334378	5000.0	0.001	0.00186	0.0001	3.004521	0.23184635072985402,0.6933262547490502,0.07340327934413117,0.0014232753449310138,8.398320335932813e-07
381	4237753898	5000.0	0.001	0.00186	0.0001	1.103533	0.002688262347530494,0.0012036792641471705,0.7605532893421316,0.22792745450909818,0.0073273345330933815,0.0002999000199960008,7.998400319936013e-08
384	1419253318	5000.0	0.001	0.00186	0.0001	5.230924	0.2772004799040192,0.6401039392121576,0.07655484903019397,0.006033993201359728,0.0001067386522695461
383	4064001596	5000.0	0.001	0.00186	0.0001	3.995794	0.30783379324135174,0.65099300139972,0.039758608278344335,0.0014099580083983202,4.639072185562888e-06
382	3023042102	5000.0	0.001	0.00186	0.0001	1.840800	0.06292881423715257,0.5980096380723855,0.31392005598880224,0.024670945810837834,0.0004703859228154369,1.5996800639872026e-07
385	2192109127	5000.0	0.001	0.00186	0.0001	1.434489	0.6741496900619875,0.29863355328934216,0.023926414717056588,0.0032900619876024793,2.7994401119776043e-07
387	2146377296	5000.0	0.001	0.00186	0.0001	0.489918	0.613512977404519,0.3807130973805239,0.005615996800639872,0.00015792841431713658
386	354416204	5000.0	0.001	0.00186	0.0001	0.561412	0.5820842631473705,0.4023957608478304,0.015492141571685663,2.7834433113377324e-05
388	3656367703	5000.0	0.001	0.00186	0.0001	3.971884	0.052480823835232955,0.47319452109578086,0.43277236552689463,0.04147206558688262,8.02239552089582e-05
389	3688150616	5000.0	0.001	0.00186	0.0001	4.492381	0.1673756848630274,0.6443831233753249,0.18130349930013998,0.006906378724255149,3.131373725254949e-05
394	500668037	5000.0	0.001	0.00186	0.0001	2.512123	0.3475221355728854,0.5674089582083583,0.07903311337732453,0.00603127374525095,4.519096180763847e-06
390	373171804	5000.0	0.001	0.00186	0.0001	0.373674	0.6421182563487302,0.3397171365726855,0.017976604679064187,0.00018800239952009598
393	2097954428	5000.0	0.001	0.00186	0.0001	3.642077	0.7200208358328334,0.2685276944611078,0.011399040191961607,5.238952209558088e-05,3.9992001599680065e-08
391	2020120174	5000.0	0.001	0.00186	0.0001	3.359846	0.1562378324335133,0.29932937412517496,0.16469370125974805,0.2858375124975005,0.09297068586282743,0.0009308538292341532,3.9992001599680065e-08
395	1166808710	5000.0	0.001	0.00186	0.0001	-0.061931	0.9559841631673666,0.04330457908418316,0.0007112577484503099
392	2618494576	5000.0	0.001	0.00186	0.0001	4.435624	0.14963967206558687,0.5375502899420116,0.28640823835232954,0.026343171365726854,5.8588282343531295e-05,3.9992001599680065e-08
396	563310216	5000.0	0.001	0.00186	0.0001	0.398243	0.355847950409918,0.5734767846430714,0.06824975004999,0.002417756448710258,7.758448310337932e-06
398	1797047953	5000.0	0.001	0.00186	0.0001	4.501841	0.15040863827234552,0.12071469706058788,0.4138517896420716,0.29127146570685863,0.023181163767246552,0.0005721655668866226,7.998400319936013e-08
397	921136783	5000.0	0.001	0.00186	0.0001	2.328282	0.5353889622075585,0.3882005598880224,0.07348166366726655,0.002917616476704659,1.1197760447910418e-05
399	1129162389	5000.0	0.001	0.00186	0.0001	4.110779	0.24859124175164968,0.5772681863627275,0.16912073585282944,0.005016876624675065,2.959408118376325e-06
400	4189623960	5000.0	0.001	0.00186	0.0001	2.144535	0.610206198760248,0.3593452909418116,0.029298260347930413,0.0011500499900019996,1.9996000799840033e-07
401	96689816	5000.0	0.001	0.00186	0.0001	1.437982	0.009588242351529695,0.5093826834633073,0.3943873625274945,0.0845868426314737,0.0020535492901419716,1.319736052789442e-06
404	1845382826	5000.0	0.001	0.00186	0.0001	-0.455666	0.004399000199960008,0.7726504699060188,0.21702147570485902,0.005925454909018197,3.599280143971206e-06
402	1957566105	5000.0	0.001	0.00186	0.0001	2.646312	0.32236536692661466,0.6485536492701459,0.028899540091981604,0.00018140371925614876,3.9992001599680065e-08
405	3380080299	5000.0	0.001	0.00186	0.0001	6.087824	0.10139752049590083,0.45584859028194363,0.33625910817836435,0.10307982403519296,0.003410517896420716,4.439112177564487e-06
403	1811689116	5000.0	0.001	0.00186	0.0001	2.939604	0.41036016796640673,0.49193041391721654,0.09506754649070186,0.0026413917216556687,4.799040191961608e-07
407	1636738733	5000.0	0.001	0.00186	0.0001	2.783234	0.3897948810237952,0.5662881823635273,0.04384639072185563,7.054589082183563e-05
406	165504685	5000.0	0.001	0.00186	0.0001	0.558933	0.32675496900619877,0.6551347730453909,0.018087742451509698,2.2515496900619877e-05
409	2036797104	5000.0	0.001	0.00186	0.0001	0.053757	0.012937932413517296,0.9188106778644272,0.06558372325534893,0.00266622675464907,1.4397120575884822e-06
410	250105531	5000.0	0.001	0.00186	0.0001	1.939586	0.7085268546290742,0.2790018396320736,0.01241371725654869,5.7588482303539295e-05
413	2201077441	5000.0	0.001	0.00186	0.0001	2.689157	0.5466471105778844,0.43796440711857626,0.013348210357928414,0.002039112177564487,1.159768046390722e-06
408	999126703	5000.0	0.001	0.00186	0.0001	0.668318	0.8653802839432113,0.13154649070185964,0.003072865426914617,3.5992801439712056e-07
411	2812997310	5000.0	0.001	0.00186	0.0001	5.842218	0.08847246550689862,0.723532373525295,0.1855018196360728,0.0016069586082783443,0.0008861027794441112,2.7994401119776043e-07
412	3433932480	5000.0	0.001	0.00186	0.0001	2.234558	0.5036217956408718,0.48441495700859827,0.011950209958008398,1.3037392521495702e-05
415	920786639	5000.0	0.001	0.00186	0.0001	4.314153	0.10120275944811037,0.5150149970005998,0.3593389322135573,0.024394561087782443,4.8750249950009996e-05
414	1934284480	5000.0	0.001	0.00186	0.0001	8.177733	0.06173497300539892,0.5371380923815237,0.35511925614877027,0.0455004599080184,0.0005071385722855429,7.998400319936013e-08
416	1058277074	5000.0	0.001	0.00186	0.0001	1.992138	0.38010893821235753,0.5813980403919217,0.03834701059788043,0.00014601079784043192
418	667692770	5000.0	0.001	0.00186	0.0001	6.875816	0.04468182363527295,0.2842497100579884,0.5177125374925015,0.15114249150169967,0.0022057188562287543,7.718456308738253e-06
417	1524215513	5000.0	0.001	0.00186	0.0001	4.195935	0.2631094581083783,0.68359300139972,0.052526134773045394,0.0007713657268546291,3.9992001599680065e-08
419	390635245	5000.0	0.001	0.00186	0.0001	4.083326	0.23952597480503898,0.6619818436312738,0.0978117976404719,0.0006802239552089582,1.5996800639872026e-07
420	780982007	5000.0	0.001	0.00186	0.0001	2.606469	0.3669145770845831,0.6054234353129374,0.02746014797040592,0.00020183963207358527
421	4029599483	5000.0	0.001	0.00186	0.0001	0.818131	0.8471798840231953,0.14801935612877423,0.004785242951409718,1.5436912617476506e-05,7.998400319936013e-08
422	213247746	5000.0	0.001	0.00186	0.0001	1.231676	0.0750616276744651,0.6343252949410118,0.2871119776044791,0.003498380323935213,2.7194561087782445e-06
423	467326723	5000.0	0.001	0.00186	0.0001	1.418587	0.47664135172965405,0.5006713857228554,0.022494341131773645,0.00019288142371525694,3.9992001599680065e-08
424	3098967813	5000.0	0.001	0.00186	0.0001	2.384665	0.46280775844831035,0.507674225154969,0.02938856228754249,0.00012945410917816438
426	4012865298	5000.0	0.001	0.00186	0.0001	3.909905	0.10995796840631873,0.7442882623475305,0.13840639872025595,0.0073168566286742655,3.0513897220555888e-05
425	916811526	5000.0	0.001	0.00186	0.0001	2.714463	0.001100899820035993,0.05731913617276545,0.5088969406118776,0.3413144171165767,0.08877128574285142,0.0025956808638272345,1.6396720655868826e-06
429	2557624085	5000.0	0.001	0.00186	0.0001	4.194074	0.15458196360727855,0.4756078784243151,0.3444673065386923,0.025283623275344932,5.9228154369126175e-05
434	1319454489	5000.0	0.001	0.00186	0.0001	-0.247137	0.9390881423715257,0.030855588882223554,0.029623315336932615,0.0004329134173165367,3.9992001599680065e-08
427	4046622483	5000.0	0.001	0.00186	0.0001	5.210468	0.09037948410317936,0.3451909618076385,0.45456740651869626,0.08675284943011398,0.02304363127374525,6.566686662667467e-05
428	1402076948	5000.0	0.001	0.00186	0.0001	-0.249169	0.8667171365726855,0.13229442111577686,0.0009808438312337532,7.5984803039392126e-06
430	3488823061	5000.0	0.001	0.00186	0.0001	0.913997	0.6501880023995201,0.33025878824235155,0.0186747850429914,0.0008781443711257748,2.7994401119776043e-07
432	3853625113	5000.0	0.001	0.00186	0.0001	0.283496	0.44900487902419517,0.5084023195360928,0.04097016596680664,0.001616996600679864,5.6388722255548894e-06
431	2278692628	5000.0	0.001	0.00186	0.0001	2.483577	0.5780813837232553,0.4081186162767447,0.01379004199160168,9.958008398320336e-06
433	3367794457	5000.0	0.001	0.00186	0.0001	-0.185287	0.8154130373925215,0.1678277544491102,0.016749290141971605,9.918016396720655e-06
435	2089121567	5000.0	0.001	0.00186	0.0001	4.305645	0.18525530893821235,0.46179124175164965,0.28776676664667067,0.06305642871425715,0.002129254149170166,9.998000399920016e-07
436	409863969	5000.0	0.001	0.00186	0.0001	2.109372	0.4951998400319936,0.48289418116376726,0.021879384123175364,2.6594681063787242e-05
438	3170826024	5000.0	0.001	0.00186	0.0001	3.952399	0.11379828034393122,0.7543428914217156,0.12670429914017198,0.0011333333333333334,0.004019356128774246,1.839632073585283e-06
437	3505391393	5000.0	0.001	0.00186	0.0001	2.262611	0.14715272945410918,0.808497300539892,0.04411489702059588,0.0002350729854029194
439	801074986	5000.0	0.001	0.00186	0.0001	1.165451	0.7581123775244951,0.1480868226354729,0.09339536092781443,0.0004054389122175565
441	2540570421	5000.0	0.001	0.00186	0.0001	1.318629	0.5707145770845831,0.4143170965806839,0.014683343331333733,0.0002847830433913217,1.9996000799840033e-07
440	1208549173	5000.0	0.001	0.00186	0.0001	0.746923	0.757477024595081,0.21641859628074386,0.02601711657668466,8.718256348730253e-05,7.998400319936013e-08
446	1859749699	5000.0	0.001	0.00186	0.0001	2.711776	0.7014651869626075,0.2920638672265547,0.006469666066786643,1.279744051189762e-06
444	2327269184	5000.0	0.001	0.00186	0.0001	0.351823	0.3629145770845831,0.5991625674865027,0.026397040591881624,0.009304579084183164,0.002221155768846231,7.998400319936013e-08
443	2645126972	5000.0	0.001	0.00186	0.0001	0.894668	0.046560647870425916,0.541481223755249,0.4023333733253349,0.009621355728854229,3.3993201359728056e-06
445	1579294529	5000.0	0.001	0.00186	0.0001	2.953734	0.3485613277344531,0.43604583083383325,0.2137614477104579,0.0016257148570285943,5.678864227154569e-06
442	1907511098	5000.0	0.001	0.00186	0.0001	2.818409	0.4332863827234553,0.5427321335732853,0.02385502899420116,0.00012645470905818835
455	2265954144	5000.0	0.001	0.00186	0.0001	2.139001	0.5714529494101179,0.40883251349730054,0.019619876024795042,9.466106778644271e-05
447	2094282565	5000.0	0.001	0.00186	0.0001	2.229616	0.5870100779844031,0.4084775444911018,0.004367126574685063,0.00014517096580683863,7.998400319936013e-08
448	1442754378	5000.0	0.001	0.00186	0.0001	1.584682	0.6127966406718657,0.35308978204359126,0.02679484103179364,0.007254149170165967,6.45870825834833e-05
452	2863787864	5000.0	0.001	0.00186	0.0001	0.152699	0.9044255148970206,0.09431433713257349,0.001259868026394721,2.7994401119776043e-07
450	2226157397	5000.0	0.001	0.00186	0.0001	2.127199	0.5187150569886023,0.32949470105978806,0.1497857228554289,0.0020033993201359727,1.1197760447910417e-06
449	2799781715	5000.0	0.001	0.00186	0.0001	1.212464	0.3987035392921416,0.4452539092181564,0.15120439912017597,0.004732413517296541,0.00010517896420715856,5.598880223955209e-07
454	4141844316	5000.0	0.001	0.00186	0.0001	2.326811	0.34883591281743653,0.5235237352529494,0.08903631273745251,0.03476052789442111,0.0038245550889822034,1.895620875824835e-05
453	1558212442	5000.0	0.001	0.00186	0.0001	5.527541	0.07742087582483503,0.666921975604879,0.2396486302739452,0.015970645870825834,3.787242551489702e-05
456	2559360866	5000.0	0.001	0.00186	0.0001	2.480356	0.4352147170565887,0.5455269346130773,0.01919128174365127,6.706658668266347e-05
451	886486869	5000.0	0.001	0.00186	0.0001	2.747146	0.7774247150569886,0.21076460707858427,0.011737052589482103,7.3625274945011e-05
457	2796679013	5000.0	0.001	0.00186	0.0001	3.568454	0.18459716056788641,0.7404462707458508,0.07455088982203559,0.0004056388722255549,3.9992001599680065e-08
458	1556150124	5000.0	0.001	0.00186	0.0001	-0.024344	0.9474138772245551,0.052314257148570284,0.0002717856428714257,7.998400319936013e-08
459	1154701165	5000.0	0.001	0.00186	0.0001	3.932428	0.3391692061587682,0.5920199160167966,0.06602747450509898,0.002286142771445711,0.0004970205958808239,2.399520095980804e-07
461	2746513269	5000.0	0.001	0.00186	0.0001	2.687229	0.6208790641871625,0.3590781843631274,0.019965086982603478,7.766446710657868e-05
463	1922281337	5000.0	0.001	0.00186	0.0001	0.976913	0.5561626874625075,0.4238691861627674,0.019691421715656868,0.0002767046590681864
460	580878192	5000.0	0.001	0.00186	0.0001	-0.430421	0.4440241951609678,0.5081835632873425,0.04679128174365127,0.001000639872025595,3.199360127974405e-07
462	1090994037	5000.0	0.001	0.00186	0.0001	1.886409	0.7134355128974205,0.2520371925614877,0.03442279544091182,0.000104499100179964
465	1850396544	5000.0	0.001	0.00186	0.0001	1.284959	0.5868107978404319,0.40424355128974204,0.008938932213557288,6.71865626874625e-06
464	338401151	5000.0	0.001	0.00186	0.0001	3.042391	0.05272265546890622,0.0006187162567486503,0.5191284143171365,0.3976894621075785,0.029453229354129175,0.0003875224955008998
466	2476230527	5000.0	0.001	0.00186	0.0001	4.290011	0.05926818636272745,0.3523750449910018,0.48148362327534494,0.10653465306938613,0.00033845230953809236,3.9992001599680065e-08
467	3184551824	5000.0	0.001	0.00186	0.0001	4.921482	0.05898368326334733,0.2925150169966007,0.5644593081383723,0.08350449910017996,0.0005367326534693062,7.598480303939212e-07
469	3304040344	5000.0	0.001	0.00186	0.0001	2.762678	0.4986468306338732,0.4683896020795841,0.032835992801439715,0.00012757448510297941
468	1229381522	5000.0	0.001	0.00186	0.0001	4.349206	0.405402399520096,0.5701344531093782,0.023630393921215756,0.000831753649270146,9.998000399920016e-07
470	362391458	5000.0	0.001	0.00186	0.0001	1.302017	0.7843548090381923,0.20781879624075186,0.007805518896220756,2.0875824835032994e-05
473	3957618604	5000.0	0.001	0.00186	0.0001	2.465004	0.5183848830233954,0.4171607678464307,0.06366834633073386,0.0007860027994401119
471	3324153764	5000.0	0.001	0.00186	0.0001	4.982796	0.13297128574285144,0.5627722455508898,0.28779800039992004,0.016409198160367927,4.927014597080584e-05
474	4222257070	5000.0	0.001	0.00186	0.0001	4.387082	0.06764095180963807,0.3613272945410918,0.4481413717256549,0.08420399920015997,0.03851745650869826,0.0001604879024195161,8.278344331133774e-06,1.5996800639872026e-07
475	3543484335	5000.0	0.001	0.00186	0.0001	2.106031	0.7285206158768246,0.13819220155968806,0.010588962207558488,0.1203004199160168,0.00239124175164967,6.55868826234753e-06
472	12926891	5000.0	0.001	0.00186	0.0001	1.505016	0.6758861427714458,0.3160660267946411,0.008016836632673465,3.099380123975205e-05
476	1451438001	5000.0	0.001	0.00186	0.0001	3.343753	0.26393033393321336,0.5878337532493502,0.14426850629874025,0.003956728654269146,1.0677864427114578e-05
477	270213043	5000.0	0.001	0.00186	0.0001	1.798403	0.7372826634673065,0.25743115376924613,0.005280143971205759,6.038792241551689e-06
478	164442036	5000.0	0.001	0.00186	0.0001	0.508824	0.8715457708458308,0.12569266146770647,0.0027604479104179165,1.1197760447910417e-06
480	1559222200	5000.0	0.001	0.00186	0.0001	4.216560	0.223499100179964,0.679699900019996,0.09397956408718257,0.0028195560887822437,1.879624075184963e-06
479	843399092	5000.0	0.001	0.00186	0.0001	0.532905	0.023507978404319136,8.210357928414317e-05,0.48669686062787443,0.43130629874025195,0.05782907418516297,0.0005776844631073785
481	4173744057	5000.0	0.001	0.00186	0.0001	1.604355	0.7026823435312938,0.2709395720855829,0.026329974005198962,4.8110377924415116e-05
483	1073520569	5000.0	0.001	0.00186	0.0001	1.377870	0.6226339932013597,0.36651933613277343,0.010807958408318337,3.8712257548490304e-05
482	964618170	5000.0	0.001	0.00186	0.0001	4.244131	0.0007176964607078585,0.12192081583683263,0.7643358528294341,0.10827026594681063,0.004678544291141772,7.68246350729854e-05
484	910741437	5000.0	0.001	0.00186	0.0001	2.927652	0.19532013597280543,0.7578008398320336,0.038760527894421117,0.008082143571285743,3.635272945410918e-05
485	1509605310	5000.0	0.001	0.00186	0.0001	3.858463	0.12650333933213356,0.5032107178564287,0.3519501699660068,0.018255348930213956,8.042391521695661e-05
486	1082974148	5000.0	0.001	0.00186	0.0001	2.515129	0.1737510097980404,0.7556678264347131,0.06727022595480904,0.003309378124375125,1.5596880623875224e-06
487	306022353	5000.0	0.001	0.00186	0.0001	-0.426328	0.11815408918216357,0.6437016596680664,0.21083375324935014,0.02615980803839232,0.0011506498700259947,3.9992001599680065e-08
490	1318445024	5000.0	0.001	0.00186	0.0001	2.279738	0.4102344331133773,0.560998800239952,0.026925854829034195,0.0018363927214557088,4.519096180763847e-06
488	1714597851	5000.0	0.001	0.00186	0.0001	-0.385852	0.6668974605078984,0.32606018796240754,0.006972205558888223,7.014597080583883e-05
492	1274021861	5000.0	0.001	0.00186	0.0001	2.274582	0.36902855428914216,0.5405219356128774,0.0855379324135173,0.004905858828234353,5.718856228754249e-06
489	1397938139	5000.0	0.001	0.00186	0.0001	3.839236	0.044864347130573884,0.698177124575085,0.24919688062387524,0.007728254349130174,3.315336932613477e-05,2.399520095980804e-07
493	3618988006	5000.0	0.001	0.00186	0.0001	5.356536	0.19488410317936414,0.6250437912417517,0.16560239952009598,0.013741931613677264,0.0007274145170965807,3.5992801439712056e-07
491	578453476	5000.0	0.001	0.00186	0.0001	2.568636	0.3612215956808638,0.617152049590082,0.021246790641871627,0.0003795640871825635
495	576200681	5000.0	0.001	0.00186	0.0001	4.147425	0.2512852229554089,0.6126977804439112,0.13467066586682663,0.0013458508298340333,4.799040191961608e-07
494	1175826407	5000.0	0.001	0.00186	0.0001	6.919260	0.04682619476104779,0.23610817836432713,0.45500863827234556,0.2515244551089782,0.010148250349930015,0.00038428314337132574
496	2200616938	5000.0	0.001	0.00186	0.0001	0.041214	0.0039978004399120175,0.93289550089982,0.0616875824835033,0.0014157168566286743,3.3993201359728056e-06
497	594354160	5000.0	0.001	0.00186	0.0001	0.409516	0.008821795640871826,0.5458653469306138,0.42564259148170364,0.019450869826034792,0.0002176364727054589,1.7596480703859228e-06
498	2845788151	5000.0	0.001	0.00186	0.0001	0.950132	0.7825177364527095,0.19058528294341132,0.026808278344331134,8.870225954809038e-05
499	4123277304	5000.0	0.001	0.00186	0.0001	1.287337	0.6276895420915817,0.3501420915816837,0.020790481903619276,0.0013778044391121777,7.998400319936013e-08
