sim_id	seed	popsize	selcoef	sigma	mutrate	velocity	profile
1	3501176839	5000.0	0.001	0.00012	0.0001	-0.072321	0.9320566286742652,0.055585202959408116,0.012047230553889222,0.0003109378124375125
14	3146119242	5000.0	0.001	0.00012	0.0001	0.233986	0.9362442311537692,0.06363215356928614,0.00012361527694461108
6	3910176815	5000.0	0.001	0.00012	0.0001	-0.387098	0.9231330933813238,0.07575344931013797,0.001112257548490302,1.199760047990402e-06
9	104527925	5000.0	0.001	0.00012	0.0001	0.509433	0.8272427914417116,0.1691018596280744,0.0036535492901419715,1.799640071985603e-06
10	2071472185	5000.0	0.001	0.00012	0.0001	0.349356	0.9332507898420316,0.06579820035992802,0.0009489702059588082,2.039592081583683e-06
2	2745843720	5000.0	0.001	0.00012	0.0001	-0.070927	0.9302094381123776,0.06854193161367726,0.0012482703459308138,3.5992801439712056e-07
16	3336149070	5000.0	0.001	0.00012	0.0001	0.039635	0.9584030793841232,0.041451029794041194,0.0001458908218356329
8	2425651251	5000.0	0.001	0.00012	0.0001	0.321485	0.8258470705858828,0.17100907818436312,0.0031404519096180764,3.3993201359728056e-06
13	1101187136	5000.0	0.001	0.00012	0.0001	0.026956	0.9721554889022196,0.025076304739052188,0.0027578884223155367,1.0317936412717456e-05
5	3160748074	5000.0	0.001	0.00012	0.0001	-0.344720	0.9381952809438112,0.052431593681263745,0.009103379324135174,0.000269746050789842
11	4244312125	5000.0	0.001	0.00012	0.0001	0.254640	0.9558468306338732,0.03522227554489102,0.00892633473305339,4.559088182363528e-06
17	3811801172	5000.0	0.001	0.00012	0.0001	0.045248	0.9444973405318936,0.051885902819436114,0.0035696060787842434,4.715056988602279e-05
0	53997574	5000.0	0.001	0.00012	0.0001	-0.051661	0.9656939012197561,0.03240491901619676,0.0019002999400119975,8.798240351929614e-07
15	3807993931	5000.0	0.001	0.00012	0.0001	-0.004542	0.9672797040591882,0.03215824835032993,0.0005620075984803039,3.9992001599680065e-08
3	4199872542	5000.0	0.001	0.00012	0.0001	0.197569	0.9374955408918216,0.060655868826234756,0.0018485902819436113
19	3340597339	5000.0	0.001	0.00012	0.0001	-0.084653	0.9439750449910018,0.05132161567686463,0.0045774845030993805,0.00012585482903419316
4	3605389350	5000.0	0.001	0.00012	0.0001	-0.145476	0.9390435912817436,0.05575236952609478,0.005202199560087982,1.839632073585283e-06
18	2080147542	5000.0	0.001	0.00012	0.0001	-0.045122	0.9407322935412917,0.055850349930014,0.003405278944211158,1.2077584483103379e-05
7	2810411059	5000.0	0.001	0.00012	0.0001	0.064289	0.9377954009198161,0.06181139772045591,0.000393121375724855,7.998400319936013e-08
12	3005855805	5000.0	0.001	0.00012	0.0001	0.087921	0.8882933813237353,0.10076384723055389,0.010903139372125574,3.9632073585282944e-05
20	2341339229	5000.0	0.001	0.00012	0.0001	0.184514	0.94830549890022,0.05049450109978004,0.0011991601679664067,8.398320335932813e-07
22	4002785382	5000.0	0.001	0.00012	0.0001	-0.078861	0.9357407718456309,0.06373869226154769,0.0005188962207558488,1.6396720655868826e-06
21	1894817887	5000.0	0.001	0.00012	0.0001	0.303336	0.8721641671665666,0.12103515296940612,0.0067604479104179166,4.0231953609278146e-05
25	4054231158	5000.0	0.001	0.00012	0.0001	-0.076834	0.9263738052389522,0.07205518896220756,0.0015708458308338333,1.5996800639872026e-07
23	1705592935	5000.0	0.001	0.00012	0.0001	-0.049648	0.9629308538292342,0.03597116576684663,0.0010978204359128173,1.5996800639872026e-07
24	3758205044	5000.0	0.001	0.00012	0.0001	-0.054927	0.8874965406918617,0.10635192961407719,0.00600623875224955,0.00014529094181163767
27	1299183739	5000.0	0.001	0.00012	0.0001	-0.305836	0.9360725854829034,0.05231729654069186,0.011493821235752849,0.00011629674065186963
33	3061971095	5000.0	0.001	0.00012	0.0001	0.094321	0.9269003399320136,0.07241011797640472,0.000689502099580084,3.9992001599680065e-08
32	3402096787	5000.0	0.001	0.00012	0.0001	-0.054789	0.9295806038792241,0.06937412517496501,0.0010381923615276946,7.0785842831433715e-06
31	201734285	5000.0	0.001	0.00012	0.0001	-0.563271	0.8628864227154569,0.1295873225354929,0.007503379324135173,2.2875424915016998e-05
30	2291699847	5000.0	0.001	0.00012	0.0001	-0.032583	0.9379493301339732,0.06158624275144971,0.0004644271145770846
26	3685222520	5000.0	0.001	0.00012	0.0001	0.057867	0.8755128974205159,0.11240527894421115,0.012067346530693862,1.4477104579084183e-05
37	3248148656	5000.0	0.001	0.00012	0.0001	-0.051446	0.9399861227754449,0.05649774045190962,0.0034839032193561287,3.223355328934213e-05
28	381259903	5000.0	0.001	0.00012	0.0001	-0.528004	0.8785423715256948,0.11212361527694462,0.009300099980003999,3.3913217356528696e-05
39	4198064309	5000.0	0.001	0.00012	0.0001	0.006722	0.9630128374325135,0.03662923415316936,0.00035788842231553687,3.9992001599680065e-08
29	237521023	5000.0	0.001	0.00012	0.0001	-0.035378	0.747110297940412,0.21616588682263546,0.036653189362127574,7.062587482503499e-05
34	1397942435	5000.0	0.001	0.00012	0.0001	0.194320	0.9494267946410718,0.04883903219356129,0.0015745650869826034,0.00015960807838432314
38	1852659893	5000.0	0.001	0.00012	0.0001	0.774294	0.8237380123975205,0.16098556288742252,0.015118976204759048,0.0001500899820035993,7.358528294341132e-06
35	872376484	5000.0	0.001	0.00012	0.0001	-0.034087	0.941104299140172,0.05788910217956409,0.001006118776244751,4.799040191961608e-07
36	1444229287	5000.0	0.001	0.00012	0.0001	-0.013063	0.9651880823835233,0.034345650869826036,0.00046626674665066985
40	2644209853	5000.0	0.001	0.00012	0.0001	0.119194	0.8947628474305139,0.10101983603279344,0.003393121375724855,0.000823995200959808,1.9996000799840033e-07
42	3393558731	5000.0	0.001	0.00012	0.0001	0.863669	0.7289714457108578,0.24270913817236553,0.015869106178764247,0.012231753649270146,0.00021851629674065186,3.9992001599680065e-08
41	1593129150	5000.0	0.001	0.00012	0.0001	-0.012445	0.9726667466506699,0.025550489902019597,0.0017816036792641472,1.159768046390722e-06
43	2464639185	5000.0	0.001	0.00012	0.0001	-0.206044	0.8623616076784643,0.1363514097180564,0.001286862627474505,1.199760047990402e-07
45	4065239253	5000.0	0.001	0.00012	0.0001	0.023341	0.9516235152969406,0.0481750849830034,0.0002013997200559888
44	2890082514	5000.0	0.001	0.00012	0.0001	-0.133529	0.953628674265147,0.045157168566286744,0.001213637272545491,5.198960207958409e-07
50	120361182	5000.0	0.001	0.00012	0.0001	0.144482	0.9314326734653069,0.06803195360927815,0.0005282943411317737,7.0785842831433715e-06
47	1466466523	5000.0	0.001	0.00012	0.0001	0.643415	0.8701468906218757,0.12518932213557288,0.0045338532293541295,0.00012993401319736053
46	4103487704	5000.0	0.001	0.00012	0.0001	0.125611	0.9668891421715657,0.03291157768446311,0.00011257748450309939,8.670265946810638e-05
59	1117714674	5000.0	0.001	0.00012	0.0001	-0.220367	0.9061372125574885,0.09288970205958809,0.0009728054389122175,2.7994401119776043e-07
48	1245214939	5000.0	0.001	0.00012	0.0001	-0.681527	0.798970525894821,0.19606630673865227,0.0049564887022595485,6.678664267146571e-06
52	2145042655	5000.0	0.001	0.00012	0.0001	0.439390	0.8051659668066387,0.19158144371125774,0.003248990201959608,3.599280143971206e-06
58	1606068464	5000.0	0.001	0.00012	0.0001	-0.333313	0.8718435112977404,0.12252689462107579,0.005618276344731054,1.1317736452709458e-05
53	2378232034	5000.0	0.001	0.00012	0.0001	0.311779	0.8664432713457308,0.13099796040791842,0.002524015196960608,3.4753049390121974e-05
55	1673488617	5000.0	0.001	0.00012	0.0001	0.481119	0.8603834433113378,0.13716708658268345,0.0024469906018796243,2.4795040991801638e-06
49	2944731358	5000.0	0.001	0.00012	0.0001	-0.167838	0.9329304539092181,0.06533289342131574,0.001733493301339732,3.1593681263747252e-06
51	1299982558	5000.0	0.001	0.00012	0.0001	-0.144029	0.9435002199560087,0.05459632073585283,0.0017949210157968407,0.00010853829234153169
56	1475627242	5000.0	0.001	0.00012	0.0001	-0.033652	0.8892763847230554,0.0841502899420116,0.026484623075384923,8.870225954809038e-05
57	2026049772	5000.0	0.001	0.00012	0.0001	0.287961	0.9390173965206958,0.06060083983203359,0.0003817636472705459
54	3759778019	5000.0	0.001	0.00012	0.0001	0.017000	0.9085245350929814,0.0894382323535293,0.0017359328134373124,0.00030097980403919215,3.199360127974405e-07
60	805511423	5000.0	0.001	0.00012	0.0001	0.537996	0.8941973605278944,0.0927636872625475,0.011343371325734854,0.0016948610277944412,7.198560287942411e-07
62	2244911364	5000.0	0.001	0.00012	0.0001	-0.111923	0.9443126574685063,0.055178084383123376,0.0005087382523495301,5.198960207958409e-07
61	2080577795	5000.0	0.001	0.00012	0.0001	0.048249	0.9167822435512898,0.08195532893421316,0.0012621075784843032,3.199360127974405e-07
63	3662872855	5000.0	0.001	0.00012	0.0001	-0.419789	0.9226105178964207,0.0669626474705059,0.010378604279144171,4.823035392921416e-05
64	106397978	5000.0	0.001	0.00012	0.0001	-0.169830	0.9421906018796241,0.0553506898620276,0.0024585482903419316,1.5996800639872026e-07
66	1935186207	5000.0	0.001	0.00012	0.0001	-0.034859	0.8644193961207759,0.13397812437512496,0.0016023195360927815,1.5996800639872026e-07
65	3223707934	5000.0	0.001	0.00012	0.0001	0.583908	0.8383753649270146,0.15751089782043592,0.004109498100379924,4.239152169566087e-06
67	3841933601	5000.0	0.001	0.00012	0.0001	-0.028079	0.9028710657868426,0.09648082383523296,0.0006479104179164167,1.9996000799840033e-07
70	4099926321	5000.0	0.001	0.00012	0.0001	0.503416	0.8951733653269346,0.09372033593281344,0.010999520095980804,0.00010677864427114576
68	2290530605	5000.0	0.001	0.00012	0.0001	-0.487579	0.8951072185562887,0.10295560887822436,0.0018831433713257348,5.402919416116777e-05
69	1185831214	5000.0	0.001	0.00012	0.0001	-0.067439	0.9282391121775645,0.06783167366526695,0.003920495900819836,8.718256348730255e-06
75	1540389175	5000.0	0.001	0.00012	0.0001	1.010491	0.7419926814637072,0.2523347730453909,0.0056641471705658865,8.398320335932813e-06
77	4168182078	5000.0	0.001	0.00012	0.0001	-0.042515	0.9769852029594082,0.021952129574085183,0.001062627474505099,3.9992001599680065e-08
73	4019605813	5000.0	0.001	0.00012	0.0001	-0.125660	0.9354221955608878,0.06156508698260348,0.0029996800639872025,1.3037392521495702e-05
76	1267800376	5000.0	0.001	0.00012	0.0001	0.145064	0.8593959208158368,0.10501731653669266,0.03546858628274345,0.00011817636472705459
71	3604060466	5000.0	0.001	0.00012	0.0001	0.083396	0.899657948410318,0.09962863427314538,0.0007122575484903019,1.159768046390722e-06
78	424905022	5000.0	0.001	0.00012	0.0001	0.738458	0.8189129374125175,0.1796628674265147,0.0014145570885822835,9.638072385522896e-06
72	3094980915	5000.0	0.001	0.00012	0.0001	0.452761	0.9035306538692262,0.09518312337532493,0.0012857028594281143,5.198960207958409e-07
74	2281439541	5000.0	0.001	0.00012	0.0001	0.176033	0.9374438312337533,0.06096544691061788,0.0015906018796240753,1.199760047990402e-07
79	3326644544	5000.0	0.001	0.00012	0.0001	0.178747	0.9545521695660868,0.0423375724855029,0.0031076984603079384,1.7596480703859228e-06,7.998400319936013e-07
80	3187007815	5000.0	0.001	0.00012	0.0001	-0.084664	0.8422701459708059,0.15147962407518498,0.0059776844631073784,0.0002717056588682264,8.398320335932813e-07
82	3545712969	5000.0	0.001	0.00012	0.0001	0.410464	0.8948017596480704,0.10110997800439912,0.00401747650469906,7.078584283143371e-05
81	1456517447	5000.0	0.001	0.00012	0.0001	0.136593	0.9540661467706458,0.04533005398920216,0.0006037992401519696
83	156055882	5000.0	0.001	0.00012	0.0001	0.075914	0.9033793641271746,0.09409118176364727,0.0025292941411717658,1.5996800639872026e-07
84	1567283548	5000.0	0.001	0.00012	0.0001	0.196243	0.9106965806838633,0.08602983403319336,0.003272865426914617,7.198560287942411e-07
85	1626902880	5000.0	0.001	0.00012	0.0001	-0.438684	0.875851949610078,0.12320523895220956,0.0009422115576884623,5.99880023995201e-07
87	1222222179	5000.0	0.001	0.00012	0.0001	-0.027307	0.8285131373725255,0.1646906618676265,0.006789002199560088,7.198560287942412e-06
88	1592232292	5000.0	0.001	0.00012	0.0001	-0.077527	0.9187199360127974,0.08003535292941412,0.0012443511297740451,3.5992801439712056e-07
90	809967981	5000.0	0.001	0.00012	0.0001	0.316597	0.9135328934213157,0.08034553089382124,0.006072265546890622,4.931013797240552e-05
89	637118825	5000.0	0.001	0.00012	0.0001	0.274581	0.8857733653269346,0.11218368326334734,0.0020382723455308937,4.679064187162567e-06
91	2870341997	5000.0	0.001	0.00012	0.0001	0.121134	0.9193612877424515,0.08017792441511698,0.00046070785842831436,7.998400319936013e-08
92	3753025904	5000.0	0.001	0.00012	0.0001	0.296328	0.8095858828234354,0.18667842431513698,0.002144731053789242,0.0015907618476304738,1.9996000799840033e-07
93	3392063858	5000.0	0.001	0.00012	0.0001	0.243337	0.9444201959608078,0.04650773845230954,0.00904755048990202,2.451509698060388e-05
95	1574328705	5000.0	0.001	0.00012	0.0001	0.296922	0.866902899420116,0.12932761447710459,0.0037663267346530692,3.1593681263747252e-06
97	377205134	5000.0	0.001	0.00012	0.0001	0.430918	0.9018759448110378,0.08659428114377124,0.011509338132373525,2.0435912817436513e-05
96	2192564610	5000.0	0.001	0.00012	0.0001	-0.053486	0.9546930613877225,0.045078584283143375,0.00022835432913417315
94	4182591867	5000.0	0.001	0.00012	0.0001	-0.029367	0.8941230953809238,0.1013995200959808,0.004475544891021796,1.839632073585283e-06
99	2997391769	5000.0	0.001	0.00012	0.0001	0.092069	0.9224871825634873,0.07709730053989203,0.00041551689662067587
98	422125970	5000.0	0.001	0.00012	0.0001	-0.370874	0.9172465106978605,0.07919724055188962,0.0035528094381123776,3.4393121375724856e-06
86	1620091234	5000.0	0.001	0.00012	0.0001	-0.039100	0.7773185362927415,0.2169246950609878,0.005706698660267947,5.006998600279944e-05
100	3605989787	5000.0	0.001	0.00012	0.0001	-0.010626	0.941338652269546,0.057273545290941814,0.0013862827434513098,1.5196960607878424e-06
102	2256595357	5000.0	0.001	0.00012	0.0001	-0.008405	0.9224587082583483,0.07211845630873825,0.0042583883223355325,0.0011631273745250949,1.319736052789442e-06
101	3644365212	5000.0	0.001	0.00012	0.0001	0.321224	0.9221727654469106,0.07421755648870226,0.0036083183363327335,1.3597280543891223e-06
104	3723123100	5000.0	0.001	0.00012	0.0001	-0.513345	0.8139438512297541,0.18201623675264947,0.0040344331133773245,5.478904219156169e-06
103	1426139549	5000.0	0.001	0.00012	0.0001	0.131692	0.9592214357128575,0.0404503899220156,0.0003265346930613877,1.6396720655868826e-06
105	2298089889	5000.0	0.001	0.00012	0.0001	-0.787969	0.8307580083983204,0.16548186362727454,0.0037596880623875224,4.399120175964807e-07
106	802050466	5000.0	0.001	0.00012	0.0001	-0.033099	0.9740206358728254,0.025688462307538493,0.0002908218356328734,7.998400319936013e-08
107	2957777319	5000.0	0.001	0.00012	0.0001	-0.086654	0.9293022195560888,0.06990669866026794,0.0007910817836432714
108	3584270765	5000.0	0.001	0.00012	0.0001	0.645966	0.8504067586482703,0.13699476104779043,0.012047270545890823,0.0005512097580483903
109	3704934836	5000.0	0.001	0.00012	0.0001	0.083957	0.9674200359928015,0.03200271945610878,0.0005765646870625875,6.798640271945611e-07
111	3691051458	5000.0	0.001	0.00012	0.0001	-0.120869	0.8185834833033393,0.1735885222955409,0.007688902219556089,0.00013909218156368726
110	3275065792	5000.0	0.001	0.00012	0.0001	-0.283289	0.885697100579884,0.11337476504699061,0.0008865426914617077,4.159168166366727e-05
113	3555496391	5000.0	0.001	0.00012	0.0001	-0.070627	0.95644275144971,0.0385881623675265,0.004964687062587483,4.399120175964807e-06
112	884691395	5000.0	0.001	0.00012	0.0001	-0.238354	0.8512708658268346,0.14479064187162569,0.0034054389122175565,0.0005330533893221355
114	374147530	5000.0	0.001	0.00012	0.0001	-0.037872	0.9663192161567686,0.03318516296740652,0.0004955408918216357,7.998400319936013e-08
116	3616836046	5000.0	0.001	0.00012	0.0001	-0.047818	0.9642261147770446,0.03543979204159168,0.0003333333333333333,7.598480303939212e-07
115	1731156429	5000.0	0.001	0.00012	0.0001	-0.137119	0.7805512897420516,0.21579280143971205,0.0036249150169966006,3.099380123975205e-05
118	4069018066	5000.0	0.001	0.00012	0.0001	0.047028	0.8899676464707058,0.09954429114177164,0.009749010197960407,0.0007390521895620876
119	3800842709	5000.0	0.001	0.00012	0.0001	-0.498979	0.8482485102979405,0.14365282943411317,0.008071385722855429,2.7274545090981802e-05
117	1221054927	5000.0	0.001	0.00012	0.0001	0.686227	0.8540867826434713,0.13993465306938613,0.0059390121975604875,3.955208958208358e-05
120	4173703638	5000.0	0.001	0.00012	0.0001	-0.010339	0.9380030793841232,0.055688222355528894,0.0063069786042791445,1.7196560687862428e-06
122	1022228952	5000.0	0.001	0.00012	0.0001	-0.399418	0.8940270345930814,0.10278980203959208,0.0031817236552689463,1.4397120575884822e-06
121	3776647640	5000.0	0.001	0.00012	0.0001	-0.075683	0.9465550889822035,0.05257556488702259,0.0008691061787642471,2.399520095980804e-07
123	999453146	5000.0	0.001	0.00012	0.0001	-0.337463	0.8974557488502299,0.09537784443111377,0.007137332533493301,2.9074185162967407e-05
124	1014223321	5000.0	0.001	0.00012	0.0001	-0.093320	0.9176976204759049,0.08168162367526495,0.0006184763047390522,2.279544091181764e-06
125	3539741148	5000.0	0.001	0.00012	0.0001	-0.274342	0.789823475304939,0.2038229954009198,0.006329494101179764,2.403519296140772e-05
128	3331936741	5000.0	0.001	0.00012	0.0001	-0.273543	0.9492117176564687,0.05040595880823835,0.00038232353529294143
127	328894947	5000.0	0.001	0.00012	0.0001	-0.107689	0.9182598680263947,0.08010653869226154,0.001633233353329334,3.5992801439712056e-07
129	1312078310	5000.0	0.001	0.00012	0.0001	-0.625176	0.9012043191361727,0.09646878624275144,0.002325214957008598,1.6796640671865626e-06
126	1952023004	5000.0	0.001	0.00012	0.0001	0.968815	0.7251735652869427,0.26094389122175565,0.01247998400319936,0.001402119576084783,4.399120175964807e-07
131	2548974070	5000.0	0.001	0.00012	0.0001	-0.045057	0.9627058988202359,0.037060587882423515,0.0002335132973405319
130	3808272875	5000.0	0.001	0.00012	0.0001	-0.024917	0.9188327934413117,0.07811517696460708,0.00302627474505099,2.575484903019396e-05
132	628664822	5000.0	0.001	0.00012	0.0001	-0.181468	0.8815811637672466,0.10737232553489302,0.010952649470105979,9.38612277544491e-05
135	3323533832	5000.0	0.001	0.00012	0.0001	0.135224	0.9472050389922015,0.052618236352729456,0.0001767246550689862
136	138490379	5000.0	0.001	0.00012	0.0001	-0.509844	0.886748850229954,0.11057640471905619,0.002673385322935413,1.3597280543891223e-06
133	2701189624	5000.0	0.001	0.00012	0.0001	-0.205127	0.7536387922415517,0.24501955608878223,0.00134125174965007,3.9992001599680065e-07
134	2817102337	5000.0	0.001	0.00012	0.0001	-0.027843	0.9253495700859828,0.06179440111977604,0.01284479104179164,1.1237752449510098e-05
138	1442877966	5000.0	0.001	0.00012	0.0001	-0.255104	0.9377044191161767,0.05482875424915017,0.007446790641871625,2.0035992801439712e-05
137	3010468366	5000.0	0.001	0.00012	0.0001	0.229963	0.8778228354329134,0.11511377724455109,0.007001919616076785,6.146770645870826e-05
139	565482000	5000.0	0.001	0.00012	0.0001	0.163100	0.9521796040791841,0.04751077784443111,0.00030961807638472304
140	277275153	5000.0	0.001	0.00012	0.0001	0.075953	0.9583379324135173,0.041556808638272345,0.00010525894821035793
141	2642850327	5000.0	0.001	0.00012	0.0001	-0.073288	0.6788653069386122,0.30184263147370527,0.019157928414317137,0.00013405318936212757,7.998400319936013e-08
143	3110513186	5000.0	0.001	0.00012	0.0001	-0.012118	0.8959312137572486,0.10143955208958208,0.002628394321135773,8.398320335932813e-07
142	1916545564	5000.0	0.001	0.00012	0.0001	-0.548882	0.8548575084983003,0.1241009798040392,0.020921895620875826,0.00011961607678464307
145	3635851822	5000.0	0.001	0.00012	0.0001	-0.069015	0.8977268146370726,0.09889822035592881,0.0033746850629874027,2.7994401119776043e-07
144	11151907	5000.0	0.001	0.00012	0.0001	-0.079030	0.9389797240551889,0.05226522695460908,0.008718376324735053,3.667266546690662e-05
148	3089746480	5000.0	0.001	0.00012	0.0001	0.095866	0.9517623675264947,0.04792233553289342,0.0003152569486102779,3.9992001599680065e-08
147	4168831536	5000.0	0.001	0.00012	0.0001	0.191253	0.9407005398920216,0.05599112177564487,0.0032942611477704458,1.4077184563087382e-05
146	1128036912	5000.0	0.001	0.00012	0.0001	-0.706340	0.77061099780044,0.2258876624675065,0.003495420915816837,5.91881623675265e-06
149	3623815731	5000.0	0.001	0.00012	0.0001	-0.441934	0.8549724455108978,0.14408034393121374,0.0009466106778644271,5.99880023995201e-07
150	2937690678	5000.0	0.001	0.00012	0.0001	0.389595	0.8649492901419716,0.13101675664867027,0.004026994601079784,6.958608278344331e-06
151	2238738998	5000.0	0.001	0.00012	0.0001	0.493428	0.7719512097580484,0.2247388922215557,0.003308258348330334,1.6396720655868826e-06
153	2487284286	5000.0	0.001	0.00012	0.0001	0.035658	0.9280848630273946,0.0681132173565287,0.003788482303539292,1.34373125374925e-05
152	1718516286	5000.0	0.001	0.00012	0.0001	-0.024872	0.9398705858828235,0.05977920415916817,0.00035012997400519895,7.998400319936013e-08
154	4170578496	5000.0	0.001	0.00012	0.0001	-0.085522	0.859765726854629,0.11500307938412317,0.025078704259148172,0.0001524495100979804,3.9992001599680065e-08
156	1626159682	5000.0	0.001	0.00012	0.0001	-0.041016	0.9001760447910417,0.09790957808438312,0.0019141771645670865,1.9996000799840033e-07
155	1893349953	5000.0	0.001	0.00012	0.0001	0.334365	0.7420651069786043,0.235474825034993,0.022373205358928214,8.674265146970605e-05,1.199760047990402e-07
158	343374414	5000.0	0.001	0.00012	0.0001	-0.090036	0.931914377124575,0.06774105178964207,0.000342251549690062,2.319536092781444e-06
157	1903192651	5000.0	0.001	0.00012	0.0001	0.380089	0.7485123775244951,0.24024111177764448,0.011061987602479504,0.0001845230953809238
159	1831776846	5000.0	0.001	0.00012	0.0001	0.066904	0.9020235552889422,0.09663063387322536,0.0013438112377524495,1.999600079984003e-06
160	1845494355	5000.0	0.001	0.00012	0.0001	0.054489	0.9498769446110777,0.04888366326734653,0.0012384723055388922,9.198160367926415e-07
161	376040019	5000.0	0.001	0.00012	0.0001	0.819403	0.8434145170965807,0.14902939412117577,0.007550329934013197,5.758848230353929e-06
165	4236759652	5000.0	0.001	0.00012	0.0001	0.085745	0.9658436312737453,0.032730973805238955,0.001424635072985403,7.598480303939212e-07
163	1783650910	5000.0	0.001	0.00012	0.0001	0.345926	0.8126476304739052,0.1809605278944211,0.005952049590081983,0.00043979204159168164
162	400953943	5000.0	0.001	0.00012	0.0001	0.046997	0.9620787842431514,0.037528174365126975,0.00039304139172165566
164	2693669472	5000.0	0.001	0.00012	0.0001	0.153250	0.9124600679864027,0.08372833433313337,0.0038030393921215755,8.558288342331533e-06
166	2335140456	5000.0	0.001	0.00012	0.0001	-0.229460	0.9272093581283744,0.07097044591081783,0.0015585282943411318,0.0002616676664667067
167	3208792687	5000.0	0.001	0.00012	0.0001	-0.024748	0.9147970805838832,0.08433581283743251,0.0008671065786842631
168	2305077871	5000.0	0.001	0.00012	0.0001	0.354260	0.9116054789042192,0.0869738052389522,0.0014194361127774445,1.279744051189762e-06
169	658913907	5000.0	0.001	0.00012	0.0001	-0.020938	0.9620558288342331,0.03736136772645471,0.0005824435112977405,3.5992801439712056e-07
170	1022968439	5000.0	0.001	0.00012	0.0001	0.158834	0.9269143371325735,0.07158444311137772,0.0015007798440311937,4.399120175964807e-07
172	3801434749	5000.0	0.001	0.00012	0.0001	-0.117922	0.940552849430114,0.05884371125774845,0.0005532893421315737,5.010997800439912e-05,3.9992001599680065e-08
176	514904719	5000.0	0.001	0.00012	0.0001	0.400962	0.8959889222155569,0.10176372725454909,0.002246110777844431,1.2397520495900819e-06
173	2035851902	5000.0	0.001	0.00012	0.0001	-0.024029	0.9095192561487703,0.08912781443711258,0.0013506898620275945,2.2395520895820834e-06
178	3280968338	5000.0	0.001	0.00012	0.0001	0.150088	0.8840530693861228,0.10525278944211158,0.010665386922615478,2.8754249150169967e-05
171	2550266488	5000.0	0.001	0.00012	0.0001	0.106742	0.9275455708858228,0.07034653069386122,0.002102899420115977,4.999000199960008e-06
177	4260035215	5000.0	0.001	0.00012	0.0001	0.110232	0.9239615676864628,0.07544487102579484,0.0005926814637072585,8.798240351929614e-07
175	1722905225	5000.0	0.001	0.00012	0.0001	0.269091	0.840877024595081,0.15582007598480305,0.003299540091981604,3.359328134373125e-06
174	2022908543	5000.0	0.001	0.00012	0.0001	0.138855	0.9283115376924616,0.07129650069986003,0.0003909618076384723,9.998000399920016e-07
179	3259497108	5000.0	0.001	0.00012	0.0001	-0.057520	0.9310438712257548,0.06874189162167567,0.0002142371525694861
180	2121024156	5000.0	0.001	0.00012	0.0001	1.163040	0.7063779644071185,0.2800359528094381,0.013481943611277745,0.00010413917216556689
182	125538977	5000.0	0.001	0.00012	0.0001	0.218808	0.9089071385722856,0.06210329934013197,0.028401439712057587,0.0005850429914017196,3.079384123175365e-06
181	1490102941	5000.0	0.001	0.00012	0.0001	0.533564	0.91839700059988,0.07636884623075385,0.0028616676664667065,0.002369046190761848,3.4393121375724856e-06
186	3254022828	5000.0	0.001	0.00012	0.0001	0.103508	0.8571412917416517,0.13185830833833234,0.010946490701859627,5.3909218156368724e-05
185	3285686953	5000.0	0.001	0.00012	0.0001	0.144559	0.952321575684863,0.04668074385122976,0.0009975604879024196,1.199760047990402e-07
183	417901223	5000.0	0.001	0.00012	0.0001	0.308267	0.9266635072985403,0.07223723255348931,0.0010982203559288142,1.0397920415916818e-06
187	363395760	5000.0	0.001	0.00012	0.0001	-0.118471	0.8569418116376725,0.12992821435712856,0.013120575884823035,9.398120375924815e-06
184	4223916712	5000.0	0.001	0.00012	0.0001	0.116730	0.9163105378924216,0.08275816836632674,0.0009312537492501499,3.9992001599680065e-08
188	2549119668	5000.0	0.001	0.00012	0.0001	0.087775	0.9559327734453109,0.04032821435712857,0.003729614077184563,9.398120375924815e-06
189	2500795061	5000.0	0.001	0.00012	0.0001	-0.197172	0.9242962607478504,0.07525338932213557,0.00044959008198360327,7.598480303939212e-07
190	2951594687	5000.0	0.001	0.00012	0.0001	-0.760403	0.7994038792241551,0.14257856428714258,0.05260763847230554,0.005401919616076785,7.998400319936012e-06
191	1675942593	5000.0	0.001	0.00012	0.0001	0.087010	0.8581312937412517,0.12826502699460107,0.011344611077784443,0.002257628474305139,1.4397120575884822e-06
193	1014194884	5000.0	0.001	0.00012	0.0001	0.037805	0.7719731653669266,0.1816368326334733,0.04577600479904019,0.0006127974405118976,1.199760047990402e-06
199	1500969689	5000.0	0.001	0.00012	0.0001	0.256285	0.8924962207558488,0.09408986202759448,0.013399800039992001,1.4117176564687063e-05
197	1497981653	5000.0	0.001	0.00012	0.0001	-0.441480	0.7591491701659668,0.21452301539692062,0.021135412917416517,0.004999680063987203,0.00019264147170565887,7.998400319936013e-08
198	236210904	5000.0	0.001	0.00012	0.0001	0.591931	0.8507648470305939,0.1456381923615277,0.003596520695860828,4.399120175964807e-07
192	2423870145	5000.0	0.001	0.00012	0.0001	0.169569	0.9293762447510497,0.0702376324735053,0.0003859628074385123,1.5996800639872026e-07
195	4234269390	5000.0	0.001	0.00012	0.0001	0.927008	0.3863149770045991,0.5808472705458908,0.032713017396520695,0.00012473505298940212
194	468538052	5000.0	0.001	0.00012	0.0001	0.276681	0.9171648070385923,0.07724651069786043,0.005553249350129974,3.543291341731654e-05
196	3547200206	5000.0	0.001	0.00012	0.0001	1.120828	0.7518257548490302,0.23525302939412118,0.012913017396520695,8.198360327934413e-06
200	206887640	5000.0	0.001	0.00012	0.0001	0.238049	0.9396948610277944,0.05560867826434713,0.004694381123775245,2.0795840831833635e-06
201	2659873498	5000.0	0.001	0.00012	0.0001	-0.031900	0.9431328134373126,0.05652061587682464,0.0003463307338532294,2.399520095980804e-07
202	1882186460	5000.0	0.001	0.00012	0.0001	-0.072461	0.9626572685462907,0.03721131773645271,0.00013141371725654868
204	312744668	5000.0	0.001	0.00012	0.0001	0.012973	0.943471025794841,0.05616028794241152,0.00036856628674265145,1.199760047990402e-07
203	3353828059	5000.0	0.001	0.00012	0.0001	0.687985	0.8835131773645271,0.10964687062587483,0.006802039592081584,3.79124175164967e-05
205	3264686814	5000.0	0.001	0.00012	0.0001	0.115052	0.9242972205558888,0.07523031393721255,0.00046810637872425517,4.359128174365127e-06
207	2629327585	5000.0	0.001	0.00012	0.0001	-0.272227	0.9001625674865027,0.09722419516096781,0.0021894021195760847,0.00042383523295340934
206	2344471256	5000.0	0.001	0.00012	0.0001	-0.318795	0.8001533693261348,0.13193385322935414,0.06566598680263948,0.0022350729854029193,1.1717656468706258e-05
208	2109027044	5000.0	0.001	0.00012	0.0001	0.112465	0.9162476304739052,0.08304595080983804,0.0007064187162567487
209	1070349036	5000.0	0.001	0.00012	0.0001	0.054743	0.9657972405518896,0.03313317336532694,0.001069506098780244,7.998400319936013e-08
210	3789396720	5000.0	0.001	0.00012	0.0001	-0.017124	0.9659274145170966,0.03372021595680864,0.0003523295340931814,3.9992001599680065e-08
211	1397455603	5000.0	0.001	0.00012	0.0001	-0.616427	0.7580525094981004,0.19051745650869825,0.05023323335332933,0.0011942011597680464,2.599480103979204e-06
219	1099971341	5000.0	0.001	0.00012	0.0001	0.262699	0.936668026394721,0.06265786842631474,0.0006737052589482103,3.9992001599680065e-07
218	1077545736	5000.0	0.001	0.00012	0.0001	-0.524719	0.8600269546090782,0.12393081383723255,0.0055088582283543295,0.01049382123575285,3.955208958208358e-05
217	2976563975	5000.0	0.001	0.00012	0.0001	-0.224863	0.9150014797040592,0.08235388922215557,0.002639632073585283,4.999000199960008e-06
214	328489729	5000.0	0.001	0.00012	0.0001	-0.864334	0.8280954609078184,0.16933141371725655,0.0025724855028994202,6.39872025594881e-07
213	723739391	5000.0	0.001	0.00012	0.0001	-0.116408	0.9255640471905618,0.06054645070985803,0.013231033793241352,0.0006573885222955409,1.0797840431913617e-06
216	1714406150	5000.0	0.001	0.00012	0.0001	-0.075250	0.9699451309738052,0.030018076384723057,3.679264147170566e-05
215	864492291	5000.0	0.001	0.00012	0.0001	-0.082201	0.8612966606678665,0.13687162567486502,0.0018305138972205559,1.199760047990402e-06
212	1412164343	5000.0	0.001	0.00012	0.0001	0.365703	0.9137790841831633,0.07015748850229954,0.015719256148770247,0.00034409118176364725,7.998400319936013e-08
220	3653002003	5000.0	0.001	0.00012	0.0001	-0.635278	0.8921499300139972,0.09966926614677064,0.00807374525094981,0.00010705858828234354
222	3543196440	5000.0	0.001	0.00012	0.0001	0.077128	0.9632231953609278,0.03671381723655269,6.29874025194961e-05
221	496444184	5000.0	0.001	0.00012	0.0001	0.157098	0.8929106978604279,0.1027503699260148,0.004336812637472505,2.1195760847830435e-06
224	1657355044	5000.0	0.001	0.00012	0.0001	-0.086797	0.942420675864827,0.056098420315936814,0.0014807038592281544,1.9996000799840033e-07
226	2986238760	5000.0	0.001	0.00012	0.0001	-0.039859	0.8763865226954609,0.11877084583083383,0.004835792841431714,6.838632273545291e-06
223	3205368607	5000.0	0.001	0.00012	0.0001	0.253946	0.8152214357128574,0.17805634873025394,0.006701859628074385,2.0315936812637472e-05,3.9992001599680065e-08
225	343642917	5000.0	0.001	0.00012	0.0001	0.072245	0.9082669466106779,0.09076304739052189,0.0009699260147970406,7.998400319936013e-08
227	2070291243	5000.0	0.001	0.00012	0.0001	-0.159966	0.8758135972805439,0.11892217556488702,0.005252349530093982,1.1877624475104978e-05
228	3289131828	5000.0	0.001	0.00012	0.0001	-0.215226	0.9443086182763447,0.055106858628274344,0.0005843231353729254,1.9996000799840033e-07
229	4247647029	5000.0	0.001	0.00012	0.0001	-0.103307	0.9387510897820436,0.06085230953809238,0.00039468106378724255,1.919616076784643e-06
231	3852219201	5000.0	0.001	0.00012	0.0001	0.111783	0.9528663467306538,0.0469127774445111,0.000220875824835033
230	286702399	5000.0	0.001	0.00012	0.0001	-0.275742	0.9462760647870426,0.05276788642271546,0.0009544091181763648,1.6396720655868826e-06
234	3053826884	5000.0	0.001	0.00012	0.0001	0.067078	0.9490473105378924,0.05022999400119976,0.0007199360127974405,2.7594481103779245e-06
232	1640319810	5000.0	0.001	0.00012	0.0001	-0.016376	0.9358789442111578,0.062162007598480305,0.0019588082383523294,2.399520095980804e-07
233	1238238020	5000.0	0.001	0.00012	0.0001	-0.072992	0.9408364327134573,0.055613997200559886,0.003517736452709458,3.183363327334533e-05
235	1777050443	5000.0	0.001	0.00012	0.0001	-0.335207	0.8270057588482304,0.17161963607278544,0.0013745650869826035,3.9992001599680065e-08
237	312146772	5000.0	0.001	0.00012	0.0001	0.282115	0.8363108578284343,0.12868094381123776,0.033327254549090184,0.001680623875224955,3.199360127974405e-07
236	193688400	5000.0	0.001	0.00012	0.0001	0.661982	0.8837177364527095,0.11126658668266347,0.005008998200359928,6.678664267146571e-06
238	2943374173	5000.0	0.001	0.00012	0.0001	-0.108518	0.9142868226354729,0.08222267546490702,0.003303299340131974,0.0001872025594881024
239	161909611	5000.0	0.001	0.00012	0.0001	-0.089548	0.846183123375325,0.1522356728654269,0.0015806438712257548,5.598880223955209e-07
240	2598695787	5000.0	0.001	0.00012	0.0001	0.300573	0.8603742851429714,0.13412033593281344,0.0054544291141771645,5.09498100379924e-05
241	1253409652	5000.0	0.001	0.00012	0.0001	-0.695919	0.843399200159968,0.14261847630473906,0.01395876824635073,2.3555288942211558e-05
242	3571194746	5000.0	0.001	0.00012	0.0001	-0.430383	0.7631472905418917,0.2298877024595081,0.006820675864827035,0.00014429114177164567,3.9992001599680065e-08
244	591971209	5000.0	0.001	0.00012	0.0001	-0.123149	0.9057654469106179,0.08368030393921216,0.010519496100779844,3.4753049390121974e-05
243	3183197065	5000.0	0.001	0.00012	0.0001	0.095753	0.9516782243551289,0.04810865826834633,0.00018764247150569887,2.54749050189962e-05
246	1110029221	5000.0	0.001	0.00012	0.0001	-0.313669	0.878674625074985,0.12034321135772845,0.0009542891421715657,2.7874425114977005e-05
245	3283307418	5000.0	0.001	0.00012	0.0001	-0.003224	0.9394553889222156,0.05878864227154569,0.00136624675064987,0.00036860627874425115,2.1115776844631073e-05
247	2406523821	5000.0	0.001	0.00012	0.0001	-0.072555	0.7503238952209558,0.24445598880223957,0.005212357528494301,7.758448310337932e-06
249	1005222841	5000.0	0.001	0.00012	0.0001	-0.078759	0.8892926614677065,0.10983563287342532,0.0008717056588682263
248	2833437613	5000.0	0.001	0.00012	0.0001	0.750353	0.832828274345131,0.16556820635872826,0.0016027994401119777,7.198560287942411e-07
250	3757005756	5000.0	0.001	0.00012	0.0001	-0.004671	0.9137096180763847,0.08254493101379724,0.0037332133573285344,1.22375524895021e-05
253	2798740420	5000.0	0.001	0.00012	0.0001	-0.338328	0.905014277144571,0.09310593881223755,0.0018794641071785644,3.199360127974405e-07
251	3804148674	5000.0	0.001	0.00012	0.0001	-0.076340	0.6660191161767647,0.32272861427714455,0.011240511897620476,1.1757648470305939e-05
252	71279556	5000.0	0.001	0.00012	0.0001	-0.358372	0.8630602679464107,0.12213873225354929,0.014097740451909618,0.0007022195560887822,1.0397920415916818e-06
254	2147722193	5000.0	0.001	0.00012	0.0001	0.162928	0.9480065586882623,0.05066450709858029,0.0013226154769046192,6.3187362527494505e-06
255	736869333	5000.0	0.001	0.00012	0.0001	-0.392649	0.9195715656868626,0.07801887622475505,0.0024079184163167365,1.6396720655868826e-06
256	2289697750	5000.0	0.001	0.00012	0.0001	-0.051058	0.8687156968606279,0.12444343131373725,0.00680875824835033,3.2113577284543094e-05
257	258866139	5000.0	0.001	0.00012	0.0001	0.355493	0.8548921415716857,0.14234473105378925,0.002760767846430714,2.359528094381124e-06
258	1625420769	5000.0	0.001	0.00012	0.0001	0.059729	0.9356676664667066,0.06308878224355129,0.001241391721655669,2.1595680863827235e-06
259	2880207842	5000.0	0.001	0.00012	0.0001	0.064678	0.9126986202759448,0.0830377924415117,0.0041804839032193565,8.302339532093581e-05,7.998400319936013e-08
260	19274725	5000.0	0.001	0.00012	0.0001	-0.054917	0.9282335532893421,0.07129962007598481,0.0004661467706458708,6.798640271945611e-07
262	2802940907	5000.0	0.001	0.00012	0.0001	-0.386716	0.9189222955408918,0.0769743651269746,0.0040981403719256146,5.198960207958408e-06
261	398367720	5000.0	0.001	0.00012	0.0001	-0.127997	0.9006699460107979,0.09596360727854429,0.00295500899820036,0.0004114377124575085
264	3513965551	5000.0	0.001	0.00012	0.0001	0.010957	0.9444014397120576,0.05529866026794641,0.0002998600279944011,3.9992001599680065e-08
266	2982704129	5000.0	0.001	0.00012	0.0001	-0.097040	0.8110294341131774,0.18425746850629873,0.004712297540491902,7.998400319936013e-07
263	3216528364	5000.0	0.001	0.00012	0.0001	0.066353	0.9165527694461107,0.08010493901219756,0.0025504499100179965,0.0007916816636672666,1.5996800639872026e-07
267	1289460739	5000.0	0.001	0.00012	0.0001	0.425525	0.9287198560287943,0.06805134973005399,0.0032063987202559487,2.2315536892621475e-05,7.998400319936013e-08
265	1022028788	5000.0	0.001	0.00012	0.0001	0.321243	0.9241372525494901,0.07519532093581284,0.0006099580083983203,5.742851429714057e-05,3.9992001599680065e-08
268	3375506441	5000.0	0.001	0.00012	0.0001	-0.321394	0.806193201359728,0.1905120175964807,0.003292261547690462,2.519496100779844e-06
269	626639886	5000.0	0.001	0.00012	0.0001	0.148610	0.9553692061587682,0.043099300139972006,0.001530613877224555,8.798240351929614e-07
270	1285458960	5000.0	0.001	0.00012	0.0001	0.223141	0.8810811837632474,0.11655908818236353,0.0023596880623875226,3.9992001599680065e-08
274	1002507304	5000.0	0.001	0.00012	0.0001	-0.005908	0.9309530093981204,0.06788970205958808,0.0011472905418916217,9.998000399920016e-06
271	276255761	5000.0	0.001	0.00012	0.0001	-0.291698	0.8896699460107979,0.10565626874625075,0.004660267946410718,1.3517296540691861e-05
273	2813291548	5000.0	0.001	0.00012	0.0001	0.022066	0.9665543291341732,0.032617996400719856,0.0008265946810637872,1.0797840431913617e-06
272	2642271255	5000.0	0.001	0.00012	0.0001	-0.230457	0.9306821035792842,0.0647880023995201,0.004529294141171766,5.99880023995201e-07
275	737645617	5000.0	0.001	0.00012	0.0001	0.061299	0.9071230153969206,0.0917752849430114,0.0010811037792441511,2.059588082383523e-05
277	3752655925	5000.0	0.001	0.00012	0.0001	0.123680	0.9490918616276744,0.05040115976804639,0.0005069786042791441
276	2276512818	5000.0	0.001	0.00012	0.0001	0.183813	0.9147567686462708,0.08106370725854829,0.0036944211157768445,0.00048510297940411917
278	3588568120	5000.0	0.001	0.00012	0.0001	0.134060	0.9270867426514697,0.07199820035992802,0.0009145370925814837,5.198960207958409e-07
279	3356605500	5000.0	0.001	0.00012	0.0001	-0.497593	0.8865088582283543,0.10903403319336133,0.004454389122175565,2.7194561087782445e-06
280	3722998848	5000.0	0.001	0.00012	0.0001	-0.546343	0.8903536092781443,0.10390693861227754,0.005717256548690262,2.2195560887822434e-05
281	3398970438	5000.0	0.001	0.00012	0.0001	-0.034063	0.8999517296540692,0.09760655868826235,0.002441631673665267,7.998400319936013e-08
282	3756411975	5000.0	0.001	0.00012	0.0001	-0.073208	0.8958139572085583,0.09648618276344731,0.007686582683463308,1.327734453109378e-05
283	3291012181	5000.0	0.001	0.00012	0.0001	0.028145	0.4357878824235153,0.5456441111777645,0.017540651869626073,0.0010223155368926215,5.038992201559688e-06
287	1539023964	5000.0	0.001	0.00012	0.0001	0.195259	0.9440991401719656,0.05479196160767846,0.001108898220355929
284	994747478	5000.0	0.001	0.00012	0.0001	-0.339002	0.801455948810238,0.1964634273145371,0.0020749450109978002,5.678864227154569e-06
285	4023604311	5000.0	0.001	0.00012	0.0001	0.036348	0.6686185962807438,0.3013508898220356,0.029965366926614678,6.514697060587882e-05
286	1486951512	5000.0	0.001	0.00012	0.0001	0.055065	0.859868226354729,0.13846726654669067,0.0016343131373725255,3.0193961207758448e-05
290	2702222438	5000.0	0.001	0.00012	0.0001	0.170139	0.9154911017796441,0.08365350929814037,0.0008542691461707659,1.1197760447910417e-06
288	4227595358	5000.0	0.001	0.00012	0.0001	-0.075814	0.9340277944411117,0.06265166966606679,0.003320095980803839,4.399120175964807e-07
292	2598243437	5000.0	0.001	0.00012	0.0001	-0.403322	0.9356403919216156,0.060892821435712854,0.0034575884823035393,9.198160367926415e-06
294	549123183	5000.0	0.001	0.00012	0.0001	-0.400927	0.8872544291141772,0.08507102579484103,0.027158488302339533,0.0005160567886422716
289	2718727267	5000.0	0.001	0.00012	0.0001	0.176486	0.9120143571285743,0.0851237352529494,0.0028607878424315135,1.1197760447910417e-06
298	1422351479	5000.0	0.001	0.00012	0.0001	-0.224634	0.9469028594281144,0.04501667666466707,0.007279464107178564,0.000800999800039992
297	2042463349	5000.0	0.001	0.00012	0.0001	0.338833	0.89510149970006,0.10241519696060788,0.0024809438112377525,2.359528094381124e-06
296	2011577461	5000.0	0.001	0.00012	0.0001	1.099324	0.6476295540891822,0.3113976804639072,0.04058088382323535,0.0003918816236752649
293	4209853550	5000.0	0.001	0.00012	0.0001	-0.399280	0.9259185362927415,0.07328146370725855,0.0008
291	1274078314	5000.0	0.001	0.00012	0.0001	-0.087570	0.8632323535292942,0.1324390721855629,0.004325534893021395,3.039392121575685e-06
295	909843572	5000.0	0.001	0.00012	0.0001	-0.370768	0.9035103379324135,0.09461567686462707,0.0018714257148570285,2.559488102379524e-06
299	2576966780	5000.0	0.001	0.00012	0.0001	0.005458	0.9107875224955009,0.08572417516496701,0.0034644671065786844,2.3835232953409317e-05
300	2873543808	5000.0	0.001	0.00012	0.0001	-0.184790	0.8905019396120776,0.10776632673465307,0.0017297740451909618,1.959608078384323e-06
301	216437889	5000.0	0.001	0.00012	0.0001	0.266426	0.934214677064587,0.06523671265746851,0.0005485702859428115,3.9992001599680065e-08
302	2918882443	5000.0	0.001	0.00012	0.0001	0.487264	0.869143451309738,0.12898120375924815,0.0018728254349130173,2.519496100779844e-06
303	3626161292	5000.0	0.001	0.00012	0.0001	-0.176784	0.933528974205159,0.062451709658068386,0.003248990201959608,0.0007689662067586482,1.3597280543891223e-06
306	2293847191	5000.0	0.001	0.00012	0.0001	-0.111661	0.8272245150969806,0.15736636672665466,0.01538868226354729,2.0435912817436513e-05
305	2158046357	5000.0	0.001	0.00012	0.0001	-0.088398	0.8516055188962207,0.1264008398320336,0.021916816636672665,7.68246350729854e-05
304	773127314	5000.0	0.001	0.00012	0.0001	0.093870	0.9670983803239352,0.03125986802639472,0.0014901819636072785,0.00015156968606278744
307	4106585240	5000.0	0.001	0.00012	0.0001	-0.166881	0.9343125774845031,0.06466002799440113,0.0010272745450909818,1.199760047990402e-07
308	1881257116	5000.0	0.001	0.00012	0.0001	-0.074027	0.9344251949610078,0.06520291941611678,0.00037184563087382523,3.9992001599680065e-08
309	3308096668	5000.0	0.001	0.00012	0.0001	0.330043	0.8842506298740251,0.10926578684263147,0.006468586282743451,1.4997000599880025e-05
310	1908755627	5000.0	0.001	0.00012	0.0001	-0.244230	0.9022829034193162,0.09534777044591082,0.0023691661667666467,1.5996800639872026e-07
311	2614981806	5000.0	0.001	0.00012	0.0001	-0.029028	0.9167696860627874,0.08283895220955809,0.00039136172765446913
312	2325337262	5000.0	0.001	0.00012	0.0001	0.362213	0.8477340931813637,0.1502531093781244,0.002012157568486303,6.39872025594881e-07
313	1799765175	5000.0	0.001	0.00012	0.0001	0.103600	0.9512606278744251,0.0459754849030194,0.002762887422515497,9.998000399920016e-07
315	2665229500	5000.0	0.001	0.00012	0.0001	0.099985	0.8947479304139172,0.09625830833833234,0.008975244951009797,1.851629674065187e-05
316	3840066752	5000.0	0.001	0.00012	0.0001	-0.972012	0.7741030593881224,0.22261639672065586,0.0032458308338332333,3.47130573885223e-05
314	190880952	5000.0	0.001	0.00012	0.0001	0.194810	0.8674280343931213,0.120725974805039,0.010587842431513698,0.0012441511697660467,1.3997200559888023e-05
319	2280254674	5000.0	0.001	0.00012	0.0001	-0.175426	0.9485966006798641,0.05019172165566887,0.001186882623475305,2.479504099180164e-05
317	4181810370	5000.0	0.001	0.00012	0.0001	-0.415278	0.874943651269746,0.12166482703459308,0.0033888422315536894,2.679464107178564e-06
318	1795925192	5000.0	0.001	0.00012	0.0001	-0.001416	0.8929552089582083,0.10192117576484704,0.005121415716856629,2.1995600879824035e-06
320	967791826	5000.0	0.001	0.00012	0.0001	0.442471	0.8016755048990202,0.18291529694061187,0.015365966806638673,4.3231353729254146e-05
321	1415951572	5000.0	0.001	0.00012	0.0001	-0.236819	0.9211163367326535,0.06424775044991002,0.014627794441111777,8.118376324735054e-06
322	1765545172	5000.0	0.001	0.00012	0.0001	-0.048753	0.892798200359928,0.10461975604879024,0.0025791641671665667,2.8794241151769645e-06
323	904352986	5000.0	0.001	0.00012	0.0001	-0.001235	0.9697322935412918,0.03023591281743651,3.179364127174565e-05
326	3174718701	5000.0	0.001	0.00012	0.0001	-0.167669	0.8327873625274945,0.16574261147770447,0.0014681863627274544,1.839632073585283e-06
324	1451594971	5000.0	0.001	0.00012	0.0001	0.080719	0.867367726454709,0.12149290141971605,0.011118496300739852,2.0875824835032994e-05
325	1394803948	5000.0	0.001	0.00012	0.0001	-0.312730	0.8882452309538093,0.11066490701859628,0.0010896220755848831,2.399520095980804e-07
327	749962478	5000.0	0.001	0.00012	0.0001	0.025520	0.9452497900419916,0.054564727054589084,0.00018548290341931613
328	3963321583	5000.0	0.001	0.00012	0.0001	0.202948	0.8948561087782444,0.10472165566886622,0.0004220355928814237,1.9996000799840033e-07
330	2487340274	5000.0	0.001	0.00012	0.0001	0.051222	0.9575153769246151,0.04144619076184763,0.0010383923215356928,3.9992001599680065e-08
332	2494909689	5000.0	0.001	0.00012	0.0001	-0.604307	0.7935854829034193,0.19818264347130574,0.008217756448710258,1.4117176564687063e-05
334	966204672	5000.0	0.001	0.00012	0.0001	0.237956	0.944284823035393,0.05531145770845831,0.00040371925614877025
335	765781256	5000.0	0.001	0.00012	0.0001	-0.005597	0.9314783043391321,0.06766966606678665,0.0007138572285542891,0.00013817236552689463
331	1071727864	5000.0	0.001	0.00012	0.0001	-0.488222	0.8955850429914017,0.09951629674065186,0.004861827634473105,3.683263347330534e-05
329	883133680	5000.0	0.001	0.00012	0.0001	0.170496	0.9474372325534893,0.051258868226354726,0.0010590281943611277,0.00024487102579484106
336	2074113292	5000.0	0.001	0.00012	0.0001	-0.029781	0.9711115376924615,0.028759608078384322,0.00012885422915416916
333	3284112637	5000.0	0.001	0.00012	0.0001	0.212928	0.9270517896420716,0.07016632673465308,0.002619396120775845,0.00016240751849630074,7.998400319936013e-08
338	3364406556	5000.0	0.001	0.00012	0.0001	0.013179	0.9318152369526095,0.061423635272945414,0.006727094581083783,3.4033193361327734e-05
337	2586721548	5000.0	0.001	0.00012	0.0001	0.336299	0.8436749850029994,0.15364011197760447,0.002679024195160968,5.878824235152969e-06
339	1662295325	5000.0	0.001	0.00012	0.0001	0.581834	0.7572008798240352,0.23942847430513897,0.0033605678864227152,1.0077984403119377e-05
340	427052319	5000.0	0.001	0.00012	0.0001	-0.023537	0.9635784443111378,0.035615836832633474,0.0008054789042191561,2.399520095980804e-07
343	1289878825	5000.0	0.001	0.00012	0.0001	0.071127	0.9475406118776245,0.052075024995001,0.00038432313537292543,3.9992001599680065e-08
342	173536547	5000.0	0.001	0.00012	0.0001	-0.328816	0.9313505698860228,0.06802835432913418,0.0006210357928414318,3.9992001599680065e-08
341	1529720096	5000.0	0.001	0.00012	0.0001	0.363410	0.8656409918016397,0.13306830633873226,0.0012870225954809038,3.679264147170566e-06
344	1109966123	5000.0	0.001	0.00012	0.0001	0.093543	0.9311377724455109,0.06733033393321336,0.0015317336532693461,1.5996800639872026e-07
346	2856310063	5000.0	0.001	0.00012	0.0001	-0.032597	0.9202773045390922,0.07823759248150369,0.0014849430113977205,1.5996800639872026e-07
349	6411585	5000.0	0.001	0.00012	0.0001	0.197542	0.9141288542291541,0.0824367126574685,0.0032630673865226955,0.00017136572685462907
345	1902570797	5000.0	0.001	0.00012	0.0001	-0.480212	0.9001575684863028,0.0934615076984603,0.006378484303139372,2.439512097580484e-06
351	2886716752	5000.0	0.001	0.00012	0.0001	-0.105224	0.88041099780044,0.11552473505298941,0.004062907418516296,1.3597280543891223e-06
348	2160704829	5000.0	0.001	0.00012	0.0001	0.192446	0.9182119976004799,0.08140231953609278,0.0003851629674065187,5.198960207958409e-07
347	724534586	5000.0	0.001	0.00012	0.0001	-0.199364	0.9171094581083783,0.0761242551489702,0.006754969006198761,1.1317736452709458e-05
353	680789339	5000.0	0.001	0.00012	0.0001	0.462354	0.796645950809838,0.19487778444311138,0.008390681863627274,8.558288342331533e-05
350	2937486670	5000.0	0.001	0.00012	0.0001	0.386381	0.9190767446510698,0.08031113777244551,0.0006121175764847031
352	977309019	5000.0	0.001	0.00012	0.0001	-0.152374	0.9124849830033993,0.0869489702059588,0.0005660467906418716
354	1629855077	5000.0	0.001	0.00012	0.0001	0.884203	0.8470569886022795,0.13986474705058988,0.013065266946610678,1.2997400519896021e-05
356	2323959146	5000.0	0.001	0.00012	0.0001	-0.159542	0.932408198360328,0.06430217956408718,0.0032645470905818836,2.50749850029994e-05
355	2372926824	5000.0	0.001	0.00012	0.0001	-0.200230	0.8993578884223156,0.10020227954409118,0.00043983203359328134
357	1240673647	5000.0	0.001	0.00012	0.0001	0.571324	0.8408653869226155,0.11061667666466707,0.045862747450509896,0.0026364727054589083,1.871625674865027e-05
359	163239296	5000.0	0.001	0.00012	0.0001	0.075674	0.9719355728854229,0.027874585082983402,0.00018960207958408317,2.399520095980804e-07
358	530896252	5000.0	0.001	0.00012	0.0001	-0.129488	0.9033378524295141,0.0915256148770246,0.0050958208358328335,4.0711857628474304e-05
360	1335819658	5000.0	0.001	0.00012	0.0001	-0.084472	0.9560159568086383,0.04381911617676465,0.00016492701459708059
361	2363053451	5000.0	0.001	0.00012	0.0001	0.020843	0.9483302939412117,0.05122647470505899,0.00044259148170365927,6.39872025594881e-07
362	2827199883	5000.0	0.001	0.00012	0.0001	-0.007437	0.9409177764447111,0.056462627474505096,0.002397400519896021,0.00022219556088782244
365	392711578	5000.0	0.001	0.00012	0.0001	0.145557	0.962044351129774,0.03772717456508698,0.00022847430513897222
363	2029958541	5000.0	0.001	0.00012	0.0001	-0.044651	0.9468526294741052,0.047635232953409316,0.00545626874625075,5.586882623475305e-05
364	3612753298	5000.0	0.001	0.00012	0.0001	-0.090779	0.9700898220355929,0.0245373325334933,0.00017008598280343932,0.0051990401919616075,3.719256148770246e-06
366	1904270747	5000.0	0.001	0.00012	0.0001	0.141032	0.9019569686062787,0.09637072585482903,0.001671745650869826,5.598880223955209e-07
370	1560647084	5000.0	0.001	0.00012	0.0001	-0.324010	0.876377524495101,0.11112989402119576,0.012385482903419317,0.00010709858028394321
367	3877428636	5000.0	0.001	0.00012	0.0001	0.153803	0.9246242351529694,0.07293445310937813,0.002440831833633273,4.799040191961608e-07
369	3899004331	5000.0	0.001	0.00012	0.0001	-0.244170	0.8725124575084983,0.12283663267346531,0.0046365126974605075,1.4397120575884824e-05
368	3519034784	5000.0	0.001	0.00012	0.0001	0.202951	0.9103198160367927,0.08291969606078785,0.006758488302339532,1.999600079984003e-06
371	3489334699	5000.0	0.001	0.00012	0.0001	-0.818185	0.8139136172765447,0.18497208558288342,0.0011096180763847231,4.679064187162567e-06
373	1303768521	5000.0	0.001	0.00012	0.0001	-0.033714	0.9512054389122175,0.04278660267946411,0.006005278944211157,2.679464107178564e-06
372	4137205167	5000.0	0.001	0.00012	0.0001	-0.165089	0.9531108578284343,0.032923295340931816,0.013671465706858628,0.00029422115576884623,1.5996800639872026e-07
374	2876134867	5000.0	0.001	0.00012	0.0001	-0.107365	0.9594757048590282,0.04019708058388322,0.00032705458908218355,1.5996800639872026e-07
375	1907510740	5000.0	0.001	0.00012	0.0001	-0.267355	0.9114018796240752,0.08831685662867426,0.00028126374725054987
376	3497502166	5000.0	0.001	0.00012	0.0001	-0.178255	0.9441103779244151,0.05507178564287143,0.000817756448710258,7.998400319936013e-08
377	1798710743	5000.0	0.001	0.00012	0.0001	-0.322895	0.9180332733453309,0.0730003199360128,0.008958208358328335,8.198360327934413e-06
378	1602287077	5000.0	0.001	0.00012	0.0001	0.068981	0.9465691661667667,0.05298492301539692,0.0004455108978204359,3.9992001599680065e-07
382	930088461	5000.0	0.001	0.00012	0.0001	0.188913	0.9409322535492901,0.05108674265146971,0.007973245350929813,7.758448310337932e-06
379	42845676	5000.0	0.001	0.00012	0.0001	0.028064	0.8065718056388722,0.18740655868826234,0.006000879824035193,2.0755848830233953e-05
380	4163771887	5000.0	0.001	0.00012	0.0001	-0.542245	0.867192601479704,0.12257168566286743,0.010219076184763047,1.6636672665466908e-05
381	2335491574	5000.0	0.001	0.00012	0.0001	-0.061030	0.9601436112777445,0.03958428314337133,0.0002720655868826235,3.9992001599680065e-08
386	1956632093	5000.0	0.001	0.00012	0.0001	0.124112	0.9197409718056389,0.07424223155368927,0.006012877424515097,3.919216156768646e-06
384	1169063450	5000.0	0.001	0.00012	0.0001	0.330814	0.9287706058788242,0.07043435312937413,0.0007947210557888423,3.199360127974405e-07
385	1715635741	5000.0	0.001	0.00012	0.0001	0.404346	0.9059898020395921,0.09136964607078585,0.0026284343131373726,1.2117576484703059e-05
387	3919935009	5000.0	0.001	0.00012	0.0001	0.037058	0.956382723455309,0.04343327334533093,0.00018396320735852828,3.9992001599680065e-08
389	235658796	5000.0	0.001	0.00012	0.0001	0.246193	0.9198424315136973,0.07949682063587282,0.0006607078584283143,3.9992001599680065e-08
383	625487384	5000.0	0.001	0.00012	0.0001	0.727329	0.8549022195560888,0.13850297940411918,0.00550373925214957,0.0010897020595880824,1.3597280543891223e-06
390	3686405678	5000.0	0.001	0.00012	0.0001	-0.086350	0.9340613477304539,0.06029602079584083,0.005565446910617876,7.718456308738252e-05
392	1253717563	5000.0	0.001	0.00012	0.0001	0.093814	0.8762523895220956,0.1223628074385123,0.001384363127374525,4.399120175964807e-07
388	2898908709	5000.0	0.001	0.00012	0.0001	-0.481994	0.8200856628674266,0.15511773645270946,0.024584083183363328,0.0002124775044991002,3.9992001599680065e-08
391	3774150194	5000.0	0.001	0.00012	0.0001	0.214613	0.8429336932613477,0.14904007198560287,0.007698500299940012,0.00032773445310937813
393	1842742856	5000.0	0.001	0.00012	0.0001	-0.292219	0.8537017396520696,0.13356788642271547,0.012715416916616677,1.4957008598280344e-05
394	1555164747	5000.0	0.001	0.00012	0.0001	-0.040827	0.9685320135972806,0.03128622275544891,0.00018168366326734654,7.998400319936013e-08
395	3179667021	5000.0	0.001	0.00012	0.0001	-0.076903	0.908481823635273,0.08395376924615076,0.007458988202359528,0.00010541891621675665
397	3719788112	5000.0	0.001	0.00012	0.0001	0.194392	0.8508973405318936,0.13811505698860227,0.010976084783043391,1.1517696460707858e-05
398	2263559761	5000.0	0.001	0.00012	0.0001	-0.088299	0.9495135772845431,0.048922135572885425,0.0015641671665666866,1.199760047990402e-07
396	1365327439	5000.0	0.001	0.00012	0.0001	0.031938	0.9549785642871426,0.04412365526894621,0.0008977804439112177
400	2402895445	5000.0	0.001	0.00012	0.0001	-0.337221	0.9219801639672066,0.07701559688062387,0.0010019596080783843,2.279544091181764e-06
399	749200980	5000.0	0.001	0.00012	0.0001	-0.072311	0.9237329334133173,0.07562251549690062,0.0006443511297740452,1.9996000799840033e-07
401	2572559957	5000.0	0.001	0.00012	0.0001	-0.311337	0.923456348730254,0.07496888622275545,0.0015659668066386723,8.798240351929614e-06
402	1650765408	5000.0	0.001	0.00012	0.0001	0.337613	0.9049882023595281,0.08957168566286743,0.005369486102779444,7.062587482503499e-05
403	907667042	5000.0	0.001	0.00012	0.0001	0.096123	0.9325345730853829,0.06306522695460907,0.004391601679664067,8.598280343931213e-06
405	2822209132	5000.0	0.001	0.00012	0.0001	-0.100795	0.9462053989202159,0.05286938612277545,0.0009235352929414118,1.6796640671865626e-06
407	4008404590	5000.0	0.001	0.00012	0.0001	0.017409	0.9038943411317737,0.09171181763647271,0.003915416916616676,0.0004784243151369726
408	3735387762	5000.0	0.001	0.00012	0.0001	-0.094251	0.9420190361927614,0.05614749050189962,0.0011104179164167166,0.0006852229554089182,3.783243351329734e-05
411	3172888191	5000.0	0.001	0.00012	0.0001	0.479847	0.9122229554089182,0.08576616676664667,0.002005238952209558,5.6388722255548894e-06
410	3119648381	5000.0	0.001	0.00012	0.0001	0.222861	0.9411085782843431,0.05545222955408918,0.003420755848830234,1.843631273745251e-05
406	1328854637	5000.0	0.001	0.00012	0.0001	0.041359	0.9759629674065187,0.023688822235552888,0.00034813037392521494,7.998400319936013e-08
414	1968803470	5000.0	0.001	0.00012	0.0001	-0.125172	0.9281252949410118,0.07147962407518496,0.00039508098380323936
413	925781635	5000.0	0.001	0.00012	0.0001	-0.181573	0.9103191361727655,0.08865850829834034,0.0010223555288942211
415	2719194768	5000.0	0.001	0.00012	0.0001	0.273600	0.9166563087382523,0.0824615876824635,0.0008668266346730654,1.5276944611077784e-05
416	864251538	5000.0	0.001	0.00012	0.0001	0.086454	0.9221620075984803,0.07602427514497101,0.001741131773645271,7.258548290341932e-05
418	3767498399	5000.0	0.001	0.00012	0.0001	0.417005	0.8833372125574885,0.1161132173565287,0.000549490101979604,7.998400319936013e-08
404	2083192418	5000.0	0.001	0.00012	0.0001	0.136636	0.9487105778844231,0.049337292541491704,0.0018608278344331133,9.130173965206959e-05
412	1997018751	5000.0	0.001	0.00012	0.0001	-0.120197	0.9505908418316337,0.04447574485102979,0.004924615076984603,8.798240351929614e-06
417	3206999700	5000.0	0.001	0.00012	0.0001	-0.230372	0.907952049590082,0.09128382323535293,0.000764127174565087
420	3955877554	5000.0	0.001	0.00012	0.0001	-0.023060	0.8964244351129774,0.10226694661067787,0.0012737852429514098,3.4833033393321335e-05
421	610561716	5000.0	0.001	0.00012	0.0001	-0.187621	0.9225171365726854,0.07189046190761848,0.005568526294741052,2.3875224955008998e-05
422	4266716862	5000.0	0.001	0.00012	0.0001	-0.047282	0.9151123775244951,0.08182143571285742,0.003047230553889222,1.895620875824835e-05
419	3312264877	5000.0	0.001	0.00012	0.0001	-0.189926	0.9172846230753849,0.08154525094981004,0.0011685662867426515,1.5596880623875224e-06
409	2937230970	5000.0	0.001	0.00012	0.0001	0.708490	0.7550911417716457,0.23701207758448312,0.0077088982203559284,0.00018768246350729854,1.9996000799840033e-07
429	2828957402	5000.0	0.001	0.00012	0.0001	0.014852	0.9268137172565487,0.07221147770445911,0.0009745650869826035,2.399520095980804e-07
426	4071063239	5000.0	0.001	0.00012	0.0001	-0.064489	0.9279758448310338,0.07143411317736453,0.00059000199960008,3.9992001599680065e-08
425	2394922693	5000.0	0.001	0.00012	0.0001	0.112162	0.8679575284943012,0.12154757048590283,0.010464667066586683,3.023395320935813e-05
428	2402795217	5000.0	0.001	0.00012	0.0001	-0.026713	0.9468721455708858,0.05002943411317737,0.0030416316736652667,5.6788642271545693e-05
423	2563602113	5000.0	0.001	0.00012	0.0001	-0.324578	0.911818676264747,0.0876118376324735,0.0005694861027794442
424	1034333890	5000.0	0.001	0.00012	0.0001	-0.156151	0.719479224155169,0.265778324335133,0.01465622875424915,8.622275544891022e-05
427	1699636938	5000.0	0.001	0.00012	0.0001	-0.412853	0.8472457908418316,0.13369674065186962,0.019013677264547092,4.379124175164967e-05
430	3048079080	5000.0	0.001	0.00012	0.0001	-1.086907	0.7704835432913417,0.21867862427514498,0.010695460907818437,0.00014237152569486104
431	4124083944	5000.0	0.001	0.00012	0.0001	0.190934	0.9366548290341932,0.06266582683463308,0.0006793441311737652
432	3095996140	5000.0	0.001	0.00012	0.0001	0.169330	0.8337520895820836,0.12787866426714656,0.038251829634073184,0.00011741651669666067
435	228034291	5000.0	0.001	0.00012	0.0001	-0.482088	0.8174817036592682,0.14328238352329534,0.03907630473905219,0.00015960807838432314
436	3445169910	5000.0	0.001	0.00012	0.0001	-0.188315	0.9502130373925215,0.045262907418516296,0.004517296540691862,6.758648270345931e-06
433	3105955567	5000.0	0.001	0.00012	0.0001	0.262249	0.9436900219956009,0.05595800839832034,0.00035196960607878426
437	1963030271	5000.0	0.001	0.00012	0.0001	-0.270971	0.9403953209358128,0.0594624275144971,0.000142251549690062
439	2145851145	5000.0	0.001	0.00012	0.0001	0.141483	0.9564378724255149,0.043146970605878826,0.0004150369926014797,1.199760047990402e-07
434	3445700338	5000.0	0.001	0.00012	0.0001	0.613272	0.5788219156168766,0.3929146970605879,0.027835992801439714,0.00042575484903019395,1.6396720655868826e-06
440	1210871567	5000.0	0.001	0.00012	0.0001	-0.021408	0.962000799840032,0.037094621075784845,0.0008969806038792242,7.5984803039392126e-06
438	662480646	5000.0	0.001	0.00012	0.0001	0.378873	0.9133387722455509,0.0814,0.005259788042391521,1.4397120575884822e-06
441	395900690	5000.0	0.001	0.00012	0.0001	0.118047	0.9503428514297141,0.049355648870225956,0.000301499700059988
442	12529427	5000.0	0.001	0.00012	0.0001	-0.026080	0.9144263547290542,0.0849629674065187,0.0006103179364127174,3.5992801439712056e-07
443	1685362455	5000.0	0.001	0.00012	0.0001	-0.183229	0.9436189562087582,0.05445358928214357,0.001926374725054989,1.0797840431913617e-06
444	1207334679	5000.0	0.001	0.00012	0.0001	-0.679489	0.8458185162967407,0.14631497700459908,0.007858588282343532,7.918416316736653e-06
446	547178271	5000.0	0.001	0.00012	0.0001	0.374794	0.935275424915017,0.05760343931213757,0.007111457708458308,9.678064387122576e-06
449	2589873961	5000.0	0.001	0.00012	0.0001	0.464476	0.9064026794641071,0.08978896220755848,0.0035197760447910416,0.00028854229154169164,3.9992001599680065e-08
445	2695587611	5000.0	0.001	0.00012	0.0001	-0.230330	0.9127882823435313,0.08688594281143772,0.00032513497300539894,6.39872025594881e-07
447	3217227553	5000.0	0.001	0.00012	0.0001	-0.543852	0.8527410917816437,0.14074445110977804,0.006491381723655269,2.3075384923015396e-05
448	2667579174	5000.0	0.001	0.00012	0.0001	-0.205023	0.8672447110577884,0.12673437312537492,0.005973165366926615,4.7750449910017995e-05
452	2703519537	5000.0	0.001	0.00012	0.0001	-0.218281	0.9147340931813637,0.08293977204559089,0.002325414917016597,7.198560287942411e-07
450	4184319786	5000.0	0.001	0.00012	0.0001	0.106234	0.9602133973205359,0.03964627074585083,0.00014033193361327734
451	4260927275	5000.0	0.001	0.00012	0.0001	0.280682	0.7509088182363527,0.24070669866026795,0.008294781043791243,8.970205958808238e-05
453	645091121	5000.0	0.001	0.00012	0.0001	-0.126324	0.9448207558488302,0.05352013597280544,0.0016589082183563286,1.9996000799840033e-07
454	651876151	5000.0	0.001	0.00012	0.0001	0.262202	0.9402466706658669,0.059553369326134774,0.000199000199960008,9.598080383923216e-07
456	2413633346	5000.0	0.001	0.00012	0.0001	0.127403	0.9367204559088183,0.058916776644671064,0.004351089782043591,1.1677664467106578e-05
457	2959255363	5000.0	0.001	0.00012	0.0001	-0.486179	0.8784120775844831,0.11898260347930414,0.002601639672065587,3.679264147170566e-06
455	1032281920	5000.0	0.001	0.00012	0.0001	-0.170543	0.9145774845030994,0.08390365926814637,0.001518376324735053,4.799040191961608e-07
458	1303224131	5000.0	0.001	0.00012	0.0001	-0.344979	0.821899700059988,0.17603063387322535,0.0020693061387722454,3.5992801439712056e-07
460	3266099022	5000.0	0.001	0.00012	0.0001	0.242123	0.9056679464107179,0.09320603879224156,0.0011258948210357929,1.199760047990402e-07
461	3299706709	5000.0	0.001	0.00012	0.0001	-0.301628	0.9232952209558088,0.07585794841031794,0.0008445910817836432,2.2395520895820834e-06
462	2214016859	5000.0	0.001	0.00012	0.0001	-0.000332	0.9712429514097181,0.028091981603679265,0.000654749050189962,1.0317936412717456e-05
459	1692952389	5000.0	0.001	0.00012	0.0001	0.393406	0.6941151769646071,0.2797512897420516,0.02611385722855429,1.9676064787042592e-05
463	25771878	5000.0	0.001	0.00012	0.0001	0.051548	0.9408080783843231,0.05899872025594881,0.0001932013597280544
464	617545575	5000.0	0.001	0.00012	0.0001	0.020311	0.9039205358928214,0.0947380123975205,0.001341371725654869,7.998400319936013e-08
465	3326068586	5000.0	0.001	0.00012	0.0001	0.214742	0.9545963607278545,0.045055428914217155,0.00034589082183563287,2.319536092781444e-06
466	3159986030	5000.0	0.001	0.00012	0.0001	0.650805	0.6654675864827034,0.3098830233953209,0.0245374525094981,0.0001119376124775045
468	3256813432	5000.0	0.001	0.00012	0.0001	0.429147	0.9273630873825235,0.07153401319736052,0.001102619476104779,2.7994401119776043e-07
467	2493511543	5000.0	0.001	0.00012	0.0001	0.300256	0.9301280543891222,0.06841911617676465,0.0014528294341131774
469	1691060087	5000.0	0.001	0.00012	0.0001	0.662970	0.8142769846030794,0.1764878224355129,0.009214397120575885,2.0795840831833633e-05
471	427327368	5000.0	0.001	0.00012	0.0001	-0.455596	0.8853008598280344,0.11214473105378925,0.0025540891821635675,3.199360127974405e-07
470	3954763650	5000.0	0.001	0.00012	0.0001	0.048889	0.9529756848630274,0.04693477304539092,8.954209158168366e-05
472	3565768588	5000.0	0.001	0.00012	0.0001	0.153025	0.882417276544691,0.10929714057188562,0.00688122375524895,0.0014002799440111977,4.079184163167366e-06
474	838780817	5000.0	0.001	0.00012	0.0001	0.228594	0.9449400519896021,0.054926574685062984,0.000133373325334933
473	1015478160	5000.0	0.001	0.00012	0.0001	-0.445619	0.9168360327934413,0.07970489902019597,0.003422075584883023,3.699260147970406e-05
475	1836611480	5000.0	0.001	0.00012	0.0001	-0.036438	0.9006173565286942,0.0989882023595281,0.00039432113577284543,1.199760047990402e-07
477	2781829021	5000.0	0.001	0.00012	0.0001	0.262286	0.8858626674665067,0.1080373125374925,0.006069746050789842,3.027394521095781e-05
478	2997485471	5000.0	0.001	0.00012	0.0001	-0.230446	0.9495000199960008,0.0453368126374725,0.005160047990401919,3.119376124775045e-06
476	2980382617	5000.0	0.001	0.00012	0.0001	0.138978	0.7960444711057788,0.1388883823235353,0.06430133973205358,0.000610877824435113,0.00015492901419716056
479	2977734560	5000.0	0.001	0.00012	0.0001	0.195136	0.897247150569886,0.09643407318536293,0.006272105578884224,4.6670665866826635e-05
480	1668872097	5000.0	0.001	0.00012	0.0001	-0.151730	0.9422243151369726,0.05474001199760048,0.0030339132173565287,1.7596480703859228e-06
481	2573563808	5000.0	0.001	0.00012	0.0001	0.018526	0.9249666066786643,0.07418600279944011,0.0008297940411917616,1.7596480703859228e-05
482	1186289571	5000.0	0.001	0.00012	0.0001	-0.116098	0.9080550689862028,0.09140211957608478,0.0005423715256948611,4.399120175964807e-07
483	703541157	5000.0	0.001	0.00012	0.0001	-0.084709	0.9663597280543891,0.028927934413117376,0.004693941211757649,1.839632073585283e-05
486	4038109100	5000.0	0.001	0.00012	0.0001	-0.260200	0.939847150569886,0.0597622075584883,0.0003903619276144771,2.7994401119776043e-07
484	1583101866	5000.0	0.001	0.00012	0.0001	-0.744922	0.8057997200559888,0.1742016796640672,0.01982871425714857,0.00016836632673465307,1.5196960607878424e-06
485	2634862507	5000.0	0.001	0.00012	0.0001	0.123070	0.9433824435112977,0.05615788842231554,0.0004594281143771246,2.399520095980804e-07
487	1355382708	5000.0	0.001	0.00012	0.0001	-0.038604	0.9330390721855629,0.06621447710457909,0.0006967806438712258,4.967006598680264e-05
488	321171397	5000.0	0.001	0.00012	0.0001	-0.087757	0.9349641271745651,0.05484271145770846,0.010162247550489901,3.091381723655269e-05
490	1375248333	5000.0	0.001	0.00012	0.0001	0.067825	0.9236707058588283,0.0760254349130174,0.0003037792441511698,7.998400319936013e-08
491	4067868627	5000.0	0.001	0.00012	0.0001	0.132750	0.9261033793241352,0.07110933813237352,0.0027810837832433514,6.19876024795041e-06
489	1138882508	5000.0	0.001	0.00012	0.0001	-0.408693	0.9128914617076584,0.08632925414917017,0.0007792441511697661,3.9992001599680065e-08
493	2756169690	5000.0	0.001	0.00012	0.0001	-0.020483	0.9393408518296341,0.05490621875624875,0.005580763847230554,0.000172125574885023,3.9992001599680065e-08
492	1791109079	5000.0	0.001	0.00012	0.0001	-0.058066	0.9672269946010797,0.03258024395120976,0.0001919616076784643,7.998400319936013e-07
495	3504250854	5000.0	0.001	0.00012	0.0001	-0.218222	0.9335813637272545,0.059517656468706256,0.00679252149570086,0.00010845830833833234
497	4002535405	5000.0	0.001	0.00012	0.0001	-1.149580	0.7870287942411518,0.17978104379124174,0.0321872425514897,0.001001999600079984,9.198160367926415e-07
494	3653779424	5000.0	0.001	0.00012	0.0001	0.268258	0.8696641871625674,0.12864187162567486,0.0016937812437512498,1.5996800639872026e-07
496	2009704427	5000.0	0.001	0.00012	0.0001	-0.538466	0.8756457108578284,0.1197746850629874,0.0042482303539292145,0.0003310137972405519,3.5992801439712056e-07
498	2142969840	5000.0	0.001	0.00012	0.0001	0.145098	0.9403576884623075,0.059252829434113176,0.0003889622075584883,5.198960207958409e-07
499	3374358523	5000.0	0.001	0.00012	0.0001	0.397089	0.8678735852829434,0.11204011197760448,0.020058068386322736,2.8234353129374125e-05
