sim_id	seed	popsize	selcoef	sigma	mutrate	velocity	profile
3	585351183	5000.0	0.001	0.00162	0.0001	0.970481	0.6964229954009198,0.29420955808838234,0.009357368526294742,1.0077984403119377e-05
12	4113061933	5000.0	0.001	0.00162	0.0001	0.919711	0.5446453909218156,0.40188126374725053,0.05306130773845231,0.00041151769646070787,5.198960207958409e-07
16	3468800055	5000.0	0.001	0.00162	0.0001	1.462963	0.7036094781043791,0.2878995400919816,0.008211677664467107,0.00027926414717056587,3.9992001599680065e-08
17	4004739131	5000.0	0.001	0.00162	0.0001	0.440874	0.8766972605478904,0.12117148570285943,0.002028514297140572,0.00010269946010797841,3.9992001599680065e-08
4	1541949460	5000.0	0.001	0.00162	0.0001	-0.565102	0.7022141971605679,0.27488022395520895,0.02259008198360328,0.00031537692461507696,1.199760047990402e-07
15	646191156	5000.0	0.001	0.00162	0.0001	2.824274	0.2692847430513897,0.5915223755248951,0.1369746050789842,0.0022113177364527095,6.958608278344331e-06
8	3988412453	5000.0	0.001	0.00162	0.0001	-0.197048	0.9241973605278945,0.07328234353129374,0.0025195760847830434,7.198560287942411e-07
14	1500534834	5000.0	0.001	0.00162	0.0001	3.984344	0.07559012197560488,0.3967386922615477,0.47296656668666265,0.052775764847030594,0.0019285342931413718,3.199360127974405e-07
0	1829281802	5000.0	0.001	0.00162	0.0001	1.984948	0.5193877624475105,0.4598497100579884,0.0194250349930014,0.0013349730053989202,2.519496100779844e-06
11	2074046508	5000.0	0.001	0.00162	0.0001	2.254967	0.4990548290341932,0.44006718656268745,0.0596127574485103,0.0012563487302539491,8.878224355128975e-06
13	844478511	5000.0	0.001	0.00162	0.0001	-0.013746	0.0025238952209558087,0.8469290141971606,0.1360003199360128,0.014529254149170166,1.7516496700659867e-05
10	241430571	5000.0	0.001	0.00162	0.0001	0.569056	0.039839632073585284,0.5003512897420516,0.38255788842231553,0.07365854829034194,0.0034978204359128176,9.482103579284143e-05
2	1641261066	5000.0	0.001	0.00162	0.0001	0.777518	0.5893290541891621,0.3987030593881224,0.011940491901619676,2.7394521095780843e-05
6	3119347741	5000.0	0.001	0.00162	0.0001	3.070187	0.4368803439312138,0.5556885022995401,0.007403439312137572,2.7714457108578283e-05
7	2434537509	5000.0	0.001	0.00162	0.0001	0.991271	0.3688046790641872,0.46012009598080383,0.15724167166566685,0.013818676264747051,1.4877024595080984e-05
18	1740365891	5000.0	0.001	0.00162	0.0001	1.043184	0.4855359328134373,0.4892455108978204,0.02452133573285343,0.0006971405718856229,7.998400319936013e-08
1	1149874186	5000.0	0.001	0.00162	0.0001	3.474997	0.10303383323335333,0.6702279544091182,0.21703483303339333,0.00959484103179364,0.00010853829234153169
9	3788159018	5000.0	0.001	0.00162	0.0001	2.939243	0.09404567086582684,0.8059710857828434,0.09938348330333933,0.0005997600479904019
5	3322730521	5000.0	0.001	0.00162	0.0001	2.896841	0.5284211157768446,0.4382328734253149,0.03272389522095581,0.0006216756648670266,4.399120175964807e-07
19	2495164487	5000.0	0.001	0.00162	0.0001	0.930206	0.03117360527894421,0.7226725454909019,0.2425609278144371,0.0035915616876624674,1.3597280543891223e-06
21	4207978573	5000.0	0.001	0.00162	0.0001	0.787046	0.8156168366326735,0.18004695060987802,0.004327014597080584,9.198160367926415e-06
22	4029229137	5000.0	0.001	0.00162	0.0001	1.303609	0.541376524695061,0.44956428714257146,0.00896868626274745,9.050189962007599e-05
20	1218148425	5000.0	0.001	0.00162	0.0001	2.913774	0.3609093781243751,0.5897373725254949,0.04721039792041592,0.002142371525694861,4.799040191961608e-07
23	2458013778	5000.0	0.001	0.00162	0.0001	2.104437	0.41299064187162565,0.5550692661467707,0.0300249950009998,0.001912137572485503,2.959408118376325e-06
25	4227444829	5000.0	0.001	0.00162	0.0001	0.113085	0.009439632073585284,0.9598299140171965,0.03025390921815637,0.000476504699060188,3.9992001599680065e-08
28	2425540708	5000.0	0.001	0.00162	0.0001	-1.322987	0.7024391521695661,0.19012237552489503,0.06033049390121976,0.04399708058388322,0.003102019596080784,8.878224355128975e-06
24	2827446361	5000.0	0.001	0.00162	0.0001	0.753520	0.7073451709658068,0.2875908018396321,0.0050582683463307335,5.758848230353929e-06
31	3030997096	5000.0	0.001	0.00162	0.0001	0.322097	0.8971420915816837,0.1013622875424915,0.0014671065786842632,2.8514297140571885e-05
27	205555808	5000.0	0.001	0.00162	0.0001	2.799622	0.4668538692261548,0.4460624675064987,0.08373021395720856,0.003351889622075585,1.5596880623875224e-06
36	3216019580	5000.0	0.001	0.00162	0.0001	1.463238	0.06794641071785643,0.4645898420315937,0.41829514097180565,0.04831537692461508,0.0008532293541291742
29	1700253798	5000.0	0.001	0.00162	0.0001	0.107114	0.9411753649270146,0.05775928814237152,0.0010651869626074784,1.5996800639872026e-07
39	170918021	5000.0	0.001	0.00162	0.0001	0.305876	0.8842146770645871,0.11413993201359728,0.0016449110177964407,4.799040191961608e-07
37	2625058942	5000.0	0.001	0.00162	0.0001	2.279065	0.33729194161167764,0.5176030793841232,0.14213553289342132,0.0027616876624675067,0.00020775844831033793
32	3001864297	5000.0	0.001	0.00162	0.0001	3.257526	0.3090407118576285,0.6140589082183563,0.07210889822035593,0.0031660467906418715,0.0016253149370125974,1.199760047990402e-07
38	2019864708	5000.0	0.001	0.00162	0.0001	2.975242	0.19149586082783443,0.7084925014997001,0.09962979404119177,0.0003818036392721456,3.9992001599680065e-08
26	1862041695	5000.0	0.001	0.00162	0.0001	0.725550	0.610684623075385,0.2697174165166967,0.11691869626074786,0.0026764247150569886,2.8394321135772845e-06
30	4167403623	5000.0	0.001	0.00162	0.0001	1.671858	0.4406734653069386,0.5112819036192762,0.04656804639072185,0.0014763447310537892,2.399520095980804e-07
34	1625473142	5000.0	0.001	0.00162	0.0001	0.497599	0.4990874225154969,0.046345530893821235,0.4446034393121376,0.009432753449310138,0.0004945410917816436,3.623275344931014e-05,7.998400319936013e-08
35	1422946426	5000.0	0.001	0.00162	0.0001	0.899298	0.6317360927814437,0.3514357928414317,0.0166751849630074,0.00015280943811237752,1.199760047990402e-07
33	576295029	5000.0	0.001	0.00162	0.0001	1.025614	0.5614167966406719,0.2807338532293541,0.15669438112377523,0.0011547690461907619,1.9996000799840033e-07
41	2543683722	5000.0	0.001	0.00162	0.0001	0.114164	0.9598025194961007,0.03945442911417717,0.000742131573685263,9.198160367926415e-07
42	2282451083	5000.0	0.001	0.00162	0.0001	1.364465	0.7989596880623875,0.18573077384523096,0.01527990401919616,2.9634073185362926e-05
43	2517676175	5000.0	0.001	0.00162	0.0001	0.798642	0.6136200759848031,0.37426526694661066,0.011718296340731854,0.0003958808238352329,4.799040191961608e-07
47	490700958	5000.0	0.001	0.00162	0.0001	0.983469	0.6542014397120576,0.33992117576484704,0.005678224355128974,0.00019912017596480705,3.9992001599680065e-08
45	84617368	5000.0	0.001	0.00162	0.0001	1.857053	0.13830805838832233,0.6372893821235753,0.21605858828234353,0.008029434113177365,0.00030869826034793043,5.838832233553289e-06
44	1019787410	5000.0	0.001	0.00162	0.0001	5.104622	0.14808918216356728,0.5086588682263548,0.31390261947610476,0.02841111777644471,0.0009307338532293541,7.478504299140172e-06
40	3993536647	5000.0	0.001	0.00162	0.0001	2.309807	0.5361380923815237,0.3605856028794241,0.09853285342931414,0.0047089382123575284,3.45130973805239e-05
46	3721068696	5000.0	0.001	0.00162	0.0001	4.822621	0.05576560687862427,0.5265410917816437,0.3992995800839832,0.017538452309538093,0.0008552289542091582,3.9992001599680065e-08
49	766617761	5000.0	0.001	0.00162	0.0001	3.532222	0.21434069186162769,0.677401399720056,0.10357908418316336,0.003841751649670066,0.0008353529294141172,1.7196560687862428e-06
54	3119513782	5000.0	0.001	0.00162	0.0001	-0.629790	0.818866426714657,0.16131729654069185,0.017922855428914218,0.001892141571685663,1.279744051189762e-06
51	2725927076	5000.0	0.001	0.00162	0.0001	1.736364	0.4468986202759448,0.5169502899420116,0.035830993801239754,0.00032009598080383925
52	3569873065	5000.0	0.001	0.00162	0.0001	1.392652	0.7463168566286743,0.14373181363727255,0.10885454909018197,0.0010967006598680265,7.998400319936013e-08
53	2392015022	5000.0	0.001	0.00162	0.0001	1.768289	0.4108238352329534,0.5634577884423115,0.02521747650469906,0.0005008998200359928
61	1040869573	5000.0	0.001	0.00162	0.0001	2.702788	0.4747766446710658,0.4297231353729254,0.09245390921815637,0.0029444511097780446,0.00010185962807438512
60	3850010821	5000.0	0.001	0.00162	0.0001	4.117925	0.23173021395720855,0.6213597280543891,0.1453385722855429,0.0015691661667666466,2.319536092781444e-06
48	4054110368	5000.0	0.001	0.00162	0.0001	-0.435170	0.90444675064987,0.08220439912017596,0.012736692661467706,0.0006121575684863027
55	1432139960	5000.0	0.001	0.00162	0.0001	4.929401	0.19754073185362928,0.7464119176164767,0.055046310737852426,0.0010010397920415916
62	462041293	5000.0	0.001	0.00162	0.0001	1.730914	0.5107649670065987,0.41424311137772446,0.06846654669066186,0.006492901419716057,3.2473505298940215e-05
65	2570969305	5000.0	0.001	0.00162	0.0001	2.960200	0.1913636472705459,0.6443960407918417,0.15039452109578083,0.013791961607678465,5.3829234153169363e-05
64	2701435095	5000.0	0.001	0.00162	0.0001	4.112619	0.341774725054989,0.5910850229954009,0.06652141571685663,0.0006188362327534493
63	1489357005	5000.0	0.001	0.00162	0.0001	5.032498	0.034116576684663065,0.40928450309938014,0.5240955408918216,0.030870665866826633,0.001607238552289542,2.54749050189962e-05
50	4128901281	5000.0	0.001	0.00162	0.0001	4.362174	0.07669062187562488,0.4324797840431914,0.43982999400119976,0.0488498700259948,0.0021450909818036394,4.639072185562888e-06
56	596859064	5000.0	0.001	0.00162	0.0001	0.404536	0.17081511697660468,0.7340634673065387,0.09370445910817836,0.001415636872625475,1.319736052789442e-06
66	1740288223	5000.0	0.001	0.00162	0.0001	1.584134	0.6412317536492701,0.3266135572885423,0.03121611677664467,0.0009376924615076984,8.798240351929614e-07
57	1046565050	5000.0	0.001	0.00162	0.0001	0.049979	0.6489311337732454,0.34101935612877426,0.009925294941011797,0.00012421515696860627
59	124498116	5000.0	0.001	0.00162	0.0001	2.465872	0.5634498700259948,0.4287020595880824,0.00784367126574685,4.399120175964807e-06
58	3591602366	5000.0	0.001	0.00162	0.0001	0.370873	0.8929564487102579,0.10116060787842432,0.0058749450109978,7.998400319936012e-06
67	2693558506	5000.0	0.001	0.00162	0.0001	3.353637	0.5095144571085782,0.4287019396120776,0.059306498700259946,0.002476464707058588,6.39872025594881e-07
70	2453059819	5000.0	0.001	0.00162	0.0001	2.077521	0.503075624875025,0.48192881423715256,0.014885542891421716,0.00011001799640071985
69	1986351340	5000.0	0.001	0.00162	0.0001	-0.403633	0.8328431513697261,0.16114725054989001,0.005982723455308938,2.6874625074985e-05
71	1459368186	5000.0	0.001	0.00162	0.0001	-0.198018	0.8412330333933213,0.15609666066786643,0.0026187162567486502,5.1349730053989205e-05,2.399520095980804e-07
73	4146727168	5000.0	0.001	0.00162	0.0001	3.081796	0.10393141371725655,0.6657631673665267,0.2127638072385523,0.017494701059788044,4.691061787642472e-05
68	2274101483	5000.0	0.001	0.00162	0.0001	2.741639	0.3606777844431114,0.5620235552889422,0.0747370925814837,0.0025608478304339133,7.198560287942411e-07
79	1063842063	5000.0	0.001	0.00162	0.0001	0.586037	0.8814641471705659,0.11496396720655869,0.0035688062387522496,3.079384123175365e-06
78	1101666573	5000.0	0.001	0.00162	0.0001	2.665413	0.28939732053589284,0.6224207158568287,0.0871007798440312,0.0007600879824035193,0.00032073585282943413,3.5992801439712056e-07
80	2193357073	5000.0	0.001	0.00162	0.0001	0.094138	0.9114540691861628,0.08639208158368326,0.0021524095180963806,1.4397120575884822e-06
77	1324869900	5000.0	0.001	0.00162	0.0001	1.437458	0.10814837032593481,0.7385008598280344,0.14584359128174365,0.007476504699060188,3.0673865226954606e-05
83	791791907	5000.0	0.001	0.00162	0.0001	2.588499	0.07411997600479904,0.8296036392721455,0.09486430713857229,0.0014118376324735052,2.399520095980804e-07
72	2212964607	5000.0	0.001	0.00162	0.0001	-0.141144	0.0012984603079384124,0.8986141171765647,0.07939580083983204,0.020611597680463906,8.002399520095981e-05
81	2174816536	5000.0	0.001	0.00162	0.0001	6.204027	0.12899132173565286,0.3124107178564287,0.4330484703059388,0.12443143371325735,0.0011179764047190561,7.998400319936013e-08
87	4236845358	5000.0	0.001	0.00162	0.0001	2.712710	0.7014843831233754,0.2882357128574285,0.010257828434313138,2.2075584883023396e-05
82	3131564315	5000.0	0.001	0.00162	0.0001	1.317060	0.29504331133773243,0.5859107778444311,0.11558480303939213,0.0034572685462907417,3.839232153569286e-06
88	4127646000	5000.0	0.001	0.00162	0.0001	5.621257	0.04698600279944011,0.33782819436112776,0.48126790641871625,0.1331119776044791,0.000805878824235153,3.9992001599680065e-08
86	615579950	5000.0	0.001	0.00162	0.0001	2.579430	0.13374733053389323,0.5984643471305738,0.2511138972205559,0.016614397120575886,6.0027994401119776e-05
74	4231588102	5000.0	0.001	0.00162	0.0001	7.711946	0.005394401119776045,0.10152573485302939,0.23253221355728854,0.4291736452709458,0.21158136372725456,0.019650789842031592,0.0001418516296740652
89	2301290800	5000.0	0.001	0.00162	0.0001	4.915631	0.1585492101579684,0.5596158768246351,0.27535208958208357,0.006422195560887823,6.062787442511498e-05
84	3055223078	5000.0	0.001	0.00162	0.0001	3.663569	0.5031286942611478,0.17135400919816038,0.21060543891221756,0.10824087182563487,0.006633473305338932,3.75124975004999e-05
75	3684991240	5000.0	0.001	0.00162	0.0001	1.684179	0.7527864427114577,0.24172861427714457,0.0048572685462907415,0.0006276344731053789,3.9992001599680065e-08
90	1717545267	5000.0	0.001	0.00162	0.0001	2.063139	0.634389802039592,0.35905286942611475,0.00654497100579884,1.235752849430114e-05
85	2311625005	5000.0	0.001	0.00162	0.0001	3.224958	0.24141687662467506,0.6374461907618476,0.11557864427114577,0.0055158168366326735,4.247150569886023e-05
76	3659262219	5000.0	0.001	0.00162	0.0001	2.145377	0.5947941611677664,0.40022139572085585,0.004979564087182564,4.879024195160968e-06
91	2216823092	5000.0	0.001	0.00162	0.0001	1.041955	0.6688535892821436,0.3016505898820236,0.029265506898620276,0.00023031393721255748
94	1512024376	5000.0	0.001	0.00162	0.0001	4.794837	0.04812761447710458,0.33713641271745654,0.5838628674265147,0.02891613677264547,0.001956848630273945,1.199760047990402e-07
93	3233239349	5000.0	0.001	0.00162	0.0001	2.614928	0.3438333933213357,0.4445388522295541,0.19571529694061188,0.015626314737052588,0.00028590281943611276,2.399520095980804e-07
95	1758499129	5000.0	0.001	0.00162	0.0001	2.932937	0.24010765846830634,0.45770745850829836,0.2789268546290742,0.023164247150569885,9.378124375124975e-05
97	2115268924	5000.0	0.001	0.00162	0.0001	2.265426	0.5558401919616077,0.4251808438312338,0.018636912617476506,0.0003420115976804639,3.9992001599680065e-08
96	4012626236	5000.0	0.001	0.00162	0.0001	2.741485	0.2557617676464707,0.6822735452909419,0.06075284943011398,0.001209398120375925,2.2395520895820834e-06,1.9996000799840033e-07
92	288913717	5000.0	0.001	0.00162	0.0001	1.035966	0.6052469106178764,0.3767296140771846,0.017965686862627474,5.7788442311537694e-05
100	103805250	5000.0	0.001	0.00162	0.0001	0.289584	0.3927486102779444,0.5877345330933813,0.01944107178564287,7.578484303139372e-05
102	1090756945	5000.0	0.001	0.00162	0.0001	-0.016157	0.9609385322935413,0.03818580283943211,0.0008756648670265947
105	360399202	5000.0	0.001	0.00162	0.0001	1.525028	0.5072365126974605,0.465145850829834,0.02729242151569686,0.0003252149570085983
106	144316771	5000.0	0.001	0.00162	0.0001	-0.079105	0.7872700659868026,0.21032925414917017,0.0021685662867426516,0.0002321135772845431
108	575865190	5000.0	0.001	0.00162	0.0001	2.319947	0.5219576084783043,0.46452705458908217,0.0134249550089982,9.038192361527694e-05
109	694940011	5000.0	0.001	0.00162	0.0001	2.588623	0.2232126374725055,0.2163867226554689,0.48661375724855027,0.06524151169766047,0.008541651669666066,3.719256148770246e-06
101	3094724933	5000.0	0.001	0.00162	0.0001	1.850933	0.037273385322935414,0.8011517696460708,0.14104595080983803,0.02032117576484703,0.0002075984803039392,1.199760047990402e-07
107	3033839973	5000.0	0.001	0.00162	0.0001	4.231331	0.048554729054189165,0.0363247350529894,0.5844587882423515,0.3198524295140972,0.010771485702859428,3.783243351329734e-05
99	3500314940	5000.0	0.001	0.00162	0.0001	4.991806	0.07138136372725455,0.39776744651069784,0.4717786842631474,0.05744727054589082,0.0016006398720255948,2.459508098380324e-05
98	2326061372	5000.0	0.001	0.00162	0.0001	0.961930	0.5807231353729254,0.39446502699460106,0.02477868426314737,3.315336932613477e-05
113	2484740467	5000.0	0.001	0.00162	0.0001	1.342401	0.034954649070185966,0.7830981803639272,0.1738635472905419,0.008054149170165966,2.8754249150169967e-05,7.198560287942411e-07
103	1629913431	5000.0	0.001	0.00162	0.0001	1.916911	0.05392313537292542,0.5240287542491502,0.4141156168766247,0.007894461107778444,3.803239352129574e-05
112	2383978867	5000.0	0.001	0.00162	0.0001	0.633454	0.559756848630274,0.41280927814437113,0.02659504099180164,0.0008385922815436912,2.399520095980804e-07
111	1038952818	5000.0	0.001	0.00162	0.0001	1.801741	0.4843616876624675,0.4906886222755449,0.023655428914217156,0.0012941811637672464,7.998400319936013e-08
114	1008071029	5000.0	0.001	0.00162	0.0001	0.983091	0.23467078584283144,0.6897391721655669,0.07517636472705459,0.00041351729654069187,1.5996800639872026e-07
104	128674143	5000.0	0.001	0.00162	0.0001	2.632282	0.6476879824035193,0.3399865626874625,0.01231361727654469,1.18376324735053e-05
110	23345517	5000.0	0.001	0.00162	0.0001	5.026725	0.07807602479504099,0.502000799840032,0.36834341131773646,0.049663027394521095,0.0018233153369326136,9.334133173365327e-05,7.998400319936013e-08
118	2997352851	5000.0	0.001	0.00162	0.0001	1.292625	0.48041955608878223,0.5010609478104379,0.01843131373725255,8.818236352729455e-05
119	1249440147	5000.0	0.001	0.00162	0.0001	6.134990	0.13389550089982002,0.33750293941211756,0.2858409118176365,0.21491321735652869,0.02772357528494301,0.00012385522895420916
120	536463764	5000.0	0.001	0.00162	0.0001	3.216137	0.22772805438912216,0.6232412317536493,0.1480878624275145,0.0009392121575684863,3.639272145570886e-06
121	970819991	5000.0	0.001	0.00162	0.0001	-0.156577	0.9374080383923216,0.0617999200159968,0.000791121775644871,9.198160367926415e-07
122	4079305112	5000.0	0.001	0.00162	0.0001	0.627581	0.20427130573885222,0.7449734853029394,0.05016156768646271,0.0005934813037392522,1.5996800639872026e-07
116	3883180428	5000.0	0.001	0.00162	0.0001	-1.095889	0.05332901419716057,0.5012218756248751,0.42451121775644873,0.02028102379524095,0.0006543891221755649,2.4795040991801638e-06
123	722960796	5000.0	0.001	0.00162	0.0001	0.082046	0.9533018196360727,0.04523819236152769,0.0014509498100379924,9.038192361527695e-06
115	2009825653	5000.0	0.001	0.00162	0.0001	2.665439	0.17223423315336933,0.6651298140371925,0.1586216356728654,0.004009038192361528,5.278944211157768e-06
124	3532954012	5000.0	0.001	0.00162	0.0001	3.046155	0.16704667066586681,0.4264553889222156,0.32600703859228153,0.07408650269946011,0.0054043991201759645,0.0009856828634273145,1.4317136572685463e-05
128	2534955445	5000.0	0.001	0.00162	0.0001	1.899214	0.3527692061587682,0.6186414717056589,0.028532973405318938,5.634873025394921e-05
132	3753085387	5000.0	0.001	0.00162	0.0001	6.896154	0.05905922815436913,0.4674979804039192,0.4050861827634473,0.06561887622475505,0.00269126174765047,4.6470705858828236e-05
131	1272625604	5000.0	0.001	0.00162	0.0001	2.787051	0.5384949410117976,0.44791893621275747,0.013362647470505898,0.00022327534493101378,1.9996000799840033e-07
126	3233403300	5000.0	0.001	0.00162	0.0001	-0.099992	0.94504975004999,0.05291097780443911,0.0020383523295340934,9.198160367926415e-07
117	3050346897	5000.0	0.001	0.00162	0.0001	0.038556	0.44344491101779643,0.5114223955208959,0.04281499700059988,0.002315736852629474,1.959608078384323e-06
134	70425041	5000.0	0.001	0.00162	0.0001	0.881132	0.40368126374725055,0.5719966806638672,0.023999000199960006,0.00032301539692061585,3.9992001599680065e-08
137	456108498	5000.0	0.001	0.00162	0.0001	0.585353	0.646526974605079,0.33942783443311336,0.014031073785242952,1.4117176564687063e-05
135	3141749202	5000.0	0.001	0.00162	0.0001	2.585702	0.5000611077784443,0.48814133173365326,0.011732933413317336,6.462707458508299e-05
136	2223423953	5000.0	0.001	0.00162	0.0001	2.678785	0.4619778044391122,0.44810913817236553,0.08879692061587682,0.0008245150969806038,0.00029162167566486704
125	1806115228	5000.0	0.001	0.00162	0.0001	3.718902	0.30627078584283146,0.5480965806838632,0.1395878824235153,0.006031593681263747,1.3157368526294741e-05
130	2036251070	5000.0	0.001	0.00162	0.0001	0.203273	0.32385210957808436,0.5716936612677465,0.09241935612877425,0.011955888822235554,7.898420315936813e-05
138	95304151	5000.0	0.001	0.00162	0.0001	-1.161803	0.7336217556488702,0.25700211957608476,0.009374205158968207,1.919616076784643e-06
129	4264731064	5000.0	0.001	0.00162	0.0001	1.737148	0.5062101179764047,0.46639600079984,0.026826554689062188,0.0005673265346930614
139	2057095644	5000.0	0.001	0.00162	0.0001	4.499940	0.1109488102379524,0.44705998800239954,0.31744359128174365,0.07491113777244551,0.04443147370525895,0.004884863027394521,0.00032009598080383925,3.9992001599680065e-08
141	2667620853	5000.0	0.001	0.00162	0.0001	0.200627	0.9375636072785443,0.060869146170765845,0.0015641671665666866,3.079384123175365e-06
142	3101063692	5000.0	0.001	0.00162	0.0001	1.532789	0.45670049990002,0.5192661067786443,0.023683543291341733,0.00034953009398120376,3.199360127974405e-07
133	3073345996	5000.0	0.001	0.00162	0.0001	1.568339	0.42104395120975807,0.4869881223755249,0.09113457308538292,0.0007208158368326334,0.00011249750049990002,3.9992001599680065e-08
127	3213420966	5000.0	0.001	0.00162	0.0001	3.440000	0.18997060587882422,0.6617235352929414,0.14249150169966007,0.005799760047990402,1.4597080583883224e-05
144	1485912595	5000.0	0.001	0.00162	0.0001	1.846788	0.7446127574485103,0.24556860627874424,0.009566486702659468,0.00025210957808438313,3.9992001599680065e-08
145	3597691415	5000.0	0.001	0.00162	0.0001	0.508104	0.6761567686462707,0.31305558888222357,0.01076996600679864,1.767646470705859e-05
146	1059281433	5000.0	0.001	0.00162	0.0001	2.805450	0.264270625874825,0.6723619676064787,0.05632213557288542,0.007043471305738853,1.799640071985603e-06
143	4281080332	5000.0	0.001	0.00162	0.0001	1.068954	0.038177124575084986,0.8082113177364527,0.14734261147770447,0.006216596680663867,5.2349530093981205e-05
140	192584167	5000.0	0.001	0.00162	0.0001	2.294874	0.2833113777244551,0.5774611477704459,0.12423939212157568,0.0149374925014997,5.058988202359528e-05
150	3917900331	5000.0	0.001	0.00162	0.0001	4.516755	0.012231673665266946,0.16848278344331133,0.6118598280343931,0.19614533093381323,0.011234153169366127,4.6230753849230153e-05
152	256557	5000.0	0.001	0.00162	0.0001	-0.757413	0.00946994601079784,4.9590081983603276e-06,0.8131995600879824,0.16086594681063787,0.015719256148770247,0.000740251949610078,7.998400319936013e-08
151	1763908141	5000.0	0.001	0.00162	0.0001	1.617254	0.4412531893621276,0.5160255948810238,0.04239316136772645,0.0003238952209558088,4.159168166366727e-06
155	114418226	5000.0	0.001	0.00162	0.0001	2.919153	0.24097152569486102,0.6929726054789043,0.06265478904219156,0.0033328134373125373,6.826634673065387e-05
157	1367089737	5000.0	0.001	0.00162	0.0001	4.101494	0.19024251149770047,0.5505531293741251,0.24099644071185763,0.01802631473705259,0.00018160367926414717
158	2400643657	5000.0	0.001	0.00162	0.0001	2.590595	0.6751873225354929,0.315623275344931,0.009170525894821036,1.887622475504899e-05
159	2031577685	5000.0	0.001	0.00162	0.0001	1.346042	0.6023528894221156,0.3803150569886023,0.017193321335732852,0.00013873225354929015
161	2262766172	5000.0	0.001	0.00162	0.0001	3.422530	0.16041703659268147,0.6312360727854429,0.1876374325134973,0.020038992201559688,0.0006703859228154369,7.998400319936013e-08
147	764049951	5000.0	0.001	0.00162	0.0001	4.203109	0.16821971605678865,0.6400771045790842,0.18172277544491103,0.009930773845230953,4.959008198360328e-05,3.9992001599680065e-08
156	3616152133	5000.0	0.001	0.00162	0.0001	0.785112	0.003911137772445511,0.4730523095380924,0.4724268346330734,0.04911505698860228,0.001267746450709858,0.00022691461707658467
162	2459933280	5000.0	0.001	0.00162	0.0001	3.989206	0.4193874425114977,0.5710875824835033,0.009514577084583083,1.0397920415916817e-05
153	1247513138	5000.0	0.001	0.00162	0.0001	3.083880	0.12819552089582084,0.5590094781043792,0.3052904619076185,0.007496060787842432,8.478304339132174e-06
149	2182752803	5000.0	0.001	0.00162	0.0001	4.241311	0.1649593681263747,0.7071624075184963,0.1254386322735453,0.002438632273545291,9.598080383923216e-07
163	2486102630	5000.0	0.001	0.00162	0.0001	0.064844	0.8774089182163567,0.10389358128374325,0.018594481103779245,0.00010301939612077584
164	3204377190	5000.0	0.001	0.00162	0.0001	1.717014	0.4440107178564287,0.5318186762647471,0.02409738052389522,7.32253549290142e-05
166	3463953008	5000.0	0.001	0.00162	0.0001	1.298933	0.75785074985003,0.2319127374525095,0.010220235952809438,1.6276744651069788e-05
165	1183658607	5000.0	0.001	0.00162	0.0001	3.010279	0.5091282543491302,0.46041431713657266,0.030171965606878626,0.00028534293141371726,1.199760047990402e-07
154	4203917875	5000.0	0.001	0.00162	0.0001	1.767015	0.7249337332533493,0.2469892421515697,0.02804155168966207,3.5472905418916215e-05
169	317209211	5000.0	0.001	0.00162	0.0001	2.773064	0.6254936612677464,0.35521943611277745,0.018524495100979803,0.000762367526494701,3.9992001599680065e-08
170	137321083	5000.0	0.001	0.00162	0.0001	1.830299	0.1250733053389322,0.7909126974605079,0.07924247150569887,0.002802959408118376,0.001719736052789442,0.0002487102579484103,1.199760047990402e-07
160	3084884568	5000.0	0.001	0.00162	0.0001	3.945376	0.17261511697660467,0.6103329334133173,0.21188238352329533,0.005075624875024995,9.394121175764847e-05
171	2635315836	5000.0	0.001	0.00162	0.0001	2.974877	0.7894431513697261,0.2079891221755649,0.002567206558688262,5.198960207958409e-07
148	958003745	5000.0	0.001	0.00162	0.0001	2.290855	0.4299648870225955,0.5341454109178164,0.03582683463307339,6.286742651469706e-05
172	2978906753	5000.0	0.001	0.00162	0.0001	1.703589	0.44215864827034596,0.11981455708858228,0.22684431113777245,0.20622607478504298,0.004949130173965207,7.278544291141772e-06
173	3727796872	5000.0	0.001	0.00162	0.0001	3.417878	0.052233193361327736,0.5394326334733054,0.2877878824235153,0.10243207358528295,0.0178874625074985,0.00022675464907018596
177	1449888404	5000.0	0.001	0.00162	0.0001	0.003044	0.9529190161967607,0.04664211157768446,0.00043887222555488904
167	3944542833	5000.0	0.001	0.00162	0.0001	4.925039	0.11447250549890021,0.414471225754849,0.43336868626274744,0.0338123575284943,0.0038379524095180965,3.7272545490901816e-05
174	612827785	5000.0	0.001	0.00162	0.0001	3.145121	0.29900407918416316,0.6081473705258948,0.08874461107778445,0.00410257948410318,1.3597280543891223e-06
168	1167581815	5000.0	0.001	0.00162	0.0001	2.328889	0.4690759448110378,0.47490773845230955,0.04413609278144371,0.011869386122775445,1.0837832433513298e-05
180	391799461	5000.0	0.001	0.00162	0.0001	1.776549	0.7106331933613277,0.28305198960207956,0.006291141771645671,2.36752649470106e-05
181	666243751	5000.0	0.001	0.00162	0.0001	1.604522	0.13287166566686662,0.7943753649270145,0.07116792641471706,0.001583123375324935,1.919616076784643e-06
183	2483151532	5000.0	0.001	0.00162	0.0001	3.034990	0.5442097180563887,0.28924331133773246,0.1629370525894821,0.003609238152369526,6.798640271945611e-07
185	2428641981	5000.0	0.001	0.00162	0.0001	0.268487	0.8220728654269146,0.17342131573685263,0.004498340331933613,7.478504299140172e-06
186	2641973950	5000.0	0.001	0.00162	0.0001	3.659728	0.10533545290941812,0.7721176164767046,0.11410801839632073,0.008425514897020595,1.3397320535892822e-05
187	1527278271	5000.0	0.001	0.00162	0.0001	1.718889	0.34466046790641874,0.5968653069386123,0.055381683663267345,0.003089622075584883,2.9194161167766445e-06
178	2286385814	5000.0	0.001	0.00162	0.0001	4.223195	0.3351311337732453,0.6226808238352329,0.04058468306338732,0.001603119376124775,2.399520095980804e-07
182	3053277866	5000.0	0.001	0.00162	0.0001	4.947156	0.1589268146370726,0.5486720655868826,0.2619664467106579,0.030402999400119975,3.167366526694661e-05
190	3408376515	5000.0	0.001	0.00162	0.0001	0.072406	0.004699740051989602,0.9045442911417716,0.08892157568486303,0.0018249950009998001,9.398120375924815e-06
191	2468774598	5000.0	0.001	0.00162	0.0001	3.387352	0.23564427114577086,0.6843073385322935,0.0780871825634873,0.0019443311337732454,1.6876624675064987e-05
184	4002267833	5000.0	0.001	0.00162	0.0001	3.175393	0.22734537092581483,0.7086406318736252,0.05494741051789642,0.008903379324135173,0.0001630873825234953,1.199760047990402e-07
175	3647730322	5000.0	0.001	0.00162	0.0001	-0.067892	0.9526340331933614,0.04514941011797641,0.0022165566886622676
192	1269490377	5000.0	0.001	0.00162	0.0001	-0.297116	0.9151909618076385,0.08345158968206359,0.0013026994601079785,3.639272145570886e-06,5.110977804439112e-05
188	3270009537	5000.0	0.001	0.00162	0.0001	-0.906295	0.8850371925614877,0.053712137572485504,0.05900235952809438,0.002243391321735653,4.919016196760648e-06
193	3335477967	5000.0	0.001	0.00162	0.0001	5.097543	0.1644986602679464,0.5699784443111378,0.23392161567686462,0.03156532693461308,3.595280943811238e-05
179	2803186334	5000.0	0.001	0.00162	0.0001	1.716971	0.34126362727454507,0.500157648470306,0.1548124375124975,0.003747890421915617,1.839632073585283e-05
176	1692414612	5000.0	0.001	0.00162	0.0001	3.782490	0.06551905618876225,0.3001764047190562,0.5040045190961807,0.12642011597680464,0.0038791841631673667,7.198560287942411e-07
195	167307997	5000.0	0.001	0.00162	0.0001	0.053082	0.927073825234953,0.07169426114777044,0.0012318336332733453,7.998400319936013e-08
194	119100121	5000.0	0.001	0.00162	0.0001	4.818126	0.24926922615476904,0.6342103179364127,0.11345522895420916,0.0030639472105578884,1.279744051189762e-06
197	4139100902	5000.0	0.001	0.00162	0.0001	3.006405	0.5684431913617276,0.41764391121775646,0.013861347730453909,5.1549690061987604e-05
198	1454445296	5000.0	0.001	0.00162	0.0001	-1.375288	0.7752865826834633,0.18272277544491103,0.04082659468106379,0.0011627274545090982,1.319736052789442e-06
199	381981427	5000.0	0.001	0.00162	0.0001	3.890241	0.2671554889022196,0.6313700059988002,0.09749742051589683,0.003972045590881824,5.038992201559688e-06
200	1840939772	5000.0	0.001	0.00162	0.0001	4.467492	0.3017748450309938,0.633177124575085,0.06484795040991802,0.0002,7.998400319936013e-08
196	2028284642	5000.0	0.001	0.00162	0.0001	1.028083	0.42383175364927017,0.5413534893021396,0.034437952409518094,0.0003767246550689862,7.998400319936013e-08
189	3849931458	5000.0	0.001	0.00162	0.0001	1.700175	0.3918626274745051,0.5864309138172366,0.021620275944811036,8.618276344731053e-05
204	562221847	5000.0	0.001	0.00162	0.0001	-0.279210	0.5951634473105379,0.3781250949810038,0.024462867426514698,0.0022483103379324137,2.7994401119776043e-07
205	600281880	5000.0	0.001	0.00162	0.0001	5.751494	0.051244391121775645,0.5384398720255948,0.37216708658268344,0.038049430113977205,9.922015596880625e-05
203	1900931860	5000.0	0.001	0.00162	0.0001	0.846954	0.14035548890221955,0.8143668466306738,0.04110221955608878,0.004161887622475505,1.3557288542291542e-05
201	3369902848	5000.0	0.001	0.00162	0.0001	2.102893	0.11777368526294742,0.22911437712457508,0.6019869626074785,0.049808438312337534,0.0013150569886022795,1.4797040591881624e-06
209	1461564193	5000.0	0.001	0.00162	0.0001	0.901576	0.803892301539692,0.1928735452909418,0.003219356128774245,1.4797040591881624e-05
210	403229472	5000.0	0.001	0.00162	0.0001	3.995284	0.20790489902019596,0.6852603879224155,0.1041005398920216,0.0027316936612677466,2.4795040991801638e-06
208	3449903904	5000.0	0.001	0.00162	0.0001	3.301800	0.3315968406318736,0.3802891021795641,0.26733125374925015,0.020702219556088784,8.054389122175565e-05,3.9992001599680065e-08
202	1994984211	5000.0	0.001	0.00162	0.0001	4.636345	0.15872033593281343,0.7760937812437513,0.06374325134973005,0.0014372725454909019,5.358928214357128e-06
214	3875138365	5000.0	0.001	0.00162	0.0001	7.373548	0.08920895820835832,0.2849512897420516,0.3851065786842631,0.18080411917616476,0.05621727654469106,0.003697220555888822,1.4557088582283544e-05
217	3630633798	5000.0	0.001	0.00162	0.0001	3.552510	0.34663335332933415,0.6047832433513297,0.04699384123175365,0.0015894821035792842,7.998400319936013e-08
216	4175842113	5000.0	0.001	0.00162	0.0001	2.961474	0.18011041791641672,0.7001928014397121,0.11777732453509299,0.0019190961807638472,3.5992801439712056e-07
218	2056637265	5000.0	0.001	0.00162	0.0001	1.992691	0.44585450909818036,0.5162841431713657,0.03769346130773845,0.00016136772645470907,6.518696260747851e-06
219	2735350615	5000.0	0.001	0.00162	0.0001	4.149633	0.0331877224555089,0.3567900419916017,0.5021280543891222,0.10689650069986002,0.000997240551889622,4.399120175964807e-07
212	3330163511	5000.0	0.001	0.00162	0.0001	0.288599	0.7714487902419516,0.22569778044391123,0.0028497100579884024,3.719256148770246e-06
215	1942252351	5000.0	0.001	0.00162	0.0001	3.513678	0.4399390121975605,0.5127594081183763,0.04696436712657469,0.0003370125974805039,1.9996000799840033e-07
213	229694268	5000.0	0.001	0.00162	0.0001	2.935970	0.2886875024995001,0.6549871625674865,0.056006998600279946,0.00031749650069986,8.398320335932813e-07
207	683967263	5000.0	0.001	0.00162	0.0001	0.755776	0.2240275944811038,0.7097597280543891,0.06582027594481103,0.0003924015196960608
223	2048605037	5000.0	0.001	0.00162	0.0001	3.439934	0.04189498100379924,0.7313790841831633,0.22064519096180765,0.005579524095180964,0.0005004199160167966,7.998400319936013e-07
224	3404993391	5000.0	0.001	0.00162	0.0001	-0.031546	0.9061550489902019,0.09231049790041991,0.0015344131173765246,3.9992001599680065e-08
211	3985632040	5000.0	0.001	0.00162	0.0001	1.202858	0.046205358928214355,0.6328599480103979,0.31335820835832834,0.007560487902419516,1.5996800639872025e-05
222	3321918313	5000.0	0.001	0.00162	0.0001	0.059056	0.9511630473905219,0.04832629474105179,0.0005106578684263148
226	1980752751	5000.0	0.001	0.00162	0.0001	1.528051	0.5124512297540492,0.46666466706658666,0.02086754649070186,1.6556688662267547e-05
225	1306731375	5000.0	0.001	0.00162	0.0001	-1.565629	0.008281623675264946,0.6529718056388722,0.2772742651469706,0.04718468306338732,0.014101419716056789,0.0001862027594481104
206	2395409180	5000.0	0.001	0.00162	0.0001	4.140852	0.2732143171365727,0.6462810637872426,0.07645582883423316,0.0040457908418316335,2.999400119976005e-06
229	974599036	5000.0	0.001	0.00162	0.0001	0.196028	0.9092651869626075,0.08939344131173765,0.0008005598880223955,0.0005408118376324735
221	504288103	5000.0	0.001	0.00162	0.0001	3.945765	0.2970157168566287,0.50859700059988,0.1623651269746051,0.03188310337932414,0.0001390521895620876
230	2801527677	5000.0	0.001	0.00162	0.0001	0.850929	0.8366079184163168,0.1613494101179764,0.00204247150569886,1.9996000799840033e-07
231	1480211326	5000.0	0.001	0.00162	0.0001	4.458548	0.3146024795040992,0.5337079384123176,0.15106862627474504,0.0006203959208158368,5.598880223955209e-07
232	4173253525	5000.0	0.001	0.00162	0.0001	1.359776	0.7970672665466907,0.1859738052389522,0.016708938212357527,0.0002499500099980004,3.9992001599680065e-08
227	1303602033	5000.0	0.001	0.00162	0.0001	2.019359	0.42914597080583883,0.5034869026194762,0.06713873225354929,0.0002275144971005799,8.798240351929614e-07
220	2191766371	5000.0	0.001	0.00162	0.0001	3.956175	0.16678316336732654,0.6562160367926415,0.1695488102379524,0.007339332133573286,0.00011265746850629874
233	1478572952	5000.0	0.001	0.00162	0.0001	0.740849	0.43310797840431914,0.5049096580683863,0.05697208558288342,0.005009558088382324,7.198560287942411e-07
236	1129728934	5000.0	0.001	0.00162	0.0001	2.257162	0.03523007398520296,0.0351623675264947,0.6979684863027394,0.18024891021795642,0.04925770845830834,0.0021221755648870226,1.0277944411117777e-05
238	2381026218	5000.0	0.001	0.00162	0.0001	2.675261	0.49813893221355726,0.4748237152569486,0.023699300139972006,0.00333625274945011,1.799640071985603e-06
239	3496197043	5000.0	0.001	0.00162	0.0001	0.727377	0.5021312537492502,0.4781187362527495,0.019708418316336733,4.159168166366727e-05
228	3090547577	5000.0	0.001	0.00162	0.0001	1.473010	0.2534617076584683,0.6399230953809238,0.1055126174765047,0.0011015396920615876,1.0397920415916818e-06
235	539009952	5000.0	0.001	0.00162	0.0001	0.540916	0.6326441911617676,0.3525762847430514,0.01474749050189962,3.2033593281343733e-05
243	1494735806	5000.0	0.001	0.00162	0.0001	1.790687	0.623884023195361,0.34235972805438913,0.03365794841031794,9.83003399320136e-05
241	2560189368	5000.0	0.001	0.00162	0.0001	1.528318	0.8101099380123975,0.10128310337932414,0.08657732453509298,0.002028114377124575,1.5196960607878424e-06
245	3925095366	5000.0	0.001	0.00162	0.0001	1.830723	0.592353649270146,0.37634485102979404,0.031097660467906418,0.00020383923215356927
246	1200716745	5000.0	0.001	0.00162	0.0001	0.665618	0.9059365326934613,0.09204315136972606,0.0020147970405918814,5.518896220755849e-06
247	2426737612	5000.0	0.001	0.00162	0.0001	2.468578	0.7471698060387922,0.24568546290741852,0.0071306938612277545,1.4037192561487702e-05
242	806548412	5000.0	0.001	0.00162	0.0001	1.559348	0.6046739052189563,0.3774884623075385,0.01782027594481104,1.735652869426115e-05
248	933934030	5000.0	0.001	0.00162	0.0001	0.915513	0.8500637872425515,0.1309766846630674,0.01322875424915017,0.005728294341131774,2.4795040991801638e-06
234	1857790873	5000.0	0.001	0.00162	0.0001	2.320884	0.6304377124575085,0.34470257948410316,0.024740611877624476,0.00011909618076384724
237	3360981928	5000.0	0.001	0.00162	0.0001	1.176564	0.5663611677664467,0.4176939412117576,0.010108618276344732,0.005826594681063787,9.678064387122576e-06
250	4165460942	5000.0	0.001	0.00162	0.0001	1.969489	0.3917278144371126,0.5738857828434313,0.034268026394721054,0.0001153369326134773,3.039392121575685e-06
249	2702799822	5000.0	0.001	0.00162	0.0001	1.097281	0.6989487302539492,0.2650622675464907,0.035728014397120575,0.00026082783443311336,1.5996800639872026e-07
253	720065491	5000.0	0.001	0.00162	0.0001	0.483832	0.5352218356328734,0.4439905218956209,0.020623995200959807,0.00016360727854429114,3.9992001599680065e-08
254	1512340433	5000.0	0.001	0.00162	0.0001	2.739648	0.1405500099980004,0.6376886622675465,0.19721807638472305,0.024442031593681263,0.00010121975604879025
258	2586555353	5000.0	0.001	0.00162	0.0001	3.097582	0.2069251349730054,0.7038509098180364,0.08817248550289943,0.001048230353929214,3.239352129574085e-06
244	1122757571	5000.0	0.001	0.00162	0.0001	4.755250	0.15500611877624476,0.4214067586482703,0.28412697460507896,0.12768074385122977,0.011677704459108179,0.0001016996600679864
252	563471313	5000.0	0.001	0.00162	0.0001	0.776808	0.6573294141171766,0.3281622075584883,0.014164487102579485,0.00034389122175564887
259	972178404	5000.0	0.001	0.00162	0.0001	3.218067	0.4742359928014397,0.3628661867626475,0.15774929014197162,0.005138612277544491,9.918016396720655e-06
257	3568643033	5000.0	0.001	0.00162	0.0001	3.997803	0.15155344931013798,0.4442887422515497,0.3171024995001,0.08213529294141171,0.004916376724655069,3.639272145570886e-06
263	1141425142	5000.0	0.001	0.00162	0.0001	2.038972	0.5987113777244552,0.395522175564887,0.005756768646270746,9.678064387122576e-06
262	4256463859	5000.0	0.001	0.00162	0.0001	1.029571	0.5185864427114577,0.46483259348130374,0.016494461107778444,8.650269946010798e-05
261	2774113262	5000.0	0.001	0.00162	0.0001	-0.286778	0.9411580883823235,0.05593921215756849,0.002901619676064787,1.0797840431913617e-06
240	1010957236	5000.0	0.001	0.00162	0.0001	5.198942	0.07250349930013997,0.5832912217556488,0.3332816636672665,0.010880303939212157,4.331133773245351e-05
255	211815381	5000.0	0.001	0.00162	0.0001	2.401004	0.19363487302539492,0.6775542491501699,0.1280623875224955,0.0007482903419316136,1.9996000799840033e-07
264	4241372159	5000.0	0.001	0.00162	0.0001	-0.223456	0.0037720055988802238,3.759248150369926e-06,0.9243102179564087,0.07117628474305139,0.0007377324535092981
251	2204292049	5000.0	0.001	0.00162	0.0001	1.817285	0.6032363127374525,0.3837263347330534,0.013019396120775845,1.7956408718256348e-05
269	2349630489	5000.0	0.001	0.00162	0.0001	3.555813	0.08773401319736053,0.5930749850029994,0.30844427114577083,0.010622875424915017,0.000123375324935013,4.799040191961608e-07
267	546837513	5000.0	0.001	0.00162	0.0001	3.635868	0.11189350129974006,0.5591096580683863,0.306174125174965,0.022401719656068787,0.000420995800839832
260	3897832424	5000.0	0.001	0.00162	0.0001	4.511499	0.22658176364727053,0.6529808838232354,0.12005626874625075,0.0003810837832433513
270	2185776157	5000.0	0.001	0.00162	0.0001	1.804890	0.5900394721055788,0.38163003399320133,0.028232913417316537,9.758048390321936e-05
268	2304912407	5000.0	0.001	0.00162	0.0001	3.453337	0.11472877424515097,0.6992618676264747,0.1826145170965807,0.0033938012397520495,1.0397920415916818e-06
271	3325006878	5000.0	0.001	0.00162	0.0001	3.160971	0.03384187162567486,0.5586373525294941,0.3968633873225355,0.009350969806038792,0.001305618876224755,7.598480303939212e-07,3.9992001599680065e-08
256	1907520473	5000.0	0.001	0.00162	0.0001	-1.907662	0.00955484903019396,0.5273724855028994,0.10423963207358529,0.35326054789042194,0.005571125774845031,1.3597280543891223e-06
266	960537602	5000.0	0.001	0.00162	0.0001	0.069787	0.9481874825034993,0.05148622275544891,0.00032625474905019,3.9992001599680065e-08
274	984157225	5000.0	0.001	0.00162	0.0001	5.044242	0.28710977804439114,0.5778646270745851,0.11508246350729855,0.019361527694461107,0.0005816036792641472
278	3251604537	5000.0	0.001	0.00162	0.0001	1.702653	0.18634861027794442,0.677674825034993,0.13374489102179565,0.0022315936812637473,7.998400319936013e-08
273	40174629	5000.0	0.001	0.00162	0.0001	1.823462	0.38312837432513497,0.2751274545090982,0.32408506298740253,0.017648110377924416,1.0997800439912018e-05
277	59051063	5000.0	0.001	0.00162	0.0001	2.171301	0.27379456108778244,0.6389656868626274,0.08655536892621475,0.0006843431313737253,3.9992001599680065e-08
265	1764248577	5000.0	0.001	0.00162	0.0001	2.598658	0.6066213157368526,0.3770042391521696,0.01631629674065187,5.8148370325934814e-05
272	1664461859	5000.0	0.001	0.00162	0.0001	0.802922	0.2410903419316137,0.6434160367926415,0.11065214957008598,0.004779524095180964,6.194761047790442e-05
280	1802101822	5000.0	0.001	0.00162	0.0001	3.096298	0.2221526894621076,0.7297292541491701,0.047923015396920614,0.00019504099180163968
275	3841506347	5000.0	0.001	0.00162	0.0001	1.318277	0.6632714657068586,0.3243461707658468,0.012295940811837632,8.630273945210958e-05,1.199760047990402e-07
281	1855460418	5000.0	0.001	0.00162	0.0001	2.691152	0.46758552289542094,0.5157206958608278,0.016591601679664066,0.00010193961207758449,2.399520095980804e-07
283	1499171908	5000.0	0.001	0.00162	0.0001	0.106313	0.9238649470105978,0.07565782843431314,0.00047434513097380525,2.8794241151769645e-06
282	3025900611	5000.0	0.001	0.00162	0.0001	0.290383	0.000944251149770046,0.4949484103179364,0.4850755048990202,0.019019676064787043,1.215756848630274e-05
279	2666849341	5000.0	0.001	0.00162	0.0001	1.035196	0.020729494101179764,0.6268607478504299,0.3377582883423315,0.014607038592281544,4.443111377724455e-05
276	4109343798	5000.0	0.001	0.00162	0.0001	1.907891	0.3862399120175965,0.37430893821235756,0.2146144371125775,0.023969046190761848,0.0008676664667066587
286	3998450780	5000.0	0.001	0.00162	0.0001	0.506046	0.863799800039992,0.1042743051389722,0.031677704459108176,0.00024811037792441513,7.998400319936013e-08
287	3431754856	5000.0	0.001	0.00162	0.0001	1.281797	0.7826734653069386,0.15171905618876225,0.0650128374325135,0.0005943611277744451,2.7994401119776043e-07
288	140999785	5000.0	0.001	0.00162	0.0001	3.314145	0.015320295940811838,0.038741851629674064,0.5183521695660868,0.40208138372325536,0.023583163367326535,0.0019208558288342332,2.7994401119776043e-07
284	2047073353	5000.0	0.001	0.00162	0.0001	2.574879	0.20062195560887822,0.2960263547290542,0.38992113577284543,0.03835044991001799,0.07186010797840432,0.0015361727654469106,0.001683383323335333,4.399120175964807e-07
291	3313542261	5000.0	0.001	0.00162	0.0001	0.916804	0.3769902019596081,0.6037926414717056,0.01910989802039592,0.00010713857228554289,1.199760047990402e-07
294	3545752700	5000.0	0.001	0.00162	0.0001	0.547568	0.6490709858028394,0.3306411117776445,0.02013257348530294,0.000155248950209958,7.998400319936013e-08
292	3409491064	5000.0	0.001	0.00162	0.0001	-0.011458	0.9374768646270746,0.051118576284743054,0.011384163167366526,2.0395920815836833e-05
293	889318522	5000.0	0.001	0.00162	0.0001	1.237433	0.5818895820835833,0.41023307338532294,0.007697740451909618,0.00017960407918416317
285	3276145739	5000.0	0.001	0.00162	0.0001	2.646124	0.6608287142571486,0.31469406118776244,0.017337252549490104,0.007126494701059788,1.3477304539092181e-05
297	3194473615	5000.0	0.001	0.00162	0.0001	0.551020	0.8221576884623075,0.17509470105978805,0.0027472105578884225,3.9992001599680065e-07
298	584393877	5000.0	0.001	0.00162	0.0001	0.734262	0.8650577484503099,0.13125846830633872,0.0036828234353129376,9.598080383923216e-07
299	1301402774	5000.0	0.001	0.00162	0.0001	1.218001	0.35073381323735253,0.6287337332533494,0.020504579084183162,2.7874425114977005e-05
296	3556095108	5000.0	0.001	0.00162	0.0001	3.094194	0.008622395520895821,0.5650880223955209,0.415930173965207,0.010342011597680464,1.739652069586083e-05
301	1975733447	5000.0	0.001	0.00162	0.0001	1.526410	0.4530476704659068,0.20711741651669666,0.28202835432913415,0.05601491701659668,0.0017902419516096781,1.3997200559888023e-06
303	2048906451	5000.0	0.001	0.00162	0.0001	2.395943	0.0011892021595680865,0.27028026394721055,0.6713532893421316,0.05488310337932414,0.0022939412117576486,1.9996000799840033e-07
289	648555627	5000.0	0.001	0.00162	0.0001	0.307668	0.5146493901219756,0.45683451309738055,0.027390801839632075,0.0011195760847830434,5.718856228754249e-06
305	2941449432	5000.0	0.001	0.00162	0.0001	2.081155	0.4944608278344331,0.4801630873825235,0.02022143571285743,0.005151769646070786,2.8794241151769645e-06
300	1867533487	5000.0	0.001	0.00162	0.0001	1.826760	0.45206722655468906,0.41768250349930014,0.12044283143371326,0.009724015196960608,8.342331533693261e-05
290	263681137	5000.0	0.001	0.00162	0.0001	4.036125	0.05142059588082384,0.4692504299140172,0.458327174565087,0.020952689462107578,4.9110177964407116e-05
295	3583274108	5000.0	0.001	0.00162	0.0001	-1.030293	0.13174257148570287,0.5682630673865227,0.2826345530893821,0.014848270345930814,0.0024191961607678463,9.21015796840632e-05,2.399520095980804e-07
308	2190570721	5000.0	0.001	0.00162	0.0001	0.095299	0.9539102579484103,0.04590817836432713,0.0001815636872625475
306	3786886364	5000.0	0.001	0.00162	0.0001	5.503360	0.3568852629474105,0.6199804439112178,0.02049286142771446,0.002635392921415717,6.038792241551689e-06
307	3841019102	5000.0	0.001	0.00162	0.0001	2.030027	0.3876204359128174,0.5919643671265746,0.020336692661467707,7.850429914017196e-05
310	3773807850	5000.0	0.001	0.00162	0.0001	-0.639693	0.8613331333733253,0.09950137972405519,0.035329014197160565,0.0038349930013997203,1.4797040591881624e-06
304	1131957459	5000.0	0.001	0.00162	0.0001	7.206868	0.06670561887622475,0.5221096980603879,0.3349466106778644,0.07111945610877825,0.005093661267746451,2.495500899820036e-05
312	536966393	5000.0	0.001	0.00162	0.0001	2.617367	0.014853669266146771,0.2964725454909018,0.6598192761447711,0.02872757448510298,0.00012005598880223955,6.878624275144971e-06
311	480683257	5000.0	0.001	0.00162	0.0001	0.055415	0.9189170965806839,0.07385746850629873,0.0071478504299140174,7.758448310337933e-05
309	2426500321	5000.0	0.001	0.00162	0.0001	1.307390	0.5691473705258948,0.369349850029994,0.06064367126574685,0.0008590681863627275,3.9992001599680065e-08
315	3810649357	5000.0	0.001	0.00162	0.0001	0.083826	0.889458948210358,0.10763451309738052,0.002905378924215157,1.159768046390722e-06
302	2377962698	5000.0	0.001	0.00162	0.0001	0.657878	0.6989266146770646,0.2955675664867027,0.005493901219756049,1.1917616476704659e-05
314	2430156037	5000.0	0.001	0.00162	0.0001	2.533748	0.07421763647270546,0.7813556488702259,0.13845346930613878,0.005951609678064387,2.1635672865426915e-05
313	1797364997	5000.0	0.001	0.00162	0.0001	0.302769	0.49964499100179965,0.4843875624875025,0.015918376324735053,4.907018596280744e-05
317	1675613460	5000.0	0.001	0.00162	0.0001	1.532326	0.5534670665866827,0.42779556088782245,0.006646750649870026,0.011565406918616277,0.0005217356528694261,3.4793041391721655e-06
320	1468069159	5000.0	0.001	0.00162	0.0001	5.659804	0.0696375924815037,0.5727148970205959,0.3229967606478704,0.03459560087982404,5.514897020595881e-05
316	3577748751	5000.0	0.001	0.00162	0.0001	2.101412	0.6711974405118977,0.31629526094781046,0.012391841631673665,0.00011545690861827635
324	3521652017	5000.0	0.001	0.00162	0.0001	0.780582	0.565673625274945,0.42713077384523096,0.00718372325534893,1.1877624475104978e-05
327	2193282362	5000.0	0.001	0.00162	0.0001	1.662321	0.3964216356728654,0.5116211957608479,0.08761835632873426,0.0043342931413717254,4.519096180763847e-06
325	3091580214	5000.0	0.001	0.00162	0.0001	1.509331	0.46744879024195163,0.4803790441911618,0.050548490301939614,0.0015314137172565488,9.22615476904619e-05
318	1986514207	5000.0	0.001	0.00162	0.0001	0.301044	0.5160068786242752,0.45787638472305536,0.025528454309138172,0.0005646070785842831,2.36752649470106e-05
321	1509199144	5000.0	0.001	0.00162	0.0001	3.349482	0.004114377124575085,0.1003488102379524,0.6596515896820636,0.22294633073385323,0.012824195160967807,0.00011469706058788242
328	2632793404	5000.0	0.001	0.00162	0.0001	-0.141894	0.9307517296540692,0.04024615076984603,0.028651869626074786,0.0003500499900019996,1.9996000799840033e-07
330	955123011	5000.0	0.001	0.00162	0.0001	-0.180060	0.9154602279544091,0.07475592881423715,0.009432113577284544,0.00031969606078784243,3.2033593281343733e-05
329	159360316	5000.0	0.001	0.00162	0.0001	-0.285944	0.41631881623675265,0.5586645870825835,0.0248876624675065,0.00012873425314937012,1.9996000799840033e-07
331	1818049859	5000.0	0.001	0.00162	0.0001	1.724154	0.3376879024195161,0.6486642271545691,0.01361987602479504,2.7994401119776046e-05
319	4103638309	5000.0	0.001	0.00162	0.0001	1.899695	0.20286842631473706,0.6641244151169766,0.1315722455508898,0.0014345130973805239,3.9992001599680065e-07
326	2512274742	5000.0	0.001	0.00162	0.0001	3.606990	0.18945174965006997,0.5453440111977604,0.25636800639872026,0.008828394321135772,7.838432313537292e-06
334	3505599826	5000.0	0.001	0.00162	0.0001	-0.074566	0.9314830633873226,0.06761743651269746,0.000899500099980004
323	155290929	5000.0	0.001	0.00162	0.0001	3.620770	0.056824115176964604,0.3698316336732653,0.39338648270345933,0.17478420315936813,0.005139292141571686,3.4273145370925816e-05
322	817380649	5000.0	0.001	0.00162	0.0001	2.812041	0.3898845030993801,0.29192945410917814,0.29300667866426716,0.025149850029994,2.9514097180563888e-05
332	3975515461	5000.0	0.001	0.00162	0.0001	0.511476	0.8663539292141572,0.12866638672265546,0.004975724855028995,3.959208158368327e-06
337	3899266438	5000.0	0.001	0.00162	0.0001	2.724217	0.01859636072785443,0.0030504299140171965,0.5768349530093981,0.3228265146970606,0.07241779644071186,0.004253429314137172,0.002018636272745451,1.879624075184963e-06
339	2515662222	5000.0	0.001	0.00162	0.0001	0.379552	0.696544651069786,0.26145706858628276,0.041889742051589685,0.00010845830833833234,7.998400319936013e-08
340	1475495310	5000.0	0.001	0.00162	0.0001	0.946441	0.6667172165566887,0.29340715856828636,0.025164807038592283,0.014609478104379124,0.00010133973205358928
333	3691054414	5000.0	0.001	0.00162	0.0001	0.821475	0.5428353929214157,0.4164065586882624,0.0400498700259948,0.0007005798840231954,7.5984803039392126e-06
335	1342473559	5000.0	0.001	0.00162	0.0001	1.791408	0.6150665466906619,0.3740065986802639,0.01088486302739452,4.1991601679664064e-05
341	604943760	5000.0	0.001	0.00162	0.0001	3.506127	0.07447182563487302,0.31189270145970804,0.5858622275544891,0.027528054389122175,0.00024519096180763847
344	2549149079	5000.0	0.001	0.00162	0.0001	0.083670	0.9436072385522896,0.05559552089582084,0.000795760847830434,1.4797040591881624e-06
343	2029225363	5000.0	0.001	0.00162	0.0001	0.295354	0.9471918816236753,0.05205598880223955,0.00075124975004999,8.798240351929614e-07
347	2968815010	5000.0	0.001	0.00162	0.0001	-0.148697	0.9400662667466507,0.05981611677664467,0.00011761647670465907
346	387931545	5000.0	0.001	0.00162	0.0001	1.859800	0.6332933413317337,0.3501661267746451,0.016374925014997002,0.00016560687862427514
345	844553624	5000.0	0.001	0.00162	0.0001	3.614474	0.4281023795240952,0.5444519896020796,0.025885222955408918,0.0015604079184163167
349	1200674219	5000.0	0.001	0.00162	0.0001	1.607993	0.7248821035792842,0.2278751049790042,0.04580571885622876,0.0014361927614477104,8.798240351929614e-07
350	3737687469	5000.0	0.001	0.00162	0.0001	2.027618	0.6245608078384323,0.36196328734253147,0.010711937612477504,0.0027634073185362927,5.598880223955209e-07
336	2085481861	5000.0	0.001	0.00162	0.0001	1.512563	0.09846866626674665,0.739685422915417,0.15052037592481504,0.01131761647670466,7.918416316736653e-06
338	829986188	5000.0	0.001	0.00162	0.0001	0.151758	0.9228769446110778,0.07624927014597081,0.000873625274945011,1.5996800639872026e-07
353	333082044	5000.0	0.001	0.00162	0.0001	2.109291	0.4207346930613877,0.5429240551889623,0.02668366326734653,0.008882183563287342,0.000775124975004999,2.7994401119776043e-07
352	595400122	5000.0	0.001	0.00162	0.0001	0.298304	0.3491800039992002,0.6258119176164767,0.0248247950409918,0.00018328334333133373
359	376282572	5000.0	0.001	0.00162	0.0001	2.470925	0.5430237952409518,0.4297808038392322,0.02682003599280144,0.0003753649270145971
356	2814690754	5000.0	0.001	0.00162	0.0001	2.333888	0.6158117176564687,0.3760387522495501,0.008140891821635673,8.638272345530894e-06
354	3492507068	5000.0	0.001	0.00162	0.0001	1.516569	0.7116914617076585,0.2290743851229754,0.055512657468506296,0.003719376124775045,2.1195760847830435e-06
358	1331226058	5000.0	0.001	0.00162	0.0001	3.267663	0.364100899820036,0.4691153769246151,0.16414817036592683,0.0026237952409518097,1.1757648470305939e-05
360	3583655373	5000.0	0.001	0.00162	0.0001	-0.207099	0.9089165766846631,0.09019740051989603,0.0008851429714057189,8.798240351929614e-07
342	3227886994	5000.0	0.001	0.00162	0.0001	1.438221	0.45809250149970004,0.5070924615076985,0.03446170765846831,0.0003532893421315737,3.9992001599680065e-08
362	1983710681	5000.0	0.001	0.00162	0.0001	5.443159	0.087349850029994,0.4664613877224555,0.41014737052589484,0.03569694061187762,0.0003444511097780444
348	2177461671	5000.0	0.001	0.00162	0.0001	-0.116936	0.0031178164367126576,0.0007008598280343931,0.9554855828834233,0.0401618476304739,0.0005338932213557289
365	3820643808	5000.0	0.001	0.00162	0.0001	2.751465	0.020945370925814836,0.23677284543091381,0.666096300739852,0.0758377124575085,0.0003476104779044191,1.5996800639872026e-07
363	3183193562	5000.0	0.001	0.00162	0.0001	6.281041	0.08487658468306339,0.4657003399320136,0.42989462107578486,0.017734773045390922,0.0017936012797440512,7.998400319936013e-08
364	880762332	5000.0	0.001	0.00162	0.0001	6.374025	0.11582939412117577,0.531562727454509,0.32628342331533694,0.026127414517096582,0.00019704059188162368
367	421678564	5000.0	0.001	0.00162	0.0001	2.149436	0.7203092981403719,0.14730709858028393,0.04947166566686663,0.08219784043191362,0.0007136972605478905,3.9992001599680065e-07
355	1910072768	5000.0	0.001	0.00162	0.0001	-0.127858	0.8679058988202359,0.12963111377724454,0.0024191961607678463,4.379124175164967e-05
351	326585781	5000.0	0.001	0.00162	0.0001	1.293155	0.5978747850429914,0.38544699060187965,0.01648874225154969,0.00018760247950409917,1.879624075184963e-06
366	2216222177	5000.0	0.001	0.00162	0.0001	0.701620	0.8401744851029794,0.15569586082783443,0.00411129774045191,1.835632873425315e-05
357	4275883465	5000.0	0.001	0.00162	0.0001	5.585036	0.11047030593881224,0.42101435712857427,0.45317380523895223,0.015220635872825435,0.00012089582083583283
369	2636819944	5000.0	0.001	0.00162	0.0001	0.267855	0.0043401319736052785,0.4882595880823835,0.3860395120975805,0.10515800839832033,0.016177604479104178,2.515496900619876e-05
361	1705217491	5000.0	0.001	0.00162	0.0001	4.336150	0.07931737652469506,0.6495160967806439,0.26804011197760447,0.003112737452509498,1.3677264547090581e-05
372	2661354989	5000.0	0.001	0.00162	0.0001	-0.635077	0.8242140371925615,0.1743230953809238,0.0014617076584683064,1.159768046390722e-06
371	2046434793	5000.0	0.001	0.00162	0.0001	0.935852	0.1917641671665667,0.7670422715456908,0.04114349130173965,5.006998600279944e-05
374	2087058944	5000.0	0.001	0.00162	0.0001	0.355856	0.9016531893621276,0.09447630473905219,0.00386750649870026,2.999400119976005e-06
373	3946583542	5000.0	0.001	0.00162	0.0001	5.357096	0.0914375524895021,0.26345758848230355,0.4853369326134773,0.15674921015796842,0.0029869626074785043,3.1753649270145974e-05
376	905571852	5000.0	0.001	0.00162	0.0001	1.017390	0.5789767646470706,0.39292069586082784,0.02769154169166167,0.0004091981603679264,1.799640071985603e-06
375	1904700930	5000.0	0.001	0.00162	0.0001	3.951592	0.2025108578284343,0.48537748450309937,0.3009101779644071,0.011187922415516896,1.3557288542291542e-05
377	3397346830	5000.0	0.001	0.00162	0.0001	0.128297	0.13849034193161366,0.805483823235353,0.05489786042791442,0.0011235752849430114,4.399120175964807e-06
380	4029943315	5000.0	0.001	0.00162	0.0001	1.803379	0.5270659068186363,0.3918434713057389,0.07981515696860628,0.0012753849230153968,7.998400319936013e-08
381	3066609170	5000.0	0.001	0.00162	0.0001	0.306954	0.9284263147370526,0.0702863027394521,0.0012407118576284743,4.6670665866826635e-05
370	620873193	5000.0	0.001	0.00162	0.0001	1.064974	0.8670072785442912,0.05119300139972006,0.08097760447910418,0.0008219156168766246,1.9996000799840033e-07
368	3379533287	5000.0	0.001	0.00162	0.0001	1.891106	0.6996671465706858,0.2886864627074585,0.011609358128374325,3.703259348130374e-05
382	3739698714	5000.0	0.001	0.00162	0.0001	2.143010	0.4739844031193761,0.42118320335932813,0.09852041591681664,0.003936772645470906,0.002351489702059588,2.371525694861028e-05
385	3987664418	5000.0	0.001	0.00162	0.0001	-0.082987	0.9395228954209158,0.060024475104979005,0.0004525494901019796,7.998400319936013e-08
379	2200471059	5000.0	0.001	0.00162	0.0001	0.936655	0.32270557888422313,0.6311738452309538,0.046020275944811034,0.0001002999400119976
384	1199568412	5000.0	0.001	0.00162	0.0001	-0.002897	0.689311697660468,0.29361783643271344,0.016944291141771647,0.00012613477304539093,3.9992001599680065e-08
387	3365983779	5000.0	0.001	0.00162	0.0001	-0.018592	0.9478663067386522,0.05001003799240152,0.002123015396920616,6.39872025594881e-07
389	908363303	5000.0	0.001	0.00162	0.0001	2.451133	0.3653515296940612,0.5689648870225955,0.06405806838632273,0.0016245950809838032,9.198160367926415e-07
390	3923129899	5000.0	0.001	0.00162	0.0001	-0.130296	0.942222675464907,0.049174165166966606,0.0015082183563287343,0.007081903619276145,1.3037392521495702e-05
391	3646684716	5000.0	0.001	0.00162	0.0001	1.040119	0.26659240151969604,0.6937942411517697,0.03916748650269946,0.00044587082583483304
383	2034550299	5000.0	0.001	0.00162	0.0001	2.743421	0.35978196360727854,0.5844349130173965,0.054525774845030996,0.0012571885622875425,1.5996800639872026e-07
392	3930052141	5000.0	0.001	0.00162	0.0001	1.629148	0.036950649870026,0.6914373925214957,0.26452637472505497,0.0070079584083183365,7.750449910017996e-05,1.199760047990402e-07
394	4108000818	5000.0	0.001	0.00162	0.0001	3.490489	0.17250953809238154,0.6572128774245151,0.16157272545490903,0.008698540291941611,6.3187362527494505e-06
395	889042489	5000.0	0.001	0.00162	0.0001	-0.390996	0.028065626874625074,0.7785402519496101,0.1671884023195361,0.025974525094981004,0.00023119376124775044
378	4076539410	5000.0	0.001	0.00162	0.0001	0.916777	0.4674748650269946,0.5053686062787442,0.02660747850429914,0.0005488902219556089,1.5996800639872026e-07
393	2692431407	5000.0	0.001	0.00162	0.0001	-0.268470	0.9399102179564087,0.054394441111777644,0.005690181963607279,5.158968206358728e-06
396	3097976380	5000.0	0.001	0.00162	0.0001	-0.420691	0.8684267146570686,0.04536480703859228,0.08559172165566886,0.0006165566886622675,1.9996000799840033e-07
397	1711531580	5000.0	0.001	0.00162	0.0001	1.922684	0.07105774845030993,0.7190086782643471,0.2050365126974605,0.004890741851629674,6.3187362527494505e-06
400	2003543622	5000.0	0.001	0.00162	0.0001	0.967374	0.6393848830233954,0.34839772045590883,0.012204879024195162,1.251749650069986e-05
386	590038562	5000.0	0.001	0.00162	0.0001	4.808435	0.050634553089382126,0.434048950209958,0.44279392121575684,0.07076024795040992,0.0017616876624675065,6.39872025594881e-07
404	841346638	5000.0	0.001	0.00162	0.0001	0.115173	0.0904365926814637,0.8457060187962407,0.06235172965406919,0.001503859228154369,1.799640071985603e-06
401	550448711	5000.0	0.001	0.00162	0.0001	5.069918	0.05524243151369726,0.2699374925014997,0.5119368526294741,0.15712997400519896,0.0057365726854629075,1.6676664667066585e-05
388	3266534947	5000.0	0.001	0.00162	0.0001	2.588424	0.20033193361327734,0.7488821835632874,0.04973265346930614,0.0010530693861227755,1.5996800639872026e-07
405	1544296015	5000.0	0.001	0.00162	0.0001	1.104125	0.5895312937412518,0.39438972205558886,0.016049350129974004,2.9634073185362926e-05
398	2144982596	5000.0	0.001	0.00162	0.0001	0.049701	0.006402439512097581,0.9605897620475905,0.03271153769246151,0.00029622075584883023,3.9992001599680065e-08
407	2641159793	5000.0	0.001	0.00162	0.0001	-0.061502	0.9708002799440112,0.02896724655068986,0.00023247350529894022
408	357133939	5000.0	0.001	0.00162	0.0001	2.266233	0.49009726054789043,0.483748450309938,0.02574225154969006,0.0004119576084783043,7.998400319936013e-08
411	3122032253	5000.0	0.001	0.00162	0.0001	0.875724	0.23644751049790041,0.08136948610277944,0.6610117976404719,0.020830473905218957,0.00034073185362927413
410	3245119099	5000.0	0.001	0.00162	0.0001	1.216491	0.5975354129174165,0.3814047190561888,0.02011101779644071,0.0009473305338932213,1.5196960607878424e-06
413	1591479935	5000.0	0.001	0.00162	0.0001	0.689876	0.8035565286942612,0.1924749450109978,0.003944451109778044,2.40751849630074e-05
415	2168805012	5000.0	0.001	0.00162	0.0001	2.285859	0.23639112177564486,0.3430267546490702,0.40857868426314736,0.011985762847430513,1.767646470705859e-05
402	1504192074	5000.0	0.001	0.00162	0.0001	1.114290	0.6136841831633674,0.37831993601279745,0.006752369526094781,0.0012433513297340532,1.5996800639872026e-07
414	40029821	5000.0	0.001	0.00162	0.0001	1.445519	0.14760863827234552,0.7577232153569287,0.09344179164167167,0.0012254349130173966,9.198160367926415e-07
409	1030995572	5000.0	0.001	0.00162	0.0001	1.065234	0.5272105178964207,0.4467363327334533,0.0258747050589882,0.00017844431113777243
399	3165099588	5000.0	0.001	0.00162	0.0001	2.610239	0.6068449910017997,0.3657740051989602,0.027318336332733454,6.006798640271945e-05,2.599480103979204e-06
418	265528992	5000.0	0.001	0.00162	0.0001	1.317107	0.342874225154969,0.5942602679464107,0.0626247950409918,0.00023923215356928614,1.4797040591881624e-06
419	957185699	5000.0	0.001	0.00162	0.0001	3.666649	0.5325928814237153,0.42207210557888425,0.04424595080983803,0.001086622675464907,2.439512097580484e-06
403	4208569933	5000.0	0.001	0.00162	0.0001	-0.022167	0.6161688862227555,0.35858624275144974,0.02522387522495501,2.0995800839832032e-05
406	2834134628	5000.0	0.001	0.00162	0.0001	4.134374	0.2750241951609678,0.6122362727454509,0.09050973805238952,0.018654109178164367,0.0035750449910017996,6.39872025594881e-07
422	2633887405	5000.0	0.001	0.00162	0.0001	1.304703	0.5033775644871026,0.4598622675464907,0.03578884223155369,0.0009712857428514297,3.9992001599680065e-08
423	1838550714	5000.0	0.001	0.00162	0.0001	6.721296	0.03845522895420916,0.21179580083983204,0.5152499100179964,0.23080283943211358,0.0036957008598280344,5.198960207958409e-07
424	579360448	5000.0	0.001	0.00162	0.0001	0.748528	0.5182778244351129,0.4565994801039792,0.02506870625874825,5.3989202159568085e-05
426	3838770885	5000.0	0.001	0.00162	0.0001	0.504511	0.8809120575884823,0.09378940211957608,0.021461827634473105,0.003822395520895821,1.4317136572685463e-05
412	2591129213	5000.0	0.001	0.00162	0.0001	5.525826	0.0743738452309538,0.24285302939412118,0.4986222355528894,0.17180435912817438,0.012330733853229353,1.5796840631873626e-05
428	240856787	5000.0	0.001	0.00162	0.0001	3.379645	0.37437044591081786,0.5963765646870626,0.028280463907218556,0.000957008598280344,1.5516896620675863e-05
416	4086986388	5000.0	0.001	0.00162	0.0001	1.184157	0.577996800639872,0.39871805638872226,0.021532213557288543,0.0017525294941011797,3.9992001599680065e-07
425	3203966657	5000.0	0.001	0.00162	0.0001	2.819993	0.3889372525494901,0.5478265146970606,0.06240727854429114,0.0008282343531293741,7.198560287942411e-07
427	1246385872	5000.0	0.001	0.00162	0.0001	1.647247	0.5313686462707459,0.4339134973005399,0.03403979204159168,0.0006778244351129774,2.399520095980804e-07
429	3683004117	5000.0	0.001	0.00162	0.0001	1.806770	0.3776649070185963,0.599270225954809,0.02276096780643871,0.00030221955608878223,1.6796640671865626e-06
430	2403200729	5000.0	0.001	0.00162	0.0001	0.266114	0.871902699460108,0.12694537092581484,0.0011508898220355928,1.0397920415916818e-06
431	1651062495	5000.0	0.001	0.00162	0.0001	1.160735	0.29874105178964205,0.5349956408718256,0.14971901619676065,0.01638116376724655,0.00015660867826434714,6.518696260747851e-06
421	3243521705	5000.0	0.001	0.00162	0.0001	3.155301	0.32204695060987804,0.31772109578084384,0.3498281943611278,0.01039364127174565,1.0117976404719055e-05
433	1858432736	5000.0	0.001	0.00162	0.0001	0.439024	0.9225956008798241,0.07688018396320735,0.0005228154369126175,1.3997200559888023e-06
417	803923604	5000.0	0.001	0.00162	0.0001	1.944777	0.04316512697460508,0.6549472905418916,0.292071025794841,0.00939392121575685,0.0004226354729054189
434	1957445348	5000.0	0.001	0.00162	0.0001	1.011967	0.2497119376124775,0.7359438112377524,0.0136374725054989,0.0007067786442711458
420	117849769	5000.0	0.001	0.00162	0.0001	2.467958	0.2714163967206559,0.6176656268746251,0.10948058388322336,0.001436752649470106,6.39872025594881e-07
437	2084579067	5000.0	0.001	0.00162	0.0001	2.113586	0.5367032593481303,0.417175724855029,0.04378636272745451,0.002334013197360528,6.39872025594881e-07
439	4100581125	5000.0	0.001	0.00162	0.0001	0.971382	0.7469306538692262,0.24152121575684862,0.011537092581483704,1.1037792441511698e-05
432	1096568543	5000.0	0.001	0.00162	0.0001	4.277663	0.07834317136572685,0.15076044791041793,0.7072632673465307,0.06314453109378125,0.0004869026194761048,1.6796640671865626e-06
443	1929309984	5000.0	0.001	0.00162	0.0001	2.687571	0.09319424115176965,0.43098128374325134,0.4513666466706659,0.023910937812437513,0.0005468506298740252,3.9992001599680065e-08
442	1295021836	5000.0	0.001	0.00162	0.0001	5.619924	0.05409254149170166,0.2986094781043791,0.4277535292941412,0.20477076584683063,0.01454497100579884,0.0002286742651469706,3.9992001599680065e-08
445	3391354667	5000.0	0.001	0.00162	0.0001	0.864035	0.5558559488102379,0.42229190161967606,0.021737612477504498,0.00011445710857828435,7.998400319936013e-08
446	2561978156	5000.0	0.001	0.00162	0.0001	0.953839	0.8307109378124375,0.1654875024995001,0.003778964207158568,2.2595480903819235e-05
435	3679094517	5000.0	0.001	0.00162	0.0001	6.341036	0.1393397720455909,0.47938416316736654,0.313826474705059,0.067200599880024,0.00023367326534693062,1.5316936612677465e-05
440	2014660358	5000.0	0.001	0.00162	0.0001	0.098859	0.004667146570685863,0.9151861627674465,0.07900723855228954,0.0011374525094981003,1.999600079984003e-06
447	4187488045	5000.0	0.001	0.00162	0.0001	1.393904	0.7092968206358728,0.2858850629874025,0.004796400719856029,2.1715656868626276e-05
438	1252652802	5000.0	0.001	0.00162	0.0001	2.283378	0.40013081383723254,0.5715052189562088,0.02826730653869226,9.666066786642671e-05
436	2696877815	5000.0	0.001	0.00162	0.0001	6.049522	0.17106646670665868,0.4464906218756249,0.35836424715056986,0.024052149570085984,2.651469706058788e-05
441	4278707977	5000.0	0.001	0.00162	0.0001	0.036246	0.9490826634673065,0.04831049790041991,0.0026066386722655467,1.9996000799840033e-07
449	1215254332	5000.0	0.001	0.00162	0.0001	6.052661	0.011863987202559488,0.1629148970205959,0.43851833633273346,0.3531663667266547,0.033419076184763044,0.00011733653269346131
450	2057727806	5000.0	0.001	0.00162	0.0001	0.699934	0.8584237552489502,0.13910925814837033,0.002465986802639472,9.998000399920016e-07
444	955608869	5000.0	0.001	0.00162	0.0001	2.418649	0.4986643471305739,0.48716780643871227,0.014147410517896421,2.0435912817436513e-05
452	1394288455	5000.0	0.001	0.00162	0.0001	8.635079	0.047599560087982405,0.3251128574285143,0.4721654069186163,0.13712677464507098,0.017966606678664267,2.8794241151769647e-05
454	3199586119	5000.0	0.001	0.00162	0.0001	5.201554	0.045139092181563686,0.5179472905418916,0.3893114577084583,0.0466876624675065,0.0009066586682663467,7.838432313537292e-06
448	4104089393	5000.0	0.001	0.00162	0.0001	1.270408	0.43945602879424117,0.49265802839432116,0.059214437112577484,0.008527174565086983,0.00014433113377324534
459	2817113938	5000.0	0.001	0.00162	0.0001	0.519569	0.5590088782243551,0.41392925414917014,0.026990721855628876,7.114577084583084e-05
458	3063631696	5000.0	0.001	0.00162	0.0001	1.598417	0.6219716056788642,0.3639410117976405,0.014035472905418915,5.1909618076384724e-05
460	458102613	5000.0	0.001	0.00162	0.0001	1.071881	0.2928390321935613,0.6578176364727054,0.046125894821035796,0.0031985602879424117,1.887622475504899e-05
462	4205123416	5000.0	0.001	0.00162	0.0001	3.201902	0.2219996400719856,0.6169965206958609,0.15860227954409117,0.0023956808638272344,5.878824235152969e-06
453	2210461512	5000.0	0.001	0.00162	0.0001	4.561328	0.22214121175764848,0.43674445110977805,0.24795576884623075,0.09115396920615877,0.0020041991601679665,3.9992001599680065e-07
464	2026448736	5000.0	0.001	0.00162	0.0001	2.008094	0.4014118376324735,0.48240139972005597,0.08695852829434113,0.027845070985802838,0.0013814037192561488,1.7596480703859228e-06
467	3441162098	5000.0	0.001	0.00162	0.0001	1.068082	0.5435935612877425,0.4252009598080384,0.030277864427114578,0.0009274545090981804,1.5996800639872026e-07
463	3098949469	5000.0	0.001	0.00162	0.0001	2.501170	0.474602399520096,0.4916606278744251,0.032376524695060985,0.001358488302339532,1.959608078384323e-06
465	3460347751	5000.0	0.001	0.00162	0.0001	1.788300	0.5742169566086782,0.4167502099580084,0.008981883623275344,5.09498100379924e-05
451	2419076934	5000.0	0.001	0.00162	0.0001	0.631872	0.47267938412317534,0.5057021395720855,0.021573445310937814,4.5030993801239755e-05
469	544845686	5000.0	0.001	0.00162	0.0001	1.571599	0.7775740851829634,0.21834145170965807,0.0040781043791241756,6.35872825434913e-06
457	428592972	5000.0	0.001	0.00162	0.0001	3.647765	0.01603031393721256,0.4905119376124775,0.4739608078384323,0.019376524695060987,0.00011909618076384724,1.319736052789442e-06
468	26140533	5000.0	0.001	0.00162	0.0001	1.285337	0.005135372925414917,0.7406742251549691,0.24974209158168367,0.004405318936212758,4.299140171965607e-05
455	3790141258	5000.0	0.001	0.00162	0.0001	0.009731	0.9603655668866227,0.03697072585482904,0.0026622275544891023,1.4797040591881624e-06
466	105963373	5000.0	0.001	0.00162	0.0001	2.071637	0.41089366126774646,0.42693229354129175,0.12935044991001798,0.03253937212557489,0.00026714657068586283,1.7076584683063386e-05
456	1402943303	5000.0	0.001	0.00162	0.0001	0.402971	0.3770375924815037,0.3535981203759248,0.2644112777444511,0.004940811837632474,1.219756048790242e-05
472	794204030	5000.0	0.001	0.00162	0.0001	0.188775	0.9615946410717856,0.03818180363927214,0.00022355528894221156
470	2686187383	5000.0	0.001	0.00162	0.0001	6.223968	0.02987734453109378,0.34702415516896623,0.4542038392321536,0.16651649670065988,0.0023736852629474103,4.479104179164167e-06
474	343162760	5000.0	0.001	0.00162	0.0001	0.709076	0.00017900419916016795,0.06318332333533293,0.590877624475105,0.277074425114977,0.06677784443111377,0.0019030193961207759,4.759048190361927e-06
478	3640311720	5000.0	0.001	0.00162	0.0001	6.565657	0.025071305738852228,0.1585975204959008,0.4322969806038792,0.3318673865226955,0.052063267346530696,0.00010353929214157169
479	628174761	5000.0	0.001	0.00162	0.0001	1.340898	0.3754253949210158,0.589450349930014,0.0344997400519896,0.0006245150969806039
461	4015062871	5000.0	0.001	0.00162	0.0001	3.968260	0.0301251349730054,0.0330125574885023,0.00036424715056988604,0.3628748650269946,0.5205240951809638,0.05232761447710458,0.0007711657668466307,3.199360127974405e-07
481	2585903022	5000.0	0.001	0.00162	0.0001	0.568603	0.4674291941611678,0.438126574685063,0.09257140571885623,0.001872625474905019,1.9996000799840033e-07
480	3730071468	5000.0	0.001	0.00162	0.0001	0.801068	0.010625594881023796,0.6750276344731054,0.3051029394121176,0.009202199560087982,4.1631673665266944e-05
473	818413439	5000.0	0.001	0.00162	0.0001	2.911523	0.41351437712457506,0.24946766646670665,0.2179504899020196,0.10869018196360727,0.010369086182763448,8.198360327934413e-06
484	803203008	5000.0	0.001	0.00162	0.0001	2.388171	0.32924175164967007,0.5868086382723455,0.08144791041791642,0.002493621275744851,8.078384323135373e-06
483	2602366902	5000.0	0.001	0.00162	0.0001	2.884291	0.34455856828634274,0.613476424715057,0.040941011797640474,0.0010167966406718655,7.198560287942412e-06
485	1660118980	5000.0	0.001	0.00162	0.0001	1.384624	0.3721365326934613,0.5054905818836233,0.11958252349530094,0.002788842231553689,1.5196960607878424e-06
486	1711286217	5000.0	0.001	0.00162	0.0001	2.234411	0.4918525094981004,0.248999800039992,0.2532570685862827,0.005859948010397921,3.0673865226954606e-05
475	100802440	5000.0	0.001	0.00162	0.0001	-1.541036	0.4126494701059788,0.1790634673065387,0.3948709858028394,0.0133749650069986,4.111177764447111e-05
476	2059474837	5000.0	0.001	0.00162	0.0001	0.046108	0.9111370925814837,0.08318348330333933,0.005621995600879824,5.742851429714057e-05
489	3927404519	5000.0	0.001	0.00162	0.0001	2.361606	0.5735076184763047,0.4075837232553489,0.0181626074785043,0.0007450509898020396,9.998000399920016e-07
471	1405202294	5000.0	0.001	0.00162	0.0001	0.830026	0.36569638072385524,0.5719817636472705,0.06202003599280144,0.0003018196360727854
482	3382114223	5000.0	0.001	0.00162	0.0001	4.742586	0.0746489102179564,0.2453111777644471,0.3317650469906019,0.3228610677864427,0.023339092181563686,0.002064747050589882,9.958008398320336e-06
477	778971029	5000.0	0.001	0.00162	0.0001	1.932703	0.7985580083983204,0.08017044591081783,0.11757056588682263,0.0036938212357528494,7.1585682863427314e-06
491	835706857	5000.0	0.001	0.00162	0.0001	2.581577	0.08962427514497101,0.7654121175764848,0.14335880823835234,0.0016039192161567686,8.798240351929614e-07
496	890163194	5000.0	0.001	0.00162	0.0001	2.303676	0.6184349130173965,0.366425074985003,0.015087942411517697,5.2069586082783446e-05
495	3121268727	5000.0	0.001	0.00162	0.0001	4.917982	0.09871105778844232,0.5274795440911818,0.34206746650669867,0.031449550089982,0.00029238152369526096
487	4170751948	5000.0	0.001	0.00162	0.0001	1.922858	0.29711069786042793,0.605749450109978,0.0905134173165367,0.006620915816836633,5.518896220755849e-06
493	1100333037	5000.0	0.001	0.00162	0.0001	2.575477	0.6385040591881623,0.3482135572885423,0.013157848430313937,0.00012453509298140372
488	2646921166	5000.0	0.001	0.00162	0.0001	1.227448	0.7033062187562488,0.27379772045590883,0.022845590881823634,5.046990601879624e-05
497	2169761789	5000.0	0.001	0.00162	0.0001	3.221662	0.3242980603879224,0.597313177364527,0.07633149370125974,0.0020479104179164168,9.358128374325134e-06
492	2004039659	5000.0	0.001	0.00162	0.0001	5.142858	0.05912681463707259,0.3399734453109378,0.4674223555288942,0.12613161367726455,0.007307778444311137,3.7992401519696064e-05
499	2254125055	5000.0	0.001	0.00162	0.0001	2.600207	0.25675628874225154,0.684003399320136,0.058884623075384925,0.0003554089182163567,2.7994401119776043e-07
490	4235640808	5000.0	0.001	0.00162	0.0001	0.437937	0.5378030393921216,0.43151917616476704,0.03026594681063787,0.00041171765646870625,1.199760047990402e-07
498	671522814	5000.0	0.001	0.00162	0.0001	0.316634	0.42590829834033195,0.4276470305938812,0.13333097380523895,0.012987282543491302,0.00012641471705658868
494	3588970480	5000.0	0.001	0.00162	0.0001	6.712181	0.059472785442911416,0.24676488702259547,0.49408102379524094,0.18867558488302338,0.010980683863227354,2.503499300139972e-05
